[2026-05-23T03:38:12.262+0000][0.003s][gc] Using G1
[2026-05-23T03:38:12.268+0000][0.009s][gc,init] Version: 17.0.19+10-LTS (release)
[2026-05-23T03:38:12.268+0000][0.009s][gc,init] CPUs: 4 total, 4 available
[2026-05-23T03:38:12.268+0000][0.009s][gc,init] Memory: 31461M
[2026-05-23T03:38:12.268+0000][0.009s][gc,init] Large Page Support: Disabled
[2026-05-23T03:38:12.268+0000][0.009s][gc,init] NUMA Support: Disabled
[2026-05-23T03:38:12.268+0000][0.009s][gc,init] Compressed Oops: Enabled (Zero based)
[2026-05-23T03:38:12.268+0000][0.009s][gc,init] Heap Region Size: 16M
[2026-05-23T03:38:12.268+0000][0.009s][gc,init] Heap Min Capacity: 4G
[2026-05-23T03:38:12.268+0000][0.009s][gc,init] Heap Initial Capacity: 4G
[2026-05-23T03:38:12.268+0000][0.009s][gc,init] Heap Max Capacity: 24G
[2026-05-23T03:38:12.268+0000][0.009s][gc,init] Pre-touch: Disabled
[2026-05-23T03:38:12.268+0000][0.009s][gc,init] Parallel Workers: 4
[2026-05-23T03:38:12.268+0000][0.009s][gc,init] Concurrent Workers: 1
[2026-05-23T03:38:12.268+0000][0.009s][gc,init] Concurrent Refinement Workers: 4
[2026-05-23T03:38:12.268+0000][0.009s][gc,init] Periodic GC: Disabled
[2026-05-23T03:38:12.276+0000][0.017s][gc,metaspace] CDS archive(s) mapped at: [0x00007f99e7000000-0x00007f99e7bca000-0x00007f99e7bca000), size 12361728, SharedBaseAddress: 0x00007f99e7000000, ArchiveRelocationMode: 1.
[2026-05-23T03:38:12.276+0000][0.017s][gc,metaspace] Compressed class space mapped at: 0x00007f99e8000000-0x00007f9a28000000, reserved size: 1073741824
[2026-05-23T03:38:12.276+0000][0.017s][gc,metaspace] Narrow klass base: 0x00007f99e7000000, Narrow klass shift: 0, Narrow klass range: 0x100000000
[2026-05-23T03:38:13.456+0000][1.197s][gc,start    ] GC(0) Pause Young (Normal) (G1 Evacuation Pause)
[2026-05-23T03:38:13.457+0000][1.198s][gc,task     ] GC(0) Using 4 workers of 4 for evacuation
[2026-05-23T03:38:13.480+0000][1.221s][gc,phases   ] GC(0)   Pre Evacuate Collection Set: 0.09ms
[2026-05-23T03:38:13.480+0000][1.222s][gc,phases   ] GC(0)   Merge Heap Roots: 0.27ms
[2026-05-23T03:38:13.480+0000][1.222s][gc,phases   ] GC(0)   Evacuate Collection Set: 22.74ms
[2026-05-23T03:38:13.480+0000][1.222s][gc,phases   ] GC(0)   Post Evacuate Collection Set: 0.54ms
[2026-05-23T03:38:13.480+0000][1.222s][gc,phases   ] GC(0)   Other: 0.41ms
[2026-05-23T03:38:13.480+0000][1.222s][gc,heap     ] GC(0) Eden regions: 12->0(10)
[2026-05-23T03:38:13.480+0000][1.222s][gc,heap     ] GC(0) Survivor regions: 0->2(2)
[2026-05-23T03:38:13.480+0000][1.222s][gc,heap     ] GC(0) Old regions: 0->0
[2026-05-23T03:38:13.480+0000][1.222s][gc,heap     ] GC(0) Archive regions: 2->2
[2026-05-23T03:38:13.480+0000][1.222s][gc,heap     ] GC(0) Humongous regions: 0->0
[2026-05-23T03:38:13.480+0000][1.222s][gc,metaspace] GC(0) Metaspace: 11673K(11904K)->11673K(11904K) NonClass: 10269K(10368K)->10269K(10368K) Class: 1403K(1536K)->1403K(1536K)
[2026-05-23T03:38:13.481+0000][1.222s][gc          ] GC(0) Pause Young (Normal) (G1 Evacuation Pause) 207M->47M(4128M) 24.123ms
[2026-05-23T03:38:13.481+0000][1.222s][gc,cpu      ] GC(0) User=0.07s Sys=0.02s Real=0.03s
[2026-05-23T03:38:13.756+0000][1.497s][gc,start    ] GC(1) Pause Young (Normal) (G1 Evacuation Pause)
[2026-05-23T03:38:13.756+0000][1.497s][gc,task     ] GC(1) Using 4 workers of 4 for evacuation
[2026-05-23T03:38:13.796+0000][1.537s][gc,phases   ] GC(1)   Pre Evacuate Collection Set: 0.08ms
[2026-05-23T03:38:13.796+0000][1.537s][gc,phases   ] GC(1)   Merge Heap Roots: 0.09ms
[2026-05-23T03:38:13.796+0000][1.537s][gc,phases   ] GC(1)   Evacuate Collection Set: 39.48ms
[2026-05-23T03:38:13.796+0000][1.537s][gc,phases   ] GC(1)   Post Evacuate Collection Set: 0.35ms
[2026-05-23T03:38:13.796+0000][1.537s][gc,phases   ] GC(1)   Other: 0.09ms
[2026-05-23T03:38:13.796+0000][1.537s][gc,heap     ] GC(1) Eden regions: 10->0(10)
[2026-05-23T03:38:13.796+0000][1.537s][gc,heap     ] GC(1) Survivor regions: 2->2(2)
[2026-05-23T03:38:13.796+0000][1.537s][gc,heap     ] GC(1) Old regions: 0->2
[2026-05-23T03:38:13.796+0000][1.537s][gc,heap     ] GC(1) Archive regions: 2->2
[2026-05-23T03:38:13.796+0000][1.537s][gc,heap     ] GC(1) Humongous regions: 0->0
[2026-05-23T03:38:13.796+0000][1.537s][gc,metaspace] GC(1) Metaspace: 11684K(11904K)->11684K(11904K) NonClass: 10280K(10368K)->10280K(10368K) Class: 1403K(1536K)->1403K(1536K)
[2026-05-23T03:38:13.796+0000][1.537s][gc          ] GC(1) Pause Young (Normal) (G1 Evacuation Pause) 207M->75M(4128M) 40.179ms
[2026-05-23T03:38:13.796+0000][1.537s][gc,cpu      ] GC(1) User=0.13s Sys=0.02s Real=0.04s
[2026-05-23T03:38:14.062+0000][1.803s][gc,start    ] GC(2) Pause Young (Normal) (G1 Evacuation Pause)
[2026-05-23T03:38:14.062+0000][1.803s][gc,task     ] GC(2) Using 4 workers of 4 for evacuation
[2026-05-23T03:38:14.095+0000][1.836s][gc,phases   ] GC(2)   Pre Evacuate Collection Set: 0.08ms
[2026-05-23T03:38:14.095+0000][1.836s][gc,phases   ] GC(2)   Merge Heap Roots: 0.10ms
[2026-05-23T03:38:14.095+0000][1.836s][gc,phases   ] GC(2)   Evacuate Collection Set: 32.85ms
[2026-05-23T03:38:14.095+0000][1.836s][gc,phases   ] GC(2)   Post Evacuate Collection Set: 0.23ms
[2026-05-23T03:38:14.095+0000][1.836s][gc,phases   ] GC(2)   Other: 0.10ms
[2026-05-23T03:38:14.095+0000][1.837s][gc,heap     ] GC(2) Eden regions: 10->0(10)
[2026-05-23T03:38:14.095+0000][1.837s][gc,heap     ] GC(2) Survivor regions: 2->2(2)
[2026-05-23T03:38:14.095+0000][1.837s][gc,heap     ] GC(2) Old regions: 2->4
[2026-05-23T03:38:14.095+0000][1.837s][gc,heap     ] GC(2) Archive regions: 2->2
[2026-05-23T03:38:14.095+0000][1.837s][gc,heap     ] GC(2) Humongous regions: 0->0
[2026-05-23T03:38:14.095+0000][1.837s][gc,metaspace] GC(2) Metaspace: 11687K(11904K)->11687K(11904K) NonClass: 10283K(10368K)->10283K(10368K) Class: 1404K(1536K)->1404K(1536K)
[2026-05-23T03:38:14.095+0000][1.837s][gc          ] GC(2) Pause Young (Normal) (G1 Evacuation Pause) 235M->103M(4128M) 33.437ms
[2026-05-23T03:38:14.095+0000][1.837s][gc,cpu      ] GC(2) User=0.12s Sys=0.01s Real=0.03s
[2026-05-23T03:38:14.354+0000][2.095s][gc,start    ] GC(3) Pause Young (Normal) (G1 Evacuation Pause)
[2026-05-23T03:38:14.354+0000][2.095s][gc,task     ] GC(3) Using 4 workers of 4 for evacuation
[2026-05-23T03:38:14.387+0000][2.128s][gc,phases   ] GC(3)   Pre Evacuate Collection Set: 0.08ms
[2026-05-23T03:38:14.387+0000][2.128s][gc,phases   ] GC(3)   Merge Heap Roots: 0.09ms
[2026-05-23T03:38:14.387+0000][2.128s][gc,phases   ] GC(3)   Evacuate Collection Set: 32.13ms
[2026-05-23T03:38:14.387+0000][2.128s][gc,phases   ] GC(3)   Post Evacuate Collection Set: 0.23ms
[2026-05-23T03:38:14.387+0000][2.128s][gc,phases   ] GC(3)   Other: 0.44ms
[2026-05-23T03:38:14.387+0000][2.128s][gc,heap     ] GC(3) Eden regions: 10->0(10)
[2026-05-23T03:38:14.387+0000][2.128s][gc,heap     ] GC(3) Survivor regions: 2->2(2)
[2026-05-23T03:38:14.387+0000][2.128s][gc,heap     ] GC(3) Old regions: 4->6
[2026-05-23T03:38:14.387+0000][2.128s][gc,heap     ] GC(3) Archive regions: 2->2
[2026-05-23T03:38:14.387+0000][2.128s][gc,heap     ] GC(3) Humongous regions: 0->0
[2026-05-23T03:38:14.387+0000][2.128s][gc,metaspace] GC(3) Metaspace: 11687K(11904K)->11687K(11904K) NonClass: 10283K(10368K)->10283K(10368K) Class: 1404K(1536K)->1404K(1536K)
[2026-05-23T03:38:14.387+0000][2.128s][gc          ] GC(3) Pause Young (Normal) (G1 Evacuation Pause) 263M->132M(4128M) 33.065ms
[2026-05-23T03:38:14.387+0000][2.128s][gc,cpu      ] GC(3) User=0.12s Sys=0.01s Real=0.03s
[2026-05-23T03:38:14.648+0000][2.389s][gc,start    ] GC(4) Pause Young (Normal) (G1 Evacuation Pause)
[2026-05-23T03:38:14.648+0000][2.389s][gc,task     ] GC(4) Using 4 workers of 4 for evacuation
[2026-05-23T03:38:14.681+0000][2.422s][gc,phases   ] GC(4)   Pre Evacuate Collection Set: 0.08ms
[2026-05-23T03:38:14.681+0000][2.422s][gc,phases   ] GC(4)   Merge Heap Roots: 0.10ms
[2026-05-23T03:38:14.681+0000][2.422s][gc,phases   ] GC(4)   Evacuate Collection Set: 32.04ms
[2026-05-23T03:38:14.681+0000][2.422s][gc,phases   ] GC(4)   Post Evacuate Collection Set: 0.24ms
[2026-05-23T03:38:14.681+0000][2.422s][gc,phases   ] GC(4)   Other: 0.08ms
[2026-05-23T03:38:14.681+0000][2.422s][gc,heap     ] GC(4) Eden regions: 10->0(10)
[2026-05-23T03:38:14.681+0000][2.422s][gc,heap     ] GC(4) Survivor regions: 2->2(2)
[2026-05-23T03:38:14.681+0000][2.422s][gc,heap     ] GC(4) Old regions: 6->8
[2026-05-23T03:38:14.681+0000][2.422s][gc,heap     ] GC(4) Archive regions: 2->2
[2026-05-23T03:38:14.681+0000][2.422s][gc,heap     ] GC(4) Humongous regions: 0->0
[2026-05-23T03:38:14.681+0000][2.422s][gc,metaspace] GC(4) Metaspace: 11687K(11904K)->11687K(11904K) NonClass: 10283K(10368K)->10283K(10368K) Class: 1404K(1536K)->1404K(1536K)
[2026-05-23T03:38:14.681+0000][2.422s][gc          ] GC(4) Pause Young (Normal) (G1 Evacuation Pause) 292M->161M(4128M) 32.625ms
[2026-05-23T03:38:14.681+0000][2.422s][gc,cpu      ] GC(4) User=0.12s Sys=0.01s Real=0.04s
[2026-05-23T03:38:14.939+0000][2.680s][gc,start    ] GC(5) Pause Young (Normal) (G1 Evacuation Pause)
[2026-05-23T03:38:14.939+0000][2.680s][gc,task     ] GC(5) Using 4 workers of 4 for evacuation
[2026-05-23T03:38:14.978+0000][2.719s][gc,phases   ] GC(5)   Pre Evacuate Collection Set: 0.08ms
[2026-05-23T03:38:14.978+0000][2.719s][gc,phases   ] GC(5)   Merge Heap Roots: 0.10ms
[2026-05-23T03:38:14.978+0000][2.719s][gc,phases   ] GC(5)   Evacuate Collection Set: 32.97ms
[2026-05-23T03:38:14.978+0000][2.719s][gc,phases   ] GC(5)   Post Evacuate Collection Set: 5.35ms
[2026-05-23T03:38:14.978+0000][2.719s][gc,phases   ] GC(5)   Other: 0.44ms
[2026-05-23T03:38:14.978+0000][2.719s][gc,heap     ] GC(5) Eden regions: 10->0(23)
[2026-05-23T03:38:14.978+0000][2.719s][gc,heap     ] GC(5) Survivor regions: 2->2(2)
[2026-05-23T03:38:14.978+0000][2.719s][gc,heap     ] GC(5) Old regions: 8->10
[2026-05-23T03:38:14.978+0000][2.719s][gc,heap     ] GC(5) Archive regions: 2->2
[2026-05-23T03:38:14.978+0000][2.719s][gc,heap     ] GC(5) Humongous regions: 0->0
[2026-05-23T03:38:14.978+0000][2.719s][gc,metaspace] GC(5) Metaspace: 11687K(11904K)->11687K(11904K) NonClass: 10283K(10368K)->10283K(10368K) Class: 1404K(1536K)->1404K(1536K)
[2026-05-23T03:38:14.978+0000][2.719s][gc          ] GC(5) Pause Young (Normal) (G1 Evacuation Pause) 321M->192M(8224M) 39.025ms
[2026-05-23T03:38:14.978+0000][2.719s][gc,cpu      ] GC(5) User=0.13s Sys=0.01s Real=0.03s
[2026-05-23T03:38:15.642+0000][3.383s][gc,start    ] GC(6) Pause Young (Normal) (G1 Evacuation Pause)
[2026-05-23T03:38:15.642+0000][3.383s][gc,task     ] GC(6) Using 4 workers of 4 for evacuation
[2026-05-23T03:38:15.701+0000][3.442s][gc,phases   ] GC(6)   Pre Evacuate Collection Set: 0.12ms
[2026-05-23T03:38:15.701+0000][3.442s][gc,phases   ] GC(6)   Merge Heap Roots: 0.10ms
[2026-05-23T03:38:15.701+0000][3.442s][gc,phases   ] GC(6)   Evacuate Collection Set: 57.97ms
[2026-05-23T03:38:15.701+0000][3.442s][gc,phases   ] GC(6)   Post Evacuate Collection Set: 0.33ms
[2026-05-23T03:38:15.701+0000][3.442s][gc,phases   ] GC(6)   Other: 0.14ms
[2026-05-23T03:38:15.701+0000][3.442s][gc,heap     ] GC(6) Eden regions: 23->0(21)
[2026-05-23T03:38:15.701+0000][3.442s][gc,heap     ] GC(6) Survivor regions: 2->4(4)
[2026-05-23T03:38:15.701+0000][3.442s][gc,heap     ] GC(6) Old regions: 10->11
[2026-05-23T03:38:15.701+0000][3.442s][gc,heap     ] GC(6) Archive regions: 2->2
[2026-05-23T03:38:15.701+0000][3.442s][gc,heap     ] GC(6) Humongous regions: 0->0
[2026-05-23T03:38:15.701+0000][3.442s][gc,metaspace] GC(6) Metaspace: 11687K(11904K)->11687K(11904K) NonClass: 10283K(10368K)->10283K(10368K) Class: 1404K(1536K)->1404K(1536K)
[2026-05-23T03:38:15.701+0000][3.442s][gc          ] GC(6) Pause Young (Normal) (G1 Evacuation Pause) 560M->251M(8224M) 58.762ms
[2026-05-23T03:38:15.701+0000][3.442s][gc,cpu      ] GC(6) User=0.21s Sys=0.02s Real=0.06s
[2026-05-23T03:38:16.243+0000][3.984s][gc,start    ] GC(7) Pause Young (Normal) (G1 Evacuation Pause)
[2026-05-23T03:38:16.243+0000][3.984s][gc,task     ] GC(7) Using 4 workers of 4 for evacuation
[2026-05-23T03:38:16.319+0000][4.060s][gc,phases   ] GC(7)   Pre Evacuate Collection Set: 0.11ms
[2026-05-23T03:38:16.319+0000][4.060s][gc,phases   ] GC(7)   Merge Heap Roots: 0.10ms
[2026-05-23T03:38:16.319+0000][4.060s][gc,phases   ] GC(7)   Evacuate Collection Set: 75.09ms
[2026-05-23T03:38:16.319+0000][4.060s][gc,phases   ] GC(7)   Post Evacuate Collection Set: 0.32ms
[2026-05-23T03:38:16.319+0000][4.060s][gc,phases   ] GC(7)   Other: 0.12ms
[2026-05-23T03:38:16.319+0000][4.060s][gc,heap     ] GC(7) Eden regions: 21->0(21)
[2026-05-23T03:38:16.319+0000][4.060s][gc,heap     ] GC(7) Survivor regions: 4->4(4)
[2026-05-23T03:38:16.319+0000][4.060s][gc,heap     ] GC(7) Old regions: 11->15
[2026-05-23T03:38:16.319+0000][4.060s][gc,heap     ] GC(7) Archive regions: 2->2
[2026-05-23T03:38:16.319+0000][4.060s][gc,heap     ] GC(7) Humongous regions: 0->0
[2026-05-23T03:38:16.319+0000][4.060s][gc,metaspace] GC(7) Metaspace: 11687K(11904K)->11687K(11904K) NonClass: 10283K(10368K)->10283K(10368K) Class: 1404K(1536K)->1404K(1536K)
[2026-05-23T03:38:16.319+0000][4.060s][gc          ] GC(7) Pause Young (Normal) (G1 Evacuation Pause) 587M->316M(8224M) 75.820ms
[2026-05-23T03:38:16.319+0000][4.060s][gc,cpu      ] GC(7) User=0.27s Sys=0.03s Real=0.08s
[2026-05-23T03:38:16.864+0000][4.606s][gc,start    ] GC(8) Pause Young (Normal) (G1 Evacuation Pause)
[2026-05-23T03:38:16.865+0000][4.606s][gc,task     ] GC(8) Using 4 workers of 4 for evacuation
[2026-05-23T03:38:16.933+0000][4.674s][gc,phases   ] GC(8)   Pre Evacuate Collection Set: 0.10ms
[2026-05-23T03:38:16.933+0000][4.674s][gc,phases   ] GC(8)   Merge Heap Roots: 0.09ms
[2026-05-23T03:38:16.933+0000][4.674s][gc,phases   ] GC(8)   Evacuate Collection Set: 67.42ms
[2026-05-23T03:38:16.933+0000][4.674s][gc,phases   ] GC(8)   Post Evacuate Collection Set: 0.29ms
[2026-05-23T03:38:16.933+0000][4.674s][gc,phases   ] GC(8)   Other: 0.53ms
[2026-05-23T03:38:16.933+0000][4.674s][gc,heap     ] GC(8) Eden regions: 21->0(21)
[2026-05-23T03:38:16.933+0000][4.674s][gc,heap     ] GC(8) Survivor regions: 4->4(4)
[2026-05-23T03:38:16.933+0000][4.674s][gc,heap     ] GC(8) Old regions: 15->19
[2026-05-23T03:38:16.933+0000][4.674s][gc,heap     ] GC(8) Archive regions: 2->2
[2026-05-23T03:38:16.933+0000][4.674s][gc,heap     ] GC(8) Humongous regions: 0->0
[2026-05-23T03:38:16.933+0000][4.674s][gc,metaspace] GC(8) Metaspace: 11687K(11904K)->11687K(11904K) NonClass: 10283K(10368K)->10283K(10368K) Class: 1404K(1536K)->1404K(1536K)
[2026-05-23T03:38:16.933+0000][4.674s][gc          ] GC(8) Pause Young (Normal) (G1 Evacuation Pause) 652M->378M(8224M) 68.512ms
[2026-05-23T03:38:16.933+0000][4.674s][gc,cpu      ] GC(8) User=0.26s Sys=0.01s Real=0.07s
[2026-05-23T03:38:17.475+0000][5.216s][gc,start    ] GC(9) Pause Young (Normal) (G1 Evacuation Pause)
[2026-05-23T03:38:17.475+0000][5.216s][gc,task     ] GC(9) Using 4 workers of 4 for evacuation
[2026-05-23T03:38:17.548+0000][5.289s][gc,phases   ] GC(9)   Pre Evacuate Collection Set: 0.12ms
[2026-05-23T03:38:17.548+0000][5.289s][gc,phases   ] GC(9)   Merge Heap Roots: 0.10ms
[2026-05-23T03:38:17.548+0000][5.289s][gc,phases   ] GC(9)   Evacuate Collection Set: 68.46ms
[2026-05-23T03:38:17.548+0000][5.289s][gc,phases   ] GC(9)   Post Evacuate Collection Set: 3.88ms
[2026-05-23T03:38:17.548+0000][5.289s][gc,phases   ] GC(9)   Other: 0.46ms
[2026-05-23T03:38:17.548+0000][5.289s][gc,heap     ] GC(9) Eden regions: 21->0(29)
[2026-05-23T03:38:17.548+0000][5.289s][gc,heap     ] GC(9) Survivor regions: 4->4(4)
[2026-05-23T03:38:17.548+0000][5.289s][gc,heap     ] GC(9) Old regions: 19->23
[2026-05-23T03:38:17.548+0000][5.289s][gc,heap     ] GC(9) Archive regions: 2->2
[2026-05-23T03:38:17.548+0000][5.289s][gc,heap     ] GC(9) Humongous regions: 0->0
[2026-05-23T03:38:17.548+0000][5.289s][gc,metaspace] GC(9) Metaspace: 11687K(11904K)->11687K(11904K) NonClass: 10283K(10368K)->10283K(10368K) Class: 1404K(1536K)->1404K(1536K)
[2026-05-23T03:38:17.548+0000][5.289s][gc          ] GC(9) Pause Young (Normal) (G1 Evacuation Pause) 714M->434M(10784M) 73.100ms
[2026-05-23T03:38:17.548+0000][5.289s][gc,cpu      ] GC(9) User=0.26s Sys=0.01s Real=0.07s
[2026-05-23T03:38:18.385+0000][6.126s][gc,start    ] GC(10) Pause Young (Normal) (G1 Evacuation Pause)
[2026-05-23T03:38:18.385+0000][6.126s][gc,task     ] GC(10) Using 4 workers of 4 for evacuation
[2026-05-23T03:38:18.472+0000][6.214s][gc,phases   ] GC(10)   Pre Evacuate Collection Set: 0.12ms
[2026-05-23T03:38:18.473+0000][6.214s][gc,phases   ] GC(10)   Merge Heap Roots: 0.11ms
[2026-05-23T03:38:18.473+0000][6.214s][gc,phases   ] GC(10)   Evacuate Collection Set: 86.16ms
[2026-05-23T03:38:18.473+0000][6.214s][gc,phases   ] GC(10)   Post Evacuate Collection Set: 0.36ms
[2026-05-23T03:38:18.473+0000][6.214s][gc,phases   ] GC(10)   Other: 0.49ms
[2026-05-23T03:38:18.473+0000][6.214s][gc,heap     ] GC(10) Eden regions: 29->0(28)
[2026-05-23T03:38:18.473+0000][6.214s][gc,heap     ] GC(10) Survivor regions: 4->5(5)
[2026-05-23T03:38:18.473+0000][6.214s][gc,heap     ] GC(10) Old regions: 23->27
[2026-05-23T03:38:18.473+0000][6.214s][gc,heap     ] GC(10) Archive regions: 2->2
[2026-05-23T03:38:18.473+0000][6.214s][gc,heap     ] GC(10) Humongous regions: 0->0
[2026-05-23T03:38:18.473+0000][6.214s][gc,metaspace] GC(10) Metaspace: 11687K(11904K)->11687K(11904K) NonClass: 10283K(10368K)->10283K(10368K) Class: 1404K(1536K)->1404K(1536K)
[2026-05-23T03:38:18.473+0000][6.214s][gc          ] GC(10) Pause Young (Normal) (G1 Evacuation Pause) 898M->517M(10784M) 87.336ms
[2026-05-23T03:38:18.473+0000][6.214s][gc,cpu      ] GC(10) User=0.32s Sys=0.03s Real=0.09s
[2026-05-23T03:38:19.194+0000][6.935s][gc,start    ] GC(11) Pause Young (Normal) (G1 Evacuation Pause)
[2026-05-23T03:38:19.194+0000][6.935s][gc,task     ] GC(11) Using 4 workers of 4 for evacuation
[2026-05-23T03:38:19.291+0000][7.032s][gc,phases   ] GC(11)   Pre Evacuate Collection Set: 0.10ms
[2026-05-23T03:38:19.291+0000][7.032s][gc,phases   ] GC(11)   Merge Heap Roots: 0.11ms
[2026-05-23T03:38:19.291+0000][7.032s][gc,phases   ] GC(11)   Evacuate Collection Set: 96.40ms
[2026-05-23T03:38:19.291+0000][7.032s][gc,phases   ] GC(11)   Post Evacuate Collection Set: 0.35ms
[2026-05-23T03:38:19.291+0000][7.033s][gc,phases   ] GC(11)   Other: 0.49ms
[2026-05-23T03:38:19.291+0000][7.033s][gc,heap     ] GC(11) Eden regions: 28->0(28)
[2026-05-23T03:38:19.291+0000][7.033s][gc,heap     ] GC(11) Survivor regions: 5->5(5)
[2026-05-23T03:38:19.291+0000][7.033s][gc,heap     ] GC(11) Old regions: 27->32
[2026-05-23T03:38:19.291+0000][7.033s][gc,heap     ] GC(11) Archive regions: 2->2
[2026-05-23T03:38:19.291+0000][7.033s][gc,heap     ] GC(11) Humongous regions: 0->0
[2026-05-23T03:38:19.291+0000][7.033s][gc,metaspace] GC(11) Metaspace: 11687K(11904K)->11687K(11904K) NonClass: 10283K(10368K)->10283K(10368K) Class: 1404K(1536K)->1404K(1536K)
[2026-05-23T03:38:19.291+0000][7.033s][gc          ] GC(11) Pause Young (Normal) (G1 Evacuation Pause) 965M->600M(10784M) 97.542ms
[2026-05-23T03:38:19.291+0000][7.033s][gc,cpu      ] GC(11) User=0.35s Sys=0.03s Real=0.10s
[2026-05-23T03:38:20.019+0000][7.760s][gc,start    ] GC(12) Pause Young (Normal) (G1 Evacuation Pause)
[2026-05-23T03:38:20.019+0000][7.760s][gc,task     ] GC(12) Using 4 workers of 4 for evacuation
[2026-05-23T03:38:20.110+0000][7.851s][gc,phases   ] GC(12)   Pre Evacuate Collection Set: 0.10ms
[2026-05-23T03:38:20.110+0000][7.851s][gc,phases   ] GC(12)   Merge Heap Roots: 0.09ms
[2026-05-23T03:38:20.110+0000][7.851s][gc,phases   ] GC(12)   Evacuate Collection Set: 90.14ms
[2026-05-23T03:38:20.110+0000][7.851s][gc,phases   ] GC(12)   Post Evacuate Collection Set: 0.36ms
[2026-05-23T03:38:20.110+0000][7.851s][gc,phases   ] GC(12)   Other: 0.50ms
[2026-05-23T03:38:20.110+0000][7.851s][gc,heap     ] GC(12) Eden regions: 28->0(28)
[2026-05-23T03:38:20.110+0000][7.851s][gc,heap     ] GC(12) Survivor regions: 5->5(5)
[2026-05-23T03:38:20.110+0000][7.851s][gc,heap     ] GC(12) Old regions: 32->37
[2026-05-23T03:38:20.110+0000][7.851s][gc,heap     ] GC(12) Archive regions: 2->2
[2026-05-23T03:38:20.110+0000][7.851s][gc,heap     ] GC(12) Humongous regions: 0->0
[2026-05-23T03:38:20.110+0000][7.851s][gc,metaspace] GC(12) Metaspace: 11687K(11904K)->11687K(11904K) NonClass: 10283K(10368K)->10283K(10368K) Class: 1404K(1536K)->1404K(1536K)
[2026-05-23T03:38:20.110+0000][7.851s][gc          ] GC(12) Pause Young (Normal) (G1 Evacuation Pause) 1048M->683M(10784M) 91.272ms
[2026-05-23T03:38:20.110+0000][7.851s][gc,cpu      ] GC(12) User=0.35s Sys=0.01s Real=0.09s
[2026-05-23T03:38:20.838+0000][8.580s][gc,start    ] GC(13) Pause Young (Normal) (G1 Evacuation Pause)
[2026-05-23T03:38:20.839+0000][8.580s][gc,task     ] GC(13) Using 4 workers of 4 for evacuation
[2026-05-23T03:38:20.930+0000][8.671s][gc,phases   ] GC(13)   Pre Evacuate Collection Set: 0.11ms
[2026-05-23T03:38:20.930+0000][8.671s][gc,phases   ] GC(13)   Merge Heap Roots: 0.10ms
[2026-05-23T03:38:20.930+0000][8.671s][gc,phases   ] GC(13)   Evacuate Collection Set: 87.85ms
[2026-05-23T03:38:20.930+0000][8.671s][gc,phases   ] GC(13)   Post Evacuate Collection Set: 2.71ms
[2026-05-23T03:38:20.930+0000][8.671s][gc,phases   ] GC(13)   Other: 0.51ms
[2026-05-23T03:38:20.930+0000][8.671s][gc,heap     ] GC(13) Eden regions: 28->0(33)
[2026-05-23T03:38:20.930+0000][8.671s][gc,heap     ] GC(13) Survivor regions: 5->5(5)
[2026-05-23T03:38:20.930+0000][8.671s][gc,heap     ] GC(13) Old regions: 37->42
[2026-05-23T03:38:20.930+0000][8.671s][gc,heap     ] GC(13) Archive regions: 2->2
[2026-05-23T03:38:20.930+0000][8.671s][gc,heap     ] GC(13) Humongous regions: 0->0
[2026-05-23T03:38:20.930+0000][8.671s][gc,metaspace] GC(13) Metaspace: 11687K(11904K)->11687K(11904K) NonClass: 10283K(10368K)->10283K(10368K) Class: 1404K(1536K)->1404K(1536K)
[2026-05-23T03:38:20.930+0000][8.671s][gc          ] GC(13) Pause Young (Normal) (G1 Evacuation Pause) 1131M->764M(12336M) 91.360ms
[2026-05-23T03:38:20.930+0000][8.671s][gc,cpu      ] GC(13) User=0.33s Sys=0.02s Real=0.10s
[2026-05-23T03:38:21.873+0000][9.614s][gc,start    ] GC(14) Pause Young (Normal) (G1 Evacuation Pause)
[2026-05-23T03:38:21.873+0000][9.614s][gc,task     ] GC(14) Using 4 workers of 4 for evacuation
[2026-05-23T03:38:21.979+0000][9.720s][gc,phases   ] GC(14)   Pre Evacuate Collection Set: 0.14ms
[2026-05-23T03:38:21.979+0000][9.720s][gc,phases   ] GC(14)   Merge Heap Roots: 0.11ms
[2026-05-23T03:38:21.979+0000][9.720s][gc,phases   ] GC(14)   Evacuate Collection Set: 105.49ms
[2026-05-23T03:38:21.979+0000][9.720s][gc,phases   ] GC(14)   Post Evacuate Collection Set: 0.35ms
[2026-05-23T03:38:21.979+0000][9.720s][gc,phases   ] GC(14)   Other: 0.49ms
[2026-05-23T03:38:21.979+0000][9.720s][gc,heap     ] GC(14) Eden regions: 33->0(33)
[2026-05-23T03:38:21.979+0000][9.721s][gc,heap     ] GC(14) Survivor regions: 5->5(5)
[2026-05-23T03:38:21.979+0000][9.721s][gc,heap     ] GC(14) Old regions: 42->48
[2026-05-23T03:38:21.979+0000][9.721s][gc,heap     ] GC(14) Archive regions: 2->2
[2026-05-23T03:38:21.979+0000][9.721s][gc,heap     ] GC(14) Humongous regions: 0->0
[2026-05-23T03:38:21.979+0000][9.721s][gc,metaspace] GC(14) Metaspace: 11687K(11904K)->11687K(11904K) NonClass: 10283K(10368K)->10283K(10368K) Class: 1404K(1536K)->1404K(1536K)
[2026-05-23T03:38:21.979+0000][9.721s][gc          ] GC(14) Pause Young (Normal) (G1 Evacuation Pause) 1292M->858M(12336M) 106.654ms
[2026-05-23T03:38:21.979+0000][9.721s][gc,cpu      ] GC(14) User=0.38s Sys=0.04s Real=0.11s
[2026-05-23T03:38:22.836+0000][10.577s][gc,start    ] GC(15) Pause Young (Normal) (G1 Evacuation Pause)
[2026-05-23T03:38:22.836+0000][10.577s][gc,task     ] GC(15) Using 4 workers of 4 for evacuation
[2026-05-23T03:38:22.943+0000][10.684s][gc,phases   ] GC(15)   Pre Evacuate Collection Set: 0.11ms
[2026-05-23T03:38:22.943+0000][10.684s][gc,phases   ] GC(15)   Merge Heap Roots: 0.10ms
[2026-05-23T03:38:22.943+0000][10.684s][gc,phases   ] GC(15)   Evacuate Collection Set: 106.25ms
[2026-05-23T03:38:22.943+0000][10.684s][gc,phases   ] GC(15)   Post Evacuate Collection Set: 0.36ms
[2026-05-23T03:38:22.943+0000][10.684s][gc,phases   ] GC(15)   Other: 0.46ms
[2026-05-23T03:38:22.943+0000][10.684s][gc,heap     ] GC(15) Eden regions: 33->0(33)
[2026-05-23T03:38:22.943+0000][10.684s][gc,heap     ] GC(15) Survivor regions: 5->5(5)
[2026-05-23T03:38:22.943+0000][10.684s][gc,heap     ] GC(15) Old regions: 48->54
[2026-05-23T03:38:22.943+0000][10.684s][gc,heap     ] GC(15) Archive regions: 2->2
[2026-05-23T03:38:22.943+0000][10.684s][gc,heap     ] GC(15) Humongous regions: 0->0
[2026-05-23T03:38:22.943+0000][10.684s][gc,metaspace] GC(15) Metaspace: 11687K(11904K)->11687K(11904K) NonClass: 10283K(10368K)->10283K(10368K) Class: 1404K(1536K)->1404K(1536K)
[2026-05-23T03:38:22.943+0000][10.684s][gc          ] GC(15) Pause Young (Normal) (G1 Evacuation Pause) 1386M->956M(12336M) 107.390ms
[2026-05-23T03:38:22.943+0000][10.685s][gc,cpu      ] GC(15) User=0.39s Sys=0.03s Real=0.11s
[2026-05-23T03:38:23.798+0000][11.539s][gc,start    ] GC(16) Pause Young (Normal) (G1 Evacuation Pause)
[2026-05-23T03:38:23.798+0000][11.539s][gc,task     ] GC(16) Using 4 workers of 4 for evacuation
[2026-05-23T03:38:23.899+0000][11.640s][gc,phases   ] GC(16)   Pre Evacuate Collection Set: 0.12ms
[2026-05-23T03:38:23.899+0000][11.640s][gc,phases   ] GC(16)   Merge Heap Roots: 0.10ms
[2026-05-23T03:38:23.899+0000][11.640s][gc,phases   ] GC(16)   Evacuate Collection Set: 99.95ms
[2026-05-23T03:38:23.899+0000][11.640s][gc,phases   ] GC(16)   Post Evacuate Collection Set: 0.34ms
[2026-05-23T03:38:23.899+0000][11.640s][gc,phases   ] GC(16)   Other: 0.49ms
[2026-05-23T03:38:23.899+0000][11.640s][gc,heap     ] GC(16) Eden regions: 33->0(37)
[2026-05-23T03:38:23.899+0000][11.640s][gc,heap     ] GC(16) Survivor regions: 5->5(5)
[2026-05-23T03:38:23.899+0000][11.640s][gc,heap     ] GC(16) Old regions: 54->60
[2026-05-23T03:38:23.899+0000][11.640s][gc,heap     ] GC(16) Archive regions: 2->2
[2026-05-23T03:38:23.899+0000][11.640s][gc,heap     ] GC(16) Humongous regions: 0->0
[2026-05-23T03:38:23.899+0000][11.640s][gc,metaspace] GC(16) Metaspace: 11687K(11904K)->11687K(11904K) NonClass: 10283K(10368K)->10283K(10368K) Class: 1404K(1536K)->1404K(1536K)
[2026-05-23T03:38:23.899+0000][11.640s][gc          ] GC(16) Pause Young (Normal) (G1 Evacuation Pause) 1484M->1051M(12336M) 101.092ms
[2026-05-23T03:38:23.899+0000][11.640s][gc,cpu      ] GC(16) User=0.38s Sys=0.01s Real=0.11s
[2026-05-23T03:38:25.115+0000][12.856s][gc,start    ] GC(17) Pause Young (Concurrent Start) (Metadata GC Threshold)
[2026-05-23T03:38:25.115+0000][12.856s][gc,task     ] GC(17) Using 4 workers of 4 for evacuation
[2026-05-23T03:38:25.314+0000][13.055s][gc,phases   ] GC(17)   Pre Evacuate Collection Set: 0.13ms
[2026-05-23T03:38:25.314+0000][13.055s][gc,phases   ] GC(17)   Merge Heap Roots: 0.10ms
[2026-05-23T03:38:25.314+0000][13.055s][gc,phases   ] GC(17)   Evacuate Collection Set: 195.80ms
[2026-05-23T03:38:25.314+0000][13.055s][gc,phases   ] GC(17)   Post Evacuate Collection Set: 2.40ms
[2026-05-23T03:38:25.314+0000][13.055s][gc,phases   ] GC(17)   Other: 0.56ms
[2026-05-23T03:38:25.314+0000][13.055s][gc,heap     ] GC(17) Eden regions: 26->0(35)
[2026-05-23T03:38:25.314+0000][13.055s][gc,heap     ] GC(17) Survivor regions: 5->6(6)
[2026-05-23T03:38:25.314+0000][13.055s][gc,heap     ] GC(17) Old regions: 60->71
[2026-05-23T03:38:25.314+0000][13.055s][gc,heap     ] GC(17) Archive regions: 2->2
[2026-05-23T03:38:25.314+0000][13.055s][gc,heap     ] GC(17) Humongous regions: 0->0
[2026-05-23T03:38:25.314+0000][13.055s][gc,metaspace] GC(17) Metaspace: 21239K(21504K)->21239K(21504K) NonClass: 18713K(18816K)->18713K(18816K) Class: 2526K(2688K)->2526K(2688K)
[2026-05-23T03:38:25.314+0000][13.055s][gc          ] GC(17) Pause Young (Concurrent Start) (Metadata GC Threshold) 1467M->1236M(13312M) 199.068ms
[2026-05-23T03:38:25.314+0000][13.055s][gc,cpu      ] GC(17) User=0.74s Sys=0.03s Real=0.20s
[2026-05-23T03:38:25.314+0000][13.055s][gc          ] GC(18) Concurrent Mark Cycle
[2026-05-23T03:38:25.314+0000][13.055s][gc,marking  ] GC(18) Concurrent Clear Claimed Marks
[2026-05-23T03:38:25.314+0000][13.055s][gc,marking  ] GC(18) Concurrent Clear Claimed Marks 0.028ms
[2026-05-23T03:38:25.314+0000][13.055s][gc,marking  ] GC(18) Concurrent Scan Root Regions
[2026-05-23T03:38:25.962+0000][13.703s][gc,marking  ] GC(18) Concurrent Scan Root Regions 648.304ms
[2026-05-23T03:38:25.962+0000][13.704s][gc,marking  ] GC(18) Concurrent Mark
[2026-05-23T03:38:25.962+0000][13.704s][gc,marking  ] GC(18) Concurrent Mark From Roots
[2026-05-23T03:38:25.962+0000][13.704s][gc,task     ] GC(18) Using 1 workers of 1 for marking
[2026-05-23T03:38:27.318+0000][15.060s][gc,marking  ] GC(18) Concurrent Mark From Roots 1356.046ms
[2026-05-23T03:38:27.319+0000][15.060s][gc,marking  ] GC(18) Concurrent Preclean
[2026-05-23T03:38:27.319+0000][15.060s][gc,marking  ] GC(18) Concurrent Preclean 0.119ms
[2026-05-23T03:38:27.319+0000][15.060s][gc,start    ] GC(18) Pause Remark
[2026-05-23T03:38:27.324+0000][15.065s][gc          ] GC(18) Pause Remark 1388M->1388M(4752M) 5.474ms
[2026-05-23T03:38:27.324+0000][15.065s][gc,cpu      ] GC(18) User=0.01s Sys=0.00s Real=0.00s
[2026-05-23T03:38:27.324+0000][15.065s][gc,marking  ] GC(18) Concurrent Mark 1361.926ms
[2026-05-23T03:38:27.324+0000][15.065s][gc,marking  ] GC(18) Concurrent Rebuild Remembered Sets
[2026-05-23T03:38:29.747+0000][17.488s][gc,marking  ] GC(18) Concurrent Rebuild Remembered Sets 2422.839ms
[2026-05-23T03:38:29.748+0000][17.489s][gc,start    ] GC(18) Pause Cleanup
[2026-05-23T03:38:29.748+0000][17.489s][gc          ] GC(18) Pause Cleanup 1508M->1508M(4752M) 0.204ms
[2026-05-23T03:38:29.748+0000][17.489s][gc,cpu      ] GC(18) User=0.00s Sys=0.00s Real=0.00s
[2026-05-23T03:38:29.748+0000][17.489s][gc,marking  ] GC(18) Concurrent Cleanup for Next Mark
[2026-05-23T03:38:29.774+0000][17.515s][gc,marking  ] GC(18) Concurrent Cleanup for Next Mark 26.124ms
[2026-05-23T03:38:29.774+0000][17.515s][gc          ] GC(18) Concurrent Mark Cycle 4460.077ms
[2026-05-23T03:38:29.930+0000][17.672s][gc,start    ] GC(19) Pause Young (Prepare Mixed) (G1 Evacuation Pause)
[2026-05-23T03:38:29.931+0000][17.672s][gc,task     ] GC(19) Using 4 workers of 4 for evacuation
[2026-05-23T03:38:30.070+0000][17.811s][gc,phases   ] GC(19)   Pre Evacuate Collection Set: 0.12ms
[2026-05-23T03:38:30.070+0000][17.811s][gc,phases   ] GC(19)   Merge Heap Roots: 0.16ms
[2026-05-23T03:38:30.070+0000][17.811s][gc,phases   ] GC(19)   Evacuate Collection Set: 138.15ms
[2026-05-23T03:38:30.070+0000][17.811s][gc,phases   ] GC(19)   Post Evacuate Collection Set: 0.97ms
[2026-05-23T03:38:30.070+0000][17.811s][gc,phases   ] GC(19)   Other: 0.13ms
[2026-05-23T03:38:30.070+0000][17.811s][gc,heap     ] GC(19) Eden regions: 18->0(11)
[2026-05-23T03:38:30.070+0000][17.811s][gc,heap     ] GC(19) Survivor regions: 6->3(3)
[2026-05-23T03:38:30.070+0000][17.811s][gc,heap     ] GC(19) Old regions: 71->78
[2026-05-23T03:38:30.070+0000][17.811s][gc,heap     ] GC(19) Archive regions: 2->2
[2026-05-23T03:38:30.070+0000][17.811s][gc,heap     ] GC(19) Humongous regions: 0->0
[2026-05-23T03:38:30.070+0000][17.811s][gc,metaspace] GC(19) Metaspace: 37997K(38464K)->37997K(38464K) NonClass: 33756K(33984K)->33756K(33984K) Class: 4241K(4480K)->4241K(4480K)
[2026-05-23T03:38:30.070+0000][17.811s][gc          ] GC(19) Pause Young (Prepare Mixed) (G1 Evacuation Pause) 1524M->1300M(4752M) 139.624ms
[2026-05-23T03:38:30.070+0000][17.811s][gc,cpu      ] GC(19) User=0.52s Sys=0.03s Real=0.14s
[2026-05-23T03:38:32.278+0000][20.019s][gc,start    ] GC(20) Pause Young (Mixed) (G1 Evacuation Pause)
[2026-05-23T03:38:32.278+0000][20.019s][gc,task     ] GC(20) Using 4 workers of 4 for evacuation
[2026-05-23T03:38:32.365+0000][20.106s][gc,phases   ] GC(20)   Pre Evacuate Collection Set: 0.09ms
[2026-05-23T03:38:32.365+0000][20.106s][gc,phases   ] GC(20)   Merge Heap Roots: 0.45ms
[2026-05-23T03:38:32.365+0000][20.106s][gc,phases   ] GC(20)   Evacuate Collection Set: 80.60ms
[2026-05-23T03:38:32.365+0000][20.106s][gc,phases   ] GC(20)   Merge Optional Heap Roots: 0.08ms
[2026-05-23T03:38:32.365+0000][20.106s][gc,phases   ] GC(20)   Evacuate Optional Collection Set: 4.94ms
[2026-05-23T03:38:32.365+0000][20.106s][gc,phases   ] GC(20)   Post Evacuate Collection Set: 0.62ms
[2026-05-23T03:38:32.365+0000][20.106s][gc,phases   ] GC(20)   Other: 0.48ms
[2026-05-23T03:38:32.365+0000][20.106s][gc,heap     ] GC(20) Eden regions: 11->0(12)
[2026-05-23T03:38:32.365+0000][20.106s][gc,heap     ] GC(20) Survivor regions: 3->2(2)
[2026-05-23T03:38:32.365+0000][20.106s][gc,heap     ] GC(20) Old regions: 78->77
[2026-05-23T03:38:32.365+0000][20.106s][gc,heap     ] GC(20) Archive regions: 2->2
[2026-05-23T03:38:32.365+0000][20.106s][gc,heap     ] GC(20) Humongous regions: 0->0
[2026-05-23T03:38:32.365+0000][20.106s][gc,metaspace] GC(20) Metaspace: 38147K(38592K)->38147K(38592K) NonClass: 33901K(34112K)->33901K(34112K) Class: 4246K(4480K)->4246K(4480K)
[2026-05-23T03:38:32.365+0000][20.106s][gc          ] GC(20) Pause Young (Mixed) (G1 Evacuation Pause) 1476M->1274M(4752M) 87.351ms
[2026-05-23T03:38:32.365+0000][20.106s][gc,cpu      ] GC(20) User=0.32s Sys=0.02s Real=0.09s
[2026-05-23T03:38:33.773+0000][21.514s][gc,start    ] GC(21) Pause Young (Mixed) (G1 Evacuation Pause)
[2026-05-23T03:38:33.773+0000][21.514s][gc,task     ] GC(21) Using 4 workers of 4 for evacuation
[2026-05-23T03:38:33.879+0000][21.620s][gc,phases   ] GC(21)   Pre Evacuate Collection Set: 0.10ms
[2026-05-23T03:38:33.879+0000][21.620s][gc,phases   ] GC(21)   Merge Heap Roots: 0.40ms
[2026-05-23T03:38:33.879+0000][21.620s][gc,phases   ] GC(21)   Evacuate Collection Set: 98.44ms
[2026-05-23T03:38:33.879+0000][21.620s][gc,phases   ] GC(21)   Merge Optional Heap Roots: 0.10ms
[2026-05-23T03:38:33.879+0000][21.620s][gc,phases   ] GC(21)   Evacuate Optional Collection Set: 6.11ms
[2026-05-23T03:38:33.879+0000][21.620s][gc,phases   ] GC(21)   Post Evacuate Collection Set: 0.52ms
[2026-05-23T03:38:33.879+0000][21.620s][gc,phases   ] GC(21)   Other: 0.47ms
[2026-05-23T03:38:33.879+0000][21.620s][gc,heap     ] GC(21) Eden regions: 12->0(12)
[2026-05-23T03:38:33.879+0000][21.620s][gc,heap     ] GC(21) Survivor regions: 2->2(2)
[2026-05-23T03:38:33.879+0000][21.620s][gc,heap     ] GC(21) Old regions: 77->74
[2026-05-23T03:38:33.879+0000][21.620s][gc,heap     ] GC(21) Archive regions: 2->2
[2026-05-23T03:38:33.879+0000][21.620s][gc,heap     ] GC(21) Humongous regions: 0->0
[2026-05-23T03:38:33.879+0000][21.620s][gc,metaspace] GC(21) Metaspace: 38178K(38656K)->38178K(38656K) NonClass: 33929K(34176K)->33929K(34176K) Class: 4248K(4480K)->4248K(4480K)
[2026-05-23T03:38:33.879+0000][21.620s][gc          ] GC(21) Pause Young (Mixed) (G1 Evacuation Pause) 1466M->1230M(4752M) 106.240ms
[2026-05-23T03:38:33.879+0000][21.620s][gc,cpu      ] GC(21) User=0.41s Sys=0.00s Real=0.11s
[2026-05-23T03:38:35.579+0000][23.320s][gc,start    ] GC(22) Pause Young (Mixed) (G1 Evacuation Pause)
[2026-05-23T03:38:35.579+0000][23.320s][gc,task     ] GC(22) Using 4 workers of 4 for evacuation
[2026-05-23T03:38:35.656+0000][23.397s][gc,phases   ] GC(22)   Pre Evacuate Collection Set: 0.13ms
[2026-05-23T03:38:35.656+0000][23.397s][gc,phases   ] GC(22)   Merge Heap Roots: 0.85ms
[2026-05-23T03:38:35.656+0000][23.397s][gc,phases   ] GC(22)   Evacuate Collection Set: 62.53ms
[2026-05-23T03:38:35.656+0000][23.397s][gc,phases   ] GC(22)   Merge Optional Heap Roots: 0.11ms
[2026-05-23T03:38:35.656+0000][23.397s][gc,phases   ] GC(22)   Evacuate Optional Collection Set: 12.19ms
[2026-05-23T03:38:35.656+0000][23.397s][gc,phases   ] GC(22)   Post Evacuate Collection Set: 0.72ms
[2026-05-23T03:38:35.656+0000][23.397s][gc,phases   ] GC(22)   Other: 0.16ms
[2026-05-23T03:38:35.656+0000][23.397s][gc,heap     ] GC(22) Eden regions: 12->0(13)
[2026-05-23T03:38:35.656+0000][23.397s][gc,heap     ] GC(22) Survivor regions: 2->1(2)
[2026-05-23T03:38:35.656+0000][23.397s][gc,heap     ] GC(22) Old regions: 74->73
[2026-05-23T03:38:35.656+0000][23.397s][gc,heap     ] GC(22) Archive regions: 2->2
[2026-05-23T03:38:35.656+0000][23.397s][gc,heap     ] GC(22) Humongous regions: 0->0
[2026-05-23T03:38:35.656+0000][23.397s][gc,metaspace] GC(22) Metaspace: 38191K(38656K)->38191K(38656K) NonClass: 33942K(34176K)->33942K(34176K) Class: 4249K(4480K)->4249K(4480K)
[2026-05-23T03:38:35.656+0000][23.397s][gc          ] GC(22) Pause Young (Mixed) (G1 Evacuation Pause) 1422M->1193M(4752M) 76.821ms
[2026-05-23T03:38:35.656+0000][23.397s][gc,cpu      ] GC(22) User=0.30s Sys=0.00s Real=0.07s
[2026-05-23T03:38:36.372+0000][24.113s][gc,start    ] GC(23) Pause Young (Mixed) (G1 Evacuation Pause)
[2026-05-23T03:38:36.372+0000][24.113s][gc,task     ] GC(23) Using 4 workers of 4 for evacuation
[2026-05-23T03:38:36.476+0000][24.217s][gc,phases   ] GC(23)   Pre Evacuate Collection Set: 0.09ms
[2026-05-23T03:38:36.476+0000][24.217s][gc,phases   ] GC(23)   Merge Heap Roots: 0.72ms
[2026-05-23T03:38:36.476+0000][24.217s][gc,phases   ] GC(23)   Evacuate Collection Set: 98.69ms
[2026-05-23T03:38:36.476+0000][24.217s][gc,phases   ] GC(23)   Post Evacuate Collection Set: 4.22ms
[2026-05-23T03:38:36.476+0000][24.217s][gc,phases   ] GC(23)   Other: 0.12ms
[2026-05-23T03:38:36.476+0000][24.217s][gc,heap     ] GC(23) Eden regions: 13->0(40)
[2026-05-23T03:38:36.476+0000][24.217s][gc,heap     ] GC(23) Survivor regions: 1->2(2)
[2026-05-23T03:38:36.476+0000][24.217s][gc,heap     ] GC(23) Old regions: 73->75
[2026-05-23T03:38:36.476+0000][24.217s][gc,heap     ] GC(23) Archive regions: 2->2
[2026-05-23T03:38:36.476+0000][24.217s][gc,heap     ] GC(23) Humongous regions: 0->0
[2026-05-23T03:38:36.476+0000][24.217s][gc,metaspace] GC(23) Metaspace: 38211K(38656K)->38211K(38656K) NonClass: 33961K(34176K)->33961K(34176K) Class: 4250K(4480K)->4250K(4480K)
[2026-05-23T03:38:36.476+0000][24.217s][gc          ] GC(23) Pause Young (Mixed) (G1 Evacuation Pause) 1401M->1234M(8752M) 103.944ms
[2026-05-23T03:38:36.476+0000][24.217s][gc,cpu      ] GC(23) User=0.39s Sys=0.01s Real=0.10s
[2026-05-23T03:38:37.794+0000][25.535s][gc,start    ] GC(24) Pause Young (Concurrent Start) (G1 Evacuation Pause)
[2026-05-23T03:38:37.794+0000][25.535s][gc,task     ] GC(24) Using 4 workers of 4 for evacuation
[2026-05-23T03:38:37.911+0000][25.652s][gc,phases   ] GC(24)   Pre Evacuate Collection Set: 0.13ms
[2026-05-23T03:38:37.911+0000][25.652s][gc,phases   ] GC(24)   Merge Heap Roots: 0.70ms
[2026-05-23T03:38:37.911+0000][25.652s][gc,phases   ] GC(24)   Evacuate Collection Set: 115.64ms
[2026-05-23T03:38:37.911+0000][25.652s][gc,phases   ] GC(24)   Post Evacuate Collection Set: 0.51ms
[2026-05-23T03:38:37.911+0000][25.652s][gc,phases   ] GC(24)   Other: 0.14ms
[2026-05-23T03:38:37.911+0000][25.652s][gc,heap     ] GC(24) Eden regions: 25->0(23)
[2026-05-23T03:38:37.911+0000][25.652s][gc,heap     ] GC(24) Survivor regions: 2->4(4)
[2026-05-23T03:38:37.911+0000][25.652s][gc,heap     ] GC(24) Old regions: 75->78
[2026-05-23T03:38:37.911+0000][25.652s][gc,heap     ] GC(24) Archive regions: 2->2
[2026-05-23T03:38:37.911+0000][25.652s][gc,heap     ] GC(24) Humongous regions: 0->0
[2026-05-23T03:38:37.911+0000][25.652s][gc,metaspace] GC(24) Metaspace: 38401K(38848K)->38401K(38848K) NonClass: 34126K(34368K)->34126K(34368K) Class: 4274K(4480K)->4274K(4480K)
[2026-05-23T03:38:37.911+0000][25.652s][gc          ] GC(24) Pause Young (Concurrent Start) (G1 Evacuation Pause) 1634M->1315M(8752M) 117.233ms
[2026-05-23T03:38:37.911+0000][25.652s][gc,cpu      ] GC(24) User=0.44s Sys=0.02s Real=0.12s
[2026-05-23T03:38:37.911+0000][25.652s][gc          ] GC(25) Concurrent Mark Cycle
[2026-05-23T03:38:37.911+0000][25.652s][gc,marking  ] GC(25) Concurrent Clear Claimed Marks
[2026-05-23T03:38:37.911+0000][25.652s][gc,marking  ] GC(25) Concurrent Clear Claimed Marks 0.041ms
[2026-05-23T03:38:37.911+0000][25.652s][gc,marking  ] GC(25) Concurrent Scan Root Regions
[2026-05-23T03:38:38.036+0000][25.777s][gc,marking  ] GC(25) Concurrent Scan Root Regions 125.132ms
[2026-05-23T03:38:38.036+0000][25.777s][gc,marking  ] GC(25) Concurrent Mark
[2026-05-23T03:38:38.036+0000][25.777s][gc,marking  ] GC(25) Concurrent Mark From Roots
[2026-05-23T03:38:38.036+0000][25.777s][gc,task     ] GC(25) Using 1 workers of 1 for marking
[2026-05-23T03:38:39.389+0000][27.130s][gc,marking  ] GC(25) Concurrent Mark From Roots 1353.042ms
[2026-05-23T03:38:39.389+0000][27.130s][gc,marking  ] GC(25) Concurrent Preclean
[2026-05-23T03:38:39.389+0000][27.131s][gc,marking  ] GC(25) Concurrent Preclean 0.074ms
[2026-05-23T03:38:39.390+0000][27.131s][gc,start    ] GC(25) Pause Remark
[2026-05-23T03:38:39.397+0000][27.138s][gc          ] GC(25) Pause Remark 1554M->1554M(5280M) 7.088ms
[2026-05-23T03:38:39.397+0000][27.138s][gc,cpu      ] GC(25) User=0.02s Sys=0.00s Real=0.00s
[2026-05-23T03:38:39.397+0000][27.138s][gc,marking  ] GC(25) Concurrent Mark 1360.734ms
[2026-05-23T03:38:39.397+0000][27.138s][gc,marking  ] GC(25) Concurrent Rebuild Remembered Sets
[2026-05-23T03:38:40.529+0000][28.270s][gc,marking  ] GC(25) Concurrent Rebuild Remembered Sets 1132.024ms
[2026-05-23T03:38:40.529+0000][28.270s][gc,start    ] GC(25) Pause Cleanup
[2026-05-23T03:38:40.529+0000][28.271s][gc          ] GC(25) Pause Cleanup 1554M->1554M(5280M) 0.242ms
[2026-05-23T03:38:40.529+0000][28.271s][gc,cpu      ] GC(25) User=0.00s Sys=0.00s Real=0.00s
[2026-05-23T03:38:40.529+0000][28.271s][gc,marking  ] GC(25) Concurrent Cleanup for Next Mark
[2026-05-23T03:38:40.550+0000][28.291s][gc,marking  ] GC(25) Concurrent Cleanup for Next Mark 20.020ms
[2026-05-23T03:38:40.550+0000][28.291s][gc          ] GC(25) Concurrent Mark Cycle 2638.545ms
[2026-05-23T03:38:40.925+0000][28.667s][gc,start    ] GC(26) Pause Young (Prepare Mixed) (G1 Evacuation Pause)
[2026-05-23T03:38:40.925+0000][28.667s][gc,task     ] GC(26) Using 4 workers of 4 for evacuation
[2026-05-23T03:38:41.044+0000][28.785s][gc,phases   ] GC(26)   Pre Evacuate Collection Set: 0.09ms
[2026-05-23T03:38:41.044+0000][28.785s][gc,phases   ] GC(26)   Merge Heap Roots: 1.06ms
[2026-05-23T03:38:41.044+0000][28.785s][gc,phases   ] GC(26)   Evacuate Collection Set: 116.38ms
[2026-05-23T03:38:41.044+0000][28.785s][gc,phases   ] GC(26)   Post Evacuate Collection Set: 0.51ms
[2026-05-23T03:38:41.044+0000][28.785s][gc,phases   ] GC(26)   Other: 0.11ms
[2026-05-23T03:38:41.044+0000][28.785s][gc,heap     ] GC(26) Eden regions: 16->0(13)
[2026-05-23T03:38:41.044+0000][28.785s][gc,heap     ] GC(26) Survivor regions: 4->3(3)
[2026-05-23T03:38:41.044+0000][28.785s][gc,heap     ] GC(26) Old regions: 78->82
[2026-05-23T03:38:41.044+0000][28.785s][gc,heap     ] GC(26) Archive regions: 2->2
[2026-05-23T03:38:41.044+0000][28.785s][gc,heap     ] GC(26) Humongous regions: 0->0
[2026-05-23T03:38:41.044+0000][28.785s][gc,metaspace] GC(26) Metaspace: 38382K(38848K)->38382K(38848K) NonClass: 34113K(34368K)->34113K(34368K) Class: 4269K(4480K)->4269K(4480K)
[2026-05-23T03:38:41.044+0000][28.785s][gc          ] GC(26) Pause Young (Prepare Mixed) (G1 Evacuation Pause) 1571M->1361M(5280M) 118.256ms
[2026-05-23T03:38:41.044+0000][28.785s][gc,cpu      ] GC(26) User=0.45s Sys=0.02s Real=0.12s
[2026-05-23T03:38:41.682+0000][29.423s][gc,start    ] GC(27) Pause Young (Mixed) (G1 Evacuation Pause)
[2026-05-23T03:38:41.682+0000][29.423s][gc,task     ] GC(27) Using 4 workers of 4 for evacuation
[2026-05-23T03:38:41.783+0000][29.524s][gc,phases   ] GC(27)   Pre Evacuate Collection Set: 0.09ms
[2026-05-23T03:38:41.783+0000][29.524s][gc,phases   ] GC(27)   Merge Heap Roots: 1.45ms
[2026-05-23T03:38:41.783+0000][29.524s][gc,phases   ] GC(27)   Evacuate Collection Set: 98.35ms
[2026-05-23T03:38:41.783+0000][29.524s][gc,phases   ] GC(27)   Post Evacuate Collection Set: 0.47ms
[2026-05-23T03:38:41.783+0000][29.524s][gc,phases   ] GC(27)   Other: 0.12ms
[2026-05-23T03:38:41.783+0000][29.524s][gc,heap     ] GC(27) Eden regions: 13->0(14)
[2026-05-23T03:38:41.783+0000][29.524s][gc,heap     ] GC(27) Survivor regions: 3->2(2)
[2026-05-23T03:38:41.783+0000][29.524s][gc,heap     ] GC(27) Old regions: 82->83
[2026-05-23T03:38:41.783+0000][29.524s][gc,heap     ] GC(27) Archive regions: 2->2
[2026-05-23T03:38:41.783+0000][29.524s][gc,heap     ] GC(27) Humongous regions: 0->0
[2026-05-23T03:38:41.783+0000][29.524s][gc,metaspace] GC(27) Metaspace: 38386K(38848K)->38386K(38848K) NonClass: 34116K(34368K)->34116K(34368K) Class: 4269K(4480K)->4269K(4480K)
[2026-05-23T03:38:41.783+0000][29.524s][gc          ] GC(27) Pause Young (Mixed) (G1 Evacuation Pause) 1569M->1375M(5280M) 100.580ms
[2026-05-23T03:38:41.783+0000][29.524s][gc,cpu      ] GC(27) User=0.38s Sys=0.01s Real=0.10s
[2026-05-23T03:38:42.444+0000][30.185s][gc,start    ] GC(28) Pause Young (Mixed) (G1 Evacuation Pause)
[2026-05-23T03:38:42.444+0000][30.185s][gc,task     ] GC(28) Using 4 workers of 4 for evacuation
[2026-05-23T03:38:42.607+0000][30.348s][gc,phases   ] GC(28)   Pre Evacuate Collection Set: 0.09ms
[2026-05-23T03:38:42.607+0000][30.348s][gc,phases   ] GC(28)   Merge Heap Roots: 1.03ms
[2026-05-23T03:38:42.607+0000][30.348s][gc,phases   ] GC(28)   Evacuate Collection Set: 151.85ms
[2026-05-23T03:38:42.607+0000][30.348s][gc,phases   ] GC(28)   Merge Optional Heap Roots: 0.13ms
[2026-05-23T03:38:42.607+0000][30.348s][gc,phases   ] GC(28)   Evacuate Optional Collection Set: 8.60ms
[2026-05-23T03:38:42.607+0000][30.348s][gc,phases   ] GC(28)   Post Evacuate Collection Set: 0.57ms
[2026-05-23T03:38:42.607+0000][30.348s][gc,phases   ] GC(28)   Other: 0.12ms
[2026-05-23T03:38:42.607+0000][30.348s][gc,heap     ] GC(28) Eden regions: 14->0(14)
[2026-05-23T03:38:42.607+0000][30.348s][gc,heap     ] GC(28) Survivor regions: 2->2(2)
[2026-05-23T03:38:42.607+0000][30.348s][gc,heap     ] GC(28) Old regions: 83->84
[2026-05-23T03:38:42.607+0000][30.348s][gc,heap     ] GC(28) Archive regions: 2->2
[2026-05-23T03:38:42.607+0000][30.348s][gc,heap     ] GC(28) Humongous regions: 0->0
[2026-05-23T03:38:42.607+0000][30.348s][gc,metaspace] GC(28) Metaspace: 38386K(38848K)->38386K(38848K) NonClass: 34116K(34368K)->34116K(34368K) Class: 4269K(4480K)->4269K(4480K)
[2026-05-23T03:38:42.607+0000][30.348s][gc          ] GC(28) Pause Young (Mixed) (G1 Evacuation Pause) 1599M->1387M(5280M) 162.540ms
[2026-05-23T03:38:42.607+0000][30.348s][gc,cpu      ] GC(28) User=0.63s Sys=0.01s Real=0.16s
[2026-05-23T03:38:45.286+0000][33.027s][gc,start    ] GC(29) Pause Young (Mixed) (G1 Evacuation Pause)
[2026-05-23T03:38:45.286+0000][33.027s][gc,task     ] GC(29) Using 4 workers of 4 for evacuation
[2026-05-23T03:38:45.404+0000][33.145s][gc,phases   ] GC(29)   Pre Evacuate Collection Set: 0.09ms
[2026-05-23T03:38:45.404+0000][33.145s][gc,phases   ] GC(29)   Merge Heap Roots: 1.54ms
[2026-05-23T03:38:45.404+0000][33.145s][gc,phases   ] GC(29)   Evacuate Collection Set: 103.51ms
[2026-05-23T03:38:45.404+0000][33.145s][gc,phases   ] GC(29)   Merge Optional Heap Roots: 0.10ms
[2026-05-23T03:38:45.404+0000][33.145s][gc,phases   ] GC(29)   Evacuate Optional Collection Set: 7.75ms
[2026-05-23T03:38:45.404+0000][33.145s][gc,phases   ] GC(29)   Post Evacuate Collection Set: 5.20ms
[2026-05-23T03:38:45.404+0000][33.145s][gc,phases   ] GC(29)   Other: 0.11ms
[2026-05-23T03:38:45.404+0000][33.145s][gc,heap     ] GC(29) Eden regions: 14->0(28)
[2026-05-23T03:38:45.404+0000][33.145s][gc,heap     ] GC(29) Survivor regions: 2->2(2)
[2026-05-23T03:38:45.404+0000][33.145s][gc,heap     ] GC(29) Old regions: 84->85
[2026-05-23T03:38:45.404+0000][33.145s][gc,heap     ] GC(29) Archive regions: 2->2
[2026-05-23T03:38:45.404+0000][33.145s][gc,heap     ] GC(29) Humongous regions: 0->0
[2026-05-23T03:38:45.404+0000][33.145s][gc,metaspace] GC(29) Metaspace: 38392K(38848K)->38392K(38848K) NonClass: 34122K(34368K)->34122K(34368K) Class: 4270K(4480K)->4270K(4480K)
[2026-05-23T03:38:45.404+0000][33.145s][gc          ] GC(29) Pause Young (Mixed) (G1 Evacuation Pause) 1611M->1398M(9744M) 118.397ms
[2026-05-23T03:38:45.404+0000][33.145s][gc,cpu      ] GC(29) User=0.45s Sys=0.01s Real=0.12s
[2026-05-23T03:38:46.568+0000][34.309s][gc,start    ] GC(30) Pause Young (Mixed) (G1 Evacuation Pause)
[2026-05-23T03:38:46.568+0000][34.309s][gc,task     ] GC(30) Using 4 workers of 4 for evacuation
[2026-05-23T03:38:46.754+0000][34.495s][gc,phases   ] GC(30)   Pre Evacuate Collection Set: 0.10ms
[2026-05-23T03:38:46.754+0000][34.495s][gc,phases   ] GC(30)   Merge Heap Roots: 1.96ms
[2026-05-23T03:38:46.754+0000][34.495s][gc,phases   ] GC(30)   Evacuate Collection Set: 182.84ms
[2026-05-23T03:38:46.754+0000][34.495s][gc,phases   ] GC(30)   Post Evacuate Collection Set: 0.66ms
[2026-05-23T03:38:46.754+0000][34.495s][gc,phases   ] GC(30)   Other: 0.48ms
[2026-05-23T03:38:46.754+0000][34.495s][gc,heap     ] GC(30) Eden regions: 28->0(26)
[2026-05-23T03:38:46.754+0000][34.495s][gc,heap     ] GC(30) Survivor regions: 2->4(4)
[2026-05-23T03:38:46.754+0000][34.495s][gc,heap     ] GC(30) Old regions: 85->88
[2026-05-23T03:38:46.754+0000][34.495s][gc,heap     ] GC(30) Archive regions: 2->2
[2026-05-23T03:38:46.754+0000][34.495s][gc,heap     ] GC(30) Humongous regions: 0->0
[2026-05-23T03:38:46.754+0000][34.495s][gc,metaspace] GC(30) Metaspace: 38401K(38848K)->38401K(38848K) NonClass: 34130K(34368K)->34130K(34368K) Class: 4271K(4480K)->4271K(4480K)
[2026-05-23T03:38:46.754+0000][34.495s][gc          ] GC(30) Pause Young (Mixed) (G1 Evacuation Pause) 1846M->1477M(9744M) 186.146ms
[2026-05-23T03:38:46.754+0000][34.495s][gc,cpu      ] GC(30) User=0.71s Sys=0.02s Real=0.19s
[2026-05-23T03:38:49.854+0000][37.595s][gc,start    ] GC(31) Pause Young (Mixed) (G1 Evacuation Pause)
[2026-05-23T03:38:49.854+0000][37.595s][gc,task     ] GC(31) Using 4 workers of 4 for evacuation
[2026-05-23T03:38:50.001+0000][37.742s][gc,phases   ] GC(31)   Pre Evacuate Collection Set: 0.10ms
[2026-05-23T03:38:50.001+0000][37.742s][gc,phases   ] GC(31)   Merge Heap Roots: 1.52ms
[2026-05-23T03:38:50.001+0000][37.742s][gc,phases   ] GC(31)   Evacuate Collection Set: 144.34ms
[2026-05-23T03:38:50.001+0000][37.742s][gc,phases   ] GC(31)   Post Evacuate Collection Set: 0.68ms
[2026-05-23T03:38:50.001+0000][37.742s][gc,phases   ] GC(31)   Other: 0.48ms
[2026-05-23T03:38:50.001+0000][37.742s][gc,heap     ] GC(31) Eden regions: 26->0(26)
[2026-05-23T03:38:50.001+0000][37.742s][gc,heap     ] GC(31) Survivor regions: 4->4(4)
[2026-05-23T03:38:50.001+0000][37.742s][gc,heap     ] GC(31) Old regions: 88->90
[2026-05-23T03:38:50.001+0000][37.742s][gc,heap     ] GC(31) Archive regions: 2->2
[2026-05-23T03:38:50.001+0000][37.742s][gc,heap     ] GC(31) Humongous regions: 0->0
[2026-05-23T03:38:50.001+0000][37.742s][gc,metaspace] GC(31) Metaspace: 38401K(38848K)->38401K(38848K) NonClass: 34130K(34368K)->34130K(34368K) Class: 4271K(4480K)->4271K(4480K)
[2026-05-23T03:38:50.001+0000][37.742s][gc          ] GC(31) Pause Young (Mixed) (G1 Evacuation Pause) 1893M->1510M(9744M) 147.223ms
[2026-05-23T03:38:50.001+0000][37.742s][gc,cpu      ] GC(31) User=0.57s Sys=0.01s Real=0.15s
[2026-05-23T03:38:50.939+0000][38.681s][gc,start    ] GC(32) Pause Young (Mixed) (G1 Evacuation Pause)
[2026-05-23T03:38:50.939+0000][38.681s][gc,task     ] GC(32) Using 4 workers of 4 for evacuation
[2026-05-23T03:38:51.111+0000][38.852s][gc,phases   ] GC(32)   Pre Evacuate Collection Set: 0.11ms
[2026-05-23T03:38:51.111+0000][38.852s][gc,phases   ] GC(32)   Merge Heap Roots: 1.15ms
[2026-05-23T03:38:51.111+0000][38.852s][gc,phases   ] GC(32)   Evacuate Collection Set: 169.55ms
[2026-05-23T03:38:51.111+0000][38.852s][gc,phases   ] GC(32)   Post Evacuate Collection Set: 0.61ms
[2026-05-23T03:38:51.111+0000][38.852s][gc,phases   ] GC(32)   Other: 0.48ms
[2026-05-23T03:38:51.111+0000][38.852s][gc,heap     ] GC(32) Eden regions: 26->0(26)
[2026-05-23T03:38:51.111+0000][38.852s][gc,heap     ] GC(32) Survivor regions: 4->4(4)
[2026-05-23T03:38:51.111+0000][38.852s][gc,heap     ] GC(32) Old regions: 90->94
[2026-05-23T03:38:51.111+0000][38.852s][gc,heap     ] GC(32) Archive regions: 2->2
[2026-05-23T03:38:51.111+0000][38.852s][gc,heap     ] GC(32) Humongous regions: 0->0
[2026-05-23T03:38:51.111+0000][38.852s][gc,metaspace] GC(32) Metaspace: 38408K(38848K)->38408K(38848K) NonClass: 34136K(34368K)->34136K(34368K) Class: 4272K(4480K)->4272K(4480K)
[2026-05-23T03:38:51.111+0000][38.852s][gc          ] GC(32) Pause Young (Mixed) (G1 Evacuation Pause) 1926M->1577M(9744M) 171.983ms
[2026-05-23T03:38:51.111+0000][38.853s][gc,cpu      ] GC(32) User=0.66s Sys=0.02s Real=0.17s
[2026-05-23T03:38:54.751+0000][42.492s][gc,start    ] GC(33) Pause Young (Mixed) (G1 Evacuation Pause)
[2026-05-23T03:38:54.751+0000][42.492s][gc,task     ] GC(33) Using 4 workers of 4 for evacuation
[2026-05-23T03:38:54.808+0000][42.549s][gc,phases   ] GC(33)   Pre Evacuate Collection Set: 0.10ms
[2026-05-23T03:38:54.808+0000][42.549s][gc,phases   ] GC(33)   Merge Heap Roots: 1.35ms
[2026-05-23T03:38:54.808+0000][42.549s][gc,phases   ] GC(33)   Evacuate Collection Set: 54.37ms
[2026-05-23T03:38:54.808+0000][42.549s][gc,phases   ] GC(33)   Post Evacuate Collection Set: 0.57ms
[2026-05-23T03:38:54.808+0000][42.549s][gc,phases   ] GC(33)   Other: 0.13ms
[2026-05-23T03:38:54.808+0000][42.549s][gc,heap     ] GC(33) Eden regions: 26->0(29)
[2026-05-23T03:38:54.808+0000][42.549s][gc,heap     ] GC(33) Survivor regions: 4->1(4)
[2026-05-23T03:38:54.808+0000][42.549s][gc,heap     ] GC(33) Old regions: 94->95
[2026-05-23T03:38:54.808+0000][42.549s][gc,heap     ] GC(33) Archive regions: 2->2
[2026-05-23T03:38:54.808+0000][42.549s][gc,heap     ] GC(33) Humongous regions: 0->0
[2026-05-23T03:38:54.808+0000][42.549s][gc,metaspace] GC(33) Metaspace: 38408K(38848K)->38408K(38848K) NonClass: 34136K(34368K)->34136K(34368K) Class: 4272K(4480K)->4272K(4480K)
[2026-05-23T03:38:54.808+0000][42.549s][gc          ] GC(33) Pause Young (Mixed) (G1 Evacuation Pause) 1993M->1543M(9744M) 56.640ms
[2026-05-23T03:38:54.808+0000][42.549s][gc,cpu      ] GC(33) User=0.22s Sys=0.00s Real=0.05s
[2026-05-23T03:38:55.955+0000][43.696s][gc,start    ] GC(34) Pause Young (Normal) (G1 Evacuation Pause)
[2026-05-23T03:38:55.955+0000][43.696s][gc,task     ] GC(34) Using 4 workers of 4 for evacuation
[2026-05-23T03:38:56.103+0000][43.844s][gc,phases   ] GC(34)   Pre Evacuate Collection Set: 0.11ms
[2026-05-23T03:38:56.103+0000][43.844s][gc,phases   ] GC(34)   Merge Heap Roots: 0.89ms
[2026-05-23T03:38:56.103+0000][43.844s][gc,phases   ] GC(34)   Evacuate Collection Set: 145.56ms
[2026-05-23T03:38:56.103+0000][43.844s][gc,phases   ] GC(34)   Post Evacuate Collection Set: 0.69ms
[2026-05-23T03:38:56.103+0000][43.844s][gc,phases   ] GC(34)   Other: 0.50ms
[2026-05-23T03:38:56.103+0000][43.844s][gc,heap     ] GC(34) Eden regions: 29->0(26)
[2026-05-23T03:38:56.103+0000][43.844s][gc,heap     ] GC(34) Survivor regions: 1->4(4)
[2026-05-23T03:38:56.103+0000][43.844s][gc,heap     ] GC(34) Old regions: 95->100
[2026-05-23T03:38:56.103+0000][43.844s][gc,heap     ] GC(34) Archive regions: 2->2
[2026-05-23T03:38:56.103+0000][43.844s][gc,heap     ] GC(34) Humongous regions: 0->0
[2026-05-23T03:38:56.103+0000][43.844s][gc,metaspace] GC(34) Metaspace: 38414K(38848K)->38414K(38848K) NonClass: 34141K(34368K)->34141K(34368K) Class: 4272K(4480K)->4272K(4480K)
[2026-05-23T03:38:56.103+0000][43.844s][gc          ] GC(34) Pause Young (Normal) (G1 Evacuation Pause) 2007M->1668M(9744M) 147.836ms
[2026-05-23T03:38:56.103+0000][43.844s][gc,cpu      ] GC(34) User=0.57s Sys=0.02s Real=0.15s
[2026-05-23T03:38:59.973+0000][47.714s][gc,start    ] GC(35) Pause Young (Normal) (G1 Evacuation Pause)
[2026-05-23T03:38:59.973+0000][47.714s][gc,task     ] GC(35) Using 4 workers of 4 for evacuation
[2026-05-23T03:39:00.122+0000][47.863s][gc,phases   ] GC(35)   Pre Evacuate Collection Set: 0.10ms
[2026-05-23T03:39:00.122+0000][47.863s][gc,phases   ] GC(35)   Merge Heap Roots: 1.67ms
[2026-05-23T03:39:00.122+0000][47.863s][gc,phases   ] GC(35)   Evacuate Collection Set: 146.50ms
[2026-05-23T03:39:00.122+0000][47.863s][gc,phases   ] GC(35)   Post Evacuate Collection Set: 0.62ms
[2026-05-23T03:39:00.122+0000][47.863s][gc,phases   ] GC(35)   Other: 0.50ms
[2026-05-23T03:39:00.122+0000][47.863s][gc,heap     ] GC(35) Eden regions: 26->0(26)
[2026-05-23T03:39:00.122+0000][47.863s][gc,heap     ] GC(35) Survivor regions: 4->4(4)
[2026-05-23T03:39:00.122+0000][47.863s][gc,heap     ] GC(35) Old regions: 100->104
[2026-05-23T03:39:00.122+0000][47.863s][gc,heap     ] GC(35) Archive regions: 2->2
[2026-05-23T03:39:00.122+0000][47.863s][gc,heap     ] GC(35) Humongous regions: 0->0
[2026-05-23T03:39:00.122+0000][47.863s][gc,metaspace] GC(35) Metaspace: 38414K(38848K)->38414K(38848K) NonClass: 34141K(34368K)->34141K(34368K) Class: 4272K(4480K)->4272K(4480K)
[2026-05-23T03:39:00.122+0000][47.863s][gc          ] GC(35) Pause Young (Normal) (G1 Evacuation Pause) 2084M->1734M(9744M) 149.500ms
[2026-05-23T03:39:00.122+0000][47.863s][gc,cpu      ] GC(35) User=0.57s Sys=0.01s Real=0.15s
[2026-05-23T03:39:01.227+0000][48.968s][gc,start    ] GC(36) Pause Young (Normal) (G1 Evacuation Pause)
[2026-05-23T03:39:01.227+0000][48.968s][gc,task     ] GC(36) Using 4 workers of 4 for evacuation
[2026-05-23T03:39:01.354+0000][49.095s][gc,phases   ] GC(36)   Pre Evacuate Collection Set: 0.10ms
[2026-05-23T03:39:01.354+0000][49.095s][gc,phases   ] GC(36)   Merge Heap Roots: 1.50ms
[2026-05-23T03:39:01.354+0000][49.095s][gc,phases   ] GC(36)   Evacuate Collection Set: 124.40ms
[2026-05-23T03:39:01.354+0000][49.095s][gc,phases   ] GC(36)   Post Evacuate Collection Set: 0.51ms
[2026-05-23T03:39:01.354+0000][49.095s][gc,phases   ] GC(36)   Other: 0.13ms
[2026-05-23T03:39:01.354+0000][49.095s][gc,heap     ] GC(36) Eden regions: 26->0(26)
[2026-05-23T03:39:01.354+0000][49.095s][gc,heap     ] GC(36) Survivor regions: 4->4(4)
[2026-05-23T03:39:01.354+0000][49.095s][gc,heap     ] GC(36) Old regions: 104->106
[2026-05-23T03:39:01.354+0000][49.095s][gc,heap     ] GC(36) Archive regions: 2->2
[2026-05-23T03:39:01.354+0000][49.095s][gc,heap     ] GC(36) Humongous regions: 0->0
[2026-05-23T03:39:01.354+0000][49.095s][gc,metaspace] GC(36) Metaspace: 38414K(38848K)->38414K(38848K) NonClass: 34141K(34368K)->34141K(34368K) Class: 4272K(4480K)->4272K(4480K)
[2026-05-23T03:39:01.354+0000][49.095s][gc          ] GC(36) Pause Young (Normal) (G1 Evacuation Pause) 2150M->1775M(9744M) 126.768ms
[2026-05-23T03:39:01.354+0000][49.095s][gc,cpu      ] GC(36) User=0.49s Sys=0.00s Real=0.13s
[2026-05-23T03:39:02.214+0000][49.955s][gc,start    ] GC(37) Pause Young (Normal) (G1 Evacuation Pause)
[2026-05-23T03:39:02.214+0000][49.955s][gc,task     ] GC(37) Using 4 workers of 4 for evacuation
[2026-05-23T03:39:02.346+0000][50.087s][gc,phases   ] GC(37)   Pre Evacuate Collection Set: 0.10ms
[2026-05-23T03:39:02.346+0000][50.087s][gc,phases   ] GC(37)   Merge Heap Roots: 0.57ms
[2026-05-23T03:39:02.346+0000][50.087s][gc,phases   ] GC(37)   Evacuate Collection Set: 127.00ms
[2026-05-23T03:39:02.346+0000][50.087s][gc,phases   ] GC(37)   Post Evacuate Collection Set: 3.72ms
[2026-05-23T03:39:02.346+0000][50.087s][gc,phases   ] GC(37)   Other: 0.49ms
[2026-05-23T03:39:02.346+0000][50.087s][gc,heap     ] GC(37) Eden regions: 26->0(34)
[2026-05-23T03:39:02.346+0000][50.087s][gc,heap     ] GC(37) Survivor regions: 4->4(4)
[2026-05-23T03:39:02.346+0000][50.087s][gc,heap     ] GC(37) Old regions: 106->111
[2026-05-23T03:39:02.346+0000][50.087s][gc,heap     ] GC(37) Archive regions: 2->2
[2026-05-23T03:39:02.346+0000][50.087s][gc,heap     ] GC(37) Humongous regions: 0->0
[2026-05-23T03:39:02.346+0000][50.087s][gc,metaspace] GC(37) Metaspace: 38414K(38848K)->38414K(38848K) NonClass: 34141K(34368K)->34141K(34368K) Class: 4272K(4480K)->4272K(4480K)
[2026-05-23T03:39:02.346+0000][50.087s][gc          ] GC(37) Pause Young (Normal) (G1 Evacuation Pause) 2191M->1842M(12304M) 131.964ms
[2026-05-23T03:39:02.346+0000][50.087s][gc,cpu      ] GC(37) User=0.50s Sys=0.01s Real=0.13s
[2026-05-23T03:39:05.913+0000][53.654s][gc,start    ] GC(38) Pause Young (Normal) (G1 Evacuation Pause)
[2026-05-23T03:39:05.913+0000][53.654s][gc,task     ] GC(38) Using 4 workers of 4 for evacuation
[2026-05-23T03:39:06.080+0000][53.821s][gc,phases   ] GC(38)   Pre Evacuate Collection Set: 0.12ms
[2026-05-23T03:39:06.080+0000][53.821s][gc,phases   ] GC(38)   Merge Heap Roots: 1.67ms
[2026-05-23T03:39:06.080+0000][53.821s][gc,phases   ] GC(38)   Evacuate Collection Set: 163.52ms
[2026-05-23T03:39:06.080+0000][53.821s][gc,phases   ] GC(38)   Post Evacuate Collection Set: 0.66ms
[2026-05-23T03:39:06.080+0000][53.821s][gc,phases   ] GC(38)   Other: 0.49ms
[2026-05-23T03:39:06.080+0000][53.821s][gc,heap     ] GC(38) Eden regions: 34->0(33)
[2026-05-23T03:39:06.080+0000][53.821s][gc,heap     ] GC(38) Survivor regions: 4->5(5)
[2026-05-23T03:39:06.080+0000][53.821s][gc,heap     ] GC(38) Old regions: 111->115
[2026-05-23T03:39:06.080+0000][53.821s][gc,heap     ] GC(38) Archive regions: 2->2
[2026-05-23T03:39:06.080+0000][53.821s][gc,heap     ] GC(38) Humongous regions: 0->0
[2026-05-23T03:39:06.080+0000][53.821s][gc,metaspace] GC(38) Metaspace: 38419K(38848K)->38419K(38848K) NonClass: 34147K(34368K)->34147K(34368K) Class: 4272K(4480K)->4272K(4480K)
[2026-05-23T03:39:06.080+0000][53.821s][gc          ] GC(38) Pause Young (Normal) (G1 Evacuation Pause) 2386M->1928M(12304M) 166.546ms
[2026-05-23T03:39:06.080+0000][53.821s][gc,cpu      ] GC(38) User=0.62s Sys=0.03s Real=0.17s
[2026-05-23T03:39:07.462+0000][55.203s][gc,start    ] GC(39) Pause Young (Normal) (G1 Evacuation Pause)
[2026-05-23T03:39:07.462+0000][55.204s][gc,task     ] GC(39) Using 4 workers of 4 for evacuation
[2026-05-23T03:39:07.665+0000][55.406s][gc,mmu      ] GC(39) MMU target violated: 201.0ms (200.0ms/201.0ms)
[2026-05-23T03:39:07.665+0000][55.406s][gc,phases   ] GC(39)   Pre Evacuate Collection Set: 0.13ms
[2026-05-23T03:39:07.665+0000][55.406s][gc,phases   ] GC(39)   Merge Heap Roots: 1.60ms
[2026-05-23T03:39:07.665+0000][55.406s][gc,phases   ] GC(39)   Evacuate Collection Set: 199.84ms
[2026-05-23T03:39:07.665+0000][55.406s][gc,phases   ] GC(39)   Post Evacuate Collection Set: 0.74ms
[2026-05-23T03:39:07.665+0000][55.406s][gc,phases   ] GC(39)   Other: 0.18ms
[2026-05-23T03:39:07.665+0000][55.406s][gc,heap     ] GC(39) Eden regions: 33->0(33)
[2026-05-23T03:39:07.665+0000][55.406s][gc,heap     ] GC(39) Survivor regions: 5->5(5)
[2026-05-23T03:39:07.665+0000][55.406s][gc,heap     ] GC(39) Old regions: 115->121
[2026-05-23T03:39:07.665+0000][55.406s][gc,heap     ] GC(39) Archive regions: 2->2
[2026-05-23T03:39:07.665+0000][55.406s][gc,heap     ] GC(39) Humongous regions: 0->0
[2026-05-23T03:39:07.665+0000][55.406s][gc,metaspace] GC(39) Metaspace: 38423K(38848K)->38423K(38848K) NonClass: 34151K(34368K)->34151K(34368K) Class: 4272K(4480K)->4272K(4480K)
[2026-05-23T03:39:07.665+0000][55.406s][gc          ] GC(39) Pause Young (Normal) (G1 Evacuation Pause) 2456M->2031M(12304M) 202.540ms
[2026-05-23T03:39:07.665+0000][55.406s][gc,cpu      ] GC(39) User=0.76s Sys=0.03s Real=0.20s
[2026-05-23T03:39:08.942+0000][56.683s][gc,start    ] GC(40) Pause Young (Normal) (G1 Evacuation Pause)
[2026-05-23T03:39:08.942+0000][56.683s][gc,task     ] GC(40) Using 4 workers of 4 for evacuation
[2026-05-23T03:39:09.135+0000][56.876s][gc,phases   ] GC(40)   Pre Evacuate Collection Set: 0.11ms
[2026-05-23T03:39:09.135+0000][56.876s][gc,phases   ] GC(40)   Merge Heap Roots: 1.84ms
[2026-05-23T03:39:09.135+0000][56.876s][gc,phases   ] GC(40)   Evacuate Collection Set: 190.31ms
[2026-05-23T03:39:09.135+0000][56.876s][gc,phases   ] GC(40)   Post Evacuate Collection Set: 0.75ms
[2026-05-23T03:39:09.135+0000][56.876s][gc,phases   ] GC(40)   Other: 0.50ms
[2026-05-23T03:39:09.135+0000][56.876s][gc,heap     ] GC(40) Eden regions: 33->0(33)
[2026-05-23T03:39:09.135+0000][56.876s][gc,heap     ] GC(40) Survivor regions: 5->5(5)
[2026-05-23T03:39:09.135+0000][56.876s][gc,heap     ] GC(40) Old regions: 121->127
[2026-05-23T03:39:09.135+0000][56.876s][gc,heap     ] GC(40) Archive regions: 2->2
[2026-05-23T03:39:09.135+0000][56.876s][gc,heap     ] GC(40) Humongous regions: 0->0
[2026-05-23T03:39:09.135+0000][56.876s][gc,metaspace] GC(40) Metaspace: 38427K(38912K)->38427K(38912K) NonClass: 34154K(34432K)->34154K(34432K) Class: 4272K(4480K)->4272K(4480K)
[2026-05-23T03:39:09.135+0000][56.876s][gc          ] GC(40) Pause Young (Normal) (G1 Evacuation Pause) 2559M->2122M(12304M) 193.616ms
[2026-05-23T03:39:09.135+0000][56.876s][gc,cpu      ] GC(40) User=0.73s Sys=0.03s Real=0.19s
[2026-05-23T03:39:10.329+0000][58.070s][gc,start    ] GC(41) Pause Young (Normal) (G1 Evacuation Pause)
[2026-05-23T03:39:10.329+0000][58.070s][gc,task     ] GC(41) Using 4 workers of 4 for evacuation
[2026-05-23T03:39:10.508+0000][58.249s][gc,phases   ] GC(41)   Pre Evacuate Collection Set: 0.11ms
[2026-05-23T03:39:10.508+0000][58.249s][gc,phases   ] GC(41)   Merge Heap Roots: 2.00ms
[2026-05-23T03:39:10.508+0000][58.249s][gc,phases   ] GC(41)   Evacuate Collection Set: 176.74ms
[2026-05-23T03:39:10.508+0000][58.249s][gc,phases   ] GC(41)   Post Evacuate Collection Set: 0.67ms
[2026-05-23T03:39:10.508+0000][58.249s][gc,phases   ] GC(41)   Other: 0.13ms
[2026-05-23T03:39:10.508+0000][58.249s][gc,heap     ] GC(41) Eden regions: 33->0(33)
[2026-05-23T03:39:10.508+0000][58.249s][gc,heap     ] GC(41) Survivor regions: 5->5(5)
[2026-05-23T03:39:10.508+0000][58.249s][gc,heap     ] GC(41) Old regions: 127->132
[2026-05-23T03:39:10.508+0000][58.249s][gc,heap     ] GC(41) Archive regions: 2->2
[2026-05-23T03:39:10.508+0000][58.249s][gc,heap     ] GC(41) Humongous regions: 0->0
[2026-05-23T03:39:10.508+0000][58.249s][gc,metaspace] GC(41) Metaspace: 38427K(38912K)->38427K(38912K) NonClass: 34154K(34432K)->34154K(34432K) Class: 4272K(4480K)->4272K(4480K)
[2026-05-23T03:39:10.508+0000][58.249s][gc          ] GC(41) Pause Young (Normal) (G1 Evacuation Pause) 2650M->2203M(12304M) 179.759ms
[2026-05-23T03:39:10.508+0000][58.249s][gc,cpu      ] GC(41) User=0.69s Sys=0.02s Real=0.17s
[2026-05-23T03:39:11.633+0000][59.374s][gc,start    ] GC(42) Pause Young (Normal) (G1 Evacuation Pause)
[2026-05-23T03:39:11.633+0000][59.374s][gc,task     ] GC(42) Using 4 workers of 4 for evacuation
[2026-05-23T03:39:11.794+0000][59.535s][gc,phases   ] GC(42)   Pre Evacuate Collection Set: 0.11ms
[2026-05-23T03:39:11.794+0000][59.535s][gc,phases   ] GC(42)   Merge Heap Roots: 1.57ms
[2026-05-23T03:39:11.794+0000][59.535s][gc,phases   ] GC(42)   Evacuate Collection Set: 156.07ms
[2026-05-23T03:39:11.794+0000][59.535s][gc,phases   ] GC(42)   Post Evacuate Collection Set: 3.46ms
[2026-05-23T03:39:11.794+0000][59.535s][gc,phases   ] GC(42)   Other: 0.16ms
[2026-05-23T03:39:11.794+0000][59.535s][gc,heap     ] GC(42) Eden regions: 33->0(38)
[2026-05-23T03:39:11.794+0000][59.535s][gc,heap     ] GC(42) Survivor regions: 5->5(5)
[2026-05-23T03:39:11.794+0000][59.535s][gc,heap     ] GC(42) Old regions: 132->137
[2026-05-23T03:39:11.794+0000][59.535s][gc,heap     ] GC(42) Archive regions: 2->2
[2026-05-23T03:39:11.794+0000][59.535s][gc,heap     ] GC(42) Humongous regions: 0->0
[2026-05-23T03:39:11.794+0000][59.535s][gc,metaspace] GC(42) Metaspace: 38427K(38912K)->38427K(38912K) NonClass: 34154K(34432K)->34154K(34432K) Class: 4272K(4480K)->4272K(4480K)
[2026-05-23T03:39:11.794+0000][59.535s][gc          ] GC(42) Pause Young (Normal) (G1 Evacuation Pause) 2731M->2273M(14032M) 161.425ms
[2026-05-23T03:39:11.794+0000][59.535s][gc,cpu      ] GC(42) User=0.61s Sys=0.02s Real=0.16s
[2026-05-23T03:39:13.198+0000][60.939s][gc,start    ] GC(43) Pause Young (Normal) (G1 Evacuation Pause)
[2026-05-23T03:39:13.198+0000][60.939s][gc,task     ] GC(43) Using 4 workers of 4 for evacuation
[2026-05-23T03:39:13.362+0000][61.103s][gc,phases   ] GC(43)   Pre Evacuate Collection Set: 0.13ms
[2026-05-23T03:39:13.362+0000][61.103s][gc,phases   ] GC(43)   Merge Heap Roots: 1.85ms
[2026-05-23T03:39:13.362+0000][61.103s][gc,phases   ] GC(43)   Evacuate Collection Set: 161.74ms
[2026-05-23T03:39:13.362+0000][61.103s][gc,phases   ] GC(43)   Post Evacuate Collection Set: 0.65ms
[2026-05-23T03:39:13.362+0000][61.103s][gc,phases   ] GC(43)   Other: 0.13ms
[2026-05-23T03:39:13.362+0000][61.103s][gc,heap     ] GC(43) Eden regions: 38->0(38)
[2026-05-23T03:39:13.362+0000][61.103s][gc,heap     ] GC(43) Survivor regions: 5->5(6)
[2026-05-23T03:39:13.362+0000][61.103s][gc,heap     ] GC(43) Old regions: 137->142
[2026-05-23T03:39:13.362+0000][61.103s][gc,heap     ] GC(43) Archive regions: 2->2
[2026-05-23T03:39:13.362+0000][61.103s][gc,heap     ] GC(43) Humongous regions: 0->0
[2026-05-23T03:39:13.362+0000][61.103s][gc,metaspace] GC(43) Metaspace: 38427K(38912K)->38427K(38912K) NonClass: 34154K(34432K)->34154K(34432K) Class: 4272K(4480K)->4272K(4480K)
[2026-05-23T03:39:13.362+0000][61.103s][gc          ] GC(43) Pause Young (Normal) (G1 Evacuation Pause) 2881M->2347M(14032M) 164.586ms
[2026-05-23T03:39:13.362+0000][61.103s][gc,cpu      ] GC(43) User=0.61s Sys=0.03s Real=0.17s
[2026-05-23T03:39:18.106+0000][65.847s][gc,start    ] GC(44) Pause Young (Normal) (G1 Evacuation Pause)
[2026-05-23T03:39:18.106+0000][65.847s][gc,task     ] GC(44) Using 4 workers of 4 for evacuation
[2026-05-23T03:39:18.317+0000][66.059s][gc,mmu      ] GC(44) MMU target violated: 201.0ms (200.0ms/201.0ms)
[2026-05-23T03:39:18.318+0000][66.059s][gc,phases   ] GC(44)   Pre Evacuate Collection Set: 0.11ms
[2026-05-23T03:39:18.318+0000][66.059s][gc,phases   ] GC(44)   Merge Heap Roots: 3.23ms
[2026-05-23T03:39:18.318+0000][66.059s][gc,phases   ] GC(44)   Evacuate Collection Set: 206.66ms
[2026-05-23T03:39:18.318+0000][66.059s][gc,phases   ] GC(44)   Post Evacuate Collection Set: 1.03ms
[2026-05-23T03:39:18.318+0000][66.059s][gc,phases   ] GC(44)   Other: 0.57ms
[2026-05-23T03:39:18.318+0000][66.059s][gc,heap     ] GC(44) Eden regions: 38->0(37)
[2026-05-23T03:39:18.318+0000][66.059s][gc,heap     ] GC(44) Survivor regions: 5->6(6)
[2026-05-23T03:39:18.318+0000][66.059s][gc,heap     ] GC(44) Old regions: 142->145
[2026-05-23T03:39:18.318+0000][66.059s][gc,heap     ] GC(44) Archive regions: 2->2
[2026-05-23T03:39:18.318+0000][66.059s][gc,heap     ] GC(44) Humongous regions: 0->0
[2026-05-23T03:39:18.318+0000][66.059s][gc,metaspace] GC(44) Metaspace: 38427K(38912K)->38427K(38912K) NonClass: 34154K(34432K)->34154K(34432K) Class: 4272K(4480K)->4272K(4480K)
[2026-05-23T03:39:18.318+0000][66.059s][gc          ] GC(44) Pause Young (Normal) (G1 Evacuation Pause) 2955M->2407M(14032M) 211.661ms
[2026-05-23T03:39:18.318+0000][66.059s][gc,cpu      ] GC(44) User=0.81s Sys=0.02s Real=0.21s
[2026-05-23T03:39:19.531+0000][67.272s][gc,start    ] GC(45) Pause Young (Normal) (G1 Evacuation Pause)
[2026-05-23T03:39:19.531+0000][67.272s][gc,task     ] GC(45) Using 4 workers of 4 for evacuation
[2026-05-23T03:39:19.770+0000][67.511s][gc,mmu      ] GC(45) MMU target violated: 201.0ms (200.0ms/201.0ms)
[2026-05-23T03:39:19.770+0000][67.511s][gc,phases   ] GC(45)   Pre Evacuate Collection Set: 0.10ms
[2026-05-23T03:39:19.770+0000][67.511s][gc,phases   ] GC(45)   Merge Heap Roots: 2.51ms
[2026-05-23T03:39:19.770+0000][67.511s][gc,phases   ] GC(45)   Evacuate Collection Set: 235.28ms
[2026-05-23T03:39:19.770+0000][67.511s][gc,phases   ] GC(45)   Post Evacuate Collection Set: 0.76ms
[2026-05-23T03:39:19.770+0000][67.511s][gc,phases   ] GC(45)   Other: 0.54ms
[2026-05-23T03:39:19.770+0000][67.511s][gc,heap     ] GC(45) Eden regions: 37->0(37)
[2026-05-23T03:39:19.770+0000][67.511s][gc,heap     ] GC(45) Survivor regions: 6->6(6)
[2026-05-23T03:39:19.770+0000][67.511s][gc,heap     ] GC(45) Old regions: 145->150
[2026-05-23T03:39:19.770+0000][67.511s][gc,heap     ] GC(45) Archive regions: 2->2
[2026-05-23T03:39:19.770+0000][67.511s][gc,heap     ] GC(45) Humongous regions: 0->0
[2026-05-23T03:39:19.770+0000][67.511s][gc,metaspace] GC(45) Metaspace: 38430K(38912K)->38430K(38912K) NonClass: 34157K(34432K)->34157K(34432K) Class: 4272K(4480K)->4272K(4480K)
[2026-05-23T03:39:19.770+0000][67.511s][gc          ] GC(45) Pause Young (Normal) (G1 Evacuation Pause) 2999M->2489M(14032M) 239.240ms
[2026-05-23T03:39:19.770+0000][67.511s][gc,cpu      ] GC(45) User=0.93s Sys=0.01s Real=0.24s
[2026-05-23T03:39:20.943+0000][68.684s][gc,start    ] GC(46) Pause Young (Normal) (G1 Evacuation Pause)
[2026-05-23T03:39:20.943+0000][68.684s][gc,task     ] GC(46) Using 4 workers of 4 for evacuation
[2026-05-23T03:39:21.135+0000][68.876s][gc,phases   ] GC(46)   Pre Evacuate Collection Set: 0.11ms
[2026-05-23T03:39:21.135+0000][68.876s][gc,phases   ] GC(46)   Merge Heap Roots: 1.94ms
[2026-05-23T03:39:21.135+0000][68.876s][gc,phases   ] GC(46)   Evacuate Collection Set: 188.72ms
[2026-05-23T03:39:21.135+0000][68.876s][gc,phases   ] GC(46)   Post Evacuate Collection Set: 0.73ms
[2026-05-23T03:39:21.135+0000][68.876s][gc,phases   ] GC(46)   Other: 0.13ms
[2026-05-23T03:39:21.135+0000][68.876s][gc,heap     ] GC(46) Eden regions: 37->0(37)
[2026-05-23T03:39:21.135+0000][68.876s][gc,heap     ] GC(46) Survivor regions: 6->6(6)
[2026-05-23T03:39:21.135+0000][68.876s][gc,heap     ] GC(46) Old regions: 150->155
[2026-05-23T03:39:21.135+0000][68.876s][gc,heap     ] GC(46) Archive regions: 2->2
[2026-05-23T03:39:21.135+0000][68.876s][gc,heap     ] GC(46) Humongous regions: 0->0
[2026-05-23T03:39:21.135+0000][68.876s][gc,metaspace] GC(46) Metaspace: 38430K(38912K)->38430K(38912K) NonClass: 34157K(34432K)->34157K(34432K) Class: 4272K(4480K)->4272K(4480K)
[2026-05-23T03:39:21.135+0000][68.876s][gc          ] GC(46) Pause Young (Normal) (G1 Evacuation Pause) 3081M->2586M(14032M) 191.735ms
[2026-05-23T03:39:21.135+0000][68.876s][gc,cpu      ] GC(46) User=0.73s Sys=0.02s Real=0.19s
[2026-05-23T03:39:30.760+0000][78.501s][gc,start    ] GC(47) Pause Young (Normal) (G1 Evacuation Pause)
[2026-05-23T03:39:30.760+0000][78.501s][gc,task     ] GC(47) Using 4 workers of 4 for evacuation
[2026-05-23T03:39:30.967+0000][78.708s][gc,mmu      ] GC(47) MMU target violated: 201.0ms (200.0ms/201.0ms)
[2026-05-23T03:39:30.967+0000][78.709s][gc,phases   ] GC(47)   Pre Evacuate Collection Set: 0.11ms
[2026-05-23T03:39:30.967+0000][78.709s][gc,phases   ] GC(47)   Merge Heap Roots: 3.59ms
[2026-05-23T03:39:30.967+0000][78.709s][gc,phases   ] GC(47)   Evacuate Collection Set: 199.67ms
[2026-05-23T03:39:30.967+0000][78.709s][gc,phases   ] GC(47)   Post Evacuate Collection Set: 3.63ms
[2026-05-23T03:39:30.967+0000][78.709s][gc,phases   ] GC(47)   Other: 0.55ms
[2026-05-23T03:39:30.967+0000][78.709s][gc,heap     ] GC(47) Eden regions: 37->0(42)
[2026-05-23T03:39:30.967+0000][78.709s][gc,heap     ] GC(47) Survivor regions: 6->6(6)
[2026-05-23T03:39:30.967+0000][78.709s][gc,heap     ] GC(47) Old regions: 155->157
[2026-05-23T03:39:30.967+0000][78.709s][gc,heap     ] GC(47) Archive regions: 2->2
[2026-05-23T03:39:30.967+0000][78.709s][gc,heap     ] GC(47) Humongous regions: 0->0
[2026-05-23T03:39:30.967+0000][78.709s][gc,metaspace] GC(47) Metaspace: 38437K(38912K)->38437K(38912K) NonClass: 34164K(34432K)->34164K(34432K) Class: 4272K(4480K)->4272K(4480K)
[2026-05-23T03:39:30.967+0000][78.709s][gc          ] GC(47) Pause Young (Normal) (G1 Evacuation Pause) 3178M->2611M(15600M) 207.599ms
[2026-05-23T03:39:30.968+0000][78.709s][gc,cpu      ] GC(47) User=0.80s Sys=0.01s Real=0.20s
[2026-05-23T03:39:32.701+0000][80.442s][gc,start    ] GC(48) Pause Young (Normal) (G1 Evacuation Pause)
[2026-05-23T03:39:32.701+0000][80.442s][gc,task     ] GC(48) Using 4 workers of 4 for evacuation
[2026-05-23T03:39:33.000+0000][80.741s][gc,mmu      ] GC(48) MMU target violated: 201.0ms (200.0ms/201.0ms)
[2026-05-23T03:39:33.000+0000][80.741s][gc,phases   ] GC(48)   Pre Evacuate Collection Set: 0.12ms
[2026-05-23T03:39:33.000+0000][80.741s][gc,phases   ] GC(48)   Merge Heap Roots: 2.58ms
[2026-05-23T03:39:33.000+0000][80.741s][gc,phases   ] GC(48)   Evacuate Collection Set: 295.81ms
[2026-05-23T03:39:33.000+0000][80.741s][gc,phases   ] GC(48)   Post Evacuate Collection Set: 0.79ms
[2026-05-23T03:39:33.000+0000][80.741s][gc,phases   ] GC(48)   Other: 0.20ms
[2026-05-23T03:39:33.000+0000][80.741s][gc,heap     ] GC(48) Eden regions: 42->0(42)
[2026-05-23T03:39:33.000+0000][80.741s][gc,heap     ] GC(48) Survivor regions: 6->6(6)
[2026-05-23T03:39:33.000+0000][80.741s][gc,heap     ] GC(48) Old regions: 157->164
[2026-05-23T03:39:33.000+0000][80.741s][gc,heap     ] GC(48) Archive regions: 2->2
[2026-05-23T03:39:33.000+0000][80.741s][gc,heap     ] GC(48) Humongous regions: 0->0
[2026-05-23T03:39:33.000+0000][80.741s][gc,metaspace] GC(48) Metaspace: 38449K(38912K)->38449K(38912K) NonClass: 34176K(34432K)->34176K(34432K) Class: 4272K(4480K)->4272K(4480K)
[2026-05-23T03:39:33.000+0000][80.741s][gc          ] GC(48) Pause Young (Normal) (G1 Evacuation Pause) 3283M->2721M(15600M) 299.555ms
[2026-05-23T03:39:33.000+0000][80.741s][gc,cpu      ] GC(48) User=1.12s Sys=0.06s Real=0.30s
[2026-05-23T03:39:36.024+0000][83.765s][gc,start    ] GC(49) Pause Young (Normal) (G1 Evacuation Pause)
[2026-05-23T03:39:36.024+0000][83.766s][gc,task     ] GC(49) Using 4 workers of 4 for evacuation
[2026-05-23T03:39:36.231+0000][83.972s][gc,mmu      ] GC(49) MMU target violated: 201.0ms (200.0ms/201.0ms)
[2026-05-23T03:39:36.231+0000][83.972s][gc,phases   ] GC(49)   Pre Evacuate Collection Set: 0.13ms
[2026-05-23T03:39:36.231+0000][83.972s][gc,phases   ] GC(49)   Merge Heap Roots: 1.96ms
[2026-05-23T03:39:36.231+0000][83.972s][gc,phases   ] GC(49)   Evacuate Collection Set: 202.96ms
[2026-05-23T03:39:36.231+0000][83.972s][gc,phases   ] GC(49)   Post Evacuate Collection Set: 0.95ms
[2026-05-23T03:39:36.231+0000][83.972s][gc,phases   ] GC(49)   Other: 0.52ms
[2026-05-23T03:39:36.231+0000][83.972s][gc,heap     ] GC(49) Eden regions: 42->0(42)
[2026-05-23T03:39:36.231+0000][83.972s][gc,heap     ] GC(49) Survivor regions: 6->6(6)
[2026-05-23T03:39:36.231+0000][83.972s][gc,heap     ] GC(49) Old regions: 164->169
[2026-05-23T03:39:36.231+0000][83.972s][gc,heap     ] GC(49) Archive regions: 2->2
[2026-05-23T03:39:36.231+0000][83.972s][gc,heap     ] GC(49) Humongous regions: 0->0
[2026-05-23T03:39:36.231+0000][83.972s][gc,metaspace] GC(49) Metaspace: 38451K(38912K)->38451K(38912K) NonClass: 34178K(34432K)->34178K(34432K) Class: 4272K(4480K)->4272K(4480K)
[2026-05-23T03:39:36.231+0000][83.972s][gc          ] GC(49) Pause Young (Normal) (G1 Evacuation Pause) 3393M->2808M(15600M) 206.578ms
[2026-05-23T03:39:36.231+0000][83.972s][gc,cpu      ] GC(49) User=0.78s Sys=0.04s Real=0.21s
[2026-05-23T03:39:39.916+0000][87.657s][gc,start    ] GC(50) Pause Young (Normal) (G1 Evacuation Pause)
[2026-05-23T03:39:39.916+0000][87.657s][gc,task     ] GC(50) Using 4 workers of 4 for evacuation
[2026-05-23T03:39:40.093+0000][87.834s][gc,phases   ] GC(50)   Pre Evacuate Collection Set: 0.11ms
[2026-05-23T03:39:40.093+0000][87.834s][gc,phases   ] GC(50)   Merge Heap Roots: 1.77ms
[2026-05-23T03:39:40.093+0000][87.834s][gc,phases   ] GC(50)   Evacuate Collection Set: 174.11ms
[2026-05-23T03:39:40.093+0000][87.834s][gc,phases   ] GC(50)   Post Evacuate Collection Set: 0.96ms
[2026-05-23T03:39:40.093+0000][87.835s][gc,phases   ] GC(50)   Other: 0.49ms
[2026-05-23T03:39:40.093+0000][87.835s][gc,heap     ] GC(50) Eden regions: 42->0(42)
[2026-05-23T03:39:40.093+0000][87.835s][gc,heap     ] GC(50) Survivor regions: 6->6(6)
[2026-05-23T03:39:40.093+0000][87.835s][gc,heap     ] GC(50) Old regions: 169->173
[2026-05-23T03:39:40.093+0000][87.835s][gc,heap     ] GC(50) Archive regions: 2->2
[2026-05-23T03:39:40.093+0000][87.835s][gc,heap     ] GC(50) Humongous regions: 0->0
[2026-05-23T03:39:40.093+0000][87.835s][gc,metaspace] GC(50) Metaspace: 38452K(38912K)->38452K(38912K) NonClass: 34179K(34432K)->34179K(34432K) Class: 4272K(4480K)->4272K(4480K)
[2026-05-23T03:39:40.093+0000][87.835s][gc          ] GC(50) Pause Young (Normal) (G1 Evacuation Pause) 3480M->2871M(15600M) 177.544ms
[2026-05-23T03:39:40.093+0000][87.835s][gc,cpu      ] GC(50) User=0.69s Sys=0.02s Real=0.18s
[2026-05-23T03:39:41.726+0000][89.468s][gc,start    ] GC(51) Pause Young (Normal) (G1 Evacuation Pause)
[2026-05-23T03:39:41.726+0000][89.468s][gc,task     ] GC(51) Using 4 workers of 4 for evacuation
[2026-05-23T03:39:41.965+0000][89.706s][gc,mmu      ] GC(51) MMU target violated: 201.0ms (200.0ms/201.0ms)
[2026-05-23T03:39:41.965+0000][89.706s][gc,phases   ] GC(51)   Pre Evacuate Collection Set: 0.11ms
[2026-05-23T03:39:41.965+0000][89.706s][gc,phases   ] GC(51)   Merge Heap Roots: 1.43ms
[2026-05-23T03:39:41.965+0000][89.706s][gc,phases   ] GC(51)   Evacuate Collection Set: 235.79ms
[2026-05-23T03:39:41.965+0000][89.706s][gc,phases   ] GC(51)   Post Evacuate Collection Set: 0.83ms
[2026-05-23T03:39:41.965+0000][89.706s][gc,phases   ] GC(51)   Other: 0.20ms
[2026-05-23T03:39:41.965+0000][89.706s][gc,heap     ] GC(51) Eden regions: 42->0(42)
[2026-05-23T03:39:41.965+0000][89.706s][gc,heap     ] GC(51) Survivor regions: 6->6(6)
[2026-05-23T03:39:41.965+0000][89.706s][gc,heap     ] GC(51) Old regions: 173->180
[2026-05-23T03:39:41.965+0000][89.706s][gc,heap     ] GC(51) Archive regions: 2->2
[2026-05-23T03:39:41.965+0000][89.706s][gc,heap     ] GC(51) Humongous regions: 0->0
[2026-05-23T03:39:41.965+0000][89.706s][gc,metaspace] GC(51) Metaspace: 38452K(38912K)->38452K(38912K) NonClass: 34179K(34432K)->34179K(34432K) Class: 4272K(4480K)->4272K(4480K)
[2026-05-23T03:39:41.965+0000][89.706s][gc          ] GC(51) Pause Young (Normal) (G1 Evacuation Pause) 3543M->2991M(15600M) 238.418ms
[2026-05-23T03:39:41.965+0000][89.706s][gc,cpu      ] GC(51) User=0.91s Sys=0.03s Real=0.24s
[2026-05-23T03:39:43.450+0000][91.191s][gc,start    ] GC(52) Pause Young (Normal) (G1 Evacuation Pause)
[2026-05-23T03:39:43.450+0000][91.191s][gc,task     ] GC(52) Using 4 workers of 4 for evacuation
[2026-05-23T03:39:43.655+0000][91.396s][gc,mmu      ] GC(52) MMU target violated: 201.0ms (200.0ms/201.0ms)
[2026-05-23T03:39:43.655+0000][91.396s][gc,phases   ] GC(52)   Pre Evacuate Collection Set: 0.11ms
[2026-05-23T03:39:43.655+0000][91.396s][gc,phases   ] GC(52)   Merge Heap Roots: 1.55ms
[2026-05-23T03:39:43.655+0000][91.396s][gc,phases   ] GC(52)   Evacuate Collection Set: 202.20ms
[2026-05-23T03:39:43.655+0000][91.396s][gc,phases   ] GC(52)   Post Evacuate Collection Set: 0.75ms
[2026-05-23T03:39:43.655+0000][91.396s][gc,phases   ] GC(52)   Other: 0.55ms
[2026-05-23T03:39:43.655+0000][91.396s][gc,heap     ] GC(52) Eden regions: 42->0(42)
[2026-05-23T03:39:43.655+0000][91.396s][gc,heap     ] GC(52) Survivor regions: 6->6(6)
[2026-05-23T03:39:43.655+0000][91.396s][gc,heap     ] GC(52) Old regions: 180->187
[2026-05-23T03:39:43.655+0000][91.396s][gc,heap     ] GC(52) Archive regions: 2->2
[2026-05-23T03:39:43.655+0000][91.396s][gc,heap     ] GC(52) Humongous regions: 0->0
[2026-05-23T03:39:43.655+0000][91.396s][gc,metaspace] GC(52) Metaspace: 38452K(38912K)->38452K(38912K) NonClass: 34179K(34432K)->34179K(34432K) Class: 4272K(4480K)->4272K(4480K)
[2026-05-23T03:39:43.655+0000][91.396s][gc          ] GC(52) Pause Young (Normal) (G1 Evacuation Pause) 3663M->3098M(15600M) 205.222ms
[2026-05-23T03:39:43.655+0000][91.396s][gc,cpu      ] GC(52) User=0.79s Sys=0.02s Real=0.20s
[2026-05-23T03:39:49.517+0000][97.258s][gc,start    ] GC(53) Pause Young (Normal) (G1 Evacuation Pause)
[2026-05-23T03:39:49.517+0000][97.258s][gc,task     ] GC(53) Using 4 workers of 4 for evacuation
[2026-05-23T03:39:49.622+0000][97.363s][gc,phases   ] GC(53)   Pre Evacuate Collection Set: 0.13ms
[2026-05-23T03:39:49.622+0000][97.363s][gc,phases   ] GC(53)   Merge Heap Roots: 3.09ms
[2026-05-23T03:39:49.622+0000][97.363s][gc,phases   ] GC(53)   Evacuate Collection Set: 100.28ms
[2026-05-23T03:39:49.622+0000][97.363s][gc,phases   ] GC(53)   Post Evacuate Collection Set: 1.03ms
[2026-05-23T03:39:49.622+0000][97.363s][gc,phases   ] GC(53)   Other: 0.48ms
[2026-05-23T03:39:49.622+0000][97.363s][gc,heap     ] GC(53) Eden regions: 42->0(46)
[2026-05-23T03:39:49.622+0000][97.363s][gc,heap     ] GC(53) Survivor regions: 6->2(6)
[2026-05-23T03:39:49.622+0000][97.363s][gc,heap     ] GC(53) Old regions: 187->188
[2026-05-23T03:39:49.622+0000][97.363s][gc,heap     ] GC(53) Archive regions: 2->2
[2026-05-23T03:39:49.622+0000][97.363s][gc,heap     ] GC(53) Humongous regions: 0->0
[2026-05-23T03:39:49.622+0000][97.363s][gc,metaspace] GC(53) Metaspace: 38452K(38912K)->38452K(38912K) NonClass: 34179K(34432K)->34179K(34432K) Class: 4272K(4480K)->4272K(4480K)
[2026-05-23T03:39:49.622+0000][97.363s][gc          ] GC(53) Pause Young (Normal) (G1 Evacuation Pause) 3770M->3047M(15600M) 105.107ms
[2026-05-23T03:39:49.622+0000][97.363s][gc,cpu      ] GC(53) User=0.40s Sys=0.00s Real=0.11s
[2026-05-23T03:39:51.950+0000][99.691s][gc,start    ] GC(54) Pause Young (Normal) (G1 Evacuation Pause)
[2026-05-23T03:39:51.950+0000][99.691s][gc,task     ] GC(54) Using 4 workers of 4 for evacuation
[2026-05-23T03:39:52.104+0000][99.845s][gc,phases   ] GC(54)   Pre Evacuate Collection Set: 0.11ms
[2026-05-23T03:39:52.104+0000][99.845s][gc,phases   ] GC(54)   Merge Heap Roots: 2.19ms
[2026-05-23T03:39:52.104+0000][99.845s][gc,phases   ] GC(54)   Evacuate Collection Set: 150.53ms
[2026-05-23T03:39:52.104+0000][99.845s][gc,phases   ] GC(54)   Post Evacuate Collection Set: 0.86ms
[2026-05-23T03:39:52.104+0000][99.845s][gc,phases   ] GC(54)   Other: 0.13ms
[2026-05-23T03:39:52.104+0000][99.845s][gc,heap     ] GC(54) Eden regions: 46->0(42)
[2026-05-23T03:39:52.104+0000][99.845s][gc,heap     ] GC(54) Survivor regions: 2->6(6)
[2026-05-23T03:39:52.104+0000][99.845s][gc,heap     ] GC(54) Old regions: 188->189
[2026-05-23T03:39:52.104+0000][99.845s][gc,heap     ] GC(54) Archive regions: 2->2
[2026-05-23T03:39:52.104+0000][99.845s][gc,heap     ] GC(54) Humongous regions: 0->0
[2026-05-23T03:39:52.104+0000][99.845s][gc,metaspace] GC(54) Metaspace: 38455K(38912K)->38455K(38912K) NonClass: 34182K(34432K)->34182K(34432K) Class: 4272K(4480K)->4272K(4480K)
[2026-05-23T03:39:52.104+0000][99.845s][gc          ] GC(54) Pause Young (Normal) (G1 Evacuation Pause) 3783M->3128M(15600M) 153.926ms
[2026-05-23T03:39:52.104+0000][99.845s][gc,cpu      ] GC(54) User=0.59s Sys=0.00s Real=0.15s
[2026-05-23T03:39:53.614+0000][101.356s][gc,start    ] GC(55) Pause Young (Normal) (G1 Evacuation Pause)
[2026-05-23T03:39:53.615+0000][101.356s][gc,task     ] GC(55) Using 4 workers of 4 for evacuation
[2026-05-23T03:39:53.876+0000][101.617s][gc,mmu      ] GC(55) MMU target violated: 201.0ms (200.0ms/201.0ms)
[2026-05-23T03:39:53.876+0000][101.617s][gc,phases   ] GC(55)   Pre Evacuate Collection Set: 0.11ms
[2026-05-23T03:39:53.876+0000][101.617s][gc,phases   ] GC(55)   Merge Heap Roots: 1.87ms
[2026-05-23T03:39:53.876+0000][101.617s][gc,phases   ] GC(55)   Evacuate Collection Set: 258.38ms
[2026-05-23T03:39:53.876+0000][101.617s][gc,phases   ] GC(55)   Post Evacuate Collection Set: 0.73ms
[2026-05-23T03:39:53.876+0000][101.617s][gc,phases   ] GC(55)   Other: 0.56ms
[2026-05-23T03:39:53.876+0000][101.617s][gc,heap     ] GC(55) Eden regions: 42->0(42)
[2026-05-23T03:39:53.876+0000][101.617s][gc,heap     ] GC(55) Survivor regions: 6->6(6)
[2026-05-23T03:39:53.876+0000][101.617s][gc,heap     ] GC(55) Old regions: 189->196
[2026-05-23T03:39:53.876+0000][101.617s][gc,heap     ] GC(55) Archive regions: 2->2
[2026-05-23T03:39:53.876+0000][101.617s][gc,heap     ] GC(55) Humongous regions: 0->0
[2026-05-23T03:39:53.876+0000][101.617s][gc,metaspace] GC(55) Metaspace: 38455K(38912K)->38455K(38912K) NonClass: 34182K(34432K)->34182K(34432K) Class: 4272K(4480K)->4272K(4480K)
[2026-05-23T03:39:53.876+0000][101.617s][gc          ] GC(55) Pause Young (Normal) (G1 Evacuation Pause) 3800M->3243M(15600M) 261.710ms
[2026-05-23T03:39:53.876+0000][101.617s][gc,cpu      ] GC(55) User=0.99s Sys=0.03s Real=0.26s
[2026-05-23T03:39:56.719+0000][104.460s][gc,start    ] GC(56) Pause Young (Normal) (G1 Evacuation Pause)
[2026-05-23T03:39:56.719+0000][104.460s][gc,task     ] GC(56) Using 4 workers of 4 for evacuation
[2026-05-23T03:39:56.928+0000][104.669s][gc,mmu      ] GC(56) MMU target violated: 201.0ms (200.0ms/201.0ms)
[2026-05-23T03:39:56.928+0000][104.669s][gc,phases   ] GC(56)   Pre Evacuate Collection Set: 0.11ms
[2026-05-23T03:39:56.928+0000][104.669s][gc,phases   ] GC(56)   Merge Heap Roots: 2.10ms
[2026-05-23T03:39:56.928+0000][104.669s][gc,phases   ] GC(56)   Evacuate Collection Set: 203.00ms
[2026-05-23T03:39:56.928+0000][104.669s][gc,phases   ] GC(56)   Post Evacuate Collection Set: 3.51ms
[2026-05-23T03:39:56.928+0000][104.669s][gc,phases   ] GC(56)   Other: 0.53ms
[2026-05-23T03:39:56.928+0000][104.669s][gc,heap     ] GC(56) Eden regions: 42->0(47)
[2026-05-23T03:39:56.928+0000][104.669s][gc,heap     ] GC(56) Survivor regions: 6->6(6)
[2026-05-23T03:39:56.928+0000][104.669s][gc,heap     ] GC(56) Old regions: 196->202
[2026-05-23T03:39:56.928+0000][104.669s][gc,heap     ] GC(56) Archive regions: 2->2
[2026-05-23T03:39:56.928+0000][104.669s][gc,heap     ] GC(56) Humongous regions: 0->0
[2026-05-23T03:39:56.928+0000][104.669s][gc,metaspace] GC(56) Metaspace: 38457K(38912K)->38457K(38912K) NonClass: 34184K(34432K)->34184K(34432K) Class: 4272K(4480K)->4272K(4480K)
[2026-05-23T03:39:56.928+0000][104.669s][gc          ] GC(56) Pause Young (Normal) (G1 Evacuation Pause) 3915M->3332M(16976M) 209.305ms
[2026-05-23T03:39:56.928+0000][104.669s][gc,cpu      ] GC(56) User=0.80s Sys=0.02s Real=0.20s
[2026-05-23T03:40:00.811+0000][108.553s][gc,start    ] GC(57) Pause Young (Normal) (G1 Evacuation Pause)
[2026-05-23T03:40:00.811+0000][108.553s][gc,task     ] GC(57) Using 4 workers of 4 for evacuation
[2026-05-23T03:40:01.026+0000][108.768s][gc,mmu      ] GC(57) MMU target violated: 201.0ms (200.0ms/201.0ms)
[2026-05-23T03:40:01.027+0000][108.768s][gc,phases   ] GC(57)   Pre Evacuate Collection Set: 0.13ms
[2026-05-23T03:40:01.027+0000][108.768s][gc,phases   ] GC(57)   Merge Heap Roots: 1.73ms
[2026-05-23T03:40:01.027+0000][108.768s][gc,phases   ] GC(57)   Evacuate Collection Set: 212.44ms
[2026-05-23T03:40:01.027+0000][108.768s][gc,phases   ] GC(57)   Post Evacuate Collection Set: 0.59ms
[2026-05-23T03:40:01.027+0000][108.768s][gc,phases   ] GC(57)   Other: 0.18ms
[2026-05-23T03:40:01.027+0000][108.768s][gc,heap     ] GC(57) Eden regions: 47->0(46)
[2026-05-23T03:40:01.027+0000][108.768s][gc,heap     ] GC(57) Survivor regions: 6->7(7)
[2026-05-23T03:40:01.027+0000][108.768s][gc,heap     ] GC(57) Old regions: 202->206
[2026-05-23T03:40:01.027+0000][108.768s][gc,heap     ] GC(57) Archive regions: 2->2
[2026-05-23T03:40:01.027+0000][108.768s][gc,heap     ] GC(57) Humongous regions: 0->0
[2026-05-23T03:40:01.027+0000][108.768s][gc,metaspace] GC(57) Metaspace: 38457K(38912K)->38457K(38912K) NonClass: 34184K(34432K)->34184K(34432K) Class: 4272K(4480K)->4272K(4480K)
[2026-05-23T03:40:01.027+0000][108.768s][gc          ] GC(57) Pause Young (Normal) (G1 Evacuation Pause) 4084M->3423M(16976M) 215.159ms
[2026-05-23T03:40:01.027+0000][108.768s][gc,cpu      ] GC(57) User=0.81s Sys=0.04s Real=0.21s
[2026-05-23T03:40:04.785+0000][112.526s][gc,start    ] GC(58) Pause Young (Normal) (G1 Evacuation Pause)
[2026-05-23T03:40:04.785+0000][112.526s][gc,task     ] GC(58) Using 4 workers of 4 for evacuation
[2026-05-23T03:40:04.968+0000][112.709s][gc,phases   ] GC(58)   Pre Evacuate Collection Set: 0.12ms
[2026-05-23T03:40:04.968+0000][112.709s][gc,phases   ] GC(58)   Merge Heap Roots: 1.14ms
[2026-05-23T03:40:04.968+0000][112.709s][gc,phases   ] GC(58)   Evacuate Collection Set: 180.98ms
[2026-05-23T03:40:04.968+0000][112.709s][gc,phases   ] GC(58)   Post Evacuate Collection Set: 0.77ms
[2026-05-23T03:40:04.968+0000][112.709s][gc,phases   ] GC(58)   Other: 0.51ms
[2026-05-23T03:40:04.968+0000][112.710s][gc,heap     ] GC(58) Eden regions: 46->0(46)
[2026-05-23T03:40:04.968+0000][112.710s][gc,heap     ] GC(58) Survivor regions: 7->7(7)
[2026-05-23T03:40:04.968+0000][112.710s][gc,heap     ] GC(58) Old regions: 206->211
[2026-05-23T03:40:04.968+0000][112.710s][gc,heap     ] GC(58) Archive regions: 2->2
[2026-05-23T03:40:04.968+0000][112.710s][gc,heap     ] GC(58) Humongous regions: 0->0
[2026-05-23T03:40:04.968+0000][112.710s][gc,metaspace] GC(58) Metaspace: 38460K(38912K)->38460K(38912K) NonClass: 34187K(34432K)->34187K(34432K) Class: 4272K(4480K)->4272K(4480K)
[2026-05-23T03:40:04.968+0000][112.710s][gc          ] GC(58) Pause Young (Normal) (G1 Evacuation Pause) 4159M->3491M(16976M) 183.605ms
[2026-05-23T03:40:04.968+0000][112.710s][gc,cpu      ] GC(58) User=0.68s Sys=0.04s Real=0.18s
[2026-05-23T03:40:08.632+0000][116.373s][gc,start    ] GC(59) Pause Young (Normal) (G1 Evacuation Pause)
[2026-05-23T03:40:08.632+0000][116.373s][gc,task     ] GC(59) Using 4 workers of 4 for evacuation
[2026-05-23T03:40:08.828+0000][116.569s][gc,phases   ] GC(59)   Pre Evacuate Collection Set: 0.11ms
[2026-05-23T03:40:08.828+0000][116.569s][gc,phases   ] GC(59)   Merge Heap Roots: 1.93ms
[2026-05-23T03:40:08.828+0000][116.569s][gc,phases   ] GC(59)   Evacuate Collection Set: 192.88ms
[2026-05-23T03:40:08.828+0000][116.569s][gc,phases   ] GC(59)   Post Evacuate Collection Set: 0.79ms
[2026-05-23T03:40:08.828+0000][116.569s][gc,phases   ] GC(59)   Other: 0.14ms
[2026-05-23T03:40:08.828+0000][116.569s][gc,heap     ] GC(59) Eden regions: 46->0(46)
[2026-05-23T03:40:08.828+0000][116.569s][gc,heap     ] GC(59) Survivor regions: 7->7(7)
[2026-05-23T03:40:08.828+0000][116.569s][gc,heap     ] GC(59) Old regions: 211->215
[2026-05-23T03:40:08.828+0000][116.569s][gc,heap     ] GC(59) Archive regions: 2->2
[2026-05-23T03:40:08.828+0000][116.569s][gc,heap     ] GC(59) Humongous regions: 0->0
[2026-05-23T03:40:08.828+0000][116.569s][gc,metaspace] GC(59) Metaspace: 38460K(38912K)->38460K(38912K) NonClass: 34187K(34432K)->34187K(34432K) Class: 4272K(4480K)->4272K(4480K)
[2026-05-23T03:40:08.828+0000][116.569s][gc          ] GC(59) Pause Young (Normal) (G1 Evacuation Pause) 4227M->3567M(16976M) 195.953ms
[2026-05-23T03:40:08.828+0000][116.569s][gc,cpu      ] GC(59) User=0.76s Sys=0.02s Real=0.19s
[2026-05-23T03:40:15.272+0000][123.013s][gc,start    ] GC(60) Pause Young (Normal) (G1 Evacuation Pause)
[2026-05-23T03:40:15.272+0000][123.013s][gc,task     ] GC(60) Using 4 workers of 4 for evacuation
[2026-05-23T03:40:15.441+0000][123.182s][gc,phases   ] GC(60)   Pre Evacuate Collection Set: 0.12ms
[2026-05-23T03:40:15.441+0000][123.182s][gc,phases   ] GC(60)   Merge Heap Roots: 2.11ms
[2026-05-23T03:40:15.441+0000][123.182s][gc,phases   ] GC(60)   Evacuate Collection Set: 165.70ms
[2026-05-23T03:40:15.441+0000][123.182s][gc,phases   ] GC(60)   Post Evacuate Collection Set: 0.85ms
[2026-05-23T03:40:15.441+0000][123.182s][gc,phases   ] GC(60)   Other: 0.51ms
[2026-05-23T03:40:15.441+0000][123.183s][gc,heap     ] GC(60) Eden regions: 46->0(46)
[2026-05-23T03:40:15.441+0000][123.183s][gc,heap     ] GC(60) Survivor regions: 7->7(7)
[2026-05-23T03:40:15.441+0000][123.183s][gc,heap     ] GC(60) Old regions: 215->219
[2026-05-23T03:40:15.441+0000][123.183s][gc,heap     ] GC(60) Archive regions: 2->2
[2026-05-23T03:40:15.441+0000][123.183s][gc,heap     ] GC(60) Humongous regions: 0->0
[2026-05-23T03:40:15.441+0000][123.183s][gc,metaspace] GC(60) Metaspace: 38460K(38912K)->38460K(38912K) NonClass: 34187K(34432K)->34187K(34432K) Class: 4272K(4480K)->4272K(4480K)
[2026-05-23T03:40:15.441+0000][123.183s][gc          ] GC(60) Pause Young (Normal) (G1 Evacuation Pause) 4303M->3614M(16976M) 169.387ms
[2026-05-23T03:40:15.441+0000][123.183s][gc,cpu      ] GC(60) User=0.65s Sys=0.02s Real=0.17s
[2026-05-23T03:40:17.205+0000][124.947s][gc,start    ] GC(61) Pause Young (Normal) (G1 Evacuation Pause)
[2026-05-23T03:40:17.205+0000][124.947s][gc,task     ] GC(61) Using 4 workers of 4 for evacuation
[2026-05-23T03:40:17.459+0000][125.200s][gc,mmu      ] GC(61) MMU target violated: 201.0ms (200.0ms/201.0ms)
[2026-05-23T03:40:17.459+0000][125.200s][gc,phases   ] GC(61)   Pre Evacuate Collection Set: 0.13ms
[2026-05-23T03:40:17.459+0000][125.200s][gc,phases   ] GC(61)   Merge Heap Roots: 1.96ms
[2026-05-23T03:40:17.459+0000][125.200s][gc,phases   ] GC(61)   Evacuate Collection Set: 250.43ms
[2026-05-23T03:40:17.459+0000][125.200s][gc,phases   ] GC(61)   Post Evacuate Collection Set: 0.80ms
[2026-05-23T03:40:17.459+0000][125.200s][gc,phases   ] GC(61)   Other: 0.15ms
[2026-05-23T03:40:17.459+0000][125.200s][gc,heap     ] GC(61) Eden regions: 46->0(46)
[2026-05-23T03:40:17.459+0000][125.200s][gc,heap     ] GC(61) Survivor regions: 7->7(7)
[2026-05-23T03:40:17.459+0000][125.200s][gc,heap     ] GC(61) Old regions: 219->226
[2026-05-23T03:40:17.459+0000][125.200s][gc,heap     ] GC(61) Archive regions: 2->2
[2026-05-23T03:40:17.459+0000][125.200s][gc,heap     ] GC(61) Humongous regions: 0->0
[2026-05-23T03:40:17.459+0000][125.200s][gc,metaspace] GC(61) Metaspace: 38468K(38912K)->38468K(38912K) NonClass: 34195K(34432K)->34195K(34432K) Class: 4272K(4480K)->4272K(4480K)
[2026-05-23T03:40:17.459+0000][125.200s][gc          ] GC(61) Pause Young (Normal) (G1 Evacuation Pause) 4350M->3743M(16976M) 253.516ms
[2026-05-23T03:40:17.459+0000][125.200s][gc,cpu      ] GC(61) User=0.97s Sys=0.03s Real=0.26s
[2026-05-23T03:40:19.051+0000][126.792s][gc,start    ] GC(62) Pause Young (Normal) (G1 Evacuation Pause)
[2026-05-23T03:40:19.051+0000][126.792s][gc,task     ] GC(62) Using 4 workers of 4 for evacuation
[2026-05-23T03:40:19.310+0000][127.052s][gc,mmu      ] GC(62) MMU target violated: 201.0ms (200.0ms/201.0ms)
[2026-05-23T03:40:19.310+0000][127.052s][gc,phases   ] GC(62)   Pre Evacuate Collection Set: 0.15ms
[2026-05-23T03:40:19.310+0000][127.052s][gc,phases   ] GC(62)   Merge Heap Roots: 2.33ms
[2026-05-23T03:40:19.310+0000][127.052s][gc,phases   ] GC(62)   Evacuate Collection Set: 255.62ms
[2026-05-23T03:40:19.310+0000][127.052s][gc,phases   ] GC(62)   Post Evacuate Collection Set: 0.86ms
[2026-05-23T03:40:19.311+0000][127.052s][gc,phases   ] GC(62)   Other: 0.17ms
[2026-05-23T03:40:19.311+0000][127.052s][gc,heap     ] GC(62) Eden regions: 46->0(46)
[2026-05-23T03:40:19.311+0000][127.052s][gc,heap     ] GC(62) Survivor regions: 7->7(7)
[2026-05-23T03:40:19.311+0000][127.052s][gc,heap     ] GC(62) Old regions: 226->234
[2026-05-23T03:40:19.311+0000][127.052s][gc,heap     ] GC(62) Archive regions: 2->2
[2026-05-23T03:40:19.311+0000][127.052s][gc,heap     ] GC(62) Humongous regions: 0->0
[2026-05-23T03:40:19.311+0000][127.052s][gc,metaspace] GC(62) Metaspace: 38471K(38912K)->38471K(38912K) NonClass: 34198K(34432K)->34198K(34432K) Class: 4272K(4480K)->4272K(4480K)
[2026-05-23T03:40:19.311+0000][127.052s][gc          ] GC(62) Pause Young (Normal) (G1 Evacuation Pause) 4479M->3871M(16976M) 259.214ms
[2026-05-23T03:40:19.311+0000][127.052s][gc,cpu      ] GC(62) User=0.99s Sys=0.04s Real=0.26s
[2026-05-23T03:40:20.793+0000][128.534s][gc,start    ] GC(63) Pause Young (Normal) (G1 Evacuation Pause)
[2026-05-23T03:40:20.793+0000][128.534s][gc,task     ] GC(63) Using 4 workers of 4 for evacuation
[2026-05-23T03:40:21.032+0000][128.773s][gc,mmu      ] GC(63) MMU target violated: 201.0ms (200.0ms/201.0ms)
[2026-05-23T03:40:21.032+0000][128.773s][gc,phases   ] GC(63)   Pre Evacuate Collection Set: 0.11ms
[2026-05-23T03:40:21.032+0000][128.773s][gc,phases   ] GC(63)   Merge Heap Roots: 2.14ms
[2026-05-23T03:40:21.032+0000][128.773s][gc,phases   ] GC(63)   Evacuate Collection Set: 236.08ms
[2026-05-23T03:40:21.032+0000][128.773s][gc,phases   ] GC(63)   Post Evacuate Collection Set: 0.87ms
[2026-05-23T03:40:21.032+0000][128.773s][gc,phases   ] GC(63)   Other: 0.52ms
[2026-05-23T03:40:21.032+0000][128.773s][gc,heap     ] GC(63) Eden regions: 46->0(46)
[2026-05-23T03:40:21.032+0000][128.773s][gc,heap     ] GC(63) Survivor regions: 7->7(7)
[2026-05-23T03:40:21.032+0000][128.773s][gc,heap     ] GC(63) Old regions: 234->242
[2026-05-23T03:40:21.032+0000][128.773s][gc,heap     ] GC(63) Archive regions: 2->2
[2026-05-23T03:40:21.032+0000][128.773s][gc,heap     ] GC(63) Humongous regions: 0->0
[2026-05-23T03:40:21.032+0000][128.773s][gc,metaspace] GC(63) Metaspace: 38471K(38912K)->38471K(38912K) NonClass: 34198K(34432K)->34198K(34432K) Class: 4272K(4480K)->4272K(4480K)
[2026-05-23T03:40:21.032+0000][128.774s][gc          ] GC(63) Pause Young (Normal) (G1 Evacuation Pause) 4607M->3984M(16976M) 239.779ms
[2026-05-23T03:40:21.032+0000][128.774s][gc,cpu      ] GC(63) User=0.92s Sys=0.03s Real=0.24s
[2026-05-23T03:40:22.464+0000][130.206s][gc,start    ] GC(64) Pause Young (Normal) (G1 Evacuation Pause)
[2026-05-23T03:40:22.465+0000][130.206s][gc,task     ] GC(64) Using 4 workers of 4 for evacuation
[2026-05-23T03:40:22.671+0000][130.412s][gc,mmu      ] GC(64) MMU target violated: 201.0ms (200.0ms/201.0ms)
[2026-05-23T03:40:22.671+0000][130.412s][gc,phases   ] GC(64)   Pre Evacuate Collection Set: 0.11ms
[2026-05-23T03:40:22.671+0000][130.412s][gc,phases   ] GC(64)   Merge Heap Roots: 2.02ms
[2026-05-23T03:40:22.671+0000][130.412s][gc,phases   ] GC(64)   Evacuate Collection Set: 203.77ms
[2026-05-23T03:40:22.671+0000][130.412s][gc,phases   ] GC(64)   Post Evacuate Collection Set: 0.77ms
[2026-05-23T03:40:22.671+0000][130.412s][gc,phases   ] GC(64)   Other: 0.16ms
[2026-05-23T03:40:22.671+0000][130.412s][gc,heap     ] GC(64) Eden regions: 46->0(47)
[2026-05-23T03:40:22.671+0000][130.412s][gc,heap     ] GC(64) Survivor regions: 7->6(7)
[2026-05-23T03:40:22.671+0000][130.412s][gc,heap     ] GC(64) Old regions: 242->248
[2026-05-23T03:40:22.671+0000][130.412s][gc,heap     ] GC(64) Archive regions: 2->2
[2026-05-23T03:40:22.671+0000][130.412s][gc,heap     ] GC(64) Humongous regions: 0->0
[2026-05-23T03:40:22.671+0000][130.412s][gc,metaspace] GC(64) Metaspace: 38472K(38912K)->38472K(38912K) NonClass: 34199K(34432K)->34199K(34432K) Class: 4272K(4480K)->4272K(4480K)
[2026-05-23T03:40:22.671+0000][130.412s][gc          ] GC(64) Pause Young (Normal) (G1 Evacuation Pause) 4720M->4078M(16976M) 206.890ms
[2026-05-23T03:40:22.671+0000][130.412s][gc,cpu      ] GC(64) User=0.81s Sys=0.00s Real=0.21s
[2026-05-23T03:40:24.047+0000][131.788s][gc,start    ] GC(65) Pause Young (Normal) (G1 Evacuation Pause)
[2026-05-23T03:40:24.047+0000][131.788s][gc,task     ] GC(65) Using 4 workers of 4 for evacuation
[2026-05-23T03:40:24.236+0000][131.977s][gc,phases   ] GC(65)   Pre Evacuate Collection Set: 0.11ms
[2026-05-23T03:40:24.236+0000][131.977s][gc,phases   ] GC(65)   Merge Heap Roots: 2.00ms
[2026-05-23T03:40:24.236+0000][131.977s][gc,phases   ] GC(65)   Evacuate Collection Set: 183.53ms
[2026-05-23T03:40:24.236+0000][131.977s][gc,phases   ] GC(65)   Post Evacuate Collection Set: 2.89ms
[2026-05-23T03:40:24.236+0000][131.977s][gc,phases   ] GC(65)   Other: 0.13ms
[2026-05-23T03:40:24.236+0000][131.977s][gc,heap     ] GC(65) Eden regions: 47->0(50)
[2026-05-23T03:40:24.236+0000][131.977s][gc,heap     ] GC(65) Survivor regions: 6->6(7)
[2026-05-23T03:40:24.236+0000][131.977s][gc,heap     ] GC(65) Old regions: 248->254
[2026-05-23T03:40:24.236+0000][131.977s][gc,heap     ] GC(65) Archive regions: 2->2
[2026-05-23T03:40:24.236+0000][131.977s][gc,heap     ] GC(65) Humongous regions: 0->0
[2026-05-23T03:40:24.236+0000][131.977s][gc,metaspace] GC(65) Metaspace: 38473K(38912K)->38473K(38912K) NonClass: 34200K(34432K)->34200K(34432K) Class: 4272K(4480K)->4272K(4480K)
[2026-05-23T03:40:24.236+0000][131.977s][gc          ] GC(65) Pause Young (Normal) (G1 Evacuation Pause) 4830M->4152M(18080M) 188.748ms
[2026-05-23T03:40:24.236+0000][131.977s][gc,cpu      ] GC(65) User=0.73s Sys=0.00s Real=0.19s
[2026-05-23T03:40:25.816+0000][133.557s][gc,start    ] GC(66) Pause Young (Normal) (G1 Evacuation Pause)
[2026-05-23T03:40:25.816+0000][133.557s][gc,task     ] GC(66) Using 4 workers of 4 for evacuation
[2026-05-23T03:40:26.011+0000][133.752s][gc,phases   ] GC(66)   Pre Evacuate Collection Set: 0.13ms
[2026-05-23T03:40:26.011+0000][133.752s][gc,phases   ] GC(66)   Merge Heap Roots: 1.94ms
[2026-05-23T03:40:26.011+0000][133.752s][gc,phases   ] GC(66)   Evacuate Collection Set: 192.09ms
[2026-05-23T03:40:26.011+0000][133.752s][gc,phases   ] GC(66)   Post Evacuate Collection Set: 0.82ms
[2026-05-23T03:40:26.011+0000][133.752s][gc,phases   ] GC(66)   Other: 0.17ms
[2026-05-23T03:40:26.011+0000][133.752s][gc,heap     ] GC(66) Eden regions: 50->0(51)
[2026-05-23T03:40:26.011+0000][133.752s][gc,heap     ] GC(66) Survivor regions: 6->5(7)
[2026-05-23T03:40:26.011+0000][133.752s][gc,heap     ] GC(66) Old regions: 254->259
[2026-05-23T03:40:26.011+0000][133.752s][gc,heap     ] GC(66) Archive regions: 2->2
[2026-05-23T03:40:26.011+0000][133.752s][gc,heap     ] GC(66) Humongous regions: 0->0
[2026-05-23T03:40:26.011+0000][133.752s][gc,metaspace] GC(66) Metaspace: 38477K(38912K)->38477K(38912K) NonClass: 34204K(34432K)->34204K(34432K) Class: 4272K(4480K)->4272K(4480K)
[2026-05-23T03:40:26.011+0000][133.752s][gc          ] GC(66) Pause Young (Normal) (G1 Evacuation Pause) 4952M->4227M(18080M) 195.257ms
[2026-05-23T03:40:26.011+0000][133.752s][gc,cpu      ] GC(66) User=0.74s Sys=0.02s Real=0.20s
[2026-05-23T03:40:27.515+0000][135.256s][gc,start    ] GC(67) Pause Young (Normal) (G1 Evacuation Pause)
[2026-05-23T03:40:27.515+0000][135.256s][gc,task     ] GC(67) Using 4 workers of 4 for evacuation
[2026-05-23T03:40:27.695+0000][135.436s][gc,phases   ] GC(67)   Pre Evacuate Collection Set: 0.11ms
[2026-05-23T03:40:27.695+0000][135.436s][gc,phases   ] GC(67)   Merge Heap Roots: 1.87ms
[2026-05-23T03:40:27.695+0000][135.436s][gc,phases   ] GC(67)   Evacuate Collection Set: 177.78ms
[2026-05-23T03:40:27.695+0000][135.436s][gc,phases   ] GC(67)   Post Evacuate Collection Set: 0.71ms
[2026-05-23T03:40:27.695+0000][135.436s][gc,phases   ] GC(67)   Other: 0.11ms
[2026-05-23T03:40:27.695+0000][135.436s][gc,heap     ] GC(67) Eden regions: 51->0(51)
[2026-05-23T03:40:27.695+0000][135.436s][gc,heap     ] GC(67) Survivor regions: 5->5(7)
[2026-05-23T03:40:27.695+0000][135.436s][gc,heap     ] GC(67) Old regions: 259->264
[2026-05-23T03:40:27.695+0000][135.436s][gc,heap     ] GC(67) Archive regions: 2->2
[2026-05-23T03:40:27.695+0000][135.436s][gc,heap     ] GC(67) Humongous regions: 1->1
[2026-05-23T03:40:27.695+0000][135.436s][gc,metaspace] GC(67) Metaspace: 38485K(38976K)->38485K(38976K) NonClass: 34212K(34496K)->34212K(34496K) Class: 4272K(4480K)->4272K(4480K)
[2026-05-23T03:40:27.695+0000][135.436s][gc          ] GC(67) Pause Young (Normal) (G1 Evacuation Pause) 5059M->4315M(18080M) 180.685ms
[2026-05-23T03:40:27.695+0000][135.436s][gc,cpu      ] GC(67) User=0.68s Sys=0.02s Real=0.18s
[2026-05-23T03:40:42.140+0000][149.881s][gc,start    ] GC(68) Pause Young (Normal) (G1 Evacuation Pause)
[2026-05-23T03:40:42.140+0000][149.881s][gc,task     ] GC(68) Using 4 workers of 4 for evacuation
[2026-05-23T03:40:42.367+0000][150.108s][gc,mmu      ] GC(68) MMU target violated: 201.0ms (200.0ms/201.0ms)
[2026-05-23T03:40:42.367+0000][150.108s][gc,phases   ] GC(68)   Pre Evacuate Collection Set: 0.11ms
[2026-05-23T03:40:42.367+0000][150.108s][gc,phases   ] GC(68)   Merge Heap Roots: 4.54ms
[2026-05-23T03:40:42.367+0000][150.108s][gc,phases   ] GC(68)   Evacuate Collection Set: 220.70ms
[2026-05-23T03:40:42.367+0000][150.108s][gc,phases   ] GC(68)   Post Evacuate Collection Set: 1.53ms
[2026-05-23T03:40:42.367+0000][150.108s][gc,phases   ] GC(68)   Other: 0.52ms
[2026-05-23T03:40:42.367+0000][150.108s][gc,heap     ] GC(68) Eden regions: 51->0(52)
[2026-05-23T03:40:42.367+0000][150.108s][gc,heap     ] GC(68) Survivor regions: 5->4(7)
[2026-05-23T03:40:42.367+0000][150.108s][gc,heap     ] GC(68) Old regions: 264->265
[2026-05-23T03:40:42.367+0000][150.108s][gc,heap     ] GC(68) Archive regions: 2->2
[2026-05-23T03:40:42.367+0000][150.108s][gc,heap     ] GC(68) Humongous regions: 1->1
[2026-05-23T03:40:42.367+0000][150.108s][gc,metaspace] GC(68) Metaspace: 38485K(38976K)->38485K(38976K) NonClass: 34212K(34496K)->34212K(34496K) Class: 4272K(4480K)->4272K(4480K)
[2026-05-23T03:40:42.367+0000][150.108s][gc          ] GC(68) Pause Young (Normal) (G1 Evacuation Pause) 5131M->4323M(18080M) 227.447ms
[2026-05-23T03:40:42.367+0000][150.108s][gc,cpu      ] GC(68) User=0.90s Sys=0.00s Real=0.22s
[2026-05-23T03:40:44.960+0000][152.701s][gc,start    ] GC(69) Pause Young (Normal) (G1 Evacuation Pause)
[2026-05-23T03:40:44.960+0000][152.701s][gc,task     ] GC(69) Using 4 workers of 4 for evacuation
[2026-05-23T03:40:45.256+0000][152.997s][gc,mmu      ] GC(69) MMU target violated: 201.0ms (200.0ms/201.0ms)
[2026-05-23T03:40:45.256+0000][152.997s][gc,phases   ] GC(69)   Pre Evacuate Collection Set: 0.12ms
[2026-05-23T03:40:45.256+0000][152.997s][gc,phases   ] GC(69)   Merge Heap Roots: 3.48ms
[2026-05-23T03:40:45.256+0000][152.997s][gc,phases   ] GC(69)   Evacuate Collection Set: 291.29ms
[2026-05-23T03:40:45.256+0000][152.997s][gc,phases   ] GC(69)   Post Evacuate Collection Set: 0.76ms
[2026-05-23T03:40:45.256+0000][152.997s][gc,phases   ] GC(69)   Other: 0.19ms
[2026-05-23T03:40:45.256+0000][152.997s][gc,heap     ] GC(69) Eden regions: 52->0(49)
[2026-05-23T03:40:45.256+0000][152.997s][gc,heap     ] GC(69) Survivor regions: 4->7(7)
[2026-05-23T03:40:45.256+0000][152.997s][gc,heap     ] GC(69) Old regions: 265->267
[2026-05-23T03:40:45.256+0000][152.997s][gc,heap     ] GC(69) Archive regions: 2->2
[2026-05-23T03:40:45.256+0000][152.997s][gc,heap     ] GC(69) Humongous regions: 1->1
[2026-05-23T03:40:45.256+0000][152.997s][gc,metaspace] GC(69) Metaspace: 38485K(38976K)->38485K(38976K) NonClass: 34212K(34496K)->34212K(34496K) Class: 4272K(4480K)->4272K(4480K)
[2026-05-23T03:40:45.256+0000][152.997s][gc          ] GC(69) Pause Young (Normal) (G1 Evacuation Pause) 5155M->4414M(18080M) 295.904ms
[2026-05-23T03:40:45.256+0000][152.997s][gc,cpu      ] GC(69) User=1.16s Sys=0.02s Real=0.29s
[2026-05-23T03:40:49.532+0000][157.273s][gc,start    ] GC(70) Pause Young (Normal) (G1 Evacuation Pause)
[2026-05-23T03:40:49.532+0000][157.273s][gc,task     ] GC(70) Using 4 workers of 4 for evacuation
[2026-05-23T03:40:49.741+0000][157.482s][gc,mmu      ] GC(70) MMU target violated: 201.0ms (200.0ms/201.0ms)
[2026-05-23T03:40:49.741+0000][157.482s][gc,phases   ] GC(70)   Pre Evacuate Collection Set: 0.12ms
[2026-05-23T03:40:49.741+0000][157.482s][gc,phases   ] GC(70)   Merge Heap Roots: 1.28ms
[2026-05-23T03:40:49.741+0000][157.482s][gc,phases   ] GC(70)   Evacuate Collection Set: 205.77ms
[2026-05-23T03:40:49.741+0000][157.482s][gc,phases   ] GC(70)   Post Evacuate Collection Set: 1.81ms
[2026-05-23T03:40:49.741+0000][157.482s][gc,phases   ] GC(70)   Other: 0.14ms
[2026-05-23T03:40:49.741+0000][157.482s][gc,heap     ] GC(70) Eden regions: 49->0(51)
[2026-05-23T03:40:49.741+0000][157.482s][gc,heap     ] GC(70) Survivor regions: 7->7(7)
[2026-05-23T03:40:49.741+0000][157.482s][gc,heap     ] GC(70) Old regions: 267->271
[2026-05-23T03:40:49.741+0000][157.482s][gc,heap     ] GC(70) Archive regions: 2->2
[2026-05-23T03:40:49.741+0000][157.482s][gc,heap     ] GC(70) Humongous regions: 1->1
[2026-05-23T03:40:49.741+0000][157.482s][gc,metaspace] GC(70) Metaspace: 38485K(38976K)->38485K(38976K) NonClass: 34212K(34496K)->34212K(34496K) Class: 4272K(4480K)->4272K(4480K)
[2026-05-23T03:40:49.741+0000][157.482s][gc          ] GC(70) Pause Young (Normal) (G1 Evacuation Pause) 5198M->4476M(18640M) 209.174ms
[2026-05-23T03:40:49.741+0000][157.482s][gc,cpu      ] GC(70) User=0.82s Sys=0.00s Real=0.21s
[2026-05-23T03:40:54.903+0000][162.644s][gc,start    ] GC(71) Pause Young (Normal) (G1 Evacuation Pause)
[2026-05-23T03:40:54.903+0000][162.644s][gc,task     ] GC(71) Using 4 workers of 4 for evacuation
[2026-05-23T03:40:54.957+0000][162.698s][gc,phases   ] GC(71)   Pre Evacuate Collection Set: 0.17ms
[2026-05-23T03:40:54.957+0000][162.698s][gc,phases   ] GC(71)   Merge Heap Roots: 0.87ms
[2026-05-23T03:40:54.957+0000][162.698s][gc,phases   ] GC(71)   Evacuate Collection Set: 51.72ms
[2026-05-23T03:40:54.957+0000][162.698s][gc,phases   ] GC(71)   Post Evacuate Collection Set: 0.51ms
[2026-05-23T03:40:54.957+0000][162.698s][gc,phases   ] GC(71)   Other: 0.10ms
[2026-05-23T03:40:54.957+0000][162.698s][gc,heap     ] GC(71) Eden regions: 51->0(56)
[2026-05-23T03:40:54.957+0000][162.698s][gc,heap     ] GC(71) Survivor regions: 7->2(8)
[2026-05-23T03:40:54.957+0000][162.698s][gc,heap     ] GC(71) Old regions: 271->273
[2026-05-23T03:40:54.957+0000][162.698s][gc,heap     ] GC(71) Archive regions: 2->2
[2026-05-23T03:40:54.957+0000][162.698s][gc,heap     ] GC(71) Humongous regions: 1->1
[2026-05-23T03:40:54.957+0000][162.698s][gc,metaspace] GC(71) Metaspace: 38485K(38976K)->38485K(38976K) NonClass: 34212K(34496K)->34212K(34496K) Class: 4272K(4480K)->4272K(4480K)
[2026-05-23T03:40:54.957+0000][162.698s][gc          ] GC(71) Pause Young (Normal) (G1 Evacuation Pause) 5292M->4421M(18640M) 53.473ms
[2026-05-23T03:40:54.957+0000][162.698s][gc,cpu      ] GC(71) User=0.21s Sys=0.00s Real=0.05s
[2026-05-23T03:40:58.233+0000][165.974s][gc,start    ] GC(72) Pause Young (Normal) (G1 Evacuation Pause)
[2026-05-23T03:40:58.233+0000][165.974s][gc,task     ] GC(72) Using 4 workers of 4 for evacuation
[2026-05-23T03:40:58.326+0000][166.067s][gc,phases   ] GC(72)   Pre Evacuate Collection Set: 0.13ms
[2026-05-23T03:40:58.326+0000][166.067s][gc,phases   ] GC(72)   Merge Heap Roots: 0.40ms
[2026-05-23T03:40:58.326+0000][166.067s][gc,phases   ] GC(72)   Evacuate Collection Set: 91.74ms
[2026-05-23T03:40:58.326+0000][166.067s][gc,phases   ] GC(72)   Post Evacuate Collection Set: 0.53ms
[2026-05-23T03:40:58.326+0000][166.067s][gc,phases   ] GC(72)   Other: 0.10ms
[2026-05-23T03:40:58.326+0000][166.067s][gc,heap     ] GC(72) Eden regions: 56->0(53)
[2026-05-23T03:40:58.326+0000][166.067s][gc,heap     ] GC(72) Survivor regions: 2->5(8)
[2026-05-23T03:40:58.326+0000][166.067s][gc,heap     ] GC(72) Old regions: 273->273
[2026-05-23T03:40:58.326+0000][166.067s][gc,heap     ] GC(72) Archive regions: 2->2
[2026-05-23T03:40:58.326+0000][166.067s][gc,heap     ] GC(72) Humongous regions: 1->1
[2026-05-23T03:40:58.326+0000][166.067s][gc,metaspace] GC(72) Metaspace: 38485K(38976K)->38485K(38976K) NonClass: 34212K(34496K)->34212K(34496K) Class: 4272K(4480K)->4272K(4480K)
[2026-05-23T03:40:58.326+0000][166.067s][gc          ] GC(72) Pause Young (Normal) (G1 Evacuation Pause) 5317M->4469M(18640M) 93.000ms
[2026-05-23T03:40:58.326+0000][166.067s][gc,cpu      ] GC(72) User=0.37s Sys=0.00s Real=0.09s
[2026-05-23T03:41:04.507+0000][172.248s][gc,start    ] GC(73) Pause Young (Normal) (G1 Evacuation Pause)
[2026-05-23T03:41:04.507+0000][172.248s][gc,task     ] GC(73) Using 4 workers of 4 for evacuation
[2026-05-23T03:41:04.557+0000][172.299s][gc,phases   ] GC(73)   Pre Evacuate Collection Set: 0.13ms
[2026-05-23T03:41:04.557+0000][172.299s][gc,phases   ] GC(73)   Merge Heap Roots: 0.48ms
[2026-05-23T03:41:04.557+0000][172.299s][gc,phases   ] GC(73)   Evacuate Collection Set: 49.25ms
[2026-05-23T03:41:04.557+0000][172.299s][gc,phases   ] GC(73)   Post Evacuate Collection Set: 0.42ms
[2026-05-23T03:41:04.557+0000][172.299s][gc,phases   ] GC(73)   Other: 0.11ms
[2026-05-23T03:41:04.557+0000][172.299s][gc,heap     ] GC(73) Eden regions: 53->0(153)
[2026-05-23T03:41:04.557+0000][172.299s][gc,heap     ] GC(73) Survivor regions: 5->3(8)
[2026-05-23T03:41:04.558+0000][172.299s][gc,heap     ] GC(73) Old regions: 273->274
[2026-05-23T03:41:04.558+0000][172.299s][gc,heap     ] GC(73) Archive regions: 2->2
[2026-05-23T03:41:04.558+0000][172.299s][gc,heap     ] GC(73) Humongous regions: 1->1
[2026-05-23T03:41:04.558+0000][172.299s][gc,metaspace] GC(73) Metaspace: 38485K(38976K)->38485K(38976K) NonClass: 34212K(34496K)->34212K(34496K) Class: 4272K(4480K)->4272K(4480K)
[2026-05-23T03:41:04.558+0000][172.299s][gc          ] GC(73) Pause Young (Normal) (G1 Evacuation Pause) 5317M->4444M(18640M) 50.491ms
[2026-05-23T03:41:04.558+0000][172.299s][gc,cpu      ] GC(73) User=0.20s Sys=0.00s Real=0.05s
[2026-05-23T03:41:21.843+0000][189.584s][gc,start    ] GC(74) Pause Young (Normal) (G1 Evacuation Pause)
[2026-05-23T03:41:21.843+0000][189.584s][gc,task     ] GC(74) Using 4 workers of 4 for evacuation
[2026-05-23T03:41:22.047+0000][189.788s][gc,mmu      ] GC(74) MMU target violated: 201.0ms (200.0ms/201.0ms)
[2026-05-23T03:41:22.047+0000][189.788s][gc,phases   ] GC(74)   Pre Evacuate Collection Set: 0.14ms
[2026-05-23T03:41:22.047+0000][189.788s][gc,phases   ] GC(74)   Merge Heap Roots: 0.30ms
[2026-05-23T03:41:22.047+0000][189.788s][gc,phases   ] GC(74)   Evacuate Collection Set: 202.33ms
[2026-05-23T03:41:22.047+0000][189.788s][gc,phases   ] GC(74)   Post Evacuate Collection Set: 0.76ms
[2026-05-23T03:41:22.047+0000][189.788s][gc,phases   ] GC(74)   Other: 0.18ms
[2026-05-23T03:41:22.047+0000][189.788s][gc,heap     ] GC(74) Eden regions: 153->0(50)
[2026-05-23T03:41:22.047+0000][189.788s][gc,heap     ] GC(74) Survivor regions: 3->14(20)
[2026-05-23T03:41:22.047+0000][189.788s][gc,heap     ] GC(74) Old regions: 274->274
[2026-05-23T03:41:22.047+0000][189.788s][gc,heap     ] GC(74) Archive regions: 2->2
[2026-05-23T03:41:22.047+0000][189.788s][gc,heap     ] GC(74) Humongous regions: 1->1
[2026-05-23T03:41:22.047+0000][189.788s][gc,metaspace] GC(74) Metaspace: 38485K(38976K)->38485K(38976K) NonClass: 34212K(34496K)->34212K(34496K) Class: 4272K(4480K)->4272K(4480K)
[2026-05-23T03:41:22.047+0000][189.788s][gc          ] GC(74) Pause Young (Normal) (G1 Evacuation Pause) 6892M->4623M(18640M) 203.753ms
[2026-05-23T03:41:22.047+0000][189.788s][gc,cpu      ] GC(74) User=0.79s Sys=0.02s Real=0.20s
[2026-05-23T03:41:23.781+0000][191.522s][gc,start    ] GC(75) Pause Young (Normal) (G1 Evacuation Pause)
[2026-05-23T03:41:23.781+0000][191.522s][gc,task     ] GC(75) Using 4 workers of 4 for evacuation
[2026-05-23T03:41:24.089+0000][191.830s][gc,mmu      ] GC(75) MMU target violated: 201.0ms (200.0ms/201.0ms)
[2026-05-23T03:41:24.089+0000][191.830s][gc,phases   ] GC(75)   Pre Evacuate Collection Set: 0.11ms
[2026-05-23T03:41:24.089+0000][191.830s][gc,phases   ] GC(75)   Merge Heap Roots: 0.28ms
[2026-05-23T03:41:24.089+0000][191.830s][gc,phases   ] GC(75)   Evacuate Collection Set: 306.42ms
[2026-05-23T03:41:24.089+0000][191.830s][gc,phases   ] GC(75)   Post Evacuate Collection Set: 0.91ms
[2026-05-23T03:41:24.089+0000][191.830s][gc,phases   ] GC(75)   Other: 0.19ms
[2026-05-23T03:41:24.089+0000][191.830s][gc,heap     ] GC(75) Eden regions: 50->0(50)
[2026-05-23T03:41:24.089+0000][191.830s][gc,heap     ] GC(75) Survivor regions: 14->8(8)
[2026-05-23T03:41:24.089+0000][191.830s][gc,heap     ] GC(75) Old regions: 274->286
[2026-05-23T03:41:24.089+0000][191.830s][gc,heap     ] GC(75) Archive regions: 2->2
[2026-05-23T03:41:24.089+0000][191.830s][gc,heap     ] GC(75) Humongous regions: 1->1
[2026-05-23T03:41:24.089+0000][191.830s][gc,metaspace] GC(75) Metaspace: 38487K(38976K)->38487K(38976K) NonClass: 34214K(34496K)->34214K(34496K) Class: 4272K(4480K)->4272K(4480K)
[2026-05-23T03:41:24.089+0000][191.830s][gc          ] GC(75) Pause Young (Normal) (G1 Evacuation Pause) 5423M->4735M(18640M) 307.978ms
[2026-05-23T03:41:24.089+0000][191.830s][gc,cpu      ] GC(75) User=1.17s Sys=0.05s Real=0.31s
[2026-05-23T03:41:30.524+0000][198.265s][gc,start    ] GC(76) Pause Young (Normal) (G1 Evacuation Pause)
[2026-05-23T03:41:30.524+0000][198.265s][gc,task     ] GC(76) Using 4 workers of 4 for evacuation
[2026-05-23T03:41:30.711+0000][198.452s][gc,phases   ] GC(76)   Pre Evacuate Collection Set: 0.13ms
[2026-05-23T03:41:30.711+0000][198.452s][gc,phases   ] GC(76)   Merge Heap Roots: 3.01ms
[2026-05-23T03:41:30.711+0000][198.452s][gc,phases   ] GC(76)   Evacuate Collection Set: 182.60ms
[2026-05-23T03:41:30.711+0000][198.452s][gc,phases   ] GC(76)   Post Evacuate Collection Set: 0.96ms
[2026-05-23T03:41:30.711+0000][198.452s][gc,phases   ] GC(76)   Other: 0.47ms
[2026-05-23T03:41:30.711+0000][198.452s][gc,heap     ] GC(76) Eden regions: 50->0(51)
[2026-05-23T03:41:30.711+0000][198.452s][gc,heap     ] GC(76) Survivor regions: 8->7(8)
[2026-05-23T03:41:30.711+0000][198.452s][gc,heap     ] GC(76) Old regions: 286->290
[2026-05-23T03:41:30.711+0000][198.452s][gc,heap     ] GC(76) Archive regions: 2->2
[2026-05-23T03:41:30.711+0000][198.452s][gc,heap     ] GC(76) Humongous regions: 1->1
[2026-05-23T03:41:30.711+0000][198.452s][gc,metaspace] GC(76) Metaspace: 38509K(38976K)->38509K(38976K) NonClass: 34235K(34496K)->34235K(34496K) Class: 4273K(4480K)->4273K(4480K)
[2026-05-23T03:41:30.711+0000][198.452s][gc          ] GC(76) Pause Young (Normal) (G1 Evacuation Pause) 5535M->4773M(18640M) 187.262ms
[2026-05-23T03:41:30.711+0000][198.452s][gc,cpu      ] GC(76) User=0.72s Sys=0.02s Real=0.19s
[2026-05-23T03:41:32.668+0000][200.410s][gc,start    ] GC(77) Pause Young (Normal) (G1 Evacuation Pause)
[2026-05-23T03:41:32.669+0000][200.410s][gc,task     ] GC(77) Using 4 workers of 4 for evacuation
[2026-05-23T03:41:32.945+0000][200.686s][gc,mmu      ] GC(77) MMU target violated: 201.0ms (200.0ms/201.0ms)
[2026-05-23T03:41:32.945+0000][200.686s][gc,phases   ] GC(77)   Pre Evacuate Collection Set: 0.11ms
[2026-05-23T03:41:32.945+0000][200.686s][gc,phases   ] GC(77)   Merge Heap Roots: 2.78ms
[2026-05-23T03:41:32.945+0000][200.686s][gc,phases   ] GC(77)   Evacuate Collection Set: 272.21ms
[2026-05-23T03:41:32.945+0000][200.686s][gc,phases   ] GC(77)   Post Evacuate Collection Set: 0.95ms
[2026-05-23T03:41:32.945+0000][200.686s][gc,phases   ] GC(77)   Other: 0.55ms
[2026-05-23T03:41:32.945+0000][200.686s][gc,heap     ] GC(77) Eden regions: 51->0(50)
[2026-05-23T03:41:32.945+0000][200.686s][gc,heap     ] GC(77) Survivor regions: 7->8(8)
[2026-05-23T03:41:32.945+0000][200.686s][gc,heap     ] GC(77) Old regions: 290->297
[2026-05-23T03:41:32.945+0000][200.686s][gc,heap     ] GC(77) Archive regions: 2->2
[2026-05-23T03:41:32.945+0000][200.686s][gc,heap     ] GC(77) Humongous regions: 1->1
[2026-05-23T03:41:32.945+0000][200.686s][gc,metaspace] GC(77) Metaspace: 38509K(38976K)->38509K(38976K) NonClass: 34235K(34496K)->34235K(34496K) Class: 4273K(4480K)->4273K(4480K)
[2026-05-23T03:41:32.945+0000][200.686s][gc          ] GC(77) Pause Young (Normal) (G1 Evacuation Pause) 5589M->4911M(18640M) 276.651ms
[2026-05-23T03:41:32.945+0000][200.686s][gc,cpu      ] GC(77) User=1.08s Sys=0.02s Real=0.28s
[2026-05-23T03:41:40.137+0000][207.878s][gc,start    ] GC(78) Pause Young (Normal) (G1 Evacuation Pause)
[2026-05-23T03:41:40.137+0000][207.878s][gc,task     ] GC(78) Using 4 workers of 4 for evacuation
[2026-05-23T03:41:40.292+0000][208.033s][gc,phases   ] GC(78)   Pre Evacuate Collection Set: 0.12ms
[2026-05-23T03:41:40.292+0000][208.033s][gc,phases   ] GC(78)   Merge Heap Roots: 3.62ms
[2026-05-23T03:41:40.292+0000][208.033s][gc,phases   ] GC(78)   Evacuate Collection Set: 150.14ms
[2026-05-23T03:41:40.292+0000][208.033s][gc,phases   ] GC(78)   Post Evacuate Collection Set: 0.85ms
[2026-05-23T03:41:40.292+0000][208.033s][gc,phases   ] GC(78)   Other: 0.49ms
[2026-05-23T03:41:40.292+0000][208.033s][gc,heap     ] GC(78) Eden regions: 50->0(53)
[2026-05-23T03:41:40.292+0000][208.033s][gc,heap     ] GC(78) Survivor regions: 8->5(8)
[2026-05-23T03:41:40.292+0000][208.033s][gc,heap     ] GC(78) Old regions: 297->300
[2026-05-23T03:41:40.292+0000][208.033s][gc,heap     ] GC(78) Archive regions: 2->2
[2026-05-23T03:41:40.292+0000][208.033s][gc,heap     ] GC(78) Humongous regions: 1->1
[2026-05-23T03:41:40.292+0000][208.033s][gc,metaspace] GC(78) Metaspace: 38509K(38976K)->38509K(38976K) NonClass: 34235K(34496K)->34235K(34496K) Class: 4273K(4480K)->4273K(4480K)
[2026-05-23T03:41:40.292+0000][208.033s][gc          ] GC(78) Pause Young (Normal) (G1 Evacuation Pause) 5711M->4906M(18640M) 155.336ms
[2026-05-23T03:41:40.292+0000][208.033s][gc,cpu      ] GC(78) User=0.60s Sys=0.01s Real=0.16s
[2026-05-23T03:41:42.301+0000][210.042s][gc,start    ] GC(79) Pause Young (Normal) (G1 Evacuation Pause)
[2026-05-23T03:41:42.301+0000][210.042s][gc,task     ] GC(79) Using 4 workers of 4 for evacuation
[2026-05-23T03:41:42.523+0000][210.264s][gc,mmu      ] GC(79) MMU target violated: 201.0ms (200.0ms/201.0ms)
[2026-05-23T03:41:42.523+0000][210.264s][gc,phases   ] GC(79)   Pre Evacuate Collection Set: 0.12ms
[2026-05-23T03:41:42.523+0000][210.264s][gc,phases   ] GC(79)   Merge Heap Roots: 1.00ms
[2026-05-23T03:41:42.523+0000][210.264s][gc,phases   ] GC(79)   Evacuate Collection Set: 220.12ms
[2026-05-23T03:41:42.523+0000][210.264s][gc,phases   ] GC(79)   Post Evacuate Collection Set: 0.70ms
[2026-05-23T03:41:42.523+0000][210.264s][gc,phases   ] GC(79)   Other: 0.54ms
[2026-05-23T03:41:42.523+0000][210.264s][gc,heap     ] GC(79) Eden regions: 53->0(50)
[2026-05-23T03:41:42.523+0000][210.264s][gc,heap     ] GC(79) Survivor regions: 5->8(8)
[2026-05-23T03:41:42.523+0000][210.264s][gc,heap     ] GC(79) Old regions: 300->304
[2026-05-23T03:41:42.523+0000][210.264s][gc,heap     ] GC(79) Archive regions: 2->2
[2026-05-23T03:41:42.523+0000][210.264s][gc,heap     ] GC(79) Humongous regions: 1->1
[2026-05-23T03:41:42.523+0000][210.264s][gc,metaspace] GC(79) Metaspace: 38509K(38976K)->38509K(38976K) NonClass: 34235K(34496K)->34235K(34496K) Class: 4273K(4480K)->4273K(4480K)
[2026-05-23T03:41:42.523+0000][210.264s][gc          ] GC(79) Pause Young (Normal) (G1 Evacuation Pause) 5754M->5023M(18640M) 222.529ms
[2026-05-23T03:41:42.523+0000][210.264s][gc,cpu      ] GC(79) User=0.86s Sys=0.02s Real=0.22s
[2026-05-23T03:41:44.218+0000][211.960s][gc,start    ] GC(80) Pause Young (Normal) (G1 Evacuation Pause)
[2026-05-23T03:41:44.219+0000][211.960s][gc,task     ] GC(80) Using 4 workers of 4 for evacuation
[2026-05-23T03:41:44.476+0000][212.217s][gc,mmu      ] GC(80) MMU target violated: 201.0ms (200.0ms/201.0ms)
[2026-05-23T03:41:44.476+0000][212.217s][gc,phases   ] GC(80)   Pre Evacuate Collection Set: 0.11ms
[2026-05-23T03:41:44.476+0000][212.217s][gc,phases   ] GC(80)   Merge Heap Roots: 0.97ms
[2026-05-23T03:41:44.476+0000][212.217s][gc,phases   ] GC(80)   Evacuate Collection Set: 254.81ms
[2026-05-23T03:41:44.476+0000][212.217s][gc,phases   ] GC(80)   Post Evacuate Collection Set: 0.88ms
[2026-05-23T03:41:44.476+0000][212.217s][gc,phases   ] GC(80)   Other: 0.56ms
[2026-05-23T03:41:44.476+0000][212.217s][gc,heap     ] GC(80) Eden regions: 50->0(50)
[2026-05-23T03:41:44.476+0000][212.217s][gc,heap     ] GC(80) Survivor regions: 8->8(8)
[2026-05-23T03:41:44.476+0000][212.217s][gc,heap     ] GC(80) Old regions: 304->312
[2026-05-23T03:41:44.476+0000][212.217s][gc,heap     ] GC(80) Archive regions: 2->2
[2026-05-23T03:41:44.476+0000][212.217s][gc,heap     ] GC(80) Humongous regions: 1->1
[2026-05-23T03:41:44.476+0000][212.217s][gc,metaspace] GC(80) Metaspace: 38509K(38976K)->38509K(38976K) NonClass: 34235K(34496K)->34235K(34496K) Class: 4273K(4480K)->4273K(4480K)
[2026-05-23T03:41:44.476+0000][212.217s][gc          ] GC(80) Pause Young (Normal) (G1 Evacuation Pause) 5823M->5150M(18640M) 257.391ms
[2026-05-23T03:41:44.476+0000][212.217s][gc,cpu      ] GC(80) User=0.99s Sys=0.01s Real=0.26s
[2026-05-23T03:41:46.078+0000][213.820s][gc,start    ] GC(81) Pause Young (Normal) (G1 Evacuation Pause)
[2026-05-23T03:41:46.079+0000][213.820s][gc,task     ] GC(81) Using 4 workers of 4 for evacuation
[2026-05-23T03:41:46.325+0000][214.066s][gc,mmu      ] GC(81) MMU target violated: 201.0ms (200.0ms/201.0ms)
[2026-05-23T03:41:46.325+0000][214.066s][gc,phases   ] GC(81)   Pre Evacuate Collection Set: 0.10ms
[2026-05-23T03:41:46.325+0000][214.066s][gc,phases   ] GC(81)   Merge Heap Roots: 1.80ms
[2026-05-23T03:41:46.325+0000][214.066s][gc,phases   ] GC(81)   Evacuate Collection Set: 242.01ms
[2026-05-23T03:41:46.325+0000][214.066s][gc,phases   ] GC(81)   Post Evacuate Collection Set: 2.35ms
[2026-05-23T03:41:46.325+0000][214.066s][gc,phases   ] GC(81)   Other: 0.54ms
[2026-05-23T03:41:46.325+0000][214.066s][gc,heap     ] GC(81) Eden regions: 50->0(53)
[2026-05-23T03:41:46.325+0000][214.066s][gc,heap     ] GC(81) Survivor regions: 8->7(8)
[2026-05-23T03:41:46.325+0000][214.066s][gc,heap     ] GC(81) Old regions: 312->321
[2026-05-23T03:41:46.325+0000][214.066s][gc,heap     ] GC(81) Archive regions: 2->2
[2026-05-23T03:41:46.325+0000][214.066s][gc,heap     ] GC(81) Humongous regions: 1->1
[2026-05-23T03:41:46.325+0000][214.066s][gc,metaspace] GC(81) Metaspace: 38509K(38976K)->38509K(38976K) NonClass: 34235K(34496K)->34235K(34496K) Class: 4273K(4480K)->4273K(4480K)
[2026-05-23T03:41:46.325+0000][214.066s][gc          ] GC(81) Pause Young (Normal) (G1 Evacuation Pause) 5950M->5269M(19408M) 246.852ms
[2026-05-23T03:41:46.325+0000][214.066s][gc,cpu      ] GC(81) User=0.94s Sys=0.03s Real=0.25s
[2026-05-23T03:41:48.084+0000][215.825s][gc,start    ] GC(82) Pause Young (Normal) (G1 Evacuation Pause)
[2026-05-23T03:41:48.084+0000][215.825s][gc,task     ] GC(82) Using 4 workers of 4 for evacuation
[2026-05-23T03:41:48.309+0000][216.050s][gc,mmu      ] GC(82) MMU target violated: 201.0ms (200.0ms/201.0ms)
[2026-05-23T03:41:48.309+0000][216.050s][gc,phases   ] GC(82)   Pre Evacuate Collection Set: 0.14ms
[2026-05-23T03:41:48.309+0000][216.050s][gc,phases   ] GC(82)   Merge Heap Roots: 1.98ms
[2026-05-23T03:41:48.309+0000][216.050s][gc,phases   ] GC(82)   Evacuate Collection Set: 221.94ms
[2026-05-23T03:41:48.309+0000][216.050s][gc,phases   ] GC(82)   Post Evacuate Collection Set: 0.92ms
[2026-05-23T03:41:48.309+0000][216.050s][gc,phases   ] GC(82)   Other: 0.17ms
[2026-05-23T03:41:48.309+0000][216.050s][gc,heap     ] GC(82) Eden regions: 53->0(54)
[2026-05-23T03:41:48.309+0000][216.050s][gc,heap     ] GC(82) Survivor regions: 7->6(8)
[2026-05-23T03:41:48.309+0000][216.050s][gc,heap     ] GC(82) Old regions: 321->327
[2026-05-23T03:41:48.309+0000][216.050s][gc,heap     ] GC(82) Archive regions: 2->2
[2026-05-23T03:41:48.309+0000][216.050s][gc,heap     ] GC(82) Humongous regions: 1->1
[2026-05-23T03:41:48.309+0000][216.050s][gc,metaspace] GC(82) Metaspace: 38509K(38976K)->38509K(38976K) NonClass: 34235K(34496K)->34235K(34496K) Class: 4273K(4480K)->4273K(4480K)
[2026-05-23T03:41:48.309+0000][216.050s][gc          ] GC(82) Pause Young (Normal) (G1 Evacuation Pause) 6117M->5359M(19408M) 225.206ms
[2026-05-23T03:41:48.309+0000][216.050s][gc,cpu      ] GC(82) User=0.87s Sys=0.02s Real=0.23s
[2026-05-23T03:41:57.773+0000][225.514s][gc,start    ] GC(83) Pause Young (Normal) (G1 Evacuation Pause)
[2026-05-23T03:41:57.773+0000][225.514s][gc,task     ] GC(83) Using 4 workers of 4 for evacuation
[2026-05-23T03:41:58.046+0000][225.787s][gc,mmu      ] GC(83) MMU target violated: 201.0ms (200.0ms/201.0ms)
[2026-05-23T03:41:58.046+0000][225.787s][gc,phases   ] GC(83)   Pre Evacuate Collection Set: 0.12ms
[2026-05-23T03:41:58.046+0000][225.787s][gc,phases   ] GC(83)   Merge Heap Roots: 3.40ms
[2026-05-23T03:41:58.046+0000][225.787s][gc,phases   ] GC(83)   Evacuate Collection Set: 268.29ms
[2026-05-23T03:41:58.046+0000][225.787s][gc,phases   ] GC(83)   Post Evacuate Collection Set: 0.93ms
[2026-05-23T03:41:58.046+0000][225.787s][gc,phases   ] GC(83)   Other: 0.53ms
[2026-05-23T03:41:58.046+0000][225.787s][gc,heap     ] GC(83) Eden regions: 54->0(52)
[2026-05-23T03:41:58.046+0000][225.787s][gc,heap     ] GC(83) Survivor regions: 6->8(8)
[2026-05-23T03:41:58.046+0000][225.787s][gc,heap     ] GC(83) Old regions: 327->331
[2026-05-23T03:41:58.046+0000][225.787s][gc,heap     ] GC(83) Archive regions: 2->2
[2026-05-23T03:41:58.046+0000][225.787s][gc,heap     ] GC(83) Humongous regions: 1->1
[2026-05-23T03:41:58.046+0000][225.787s][gc,metaspace] GC(83) Metaspace: 38509K(38976K)->38509K(38976K) NonClass: 34236K(34496K)->34236K(34496K) Class: 4273K(4480K)->4273K(4480K)
[2026-05-23T03:41:58.046+0000][225.787s][gc          ] GC(83) Pause Young (Normal) (G1 Evacuation Pause) 6223M->5450M(19408M) 273.341ms
[2026-05-23T03:41:58.046+0000][225.787s][gc,cpu      ] GC(83) User=1.06s Sys=0.02s Real=0.27s
[2026-05-23T03:41:59.830+0000][227.571s][gc,start    ] GC(84) Pause Young (Normal) (G1 Evacuation Pause)
[2026-05-23T03:41:59.830+0000][227.571s][gc,task     ] GC(84) Using 4 workers of 4 for evacuation
[2026-05-23T03:42:00.127+0000][227.868s][gc,mmu      ] GC(84) MMU target violated: 201.0ms (200.0ms/201.0ms)
[2026-05-23T03:42:00.127+0000][227.868s][gc,phases   ] GC(84)   Pre Evacuate Collection Set: 0.13ms
[2026-05-23T03:42:00.127+0000][227.868s][gc,phases   ] GC(84)   Merge Heap Roots: 1.66ms
[2026-05-23T03:42:00.127+0000][227.868s][gc,phases   ] GC(84)   Evacuate Collection Set: 293.87ms
[2026-05-23T03:42:00.127+0000][227.868s][gc,phases   ] GC(84)   Post Evacuate Collection Set: 1.01ms
[2026-05-23T03:42:00.127+0000][227.868s][gc,phases   ] GC(84)   Other: 0.54ms
[2026-05-23T03:42:00.127+0000][227.868s][gc,heap     ] GC(84) Eden regions: 52->0(52)
[2026-05-23T03:42:00.127+0000][227.868s][gc,heap     ] GC(84) Survivor regions: 8->8(8)
[2026-05-23T03:42:00.127+0000][227.868s][gc,heap     ] GC(84) Old regions: 331->339
[2026-05-23T03:42:00.127+0000][227.868s][gc,heap     ] GC(84) Archive regions: 2->2
[2026-05-23T03:42:00.127+0000][227.868s][gc,heap     ] GC(84) Humongous regions: 1->1
[2026-05-23T03:42:00.127+0000][227.868s][gc,metaspace] GC(84) Metaspace: 38510K(38976K)->38510K(38976K) NonClass: 34237K(34496K)->34237K(34496K) Class: 4273K(4480K)->4273K(4480K)
[2026-05-23T03:42:00.127+0000][227.868s][gc          ] GC(84) Pause Young (Normal) (G1 Evacuation Pause) 6282M->5574M(19408M) 297.266ms
[2026-05-23T03:42:00.127+0000][227.868s][gc,cpu      ] GC(84) User=1.14s Sys=0.04s Real=0.29s
[2026-05-23T03:42:06.840+0000][234.581s][gc,start    ] GC(85) Pause Young (Normal) (G1 Evacuation Pause)
[2026-05-23T03:42:06.840+0000][234.581s][gc,task     ] GC(85) Using 4 workers of 4 for evacuation
[2026-05-23T03:42:07.053+0000][234.794s][gc,mmu      ] GC(85) MMU target violated: 201.0ms (200.0ms/201.0ms)
[2026-05-23T03:42:07.053+0000][234.794s][gc,phases   ] GC(85)   Pre Evacuate Collection Set: 0.11ms
[2026-05-23T03:42:07.053+0000][234.794s][gc,phases   ] GC(85)   Merge Heap Roots: 3.23ms
[2026-05-23T03:42:07.053+0000][234.794s][gc,phases   ] GC(85)   Evacuate Collection Set: 208.78ms
[2026-05-23T03:42:07.053+0000][234.794s][gc,phases   ] GC(85)   Post Evacuate Collection Set: 0.89ms
[2026-05-23T03:42:07.053+0000][234.794s][gc,phases   ] GC(85)   Other: 0.51ms
[2026-05-23T03:42:07.053+0000][234.794s][gc,heap     ] GC(85) Eden regions: 52->0(52)
[2026-05-23T03:42:07.053+0000][234.794s][gc,heap     ] GC(85) Survivor regions: 8->8(8)
[2026-05-23T03:42:07.053+0000][234.794s][gc,heap     ] GC(85) Old regions: 339->344
[2026-05-23T03:42:07.053+0000][234.794s][gc,heap     ] GC(85) Archive regions: 2->2
[2026-05-23T03:42:07.053+0000][234.794s][gc,heap     ] GC(85) Humongous regions: 1->1
[2026-05-23T03:42:07.053+0000][234.794s][gc,metaspace] GC(85) Metaspace: 38511K(38976K)->38511K(38976K) NonClass: 34238K(34496K)->34238K(34496K) Class: 4273K(4480K)->4273K(4480K)
[2026-05-23T03:42:07.053+0000][234.794s][gc          ] GC(85) Pause Young (Normal) (G1 Evacuation Pause) 6406M->5654M(19408M) 213.598ms
[2026-05-23T03:42:07.053+0000][234.794s][gc,cpu      ] GC(85) User=0.82s Sys=0.02s Real=0.21s
[2026-05-23T03:42:09.017+0000][236.758s][gc,start    ] GC(86) Pause Young (Normal) (G1 Evacuation Pause)
[2026-05-23T03:42:09.017+0000][236.758s][gc,task     ] GC(86) Using 4 workers of 4 for evacuation
[2026-05-23T03:42:09.294+0000][237.035s][gc,mmu      ] GC(86) MMU target violated: 201.0ms (200.0ms/201.0ms)
[2026-05-23T03:42:09.294+0000][237.035s][gc,phases   ] GC(86)   Pre Evacuate Collection Set: 0.15ms
[2026-05-23T03:42:09.294+0000][237.035s][gc,phases   ] GC(86)   Merge Heap Roots: 3.07ms
[2026-05-23T03:42:09.294+0000][237.035s][gc,phases   ] GC(86)   Evacuate Collection Set: 272.82ms
[2026-05-23T03:42:09.294+0000][237.035s][gc,phases   ] GC(86)   Post Evacuate Collection Set: 1.09ms
[2026-05-23T03:42:09.294+0000][237.035s][gc,phases   ] GC(86)   Other: 0.56ms
[2026-05-23T03:42:09.294+0000][237.035s][gc,heap     ] GC(86) Eden regions: 52->0(52)
[2026-05-23T03:42:09.294+0000][237.035s][gc,heap     ] GC(86) Survivor regions: 8->8(8)
[2026-05-23T03:42:09.294+0000][237.035s][gc,heap     ] GC(86) Old regions: 344->351
[2026-05-23T03:42:09.294+0000][237.035s][gc,heap     ] GC(86) Archive regions: 2->2
[2026-05-23T03:42:09.294+0000][237.035s][gc,heap     ] GC(86) Humongous regions: 1->1
[2026-05-23T03:42:09.294+0000][237.035s][gc,metaspace] GC(86) Metaspace: 38516K(38976K)->38516K(38976K) NonClass: 34242K(34496K)->34242K(34496K) Class: 4273K(4480K)->4273K(4480K)
[2026-05-23T03:42:09.294+0000][237.035s][gc          ] GC(86) Pause Young (Normal) (G1 Evacuation Pause) 6486M->5771M(19408M) 277.747ms
[2026-05-23T03:42:09.294+0000][237.035s][gc,cpu      ] GC(86) User=1.07s Sys=0.02s Real=0.28s
[2026-05-23T03:42:14.110+0000][241.851s][gc,start    ] GC(87) Pause Young (Normal) (G1 Evacuation Pause)
[2026-05-23T03:42:14.110+0000][241.851s][gc,task     ] GC(87) Using 4 workers of 4 for evacuation
[2026-05-23T03:42:14.382+0000][242.123s][gc,mmu      ] GC(87) MMU target violated: 201.0ms (200.0ms/201.0ms)
[2026-05-23T03:42:14.382+0000][242.123s][gc,phases   ] GC(87)   Pre Evacuate Collection Set: 0.13ms
[2026-05-23T03:42:14.382+0000][242.123s][gc,phases   ] GC(87)   Merge Heap Roots: 2.90ms
[2026-05-23T03:42:14.382+0000][242.123s][gc,phases   ] GC(87)   Evacuate Collection Set: 265.93ms
[2026-05-23T03:42:14.382+0000][242.123s][gc,phases   ] GC(87)   Post Evacuate Collection Set: 2.55ms
[2026-05-23T03:42:14.382+0000][242.123s][gc,phases   ] GC(87)   Other: 0.51ms
[2026-05-23T03:42:14.382+0000][242.123s][gc,heap     ] GC(87) Eden regions: 52->0(54)
[2026-05-23T03:42:14.382+0000][242.123s][gc,heap     ] GC(87) Survivor regions: 8->8(8)
[2026-05-23T03:42:14.382+0000][242.123s][gc,heap     ] GC(87) Old regions: 351->358
[2026-05-23T03:42:14.382+0000][242.123s][gc,heap     ] GC(87) Archive regions: 2->2
[2026-05-23T03:42:14.382+0000][242.123s][gc,heap     ] GC(87) Humongous regions: 1->1
[2026-05-23T03:42:14.382+0000][242.123s][gc,metaspace] GC(87) Metaspace: 38516K(38976K)->38516K(38976K) NonClass: 34243K(34496K)->34243K(34496K) Class: 4273K(4480K)->4273K(4480K)
[2026-05-23T03:42:14.382+0000][242.123s][gc          ] GC(87) Pause Young (Normal) (G1 Evacuation Pause) 6603M->5881M(20112M) 272.076ms
[2026-05-23T03:42:14.382+0000][242.123s][gc,cpu      ] GC(87) User=1.04s Sys=0.03s Real=0.27s
[2026-05-23T03:42:22.185+0000][249.926s][gc,start    ] GC(88) Pause Young (Normal) (G1 Evacuation Pause)
[2026-05-23T03:42:22.185+0000][249.926s][gc,task     ] GC(88) Using 4 workers of 4 for evacuation
[2026-05-23T03:42:22.371+0000][250.112s][gc,phases   ] GC(88)   Pre Evacuate Collection Set: 0.14ms
[2026-05-23T03:42:22.371+0000][250.112s][gc,phases   ] GC(88)   Merge Heap Roots: 4.11ms
[2026-05-23T03:42:22.371+0000][250.112s][gc,phases   ] GC(88)   Evacuate Collection Set: 179.97ms
[2026-05-23T03:42:22.371+0000][250.112s][gc,phases   ] GC(88)   Post Evacuate Collection Set: 1.06ms
[2026-05-23T03:42:22.371+0000][250.112s][gc,phases   ] GC(88)   Other: 0.50ms
[2026-05-23T03:42:22.371+0000][250.112s][gc,heap     ] GC(88) Eden regions: 54->0(57)
[2026-05-23T03:42:22.371+0000][250.112s][gc,heap     ] GC(88) Survivor regions: 8->5(8)
[2026-05-23T03:42:22.371+0000][250.112s][gc,heap     ] GC(88) Old regions: 358->361
[2026-05-23T03:42:22.371+0000][250.112s][gc,heap     ] GC(88) Archive regions: 2->2
[2026-05-23T03:42:22.371+0000][250.112s][gc,heap     ] GC(88) Humongous regions: 1->1
[2026-05-23T03:42:22.371+0000][250.112s][gc,metaspace] GC(88) Metaspace: 38516K(38976K)->38516K(38976K) NonClass: 34243K(34496K)->34243K(34496K) Class: 4273K(4480K)->4273K(4480K)
[2026-05-23T03:42:22.371+0000][250.112s][gc          ] GC(88) Pause Young (Normal) (G1 Evacuation Pause) 6745M->5883M(20112M) 185.885ms
[2026-05-23T03:42:22.371+0000][250.112s][gc,cpu      ] GC(88) User=0.72s Sys=0.01s Real=0.19s
[2026-05-23T03:42:24.649+0000][252.390s][gc,start    ] GC(89) Pause Young (Normal) (G1 Evacuation Pause)
[2026-05-23T03:42:24.649+0000][252.390s][gc,task     ] GC(89) Using 4 workers of 4 for evacuation
[2026-05-23T03:42:24.942+0000][252.683s][gc,mmu      ] GC(89) MMU target violated: 201.0ms (200.0ms/201.0ms)
[2026-05-23T03:42:24.942+0000][252.683s][gc,phases   ] GC(89)   Pre Evacuate Collection Set: 0.12ms
[2026-05-23T03:42:24.942+0000][252.683s][gc,phases   ] GC(89)   Merge Heap Roots: 2.75ms
[2026-05-23T03:42:24.942+0000][252.683s][gc,phases   ] GC(89)   Evacuate Collection Set: 288.89ms
[2026-05-23T03:42:24.942+0000][252.683s][gc,phases   ] GC(89)   Post Evacuate Collection Set: 1.05ms
[2026-05-23T03:42:24.942+0000][252.683s][gc,phases   ] GC(89)   Other: 0.28ms
[2026-05-23T03:42:24.942+0000][252.683s][gc,heap     ] GC(89) Eden regions: 57->0(54)
[2026-05-23T03:42:24.942+0000][252.683s][gc,heap     ] GC(89) Survivor regions: 5->8(8)
[2026-05-23T03:42:24.942+0000][252.683s][gc,heap     ] GC(89) Old regions: 361->369
[2026-05-23T03:42:24.942+0000][252.683s][gc,heap     ] GC(89) Archive regions: 2->2
[2026-05-23T03:42:24.942+0000][252.683s][gc,heap     ] GC(89) Humongous regions: 1->1
[2026-05-23T03:42:24.942+0000][252.683s][gc,metaspace] GC(89) Metaspace: 38524K(38976K)->38524K(38976K) NonClass: 34251K(34496K)->34251K(34496K) Class: 4273K(4480K)->4273K(4480K)
[2026-05-23T03:42:24.942+0000][252.683s][gc          ] GC(89) Pause Young (Normal) (G1 Evacuation Pause) 6795M->6056M(20112M) 293.143ms
[2026-05-23T03:42:24.942+0000][252.683s][gc,cpu      ] GC(89) User=1.13s Sys=0.03s Real=0.29s
[2026-05-23T03:42:32.639+0000][260.380s][gc,start    ] GC(90) Pause Young (Normal) (G1 Evacuation Pause)
[2026-05-23T03:42:32.639+0000][260.380s][gc,task     ] GC(90) Using 4 workers of 4 for evacuation
[2026-05-23T03:42:32.778+0000][260.519s][gc,phases   ] GC(90)   Pre Evacuate Collection Set: 0.11ms
[2026-05-23T03:42:32.778+0000][260.519s][gc,phases   ] GC(90)   Merge Heap Roots: 2.90ms
[2026-05-23T03:42:32.778+0000][260.519s][gc,phases   ] GC(90)   Evacuate Collection Set: 134.53ms
[2026-05-23T03:42:32.778+0000][260.519s][gc,phases   ] GC(90)   Post Evacuate Collection Set: 0.93ms
[2026-05-23T03:42:32.778+0000][260.519s][gc,phases   ] GC(90)   Other: 0.47ms
[2026-05-23T03:42:32.778+0000][260.519s][gc,heap     ] GC(90) Eden regions: 54->0(58)
[2026-05-23T03:42:32.778+0000][260.519s][gc,heap     ] GC(90) Survivor regions: 8->4(8)
[2026-05-23T03:42:32.778+0000][260.519s][gc,heap     ] GC(90) Old regions: 369->372
[2026-05-23T03:42:32.778+0000][260.519s][gc,heap     ] GC(90) Archive regions: 2->2
[2026-05-23T03:42:32.778+0000][260.519s][gc,heap     ] GC(90) Humongous regions: 1->1
[2026-05-23T03:42:32.778+0000][260.519s][gc,metaspace] GC(90) Metaspace: 38527K(38976K)->38527K(38976K) NonClass: 34253K(34496K)->34253K(34496K) Class: 4273K(4480K)->4273K(4480K)
[2026-05-23T03:42:32.778+0000][260.519s][gc          ] GC(90) Pause Young (Normal) (G1 Evacuation Pause) 6920M->6042M(20112M) 139.022ms
[2026-05-23T03:42:32.778+0000][260.519s][gc,cpu      ] GC(90) User=0.54s Sys=0.01s Real=0.13s
[2026-05-23T03:42:34.948+0000][262.689s][gc,start    ] GC(91) Pause Young (Normal) (G1 Evacuation Pause)
[2026-05-23T03:42:34.948+0000][262.689s][gc,task     ] GC(91) Using 4 workers of 4 for evacuation
[2026-05-23T03:42:35.196+0000][262.937s][gc,mmu      ] GC(91) MMU target violated: 201.0ms (200.0ms/201.0ms)
[2026-05-23T03:42:35.196+0000][262.937s][gc,phases   ] GC(91)   Pre Evacuate Collection Set: 0.12ms
[2026-05-23T03:42:35.196+0000][262.937s][gc,phases   ] GC(91)   Merge Heap Roots: 1.10ms
[2026-05-23T03:42:35.196+0000][262.937s][gc,phases   ] GC(91)   Evacuate Collection Set: 245.83ms
[2026-05-23T03:42:35.196+0000][262.937s][gc,phases   ] GC(91)   Post Evacuate Collection Set: 0.78ms
[2026-05-23T03:42:35.196+0000][262.937s][gc,phases   ] GC(91)   Other: 0.18ms
[2026-05-23T03:42:35.196+0000][262.937s][gc,heap     ] GC(91) Eden regions: 58->0(54)
[2026-05-23T03:42:35.196+0000][262.937s][gc,heap     ] GC(91) Survivor regions: 4->8(8)
[2026-05-23T03:42:35.196+0000][262.937s][gc,heap     ] GC(91) Old regions: 372->376
[2026-05-23T03:42:35.196+0000][262.937s][gc,heap     ] GC(91) Archive regions: 2->2
[2026-05-23T03:42:35.196+0000][262.937s][gc,heap     ] GC(91) Humongous regions: 1->1
[2026-05-23T03:42:35.196+0000][262.937s][gc,metaspace] GC(91) Metaspace: 38527K(38976K)->38527K(38976K) NonClass: 34253K(34496K)->34253K(34496K) Class: 4273K(4480K)->4273K(4480K)
[2026-05-23T03:42:35.196+0000][262.937s][gc          ] GC(91) Pause Young (Normal) (G1 Evacuation Pause) 6970M->6175M(20112M) 248.065ms
[2026-05-23T03:42:35.196+0000][262.937s][gc,cpu      ] GC(91) User=0.97s Sys=0.01s Real=0.25s
[2026-05-23T03:42:43.705+0000][271.446s][gc,start    ] GC(92) Pause Young (Normal) (G1 Evacuation Pause)
[2026-05-23T03:42:43.705+0000][271.446s][gc,task     ] GC(92) Using 4 workers of 4 for evacuation
[2026-05-23T03:42:43.987+0000][271.728s][gc,mmu      ] GC(92) MMU target violated: 201.0ms (200.0ms/201.0ms)
[2026-05-23T03:42:43.987+0000][271.728s][gc,phases   ] GC(92)   Pre Evacuate Collection Set: 0.15ms
[2026-05-23T03:42:43.987+0000][271.728s][gc,phases   ] GC(92)   Merge Heap Roots: 1.42ms
[2026-05-23T03:42:43.987+0000][271.728s][gc,phases   ] GC(92)   Evacuate Collection Set: 278.97ms
[2026-05-23T03:42:43.987+0000][271.728s][gc,phases   ] GC(92)   Post Evacuate Collection Set: 0.92ms
[2026-05-23T03:42:43.987+0000][271.728s][gc,phases   ] GC(92)   Other: 0.56ms
[2026-05-23T03:42:43.987+0000][271.728s][gc,heap     ] GC(92) Eden regions: 54->0(54)
[2026-05-23T03:42:43.987+0000][271.728s][gc,heap     ] GC(92) Survivor regions: 8->8(8)
[2026-05-23T03:42:43.987+0000][271.728s][gc,heap     ] GC(92) Old regions: 376->384
[2026-05-23T03:42:43.987+0000][271.728s][gc,heap     ] GC(92) Archive regions: 2->2
[2026-05-23T03:42:43.987+0000][271.728s][gc,heap     ] GC(92) Humongous regions: 1->1
[2026-05-23T03:42:43.987+0000][271.728s][gc,metaspace] GC(92) Metaspace: 38527K(38976K)->38527K(38976K) NonClass: 34254K(34496K)->34254K(34496K) Class: 4273K(4480K)->4273K(4480K)
[2026-05-23T03:42:43.987+0000][271.728s][gc          ] GC(92) Pause Young (Normal) (G1 Evacuation Pause) 7039M->6289M(20112M) 282.059ms
[2026-05-23T03:42:43.987+0000][271.728s][gc,cpu      ] GC(92) User=1.08s Sys=0.04s Real=0.28s
[2026-05-23T03:42:46.293+0000][274.034s][gc,start    ] GC(93) Pause Young (Normal) (G1 Evacuation Pause)
[2026-05-23T03:42:46.293+0000][274.034s][gc,task     ] GC(93) Using 4 workers of 4 for evacuation
[2026-05-23T03:42:46.528+0000][274.270s][gc,mmu      ] GC(93) MMU target violated: 201.0ms (200.0ms/201.0ms)
[2026-05-23T03:42:46.529+0000][274.270s][gc,phases   ] GC(93)   Pre Evacuate Collection Set: 0.12ms
[2026-05-23T03:42:46.529+0000][274.270s][gc,phases   ] GC(93)   Merge Heap Roots: 2.33ms
[2026-05-23T03:42:46.529+0000][274.270s][gc,phases   ] GC(93)   Evacuate Collection Set: 232.06ms
[2026-05-23T03:42:46.529+0000][274.270s][gc,phases   ] GC(93)   Post Evacuate Collection Set: 0.70ms
[2026-05-23T03:42:46.529+0000][274.270s][gc,phases   ] GC(93)   Other: 0.57ms
[2026-05-23T03:42:46.529+0000][274.270s][gc,heap     ] GC(93) Eden regions: 54->0(54)
[2026-05-23T03:42:46.529+0000][274.270s][gc,heap     ] GC(93) Survivor regions: 8->8(8)
[2026-05-23T03:42:46.529+0000][274.270s][gc,heap     ] GC(93) Old regions: 384->389
[2026-05-23T03:42:46.529+0000][274.270s][gc,heap     ] GC(93) Archive regions: 2->2
[2026-05-23T03:42:46.529+0000][274.270s][gc,heap     ] GC(93) Humongous regions: 1->1
[2026-05-23T03:42:46.529+0000][274.270s][gc,metaspace] GC(93) Metaspace: 38527K(38976K)->38527K(38976K) NonClass: 34254K(34496K)->34254K(34496K) Class: 4273K(4480K)->4273K(4480K)
[2026-05-23T03:42:46.529+0000][274.270s][gc          ] GC(93) Pause Young (Normal) (G1 Evacuation Pause) 7153M->6383M(20112M) 235.837ms
[2026-05-23T03:42:46.529+0000][274.270s][gc,cpu      ] GC(93) User=0.91s Sys=0.02s Real=0.24s
[2026-05-23T03:42:48.339+0000][276.080s][gc,start    ] GC(94) Pause Young (Normal) (G1 Evacuation Pause)
[2026-05-23T03:42:48.339+0000][276.080s][gc,task     ] GC(94) Using 4 workers of 4 for evacuation
[2026-05-23T03:42:48.637+0000][276.378s][gc,mmu      ] GC(94) MMU target violated: 201.0ms (200.0ms/201.0ms)
[2026-05-23T03:42:48.637+0000][276.378s][gc,phases   ] GC(94)   Pre Evacuate Collection Set: 0.10ms
[2026-05-23T03:42:48.637+0000][276.378s][gc,phases   ] GC(94)   Merge Heap Roots: 1.06ms
[2026-05-23T03:42:48.637+0000][276.378s][gc,phases   ] GC(94)   Evacuate Collection Set: 295.28ms
[2026-05-23T03:42:48.637+0000][276.378s][gc,phases   ] GC(94)   Post Evacuate Collection Set: 0.97ms
[2026-05-23T03:42:48.637+0000][276.378s][gc,phases   ] GC(94)   Other: 0.54ms
[2026-05-23T03:42:48.637+0000][276.378s][gc,heap     ] GC(94) Eden regions: 54->0(54)
[2026-05-23T03:42:48.637+0000][276.378s][gc,heap     ] GC(94) Survivor regions: 8->8(8)
[2026-05-23T03:42:48.637+0000][276.378s][gc,heap     ] GC(94) Old regions: 389->398
[2026-05-23T03:42:48.637+0000][276.378s][gc,heap     ] GC(94) Archive regions: 2->2
[2026-05-23T03:42:48.637+0000][276.378s][gc,heap     ] GC(94) Humongous regions: 1->1
[2026-05-23T03:42:48.637+0000][276.378s][gc,metaspace] GC(94) Metaspace: 38528K(38976K)->38528K(38976K) NonClass: 34254K(34496K)->34254K(34496K) Class: 4273K(4480K)->4273K(4480K)
[2026-05-23T03:42:48.637+0000][276.378s][gc          ] GC(94) Pause Young (Normal) (G1 Evacuation Pause) 7247M->6519M(20112M) 298.009ms
[2026-05-23T03:42:48.637+0000][276.378s][gc,cpu      ] GC(94) User=1.15s Sys=0.03s Real=0.29s
[2026-05-23T03:42:54.954+0000][282.695s][gc,start    ] GC(95) Pause Young (Normal) (G1 Evacuation Pause)
[2026-05-23T03:42:54.954+0000][282.695s][gc,task     ] GC(95) Using 4 workers of 4 for evacuation
[2026-05-23T03:42:55.176+0000][282.917s][gc,mmu      ] GC(95) MMU target violated: 201.0ms (200.0ms/201.0ms)
[2026-05-23T03:42:55.176+0000][282.917s][gc,phases   ] GC(95)   Pre Evacuate Collection Set: 0.12ms
[2026-05-23T03:42:55.176+0000][282.917s][gc,phases   ] GC(95)   Merge Heap Roots: 2.86ms
[2026-05-23T03:42:55.176+0000][282.917s][gc,phases   ] GC(95)   Evacuate Collection Set: 217.69ms
[2026-05-23T03:42:55.176+0000][282.917s][gc,phases   ] GC(95)   Post Evacuate Collection Set: 2.02ms
[2026-05-23T03:42:55.176+0000][282.917s][gc,phases   ] GC(95)   Other: 0.19ms
[2026-05-23T03:42:55.176+0000][282.917s][gc,heap     ] GC(95) Eden regions: 54->0(56)
[2026-05-23T03:42:55.176+0000][282.917s][gc,heap     ] GC(95) Survivor regions: 8->8(8)
[2026-05-23T03:42:55.176+0000][282.917s][gc,heap     ] GC(95) Old regions: 398->402
[2026-05-23T03:42:55.176+0000][282.917s][gc,heap     ] GC(95) Archive regions: 2->2
[2026-05-23T03:42:55.176+0000][282.917s][gc,heap     ] GC(95) Humongous regions: 1->1
[2026-05-23T03:42:55.176+0000][282.917s][gc,metaspace] GC(95) Metaspace: 38528K(38976K)->38528K(38976K) NonClass: 34254K(34496K)->34254K(34496K) Class: 4273K(4480K)->4273K(4480K)
[2026-05-23T03:42:55.176+0000][282.918s][gc          ] GC(95) Pause Young (Normal) (G1 Evacuation Pause) 7383M->6588M(20528M) 222.936ms
[2026-05-23T03:42:55.176+0000][282.918s][gc,cpu      ] GC(95) User=0.86s Sys=0.02s Real=0.22s
[2026-05-23T03:42:59.333+0000][287.074s][gc,start    ] GC(96) Pause Young (Normal) (G1 Evacuation Pause)
[2026-05-23T03:42:59.333+0000][287.074s][gc,task     ] GC(96) Using 4 workers of 4 for evacuation
[2026-05-23T03:42:59.600+0000][287.341s][gc,mmu      ] GC(96) MMU target violated: 201.0ms (200.0ms/201.0ms)
[2026-05-23T03:42:59.600+0000][287.341s][gc,phases   ] GC(96)   Pre Evacuate Collection Set: 0.13ms
[2026-05-23T03:42:59.600+0000][287.341s][gc,phases   ] GC(96)   Merge Heap Roots: 3.02ms
[2026-05-23T03:42:59.600+0000][287.341s][gc,phases   ] GC(96)   Evacuate Collection Set: 262.83ms
[2026-05-23T03:42:59.600+0000][287.341s][gc,phases   ] GC(96)   Post Evacuate Collection Set: 0.90ms
[2026-05-23T03:42:59.600+0000][287.341s][gc,phases   ] GC(96)   Other: 0.19ms
[2026-05-23T03:42:59.600+0000][287.341s][gc,heap     ] GC(96) Eden regions: 56->0(56)
[2026-05-23T03:42:59.600+0000][287.341s][gc,heap     ] GC(96) Survivor regions: 8->8(8)
[2026-05-23T03:42:59.600+0000][287.341s][gc,heap     ] GC(96) Old regions: 402->408
[2026-05-23T03:42:59.600+0000][287.341s][gc,heap     ] GC(96) Archive regions: 2->2
[2026-05-23T03:42:59.600+0000][287.341s][gc,heap     ] GC(96) Humongous regions: 1->1
[2026-05-23T03:42:59.600+0000][287.341s][gc,metaspace] GC(96) Metaspace: 38528K(38976K)->38528K(38976K) NonClass: 34254K(34496K)->34254K(34496K) Class: 4273K(4480K)->4273K(4480K)
[2026-05-23T03:42:59.600+0000][287.341s][gc          ] GC(96) Pause Young (Normal) (G1 Evacuation Pause) 7484M->6683M(20528M) 267.142ms
[2026-05-23T03:42:59.600+0000][287.341s][gc,cpu      ] GC(96) User=1.03s Sys=0.03s Real=0.27s
[2026-05-23T03:43:05.254+0000][292.995s][gc,start    ] GC(97) Pause Young (Normal) (G1 Evacuation Pause)
[2026-05-23T03:43:05.254+0000][292.995s][gc,task     ] GC(97) Using 4 workers of 4 for evacuation
[2026-05-23T03:43:05.512+0000][293.253s][gc,mmu      ] GC(97) MMU target violated: 201.0ms (200.0ms/201.0ms)
[2026-05-23T03:43:05.512+0000][293.253s][gc,phases   ] GC(97)   Pre Evacuate Collection Set: 0.12ms
[2026-05-23T03:43:05.512+0000][293.253s][gc,phases   ] GC(97)   Merge Heap Roots: 2.88ms
[2026-05-23T03:43:05.512+0000][293.253s][gc,phases   ] GC(97)   Evacuate Collection Set: 254.14ms
[2026-05-23T03:43:05.512+0000][293.253s][gc,phases   ] GC(97)   Post Evacuate Collection Set: 1.00ms
[2026-05-23T03:43:05.512+0000][293.253s][gc,phases   ] GC(97)   Other: 0.50ms
[2026-05-23T03:43:05.512+0000][293.253s][gc,heap     ] GC(97) Eden regions: 56->0(56)
[2026-05-23T03:43:05.512+0000][293.253s][gc,heap     ] GC(97) Survivor regions: 8->8(8)
[2026-05-23T03:43:05.512+0000][293.254s][gc,heap     ] GC(97) Old regions: 408->414
[2026-05-23T03:43:05.512+0000][293.254s][gc,heap     ] GC(97) Archive regions: 2->2
[2026-05-23T03:43:05.512+0000][293.254s][gc,heap     ] GC(97) Humongous regions: 1->1
[2026-05-23T03:43:05.512+0000][293.254s][gc,metaspace] GC(97) Metaspace: 38528K(38976K)->38528K(38976K) NonClass: 34254K(34496K)->34254K(34496K) Class: 4273K(4480K)->4273K(4480K)
[2026-05-23T03:43:05.512+0000][293.254s][gc          ] GC(97) Pause Young (Normal) (G1 Evacuation Pause) 7579M->6780M(20528M) 258.694ms
[2026-05-23T03:43:05.512+0000][293.254s][gc,cpu      ] GC(97) User=1.01s Sys=0.02s Real=0.26s
[2026-05-23T03:43:07.583+0000][295.324s][gc,start    ] GC(98) Pause Young (Normal) (G1 Evacuation Pause)
[2026-05-23T03:43:07.583+0000][295.324s][gc,task     ] GC(98) Using 4 workers of 4 for evacuation
[2026-05-23T03:43:07.893+0000][295.634s][gc,mmu      ] GC(98) MMU target violated: 201.0ms (200.0ms/201.0ms)
[2026-05-23T03:43:07.893+0000][295.634s][gc,phases   ] GC(98)   Pre Evacuate Collection Set: 0.11ms
[2026-05-23T03:43:07.893+0000][295.634s][gc,phases   ] GC(98)   Merge Heap Roots: 2.48ms
[2026-05-23T03:43:07.893+0000][295.634s][gc,phases   ] GC(98)   Evacuate Collection Set: 305.68ms
[2026-05-23T03:43:07.893+0000][295.634s][gc,phases   ] GC(98)   Post Evacuate Collection Set: 1.05ms
[2026-05-23T03:43:07.893+0000][295.634s][gc,phases   ] GC(98)   Other: 0.53ms
[2026-05-23T03:43:07.893+0000][295.634s][gc,heap     ] GC(98) Eden regions: 56->0(56)
[2026-05-23T03:43:07.893+0000][295.634s][gc,heap     ] GC(98) Survivor regions: 8->8(8)
[2026-05-23T03:43:07.893+0000][295.634s][gc,heap     ] GC(98) Old regions: 414->424
[2026-05-23T03:43:07.893+0000][295.634s][gc,heap     ] GC(98) Archive regions: 2->2
[2026-05-23T03:43:07.893+0000][295.634s][gc,heap     ] GC(98) Humongous regions: 1->1
[2026-05-23T03:43:07.893+0000][295.634s][gc,metaspace] GC(98) Metaspace: 38541K(38976K)->38541K(38976K) NonClass: 34267K(34496K)->34267K(34496K) Class: 4273K(4480K)->4273K(4480K)
[2026-05-23T03:43:07.893+0000][295.634s][gc          ] GC(98) Pause Young (Normal) (G1 Evacuation Pause) 7676M->6936M(20528M) 309.911ms
[2026-05-23T03:43:07.893+0000][295.634s][gc,cpu      ] GC(98) User=1.19s Sys=0.03s Real=0.31s
[2026-05-23T03:43:12.150+0000][299.891s][gc,start    ] GC(99) Pause Young (Normal) (G1 Evacuation Pause)
[2026-05-23T03:43:12.150+0000][299.891s][gc,task     ] GC(99) Using 4 workers of 4 for evacuation
[2026-05-23T03:43:12.464+0000][300.205s][gc,mmu      ] GC(99) MMU target violated: 201.0ms (200.0ms/201.0ms)
[2026-05-23T03:43:12.464+0000][300.205s][gc,phases   ] GC(99)   Pre Evacuate Collection Set: 0.12ms
[2026-05-23T03:43:12.464+0000][300.205s][gc,phases   ] GC(99)   Merge Heap Roots: 3.41ms
[2026-05-23T03:43:12.464+0000][300.205s][gc,phases   ] GC(99)   Evacuate Collection Set: 309.55ms
[2026-05-23T03:43:12.464+0000][300.205s][gc,phases   ] GC(99)   Post Evacuate Collection Set: 1.16ms
[2026-05-23T03:43:12.464+0000][300.205s][gc,phases   ] GC(99)   Other: 0.19ms
[2026-05-23T03:43:12.464+0000][300.205s][gc,heap     ] GC(99) Eden regions: 56->0(56)
[2026-05-23T03:43:12.464+0000][300.205s][gc,heap     ] GC(99) Survivor regions: 8->8(8)
[2026-05-23T03:43:12.464+0000][300.205s][gc,heap     ] GC(99) Old regions: 424->432
[2026-05-23T03:43:12.464+0000][300.205s][gc,heap     ] GC(99) Archive regions: 2->2
[2026-05-23T03:43:12.464+0000][300.205s][gc,heap     ] GC(99) Humongous regions: 1->1
[2026-05-23T03:43:12.464+0000][300.205s][gc,metaspace] GC(99) Metaspace: 38543K(39040K)->38543K(39040K) NonClass: 34270K(34560K)->34270K(34560K) Class: 4273K(4480K)->4273K(4480K)
[2026-05-23T03:43:12.464+0000][300.205s][gc          ] GC(99) Pause Young (Normal) (G1 Evacuation Pause) 7832M->7071M(20528M) 314.490ms
[2026-05-23T03:43:12.464+0000][300.205s][gc,cpu      ] GC(99) User=1.22s Sys=0.02s Real=0.31s
[2026-05-23T03:43:18.865+0000][306.606s][gc,start    ] GC(100) Pause Young (Normal) (G1 Evacuation Pause)
[2026-05-23T03:43:18.865+0000][306.607s][gc,task     ] GC(100) Using 4 workers of 4 for evacuation
[2026-05-23T03:43:19.175+0000][306.916s][gc,mmu      ] GC(100) MMU target violated: 201.0ms (200.0ms/201.0ms)
[2026-05-23T03:43:19.175+0000][306.917s][gc,phases   ] GC(100)   Pre Evacuate Collection Set: 0.12ms
[2026-05-23T03:43:19.176+0000][306.917s][gc,phases   ] GC(100)   Merge Heap Roots: 3.90ms
[2026-05-23T03:43:19.176+0000][306.917s][gc,phases   ] GC(100)   Evacuate Collection Set: 304.25ms
[2026-05-23T03:43:19.176+0000][306.917s][gc,phases   ] GC(100)   Post Evacuate Collection Set: 1.26ms
[2026-05-23T03:43:19.176+0000][306.917s][gc,phases   ] GC(100)   Other: 0.56ms
[2026-05-23T03:43:19.176+0000][306.917s][gc,heap     ] GC(100) Eden regions: 56->0(56)
[2026-05-23T03:43:19.176+0000][306.917s][gc,heap     ] GC(100) Survivor regions: 8->8(8)
[2026-05-23T03:43:19.176+0000][306.917s][gc,heap     ] GC(100) Old regions: 432->438
[2026-05-23T03:43:19.176+0000][306.917s][gc,heap     ] GC(100) Archive regions: 2->2
[2026-05-23T03:43:19.176+0000][306.917s][gc,heap     ] GC(100) Humongous regions: 1->1
[2026-05-23T03:43:19.176+0000][306.917s][gc,metaspace] GC(100) Metaspace: 38549K(39040K)->38549K(39040K) NonClass: 34275K(34560K)->34275K(34560K) Class: 4273K(4480K)->4273K(4480K)
[2026-05-23T03:43:19.176+0000][306.917s][gc          ] GC(100) Pause Young (Normal) (G1 Evacuation Pause) 7967M->7164M(20528M) 310.173ms
[2026-05-23T03:43:19.176+0000][306.917s][gc,cpu      ] GC(100) User=1.20s Sys=0.02s Real=0.31s
[2026-05-23T03:43:22.812+0000][310.553s][gc,start    ] GC(101) Pause Young (Normal) (G1 Evacuation Pause)
[2026-05-23T03:43:22.812+0000][310.553s][gc,task     ] GC(101) Using 4 workers of 4 for evacuation
[2026-05-23T03:43:23.142+0000][310.883s][gc,mmu      ] GC(101) MMU target violated: 201.0ms (200.0ms/201.0ms)
[2026-05-23T03:43:23.142+0000][310.883s][gc,phases   ] GC(101)   Pre Evacuate Collection Set: 0.12ms
[2026-05-23T03:43:23.142+0000][310.883s][gc,phases   ] GC(101)   Merge Heap Roots: 3.49ms
[2026-05-23T03:43:23.142+0000][310.883s][gc,phases   ] GC(101)   Evacuate Collection Set: 324.65ms
[2026-05-23T03:43:23.142+0000][310.883s][gc,phases   ] GC(101)   Post Evacuate Collection Set: 0.92ms
[2026-05-23T03:43:23.142+0000][310.883s][gc,phases   ] GC(101)   Other: 0.54ms
[2026-05-23T03:43:23.142+0000][310.883s][gc,heap     ] GC(101) Eden regions: 56->0(56)
[2026-05-23T03:43:23.142+0000][310.883s][gc,heap     ] GC(101) Survivor regions: 8->8(8)
[2026-05-23T03:43:23.142+0000][310.883s][gc,heap     ] GC(101) Old regions: 438->446
[2026-05-23T03:43:23.142+0000][310.883s][gc,heap     ] GC(101) Archive regions: 2->2
[2026-05-23T03:43:23.142+0000][310.883s][gc,heap     ] GC(101) Humongous regions: 1->1
[2026-05-23T03:43:23.142+0000][310.883s][gc,metaspace] GC(101) Metaspace: 38550K(39040K)->38550K(39040K) NonClass: 34277K(34560K)->34277K(34560K) Class: 4273K(4480K)->4273K(4480K)
[2026-05-23T03:43:23.142+0000][310.883s][gc          ] GC(101) Pause Young (Normal) (G1 Evacuation Pause) 8060M->7284M(20528M) 329.793ms
[2026-05-23T03:43:23.142+0000][310.883s][gc,cpu      ] GC(101) User=1.28s Sys=0.02s Real=0.33s
[2026-05-23T03:43:28.399+0000][316.140s][gc,start    ] GC(102) Pause Young (Normal) (G1 Evacuation Pause)
[2026-05-23T03:43:28.399+0000][316.140s][gc,task     ] GC(102) Using 4 workers of 4 for evacuation
[2026-05-23T03:43:28.633+0000][316.374s][gc,mmu      ] GC(102) MMU target violated: 201.0ms (200.0ms/201.0ms)
[2026-05-23T03:43:28.633+0000][316.374s][gc,phases   ] GC(102)   Pre Evacuate Collection Set: 0.13ms
[2026-05-23T03:43:28.633+0000][316.374s][gc,phases   ] GC(102)   Merge Heap Roots: 2.94ms
[2026-05-23T03:43:28.633+0000][316.374s][gc,phases   ] GC(102)   Evacuate Collection Set: 229.02ms
[2026-05-23T03:43:28.633+0000][316.374s][gc,phases   ] GC(102)   Post Evacuate Collection Set: 0.97ms
[2026-05-23T03:43:28.633+0000][316.374s][gc,phases   ] GC(102)   Other: 0.53ms
[2026-05-23T03:43:28.633+0000][316.374s][gc,heap     ] GC(102) Eden regions: 56->0(58)
[2026-05-23T03:43:28.633+0000][316.374s][gc,heap     ] GC(102) Survivor regions: 8->6(8)
[2026-05-23T03:43:28.633+0000][316.374s][gc,heap     ] GC(102) Old regions: 446->452
[2026-05-23T03:43:28.633+0000][316.374s][gc,heap     ] GC(102) Archive regions: 2->2
[2026-05-23T03:43:28.633+0000][316.374s][gc,heap     ] GC(102) Humongous regions: 1->1
[2026-05-23T03:43:28.633+0000][316.374s][gc,metaspace] GC(102) Metaspace: 38550K(39040K)->38550K(39040K) NonClass: 34277K(34560K)->34277K(34560K) Class: 4273K(4480K)->4273K(4480K)
[2026-05-23T03:43:28.633+0000][316.374s][gc          ] GC(102) Pause Young (Normal) (G1 Evacuation Pause) 8180M->7345M(20528M) 233.642ms
[2026-05-23T03:43:28.633+0000][316.374s][gc,cpu      ] GC(102) User=0.91s Sys=0.02s Real=0.23s
[2026-05-23T03:43:30.744+0000][318.485s][gc,start    ] GC(103) Pause Young (Normal) (G1 Evacuation Pause)
[2026-05-23T03:43:30.744+0000][318.485s][gc,task     ] GC(103) Using 4 workers of 4 for evacuation
[2026-05-23T03:43:31.036+0000][318.777s][gc,mmu      ] GC(103) MMU target violated: 201.0ms (200.0ms/201.0ms)
[2026-05-23T03:43:31.036+0000][318.777s][gc,phases   ] GC(103)   Pre Evacuate Collection Set: 0.14ms
[2026-05-23T03:43:31.036+0000][318.777s][gc,phases   ] GC(103)   Merge Heap Roots: 2.88ms
[2026-05-23T03:43:31.036+0000][318.777s][gc,phases   ] GC(103)   Evacuate Collection Set: 287.76ms
[2026-05-23T03:43:31.036+0000][318.777s][gc,phases   ] GC(103)   Post Evacuate Collection Set: 0.94ms
[2026-05-23T03:43:31.036+0000][318.777s][gc,phases   ] GC(103)   Other: 0.19ms
[2026-05-23T03:43:31.036+0000][318.777s][gc,heap     ] GC(103) Eden regions: 58->0(56)
[2026-05-23T03:43:31.036+0000][318.777s][gc,heap     ] GC(103) Survivor regions: 6->8(8)
[2026-05-23T03:43:31.036+0000][318.777s][gc,heap     ] GC(103) Old regions: 452->459
[2026-05-23T03:43:31.036+0000][318.777s][gc,heap     ] GC(103) Archive regions: 2->2
[2026-05-23T03:43:31.036+0000][318.777s][gc,heap     ] GC(103) Humongous regions: 1->1
[2026-05-23T03:43:31.036+0000][318.777s][gc,metaspace] GC(103) Metaspace: 38550K(39040K)->38550K(39040K) NonClass: 34277K(34560K)->34277K(34560K) Class: 4273K(4480K)->4273K(4480K)
[2026-05-23T03:43:31.036+0000][318.777s][gc          ] GC(103) Pause Young (Normal) (G1 Evacuation Pause) 8273M->7503M(20528M) 291.967ms
[2026-05-23T03:43:31.036+0000][318.777s][gc,cpu      ] GC(103) User=1.13s Sys=0.03s Real=0.29s
[2026-05-23T03:43:39.788+0000][327.529s][gc,start    ] GC(104) Pause Young (Normal) (G1 Evacuation Pause)
[2026-05-23T03:43:39.788+0000][327.529s][gc,task     ] GC(104) Using 4 workers of 4 for evacuation
[2026-05-23T03:43:39.995+0000][327.736s][gc,mmu      ] GC(104) MMU target violated: 201.0ms (200.0ms/201.0ms)
[2026-05-23T03:43:39.995+0000][327.736s][gc,phases   ] GC(104)   Pre Evacuate Collection Set: 0.15ms
[2026-05-23T03:43:39.995+0000][327.736s][gc,phases   ] GC(104)   Merge Heap Roots: 4.72ms
[2026-05-23T03:43:39.995+0000][327.736s][gc,phases   ] GC(104)   Evacuate Collection Set: 200.43ms
[2026-05-23T03:43:39.995+0000][327.736s][gc,phases   ] GC(104)   Post Evacuate Collection Set: 1.22ms
[2026-05-23T03:43:39.995+0000][327.736s][gc,phases   ] GC(104)   Other: 0.14ms
[2026-05-23T03:43:39.995+0000][327.736s][gc,heap     ] GC(104) Eden regions: 56->0(57)
[2026-05-23T03:43:39.995+0000][327.736s][gc,heap     ] GC(104) Survivor regions: 8->7(8)
[2026-05-23T03:43:39.995+0000][327.736s][gc,heap     ] GC(104) Old regions: 459->462
[2026-05-23T03:43:39.995+0000][327.736s][gc,heap     ] GC(104) Archive regions: 2->2
[2026-05-23T03:43:39.995+0000][327.736s][gc,heap     ] GC(104) Humongous regions: 1->1
[2026-05-23T03:43:39.995+0000][327.736s][gc,metaspace] GC(104) Metaspace: 38553K(39040K)->38553K(39040K) NonClass: 34280K(34560K)->34280K(34560K) Class: 4273K(4480K)->4273K(4480K)
[2026-05-23T03:43:39.995+0000][327.736s][gc          ] GC(104) Pause Young (Normal) (G1 Evacuation Pause) 8399M->7535M(20528M) 206.715ms
[2026-05-23T03:43:39.995+0000][327.736s][gc,cpu      ] GC(104) User=0.80s Sys=0.01s Real=0.21s
[2026-05-23T03:43:45.231+0000][332.972s][gc,start    ] GC(105) Pause Young (Normal) (G1 Evacuation Pause)
[2026-05-23T03:43:45.231+0000][332.973s][gc,task     ] GC(105) Using 4 workers of 4 for evacuation
[2026-05-23T03:43:45.470+0000][333.211s][gc,mmu      ] GC(105) MMU target violated: 201.0ms (200.0ms/201.0ms)
[2026-05-23T03:43:45.470+0000][333.211s][gc,phases   ] GC(105)   Pre Evacuate Collection Set: 0.14ms
[2026-05-23T03:43:45.470+0000][333.211s][gc,phases   ] GC(105)   Merge Heap Roots: 2.53ms
[2026-05-23T03:43:45.470+0000][333.211s][gc,phases   ] GC(105)   Evacuate Collection Set: 234.65ms
[2026-05-23T03:43:45.470+0000][333.211s][gc,phases   ] GC(105)   Post Evacuate Collection Set: 1.00ms
[2026-05-23T03:43:45.470+0000][333.211s][gc,phases   ] GC(105)   Other: 0.53ms
[2026-05-23T03:43:45.470+0000][333.211s][gc,heap     ] GC(105) Eden regions: 57->0(56)
[2026-05-23T03:43:45.470+0000][333.211s][gc,heap     ] GC(105) Survivor regions: 7->8(8)
[2026-05-23T03:43:45.470+0000][333.211s][gc,heap     ] GC(105) Old regions: 462->466
[2026-05-23T03:43:45.470+0000][333.211s][gc,heap     ] GC(105) Archive regions: 2->2
[2026-05-23T03:43:45.470+0000][333.211s][gc,heap     ] GC(105) Humongous regions: 1->1
[2026-05-23T03:43:45.470+0000][333.211s][gc,metaspace] GC(105) Metaspace: 38553K(39040K)->38553K(39040K) NonClass: 34280K(34560K)->34280K(34560K) Class: 4273K(4480K)->4273K(4480K)
[2026-05-23T03:43:45.470+0000][333.211s][gc          ] GC(105) Pause Young (Normal) (G1 Evacuation Pause) 8447M->7608M(20528M) 238.907ms
[2026-05-23T03:43:45.470+0000][333.211s][gc,cpu      ] GC(105) User=0.93s Sys=0.01s Real=0.24s
[2026-05-23T03:43:49.830+0000][337.571s][gc,start    ] GC(106) Pause Young (Normal) (G1 Evacuation Pause)
[2026-05-23T03:43:49.830+0000][337.571s][gc,task     ] GC(106) Using 4 workers of 4 for evacuation
[2026-05-23T03:43:50.079+0000][337.820s][gc,mmu      ] GC(106) MMU target violated: 201.0ms (200.0ms/201.0ms)
[2026-05-23T03:43:50.079+0000][337.820s][gc,phases   ] GC(106)   Pre Evacuate Collection Set: 0.14ms
[2026-05-23T03:43:50.079+0000][337.820s][gc,phases   ] GC(106)   Merge Heap Roots: 2.05ms
[2026-05-23T03:43:50.079+0000][337.820s][gc,phases   ] GC(106)   Evacuate Collection Set: 245.70ms
[2026-05-23T03:43:50.079+0000][337.820s][gc,phases   ] GC(106)   Post Evacuate Collection Set: 1.06ms
[2026-05-23T03:43:50.079+0000][337.820s][gc,phases   ] GC(106)   Other: 0.54ms
[2026-05-23T03:43:50.079+0000][337.820s][gc,heap     ] GC(106) Eden regions: 56->0(56)
[2026-05-23T03:43:50.079+0000][337.820s][gc,heap     ] GC(106) Survivor regions: 8->8(8)
[2026-05-23T03:43:50.079+0000][337.820s][gc,heap     ] GC(106) Old regions: 466->472
[2026-05-23T03:43:50.079+0000][337.820s][gc,heap     ] GC(106) Archive regions: 2->2
[2026-05-23T03:43:50.079+0000][337.820s][gc,heap     ] GC(106) Humongous regions: 1->1
[2026-05-23T03:43:50.079+0000][337.820s][gc,metaspace] GC(106) Metaspace: 38554K(39040K)->38554K(39040K) NonClass: 34280K(34560K)->34280K(34560K) Class: 4273K(4480K)->4273K(4480K)
[2026-05-23T03:43:50.079+0000][337.820s][gc          ] GC(106) Pause Young (Normal) (G1 Evacuation Pause) 8504M->7706M(20528M) 249.547ms
[2026-05-23T03:43:50.079+0000][337.820s][gc,cpu      ] GC(106) User=0.97s Sys=0.03s Real=0.25s
[2026-05-23T03:43:56.136+0000][343.877s][gc,start    ] GC(107) Pause Young (Normal) (G1 Evacuation Pause)
[2026-05-23T03:43:56.136+0000][343.877s][gc,task     ] GC(107) Using 4 workers of 4 for evacuation
[2026-05-23T03:43:56.371+0000][344.112s][gc,mmu      ] GC(107) MMU target violated: 201.0ms (200.0ms/201.0ms)
[2026-05-23T03:43:56.371+0000][344.112s][gc,phases   ] GC(107)   Pre Evacuate Collection Set: 0.12ms
[2026-05-23T03:43:56.371+0000][344.112s][gc,phases   ] GC(107)   Merge Heap Roots: 2.82ms
[2026-05-23T03:43:56.371+0000][344.112s][gc,phases   ] GC(107)   Evacuate Collection Set: 230.45ms
[2026-05-23T03:43:56.371+0000][344.112s][gc,phases   ] GC(107)   Post Evacuate Collection Set: 1.08ms
[2026-05-23T03:43:56.371+0000][344.112s][gc,phases   ] GC(107)   Other: 0.58ms
[2026-05-23T03:43:56.371+0000][344.112s][gc,heap     ] GC(107) Eden regions: 56->0(57)
[2026-05-23T03:43:56.371+0000][344.112s][gc,heap     ] GC(107) Survivor regions: 8->7(8)
[2026-05-23T03:43:56.371+0000][344.112s][gc,heap     ] GC(107) Old regions: 472->478
[2026-05-23T03:43:56.371+0000][344.112s][gc,heap     ] GC(107) Archive regions: 2->2
[2026-05-23T03:43:56.371+0000][344.112s][gc,heap     ] GC(107) Humongous regions: 1->1
[2026-05-23T03:43:56.371+0000][344.112s][gc,metaspace] GC(107) Metaspace: 38554K(39040K)->38554K(39040K) NonClass: 34280K(34560K)->34280K(34560K) Class: 4273K(4480K)->4273K(4480K)
[2026-05-23T03:43:56.371+0000][344.112s][gc          ] GC(107) Pause Young (Normal) (G1 Evacuation Pause) 8602M->7788M(20528M) 235.107ms
[2026-05-23T03:43:56.371+0000][344.112s][gc,cpu      ] GC(107) User=0.91s Sys=0.03s Real=0.24s
[2026-05-23T03:43:58.474+0000][346.215s][gc,start    ] GC(108) Pause Young (Normal) (G1 Evacuation Pause)
[2026-05-23T03:43:58.474+0000][346.216s][gc,task     ] GC(108) Using 4 workers of 4 for evacuation
[2026-05-23T03:43:58.757+0000][346.499s][gc,mmu      ] GC(108) MMU target violated: 201.0ms (200.0ms/201.0ms)
[2026-05-23T03:43:58.758+0000][346.499s][gc,phases   ] GC(108)   Pre Evacuate Collection Set: 0.14ms
[2026-05-23T03:43:58.758+0000][346.499s][gc,phases   ] GC(108)   Merge Heap Roots: 2.37ms
[2026-05-23T03:43:58.758+0000][346.499s][gc,phases   ] GC(108)   Evacuate Collection Set: 279.31ms
[2026-05-23T03:43:58.758+0000][346.499s][gc,phases   ] GC(108)   Post Evacuate Collection Set: 1.14ms
[2026-05-23T03:43:58.758+0000][346.499s][gc,phases   ] GC(108)   Other: 0.18ms
[2026-05-23T03:43:58.758+0000][346.499s][gc,heap     ] GC(108) Eden regions: 57->0(56)
[2026-05-23T03:43:58.758+0000][346.499s][gc,heap     ] GC(108) Survivor regions: 7->8(8)
[2026-05-23T03:43:58.758+0000][346.499s][gc,heap     ] GC(108) Old regions: 478->485
[2026-05-23T03:43:58.758+0000][346.499s][gc,heap     ] GC(108) Archive regions: 2->2
[2026-05-23T03:43:58.758+0000][346.499s][gc,heap     ] GC(108) Humongous regions: 1->1
[2026-05-23T03:43:58.758+0000][346.499s][gc,metaspace] GC(108) Metaspace: 38555K(39040K)->38555K(39040K) NonClass: 34281K(34560K)->34281K(34560K) Class: 4273K(4480K)->4273K(4480K)
[2026-05-23T03:43:58.758+0000][346.499s][gc          ] GC(108) Pause Young (Normal) (G1 Evacuation Pause) 8700M->7919M(20528M) 283.208ms
[2026-05-23T03:43:58.758+0000][346.499s][gc,cpu      ] GC(108) User=1.10s Sys=0.02s Real=0.28s
[2026-05-23T03:44:00.692+0000][348.433s][gc,start    ] GC(109) Pause Young (Normal) (G1 Evacuation Pause)
[2026-05-23T03:44:00.692+0000][348.433s][gc,task     ] GC(109) Using 4 workers of 4 for evacuation
[2026-05-23T03:44:00.980+0000][348.721s][gc,mmu      ] GC(109) MMU target violated: 201.0ms (200.0ms/201.0ms)
[2026-05-23T03:44:00.980+0000][348.721s][gc,phases   ] GC(109)   Pre Evacuate Collection Set: 0.13ms
[2026-05-23T03:44:00.980+0000][348.721s][gc,phases   ] GC(109)   Merge Heap Roots: 2.80ms
[2026-05-23T03:44:00.980+0000][348.721s][gc,phases   ] GC(109)   Evacuate Collection Set: 283.51ms
[2026-05-23T03:44:00.980+0000][348.721s][gc,phases   ] GC(109)   Post Evacuate Collection Set: 1.68ms
[2026-05-23T03:44:00.980+0000][348.721s][gc,phases   ] GC(109)   Other: 0.56ms
[2026-05-23T03:44:00.980+0000][348.722s][gc,heap     ] GC(109) Eden regions: 56->0(56)
[2026-05-23T03:44:00.980+0000][348.722s][gc,heap     ] GC(109) Survivor regions: 8->8(8)
[2026-05-23T03:44:00.980+0000][348.722s][gc,heap     ] GC(109) Old regions: 485->494
[2026-05-23T03:44:00.980+0000][348.722s][gc,heap     ] GC(109) Archive regions: 2->2
[2026-05-23T03:44:00.980+0000][348.722s][gc,heap     ] GC(109) Humongous regions: 1->1
[2026-05-23T03:44:00.980+0000][348.722s][gc,metaspace] GC(109) Metaspace: 38555K(39040K)->38555K(39040K) NonClass: 34281K(34560K)->34281K(34560K) Class: 4273K(4480K)->4273K(4480K)
[2026-05-23T03:44:00.980+0000][348.722s][gc          ] GC(109) Pause Young (Normal) (G1 Evacuation Pause) 8815M->8049M(20704M) 288.733ms
[2026-05-23T03:44:00.980+0000][348.722s][gc,cpu      ] GC(109) User=1.10s Sys=0.03s Real=0.29s
[2026-05-23T03:44:09.813+0000][357.554s][gc,start    ] GC(110) Pause Young (Normal) (G1 Evacuation Pause)
[2026-05-23T03:44:09.813+0000][357.554s][gc,task     ] GC(110) Using 4 workers of 4 for evacuation
[2026-05-23T03:44:10.029+0000][357.770s][gc,mmu      ] GC(110) MMU target violated: 201.0ms (200.0ms/201.0ms)
[2026-05-23T03:44:10.029+0000][357.770s][gc,phases   ] GC(110)   Pre Evacuate Collection Set: 0.15ms
[2026-05-23T03:44:10.029+0000][357.770s][gc,phases   ] GC(110)   Merge Heap Roots: 3.91ms
[2026-05-23T03:44:10.029+0000][357.770s][gc,phases   ] GC(110)   Evacuate Collection Set: 211.10ms
[2026-05-23T03:44:10.029+0000][357.770s][gc,phases   ] GC(110)   Post Evacuate Collection Set: 1.15ms
[2026-05-23T03:44:10.029+0000][357.770s][gc,phases   ] GC(110)   Other: 0.17ms
[2026-05-23T03:44:10.029+0000][357.770s][gc,heap     ] GC(110) Eden regions: 56->0(59)
[2026-05-23T03:44:10.029+0000][357.770s][gc,heap     ] GC(110) Survivor regions: 8->5(8)
[2026-05-23T03:44:10.029+0000][357.770s][gc,heap     ] GC(110) Old regions: 494->498
[2026-05-23T03:44:10.029+0000][357.770s][gc,heap     ] GC(110) Archive regions: 2->2
[2026-05-23T03:44:10.029+0000][357.770s][gc,heap     ] GC(110) Humongous regions: 1->1
[2026-05-23T03:44:10.029+0000][357.770s][gc,metaspace] GC(110) Metaspace: 38555K(39040K)->38555K(39040K) NonClass: 34281K(34560K)->34281K(34560K) Class: 4273K(4480K)->4273K(4480K)
[2026-05-23T03:44:10.029+0000][357.770s][gc          ] GC(110) Pause Young (Normal) (G1 Evacuation Pause) 8945M->8069M(20704M) 216.551ms
[2026-05-23T03:44:10.029+0000][357.770s][gc,cpu      ] GC(110) User=0.84s Sys=0.01s Real=0.22s
[2026-05-23T03:44:12.517+0000][360.259s][gc,start    ] GC(111) Pause Young (Normal) (G1 Evacuation Pause)
[2026-05-23T03:44:12.518+0000][360.259s][gc,task     ] GC(111) Using 4 workers of 4 for evacuation
[2026-05-23T03:44:12.824+0000][360.565s][gc,mmu      ] GC(111) MMU target violated: 201.0ms (200.0ms/201.0ms)
[2026-05-23T03:44:12.824+0000][360.565s][gc,phases   ] GC(111)   Pre Evacuate Collection Set: 0.13ms
[2026-05-23T03:44:12.824+0000][360.565s][gc,phases   ] GC(111)   Merge Heap Roots: 3.38ms
[2026-05-23T03:44:12.824+0000][360.565s][gc,phases   ] GC(111)   Evacuate Collection Set: 301.09ms
[2026-05-23T03:44:12.824+0000][360.565s][gc,phases   ] GC(111)   Post Evacuate Collection Set: 1.24ms
[2026-05-23T03:44:12.824+0000][360.565s][gc,phases   ] GC(111)   Other: 0.57ms
[2026-05-23T03:44:12.824+0000][360.565s][gc,heap     ] GC(111) Eden regions: 59->0(56)
[2026-05-23T03:44:12.824+0000][360.565s][gc,heap     ] GC(111) Survivor regions: 5->8(8)
[2026-05-23T03:44:12.824+0000][360.565s][gc,heap     ] GC(111) Old regions: 498->504
[2026-05-23T03:44:12.824+0000][360.565s][gc,heap     ] GC(111) Archive regions: 2->2
[2026-05-23T03:44:12.824+0000][360.565s][gc,heap     ] GC(111) Humongous regions: 1->1
[2026-05-23T03:44:12.824+0000][360.565s][gc,metaspace] GC(111) Metaspace: 38555K(39040K)->38555K(39040K) NonClass: 34281K(34560K)->34281K(34560K) Class: 4273K(4480K)->4273K(4480K)
[2026-05-23T03:44:12.824+0000][360.565s][gc          ] GC(111) Pause Young (Normal) (G1 Evacuation Pause) 9013M->8223M(20704M) 306.475ms
[2026-05-23T03:44:12.824+0000][360.565s][gc,cpu      ] GC(111) User=1.18s Sys=0.03s Real=0.31s
[2026-05-23T03:44:14.829+0000][362.570s][gc,start    ] GC(112) Pause Young (Normal) (G1 Evacuation Pause)
[2026-05-23T03:44:14.829+0000][362.570s][gc,task     ] GC(112) Using 4 workers of 4 for evacuation
[2026-05-23T03:44:15.128+0000][362.869s][gc,mmu      ] GC(112) MMU target violated: 201.0ms (200.0ms/201.0ms)
[2026-05-23T03:44:15.128+0000][362.869s][gc,phases   ] GC(112)   Pre Evacuate Collection Set: 0.13ms
[2026-05-23T03:44:15.128+0000][362.869s][gc,phases   ] GC(112)   Merge Heap Roots: 2.73ms
[2026-05-23T03:44:15.128+0000][362.869s][gc,phases   ] GC(112)   Evacuate Collection Set: 294.86ms
[2026-05-23T03:44:15.128+0000][362.869s][gc,phases   ] GC(112)   Post Evacuate Collection Set: 1.08ms
[2026-05-23T03:44:15.128+0000][362.869s][gc,phases   ] GC(112)   Other: 0.61ms
[2026-05-23T03:44:15.128+0000][362.869s][gc,heap     ] GC(112) Eden regions: 56->0(56)
[2026-05-23T03:44:15.128+0000][362.869s][gc,heap     ] GC(112) Survivor regions: 8->8(8)
[2026-05-23T03:44:15.128+0000][362.869s][gc,heap     ] GC(112) Old regions: 504->513
[2026-05-23T03:44:15.128+0000][362.869s][gc,heap     ] GC(112) Archive regions: 2->2
[2026-05-23T03:44:15.128+0000][362.869s][gc,heap     ] GC(112) Humongous regions: 1->1
[2026-05-23T03:44:15.128+0000][362.869s][gc,metaspace] GC(112) Metaspace: 38555K(39040K)->38555K(39040K) NonClass: 34281K(34560K)->34281K(34560K) Class: 4273K(4480K)->4273K(4480K)
[2026-05-23T03:44:15.128+0000][362.869s][gc          ] GC(112) Pause Young (Normal) (G1 Evacuation Pause) 9119M->8355M(20704M) 299.453ms
[2026-05-23T03:44:15.128+0000][362.869s][gc,cpu      ] GC(112) User=1.15s Sys=0.02s Real=0.30s
[2026-05-23T03:44:25.117+0000][372.858s][gc,start    ] GC(113) Pause Young (Normal) (G1 Evacuation Pause)
[2026-05-23T03:44:25.117+0000][372.858s][gc,task     ] GC(113) Using 4 workers of 4 for evacuation
[2026-05-23T03:44:25.340+0000][373.081s][gc,mmu      ] GC(113) MMU target violated: 201.0ms (200.0ms/201.0ms)
[2026-05-23T03:44:25.340+0000][373.081s][gc,phases   ] GC(113)   Pre Evacuate Collection Set: 0.13ms
[2026-05-23T03:44:25.340+0000][373.081s][gc,phases   ] GC(113)   Merge Heap Roots: 3.83ms
[2026-05-23T03:44:25.340+0000][373.081s][gc,phases   ] GC(113)   Evacuate Collection Set: 217.87ms
[2026-05-23T03:44:25.340+0000][373.081s][gc,phases   ] GC(113)   Post Evacuate Collection Set: 1.22ms
[2026-05-23T03:44:25.340+0000][373.081s][gc,phases   ] GC(113)   Other: 0.15ms
[2026-05-23T03:44:25.340+0000][373.081s][gc,heap     ] GC(113) Eden regions: 56->0(59)
[2026-05-23T03:44:25.340+0000][373.081s][gc,heap     ] GC(113) Survivor regions: 8->5(8)
[2026-05-23T03:44:25.340+0000][373.081s][gc,heap     ] GC(113) Old regions: 513->517
[2026-05-23T03:44:25.340+0000][373.081s][gc,heap     ] GC(113) Archive regions: 2->2
[2026-05-23T03:44:25.340+0000][373.081s][gc,heap     ] GC(113) Humongous regions: 1->1
[2026-05-23T03:44:25.340+0000][373.081s][gc,metaspace] GC(113) Metaspace: 38555K(39040K)->38555K(39040K) NonClass: 34281K(34560K)->34281K(34560K) Class: 4273K(4480K)->4273K(4480K)
[2026-05-23T03:44:25.340+0000][373.081s][gc          ] GC(113) Pause Young (Normal) (G1 Evacuation Pause) 9251M->8373M(20704M) 223.259ms
[2026-05-23T03:44:25.340+0000][373.081s][gc,cpu      ] GC(113) User=0.88s Sys=0.01s Real=0.23s
[2026-05-23T03:44:27.695+0000][375.436s][gc,start    ] GC(114) Pause Young (Normal) (G1 Evacuation Pause)
[2026-05-23T03:44:27.695+0000][375.436s][gc,task     ] GC(114) Using 4 workers of 4 for evacuation
[2026-05-23T03:44:28.004+0000][375.745s][gc,mmu      ] GC(114) MMU target violated: 201.0ms (200.0ms/201.0ms)
[2026-05-23T03:44:28.004+0000][375.746s][gc,phases   ] GC(114)   Pre Evacuate Collection Set: 0.15ms
[2026-05-23T03:44:28.004+0000][375.746s][gc,phases   ] GC(114)   Merge Heap Roots: 4.14ms
[2026-05-23T03:44:28.004+0000][375.746s][gc,phases   ] GC(114)   Evacuate Collection Set: 303.56ms
[2026-05-23T03:44:28.004+0000][375.746s][gc,phases   ] GC(114)   Post Evacuate Collection Set: 1.04ms
[2026-05-23T03:44:28.004+0000][375.746s][gc,phases   ] GC(114)   Other: 0.55ms
[2026-05-23T03:44:28.004+0000][375.746s][gc,heap     ] GC(114) Eden regions: 59->0(56)
[2026-05-23T03:44:28.004+0000][375.746s][gc,heap     ] GC(114) Survivor regions: 5->8(8)
[2026-05-23T03:44:28.004+0000][375.746s][gc,heap     ] GC(114) Old regions: 517->523
[2026-05-23T03:44:28.004+0000][375.746s][gc,heap     ] GC(114) Archive regions: 2->2
[2026-05-23T03:44:28.004+0000][375.746s][gc,heap     ] GC(114) Humongous regions: 1->1
[2026-05-23T03:44:28.004+0000][375.746s][gc,metaspace] GC(114) Metaspace: 38556K(39040K)->38556K(39040K) NonClass: 34282K(34560K)->34282K(34560K) Class: 4273K(4480K)->4273K(4480K)
[2026-05-23T03:44:28.005+0000][375.746s][gc          ] GC(114) Pause Young (Normal) (G1 Evacuation Pause) 9317M->8519M(20704M) 309.498ms
[2026-05-23T03:44:28.005+0000][375.746s][gc,cpu      ] GC(114) User=1.20s Sys=0.02s Real=0.31s
[2026-05-23T03:44:34.228+0000][381.969s][gc,start    ] GC(115) Pause Young (Normal) (G1 Evacuation Pause)
[2026-05-23T03:44:34.228+0000][381.969s][gc,task     ] GC(115) Using 4 workers of 4 for evacuation
[2026-05-23T03:44:34.522+0000][382.263s][gc,mmu      ] GC(115) MMU target violated: 201.0ms (200.0ms/201.0ms)
[2026-05-23T03:44:34.522+0000][382.263s][gc,phases   ] GC(115)   Pre Evacuate Collection Set: 0.13ms
[2026-05-23T03:44:34.522+0000][382.263s][gc,phases   ] GC(115)   Merge Heap Roots: 3.80ms
[2026-05-23T03:44:34.522+0000][382.263s][gc,phases   ] GC(115)   Evacuate Collection Set: 286.97ms
[2026-05-23T03:44:34.522+0000][382.263s][gc,phases   ] GC(115)   Post Evacuate Collection Set: 2.26ms
[2026-05-23T03:44:34.522+0000][382.263s][gc,phases   ] GC(115)   Other: 0.56ms
[2026-05-23T03:44:34.522+0000][382.263s][gc,heap     ] GC(115) Eden regions: 56->0(58)
[2026-05-23T03:44:34.522+0000][382.263s][gc,heap     ] GC(115) Survivor regions: 8->8(8)
[2026-05-23T03:44:34.522+0000][382.263s][gc,heap     ] GC(115) Old regions: 523->528
[2026-05-23T03:44:34.522+0000][382.263s][gc,heap     ] GC(115) Archive regions: 2->2
[2026-05-23T03:44:34.522+0000][382.263s][gc,heap     ] GC(115) Humongous regions: 1->1
[2026-05-23T03:44:34.522+0000][382.263s][gc,metaspace] GC(115) Metaspace: 38556K(39040K)->38556K(39040K) NonClass: 34282K(34560K)->34282K(34560K) Class: 4273K(4480K)->4273K(4480K)
[2026-05-23T03:44:34.522+0000][382.263s][gc          ] GC(115) Pause Young (Normal) (G1 Evacuation Pause) 9415M->8599M(21152M) 293.771ms
[2026-05-23T03:44:34.522+0000][382.263s][gc,cpu      ] GC(115) User=1.14s Sys=0.02s Real=0.30s
[2026-05-23T03:44:44.280+0000][392.021s][gc,start    ] GC(116) Pause Young (Normal) (G1 Evacuation Pause)
[2026-05-23T03:44:44.280+0000][392.021s][gc,task     ] GC(116) Using 4 workers of 4 for evacuation
[2026-05-23T03:44:44.472+0000][392.213s][gc,phases   ] GC(116)   Pre Evacuate Collection Set: 0.15ms
[2026-05-23T03:44:44.472+0000][392.213s][gc,phases   ] GC(116)   Merge Heap Roots: 3.64ms
[2026-05-23T03:44:44.472+0000][392.213s][gc,phases   ] GC(116)   Evacuate Collection Set: 186.50ms
[2026-05-23T03:44:44.472+0000][392.213s][gc,phases   ] GC(116)   Post Evacuate Collection Set: 0.95ms
[2026-05-23T03:44:44.472+0000][392.213s][gc,phases   ] GC(116)   Other: 0.49ms
[2026-05-23T03:44:44.472+0000][392.213s][gc,heap     ] GC(116) Eden regions: 58->0(60)
[2026-05-23T03:44:44.472+0000][392.213s][gc,heap     ] GC(116) Survivor regions: 8->6(9)
[2026-05-23T03:44:44.472+0000][392.213s][gc,heap     ] GC(116) Old regions: 528->531
[2026-05-23T03:44:44.472+0000][392.213s][gc,heap     ] GC(116) Archive regions: 2->2
[2026-05-23T03:44:44.472+0000][392.213s][gc,heap     ] GC(116) Humongous regions: 1->1
[2026-05-23T03:44:44.472+0000][392.213s][gc,metaspace] GC(116) Metaspace: 38562K(39040K)->38562K(39040K) NonClass: 34287K(34560K)->34287K(34560K) Class: 4274K(4480K)->4274K(4480K)
[2026-05-23T03:44:44.472+0000][392.213s][gc          ] GC(116) Pause Young (Normal) (G1 Evacuation Pause) 9527M->8605M(21152M) 191.831ms
[2026-05-23T03:44:44.472+0000][392.213s][gc,cpu      ] GC(116) User=0.74s Sys=0.01s Real=0.19s
[2026-05-23T03:44:46.951+0000][394.692s][gc,start    ] GC(117) Pause Young (Normal) (G1 Evacuation Pause)
[2026-05-23T03:44:46.951+0000][394.692s][gc,task     ] GC(117) Using 4 workers of 4 for evacuation
[2026-05-23T03:44:47.180+0000][394.921s][gc,mmu      ] GC(117) MMU target violated: 201.0ms (200.0ms/201.0ms)
[2026-05-23T03:44:47.180+0000][394.921s][gc,phases   ] GC(117)   Pre Evacuate Collection Set: 0.14ms
[2026-05-23T03:44:47.180+0000][394.921s][gc,phases   ] GC(117)   Merge Heap Roots: 1.23ms
[2026-05-23T03:44:47.180+0000][394.921s][gc,phases   ] GC(117)   Evacuate Collection Set: 226.85ms
[2026-05-23T03:44:47.180+0000][394.921s][gc,phases   ] GC(117)   Post Evacuate Collection Set: 0.49ms
[2026-05-23T03:44:47.180+0000][394.921s][gc,phases   ] GC(117)   Other: 0.56ms
[2026-05-23T03:44:47.180+0000][394.921s][gc,heap     ] GC(117) Eden regions: 60->0(57)
[2026-05-23T03:44:47.180+0000][394.921s][gc,heap     ] GC(117) Survivor regions: 6->9(9)
[2026-05-23T03:44:47.180+0000][394.921s][gc,heap     ] GC(117) Old regions: 531->534
[2026-05-23T03:44:47.180+0000][394.921s][gc,heap     ] GC(117) Archive regions: 2->2
[2026-05-23T03:44:47.180+0000][394.921s][gc,heap     ] GC(117) Humongous regions: 1->1
[2026-05-23T03:44:47.180+0000][394.921s][gc,metaspace] GC(117) Metaspace: 38562K(39040K)->38562K(39040K) NonClass: 34287K(34560K)->34287K(34560K) Class: 4274K(4480K)->4274K(4480K)
[2026-05-23T03:44:47.180+0000][394.921s][gc          ] GC(117) Pause Young (Normal) (G1 Evacuation Pause) 9565M->8708M(21152M) 229.319ms
[2026-05-23T03:44:47.180+0000][394.921s][gc,cpu      ] GC(117) User=0.88s Sys=0.02s Real=0.23s
[2026-05-23T03:44:49.252+0000][396.993s][gc,start    ] GC(118) Pause Young (Normal) (G1 Evacuation Pause)
[2026-05-23T03:44:49.252+0000][396.993s][gc,task     ] GC(118) Using 4 workers of 4 for evacuation
[2026-05-23T03:44:49.635+0000][397.376s][gc,mmu      ] GC(118) MMU target violated: 201.0ms (200.0ms/201.0ms)
[2026-05-23T03:44:49.635+0000][397.376s][gc,phases   ] GC(118)   Pre Evacuate Collection Set: 0.12ms
[2026-05-23T03:44:49.635+0000][397.376s][gc,phases   ] GC(118)   Merge Heap Roots: 0.39ms
[2026-05-23T03:44:49.635+0000][397.376s][gc,phases   ] GC(118)   Evacuate Collection Set: 381.37ms
[2026-05-23T03:44:49.635+0000][397.376s][gc,phases   ] GC(118)   Post Evacuate Collection Set: 1.05ms
[2026-05-23T03:44:49.635+0000][397.376s][gc,phases   ] GC(118)   Other: 0.19ms
[2026-05-23T03:44:49.635+0000][397.376s][gc,heap     ] GC(118) Eden regions: 57->0(57)
[2026-05-23T03:44:49.635+0000][397.376s][gc,heap     ] GC(118) Survivor regions: 9->9(9)
[2026-05-23T03:44:49.635+0000][397.376s][gc,heap     ] GC(118) Old regions: 534->543
[2026-05-23T03:44:49.635+0000][397.376s][gc,heap     ] GC(118) Archive regions: 2->2
[2026-05-23T03:44:49.635+0000][397.376s][gc,heap     ] GC(118) Humongous regions: 1->1
[2026-05-23T03:44:49.635+0000][397.376s][gc,metaspace] GC(118) Metaspace: 38562K(39040K)->38562K(39040K) NonClass: 34287K(34560K)->34287K(34560K) Class: 4274K(4480K)->4274K(4480K)
[2026-05-23T03:44:49.635+0000][397.376s][gc          ] GC(118) Pause Young (Normal) (G1 Evacuation Pause) 9620M->8863M(21152M) 383.176ms
[2026-05-23T03:44:49.635+0000][397.376s][gc,cpu      ] GC(118) User=1.47s Sys=0.04s Real=0.38s
[2026-05-23T03:44:51.530+0000][399.271s][gc,start    ] GC(119) Pause Young (Normal) (G1 Evacuation Pause)
[2026-05-23T03:44:51.530+0000][399.271s][gc,task     ] GC(119) Using 4 workers of 4 for evacuation
[2026-05-23T03:44:51.809+0000][399.551s][gc,mmu      ] GC(119) MMU target violated: 201.0ms (200.0ms/201.0ms)
[2026-05-23T03:44:51.810+0000][399.551s][gc,phases   ] GC(119)   Pre Evacuate Collection Set: 0.13ms
[2026-05-23T03:44:51.810+0000][399.551s][gc,phases   ] GC(119)   Merge Heap Roots: 2.13ms
[2026-05-23T03:44:51.810+0000][399.551s][gc,phases   ] GC(119)   Evacuate Collection Set: 275.84ms
[2026-05-23T03:44:51.810+0000][399.551s][gc,phases   ] GC(119)   Post Evacuate Collection Set: 1.06ms
[2026-05-23T03:44:51.810+0000][399.551s][gc,phases   ] GC(119)   Other: 0.54ms
[2026-05-23T03:44:51.810+0000][399.551s][gc,heap     ] GC(119) Eden regions: 57->0(58)
[2026-05-23T03:44:51.810+0000][399.551s][gc,heap     ] GC(119) Survivor regions: 9->8(9)
[2026-05-23T03:44:51.810+0000][399.551s][gc,heap     ] GC(119) Old regions: 543->553
[2026-05-23T03:44:51.810+0000][399.551s][gc,heap     ] GC(119) Archive regions: 2->2
[2026-05-23T03:44:51.810+0000][399.551s][gc,heap     ] GC(119) Humongous regions: 1->1
[2026-05-23T03:44:51.810+0000][399.551s][gc,metaspace] GC(119) Metaspace: 38562K(39040K)->38562K(39040K) NonClass: 34287K(34560K)->34287K(34560K) Class: 4274K(4480K)->4274K(4480K)
[2026-05-23T03:44:51.810+0000][399.551s][gc          ] GC(119) Pause Young (Normal) (G1 Evacuation Pause) 9775M->8998M(21152M) 279.751ms
[2026-05-23T03:44:51.810+0000][399.551s][gc,cpu      ] GC(119) User=1.07s Sys=0.04s Real=0.28s
[2026-05-23T03:45:02.763+0000][410.504s][gc,start    ] GC(120) Pause Young (Normal) (G1 Evacuation Pause)
[2026-05-23T03:45:02.763+0000][410.504s][gc,task     ] GC(120) Using 4 workers of 4 for evacuation
[2026-05-23T03:45:02.950+0000][410.691s][gc,phases   ] GC(120)   Pre Evacuate Collection Set: 0.16ms
[2026-05-23T03:45:02.950+0000][410.691s][gc,phases   ] GC(120)   Merge Heap Roots: 3.83ms
[2026-05-23T03:45:02.950+0000][410.691s][gc,phases   ] GC(120)   Evacuate Collection Set: 181.52ms
[2026-05-23T03:45:02.950+0000][410.691s][gc,phases   ] GC(120)   Post Evacuate Collection Set: 1.13ms
[2026-05-23T03:45:02.950+0000][410.691s][gc,phases   ] GC(120)   Other: 0.51ms
[2026-05-23T03:45:02.950+0000][410.691s][gc,heap     ] GC(120) Eden regions: 58->0(62)
[2026-05-23T03:45:02.950+0000][410.691s][gc,heap     ] GC(120) Survivor regions: 8->4(9)
[2026-05-23T03:45:02.950+0000][410.691s][gc,heap     ] GC(120) Old regions: 553->557
[2026-05-23T03:45:02.950+0000][410.691s][gc,heap     ] GC(120) Archive regions: 2->2
[2026-05-23T03:45:02.950+0000][410.691s][gc,heap     ] GC(120) Humongous regions: 1->1
[2026-05-23T03:45:02.950+0000][410.691s][gc,metaspace] GC(120) Metaspace: 38562K(39040K)->38562K(39040K) NonClass: 34287K(34560K)->34287K(34560K) Class: 4274K(4480K)->4274K(4480K)
[2026-05-23T03:45:02.950+0000][410.691s][gc          ] GC(120) Pause Young (Normal) (G1 Evacuation Pause) 9926M->8998M(21152M) 187.255ms
[2026-05-23T03:45:02.950+0000][410.691s][gc,cpu      ] GC(120) User=0.73s Sys=0.02s Real=0.19s
[2026-05-23T03:45:05.454+0000][413.195s][gc,start    ] GC(121) Pause Young (Normal) (G1 Evacuation Pause)
[2026-05-23T03:45:05.454+0000][413.195s][gc,task     ] GC(121) Using 4 workers of 4 for evacuation
[2026-05-23T03:45:05.752+0000][413.493s][gc,mmu      ] GC(121) MMU target violated: 201.0ms (200.0ms/201.0ms)
[2026-05-23T03:45:05.752+0000][413.493s][gc,phases   ] GC(121)   Pre Evacuate Collection Set: 0.12ms
[2026-05-23T03:45:05.752+0000][413.493s][gc,phases   ] GC(121)   Merge Heap Roots: 2.74ms
[2026-05-23T03:45:05.752+0000][413.493s][gc,phases   ] GC(121)   Evacuate Collection Set: 293.87ms
[2026-05-23T03:45:05.752+0000][413.493s][gc,phases   ] GC(121)   Post Evacuate Collection Set: 0.52ms
[2026-05-23T03:45:05.752+0000][413.493s][gc,phases   ] GC(121)   Other: 0.54ms
[2026-05-23T03:45:05.752+0000][413.493s][gc,heap     ] GC(121) Eden regions: 62->0(57)
[2026-05-23T03:45:05.752+0000][413.493s][gc,heap     ] GC(121) Survivor regions: 4->9(9)
[2026-05-23T03:45:05.752+0000][413.493s][gc,heap     ] GC(121) Old regions: 557->561
[2026-05-23T03:45:05.752+0000][413.493s][gc,heap     ] GC(121) Archive regions: 2->2
[2026-05-23T03:45:05.752+0000][413.493s][gc,heap     ] GC(121) Humongous regions: 1->1
[2026-05-23T03:45:05.752+0000][413.493s][gc,metaspace] GC(121) Metaspace: 38562K(39040K)->38562K(39040K) NonClass: 34287K(34560K)->34287K(34560K) Class: 4274K(4480K)->4274K(4480K)
[2026-05-23T03:45:05.752+0000][413.493s][gc          ] GC(121) Pause Young (Normal) (G1 Evacuation Pause) 9990M->9150M(21152M) 297.852ms
[2026-05-23T03:45:05.752+0000][413.493s][gc,cpu      ] GC(121) User=1.16s Sys=0.02s Real=0.30s
[2026-05-23T03:45:09.555+0000][417.296s][gc,start    ] GC(122) Pause Young (Normal) (G1 Evacuation Pause)
[2026-05-23T03:45:09.555+0000][417.296s][gc,task     ] GC(122) Using 4 workers of 4 for evacuation
[2026-05-23T03:45:09.833+0000][417.574s][gc,mmu      ] GC(122) MMU target violated: 201.0ms (200.0ms/201.0ms)
[2026-05-23T03:45:09.833+0000][417.574s][gc,phases   ] GC(122)   Pre Evacuate Collection Set: 0.16ms
[2026-05-23T03:45:09.833+0000][417.574s][gc,phases   ] GC(122)   Merge Heap Roots: 0.78ms
[2026-05-23T03:45:09.833+0000][417.574s][gc,phases   ] GC(122)   Evacuate Collection Set: 274.55ms
[2026-05-23T03:45:09.833+0000][417.574s][gc,phases   ] GC(122)   Post Evacuate Collection Set: 1.53ms
[2026-05-23T03:45:09.833+0000][417.574s][gc,phases   ] GC(122)   Other: 0.52ms
[2026-05-23T03:45:09.833+0000][417.574s][gc,heap     ] GC(122) Eden regions: 57->0(58)
[2026-05-23T03:45:09.833+0000][417.574s][gc,heap     ] GC(122) Survivor regions: 9->9(9)
[2026-05-23T03:45:09.833+0000][417.574s][gc,heap     ] GC(122) Old regions: 561->565
[2026-05-23T03:45:09.833+0000][417.574s][gc,heap     ] GC(122) Archive regions: 2->2
[2026-05-23T03:45:09.833+0000][417.574s][gc,heap     ] GC(122) Humongous regions: 1->1
[2026-05-23T03:45:09.833+0000][417.574s][gc,metaspace] GC(122) Metaspace: 38562K(39040K)->38562K(39040K) NonClass: 34287K(34560K)->34287K(34560K) Class: 4274K(4480K)->4274K(4480K)
[2026-05-23T03:45:09.833+0000][417.574s][gc          ] GC(122) Pause Young (Normal) (G1 Evacuation Pause) 10062M->9213M(21536M) 277.587ms
[2026-05-23T03:45:09.833+0000][417.574s][gc,cpu      ] GC(122) User=1.08s Sys=0.01s Real=0.28s
[2026-05-23T03:45:15.043+0000][422.784s][gc,start    ] GC(123) Pause Young (Normal) (G1 Evacuation Pause)
[2026-05-23T03:45:15.043+0000][422.784s][gc,task     ] GC(123) Using 4 workers of 4 for evacuation
[2026-05-23T03:45:15.184+0000][422.925s][gc,phases   ] GC(123)   Pre Evacuate Collection Set: 0.15ms
[2026-05-23T03:45:15.184+0000][422.925s][gc,phases   ] GC(123)   Merge Heap Roots: 0.73ms
[2026-05-23T03:45:15.184+0000][422.925s][gc,phases   ] GC(123)   Evacuate Collection Set: 140.16ms
[2026-05-23T03:45:15.184+0000][422.925s][gc,phases   ] GC(123)   Post Evacuate Collection Set: 0.66ms
[2026-05-23T03:45:15.184+0000][422.925s][gc,phases   ] GC(123)   Other: 0.15ms
[2026-05-23T03:45:15.184+0000][422.926s][gc,heap     ] GC(123) Eden regions: 58->0(60)
[2026-05-23T03:45:15.184+0000][422.926s][gc,heap     ] GC(123) Survivor regions: 9->7(9)
[2026-05-23T03:45:15.184+0000][422.926s][gc,heap     ] GC(123) Old regions: 565->567
[2026-05-23T03:45:15.184+0000][422.926s][gc,heap     ] GC(123) Archive regions: 2->2
[2026-05-23T03:45:15.184+0000][422.926s][gc,heap     ] GC(123) Humongous regions: 1->1
[2026-05-23T03:45:15.184+0000][422.926s][gc,metaspace] GC(123) Metaspace: 38562K(39040K)->38562K(39040K) NonClass: 34287K(34560K)->34287K(34560K) Class: 4274K(4480K)->4274K(4480K)
[2026-05-23T03:45:15.184+0000][422.926s][gc          ] GC(123) Pause Young (Normal) (G1 Evacuation Pause) 10141M->9206M(21536M) 141.959ms
[2026-05-23T03:45:15.184+0000][422.926s][gc,cpu      ] GC(123) User=0.53s Sys=0.01s Real=0.14s
[2026-05-23T03:45:21.675+0000][429.416s][gc,start    ] GC(124) Pause Young (Normal) (G1 Evacuation Pause)
[2026-05-23T03:45:21.675+0000][429.416s][gc,task     ] GC(124) Using 4 workers of 4 for evacuation
[2026-05-23T03:45:21.852+0000][429.594s][gc,phases   ] GC(124)   Pre Evacuate Collection Set: 0.13ms
[2026-05-23T03:45:21.853+0000][429.594s][gc,phases   ] GC(124)   Merge Heap Roots: 0.38ms
[2026-05-23T03:45:21.853+0000][429.594s][gc,phases   ] GC(124)   Evacuate Collection Set: 175.92ms
[2026-05-23T03:45:21.853+0000][429.594s][gc,phases   ] GC(124)   Post Evacuate Collection Set: 0.44ms
[2026-05-23T03:45:21.853+0000][429.594s][gc,phases   ] GC(124)   Other: 0.51ms
[2026-05-23T03:45:21.853+0000][429.594s][gc,heap     ] GC(124) Eden regions: 60->0(60)
[2026-05-23T03:45:21.853+0000][429.594s][gc,heap     ] GC(124) Survivor regions: 7->7(9)
[2026-05-23T03:45:21.853+0000][429.594s][gc,heap     ] GC(124) Old regions: 567->569
[2026-05-23T03:45:21.853+0000][429.594s][gc,heap     ] GC(124) Archive regions: 2->2
[2026-05-23T03:45:21.853+0000][429.594s][gc,heap     ] GC(124) Humongous regions: 1->1
[2026-05-23T03:45:21.853+0000][429.594s][gc,metaspace] GC(124) Metaspace: 38565K(39040K)->38565K(39040K) NonClass: 34290K(34560K)->34290K(34560K) Class: 4274K(4480K)->4274K(4480K)
[2026-05-23T03:45:21.853+0000][429.594s][gc          ] GC(124) Pause Young (Normal) (G1 Evacuation Pause) 10166M->9235M(21536M) 177.515ms
[2026-05-23T03:45:21.853+0000][429.594s][gc,cpu      ] GC(124) User=0.69s Sys=0.01s Real=0.18s
[2026-05-23T03:45:26.089+0000][433.830s][gc,start    ] GC(125) Pause Young (Normal) (G1 Evacuation Pause)
[2026-05-23T03:45:26.089+0000][433.830s][gc,task     ] GC(125) Using 4 workers of 4 for evacuation
[2026-05-23T03:45:26.139+0000][433.880s][gc,phases   ] GC(125)   Pre Evacuate Collection Set: 0.16ms
[2026-05-23T03:45:26.139+0000][433.880s][gc,phases   ] GC(125)   Merge Heap Roots: 0.25ms
[2026-05-23T03:45:26.139+0000][433.880s][gc,phases   ] GC(125)   Evacuate Collection Set: 49.63ms
[2026-05-23T03:45:26.139+0000][433.880s][gc,phases   ] GC(125)   Post Evacuate Collection Set: 0.42ms
[2026-05-23T03:45:26.139+0000][433.880s][gc,phases   ] GC(125)   Other: 0.11ms
[2026-05-23T03:45:26.139+0000][433.880s][gc,heap     ] GC(125) Eden regions: 60->0(65)
[2026-05-23T03:45:26.139+0000][433.880s][gc,heap     ] GC(125) Survivor regions: 7->2(9)
[2026-05-23T03:45:26.139+0000][433.880s][gc,heap     ] GC(125) Old regions: 569->571
[2026-05-23T03:45:26.139+0000][433.880s][gc,heap     ] GC(125) Archive regions: 2->2
[2026-05-23T03:45:26.139+0000][433.880s][gc,heap     ] GC(125) Humongous regions: 1->1
[2026-05-23T03:45:26.139+0000][433.880s][gc,metaspace] GC(125) Metaspace: 38566K(39040K)->38566K(39040K) NonClass: 34291K(34560K)->34291K(34560K) Class: 4274K(4480K)->4274K(4480K)
[2026-05-23T03:45:26.139+0000][433.881s][gc          ] GC(125) Pause Young (Normal) (G1 Evacuation Pause) 10195M->9192M(21536M) 50.658ms
[2026-05-23T03:45:26.139+0000][433.881s][gc,cpu      ] GC(125) User=0.19s Sys=0.01s Real=0.05s
[2026-05-23T03:45:32.774+0000][440.515s][gc,start    ] GC(126) Pause Young (Normal) (G1 Evacuation Pause)
[2026-05-23T03:45:32.774+0000][440.515s][gc,task     ] GC(126) Using 4 workers of 4 for evacuation
[2026-05-23T03:45:32.913+0000][440.654s][gc,phases   ] GC(126)   Pre Evacuate Collection Set: 0.12ms
[2026-05-23T03:45:32.913+0000][440.654s][gc,phases   ] GC(126)   Merge Heap Roots: 0.28ms
[2026-05-23T03:45:32.913+0000][440.654s][gc,phases   ] GC(126)   Evacuate Collection Set: 138.02ms
[2026-05-23T03:45:32.913+0000][440.654s][gc,phases   ] GC(126)   Post Evacuate Collection Set: 0.48ms
[2026-05-23T03:45:32.913+0000][440.654s][gc,phases   ] GC(126)   Other: 0.10ms
[2026-05-23T03:45:32.913+0000][440.654s][gc,heap     ] GC(126) Eden regions: 65->0(58)
[2026-05-23T03:45:32.913+0000][440.654s][gc,heap     ] GC(126) Survivor regions: 2->9(9)
[2026-05-23T03:45:32.913+0000][440.654s][gc,heap     ] GC(126) Old regions: 571->571
[2026-05-23T03:45:32.913+0000][440.654s][gc,heap     ] GC(126) Archive regions: 2->2
[2026-05-23T03:45:32.913+0000][440.654s][gc,heap     ] GC(126) Humongous regions: 1->1
[2026-05-23T03:45:32.913+0000][440.654s][gc,metaspace] GC(126) Metaspace: 38572K(39040K)->38572K(39040K) NonClass: 34298K(34560K)->34298K(34560K) Class: 4274K(4480K)->4274K(4480K)
[2026-05-23T03:45:32.913+0000][440.654s][gc          ] GC(126) Pause Young (Normal) (G1 Evacuation Pause) 10232M->9308M(21536M) 139.106ms
[2026-05-23T03:45:32.913+0000][440.654s][gc,cpu      ] GC(126) User=0.54s Sys=0.00s Real=0.14s
[2026-05-23T03:45:38.061+0000][445.803s][gc,start    ] GC(127) Pause Young (Normal) (G1 Evacuation Pause)
[2026-05-23T03:45:38.062+0000][445.803s][gc,task     ] GC(127) Using 4 workers of 4 for evacuation
[2026-05-23T03:45:38.310+0000][446.051s][gc,mmu      ] GC(127) MMU target violated: 201.0ms (200.0ms/201.0ms)
[2026-05-23T03:45:38.310+0000][446.051s][gc,phases   ] GC(127)   Pre Evacuate Collection Set: 0.11ms
[2026-05-23T03:45:38.310+0000][446.051s][gc,phases   ] GC(127)   Merge Heap Roots: 0.26ms
[2026-05-23T03:45:38.310+0000][446.051s][gc,phases   ] GC(127)   Evacuate Collection Set: 246.90ms
[2026-05-23T03:45:38.310+0000][446.051s][gc,phases   ] GC(127)   Post Evacuate Collection Set: 0.65ms
[2026-05-23T03:45:38.310+0000][446.051s][gc,phases   ] GC(127)   Other: 0.20ms
[2026-05-23T03:45:38.310+0000][446.051s][gc,heap     ] GC(127) Eden regions: 58->0(58)
[2026-05-23T03:45:38.310+0000][446.051s][gc,heap     ] GC(127) Survivor regions: 9->9(9)
[2026-05-23T03:45:38.310+0000][446.051s][gc,heap     ] GC(127) Old regions: 571->579
[2026-05-23T03:45:38.310+0000][446.051s][gc,heap     ] GC(127) Archive regions: 2->2
[2026-05-23T03:45:38.310+0000][446.051s][gc,heap     ] GC(127) Humongous regions: 1->1
[2026-05-23T03:45:38.310+0000][446.051s][gc,metaspace] GC(127) Metaspace: 38581K(39040K)->38581K(39040K) NonClass: 34306K(34560K)->34306K(34560K) Class: 4274K(4480K)->4274K(4480K)
[2026-05-23T03:45:38.310+0000][446.051s][gc          ] GC(127) Pause Young (Normal) (G1 Evacuation Pause) 10236M->9430M(21536M) 248.187ms
[2026-05-23T03:45:38.310+0000][446.051s][gc,cpu      ] GC(127) User=0.97s Sys=0.01s Real=0.25s
[2026-05-23T03:45:40.300+0000][448.041s][gc,start    ] GC(128) Pause Young (Normal) (G1 Evacuation Pause)
[2026-05-23T03:45:40.300+0000][448.041s][gc,task     ] GC(128) Using 4 workers of 4 for evacuation
[2026-05-23T03:45:40.589+0000][448.330s][gc,mmu      ] GC(128) MMU target violated: 201.0ms (200.0ms/201.0ms)
[2026-05-23T03:45:40.589+0000][448.330s][gc,phases   ] GC(128)   Pre Evacuate Collection Set: 0.12ms
[2026-05-23T03:45:40.589+0000][448.330s][gc,phases   ] GC(128)   Merge Heap Roots: 1.56ms
[2026-05-23T03:45:40.589+0000][448.330s][gc,phases   ] GC(128)   Evacuate Collection Set: 286.35ms
[2026-05-23T03:45:40.589+0000][448.330s][gc,phases   ] GC(128)   Post Evacuate Collection Set: 1.13ms
[2026-05-23T03:45:40.589+0000][448.330s][gc,phases   ] GC(128)   Other: 0.19ms
[2026-05-23T03:45:40.589+0000][448.330s][gc,heap     ] GC(128) Eden regions: 58->0(58)
[2026-05-23T03:45:40.589+0000][448.330s][gc,heap     ] GC(128) Survivor regions: 9->9(9)
[2026-05-23T03:45:40.589+0000][448.330s][gc,heap     ] GC(128) Old regions: 579->588
[2026-05-23T03:45:40.589+0000][448.330s][gc,heap     ] GC(128) Archive regions: 2->2
[2026-05-23T03:45:40.589+0000][448.330s][gc,heap     ] GC(128) Humongous regions: 1->1
[2026-05-23T03:45:40.589+0000][448.330s][gc,metaspace] GC(128) Metaspace: 38583K(39040K)->38583K(39040K) NonClass: 34308K(34560K)->34308K(34560K) Class: 4274K(4480K)->4274K(4480K)
[2026-05-23T03:45:40.589+0000][448.330s][gc          ] GC(128) Pause Young (Normal) (G1 Evacuation Pause) 10358M->9583M(21536M) 289.416ms
[2026-05-23T03:45:40.589+0000][448.330s][gc,cpu      ] GC(128) User=1.15s Sys=0.00s Real=0.29s
[2026-05-23T03:45:45.077+0000][452.818s][gc,start    ] GC(129) Pause Young (Normal) (G1 Evacuation Pause)
[2026-05-23T03:45:45.077+0000][452.818s][gc,task     ] GC(129) Using 4 workers of 4 for evacuation
[2026-05-23T03:45:45.358+0000][453.099s][gc,mmu      ] GC(129) MMU target violated: 201.0ms (200.0ms/201.0ms)
[2026-05-23T03:45:45.358+0000][453.099s][gc,phases   ] GC(129)   Pre Evacuate Collection Set: 0.12ms
[2026-05-23T03:45:45.358+0000][453.099s][gc,phases   ] GC(129)   Merge Heap Roots: 3.10ms
[2026-05-23T03:45:45.358+0000][453.099s][gc,phases   ] GC(129)   Evacuate Collection Set: 276.99ms
[2026-05-23T03:45:45.358+0000][453.099s][gc,phases   ] GC(129)   Post Evacuate Collection Set: 1.15ms
[2026-05-23T03:45:45.358+0000][453.099s][gc,phases   ] GC(129)   Other: 0.17ms
[2026-05-23T03:45:45.358+0000][453.099s][gc,heap     ] GC(129) Eden regions: 58->0(58)
[2026-05-23T03:45:45.358+0000][453.099s][gc,heap     ] GC(129) Survivor regions: 9->9(9)
[2026-05-23T03:45:45.358+0000][453.099s][gc,heap     ] GC(129) Old regions: 588->595
[2026-05-23T03:45:45.358+0000][453.099s][gc,heap     ] GC(129) Archive regions: 2->2
[2026-05-23T03:45:45.358+0000][453.099s][gc,heap     ] GC(129) Humongous regions: 1->1
[2026-05-23T03:45:45.358+0000][453.099s][gc,metaspace] GC(129) Metaspace: 38583K(39040K)->38583K(39040K) NonClass: 34308K(34560K)->34308K(34560K) Class: 4274K(4480K)->4274K(4480K)
[2026-05-23T03:45:45.358+0000][453.099s][gc          ] GC(129) Pause Young (Normal) (G1 Evacuation Pause) 10511M->9695M(21536M) 281.591ms
[2026-05-23T03:45:45.358+0000][453.099s][gc,cpu      ] GC(129) User=1.09s Sys=0.02s Real=0.28s
[2026-05-23T03:45:50.216+0000][457.957s][gc,start    ] GC(130) Pause Young (Normal) (G1 Evacuation Pause)
[2026-05-23T03:45:50.216+0000][457.957s][gc,task     ] GC(130) Using 4 workers of 4 for evacuation
[2026-05-23T03:45:50.546+0000][458.287s][gc,mmu      ] GC(130) MMU target violated: 201.0ms (200.0ms/201.0ms)
[2026-05-23T03:45:50.546+0000][458.287s][gc,phases   ] GC(130)   Pre Evacuate Collection Set: 0.14ms
[2026-05-23T03:45:50.546+0000][458.287s][gc,phases   ] GC(130)   Merge Heap Roots: 3.15ms
[2026-05-23T03:45:50.546+0000][458.287s][gc,phases   ] GC(130)   Evacuate Collection Set: 325.33ms
[2026-05-23T03:45:50.546+0000][458.287s][gc,phases   ] GC(130)   Post Evacuate Collection Set: 1.17ms
[2026-05-23T03:45:50.546+0000][458.287s][gc,phases   ] GC(130)   Other: 0.15ms
[2026-05-23T03:45:50.546+0000][458.287s][gc,heap     ] GC(130) Eden regions: 58->0(58)
[2026-05-23T03:45:50.546+0000][458.287s][gc,heap     ] GC(130) Survivor regions: 9->9(9)
[2026-05-23T03:45:50.546+0000][458.287s][gc,heap     ] GC(130) Old regions: 595->604
[2026-05-23T03:45:50.546+0000][458.287s][gc,heap     ] GC(130) Archive regions: 2->2
[2026-05-23T03:45:50.546+0000][458.287s][gc,heap     ] GC(130) Humongous regions: 1->1
[2026-05-23T03:45:50.546+0000][458.287s][gc,metaspace] GC(130) Metaspace: 38583K(39040K)->38583K(39040K) NonClass: 34308K(34560K)->34308K(34560K) Class: 4274K(4480K)->4274K(4480K)
[2026-05-23T03:45:50.546+0000][458.287s][gc          ] GC(130) Pause Young (Normal) (G1 Evacuation Pause) 10623M->9839M(21536M) 329.992ms
[2026-05-23T03:45:50.546+0000][458.287s][gc,cpu      ] GC(130) User=1.27s Sys=0.03s Real=0.33s
[2026-05-23T03:45:55.382+0000][463.123s][gc,start    ] GC(131) Pause Young (Concurrent Start) (G1 Evacuation Pause)
[2026-05-23T03:45:55.382+0000][463.123s][gc,task     ] GC(131) Using 4 workers of 4 for evacuation
[2026-05-23T03:45:55.725+0000][463.466s][gc,mmu      ] GC(131) MMU target violated: 201.0ms (200.0ms/201.0ms)
[2026-05-23T03:45:55.725+0000][463.466s][gc,phases   ] GC(131)   Pre Evacuate Collection Set: 0.19ms
[2026-05-23T03:45:55.725+0000][463.466s][gc,phases   ] GC(131)   Merge Heap Roots: 3.48ms
[2026-05-23T03:45:55.725+0000][463.466s][gc,phases   ] GC(131)   Evacuate Collection Set: 337.92ms
[2026-05-23T03:45:55.725+0000][463.466s][gc,phases   ] GC(131)   Post Evacuate Collection Set: 1.18ms
[2026-05-23T03:45:55.725+0000][463.466s][gc,phases   ] GC(131)   Other: 0.59ms
[2026-05-23T03:45:55.725+0000][463.466s][gc,heap     ] GC(131) Eden regions: 58->0(58)
[2026-05-23T03:45:55.725+0000][463.466s][gc,heap     ] GC(131) Survivor regions: 9->9(9)
[2026-05-23T03:45:55.725+0000][463.466s][gc,heap     ] GC(131) Old regions: 604->613
[2026-05-23T03:45:55.725+0000][463.466s][gc,heap     ] GC(131) Archive regions: 2->2
[2026-05-23T03:45:55.725+0000][463.466s][gc,heap     ] GC(131) Humongous regions: 1->1
[2026-05-23T03:45:55.725+0000][463.466s][gc,metaspace] GC(131) Metaspace: 38583K(39040K)->38583K(39040K) NonClass: 34308K(34560K)->34308K(34560K) Class: 4274K(4480K)->4274K(4480K)
[2026-05-23T03:45:55.725+0000][463.466s][gc          ] GC(131) Pause Young (Concurrent Start) (G1 Evacuation Pause) 10767M->9980M(21536M) 343.420ms
[2026-05-23T03:45:55.725+0000][463.466s][gc,cpu      ] GC(131) User=1.32s Sys=0.04s Real=0.34s
[2026-05-23T03:45:55.725+0000][463.466s][gc          ] GC(132) Concurrent Mark Cycle
[2026-05-23T03:45:55.725+0000][463.466s][gc,marking  ] GC(132) Concurrent Clear Claimed Marks
[2026-05-23T03:45:55.725+0000][463.466s][gc,marking  ] GC(132) Concurrent Clear Claimed Marks 0.043ms
[2026-05-23T03:45:55.725+0000][463.466s][gc,marking  ] GC(132) Concurrent Scan Root Regions
[2026-05-23T03:45:55.990+0000][463.731s][gc,marking  ] GC(132) Concurrent Scan Root Regions 264.474ms
[2026-05-23T03:45:55.990+0000][463.731s][gc,marking  ] GC(132) Concurrent Mark
[2026-05-23T03:45:55.990+0000][463.731s][gc,marking  ] GC(132) Concurrent Mark From Roots
[2026-05-23T03:45:55.990+0000][463.731s][gc,task     ] GC(132) Using 1 workers of 1 for marking
[2026-05-23T03:45:57.534+0000][465.275s][gc,marking  ] GC(132) Concurrent Mark From Roots 1544.518ms
[2026-05-23T03:45:57.534+0000][465.275s][gc,marking  ] GC(132) Concurrent Preclean
[2026-05-23T03:45:57.534+0000][465.275s][gc,marking  ] GC(132) Concurrent Preclean 0.102ms
[2026-05-23T03:45:57.534+0000][465.276s][gc,start    ] GC(132) Pause Remark
[2026-05-23T03:45:57.538+0000][465.279s][gc          ] GC(132) Pause Remark 10284M->9180M(21536M) 3.793ms
[2026-05-23T03:45:57.538+0000][465.279s][gc,cpu      ] GC(132) User=0.01s Sys=0.00s Real=0.00s
[2026-05-23T03:45:57.538+0000][465.279s][gc,marking  ] GC(132) Concurrent Mark 1548.676ms
[2026-05-23T03:45:57.538+0000][465.279s][gc,marking  ] GC(132) Concurrent Rebuild Remembered Sets
[2026-05-23T03:45:59.031+0000][466.772s][gc,marking  ] GC(132) Concurrent Rebuild Remembered Sets 1492.477ms
[2026-05-23T03:45:59.031+0000][466.772s][gc,start    ] GC(132) Pause Cleanup
[2026-05-23T03:45:59.032+0000][466.773s][gc          ] GC(132) Pause Cleanup 9188M->9188M(21536M) 0.669ms
[2026-05-23T03:45:59.032+0000][466.773s][gc,cpu      ] GC(132) User=0.00s Sys=0.00s Real=0.00s
[2026-05-23T03:45:59.032+0000][466.773s][gc,marking  ] GC(132) Concurrent Cleanup for Next Mark
[2026-05-23T03:45:59.104+0000][466.845s][gc,marking  ] GC(132) Concurrent Cleanup for Next Mark 71.806ms
[2026-05-23T03:45:59.104+0000][466.845s][gc          ] GC(132) Concurrent Mark Cycle 3378.598ms
[2026-05-23T03:46:01.101+0000][468.842s][gc,start    ] GC(133) Pause Young (Prepare Mixed) (G1 Evacuation Pause)
[2026-05-23T03:46:01.101+0000][468.842s][gc,task     ] GC(133) Using 4 workers of 4 for evacuation
[2026-05-23T03:46:01.407+0000][469.148s][gc,mmu      ] GC(133) MMU target violated: 201.0ms (200.0ms/201.0ms)
[2026-05-23T03:46:01.407+0000][469.148s][gc,phases   ] GC(133)   Pre Evacuate Collection Set: 0.13ms
[2026-05-23T03:46:01.407+0000][469.148s][gc,phases   ] GC(133)   Merge Heap Roots: 3.21ms
[2026-05-23T03:46:01.407+0000][469.148s][gc,phases   ] GC(133)   Evacuate Collection Set: 301.54ms
[2026-05-23T03:46:01.407+0000][469.148s][gc,phases   ] GC(133)   Post Evacuate Collection Set: 1.29ms
[2026-05-23T03:46:01.407+0000][469.148s][gc,phases   ] GC(133)   Other: 0.20ms
[2026-05-23T03:46:01.407+0000][469.148s][gc,heap     ] GC(133) Eden regions: 58->0(58)
[2026-05-23T03:46:01.407+0000][469.148s][gc,heap     ] GC(133) Survivor regions: 9->9(9)
[2026-05-23T03:46:01.407+0000][469.148s][gc,heap     ] GC(133) Old regions: 544->553
[2026-05-23T03:46:01.407+0000][469.148s][gc,heap     ] GC(133) Archive regions: 2->2
[2026-05-23T03:46:01.407+0000][469.148s][gc,heap     ] GC(133) Humongous regions: 1->1
[2026-05-23T03:46:01.407+0000][469.148s][gc,metaspace] GC(133) Metaspace: 38583K(39040K)->38583K(39040K) NonClass: 34308K(34560K)->34308K(34560K) Class: 4274K(4480K)->4274K(4480K)
[2026-05-23T03:46:01.407+0000][469.148s][gc          ] GC(133) Pause Young (Prepare Mixed) (G1 Evacuation Pause) 9804M->9014M(21536M) 306.423ms
[2026-05-23T03:46:01.407+0000][469.148s][gc,cpu      ] GC(133) User=1.21s Sys=0.00s Real=0.30s
[2026-05-23T03:46:06.859+0000][474.600s][gc,start    ] GC(134) Pause Young (Mixed) (G1 Evacuation Pause)
[2026-05-23T03:46:06.859+0000][474.600s][gc,task     ] GC(134) Using 4 workers of 4 for evacuation
[2026-05-23T03:46:07.172+0000][474.913s][gc,mmu      ] GC(134) MMU target violated: 201.0ms (200.0ms/201.0ms)
[2026-05-23T03:46:07.172+0000][474.913s][gc,phases   ] GC(134)   Pre Evacuate Collection Set: 0.15ms
[2026-05-23T03:46:07.172+0000][474.913s][gc,phases   ] GC(134)   Merge Heap Roots: 3.31ms
[2026-05-23T03:46:07.172+0000][474.913s][gc,phases   ] GC(134)   Evacuate Collection Set: 308.39ms
[2026-05-23T03:46:07.172+0000][474.913s][gc,phases   ] GC(134)   Post Evacuate Collection Set: 1.33ms
[2026-05-23T03:46:07.172+0000][474.913s][gc,phases   ] GC(134)   Other: 0.17ms
[2026-05-23T03:46:07.172+0000][474.913s][gc,heap     ] GC(134) Eden regions: 58->0(58)
[2026-05-23T03:46:07.172+0000][474.913s][gc,heap     ] GC(134) Survivor regions: 9->9(9)
[2026-05-23T03:46:07.172+0000][474.913s][gc,heap     ] GC(134) Old regions: 553->509
[2026-05-23T03:46:07.172+0000][474.913s][gc,heap     ] GC(134) Archive regions: 2->2
[2026-05-23T03:46:07.172+0000][474.913s][gc,heap     ] GC(134) Humongous regions: 1->1
[2026-05-23T03:46:07.172+0000][474.913s][gc,metaspace] GC(134) Metaspace: 38583K(39040K)->38583K(39040K) NonClass: 34308K(34560K)->34308K(34560K) Class: 4274K(4480K)->4274K(4480K)
[2026-05-23T03:46:07.172+0000][474.913s][gc          ] GC(134) Pause Young (Mixed) (G1 Evacuation Pause) 9942M->8316M(21536M) 313.404ms
[2026-05-23T03:46:07.172+0000][474.913s][gc,cpu      ] GC(134) User=1.23s Sys=0.00s Real=0.31s
[2026-05-23T03:46:15.015+0000][482.756s][gc,start    ] GC(135) Pause Young (Mixed) (G1 Evacuation Pause)
[2026-05-23T03:46:15.015+0000][482.756s][gc,task     ] GC(135) Using 4 workers of 4 for evacuation
[2026-05-23T03:46:15.249+0000][482.990s][gc,mmu      ] GC(135) MMU target violated: 201.0ms (200.0ms/201.0ms)
[2026-05-23T03:46:15.249+0000][482.990s][gc,phases   ] GC(135)   Pre Evacuate Collection Set: 0.14ms
[2026-05-23T03:46:15.249+0000][482.990s][gc,phases   ] GC(135)   Merge Heap Roots: 3.78ms
[2026-05-23T03:46:15.249+0000][482.990s][gc,phases   ] GC(135)   Evacuate Collection Set: 228.45ms
[2026-05-23T03:46:15.249+0000][482.990s][gc,phases   ] GC(135)   Post Evacuate Collection Set: 1.30ms
[2026-05-23T03:46:15.249+0000][482.990s][gc,phases   ] GC(135)   Other: 0.17ms
[2026-05-23T03:46:15.249+0000][482.990s][gc,heap     ] GC(135) Eden regions: 58->0(59)
[2026-05-23T03:46:15.249+0000][482.990s][gc,heap     ] GC(135) Survivor regions: 9->8(9)
[2026-05-23T03:46:15.249+0000][482.990s][gc,heap     ] GC(135) Old regions: 509->461
[2026-05-23T03:46:15.249+0000][482.990s][gc,heap     ] GC(135) Archive regions: 2->2
[2026-05-23T03:46:15.249+0000][482.990s][gc,heap     ] GC(135) Humongous regions: 1->1
[2026-05-23T03:46:15.249+0000][482.990s][gc,metaspace] GC(135) Metaspace: 38583K(39040K)->38583K(39040K) NonClass: 34308K(34560K)->34308K(34560K) Class: 4274K(4480K)->4274K(4480K)
[2026-05-23T03:46:15.249+0000][482.990s][gc          ] GC(135) Pause Young (Mixed) (G1 Evacuation Pause) 9244M->7526M(21536M) 233.898ms
[2026-05-23T03:46:15.249+0000][482.990s][gc,cpu      ] GC(135) User=0.92s Sys=0.00s Real=0.24s
[2026-05-23T03:46:24.004+0000][491.745s][gc,start    ] GC(136) Pause Young (Mixed) (G1 Evacuation Pause)
[2026-05-23T03:46:24.004+0000][491.745s][gc,task     ] GC(136) Using 4 workers of 4 for evacuation
[2026-05-23T03:46:24.183+0000][491.924s][gc,phases   ] GC(136)   Pre Evacuate Collection Set: 0.18ms
[2026-05-23T03:46:24.183+0000][491.924s][gc,phases   ] GC(136)   Merge Heap Roots: 2.44ms
[2026-05-23T03:46:24.183+0000][491.924s][gc,phases   ] GC(136)   Evacuate Collection Set: 174.98ms
[2026-05-23T03:46:24.183+0000][491.924s][gc,phases   ] GC(136)   Post Evacuate Collection Set: 1.04ms
[2026-05-23T03:46:24.183+0000][491.924s][gc,phases   ] GC(136)   Other: 0.11ms
[2026-05-23T03:46:24.183+0000][491.924s][gc,heap     ] GC(136) Eden regions: 59->0(60)
[2026-05-23T03:46:24.183+0000][491.924s][gc,heap     ] GC(136) Survivor regions: 8->7(9)
[2026-05-23T03:46:24.183+0000][491.924s][gc,heap     ] GC(136) Old regions: 461->412
[2026-05-23T03:46:24.183+0000][491.924s][gc,heap     ] GC(136) Archive regions: 2->2
[2026-05-23T03:46:24.183+0000][491.924s][gc,heap     ] GC(136) Humongous regions: 1->1
[2026-05-23T03:46:24.183+0000][491.924s][gc,metaspace] GC(136) Metaspace: 38583K(39040K)->38583K(39040K) NonClass: 34308K(34560K)->34308K(34560K) Class: 4274K(4480K)->4274K(4480K)
[2026-05-23T03:46:24.183+0000][491.924s][gc          ] GC(136) Pause Young (Mixed) (G1 Evacuation Pause) 8470M->6718M(21536M) 178.868ms
[2026-05-23T03:46:24.183+0000][491.924s][gc,cpu      ] GC(136) User=0.70s Sys=0.00s Real=0.18s
[2026-05-23T03:46:29.901+0000][497.642s][gc,start    ] GC(137) Pause Young (Mixed) (G1 Evacuation Pause)
[2026-05-23T03:46:29.901+0000][497.642s][gc,task     ] GC(137) Using 4 workers of 4 for evacuation
[2026-05-23T03:46:30.110+0000][497.851s][gc,mmu      ] GC(137) MMU target violated: 201.0ms (200.0ms/201.0ms)
[2026-05-23T03:46:30.110+0000][497.851s][gc,phases   ] GC(137)   Pre Evacuate Collection Set: 0.17ms
[2026-05-23T03:46:30.110+0000][497.851s][gc,phases   ] GC(137)   Merge Heap Roots: 0.92ms
[2026-05-23T03:46:30.110+0000][497.851s][gc,phases   ] GC(137)   Evacuate Collection Set: 206.50ms
[2026-05-23T03:46:30.110+0000][497.851s][gc,phases   ] GC(137)   Post Evacuate Collection Set: 0.89ms
[2026-05-23T03:46:30.110+0000][497.851s][gc,phases   ] GC(137)   Other: 0.18ms
[2026-05-23T03:46:30.110+0000][497.851s][gc,heap     ] GC(137) Eden regions: 60->0(58)
[2026-05-23T03:46:30.110+0000][497.851s][gc,heap     ] GC(137) Survivor regions: 7->9(9)
[2026-05-23T03:46:30.110+0000][497.851s][gc,heap     ] GC(137) Old regions: 412->364
[2026-05-23T03:46:30.110+0000][497.851s][gc,heap     ] GC(137) Archive regions: 2->2
[2026-05-23T03:46:30.110+0000][497.851s][gc,heap     ] GC(137) Humongous regions: 1->1
[2026-05-23T03:46:30.110+0000][497.851s][gc,metaspace] GC(137) Metaspace: 38583K(39040K)->38583K(39040K) NonClass: 34308K(34560K)->34308K(34560K) Class: 4274K(4480K)->4274K(4480K)
[2026-05-23T03:46:30.110+0000][497.851s][gc          ] GC(137) Pause Young (Mixed) (G1 Evacuation Pause) 7678M->5994M(21536M) 208.714ms
[2026-05-23T03:46:30.110+0000][497.851s][gc,cpu      ] GC(137) User=0.82s Sys=0.00s Real=0.21s
[2026-05-23T03:46:32.135+0000][499.876s][gc,start    ] GC(138) Pause Young (Mixed) (G1 Evacuation Pause)
[2026-05-23T03:46:32.135+0000][499.876s][gc,task     ] GC(138) Using 4 workers of 4 for evacuation
[2026-05-23T03:46:32.427+0000][500.168s][gc,mmu      ] GC(138) MMU target violated: 201.0ms (200.0ms/201.0ms)
[2026-05-23T03:46:32.427+0000][500.168s][gc,phases   ] GC(138)   Pre Evacuate Collection Set: 0.15ms
[2026-05-23T03:46:32.427+0000][500.168s][gc,phases   ] GC(138)   Merge Heap Roots: 1.44ms
[2026-05-23T03:46:32.427+0000][500.168s][gc,phases   ] GC(138)   Evacuate Collection Set: 289.30ms
[2026-05-23T03:46:32.427+0000][500.168s][gc,phases   ] GC(138)   Post Evacuate Collection Set: 1.30ms
[2026-05-23T03:46:32.427+0000][500.168s][gc,phases   ] GC(138)   Other: 0.18ms
[2026-05-23T03:46:32.427+0000][500.168s][gc,heap     ] GC(138) Eden regions: 58->0(58)
[2026-05-23T03:46:32.427+0000][500.168s][gc,heap     ] GC(138) Survivor regions: 9->9(9)
[2026-05-23T03:46:32.427+0000][500.168s][gc,heap     ] GC(138) Old regions: 364->321
[2026-05-23T03:46:32.427+0000][500.168s][gc,heap     ] GC(138) Archive regions: 2->2
[2026-05-23T03:46:32.427+0000][500.168s][gc,heap     ] GC(138) Humongous regions: 1->1
[2026-05-23T03:46:32.427+0000][500.168s][gc,metaspace] GC(138) Metaspace: 38583K(39040K)->38583K(39040K) NonClass: 34308K(34560K)->34308K(34560K) Class: 4274K(4480K)->4274K(4480K)
[2026-05-23T03:46:32.427+0000][500.169s][gc          ] GC(138) Pause Young (Mixed) (G1 Evacuation Pause) 6922M->5311M(21536M) 292.428ms
[2026-05-23T03:46:32.427+0000][500.169s][gc,cpu      ] GC(138) User=1.16s Sys=0.00s Real=0.29s
[2026-05-23T03:46:37.072+0000][504.814s][gc,start    ] GC(139) Pause Young (Mixed) (G1 Evacuation Pause)
[2026-05-23T03:46:37.072+0000][504.814s][gc,task     ] GC(139) Using 4 workers of 4 for evacuation
[2026-05-23T03:46:37.387+0000][505.128s][gc,mmu      ] GC(139) MMU target violated: 201.0ms (200.0ms/201.0ms)
[2026-05-23T03:46:37.387+0000][505.128s][gc,phases   ] GC(139)   Pre Evacuate Collection Set: 0.17ms
[2026-05-23T03:46:37.387+0000][505.128s][gc,phases   ] GC(139)   Merge Heap Roots: 3.18ms
[2026-05-23T03:46:37.387+0000][505.128s][gc,phases   ] GC(139)   Evacuate Collection Set: 309.20ms
[2026-05-23T03:46:37.387+0000][505.128s][gc,phases   ] GC(139)   Post Evacuate Collection Set: 1.46ms
[2026-05-23T03:46:37.387+0000][505.128s][gc,phases   ] GC(139)   Other: 0.20ms
[2026-05-23T03:46:37.387+0000][505.128s][gc,heap     ] GC(139) Eden regions: 58->0(58)
[2026-05-23T03:46:37.387+0000][505.128s][gc,heap     ] GC(139) Survivor regions: 9->9(9)
[2026-05-23T03:46:37.387+0000][505.128s][gc,heap     ] GC(139) Old regions: 321->278
[2026-05-23T03:46:37.387+0000][505.128s][gc,heap     ] GC(139) Archive regions: 2->2
[2026-05-23T03:46:37.387+0000][505.128s][gc,heap     ] GC(139) Humongous regions: 1->1
[2026-05-23T03:46:37.387+0000][505.128s][gc,metaspace] GC(139) Metaspace: 38584K(39040K)->38584K(39040K) NonClass: 34309K(34560K)->34309K(34560K) Class: 4274K(4480K)->4274K(4480K)
[2026-05-23T03:46:37.387+0000][505.128s][gc          ] GC(139) Pause Young (Mixed) (G1 Evacuation Pause) 6239M->4620M(21536M) 314.252ms
[2026-05-23T03:46:37.387+0000][505.128s][gc,cpu      ] GC(139) User=1.24s Sys=0.00s Real=0.31s
[2026-05-23T03:46:42.217+0000][509.958s][gc,start    ] GC(140) Pause Young (Mixed) (G1 Evacuation Pause)
[2026-05-23T03:46:42.217+0000][509.958s][gc,task     ] GC(140) Using 4 workers of 4 for evacuation
[2026-05-23T03:46:42.512+0000][510.253s][gc,mmu      ] GC(140) MMU target violated: 201.0ms (200.0ms/201.0ms)
[2026-05-23T03:46:42.512+0000][510.253s][gc,phases   ] GC(140)   Pre Evacuate Collection Set: 0.15ms
[2026-05-23T03:46:42.512+0000][510.253s][gc,phases   ] GC(140)   Merge Heap Roots: 3.21ms
[2026-05-23T03:46:42.512+0000][510.253s][gc,phases   ] GC(140)   Evacuate Collection Set: 290.49ms
[2026-05-23T03:46:42.512+0000][510.253s][gc,phases   ] GC(140)   Post Evacuate Collection Set: 1.46ms
[2026-05-23T03:46:42.512+0000][510.253s][gc,phases   ] GC(140)   Other: 0.17ms
[2026-05-23T03:46:42.512+0000][510.253s][gc,heap     ] GC(140) Eden regions: 58->0(58)
[2026-05-23T03:46:42.512+0000][510.253s][gc,heap     ] GC(140) Survivor regions: 9->9(9)
[2026-05-23T03:46:42.512+0000][510.253s][gc,heap     ] GC(140) Old regions: 278->234
[2026-05-23T03:46:42.512+0000][510.253s][gc,heap     ] GC(140) Archive regions: 2->2
[2026-05-23T03:46:42.512+0000][510.253s][gc,heap     ] GC(140) Humongous regions: 1->1
[2026-05-23T03:46:42.512+0000][510.253s][gc,metaspace] GC(140) Metaspace: 38584K(39040K)->38584K(39040K) NonClass: 34309K(34560K)->34309K(34560K) Class: 4274K(4480K)->4274K(4480K)
[2026-05-23T03:46:42.512+0000][510.253s][gc          ] GC(140) Pause Young (Mixed) (G1 Evacuation Pause) 5548M->3908M(21536M) 295.526ms
[2026-05-23T03:46:42.512+0000][510.253s][gc,cpu      ] GC(140) User=1.17s Sys=0.00s Real=0.30s
[2026-05-23T03:46:44.454+0000][512.195s][gc,start    ] GC(141) Pause Young (Mixed) (G1 Evacuation Pause)
[2026-05-23T03:46:44.454+0000][512.195s][gc,task     ] GC(141) Using 4 workers of 4 for evacuation
[2026-05-23T03:46:44.783+0000][512.524s][gc,mmu      ] GC(141) MMU target violated: 201.0ms (200.0ms/201.0ms)
[2026-05-23T03:46:44.783+0000][512.525s][gc,phases   ] GC(141)   Pre Evacuate Collection Set: 0.14ms
[2026-05-23T03:46:44.783+0000][512.525s][gc,phases   ] GC(141)   Merge Heap Roots: 3.11ms
[2026-05-23T03:46:44.783+0000][512.525s][gc,phases   ] GC(141)   Evacuate Collection Set: 325.02ms
[2026-05-23T03:46:44.783+0000][512.525s][gc,phases   ] GC(141)   Post Evacuate Collection Set: 1.22ms
[2026-05-23T03:46:44.783+0000][512.525s][gc,phases   ] GC(141)   Other: 0.17ms
[2026-05-23T03:46:44.783+0000][512.525s][gc,heap     ] GC(141) Eden regions: 58->0(58)
[2026-05-23T03:46:44.783+0000][512.525s][gc,heap     ] GC(141) Survivor regions: 9->9(9)
[2026-05-23T03:46:44.783+0000][512.525s][gc,heap     ] GC(141) Old regions: 234->196
[2026-05-23T03:46:44.784+0000][512.525s][gc,heap     ] GC(141) Archive regions: 2->2
[2026-05-23T03:46:44.784+0000][512.525s][gc,heap     ] GC(141) Humongous regions: 1->1
[2026-05-23T03:46:44.784+0000][512.525s][gc,metaspace] GC(141) Metaspace: 38584K(39040K)->38584K(39040K) NonClass: 34309K(34560K)->34309K(34560K) Class: 4274K(4480K)->4274K(4480K)
[2026-05-23T03:46:44.784+0000][512.525s][gc          ] GC(141) Pause Young (Mixed) (G1 Evacuation Pause) 4836M->3311M(21536M) 329.742ms
[2026-05-23T03:46:44.784+0000][512.525s][gc,cpu      ] GC(141) User=1.31s Sys=0.00s Real=0.33s
[2026-05-23T03:46:46.573+0000][514.314s][gc,start    ] GC(142) Pause Young (Normal) (G1 Evacuation Pause)
[2026-05-23T03:46:46.573+0000][514.314s][gc,task     ] GC(142) Using 4 workers of 4 for evacuation
[2026-05-23T03:46:46.830+0000][514.571s][gc,mmu      ] GC(142) MMU target violated: 201.0ms (200.0ms/201.0ms)
[2026-05-23T03:46:46.830+0000][514.571s][gc,phases   ] GC(142)   Pre Evacuate Collection Set: 0.12ms
[2026-05-23T03:46:46.830+0000][514.571s][gc,phases   ] GC(142)   Merge Heap Roots: 2.23ms
[2026-05-23T03:46:46.830+0000][514.571s][gc,phases   ] GC(142)   Evacuate Collection Set: 253.71ms
[2026-05-23T03:46:46.830+0000][514.571s][gc,phases   ] GC(142)   Post Evacuate Collection Set: 0.89ms
[2026-05-23T03:46:46.830+0000][514.571s][gc,phases   ] GC(142)   Other: 0.16ms
[2026-05-23T03:46:46.830+0000][514.571s][gc,heap     ] GC(142) Eden regions: 58->0(59)
[2026-05-23T03:46:46.830+0000][514.571s][gc,heap     ] GC(142) Survivor regions: 9->8(9)
[2026-05-23T03:46:46.830+0000][514.571s][gc,heap     ] GC(142) Old regions: 196->205
[2026-05-23T03:46:46.830+0000][514.571s][gc,heap     ] GC(142) Archive regions: 2->2
[2026-05-23T03:46:46.830+0000][514.571s][gc,heap     ] GC(142) Humongous regions: 1->1
[2026-05-23T03:46:46.830+0000][514.571s][gc,metaspace] GC(142) Metaspace: 38584K(39040K)->38584K(39040K) NonClass: 34309K(34560K)->34309K(34560K) Class: 4274K(4480K)->4274K(4480K)
[2026-05-23T03:46:46.830+0000][514.571s][gc          ] GC(142) Pause Young (Normal) (G1 Evacuation Pause) 4239M->3430M(21536M) 257.165ms
[2026-05-23T03:46:46.830+0000][514.571s][gc,cpu      ] GC(142) User=1.02s Sys=0.00s Real=0.26s
[2026-05-23T03:46:54.904+0000][522.645s][gc,start    ] GC(143) Pause Young (Normal) (G1 Evacuation Pause)
[2026-05-23T03:46:54.904+0000][522.645s][gc,task     ] GC(143) Using 4 workers of 4 for evacuation
[2026-05-23T03:46:55.238+0000][522.979s][gc,mmu      ] GC(143) MMU target violated: 201.0ms (200.0ms/201.0ms)
[2026-05-23T03:46:55.238+0000][522.979s][gc,phases   ] GC(143)   Pre Evacuate Collection Set: 0.12ms
[2026-05-23T03:46:55.238+0000][522.979s][gc,phases   ] GC(143)   Merge Heap Roots: 3.83ms
[2026-05-23T03:46:55.238+0000][522.979s][gc,phases   ] GC(143)   Evacuate Collection Set: 329.11ms
[2026-05-23T03:46:55.238+0000][522.979s][gc,phases   ] GC(143)   Post Evacuate Collection Set: 1.24ms
[2026-05-23T03:46:55.238+0000][522.979s][gc,phases   ] GC(143)   Other: 0.17ms
[2026-05-23T03:46:55.238+0000][522.979s][gc,heap     ] GC(143) Eden regions: 59->0(58)
[2026-05-23T03:46:55.238+0000][522.979s][gc,heap     ] GC(143) Survivor regions: 8->9(9)
[2026-05-23T03:46:55.238+0000][522.979s][gc,heap     ] GC(143) Old regions: 205->215
[2026-05-23T03:46:55.238+0000][522.979s][gc,heap     ] GC(143) Archive regions: 2->2
[2026-05-23T03:46:55.238+0000][522.979s][gc,heap     ] GC(143) Humongous regions: 1->1
[2026-05-23T03:46:55.238+0000][522.979s][gc,metaspace] GC(143) Metaspace: 38590K(39040K)->38590K(39040K) NonClass: 34316K(34560K)->34316K(34560K) Class: 4274K(4480K)->4274K(4480K)
[2026-05-23T03:46:55.238+0000][522.979s][gc          ] GC(143) Pause Young (Normal) (G1 Evacuation Pause) 4374M->3606M(21536M) 334.530ms
[2026-05-23T03:46:55.238+0000][522.979s][gc,cpu      ] GC(143) User=1.32s Sys=0.01s Real=0.33s
[2026-05-23T03:47:03.146+0000][530.887s][gc,start    ] GC(144) Pause Young (Normal) (G1 Evacuation Pause)
[2026-05-23T03:47:03.146+0000][530.887s][gc,task     ] GC(144) Using 4 workers of 4 for evacuation
[2026-05-23T03:47:03.433+0000][531.175s][gc,mmu      ] GC(144) MMU target violated: 201.0ms (200.0ms/201.0ms)
[2026-05-23T03:47:03.434+0000][531.175s][gc,phases   ] GC(144)   Pre Evacuate Collection Set: 0.12ms
[2026-05-23T03:47:03.434+0000][531.175s][gc,phases   ] GC(144)   Merge Heap Roots: 4.03ms
[2026-05-23T03:47:03.434+0000][531.175s][gc,phases   ] GC(144)   Evacuate Collection Set: 282.30ms
[2026-05-23T03:47:03.434+0000][531.175s][gc,phases   ] GC(144)   Post Evacuate Collection Set: 1.19ms
[2026-05-23T03:47:03.434+0000][531.175s][gc,phases   ] GC(144)   Other: 0.19ms
[2026-05-23T03:47:03.434+0000][531.175s][gc,heap     ] GC(144) Eden regions: 58->0(58)
[2026-05-23T03:47:03.434+0000][531.175s][gc,heap     ] GC(144) Survivor regions: 9->9(9)
[2026-05-23T03:47:03.434+0000][531.175s][gc,heap     ] GC(144) Old regions: 215->218
[2026-05-23T03:47:03.434+0000][531.175s][gc,heap     ] GC(144) Archive regions: 2->2
[2026-05-23T03:47:03.434+0000][531.175s][gc,heap     ] GC(144) Humongous regions: 1->1
[2026-05-23T03:47:03.434+0000][531.175s][gc,metaspace] GC(144) Metaspace: 38590K(39040K)->38590K(39040K) NonClass: 34316K(34560K)->34316K(34560K) Class: 4274K(4480K)->4274K(4480K)
[2026-05-23T03:47:03.434+0000][531.175s][gc          ] GC(144) Pause Young (Normal) (G1 Evacuation Pause) 4534M->3661M(21536M) 287.882ms
[2026-05-23T03:47:03.434+0000][531.175s][gc,cpu      ] GC(144) User=1.14s Sys=0.00s Real=0.29s
[2026-05-23T03:47:09.346+0000][537.087s][gc,start    ] GC(145) Pause Young (Normal) (G1 Evacuation Pause)
[2026-05-23T03:47:09.346+0000][537.087s][gc,task     ] GC(145) Using 4 workers of 4 for evacuation
[2026-05-23T03:47:09.560+0000][537.301s][gc,mmu      ] GC(145) MMU target violated: 201.0ms (200.0ms/201.0ms)
[2026-05-23T03:47:09.560+0000][537.301s][gc,phases   ] GC(145)   Pre Evacuate Collection Set: 0.13ms
[2026-05-23T03:47:09.560+0000][537.301s][gc,phases   ] GC(145)   Merge Heap Roots: 1.80ms
[2026-05-23T03:47:09.560+0000][537.301s][gc,phases   ] GC(145)   Evacuate Collection Set: 211.83ms
[2026-05-23T03:47:09.560+0000][537.301s][gc,phases   ] GC(145)   Post Evacuate Collection Set: 0.51ms
[2026-05-23T03:47:09.560+0000][537.301s][gc,phases   ] GC(145)   Other: 0.15ms
[2026-05-23T03:47:09.560+0000][537.301s][gc,heap     ] GC(145) Eden regions: 58->0(59)
[2026-05-23T03:47:09.560+0000][537.301s][gc,heap     ] GC(145) Survivor regions: 9->8(9)
[2026-05-23T03:47:09.560+0000][537.301s][gc,heap     ] GC(145) Old regions: 218->221
[2026-05-23T03:47:09.560+0000][537.301s][gc,heap     ] GC(145) Archive regions: 2->2
[2026-05-23T03:47:09.560+0000][537.301s][gc,heap     ] GC(145) Humongous regions: 1->1
[2026-05-23T03:47:09.560+0000][537.301s][gc,metaspace] GC(145) Metaspace: 38590K(39040K)->38590K(39040K) NonClass: 34316K(34560K)->34316K(34560K) Class: 4274K(4480K)->4274K(4480K)
[2026-05-23T03:47:09.560+0000][537.301s][gc          ] GC(145) Pause Young (Normal) (G1 Evacuation Pause) 4589M->3685M(21536M) 214.487ms
[2026-05-23T03:47:09.560+0000][537.301s][gc,cpu      ] GC(145) User=0.84s Sys=0.00s Real=0.22s
[2026-05-23T03:47:14.920+0000][542.661s][gc,start    ] GC(146) Pause Young (Normal) (G1 Evacuation Pause)
[2026-05-23T03:47:14.920+0000][542.661s][gc,task     ] GC(146) Using 4 workers of 4 for evacuation
[2026-05-23T03:47:15.105+0000][542.846s][gc,phases   ] GC(146)   Pre Evacuate Collection Set: 0.12ms
[2026-05-23T03:47:15.105+0000][542.846s][gc,phases   ] GC(146)   Merge Heap Roots: 0.28ms
[2026-05-23T03:47:15.105+0000][542.846s][gc,phases   ] GC(146)   Evacuate Collection Set: 182.99ms
[2026-05-23T03:47:15.105+0000][542.846s][gc,phases   ] GC(146)   Post Evacuate Collection Set: 0.71ms
[2026-05-23T03:47:15.105+0000][542.846s][gc,phases   ] GC(146)   Other: 0.11ms
[2026-05-23T03:47:15.105+0000][542.846s][gc,heap     ] GC(146) Eden regions: 59->0(58)
[2026-05-23T03:47:15.105+0000][542.846s][gc,heap     ] GC(146) Survivor regions: 8->9(9)
[2026-05-23T03:47:15.105+0000][542.846s][gc,heap     ] GC(146) Old regions: 221->224
[2026-05-23T03:47:15.105+0000][542.846s][gc,heap     ] GC(146) Archive regions: 2->2
[2026-05-23T03:47:15.105+0000][542.846s][gc,heap     ] GC(146) Humongous regions: 1->1
[2026-05-23T03:47:15.105+0000][542.846s][gc,metaspace] GC(146) Metaspace: 38595K(39040K)->38595K(39040K) NonClass: 34320K(34560K)->34320K(34560K) Class: 4274K(4480K)->4274K(4480K)
[2026-05-23T03:47:15.105+0000][542.846s][gc          ] GC(146) Pause Young (Normal) (G1 Evacuation Pause) 4629M->3759M(21536M) 184.332ms
[2026-05-23T03:47:15.105+0000][542.846s][gc,cpu      ] GC(146) User=0.73s Sys=0.00s Real=0.18s
[2026-05-23T03:47:20.166+0000][547.907s][gc,start    ] GC(147) Pause Young (Normal) (G1 Evacuation Pause)
[2026-05-23T03:47:20.166+0000][547.907s][gc,task     ] GC(147) Using 4 workers of 4 for evacuation
[2026-05-23T03:47:20.351+0000][548.092s][gc,phases   ] GC(147)   Pre Evacuate Collection Set: 0.13ms
[2026-05-23T03:47:20.351+0000][548.092s][gc,phases   ] GC(147)   Merge Heap Roots: 0.63ms
[2026-05-23T03:47:20.351+0000][548.092s][gc,phases   ] GC(147)   Evacuate Collection Set: 183.07ms
[2026-05-23T03:47:20.351+0000][548.092s][gc,phases   ] GC(147)   Post Evacuate Collection Set: 0.59ms
[2026-05-23T03:47:20.351+0000][548.092s][gc,phases   ] GC(147)   Other: 0.11ms
[2026-05-23T03:47:20.351+0000][548.092s][gc,heap     ] GC(147) Eden regions: 58->0(58)
[2026-05-23T03:47:20.351+0000][548.092s][gc,heap     ] GC(147) Survivor regions: 9->9(9)
[2026-05-23T03:47:20.351+0000][548.092s][gc,heap     ] GC(147) Old regions: 224->227
[2026-05-23T03:47:20.351+0000][548.092s][gc,heap     ] GC(147) Archive regions: 2->2
[2026-05-23T03:47:20.351+0000][548.092s][gc,heap     ] GC(147) Humongous regions: 1->1
[2026-05-23T03:47:20.351+0000][548.092s][gc,metaspace] GC(147) Metaspace: 38595K(39040K)->38595K(39040K) NonClass: 34320K(34560K)->34320K(34560K) Class: 4274K(4480K)->4274K(4480K)
[2026-05-23T03:47:20.351+0000][548.092s][gc          ] GC(147) Pause Young (Normal) (G1 Evacuation Pause) 4687M->3796M(21536M) 184.644ms
[2026-05-23T03:47:20.351+0000][548.092s][gc,cpu      ] GC(147) User=0.73s Sys=0.00s Real=0.19s
[2026-05-23T03:47:22.414+0000][550.155s][gc,start    ] GC(148) Pause Young (Normal) (G1 Evacuation Pause)
[2026-05-23T03:47:22.414+0000][550.155s][gc,task     ] GC(148) Using 4 workers of 4 for evacuation
[2026-05-23T03:47:22.694+0000][550.435s][gc,mmu      ] GC(148) MMU target violated: 201.0ms (200.0ms/201.0ms)
[2026-05-23T03:47:22.694+0000][550.435s][gc,phases   ] GC(148)   Pre Evacuate Collection Set: 0.17ms
[2026-05-23T03:47:22.694+0000][550.435s][gc,phases   ] GC(148)   Merge Heap Roots: 0.37ms
[2026-05-23T03:47:22.694+0000][550.435s][gc,phases   ] GC(148)   Evacuate Collection Set: 278.27ms
[2026-05-23T03:47:22.694+0000][550.435s][gc,phases   ] GC(148)   Post Evacuate Collection Set: 0.91ms
[2026-05-23T03:47:22.694+0000][550.435s][gc,phases   ] GC(148)   Other: 0.18ms
[2026-05-23T03:47:22.694+0000][550.435s][gc,heap     ] GC(148) Eden regions: 58->0(58)
[2026-05-23T03:47:22.694+0000][550.435s][gc,heap     ] GC(148) Survivor regions: 9->9(9)
[2026-05-23T03:47:22.694+0000][550.435s][gc,heap     ] GC(148) Old regions: 227->235
[2026-05-23T03:47:22.694+0000][550.435s][gc,heap     ] GC(148) Archive regions: 2->2
[2026-05-23T03:47:22.694+0000][550.435s][gc,heap     ] GC(148) Humongous regions: 1->1
[2026-05-23T03:47:22.694+0000][550.435s][gc,metaspace] GC(148) Metaspace: 38595K(39040K)->38595K(39040K) NonClass: 34320K(34560K)->34320K(34560K) Class: 4274K(4480K)->4274K(4480K)
[2026-05-23T03:47:22.694+0000][550.435s][gc          ] GC(148) Pause Young (Normal) (G1 Evacuation Pause) 4724M->3925M(21536M) 279.957ms
[2026-05-23T03:47:22.694+0000][550.435s][gc,cpu      ] GC(148) User=1.10s Sys=0.00s Real=0.28s
[2026-05-23T03:47:30.459+0000][558.200s][gc,start    ] GC(149) Pause Young (Normal) (G1 Evacuation Pause)
[2026-05-23T03:47:30.459+0000][558.200s][gc,task     ] GC(149) Using 4 workers of 4 for evacuation
[2026-05-23T03:47:30.610+0000][558.351s][gc,phases   ] GC(149)   Pre Evacuate Collection Set: 0.12ms
[2026-05-23T03:47:30.610+0000][558.351s][gc,phases   ] GC(149)   Merge Heap Roots: 2.11ms
[2026-05-23T03:47:30.610+0000][558.351s][gc,phases   ] GC(149)   Evacuate Collection Set: 147.88ms
[2026-05-23T03:47:30.610+0000][558.351s][gc,phases   ] GC(149)   Post Evacuate Collection Set: 0.93ms
[2026-05-23T03:47:30.610+0000][558.351s][gc,phases   ] GC(149)   Other: 0.11ms
[2026-05-23T03:47:30.610+0000][558.351s][gc,heap     ] GC(149) Eden regions: 58->0(60)
[2026-05-23T03:47:30.610+0000][558.351s][gc,heap     ] GC(149) Survivor regions: 9->7(9)
[2026-05-23T03:47:30.610+0000][558.351s][gc,heap     ] GC(149) Old regions: 235->237
[2026-05-23T03:47:30.610+0000][558.351s][gc,heap     ] GC(149) Archive regions: 2->2
[2026-05-23T03:47:30.610+0000][558.351s][gc,heap     ] GC(149) Humongous regions: 1->1
[2026-05-23T03:47:30.610+0000][558.351s][gc,metaspace] GC(149) Metaspace: 38595K(39040K)->38595K(39040K) NonClass: 34320K(34560K)->34320K(34560K) Class: 4274K(4480K)->4274K(4480K)
[2026-05-23T03:47:30.610+0000][558.351s][gc          ] GC(149) Pause Young (Normal) (G1 Evacuation Pause) 4853M->3927M(21536M) 151.265ms
[2026-05-23T03:47:30.610+0000][558.351s][gc,cpu      ] GC(149) User=0.60s Sys=0.00s Real=0.15s
[2026-05-23T03:47:38.073+0000][565.814s][gc,start    ] GC(150) Pause Young (Normal) (G1 Evacuation Pause)
[2026-05-23T03:47:38.073+0000][565.814s][gc,task     ] GC(150) Using 4 workers of 4 for evacuation
[2026-05-23T03:47:38.282+0000][566.023s][gc,mmu      ] GC(150) MMU target violated: 201.0ms (200.0ms/201.0ms)
[2026-05-23T03:47:38.282+0000][566.023s][gc,phases   ] GC(150)   Pre Evacuate Collection Set: 0.13ms
[2026-05-23T03:47:38.282+0000][566.023s][gc,phases   ] GC(150)   Merge Heap Roots: 1.07ms
[2026-05-23T03:47:38.282+0000][566.023s][gc,phases   ] GC(150)   Evacuate Collection Set: 207.46ms
[2026-05-23T03:47:38.282+0000][566.023s][gc,phases   ] GC(150)   Post Evacuate Collection Set: 0.57ms
[2026-05-23T03:47:38.282+0000][566.023s][gc,phases   ] GC(150)   Other: 0.16ms
[2026-05-23T03:47:38.282+0000][566.023s][gc,heap     ] GC(150) Eden regions: 60->0(58)
[2026-05-23T03:47:38.282+0000][566.023s][gc,heap     ] GC(150) Survivor regions: 7->9(9)
[2026-05-23T03:47:38.282+0000][566.023s][gc,heap     ] GC(150) Old regions: 237->240
[2026-05-23T03:47:38.282+0000][566.023s][gc,heap     ] GC(150) Archive regions: 2->2
[2026-05-23T03:47:38.282+0000][566.023s][gc,heap     ] GC(150) Humongous regions: 1->1
[2026-05-23T03:47:38.282+0000][566.023s][gc,metaspace] GC(150) Metaspace: 38595K(39040K)->38595K(39040K) NonClass: 34320K(34560K)->34320K(34560K) Class: 4274K(4480K)->4274K(4480K)
[2026-05-23T03:47:38.282+0000][566.023s][gc          ] GC(150) Pause Young (Normal) (G1 Evacuation Pause) 4887M->4006M(21536M) 209.435ms
[2026-05-23T03:47:38.282+0000][566.023s][gc,cpu      ] GC(150) User=0.83s Sys=0.00s Real=0.21s
[2026-05-23T03:47:40.608+0000][568.349s][gc,start    ] GC(151) Pause Young (Normal) (G1 Evacuation Pause)
[2026-05-23T03:47:40.608+0000][568.349s][gc,task     ] GC(151) Using 4 workers of 4 for evacuation
[2026-05-23T03:47:40.831+0000][568.572s][gc,mmu      ] GC(151) MMU target violated: 201.0ms (200.0ms/201.0ms)
[2026-05-23T03:47:40.831+0000][568.572s][gc,phases   ] GC(151)   Pre Evacuate Collection Set: 0.16ms
[2026-05-23T03:47:40.831+0000][568.572s][gc,phases   ] GC(151)   Merge Heap Roots: 0.38ms
[2026-05-23T03:47:40.831+0000][568.572s][gc,phases   ] GC(151)   Evacuate Collection Set: 221.69ms
[2026-05-23T03:47:40.831+0000][568.572s][gc,phases   ] GC(151)   Post Evacuate Collection Set: 0.55ms
[2026-05-23T03:47:40.831+0000][568.572s][gc,phases   ] GC(151)   Other: 0.17ms
[2026-05-23T03:47:40.831+0000][568.572s][gc,heap     ] GC(151) Eden regions: 58->0(58)
[2026-05-23T03:47:40.831+0000][568.572s][gc,heap     ] GC(151) Survivor regions: 9->9(9)
[2026-05-23T03:47:40.831+0000][568.572s][gc,heap     ] GC(151) Old regions: 240->243
[2026-05-23T03:47:40.831+0000][568.572s][gc,heap     ] GC(151) Archive regions: 2->2
[2026-05-23T03:47:40.831+0000][568.572s][gc,heap     ] GC(151) Humongous regions: 1->1
[2026-05-23T03:47:40.831+0000][568.572s][gc,metaspace] GC(151) Metaspace: 38595K(39040K)->38595K(39040K) NonClass: 34320K(34560K)->34320K(34560K) Class: 4274K(4480K)->4274K(4480K)
[2026-05-23T03:47:40.831+0000][568.572s][gc          ] GC(151) Pause Young (Normal) (G1 Evacuation Pause) 4934M->4062M(21536M) 223.004ms
[2026-05-23T03:47:40.831+0000][568.572s][gc,cpu      ] GC(151) User=0.88s Sys=0.00s Real=0.23s
[2026-05-23T03:47:47.967+0000][575.708s][gc,start    ] GC(152) Pause Young (Normal) (G1 Evacuation Pause)
[2026-05-23T03:47:47.967+0000][575.708s][gc,task     ] GC(152) Using 4 workers of 4 for evacuation
[2026-05-23T03:47:48.128+0000][575.869s][gc,phases   ] GC(152)   Pre Evacuate Collection Set: 0.14ms
[2026-05-23T03:47:48.128+0000][575.869s][gc,phases   ] GC(152)   Merge Heap Roots: 0.49ms
[2026-05-23T03:47:48.128+0000][575.869s][gc,phases   ] GC(152)   Evacuate Collection Set: 158.96ms
[2026-05-23T03:47:48.128+0000][575.869s][gc,phases   ] GC(152)   Post Evacuate Collection Set: 0.95ms
[2026-05-23T03:47:48.128+0000][575.869s][gc,phases   ] GC(152)   Other: 0.11ms
[2026-05-23T03:47:48.128+0000][575.869s][gc,heap     ] GC(152) Eden regions: 58->0(60)
[2026-05-23T03:47:48.128+0000][575.869s][gc,heap     ] GC(152) Survivor regions: 9->7(9)
[2026-05-23T03:47:48.128+0000][575.869s][gc,heap     ] GC(152) Old regions: 243->246
[2026-05-23T03:47:48.128+0000][575.869s][gc,heap     ] GC(152) Archive regions: 2->2
[2026-05-23T03:47:48.128+0000][575.869s][gc,heap     ] GC(152) Humongous regions: 1->1
[2026-05-23T03:47:48.128+0000][575.869s][gc,metaspace] GC(152) Metaspace: 38603K(39040K)->38603K(39040K) NonClass: 34329K(34560K)->34329K(34560K) Class: 4274K(4480K)->4274K(4480K)
[2026-05-23T03:47:48.128+0000][575.869s][gc          ] GC(152) Pause Young (Normal) (G1 Evacuation Pause) 4990M->4074M(21664M) 160.739ms
[2026-05-23T03:47:48.128+0000][575.869s][gc,cpu      ] GC(152) User=0.63s Sys=0.01s Real=0.16s
[2026-05-23T03:47:50.402+0000][578.143s][gc,start    ] GC(153) Pause Young (Normal) (G1 Evacuation Pause)
[2026-05-23T03:47:50.402+0000][578.143s][gc,task     ] GC(153) Using 4 workers of 4 for evacuation
[2026-05-23T03:47:50.715+0000][578.456s][gc,mmu      ] GC(153) MMU target violated: 201.0ms (200.0ms/201.0ms)
[2026-05-23T03:47:50.715+0000][578.456s][gc,phases   ] GC(153)   Pre Evacuate Collection Set: 0.17ms
[2026-05-23T03:47:50.715+0000][578.456s][gc,phases   ] GC(153)   Merge Heap Roots: 0.75ms
[2026-05-23T03:47:50.715+0000][578.456s][gc,phases   ] GC(153)   Evacuate Collection Set: 311.01ms
[2026-05-23T03:47:50.715+0000][578.456s][gc,phases   ] GC(153)   Post Evacuate Collection Set: 0.88ms
[2026-05-23T03:47:50.715+0000][578.456s][gc,phases   ] GC(153)   Other: 0.21ms
[2026-05-23T03:47:50.715+0000][578.456s][gc,heap     ] GC(153) Eden regions: 60->0(58)
[2026-05-23T03:47:50.715+0000][578.456s][gc,heap     ] GC(153) Survivor regions: 7->9(9)
[2026-05-23T03:47:50.715+0000][578.456s][gc,heap     ] GC(153) Old regions: 246->255
[2026-05-23T03:47:50.715+0000][578.456s][gc,heap     ] GC(153) Archive regions: 2->2
[2026-05-23T03:47:50.715+0000][578.456s][gc,heap     ] GC(153) Humongous regions: 1->1
[2026-05-23T03:47:50.715+0000][578.456s][gc,metaspace] GC(153) Metaspace: 38605K(39040K)->38605K(39040K) NonClass: 34331K(34560K)->34331K(34560K) Class: 4274K(4480K)->4274K(4480K)
[2026-05-23T03:47:50.715+0000][578.457s][gc          ] GC(153) Pause Young (Normal) (G1 Evacuation Pause) 5034M->4255M(21664M) 313.087ms
[2026-05-23T03:47:50.715+0000][578.457s][gc,cpu      ] GC(153) User=1.23s Sys=0.01s Real=0.31s
[2026-05-23T03:47:55.553+0000][583.294s][gc,start    ] GC(154) Pause Young (Normal) (G1 Evacuation Pause)
[2026-05-23T03:47:55.553+0000][583.294s][gc,task     ] GC(154) Using 4 workers of 4 for evacuation
[2026-05-23T03:47:55.843+0000][583.584s][gc,mmu      ] GC(154) MMU target violated: 201.0ms (200.0ms/201.0ms)
[2026-05-23T03:47:55.843+0000][583.584s][gc,phases   ] GC(154)   Pre Evacuate Collection Set: 0.11ms
[2026-05-23T03:47:55.843+0000][583.584s][gc,phases   ] GC(154)   Merge Heap Roots: 2.59ms
[2026-05-23T03:47:55.843+0000][583.584s][gc,phases   ] GC(154)   Evacuate Collection Set: 286.19ms
[2026-05-23T03:47:55.843+0000][583.584s][gc,phases   ] GC(154)   Post Evacuate Collection Set: 1.27ms
[2026-05-23T03:47:55.843+0000][583.584s][gc,phases   ] GC(154)   Other: 0.18ms
[2026-05-23T03:47:55.843+0000][583.584s][gc,heap     ] GC(154) Eden regions: 58->0(58)
[2026-05-23T03:47:55.843+0000][583.584s][gc,heap     ] GC(154) Survivor regions: 9->9(9)
[2026-05-23T03:47:55.843+0000][583.584s][gc,heap     ] GC(154) Old regions: 255->264
[2026-05-23T03:47:55.843+0000][583.584s][gc,heap     ] GC(154) Archive regions: 2->2
[2026-05-23T03:47:55.843+0000][583.584s][gc,heap     ] GC(154) Humongous regions: 1->1
[2026-05-23T03:47:55.843+0000][583.584s][gc,metaspace] GC(154) Metaspace: 38605K(39040K)->38605K(39040K) NonClass: 34331K(34560K)->34331K(34560K) Class: 4274K(4480K)->4274K(4480K)
[2026-05-23T03:47:55.843+0000][583.584s][gc          ] GC(154) Pause Young (Normal) (G1 Evacuation Pause) 5183M->4389M(21664M) 290.412ms
[2026-05-23T03:47:55.843+0000][583.584s][gc,cpu      ] GC(154) User=1.14s Sys=0.00s Real=0.29s
[2026-05-23T03:48:03.616+0000][591.357s][gc,start    ] GC(155) Pause Young (Normal) (G1 Evacuation Pause)
[2026-05-23T03:48:03.616+0000][591.357s][gc,task     ] GC(155) Using 4 workers of 4 for evacuation
[2026-05-23T03:48:03.846+0000][591.587s][gc,mmu      ] GC(155) MMU target violated: 201.0ms (200.0ms/201.0ms)
[2026-05-23T03:48:03.846+0000][591.587s][gc,phases   ] GC(155)   Pre Evacuate Collection Set: 0.12ms
[2026-05-23T03:48:03.846+0000][591.587s][gc,phases   ] GC(155)   Merge Heap Roots: 4.11ms
[2026-05-23T03:48:03.846+0000][591.587s][gc,phases   ] GC(155)   Evacuate Collection Set: 223.94ms
[2026-05-23T03:48:03.846+0000][591.587s][gc,phases   ] GC(155)   Post Evacuate Collection Set: 1.18ms
[2026-05-23T03:48:03.846+0000][591.587s][gc,phases   ] GC(155)   Other: 0.17ms
[2026-05-23T03:48:03.846+0000][591.587s][gc,heap     ] GC(155) Eden regions: 58->0(60)
[2026-05-23T03:48:03.846+0000][591.587s][gc,heap     ] GC(155) Survivor regions: 9->7(9)
[2026-05-23T03:48:03.846+0000][591.587s][gc,heap     ] GC(155) Old regions: 264->268
[2026-05-23T03:48:03.846+0000][591.587s][gc,heap     ] GC(155) Archive regions: 2->2
[2026-05-23T03:48:03.846+0000][591.587s][gc,heap     ] GC(155) Humongous regions: 1->1
[2026-05-23T03:48:03.846+0000][591.587s][gc,metaspace] GC(155) Metaspace: 38605K(39040K)->38605K(39040K) NonClass: 34331K(34560K)->34331K(34560K) Class: 4274K(4480K)->4274K(4480K)
[2026-05-23T03:48:03.846+0000][591.587s][gc          ] GC(155) Pause Young (Normal) (G1 Evacuation Pause) 5317M->4431M(21664M) 229.577ms
[2026-05-23T03:48:03.846+0000][591.587s][gc,cpu      ] GC(155) User=0.90s Sys=0.01s Real=0.23s
[2026-05-23T03:48:12.449+0000][600.190s][gc,start    ] GC(156) Pause Young (Normal) (G1 Evacuation Pause)
[2026-05-23T03:48:12.449+0000][600.190s][gc,task     ] GC(156) Using 4 workers of 4 for evacuation
[2026-05-23T03:48:12.673+0000][600.414s][gc,mmu      ] GC(156) MMU target violated: 201.0ms (200.0ms/201.0ms)
[2026-05-23T03:48:12.673+0000][600.414s][gc,phases   ] GC(156)   Pre Evacuate Collection Set: 0.12ms
[2026-05-23T03:48:12.673+0000][600.414s][gc,phases   ] GC(156)   Merge Heap Roots: 2.43ms
[2026-05-23T03:48:12.673+0000][600.414s][gc,phases   ] GC(156)   Evacuate Collection Set: 220.69ms
[2026-05-23T03:48:12.673+0000][600.414s][gc,phases   ] GC(156)   Post Evacuate Collection Set: 0.85ms
[2026-05-23T03:48:12.673+0000][600.414s][gc,phases   ] GC(156)   Other: 0.21ms
[2026-05-23T03:48:12.673+0000][600.414s][gc,heap     ] GC(156) Eden regions: 60->0(58)
[2026-05-23T03:48:12.673+0000][600.414s][gc,heap     ] GC(156) Survivor regions: 7->9(9)
[2026-05-23T03:48:12.673+0000][600.414s][gc,heap     ] GC(156) Old regions: 268->271
[2026-05-23T03:48:12.673+0000][600.414s][gc,heap     ] GC(156) Archive regions: 2->2
[2026-05-23T03:48:12.673+0000][600.414s][gc,heap     ] GC(156) Humongous regions: 1->1
[2026-05-23T03:48:12.673+0000][600.414s][gc,metaspace] GC(156) Metaspace: 38605K(39040K)->38605K(39040K) NonClass: 34331K(34560K)->34331K(34560K) Class: 4274K(4480K)->4274K(4480K)
[2026-05-23T03:48:12.673+0000][600.414s][gc          ] GC(156) Pause Young (Normal) (G1 Evacuation Pause) 5391M->4507M(21664M) 224.350ms
[2026-05-23T03:48:12.673+0000][600.414s][gc,cpu      ] GC(156) User=0.88s Sys=0.00s Real=0.22s
[2026-05-23T03:48:17.531+0000][605.272s][gc,start    ] GC(157) Pause Young (Normal) (G1 Evacuation Pause)
[2026-05-23T03:48:17.531+0000][605.272s][gc,task     ] GC(157) Using 4 workers of 4 for evacuation
[2026-05-23T03:48:17.705+0000][605.446s][gc,phases   ] GC(157)   Pre Evacuate Collection Set: 0.13ms
[2026-05-23T03:48:17.705+0000][605.446s][gc,phases   ] GC(157)   Merge Heap Roots: 0.93ms
[2026-05-23T03:48:17.705+0000][605.446s][gc,phases   ] GC(157)   Evacuate Collection Set: 171.65ms
[2026-05-23T03:48:17.705+0000][605.446s][gc,phases   ] GC(157)   Post Evacuate Collection Set: 0.70ms
[2026-05-23T03:48:17.705+0000][605.446s][gc,phases   ] GC(157)   Other: 0.12ms
[2026-05-23T03:48:17.705+0000][605.446s][gc,heap     ] GC(157) Eden regions: 58->0(61)
[2026-05-23T03:48:17.705+0000][605.446s][gc,heap     ] GC(157) Survivor regions: 9->6(9)
[2026-05-23T03:48:17.705+0000][605.446s][gc,heap     ] GC(157) Old regions: 271->278
[2026-05-23T03:48:17.705+0000][605.446s][gc,heap     ] GC(157) Archive regions: 2->2
[2026-05-23T03:48:17.705+0000][605.446s][gc,heap     ] GC(157) Humongous regions: 1->1
[2026-05-23T03:48:17.705+0000][605.446s][gc,metaspace] GC(157) Metaspace: 42122K(42624K)->42122K(42624K) NonClass: 37362K(37632K)->37362K(37632K) Class: 4759K(4992K)->4759K(4992K)
[2026-05-23T03:48:17.705+0000][605.446s][gc          ] GC(157) Pause Young (Normal) (G1 Evacuation Pause) 5435M->4564M(21664M) 173.605ms
[2026-05-23T03:48:17.705+0000][605.446s][gc,cpu      ] GC(157) User=0.68s Sys=0.00s Real=0.17s
[2026-05-23T03:48:24.148+0000][611.889s][gc,start    ] GC(158) Pause Young (Normal) (G1 Evacuation Pause)
[2026-05-23T03:48:24.148+0000][611.889s][gc,task     ] GC(158) Using 4 workers of 4 for evacuation
[2026-05-23T03:48:24.346+0000][612.087s][gc,phases   ] GC(158)   Pre Evacuate Collection Set: 0.12ms
[2026-05-23T03:48:24.346+0000][612.087s][gc,phases   ] GC(158)   Merge Heap Roots: 0.51ms
[2026-05-23T03:48:24.346+0000][612.087s][gc,phases   ] GC(158)   Evacuate Collection Set: 196.40ms
[2026-05-23T03:48:24.346+0000][612.087s][gc,phases   ] GC(158)   Post Evacuate Collection Set: 0.78ms
[2026-05-23T03:48:24.346+0000][612.087s][gc,phases   ] GC(158)   Other: 0.12ms
[2026-05-23T03:48:24.346+0000][612.087s][gc,heap     ] GC(158) Eden regions: 61->0(58)
[2026-05-23T03:48:24.346+0000][612.087s][gc,heap     ] GC(158) Survivor regions: 6->9(9)
[2026-05-23T03:48:24.346+0000][612.087s][gc,heap     ] GC(158) Old regions: 278->278
[2026-05-23T03:48:24.346+0000][612.087s][gc,heap     ] GC(158) Archive regions: 2->2
[2026-05-23T03:48:24.346+0000][612.087s][gc,heap     ] GC(158) Humongous regions: 1->1
[2026-05-23T03:48:24.346+0000][612.087s][gc,metaspace] GC(158) Metaspace: 42312K(42752K)->42312K(42752K) NonClass: 37529K(37760K)->37529K(37760K) Class: 4783K(4992K)->4783K(4992K)
[2026-05-23T03:48:24.346+0000][612.087s][gc          ] GC(158) Pause Young (Normal) (G1 Evacuation Pause) 5540M->4614M(21664M) 198.019ms
[2026-05-23T03:48:24.346+0000][612.087s][gc,cpu      ] GC(158) User=0.77s Sys=0.01s Real=0.20s
[2026-05-23T03:48:30.288+0000][618.030s][gc,start    ] GC(159) Pause Young (Normal) (G1 Evacuation Pause)
[2026-05-23T03:48:30.288+0000][618.030s][gc,task     ] GC(159) Using 4 workers of 4 for evacuation
[2026-05-23T03:48:30.518+0000][618.259s][gc,mmu      ] GC(159) MMU target violated: 201.0ms (200.0ms/201.0ms)
[2026-05-23T03:48:30.518+0000][618.259s][gc,phases   ] GC(159)   Pre Evacuate Collection Set: 0.12ms
[2026-05-23T03:48:30.518+0000][618.259s][gc,phases   ] GC(159)   Merge Heap Roots: 0.40ms
[2026-05-23T03:48:30.518+0000][618.259s][gc,phases   ] GC(159)   Evacuate Collection Set: 228.38ms
[2026-05-23T03:48:30.518+0000][618.259s][gc,phases   ] GC(159)   Post Evacuate Collection Set: 0.82ms
[2026-05-23T03:48:30.518+0000][618.259s][gc,phases   ] GC(159)   Other: 0.20ms
[2026-05-23T03:48:30.518+0000][618.259s][gc,heap     ] GC(159) Eden regions: 58->0(58)
[2026-05-23T03:48:30.518+0000][618.259s][gc,heap     ] GC(159) Survivor regions: 9->9(9)
[2026-05-23T03:48:30.518+0000][618.259s][gc,heap     ] GC(159) Old regions: 278->283
[2026-05-23T03:48:30.518+0000][618.259s][gc,heap     ] GC(159) Archive regions: 2->2
[2026-05-23T03:48:30.518+0000][618.259s][gc,heap     ] GC(159) Humongous regions: 1->1
[2026-05-23T03:48:30.518+0000][618.259s][gc,metaspace] GC(159) Metaspace: 42327K(42816K)->42327K(42816K) NonClass: 37542K(37760K)->37542K(37760K) Class: 4785K(5056K)->4785K(5056K)
[2026-05-23T03:48:30.518+0000][618.259s][gc          ] GC(159) Pause Young (Normal) (G1 Evacuation Pause) 5542M->4690M(21664M) 229.972ms
[2026-05-23T03:48:30.518+0000][618.259s][gc,cpu      ] GC(159) User=0.91s Sys=0.00s Real=0.23s
[2026-05-23T03:48:36.856+0000][624.597s][gc,start    ] GC(160) Pause Young (Normal) (G1 Evacuation Pause)
[2026-05-23T03:48:36.856+0000][624.597s][gc,task     ] GC(160) Using 4 workers of 4 for evacuation
[2026-05-23T03:48:37.019+0000][624.760s][gc,phases   ] GC(160)   Pre Evacuate Collection Set: 0.15ms
[2026-05-23T03:48:37.019+0000][624.760s][gc,phases   ] GC(160)   Merge Heap Roots: 0.54ms
[2026-05-23T03:48:37.019+0000][624.760s][gc,phases   ] GC(160)   Evacuate Collection Set: 161.75ms
[2026-05-23T03:48:37.019+0000][624.760s][gc,phases   ] GC(160)   Post Evacuate Collection Set: 0.53ms
[2026-05-23T03:48:37.019+0000][624.760s][gc,phases   ] GC(160)   Other: 0.12ms
[2026-05-23T03:48:37.019+0000][624.760s][gc,heap     ] GC(160) Eden regions: 58->0(58)
[2026-05-23T03:48:37.019+0000][624.760s][gc,heap     ] GC(160) Survivor regions: 9->9(9)
[2026-05-23T03:48:37.019+0000][624.760s][gc,heap     ] GC(160) Old regions: 283->284
[2026-05-23T03:48:37.019+0000][624.760s][gc,heap     ] GC(160) Archive regions: 2->2
[2026-05-23T03:48:37.019+0000][624.760s][gc,heap     ] GC(160) Humongous regions: 1->1
[2026-05-23T03:48:37.019+0000][624.760s][gc,metaspace] GC(160) Metaspace: 42332K(42816K)->42332K(42816K) NonClass: 37546K(37760K)->37546K(37760K) Class: 4786K(5056K)->4786K(5056K)
[2026-05-23T03:48:37.019+0000][624.760s][gc          ] GC(160) Pause Young (Normal) (G1 Evacuation Pause) 5618M->4719M(21664M) 163.174ms
[2026-05-23T03:48:37.019+0000][624.760s][gc,cpu      ] GC(160) User=0.64s Sys=0.00s Real=0.17s
[2026-05-23T03:48:42.071+0000][629.812s][gc,start    ] GC(161) Pause Young (Normal) (G1 Evacuation Pause)
[2026-05-23T03:48:42.071+0000][629.812s][gc,task     ] GC(161) Using 4 workers of 4 for evacuation
[2026-05-23T03:48:42.281+0000][630.022s][gc,mmu      ] GC(161) MMU target violated: 201.0ms (200.0ms/201.0ms)
[2026-05-23T03:48:42.281+0000][630.023s][gc,phases   ] GC(161)   Pre Evacuate Collection Set: 0.13ms
[2026-05-23T03:48:42.281+0000][630.023s][gc,phases   ] GC(161)   Merge Heap Roots: 0.23ms
[2026-05-23T03:48:42.281+0000][630.023s][gc,phases   ] GC(161)   Evacuate Collection Set: 209.29ms
[2026-05-23T03:48:42.281+0000][630.023s][gc,phases   ] GC(161)   Post Evacuate Collection Set: 0.47ms
[2026-05-23T03:48:42.281+0000][630.023s][gc,phases   ] GC(161)   Other: 0.16ms
[2026-05-23T03:48:42.281+0000][630.023s][gc,heap     ] GC(161) Eden regions: 58->0(58)
[2026-05-23T03:48:42.281+0000][630.023s][gc,heap     ] GC(161) Survivor regions: 9->9(9)
[2026-05-23T03:48:42.281+0000][630.023s][gc,heap     ] GC(161) Old regions: 284->287
[2026-05-23T03:48:42.281+0000][630.023s][gc,heap     ] GC(161) Archive regions: 2->2
[2026-05-23T03:48:42.281+0000][630.023s][gc,heap     ] GC(161) Humongous regions: 1->1
[2026-05-23T03:48:42.281+0000][630.023s][gc,metaspace] GC(161) Metaspace: 42339K(42880K)->42339K(42880K) NonClass: 37553K(37824K)->37553K(37824K) Class: 4786K(5056K)->4786K(5056K)
[2026-05-23T03:48:42.281+0000][630.023s][gc          ] GC(161) Pause Young (Normal) (G1 Evacuation Pause) 5647M->4758M(21664M) 210.329ms
[2026-05-23T03:48:42.282+0000][630.023s][gc,cpu      ] GC(161) User=0.83s Sys=0.00s Real=0.21s
[2026-05-23T03:48:47.214+0000][634.955s][gc,start    ] GC(162) Pause Young (Normal) (G1 Evacuation Pause)
[2026-05-23T03:48:47.214+0000][634.955s][gc,task     ] GC(162) Using 4 workers of 4 for evacuation
[2026-05-23T03:48:47.342+0000][635.083s][gc,phases   ] GC(162)   Pre Evacuate Collection Set: 0.17ms
[2026-05-23T03:48:47.342+0000][635.083s][gc,phases   ] GC(162)   Merge Heap Roots: 0.30ms
[2026-05-23T03:48:47.342+0000][635.083s][gc,phases   ] GC(162)   Evacuate Collection Set: 126.30ms
[2026-05-23T03:48:47.342+0000][635.083s][gc,phases   ] GC(162)   Post Evacuate Collection Set: 0.48ms
[2026-05-23T03:48:47.342+0000][635.083s][gc,phases   ] GC(162)   Other: 0.15ms
[2026-05-23T03:48:47.342+0000][635.083s][gc,heap     ] GC(162) Eden regions: 58->0(61)
[2026-05-23T03:48:47.342+0000][635.083s][gc,heap     ] GC(162) Survivor regions: 9->6(9)
[2026-05-23T03:48:47.342+0000][635.083s][gc,heap     ] GC(162) Old regions: 287->289
[2026-05-23T03:48:47.342+0000][635.083s][gc,heap     ] GC(162) Archive regions: 2->2
[2026-05-23T03:48:47.342+0000][635.083s][gc,heap     ] GC(162) Humongous regions: 1->1
[2026-05-23T03:48:47.342+0000][635.083s][gc,metaspace] GC(162) Metaspace: 42339K(42880K)->42339K(42880K) NonClass: 37553K(37824K)->37553K(37824K) Class: 4786K(5056K)->4786K(5056K)
[2026-05-23T03:48:47.342+0000][635.083s][gc          ] GC(162) Pause Young (Normal) (G1 Evacuation Pause) 5686M->4742M(21664M) 127.503ms
[2026-05-23T03:48:47.342+0000][635.083s][gc,cpu      ] GC(162) User=0.50s Sys=0.00s Real=0.13s
[2026-05-23T03:48:53.042+0000][640.784s][gc,start    ] GC(163) Pause Young (Normal) (G1 Evacuation Pause)
[2026-05-23T03:48:53.042+0000][640.784s][gc,task     ] GC(163) Using 4 workers of 4 for evacuation
[2026-05-23T03:48:53.246+0000][640.987s][gc,mmu      ] GC(163) MMU target violated: 201.0ms (200.0ms/201.0ms)
[2026-05-23T03:48:53.246+0000][640.987s][gc,phases   ] GC(163)   Pre Evacuate Collection Set: 0.15ms
[2026-05-23T03:48:53.246+0000][640.987s][gc,phases   ] GC(163)   Merge Heap Roots: 0.18ms
[2026-05-23T03:48:53.246+0000][640.987s][gc,phases   ] GC(163)   Evacuate Collection Set: 202.75ms
[2026-05-23T03:48:53.246+0000][640.987s][gc,phases   ] GC(163)   Post Evacuate Collection Set: 0.59ms
[2026-05-23T03:48:53.246+0000][640.987s][gc,phases   ] GC(163)   Other: 0.17ms
[2026-05-23T03:48:53.246+0000][640.987s][gc,heap     ] GC(163) Eden regions: 61->0(58)
[2026-05-23T03:48:53.246+0000][640.987s][gc,heap     ] GC(163) Survivor regions: 6->9(9)
[2026-05-23T03:48:53.246+0000][640.987s][gc,heap     ] GC(163) Old regions: 289->293
[2026-05-23T03:48:53.246+0000][640.987s][gc,heap     ] GC(163) Archive regions: 2->2
[2026-05-23T03:48:53.246+0000][640.987s][gc,heap     ] GC(163) Humongous regions: 1->1
[2026-05-23T03:48:53.246+0000][640.987s][gc,metaspace] GC(163) Metaspace: 42343K(42880K)->42343K(42880K) NonClass: 37556K(37824K)->37556K(37824K) Class: 4786K(5056K)->4786K(5056K)
[2026-05-23T03:48:53.246+0000][640.987s][gc          ] GC(163) Pause Young (Normal) (G1 Evacuation Pause) 5718M->4863M(21664M) 203.888ms
[2026-05-23T03:48:53.246+0000][640.987s][gc,cpu      ] GC(163) User=0.81s Sys=0.00s Real=0.20s
[2026-05-23T03:48:55.405+0000][643.146s][gc,start    ] GC(164) Pause Young (Normal) (G1 Evacuation Pause)
[2026-05-23T03:48:55.405+0000][643.146s][gc,task     ] GC(164) Using 4 workers of 4 for evacuation
[2026-05-23T03:48:55.696+0000][643.437s][gc,mmu      ] GC(164) MMU target violated: 201.0ms (200.0ms/201.0ms)
[2026-05-23T03:48:55.696+0000][643.437s][gc,phases   ] GC(164)   Pre Evacuate Collection Set: 0.12ms
[2026-05-23T03:48:55.696+0000][643.437s][gc,phases   ] GC(164)   Merge Heap Roots: 0.75ms
[2026-05-23T03:48:55.696+0000][643.437s][gc,phases   ] GC(164)   Evacuate Collection Set: 288.63ms
[2026-05-23T03:48:55.696+0000][643.437s][gc,phases   ] GC(164)   Post Evacuate Collection Set: 0.91ms
[2026-05-23T03:48:55.696+0000][643.437s][gc,phases   ] GC(164)   Other: 0.19ms
[2026-05-23T03:48:55.696+0000][643.437s][gc,heap     ] GC(164) Eden regions: 58->0(58)
[2026-05-23T03:48:55.696+0000][643.437s][gc,heap     ] GC(164) Survivor regions: 9->9(9)
[2026-05-23T03:48:55.696+0000][643.437s][gc,heap     ] GC(164) Old regions: 293->304
[2026-05-23T03:48:55.696+0000][643.437s][gc,heap     ] GC(164) Archive regions: 2->2
[2026-05-23T03:48:55.696+0000][643.437s][gc,heap     ] GC(164) Humongous regions: 1->1
[2026-05-23T03:48:55.696+0000][643.437s][gc,metaspace] GC(164) Metaspace: 42347K(42880K)->42347K(42880K) NonClass: 37560K(37824K)->37560K(37824K) Class: 4787K(5056K)->4787K(5056K)
[2026-05-23T03:48:55.696+0000][643.437s][gc          ] GC(164) Pause Young (Normal) (G1 Evacuation Pause) 5791M->5025M(21664M) 290.684ms
[2026-05-23T03:48:55.696+0000][643.437s][gc,cpu      ] GC(164) User=1.15s Sys=0.01s Real=0.29s
[2026-05-23T03:48:57.605+0000][645.346s][gc,start    ] GC(165) Pause Young (Normal) (G1 Evacuation Pause)
[2026-05-23T03:48:57.605+0000][645.346s][gc,task     ] GC(165) Using 4 workers of 4 for evacuation
[2026-05-23T03:48:57.864+0000][645.605s][gc,mmu      ] GC(165) MMU target violated: 201.0ms (200.0ms/201.0ms)
[2026-05-23T03:48:57.864+0000][645.605s][gc,phases   ] GC(165)   Pre Evacuate Collection Set: 0.16ms
[2026-05-23T03:48:57.864+0000][645.605s][gc,phases   ] GC(165)   Merge Heap Roots: 1.61ms
[2026-05-23T03:48:57.864+0000][645.605s][gc,phases   ] GC(165)   Evacuate Collection Set: 256.61ms
[2026-05-23T03:48:57.864+0000][645.605s][gc,phases   ] GC(165)   Post Evacuate Collection Set: 0.88ms
[2026-05-23T03:48:57.864+0000][645.605s][gc,phases   ] GC(165)   Other: 0.17ms
[2026-05-23T03:48:57.864+0000][645.605s][gc,heap     ] GC(165) Eden regions: 58->0(59)
[2026-05-23T03:48:57.864+0000][645.605s][gc,heap     ] GC(165) Survivor regions: 9->8(9)
[2026-05-23T03:48:57.864+0000][645.605s][gc,heap     ] GC(165) Old regions: 304->313
[2026-05-23T03:48:57.864+0000][645.605s][gc,heap     ] GC(165) Archive regions: 2->2
[2026-05-23T03:48:57.864+0000][645.605s][gc,heap     ] GC(165) Humongous regions: 1->1
[2026-05-23T03:48:57.864+0000][645.605s][gc,metaspace] GC(165) Metaspace: 42347K(42880K)->42347K(42880K) NonClass: 37560K(37824K)->37560K(37824K) Class: 4787K(5056K)->4787K(5056K)
[2026-05-23T03:48:57.864+0000][645.605s][gc          ] GC(165) Pause Young (Normal) (G1 Evacuation Pause) 5953M->5158M(21664M) 259.480ms
[2026-05-23T03:48:57.864+0000][645.605s][gc,cpu      ] GC(165) User=1.02s Sys=0.00s Real=0.26s
[2026-05-23T03:49:03.838+0000][651.579s][gc,start    ] GC(166) Pause Young (Normal) (G1 Evacuation Pause)
[2026-05-23T03:49:03.838+0000][651.579s][gc,task     ] GC(166) Using 4 workers of 4 for evacuation
[2026-05-23T03:49:04.066+0000][651.807s][gc,mmu      ] GC(166) MMU target violated: 201.0ms (200.0ms/201.0ms)
[2026-05-23T03:49:04.066+0000][651.807s][gc,phases   ] GC(166)   Pre Evacuate Collection Set: 0.15ms
[2026-05-23T03:49:04.066+0000][651.807s][gc,phases   ] GC(166)   Merge Heap Roots: 2.28ms
[2026-05-23T03:49:04.066+0000][651.807s][gc,phases   ] GC(166)   Evacuate Collection Set: 224.04ms
[2026-05-23T03:49:04.066+0000][651.807s][gc,phases   ] GC(166)   Post Evacuate Collection Set: 0.98ms
[2026-05-23T03:49:04.066+0000][651.807s][gc,phases   ] GC(166)   Other: 0.15ms
[2026-05-23T03:49:04.066+0000][651.807s][gc,heap     ] GC(166) Eden regions: 59->0(61)
[2026-05-23T03:49:04.066+0000][651.807s][gc,heap     ] GC(166) Survivor regions: 8->6(9)
[2026-05-23T03:49:04.066+0000][651.807s][gc,heap     ] GC(166) Old regions: 313->319
[2026-05-23T03:49:04.066+0000][651.807s][gc,heap     ] GC(166) Archive regions: 2->2
[2026-05-23T03:49:04.066+0000][651.807s][gc,heap     ] GC(166) Humongous regions: 1->1
[2026-05-23T03:49:04.066+0000][651.807s][gc,metaspace] GC(166) Metaspace: 42347K(42880K)->42347K(42880K) NonClass: 37560K(37824K)->37560K(37824K) Class: 4787K(5056K)->4787K(5056K)
[2026-05-23T03:49:04.066+0000][651.807s][gc          ] GC(166) Pause Young (Normal) (G1 Evacuation Pause) 6102M->5226M(21664M) 227.650ms
[2026-05-23T03:49:04.066+0000][651.807s][gc,cpu      ] GC(166) User=0.90s Sys=0.00s Real=0.23s
[2026-05-23T03:49:06.064+0000][653.805s][gc,start    ] GC(167) Pause Young (Normal) (G1 Evacuation Pause)
[2026-05-23T03:49:06.064+0000][653.805s][gc,task     ] GC(167) Using 4 workers of 4 for evacuation
[2026-05-23T03:49:06.338+0000][654.079s][gc,mmu      ] GC(167) MMU target violated: 201.0ms (200.0ms/201.0ms)
[2026-05-23T03:49:06.338+0000][654.079s][gc,phases   ] GC(167)   Pre Evacuate Collection Set: 0.12ms
[2026-05-23T03:49:06.338+0000][654.079s][gc,phases   ] GC(167)   Merge Heap Roots: 2.83ms
[2026-05-23T03:49:06.338+0000][654.079s][gc,phases   ] GC(167)   Evacuate Collection Set: 269.96ms
[2026-05-23T03:49:06.338+0000][654.079s][gc,phases   ] GC(167)   Post Evacuate Collection Set: 0.83ms
[2026-05-23T03:49:06.338+0000][654.079s][gc,phases   ] GC(167)   Other: 0.20ms
[2026-05-23T03:49:06.338+0000][654.079s][gc,heap     ] GC(167) Eden regions: 61->0(58)
[2026-05-23T03:49:06.338+0000][654.079s][gc,heap     ] GC(167) Survivor regions: 6->9(9)
[2026-05-23T03:49:06.338+0000][654.079s][gc,heap     ] GC(167) Old regions: 319->324
[2026-05-23T03:49:06.338+0000][654.079s][gc,heap     ] GC(167) Archive regions: 2->2
[2026-05-23T03:49:06.338+0000][654.079s][gc,heap     ] GC(167) Humongous regions: 1->1
[2026-05-23T03:49:06.338+0000][654.079s][gc,metaspace] GC(167) Metaspace: 42350K(42880K)->42350K(42880K) NonClass: 37563K(37824K)->37563K(37824K) Class: 4787K(5056K)->4787K(5056K)
[2026-05-23T03:49:06.338+0000][654.079s][gc          ] GC(167) Pause Young (Normal) (G1 Evacuation Pause) 6202M->5357M(21664M) 274.009ms
[2026-05-23T03:49:06.338+0000][654.079s][gc,cpu      ] GC(167) User=1.09s Sys=0.00s Real=0.27s
[2026-05-23T03:49:18.167+0000][665.908s][gc,start    ] GC(168) Pause Young (Normal) (G1 Evacuation Pause)
[2026-05-23T03:49:18.167+0000][665.908s][gc,task     ] GC(168) Using 4 workers of 4 for evacuation
[2026-05-23T03:49:18.315+0000][666.056s][gc,phases   ] GC(168)   Pre Evacuate Collection Set: 0.15ms
[2026-05-23T03:49:18.315+0000][666.056s][gc,phases   ] GC(168)   Merge Heap Roots: 5.53ms
[2026-05-23T03:49:18.315+0000][666.056s][gc,phases   ] GC(168)   Evacuate Collection Set: 140.80ms
[2026-05-23T03:49:18.315+0000][666.056s][gc,phases   ] GC(168)   Post Evacuate Collection Set: 1.15ms
[2026-05-23T03:49:18.315+0000][666.056s][gc,phases   ] GC(168)   Other: 0.14ms
[2026-05-23T03:49:18.315+0000][666.056s][gc,heap     ] GC(168) Eden regions: 58->0(64)
[2026-05-23T03:49:18.315+0000][666.056s][gc,heap     ] GC(168) Survivor regions: 9->3(9)
[2026-05-23T03:49:18.315+0000][666.056s][gc,heap     ] GC(168) Old regions: 324->327
[2026-05-23T03:49:18.315+0000][666.056s][gc,heap     ] GC(168) Archive regions: 2->2
[2026-05-23T03:49:18.315+0000][666.056s][gc,heap     ] GC(168) Humongous regions: 1->1
[2026-05-23T03:49:18.315+0000][666.056s][gc,metaspace] GC(168) Metaspace: 42350K(42880K)->42350K(42880K) NonClass: 37563K(37824K)->37563K(37824K) Class: 4787K(5056K)->4787K(5056K)
[2026-05-23T03:49:18.315+0000][666.056s][gc          ] GC(168) Pause Young (Normal) (G1 Evacuation Pause) 6285M->5299M(21664M) 147.876ms
[2026-05-23T03:49:18.315+0000][666.056s][gc,cpu      ] GC(168) User=0.58s Sys=0.00s Real=0.15s
[2026-05-23T03:49:24.670+0000][672.411s][gc,start    ] GC(169) Pause Young (Normal) (G1 Evacuation Pause)
[2026-05-23T03:49:24.670+0000][672.411s][gc,task     ] GC(169) Using 4 workers of 4 for evacuation
[2026-05-23T03:49:24.868+0000][672.609s][gc,phases   ] GC(169)   Pre Evacuate Collection Set: 0.18ms
[2026-05-23T03:49:24.868+0000][672.609s][gc,phases   ] GC(169)   Merge Heap Roots: 2.07ms
[2026-05-23T03:49:24.868+0000][672.609s][gc,phases   ] GC(169)   Evacuate Collection Set: 193.91ms
[2026-05-23T03:49:24.868+0000][672.609s][gc,phases   ] GC(169)   Post Evacuate Collection Set: 1.14ms
[2026-05-23T03:49:24.868+0000][672.609s][gc,phases   ] GC(169)   Other: 0.12ms
[2026-05-23T03:49:24.868+0000][672.609s][gc,heap     ] GC(169) Eden regions: 64->0(58)
[2026-05-23T03:49:24.868+0000][672.609s][gc,heap     ] GC(169) Survivor regions: 3->9(9)
[2026-05-23T03:49:24.868+0000][672.609s][gc,heap     ] GC(169) Old regions: 327->327
[2026-05-23T03:49:24.868+0000][672.609s][gc,heap     ] GC(169) Archive regions: 2->2
[2026-05-23T03:49:24.868+0000][672.609s][gc,heap     ] GC(169) Humongous regions: 1->1
[2026-05-23T03:49:24.868+0000][672.609s][gc,metaspace] GC(169) Metaspace: 42357K(42880K)->42357K(42880K) NonClass: 37570K(37824K)->37570K(37824K) Class: 4787K(5056K)->4787K(5056K)
[2026-05-23T03:49:24.868+0000][672.609s][gc          ] GC(169) Pause Young (Normal) (G1 Evacuation Pause) 6323M->5389M(21664M) 197.509ms
[2026-05-23T03:49:24.868+0000][672.609s][gc,cpu      ] GC(169) User=0.77s Sys=0.00s Real=0.19s
[2026-05-23T03:49:30.652+0000][678.393s][gc,start    ] GC(170) Pause Young (Normal) (G1 Evacuation Pause)
[2026-05-23T03:49:30.652+0000][678.393s][gc,task     ] GC(170) Using 4 workers of 4 for evacuation
[2026-05-23T03:49:30.808+0000][678.549s][gc,phases   ] GC(170)   Pre Evacuate Collection Set: 0.13ms
[2026-05-23T03:49:30.808+0000][678.549s][gc,phases   ] GC(170)   Merge Heap Roots: 2.21ms
[2026-05-23T03:49:30.808+0000][678.549s][gc,phases   ] GC(170)   Evacuate Collection Set: 153.01ms
[2026-05-23T03:49:30.808+0000][678.549s][gc,phases   ] GC(170)   Post Evacuate Collection Set: 0.48ms
[2026-05-23T03:49:30.808+0000][678.549s][gc,phases   ] GC(170)   Other: 0.13ms
[2026-05-23T03:49:30.808+0000][678.549s][gc,heap     ] GC(170) Eden regions: 58->0(63)
[2026-05-23T03:49:30.808+0000][678.549s][gc,heap     ] GC(170) Survivor regions: 9->4(9)
[2026-05-23T03:49:30.808+0000][678.549s][gc,heap     ] GC(170) Old regions: 327->330
[2026-05-23T03:49:30.808+0000][678.549s][gc,heap     ] GC(170) Archive regions: 2->2
[2026-05-23T03:49:30.808+0000][678.549s][gc,heap     ] GC(170) Humongous regions: 1->1
[2026-05-23T03:49:30.808+0000][678.549s][gc,metaspace] GC(170) Metaspace: 42360K(42880K)->42360K(42880K) NonClass: 37573K(37824K)->37573K(37824K) Class: 4787K(5056K)->4787K(5056K)
[2026-05-23T03:49:30.808+0000][678.549s][gc          ] GC(170) Pause Young (Normal) (G1 Evacuation Pause) 6317M->5369M(21664M) 156.067ms
[2026-05-23T03:49:30.808+0000][678.549s][gc,cpu      ] GC(170) User=0.61s Sys=0.00s Real=0.15s
[2026-05-23T03:49:33.291+0000][681.032s][gc,start    ] GC(171) Pause Young (Normal) (G1 Evacuation Pause)
[2026-05-23T03:49:33.291+0000][681.032s][gc,task     ] GC(171) Using 4 workers of 4 for evacuation
[2026-05-23T03:49:33.560+0000][681.302s][gc,mmu      ] GC(171) MMU target violated: 201.0ms (200.0ms/201.0ms)
[2026-05-23T03:49:33.561+0000][681.302s][gc,phases   ] GC(171)   Pre Evacuate Collection Set: 0.16ms
[2026-05-23T03:49:33.561+0000][681.302s][gc,phases   ] GC(171)   Merge Heap Roots: 0.23ms
[2026-05-23T03:49:33.561+0000][681.302s][gc,phases   ] GC(171)   Evacuate Collection Set: 268.08ms
[2026-05-23T03:49:33.561+0000][681.302s][gc,phases   ] GC(171)   Post Evacuate Collection Set: 0.71ms
[2026-05-23T03:49:33.561+0000][681.302s][gc,phases   ] GC(171)   Other: 0.18ms
[2026-05-23T03:49:33.561+0000][681.302s][gc,heap     ] GC(171) Eden regions: 63->0(58)
[2026-05-23T03:49:33.561+0000][681.302s][gc,heap     ] GC(171) Survivor regions: 4->9(9)
[2026-05-23T03:49:33.561+0000][681.302s][gc,heap     ] GC(171) Old regions: 330->337
[2026-05-23T03:49:33.561+0000][681.302s][gc,heap     ] GC(171) Archive regions: 2->2
[2026-05-23T03:49:33.561+0000][681.302s][gc,heap     ] GC(171) Humongous regions: 1->1
[2026-05-23T03:49:33.561+0000][681.302s][gc,metaspace] GC(171) Metaspace: 42360K(42880K)->42360K(42880K) NonClass: 37573K(37824K)->37573K(37824K) Class: 4787K(5056K)->4787K(5056K)
[2026-05-23T03:49:33.561+0000][681.302s][gc          ] GC(171) Pause Young (Normal) (G1 Evacuation Pause) 6377M->5564M(21664M) 269.412ms
[2026-05-23T03:49:33.561+0000][681.302s][gc,cpu      ] GC(171) User=1.06s Sys=0.01s Real=0.27s
[2026-05-23T03:49:41.970+0000][689.711s][gc,start    ] GC(172) Pause Young (Normal) (G1 Evacuation Pause)
[2026-05-23T03:49:41.970+0000][689.711s][gc,task     ] GC(172) Using 4 workers of 4 for evacuation
[2026-05-23T03:49:42.080+0000][689.821s][gc,phases   ] GC(172)   Pre Evacuate Collection Set: 0.13ms
[2026-05-23T03:49:42.080+0000][689.821s][gc,phases   ] GC(172)   Merge Heap Roots: 2.28ms
[2026-05-23T03:49:42.080+0000][689.821s][gc,phases   ] GC(172)   Evacuate Collection Set: 105.54ms
[2026-05-23T03:49:42.080+0000][689.821s][gc,phases   ] GC(172)   Post Evacuate Collection Set: 1.61ms
[2026-05-23T03:49:42.080+0000][689.821s][gc,phases   ] GC(172)   Other: 0.12ms
[2026-05-23T03:49:42.080+0000][689.821s][gc,heap     ] GC(172) Eden regions: 58->0(66)
[2026-05-23T03:49:42.080+0000][689.821s][gc,heap     ] GC(172) Survivor regions: 9->2(9)
[2026-05-23T03:49:42.080+0000][689.821s][gc,heap     ] GC(172) Old regions: 337->342
[2026-05-23T03:49:42.080+0000][689.821s][gc,heap     ] GC(172) Archive regions: 2->2
[2026-05-23T03:49:42.080+0000][689.821s][gc,heap     ] GC(172) Humongous regions: 1->1
[2026-05-23T03:49:42.080+0000][689.821s][gc,metaspace] GC(172) Metaspace: 42360K(42880K)->42360K(42880K) NonClass: 37573K(37824K)->37573K(37824K) Class: 4787K(5056K)->4787K(5056K)
[2026-05-23T03:49:42.080+0000][689.821s][gc          ] GC(172) Pause Young (Normal) (G1 Evacuation Pause) 6492M->5525M(21952M) 109.780ms
[2026-05-23T03:49:42.080+0000][689.821s][gc,cpu      ] GC(172) User=0.43s Sys=0.00s Real=0.11s
[2026-05-23T03:49:45.974+0000][693.715s][gc,start    ] GC(173) Pause Young (Normal) (G1 Evacuation Pause)
[2026-05-23T03:49:45.974+0000][693.715s][gc,task     ] GC(173) Using 4 workers of 4 for evacuation
[2026-05-23T03:49:46.138+0000][693.879s][gc,phases   ] GC(173)   Pre Evacuate Collection Set: 0.15ms
[2026-05-23T03:49:46.138+0000][693.879s][gc,phases   ] GC(173)   Merge Heap Roots: 1.08ms
[2026-05-23T03:49:46.138+0000][693.879s][gc,phases   ] GC(173)   Evacuate Collection Set: 161.62ms
[2026-05-23T03:49:46.138+0000][693.879s][gc,phases   ] GC(173)   Post Evacuate Collection Set: 0.95ms
[2026-05-23T03:49:46.138+0000][693.879s][gc,phases   ] GC(173)   Other: 0.15ms
[2026-05-23T03:49:46.138+0000][693.879s][gc,heap     ] GC(173) Eden regions: 66->0(62)
[2026-05-23T03:49:46.138+0000][693.879s][gc,heap     ] GC(173) Survivor regions: 2->6(9)
[2026-05-23T03:49:46.138+0000][693.879s][gc,heap     ] GC(173) Old regions: 342->342
[2026-05-23T03:49:46.138+0000][693.879s][gc,heap     ] GC(173) Archive regions: 2->2
[2026-05-23T03:49:46.138+0000][693.879s][gc,heap     ] GC(173) Humongous regions: 1->1
[2026-05-23T03:49:46.138+0000][693.879s][gc,metaspace] GC(173) Metaspace: 42361K(42880K)->42361K(42880K) NonClass: 37574K(37824K)->37574K(37824K) Class: 4787K(5056K)->4787K(5056K)
[2026-05-23T03:49:46.138+0000][693.879s][gc          ] GC(173) Pause Young (Normal) (G1 Evacuation Pause) 6581M->5590M(21952M) 164.046ms
[2026-05-23T03:49:46.138+0000][693.879s][gc,cpu      ] GC(173) User=0.64s Sys=0.00s Real=0.16s
[2026-05-23T03:49:52.063+0000][699.804s][gc,start    ] GC(174) Pause Young (Normal) (G1 Evacuation Pause)
[2026-05-23T03:49:52.063+0000][699.804s][gc,task     ] GC(174) Using 4 workers of 4 for evacuation
[2026-05-23T03:49:52.235+0000][699.976s][gc,phases   ] GC(174)   Pre Evacuate Collection Set: 0.12ms
[2026-05-23T03:49:52.235+0000][699.976s][gc,phases   ] GC(174)   Merge Heap Roots: 0.98ms
[2026-05-23T03:49:52.235+0000][699.976s][gc,phases   ] GC(174)   Evacuate Collection Set: 170.25ms
[2026-05-23T03:49:52.235+0000][699.976s][gc,phases   ] GC(174)   Post Evacuate Collection Set: 0.60ms
[2026-05-23T03:49:52.235+0000][699.976s][gc,phases   ] GC(174)   Other: 0.14ms
[2026-05-23T03:49:52.235+0000][699.976s][gc,heap     ] GC(174) Eden regions: 62->0(61)
[2026-05-23T03:49:52.235+0000][699.976s][gc,heap     ] GC(174) Survivor regions: 6->7(9)
[2026-05-23T03:49:52.235+0000][699.976s][gc,heap     ] GC(174) Old regions: 342->345
[2026-05-23T03:49:52.235+0000][699.976s][gc,heap     ] GC(174) Archive regions: 2->2
[2026-05-23T03:49:52.235+0000][699.976s][gc,heap     ] GC(174) Humongous regions: 1->1
[2026-05-23T03:49:52.235+0000][699.976s][gc,metaspace] GC(174) Metaspace: 42361K(42880K)->42361K(42880K) NonClass: 37574K(37824K)->37574K(37824K) Class: 4787K(5056K)->4787K(5056K)
[2026-05-23T03:49:52.235+0000][699.976s][gc          ] GC(174) Pause Young (Normal) (G1 Evacuation Pause) 6582M->5657M(21952M) 172.200ms
[2026-05-23T03:49:52.235+0000][699.976s][gc,cpu      ] GC(174) User=0.68s Sys=0.00s Real=0.17s
[2026-05-23T03:49:58.159+0000][705.900s][gc,start    ] GC(175) Pause Young (Normal) (G1 Evacuation Pause)
[2026-05-23T03:49:58.159+0000][705.900s][gc,task     ] GC(175) Using 4 workers of 4 for evacuation
[2026-05-23T03:49:58.279+0000][706.020s][gc,phases   ] GC(175)   Pre Evacuate Collection Set: 0.12ms
[2026-05-23T03:49:58.279+0000][706.020s][gc,phases   ] GC(175)   Merge Heap Roots: 0.39ms
[2026-05-23T03:49:58.279+0000][706.020s][gc,phases   ] GC(175)   Evacuate Collection Set: 118.69ms
[2026-05-23T03:49:58.279+0000][706.020s][gc,phases   ] GC(175)   Post Evacuate Collection Set: 0.51ms
[2026-05-23T03:49:58.279+0000][706.020s][gc,phases   ] GC(175)   Other: 0.10ms
[2026-05-23T03:49:58.279+0000][706.020s][gc,heap     ] GC(175) Eden regions: 61->0(60)
[2026-05-23T03:49:58.279+0000][706.020s][gc,heap     ] GC(175) Survivor regions: 7->8(9)
[2026-05-23T03:49:58.279+0000][706.020s][gc,heap     ] GC(175) Old regions: 345->347
[2026-05-23T03:49:58.279+0000][706.020s][gc,heap     ] GC(175) Archive regions: 2->2
[2026-05-23T03:49:58.279+0000][706.020s][gc,heap     ] GC(175) Humongous regions: 1->1
[2026-05-23T03:49:58.279+0000][706.020s][gc,metaspace] GC(175) Metaspace: 42367K(42880K)->42367K(42880K) NonClass: 37580K(37824K)->37580K(37824K) Class: 4787K(5056K)->4787K(5056K)
[2026-05-23T03:49:58.279+0000][706.020s][gc          ] GC(175) Pause Young (Normal) (G1 Evacuation Pause) 6633M->5686M(21952M) 119.942ms
[2026-05-23T03:49:58.279+0000][706.020s][gc,cpu      ] GC(175) User=0.46s Sys=0.00s Real=0.12s
[2026-05-23T03:50:03.544+0000][711.285s][gc,start    ] GC(176) Pause Young (Normal) (G1 Evacuation Pause)
[2026-05-23T03:50:03.544+0000][711.285s][gc,task     ] GC(176) Using 4 workers of 4 for evacuation
[2026-05-23T03:50:03.711+0000][711.452s][gc,phases   ] GC(176)   Pre Evacuate Collection Set: 0.12ms
[2026-05-23T03:50:03.711+0000][711.452s][gc,phases   ] GC(176)   Merge Heap Roots: 0.21ms
[2026-05-23T03:50:03.711+0000][711.452s][gc,phases   ] GC(176)   Evacuate Collection Set: 166.52ms
[2026-05-23T03:50:03.711+0000][711.452s][gc,phases   ] GC(176)   Post Evacuate Collection Set: 0.56ms
[2026-05-23T03:50:03.711+0000][711.452s][gc,phases   ] GC(176)   Other: 0.12ms
[2026-05-23T03:50:03.711+0000][711.452s][gc,heap     ] GC(176) Eden regions: 60->0(59)
[2026-05-23T03:50:03.711+0000][711.452s][gc,heap     ] GC(176) Survivor regions: 8->9(9)
[2026-05-23T03:50:03.711+0000][711.452s][gc,heap     ] GC(176) Old regions: 347->349
[2026-05-23T03:50:03.711+0000][711.452s][gc,heap     ] GC(176) Archive regions: 2->2
[2026-05-23T03:50:03.711+0000][711.452s][gc,heap     ] GC(176) Humongous regions: 1->1
[2026-05-23T03:50:03.711+0000][711.452s][gc,metaspace] GC(176) Metaspace: 42369K(42880K)->42369K(42880K) NonClass: 37582K(37824K)->37582K(37824K) Class: 4787K(5056K)->4787K(5056K)
[2026-05-23T03:50:03.711+0000][711.452s][gc          ] GC(176) Pause Young (Normal) (G1 Evacuation Pause) 6646M->5754M(21952M) 167.619ms
[2026-05-23T03:50:03.711+0000][711.452s][gc,cpu      ] GC(176) User=0.66s Sys=0.01s Real=0.17s
[2026-05-23T03:50:11.466+0000][719.207s][gc,start    ] GC(177) Pause Young (Normal) (G1 Evacuation Pause)
[2026-05-23T03:50:11.466+0000][719.207s][gc,task     ] GC(177) Using 4 workers of 4 for evacuation
[2026-05-23T03:50:11.620+0000][719.361s][gc,phases   ] GC(177)   Pre Evacuate Collection Set: 0.16ms
[2026-05-23T03:50:11.620+0000][719.361s][gc,phases   ] GC(177)   Merge Heap Roots: 0.49ms
[2026-05-23T03:50:11.620+0000][719.361s][gc,phases   ] GC(177)   Evacuate Collection Set: 152.65ms
[2026-05-23T03:50:11.620+0000][719.361s][gc,phases   ] GC(177)   Post Evacuate Collection Set: 0.66ms
[2026-05-23T03:50:11.620+0000][719.361s][gc,phases   ] GC(177)   Other: 0.10ms
[2026-05-23T03:50:11.620+0000][719.361s][gc,heap     ] GC(177) Eden regions: 59->0(59)
[2026-05-23T03:50:11.620+0000][719.361s][gc,heap     ] GC(177) Survivor regions: 9->9(9)
[2026-05-23T03:50:11.620+0000][719.361s][gc,heap     ] GC(177) Old regions: 349->352
[2026-05-23T03:50:11.620+0000][719.361s][gc,heap     ] GC(177) Archive regions: 2->2
[2026-05-23T03:50:11.620+0000][719.361s][gc,heap     ] GC(177) Humongous regions: 1->1
[2026-05-23T03:50:11.620+0000][719.361s][gc,metaspace] GC(177) Metaspace: 42369K(42880K)->42369K(42880K) NonClass: 37582K(37824K)->37582K(37824K) Class: 4787K(5056K)->4787K(5056K)
[2026-05-23T03:50:11.620+0000][719.362s][gc          ] GC(177) Pause Young (Normal) (G1 Evacuation Pause) 6698M->5785M(21952M) 154.181ms
[2026-05-23T03:50:11.620+0000][719.362s][gc,cpu      ] GC(177) User=0.61s Sys=0.00s Real=0.16s
[2026-05-23T03:50:16.731+0000][724.472s][gc,start    ] GC(178) Pause Young (Normal) (G1 Evacuation Pause)
[2026-05-23T03:50:16.731+0000][724.472s][gc,task     ] GC(178) Using 4 workers of 4 for evacuation
[2026-05-23T03:50:16.916+0000][724.657s][gc,phases   ] GC(178)   Pre Evacuate Collection Set: 0.12ms
[2026-05-23T03:50:16.916+0000][724.657s][gc,phases   ] GC(178)   Merge Heap Roots: 0.38ms
[2026-05-23T03:50:16.916+0000][724.657s][gc,phases   ] GC(178)   Evacuate Collection Set: 183.70ms
[2026-05-23T03:50:16.916+0000][724.657s][gc,phases   ] GC(178)   Post Evacuate Collection Set: 0.64ms
[2026-05-23T03:50:16.916+0000][724.657s][gc,phases   ] GC(178)   Other: 0.11ms
[2026-05-23T03:50:16.916+0000][724.657s][gc,heap     ] GC(178) Eden regions: 59->0(59)
[2026-05-23T03:50:16.916+0000][724.657s][gc,heap     ] GC(178) Survivor regions: 9->9(9)
[2026-05-23T03:50:16.916+0000][724.657s][gc,heap     ] GC(178) Old regions: 352->354
[2026-05-23T03:50:16.916+0000][724.657s][gc,heap     ] GC(178) Archive regions: 2->2
[2026-05-23T03:50:16.916+0000][724.657s][gc,heap     ] GC(178) Humongous regions: 1->1
[2026-05-23T03:50:16.916+0000][724.657s][gc,metaspace] GC(178) Metaspace: 42369K(42880K)->42369K(42880K) NonClass: 37582K(37824K)->37582K(37824K) Class: 4787K(5056K)->4787K(5056K)
[2026-05-23T03:50:16.916+0000][724.657s][gc          ] GC(178) Pause Young (Normal) (G1 Evacuation Pause) 6729M->5838M(21952M) 185.039ms
[2026-05-23T03:50:16.916+0000][724.657s][gc,cpu      ] GC(178) User=0.73s Sys=0.00s Real=0.18s
[2026-05-23T03:50:18.944+0000][726.685s][gc,start    ] GC(179) Pause Young (Normal) (G1 Evacuation Pause)
[2026-05-23T03:50:18.944+0000][726.685s][gc,task     ] GC(179) Using 4 workers of 4 for evacuation
[2026-05-23T03:50:19.269+0000][727.011s][gc,mmu      ] GC(179) MMU target violated: 201.0ms (200.0ms/201.0ms)
[2026-05-23T03:50:19.270+0000][727.011s][gc,phases   ] GC(179)   Pre Evacuate Collection Set: 0.16ms
[2026-05-23T03:50:19.270+0000][727.011s][gc,phases   ] GC(179)   Merge Heap Roots: 0.67ms
[2026-05-23T03:50:19.270+0000][727.011s][gc,phases   ] GC(179)   Evacuate Collection Set: 323.75ms
[2026-05-23T03:50:19.270+0000][727.011s][gc,phases   ] GC(179)   Post Evacuate Collection Set: 1.05ms
[2026-05-23T03:50:19.270+0000][727.011s][gc,phases   ] GC(179)   Other: 0.20ms
[2026-05-23T03:50:19.270+0000][727.011s][gc,heap     ] GC(179) Eden regions: 59->0(59)
[2026-05-23T03:50:19.270+0000][727.011s][gc,heap     ] GC(179) Survivor regions: 9->9(9)
[2026-05-23T03:50:19.270+0000][727.011s][gc,heap     ] GC(179) Old regions: 354->365
[2026-05-23T03:50:19.270+0000][727.011s][gc,heap     ] GC(179) Archive regions: 2->2
[2026-05-23T03:50:19.270+0000][727.011s][gc,heap     ] GC(179) Humongous regions: 1->1
[2026-05-23T03:50:19.270+0000][727.011s][gc,metaspace] GC(179) Metaspace: 42370K(42880K)->42370K(42880K) NonClass: 37583K(37824K)->37583K(37824K) Class: 4787K(5056K)->4787K(5056K)
[2026-05-23T03:50:19.270+0000][727.011s][gc          ] GC(179) Pause Young (Normal) (G1 Evacuation Pause) 6782M->6005M(21952M) 325.913ms
[2026-05-23T03:50:19.270+0000][727.011s][gc,cpu      ] GC(179) User=1.28s Sys=0.00s Real=0.33s
[2026-05-23T03:50:21.069+0000][728.810s][gc,start    ] GC(180) Pause Young (Normal) (G1 Evacuation Pause)
[2026-05-23T03:50:21.069+0000][728.810s][gc,task     ] GC(180) Using 4 workers of 4 for evacuation
[2026-05-23T03:50:21.344+0000][729.085s][gc,mmu      ] GC(180) MMU target violated: 201.0ms (200.0ms/201.0ms)
[2026-05-23T03:50:21.344+0000][729.085s][gc,phases   ] GC(180)   Pre Evacuate Collection Set: 0.13ms
[2026-05-23T03:50:21.344+0000][729.085s][gc,phases   ] GC(180)   Merge Heap Roots: 2.22ms
[2026-05-23T03:50:21.344+0000][729.085s][gc,phases   ] GC(180)   Evacuate Collection Set: 271.86ms
[2026-05-23T03:50:21.344+0000][729.085s][gc,phases   ] GC(180)   Post Evacuate Collection Set: 0.89ms
[2026-05-23T03:50:21.344+0000][729.085s][gc,phases   ] GC(180)   Other: 0.18ms
[2026-05-23T03:50:21.344+0000][729.085s][gc,heap     ] GC(180) Eden regions: 59->0(60)
[2026-05-23T03:50:21.344+0000][729.085s][gc,heap     ] GC(180) Survivor regions: 9->8(9)
[2026-05-23T03:50:21.344+0000][729.085s][gc,heap     ] GC(180) Old regions: 365->375
[2026-05-23T03:50:21.344+0000][729.085s][gc,heap     ] GC(180) Archive regions: 2->2
[2026-05-23T03:50:21.344+0000][729.085s][gc,heap     ] GC(180) Humongous regions: 1->1
[2026-05-23T03:50:21.344+0000][729.085s][gc,metaspace] GC(180) Metaspace: 42370K(42880K)->42370K(42880K) NonClass: 37583K(37824K)->37583K(37824K) Class: 4787K(5056K)->4787K(5056K)
[2026-05-23T03:50:21.344+0000][729.085s][gc          ] GC(180) Pause Young (Normal) (G1 Evacuation Pause) 6949M->6148M(21952M) 275.335ms
[2026-05-23T03:50:21.344+0000][729.085s][gc,cpu      ] GC(180) User=1.08s Sys=0.00s Real=0.27s
[2026-05-23T03:50:23.104+0000][730.845s][gc,start    ] GC(181) Pause Young (Normal) (G1 Evacuation Pause)
[2026-05-23T03:50:23.104+0000][730.845s][gc,task     ] GC(181) Using 4 workers of 4 for evacuation
[2026-05-23T03:50:23.347+0000][731.089s][gc,mmu      ] GC(181) MMU target violated: 201.0ms (200.0ms/201.0ms)
[2026-05-23T03:50:23.348+0000][731.089s][gc,phases   ] GC(181)   Pre Evacuate Collection Set: 0.11ms
[2026-05-23T03:50:23.348+0000][731.089s][gc,phases   ] GC(181)   Merge Heap Roots: 2.00ms
[2026-05-23T03:50:23.348+0000][731.089s][gc,phases   ] GC(181)   Evacuate Collection Set: 240.61ms
[2026-05-23T03:50:23.348+0000][731.089s][gc,phases   ] GC(181)   Post Evacuate Collection Set: 0.86ms
[2026-05-23T03:50:23.348+0000][731.089s][gc,phases   ] GC(181)   Other: 0.16ms
[2026-05-23T03:50:23.348+0000][731.089s][gc,heap     ] GC(181) Eden regions: 60->0(61)
[2026-05-23T03:50:23.348+0000][731.089s][gc,heap     ] GC(181) Survivor regions: 8->7(9)
[2026-05-23T03:50:23.348+0000][731.089s][gc,heap     ] GC(181) Old regions: 375->382
[2026-05-23T03:50:23.348+0000][731.089s][gc,heap     ] GC(181) Archive regions: 2->2
[2026-05-23T03:50:23.348+0000][731.089s][gc,heap     ] GC(181) Humongous regions: 1->1
[2026-05-23T03:50:23.348+0000][731.089s][gc,metaspace] GC(181) Metaspace: 42370K(42880K)->42370K(42880K) NonClass: 37583K(37824K)->37583K(37824K) Class: 4787K(5056K)->4787K(5056K)
[2026-05-23T03:50:23.348+0000][731.089s][gc          ] GC(181) Pause Young (Normal) (G1 Evacuation Pause) 7108M->6254M(21952M) 243.814ms
[2026-05-23T03:50:23.348+0000][731.089s][gc,cpu      ] GC(181) User=0.97s Sys=0.00s Real=0.24s
[2026-05-23T03:50:25.024+0000][732.765s][gc,start    ] GC(182) Pause Young (Normal) (G1 Evacuation Pause)
[2026-05-23T03:50:25.024+0000][732.765s][gc,task     ] GC(182) Using 4 workers of 4 for evacuation
[2026-05-23T03:50:25.244+0000][732.985s][gc,mmu      ] GC(182) MMU target violated: 201.0ms (200.0ms/201.0ms)
[2026-05-23T03:50:25.244+0000][732.985s][gc,phases   ] GC(182)   Pre Evacuate Collection Set: 0.12ms
[2026-05-23T03:50:25.244+0000][732.985s][gc,phases   ] GC(182)   Merge Heap Roots: 1.92ms
[2026-05-23T03:50:25.244+0000][732.985s][gc,phases   ] GC(182)   Evacuate Collection Set: 216.95ms
[2026-05-23T03:50:25.244+0000][732.985s][gc,phases   ] GC(182)   Post Evacuate Collection Set: 0.89ms
[2026-05-23T03:50:25.244+0000][732.985s][gc,phases   ] GC(182)   Other: 0.16ms
[2026-05-23T03:50:25.244+0000][732.985s][gc,heap     ] GC(182) Eden regions: 61->0(62)
[2026-05-23T03:50:25.244+0000][732.985s][gc,heap     ] GC(182) Survivor regions: 7->6(9)
[2026-05-23T03:50:25.244+0000][732.985s][gc,heap     ] GC(182) Old regions: 382->389
[2026-05-23T03:50:25.244+0000][732.985s][gc,heap     ] GC(182) Archive regions: 2->2
[2026-05-23T03:50:25.244+0000][732.985s][gc,heap     ] GC(182) Humongous regions: 1->1
[2026-05-23T03:50:25.244+0000][732.985s][gc,metaspace] GC(182) Metaspace: 42370K(42880K)->42370K(42880K) NonClass: 37583K(37824K)->37583K(37824K) Class: 4787K(5056K)->4787K(5056K)
[2026-05-23T03:50:25.244+0000][732.985s][gc          ] GC(182) Pause Young (Normal) (G1 Evacuation Pause) 7230M->6348M(21952M) 220.102ms
[2026-05-23T03:50:25.244+0000][732.985s][gc,cpu      ] GC(182) User=0.87s Sys=0.00s Real=0.22s
[2026-05-23T03:50:26.915+0000][734.656s][gc,start    ] GC(183) Pause Young (Normal) (G1 Evacuation Pause)
[2026-05-23T03:50:26.915+0000][734.656s][gc,task     ] GC(183) Using 4 workers of 4 for evacuation
[2026-05-23T03:50:27.117+0000][734.858s][gc,mmu      ] GC(183) MMU target violated: 201.0ms (200.0ms/201.0ms)
[2026-05-23T03:50:27.117+0000][734.858s][gc,phases   ] GC(183)   Pre Evacuate Collection Set: 0.12ms
[2026-05-23T03:50:27.117+0000][734.858s][gc,phases   ] GC(183)   Merge Heap Roots: 1.72ms
[2026-05-23T03:50:27.117+0000][734.858s][gc,phases   ] GC(183)   Evacuate Collection Set: 198.55ms
[2026-05-23T03:50:27.117+0000][734.858s][gc,phases   ] GC(183)   Post Evacuate Collection Set: 1.74ms
[2026-05-23T03:50:27.117+0000][734.858s][gc,phases   ] GC(183)   Other: 0.16ms
[2026-05-23T03:50:27.117+0000][734.858s][gc,heap     ] GC(183) Eden regions: 62->0(63)
[2026-05-23T03:50:27.117+0000][734.858s][gc,heap     ] GC(183) Survivor regions: 6->6(9)
[2026-05-23T03:50:27.117+0000][734.858s][gc,heap     ] GC(183) Old regions: 389->395
[2026-05-23T03:50:27.117+0000][734.858s][gc,heap     ] GC(183) Archive regions: 2->2
[2026-05-23T03:50:27.117+0000][734.858s][gc,heap     ] GC(183) Humongous regions: 2->2
[2026-05-23T03:50:27.117+0000][734.858s][gc,metaspace] GC(183) Metaspace: 42372K(42880K)->42372K(42880K) NonClass: 37585K(37824K)->37585K(37824K) Class: 4787K(5056K)->4787K(5056K)
[2026-05-23T03:50:27.117+0000][734.858s][gc          ] GC(183) Pause Young (Normal) (G1 Evacuation Pause) 7356M->6461M(22304M) 202.338ms
[2026-05-23T03:50:27.117+0000][734.858s][gc,cpu      ] GC(183) User=0.80s Sys=0.00s Real=0.20s
[2026-05-23T03:50:42.213+0000][749.954s][gc,start    ] GC(184) Pause Young (Normal) (G1 Evacuation Pause)
[2026-05-23T03:50:42.213+0000][749.954s][gc,task     ] GC(184) Using 4 workers of 4 for evacuation
[2026-05-23T03:50:42.469+0000][750.210s][gc,mmu      ] GC(184) MMU target violated: 201.0ms (200.0ms/201.0ms)
[2026-05-23T03:50:42.469+0000][750.210s][gc,phases   ] GC(184)   Pre Evacuate Collection Set: 0.15ms
[2026-05-23T03:50:42.469+0000][750.210s][gc,phases   ] GC(184)   Merge Heap Roots: 4.81ms
[2026-05-23T03:50:42.469+0000][750.210s][gc,phases   ] GC(184)   Evacuate Collection Set: 249.57ms
[2026-05-23T03:50:42.469+0000][750.210s][gc,phases   ] GC(184)   Post Evacuate Collection Set: 1.59ms
[2026-05-23T03:50:42.469+0000][750.210s][gc,phases   ] GC(184)   Other: 0.18ms
[2026-05-23T03:50:42.469+0000][750.210s][gc,heap     ] GC(184) Eden regions: 63->0(63)
[2026-05-23T03:50:42.469+0000][750.210s][gc,heap     ] GC(184) Survivor regions: 6->6(9)
[2026-05-23T03:50:42.469+0000][750.210s][gc,heap     ] GC(184) Old regions: 395->397
[2026-05-23T03:50:42.469+0000][750.210s][gc,heap     ] GC(184) Archive regions: 2->2
[2026-05-23T03:50:42.469+0000][750.210s][gc,heap     ] GC(184) Humongous regions: 2->2
[2026-05-23T03:50:42.469+0000][750.210s][gc,metaspace] GC(184) Metaspace: 42372K(42880K)->42372K(42880K) NonClass: 37585K(37824K)->37585K(37824K) Class: 4787K(5056K)->4787K(5056K)
[2026-05-23T03:50:42.469+0000][750.210s][gc          ] GC(184) Pause Young (Normal) (G1 Evacuation Pause) 7469M->6492M(22304M) 256.359ms
[2026-05-23T03:50:42.469+0000][750.210s][gc,cpu      ] GC(184) User=1.01s Sys=0.00s Real=0.26s
[2026-05-23T03:50:45.466+0000][753.207s][gc,start    ] GC(185) Pause Young (Normal) (G1 Evacuation Pause)
[2026-05-23T03:50:45.466+0000][753.207s][gc,task     ] GC(185) Using 4 workers of 4 for evacuation
[2026-05-23T03:50:45.803+0000][753.544s][gc,mmu      ] GC(185) MMU target violated: 201.0ms (200.0ms/201.0ms)
[2026-05-23T03:50:45.803+0000][753.544s][gc,phases   ] GC(185)   Pre Evacuate Collection Set: 0.12ms
[2026-05-23T03:50:45.803+0000][753.544s][gc,phases   ] GC(185)   Merge Heap Roots: 4.00ms
[2026-05-23T03:50:45.803+0000][753.544s][gc,phases   ] GC(185)   Evacuate Collection Set: 332.68ms
[2026-05-23T03:50:45.803+0000][753.544s][gc,phases   ] GC(185)   Post Evacuate Collection Set: 0.56ms
[2026-05-23T03:50:45.803+0000][753.544s][gc,phases   ] GC(185)   Other: 0.21ms
[2026-05-23T03:50:45.803+0000][753.544s][gc,heap     ] GC(185) Eden regions: 63->0(60)
[2026-05-23T03:50:45.803+0000][753.544s][gc,heap     ] GC(185) Survivor regions: 6->9(9)
[2026-05-23T03:50:45.803+0000][753.544s][gc,heap     ] GC(185) Old regions: 397->402
[2026-05-23T03:50:45.803+0000][753.544s][gc,heap     ] GC(185) Archive regions: 2->2
[2026-05-23T03:50:45.803+0000][753.544s][gc,heap     ] GC(185) Humongous regions: 2->2
[2026-05-23T03:50:45.803+0000][753.544s][gc,metaspace] GC(185) Metaspace: 42372K(42880K)->42372K(42880K) NonClass: 37585K(37824K)->37585K(37824K) Class: 4787K(5056K)->4787K(5056K)
[2026-05-23T03:50:45.803+0000][753.544s][gc          ] GC(185) Pause Young (Normal) (G1 Evacuation Pause) 7500M->6609M(22304M) 337.606ms
[2026-05-23T03:50:45.803+0000][753.544s][gc,cpu      ] GC(185) User=1.33s Sys=0.00s Real=0.34s
[2026-05-23T03:50:53.543+0000][761.284s][gc,start    ] GC(186) Pause Young (Normal) (G1 Evacuation Pause)
[2026-05-23T03:50:53.543+0000][761.284s][gc,task     ] GC(186) Using 4 workers of 4 for evacuation
[2026-05-23T03:50:53.635+0000][761.376s][gc,phases   ] GC(186)   Pre Evacuate Collection Set: 0.12ms
[2026-05-23T03:50:53.635+0000][761.376s][gc,phases   ] GC(186)   Merge Heap Roots: 0.47ms
[2026-05-23T03:50:53.635+0000][761.376s][gc,phases   ] GC(186)   Evacuate Collection Set: 91.02ms
[2026-05-23T03:50:53.635+0000][761.376s][gc,phases   ] GC(186)   Post Evacuate Collection Set: 0.51ms
[2026-05-23T03:50:53.635+0000][761.376s][gc,phases   ] GC(186)   Other: 0.13ms
[2026-05-23T03:50:53.635+0000][761.376s][gc,heap     ] GC(186) Eden regions: 60->0(65)
[2026-05-23T03:50:53.635+0000][761.376s][gc,heap     ] GC(186) Survivor regions: 9->4(9)
[2026-05-23T03:50:53.635+0000][761.376s][gc,heap     ] GC(186) Old regions: 402->404
[2026-05-23T03:50:53.635+0000][761.376s][gc,heap     ] GC(186) Archive regions: 2->2
[2026-05-23T03:50:53.635+0000][761.376s][gc,heap     ] GC(186) Humongous regions: 2->2
[2026-05-23T03:50:53.635+0000][761.376s][gc,metaspace] GC(186) Metaspace: 42372K(42880K)->42372K(42880K) NonClass: 37585K(37824K)->37585K(37824K) Class: 4787K(5056K)->4787K(5056K)
[2026-05-23T03:50:53.635+0000][761.376s][gc          ] GC(186) Pause Young (Normal) (G1 Evacuation Pause) 7569M->6553M(22304M) 92.344ms
[2026-05-23T03:50:53.635+0000][761.376s][gc,cpu      ] GC(186) User=0.36s Sys=0.00s Real=0.09s
[2026-05-23T03:50:58.017+0000][765.758s][gc,start    ] GC(187) Pause Young (Normal) (G1 Evacuation Pause)
[2026-05-23T03:50:58.017+0000][765.758s][gc,task     ] GC(187) Using 4 workers of 4 for evacuation
[2026-05-23T03:50:58.195+0000][765.936s][gc,phases   ] GC(187)   Pre Evacuate Collection Set: 0.11ms
[2026-05-23T03:50:58.195+0000][765.936s][gc,phases   ] GC(187)   Merge Heap Roots: 0.38ms
[2026-05-23T03:50:58.195+0000][765.936s][gc,phases   ] GC(187)   Evacuate Collection Set: 176.98ms
[2026-05-23T03:50:58.195+0000][765.936s][gc,phases   ] GC(187)   Post Evacuate Collection Set: 0.53ms
[2026-05-23T03:50:58.195+0000][765.936s][gc,phases   ] GC(187)   Other: 0.10ms
[2026-05-23T03:50:58.195+0000][765.936s][gc,heap     ] GC(187) Eden regions: 65->0(61)
[2026-05-23T03:50:58.195+0000][765.936s][gc,heap     ] GC(187) Survivor regions: 4->8(9)
[2026-05-23T03:50:58.195+0000][765.936s][gc,heap     ] GC(187) Old regions: 404->404
[2026-05-23T03:50:58.195+0000][765.936s][gc,heap     ] GC(187) Archive regions: 2->2
[2026-05-23T03:50:58.195+0000][765.936s][gc,heap     ] GC(187) Humongous regions: 2->2
[2026-05-23T03:50:58.195+0000][765.936s][gc,metaspace] GC(187) Metaspace: 42372K(42880K)->42372K(42880K) NonClass: 37585K(37824K)->37585K(37824K) Class: 4787K(5056K)->4787K(5056K)
[2026-05-23T03:50:58.195+0000][765.936s][gc          ] GC(187) Pause Young (Normal) (G1 Evacuation Pause) 7593M->6620M(22304M) 178.205ms
[2026-05-23T03:50:58.195+0000][765.936s][gc,cpu      ] GC(187) User=0.70s Sys=0.00s Real=0.18s
[2026-05-23T03:51:04.995+0000][772.736s][gc,start    ] GC(188) Pause Young (Normal) (G1 Evacuation Pause)
[2026-05-23T03:51:04.995+0000][772.736s][gc,task     ] GC(188) Using 4 workers of 4 for evacuation
[2026-05-23T03:51:05.109+0000][772.850s][gc,phases   ] GC(188)   Pre Evacuate Collection Set: 0.16ms
[2026-05-23T03:51:05.109+0000][772.850s][gc,phases   ] GC(188)   Merge Heap Roots: 0.38ms
[2026-05-23T03:51:05.109+0000][772.850s][gc,phases   ] GC(188)   Evacuate Collection Set: 113.32ms
[2026-05-23T03:51:05.109+0000][772.850s][gc,phases   ] GC(188)   Post Evacuate Collection Set: 0.47ms
[2026-05-23T03:51:05.109+0000][772.850s][gc,phases   ] GC(188)   Other: 0.13ms
[2026-05-23T03:51:05.109+0000][772.850s][gc,heap     ] GC(188) Eden regions: 61->0(63)
[2026-05-23T03:51:05.109+0000][772.850s][gc,heap     ] GC(188) Survivor regions: 8->6(9)
[2026-05-23T03:51:05.109+0000][772.850s][gc,heap     ] GC(188) Old regions: 404->407
[2026-05-23T03:51:05.109+0000][772.850s][gc,heap     ] GC(188) Archive regions: 2->2
[2026-05-23T03:51:05.109+0000][772.850s][gc,heap     ] GC(188) Humongous regions: 2->2
[2026-05-23T03:51:05.109+0000][772.850s][gc,metaspace] GC(188) Metaspace: 42372K(42880K)->42372K(42880K) NonClass: 37585K(37824K)->37585K(37824K) Class: 4787K(5056K)->4787K(5056K)
[2026-05-23T03:51:05.109+0000][772.850s][gc          ] GC(188) Pause Young (Normal) (G1 Evacuation Pause) 7596M->6646M(22304M) 114.579ms
[2026-05-23T03:51:05.109+0000][772.850s][gc,cpu      ] GC(188) User=0.44s Sys=0.00s Real=0.12s
[2026-05-23T03:51:11.392+0000][779.133s][gc,start    ] GC(189) Pause Young (Normal) (G1 Evacuation Pause)
[2026-05-23T03:51:11.392+0000][779.133s][gc,task     ] GC(189) Using 4 workers of 4 for evacuation
[2026-05-23T03:51:11.481+0000][779.222s][gc,phases   ] GC(189)   Pre Evacuate Collection Set: 0.17ms
[2026-05-23T03:51:11.481+0000][779.222s][gc,phases   ] GC(189)   Merge Heap Roots: 0.27ms
[2026-05-23T03:51:11.481+0000][779.222s][gc,phases   ] GC(189)   Evacuate Collection Set: 87.77ms
[2026-05-23T03:51:11.481+0000][779.222s][gc,phases   ] GC(189)   Post Evacuate Collection Set: 0.50ms
[2026-05-23T03:51:11.481+0000][779.222s][gc,phases   ] GC(189)   Other: 0.11ms
[2026-05-23T03:51:11.481+0000][779.222s][gc,heap     ] GC(189) Eden regions: 63->0(63)
[2026-05-23T03:51:11.481+0000][779.222s][gc,heap     ] GC(189) Survivor regions: 6->6(9)
[2026-05-23T03:51:11.481+0000][779.222s][gc,heap     ] GC(189) Old regions: 407->407
[2026-05-23T03:51:11.481+0000][779.222s][gc,heap     ] GC(189) Archive regions: 2->2
[2026-05-23T03:51:11.481+0000][779.222s][gc,heap     ] GC(189) Humongous regions: 2->2
[2026-05-23T03:51:11.481+0000][779.222s][gc,metaspace] GC(189) Metaspace: 42372K(42880K)->42372K(42880K) NonClass: 37585K(37824K)->37585K(37824K) Class: 4787K(5056K)->4787K(5056K)
[2026-05-23T03:51:11.481+0000][779.222s][gc          ] GC(189) Pause Young (Normal) (G1 Evacuation Pause) 7654M->6652M(22304M) 88.926ms
[2026-05-23T03:51:11.481+0000][779.222s][gc,cpu      ] GC(189) User=0.34s Sys=0.00s Real=0.09s
[2026-05-23T03:51:16.949+0000][784.690s][gc,start    ] GC(190) Pause Young (Normal) (G1 Evacuation Pause)
[2026-05-23T03:51:16.949+0000][784.690s][gc,task     ] GC(190) Using 4 workers of 4 for evacuation
[2026-05-23T03:51:17.122+0000][784.863s][gc,phases   ] GC(190)   Pre Evacuate Collection Set: 0.16ms
[2026-05-23T03:51:17.122+0000][784.863s][gc,phases   ] GC(190)   Merge Heap Roots: 0.28ms
[2026-05-23T03:51:17.122+0000][784.863s][gc,phases   ] GC(190)   Evacuate Collection Set: 171.47ms
[2026-05-23T03:51:17.122+0000][784.863s][gc,phases   ] GC(190)   Post Evacuate Collection Set: 0.75ms
[2026-05-23T03:51:17.122+0000][784.863s][gc,phases   ] GC(190)   Other: 0.13ms
[2026-05-23T03:51:17.122+0000][784.863s][gc,heap     ] GC(190) Eden regions: 63->0(60)
[2026-05-23T03:51:17.122+0000][784.863s][gc,heap     ] GC(190) Survivor regions: 6->9(9)
[2026-05-23T03:51:17.122+0000][784.863s][gc,heap     ] GC(190) Old regions: 407->409
[2026-05-23T03:51:17.122+0000][784.863s][gc,heap     ] GC(190) Archive regions: 2->2
[2026-05-23T03:51:17.122+0000][784.863s][gc,heap     ] GC(190) Humongous regions: 2->2
[2026-05-23T03:51:17.122+0000][784.863s][gc,metaspace] GC(190) Metaspace: 42372K(42880K)->42372K(42880K) NonClass: 37585K(37824K)->37585K(37824K) Class: 4787K(5056K)->4787K(5056K)
[2026-05-23T03:51:17.122+0000][784.863s][gc          ] GC(190) Pause Young (Normal) (G1 Evacuation Pause) 7660M->6727M(22304M) 172.897ms
[2026-05-23T03:51:17.122+0000][784.863s][gc,cpu      ] GC(190) User=0.68s Sys=0.00s Real=0.17s
[2026-05-23T03:51:21.063+0000][788.804s][gc,start    ] GC(191) Pause Young (Normal) (G1 Evacuation Pause)
[2026-05-23T03:51:21.063+0000][788.804s][gc,task     ] GC(191) Using 4 workers of 4 for evacuation
[2026-05-23T03:51:21.287+0000][789.028s][gc,mmu      ] GC(191) MMU target violated: 201.0ms (200.0ms/201.0ms)
[2026-05-23T03:51:21.287+0000][789.028s][gc,phases   ] GC(191)   Pre Evacuate Collection Set: 0.16ms
[2026-05-23T03:51:21.287+0000][789.028s][gc,phases   ] GC(191)   Merge Heap Roots: 0.77ms
[2026-05-23T03:51:21.287+0000][789.028s][gc,phases   ] GC(191)   Evacuate Collection Set: 222.49ms
[2026-05-23T03:51:21.287+0000][789.028s][gc,phases   ] GC(191)   Post Evacuate Collection Set: 0.86ms
[2026-05-23T03:51:21.287+0000][789.028s][gc,phases   ] GC(191)   Other: 0.19ms
[2026-05-23T03:51:21.287+0000][789.028s][gc,heap     ] GC(191) Eden regions: 60->0(60)
[2026-05-23T03:51:21.287+0000][789.028s][gc,heap     ] GC(191) Survivor regions: 9->9(9)
[2026-05-23T03:51:21.287+0000][789.028s][gc,heap     ] GC(191) Old regions: 409->414
[2026-05-23T03:51:21.287+0000][789.028s][gc,heap     ] GC(191) Archive regions: 2->2
[2026-05-23T03:51:21.287+0000][789.028s][gc,heap     ] GC(191) Humongous regions: 2->2
[2026-05-23T03:51:21.287+0000][789.028s][gc,metaspace] GC(191) Metaspace: 42372K(42880K)->42372K(42880K) NonClass: 37585K(37824K)->37585K(37824K) Class: 4787K(5056K)->4787K(5056K)
[2026-05-23T03:51:21.287+0000][789.028s][gc          ] GC(191) Pause Young (Normal) (G1 Evacuation Pause) 7687M->6811M(22304M) 224.526ms
[2026-05-23T03:51:21.287+0000][789.028s][gc,cpu      ] GC(191) User=0.89s Sys=0.00s Real=0.22s
[2026-05-23T03:51:29.382+0000][797.123s][gc,start    ] GC(192) Pause Young (Normal) (G1 Evacuation Pause)
[2026-05-23T03:51:29.382+0000][797.123s][gc,task     ] GC(192) Using 4 workers of 4 for evacuation
[2026-05-23T03:51:29.514+0000][797.255s][gc,phases   ] GC(192)   Pre Evacuate Collection Set: 0.12ms
[2026-05-23T03:51:29.514+0000][797.255s][gc,phases   ] GC(192)   Merge Heap Roots: 2.27ms
[2026-05-23T03:51:29.514+0000][797.255s][gc,phases   ] GC(192)   Evacuate Collection Set: 128.76ms
[2026-05-23T03:51:29.514+0000][797.255s][gc,phases   ] GC(192)   Post Evacuate Collection Set: 0.71ms
[2026-05-23T03:51:29.514+0000][797.255s][gc,phases   ] GC(192)   Other: 0.11ms
[2026-05-23T03:51:29.514+0000][797.255s][gc,heap     ] GC(192) Eden regions: 60->0(63)
[2026-05-23T03:51:29.514+0000][797.255s][gc,heap     ] GC(192) Survivor regions: 9->6(9)
[2026-05-23T03:51:29.514+0000][797.255s][gc,heap     ] GC(192) Old regions: 414->418
[2026-05-23T03:51:29.514+0000][797.255s][gc,heap     ] GC(192) Archive regions: 2->2
[2026-05-23T03:51:29.514+0000][797.255s][gc,heap     ] GC(192) Humongous regions: 2->2
[2026-05-23T03:51:29.514+0000][797.255s][gc,metaspace] GC(192) Metaspace: 42375K(42880K)->42375K(42880K) NonClass: 37588K(37824K)->37588K(37824K) Class: 4787K(5056K)->4787K(5056K)
[2026-05-23T03:51:29.514+0000][797.255s][gc          ] GC(192) Pause Young (Normal) (G1 Evacuation Pause) 7771M->6817M(22304M) 132.056ms
[2026-05-23T03:51:29.514+0000][797.255s][gc,cpu      ] GC(192) User=0.51s Sys=0.00s Real=0.13s
[2026-05-23T03:51:31.895+0000][799.636s][gc,start    ] GC(193) Pause Young (Normal) (G1 Evacuation Pause)
[2026-05-23T03:51:31.895+0000][799.636s][gc,task     ] GC(193) Using 4 workers of 4 for evacuation
[2026-05-23T03:51:32.166+0000][799.907s][gc,mmu      ] GC(193) MMU target violated: 201.0ms (200.0ms/201.0ms)
[2026-05-23T03:51:32.166+0000][799.907s][gc,phases   ] GC(193)   Pre Evacuate Collection Set: 0.13ms
[2026-05-23T03:51:32.166+0000][799.907s][gc,phases   ] GC(193)   Merge Heap Roots: 1.03ms
[2026-05-23T03:51:32.166+0000][799.907s][gc,phases   ] GC(193)   Evacuate Collection Set: 268.98ms
[2026-05-23T03:51:32.166+0000][799.907s][gc,phases   ] GC(193)   Post Evacuate Collection Set: 0.90ms
[2026-05-23T03:51:32.166+0000][799.907s][gc,phases   ] GC(193)   Other: 0.18ms
[2026-05-23T03:51:32.166+0000][799.907s][gc,heap     ] GC(193) Eden regions: 63->0(60)
[2026-05-23T03:51:32.166+0000][799.907s][gc,heap     ] GC(193) Survivor regions: 6->9(9)
[2026-05-23T03:51:32.166+0000][799.907s][gc,heap     ] GC(193) Old regions: 418->425
[2026-05-23T03:51:32.166+0000][799.907s][gc,heap     ] GC(193) Archive regions: 2->2
[2026-05-23T03:51:32.166+0000][799.907s][gc,heap     ] GC(193) Humongous regions: 2->2
[2026-05-23T03:51:32.166+0000][799.907s][gc,metaspace] GC(193) Metaspace: 42375K(42880K)->42375K(42880K) NonClass: 37588K(37824K)->37588K(37824K) Class: 4787K(5056K)->4787K(5056K)
[2026-05-23T03:51:32.166+0000][799.907s][gc          ] GC(193) Pause Young (Normal) (G1 Evacuation Pause) 7825M->6986M(22304M) 271.282ms
[2026-05-23T03:51:32.166+0000][799.907s][gc,cpu      ] GC(193) User=1.08s Sys=0.00s Real=0.27s
[2026-05-23T03:51:39.786+0000][807.527s][gc,start    ] GC(194) Pause Young (Normal) (G1 Evacuation Pause)
[2026-05-23T03:51:39.786+0000][807.527s][gc,task     ] GC(194) Using 4 workers of 4 for evacuation
[2026-05-23T03:51:39.955+0000][807.696s][gc,phases   ] GC(194)   Pre Evacuate Collection Set: 0.12ms
[2026-05-23T03:51:39.955+0000][807.696s][gc,phases   ] GC(194)   Merge Heap Roots: 2.16ms
[2026-05-23T03:51:39.955+0000][807.696s][gc,phases   ] GC(194)   Evacuate Collection Set: 166.18ms
[2026-05-23T03:51:39.955+0000][807.696s][gc,phases   ] GC(194)   Post Evacuate Collection Set: 0.75ms
[2026-05-23T03:51:39.955+0000][807.696s][gc,phases   ] GC(194)   Other: 0.10ms
[2026-05-23T03:51:39.955+0000][807.696s][gc,heap     ] GC(194) Eden regions: 60->0(61)
[2026-05-23T03:51:39.955+0000][807.696s][gc,heap     ] GC(194) Survivor regions: 9->8(9)
[2026-05-23T03:51:39.955+0000][807.696s][gc,heap     ] GC(194) Old regions: 425->428
[2026-05-23T03:51:39.955+0000][807.696s][gc,heap     ] GC(194) Archive regions: 2->2
[2026-05-23T03:51:39.955+0000][807.696s][gc,heap     ] GC(194) Humongous regions: 2->2
[2026-05-23T03:51:39.955+0000][807.696s][gc,metaspace] GC(194) Metaspace: 42375K(42880K)->42375K(42880K) NonClass: 37588K(37824K)->37588K(37824K) Class: 4787K(5056K)->4787K(5056K)
[2026-05-23T03:51:39.955+0000][807.696s][gc          ] GC(194) Pause Young (Normal) (G1 Evacuation Pause) 7946M->7013M(22304M) 169.399ms
[2026-05-23T03:51:39.955+0000][807.696s][gc,cpu      ] GC(194) User=0.66s Sys=0.00s Real=0.17s
[2026-05-23T03:51:42.131+0000][809.872s][gc,start    ] GC(195) Pause Young (Normal) (G1 Evacuation Pause)
[2026-05-23T03:51:42.131+0000][809.872s][gc,task     ] GC(195) Using 4 workers of 4 for evacuation
[2026-05-23T03:51:42.420+0000][810.161s][gc,mmu      ] GC(195) MMU target violated: 201.0ms (200.0ms/201.0ms)
[2026-05-23T03:51:42.420+0000][810.161s][gc,phases   ] GC(195)   Pre Evacuate Collection Set: 0.16ms
[2026-05-23T03:51:42.420+0000][810.161s][gc,phases   ] GC(195)   Merge Heap Roots: 0.88ms
[2026-05-23T03:51:42.420+0000][810.161s][gc,phases   ] GC(195)   Evacuate Collection Set: 286.57ms
[2026-05-23T03:51:42.420+0000][810.161s][gc,phases   ] GC(195)   Post Evacuate Collection Set: 0.89ms
[2026-05-23T03:51:42.420+0000][810.161s][gc,phases   ] GC(195)   Other: 0.14ms
[2026-05-23T03:51:42.420+0000][810.161s][gc,heap     ] GC(195) Eden regions: 61->0(60)
[2026-05-23T03:51:42.420+0000][810.161s][gc,heap     ] GC(195) Survivor regions: 8->9(9)
[2026-05-23T03:51:42.420+0000][810.161s][gc,heap     ] GC(195) Old regions: 428->434
[2026-05-23T03:51:42.420+0000][810.161s][gc,heap     ] GC(195) Archive regions: 2->2
[2026-05-23T03:51:42.420+0000][810.161s][gc,heap     ] GC(195) Humongous regions: 2->2
[2026-05-23T03:51:42.420+0000][810.161s][gc,metaspace] GC(195) Metaspace: 42375K(42880K)->42375K(42880K) NonClass: 37588K(37824K)->37588K(37824K) Class: 4787K(5056K)->4787K(5056K)
[2026-05-23T03:51:42.420+0000][810.161s][gc          ] GC(195) Pause Young (Normal) (G1 Evacuation Pause) 7989M->7134M(22304M) 288.690ms
[2026-05-23T03:51:42.420+0000][810.161s][gc,cpu      ] GC(195) User=1.12s Sys=0.00s Real=0.29s
[2026-05-23T03:51:44.339+0000][812.080s][gc,start    ] GC(196) Pause Young (Normal) (G1 Evacuation Pause)
[2026-05-23T03:51:44.339+0000][812.080s][gc,task     ] GC(196) Using 4 workers of 4 for evacuation
[2026-05-23T03:51:44.616+0000][812.357s][gc,mmu      ] GC(196) MMU target violated: 201.0ms (200.0ms/201.0ms)
[2026-05-23T03:51:44.616+0000][812.357s][gc,phases   ] GC(196)   Pre Evacuate Collection Set: 0.12ms
[2026-05-23T03:51:44.616+0000][812.357s][gc,phases   ] GC(196)   Merge Heap Roots: 1.73ms
[2026-05-23T03:51:44.616+0000][812.357s][gc,phases   ] GC(196)   Evacuate Collection Set: 274.15ms
[2026-05-23T03:51:44.616+0000][812.357s][gc,phases   ] GC(196)   Post Evacuate Collection Set: 1.18ms
[2026-05-23T03:51:44.616+0000][812.357s][gc,phases   ] GC(196)   Other: 0.20ms
[2026-05-23T03:51:44.616+0000][812.357s][gc,heap     ] GC(196) Eden regions: 60->0(60)
[2026-05-23T03:51:44.616+0000][812.357s][gc,heap     ] GC(196) Survivor regions: 9->9(9)
[2026-05-23T03:51:44.616+0000][812.357s][gc,heap     ] GC(196) Old regions: 434->443
[2026-05-23T03:51:44.616+0000][812.357s][gc,heap     ] GC(196) Archive regions: 2->2
[2026-05-23T03:51:44.616+0000][812.357s][gc,heap     ] GC(196) Humongous regions: 2->2
[2026-05-23T03:51:44.616+0000][812.357s][gc,metaspace] GC(196) Metaspace: 42376K(42880K)->42376K(42880K) NonClass: 37588K(37824K)->37588K(37824K) Class: 4787K(5056K)->4787K(5056K)
[2026-05-23T03:51:44.616+0000][812.357s][gc          ] GC(196) Pause Young (Normal) (G1 Evacuation Pause) 8094M->7279M(22304M) 277.425ms
[2026-05-23T03:51:44.616+0000][812.357s][gc,cpu      ] GC(196) User=1.10s Sys=0.00s Real=0.27s
[2026-05-23T03:51:46.427+0000][814.168s][gc,start    ] GC(197) Pause Young (Normal) (G1 Evacuation Pause)
[2026-05-23T03:51:46.427+0000][814.168s][gc,task     ] GC(197) Using 4 workers of 4 for evacuation
[2026-05-23T03:51:46.688+0000][814.429s][gc,mmu      ] GC(197) MMU target violated: 201.0ms (200.0ms/201.0ms)
[2026-05-23T03:51:46.688+0000][814.429s][gc,phases   ] GC(197)   Pre Evacuate Collection Set: 0.12ms
[2026-05-23T03:51:46.688+0000][814.429s][gc,phases   ] GC(197)   Merge Heap Roots: 2.21ms
[2026-05-23T03:51:46.688+0000][814.429s][gc,phases   ] GC(197)   Evacuate Collection Set: 257.84ms
[2026-05-23T03:51:46.688+0000][814.429s][gc,phases   ] GC(197)   Post Evacuate Collection Set: 0.89ms
[2026-05-23T03:51:46.688+0000][814.430s][gc,phases   ] GC(197)   Other: 0.17ms
[2026-05-23T03:51:46.688+0000][814.430s][gc,heap     ] GC(197) Eden regions: 60->0(61)
[2026-05-23T03:51:46.688+0000][814.430s][gc,heap     ] GC(197) Survivor regions: 9->8(9)
[2026-05-23T03:51:46.688+0000][814.430s][gc,heap     ] GC(197) Old regions: 443->453
[2026-05-23T03:51:46.688+0000][814.430s][gc,heap     ] GC(197) Archive regions: 2->2
[2026-05-23T03:51:46.688+0000][814.430s][gc,heap     ] GC(197) Humongous regions: 2->2
[2026-05-23T03:51:46.688+0000][814.430s][gc,metaspace] GC(197) Metaspace: 42376K(42880K)->42376K(42880K) NonClass: 37588K(37824K)->37588K(37824K) Class: 4787K(5056K)->4787K(5056K)
[2026-05-23T03:51:46.688+0000][814.430s][gc          ] GC(197) Pause Young (Normal) (G1 Evacuation Pause) 8239M->7404M(22304M) 261.274ms
[2026-05-23T03:51:46.688+0000][814.430s][gc,cpu      ] GC(197) User=1.03s Sys=0.00s Real=0.26s
[2026-05-23T03:51:56.714+0000][824.455s][gc,start    ] GC(198) Pause Young (Normal) (G1 Evacuation Pause)
[2026-05-23T03:51:56.714+0000][824.455s][gc,task     ] GC(198) Using 4 workers of 4 for evacuation
[2026-05-23T03:51:56.949+0000][824.690s][gc,mmu      ] GC(198) MMU target violated: 201.0ms (200.0ms/201.0ms)
[2026-05-23T03:51:56.949+0000][824.690s][gc,phases   ] GC(198)   Pre Evacuate Collection Set: 0.12ms
[2026-05-23T03:51:56.949+0000][824.690s][gc,phases   ] GC(198)   Merge Heap Roots: 3.65ms
[2026-05-23T03:51:56.949+0000][824.690s][gc,phases   ] GC(198)   Evacuate Collection Set: 229.85ms
[2026-05-23T03:51:56.949+0000][824.690s][gc,phases   ] GC(198)   Post Evacuate Collection Set: 1.15ms
[2026-05-23T03:51:56.949+0000][824.690s][gc,phases   ] GC(198)   Other: 0.16ms
[2026-05-23T03:51:56.949+0000][824.690s][gc,heap     ] GC(198) Eden regions: 61->0(60)
[2026-05-23T03:51:56.949+0000][824.690s][gc,heap     ] GC(198) Survivor regions: 8->9(9)
[2026-05-23T03:51:56.949+0000][824.690s][gc,heap     ] GC(198) Old regions: 453->455
[2026-05-23T03:51:56.949+0000][824.690s][gc,heap     ] GC(198) Archive regions: 2->2
[2026-05-23T03:51:56.949+0000][824.690s][gc,heap     ] GC(198) Humongous regions: 2->2
[2026-05-23T03:51:56.949+0000][824.690s][gc,metaspace] GC(198) Metaspace: 42376K(42880K)->42376K(42880K) NonClass: 37588K(37824K)->37588K(37824K) Class: 4787K(5056K)->4787K(5056K)
[2026-05-23T03:51:56.949+0000][824.690s][gc          ] GC(198) Pause Young (Normal) (G1 Evacuation Pause) 8380M->7464M(22304M) 235.005ms
[2026-05-23T03:51:56.949+0000][824.690s][gc,cpu      ] GC(198) User=0.92s Sys=0.00s Real=0.24s
[2026-05-23T03:51:59.044+0000][826.785s][gc,start    ] GC(199) Pause Young (Normal) (G1 Evacuation Pause)
[2026-05-23T03:51:59.044+0000][826.785s][gc,task     ] GC(199) Using 4 workers of 4 for evacuation
[2026-05-23T03:51:59.422+0000][827.163s][gc,mmu      ] GC(199) MMU target violated: 201.0ms (200.0ms/201.0ms)
[2026-05-23T03:51:59.422+0000][827.163s][gc,phases   ] GC(199)   Pre Evacuate Collection Set: 0.11ms
[2026-05-23T03:51:59.422+0000][827.163s][gc,phases   ] GC(199)   Merge Heap Roots: 2.41ms
[2026-05-23T03:51:59.422+0000][827.163s][gc,phases   ] GC(199)   Evacuate Collection Set: 374.45ms
[2026-05-23T03:51:59.422+0000][827.163s][gc,phases   ] GC(199)   Post Evacuate Collection Set: 0.91ms
[2026-05-23T03:51:59.422+0000][827.163s][gc,phases   ] GC(199)   Other: 0.15ms
[2026-05-23T03:51:59.422+0000][827.163s][gc,heap     ] GC(199) Eden regions: 60->0(60)
[2026-05-23T03:51:59.422+0000][827.163s][gc,heap     ] GC(199) Survivor regions: 9->9(9)
[2026-05-23T03:51:59.422+0000][827.163s][gc,heap     ] GC(199) Old regions: 455->463
[2026-05-23T03:51:59.422+0000][827.163s][gc,heap     ] GC(199) Archive regions: 2->2
[2026-05-23T03:51:59.422+0000][827.163s][gc,heap     ] GC(199) Humongous regions: 2->2
[2026-05-23T03:51:59.422+0000][827.163s][gc,metaspace] GC(199) Metaspace: 42377K(42880K)->42377K(42880K) NonClass: 37589K(37824K)->37589K(37824K) Class: 4787K(5056K)->4787K(5056K)
[2026-05-23T03:51:59.422+0000][827.163s][gc          ] GC(199) Pause Young (Normal) (G1 Evacuation Pause) 8424M->7591M(22304M) 378.080ms
[2026-05-23T03:51:59.422+0000][827.163s][gc,cpu      ] GC(199) User=1.49s Sys=0.00s Real=0.38s
[2026-05-23T03:52:06.625+0000][834.366s][gc,start    ] GC(200) Pause Young (Normal) (G1 Evacuation Pause)
[2026-05-23T03:52:06.625+0000][834.366s][gc,task     ] GC(200) Using 4 workers of 4 for evacuation
[2026-05-23T03:52:06.844+0000][834.585s][gc,mmu      ] GC(200) MMU target violated: 201.0ms (200.0ms/201.0ms)
[2026-05-23T03:52:06.844+0000][834.585s][gc,phases   ] GC(200)   Pre Evacuate Collection Set: 0.12ms
[2026-05-23T03:52:06.844+0000][834.585s][gc,phases   ] GC(200)   Merge Heap Roots: 2.31ms
[2026-05-23T03:52:06.844+0000][834.585s][gc,phases   ] GC(200)   Evacuate Collection Set: 214.43ms
[2026-05-23T03:52:06.844+0000][834.585s][gc,phases   ] GC(200)   Post Evacuate Collection Set: 1.61ms
[2026-05-23T03:52:06.844+0000][834.585s][gc,phases   ] GC(200)   Other: 0.15ms
[2026-05-23T03:52:06.844+0000][834.585s][gc,heap     ] GC(200) Eden regions: 60->0(61)
[2026-05-23T03:52:06.844+0000][834.585s][gc,heap     ] GC(200) Survivor regions: 9->9(9)
[2026-05-23T03:52:06.844+0000][834.585s][gc,heap     ] GC(200) Old regions: 463->468
[2026-05-23T03:52:06.844+0000][834.585s][gc,heap     ] GC(200) Archive regions: 2->2
[2026-05-23T03:52:06.844+0000][834.585s][gc,heap     ] GC(200) Humongous regions: 2->2
[2026-05-23T03:52:06.844+0000][834.585s][gc,metaspace] GC(200) Metaspace: 42378K(42880K)->42378K(42880K) NonClass: 37590K(37824K)->37590K(37824K) Class: 4787K(5056K)->4787K(5056K)
[2026-05-23T03:52:06.844+0000][834.585s][gc          ] GC(200) Pause Young (Normal) (G1 Evacuation Pause) 8551M->7668M(22624M) 218.672ms
[2026-05-23T03:52:06.844+0000][834.585s][gc,cpu      ] GC(200) User=0.86s Sys=0.00s Real=0.22s
[2026-05-23T03:52:09.063+0000][836.804s][gc,start    ] GC(201) Pause Young (Normal) (G1 Evacuation Pause)
[2026-05-23T03:52:09.063+0000][836.804s][gc,task     ] GC(201) Using 4 workers of 4 for evacuation
[2026-05-23T03:52:09.361+0000][837.102s][gc,mmu      ] GC(201) MMU target violated: 201.0ms (200.0ms/201.0ms)
[2026-05-23T03:52:09.361+0000][837.102s][gc,phases   ] GC(201)   Pre Evacuate Collection Set: 0.13ms
[2026-05-23T03:52:09.361+0000][837.102s][gc,phases   ] GC(201)   Merge Heap Roots: 2.46ms
[2026-05-23T03:52:09.361+0000][837.102s][gc,phases   ] GC(201)   Evacuate Collection Set: 294.75ms
[2026-05-23T03:52:09.361+0000][837.102s][gc,phases   ] GC(201)   Post Evacuate Collection Set: 1.11ms
[2026-05-23T03:52:09.361+0000][837.102s][gc,phases   ] GC(201)   Other: 0.22ms
[2026-05-23T03:52:09.361+0000][837.102s][gc,heap     ] GC(201) Eden regions: 61->0(61)
[2026-05-23T03:52:09.361+0000][837.102s][gc,heap     ] GC(201) Survivor regions: 9->9(9)
[2026-05-23T03:52:09.361+0000][837.102s][gc,heap     ] GC(201) Old regions: 468->476
[2026-05-23T03:52:09.361+0000][837.102s][gc,heap     ] GC(201) Archive regions: 2->2
[2026-05-23T03:52:09.361+0000][837.102s][gc,heap     ] GC(201) Humongous regions: 2->2
[2026-05-23T03:52:09.361+0000][837.102s][gc,metaspace] GC(201) Metaspace: 42378K(42880K)->42378K(42880K) NonClass: 37590K(37824K)->37590K(37824K) Class: 4787K(5056K)->4787K(5056K)
[2026-05-23T03:52:09.361+0000][837.102s][gc          ] GC(201) Pause Young (Normal) (G1 Evacuation Pause) 8644M->7807M(22624M) 298.719ms
[2026-05-23T03:52:09.361+0000][837.102s][gc,cpu      ] GC(201) User=1.18s Sys=0.00s Real=0.30s
[2026-05-23T03:52:14.074+0000][841.815s][gc,start    ] GC(202) Pause Young (Normal) (G1 Evacuation Pause)
[2026-05-23T03:52:14.074+0000][841.816s][gc,task     ] GC(202) Using 4 workers of 4 for evacuation
[2026-05-23T03:52:14.394+0000][842.135s][gc,mmu      ] GC(202) MMU target violated: 201.0ms (200.0ms/201.0ms)
[2026-05-23T03:52:14.394+0000][842.135s][gc,phases   ] GC(202)   Pre Evacuate Collection Set: 0.19ms
[2026-05-23T03:52:14.394+0000][842.135s][gc,phases   ] GC(202)   Merge Heap Roots: 3.22ms
[2026-05-23T03:52:14.394+0000][842.135s][gc,phases   ] GC(202)   Evacuate Collection Set: 314.47ms
[2026-05-23T03:52:14.394+0000][842.135s][gc,phases   ] GC(202)   Post Evacuate Collection Set: 1.15ms
[2026-05-23T03:52:14.394+0000][842.135s][gc,phases   ] GC(202)   Other: 0.19ms
[2026-05-23T03:52:14.394+0000][842.135s][gc,heap     ] GC(202) Eden regions: 61->0(61)
[2026-05-23T03:52:14.394+0000][842.135s][gc,heap     ] GC(202) Survivor regions: 9->9(9)
[2026-05-23T03:52:14.394+0000][842.135s][gc,heap     ] GC(202) Old regions: 476->485
[2026-05-23T03:52:14.394+0000][842.135s][gc,heap     ] GC(202) Archive regions: 2->2
[2026-05-23T03:52:14.394+0000][842.135s][gc,heap     ] GC(202) Humongous regions: 2->2
[2026-05-23T03:52:14.394+0000][842.135s][gc,metaspace] GC(202) Metaspace: 42378K(42880K)->42378K(42880K) NonClass: 37590K(37824K)->37590K(37824K) Class: 4787K(5056K)->4787K(5056K)
[2026-05-23T03:52:14.394+0000][842.135s][gc          ] GC(202) Pause Young (Normal) (G1 Evacuation Pause) 8783M->7947M(22624M) 319.268ms
[2026-05-23T03:52:14.394+0000][842.135s][gc,cpu      ] GC(202) User=1.26s Sys=0.00s Real=0.32s
[2026-05-23T03:52:21.094+0000][848.835s][gc,start    ] GC(203) Pause Young (Normal) (G1 Evacuation Pause)
[2026-05-23T03:52:21.094+0000][848.835s][gc,task     ] GC(203) Using 4 workers of 4 for evacuation
[2026-05-23T03:52:21.382+0000][849.123s][gc,mmu      ] GC(203) MMU target violated: 201.0ms (200.0ms/201.0ms)
[2026-05-23T03:52:21.382+0000][849.124s][gc,phases   ] GC(203)   Pre Evacuate Collection Set: 0.15ms
[2026-05-23T03:52:21.382+0000][849.124s][gc,phases   ] GC(203)   Merge Heap Roots: 3.32ms
[2026-05-23T03:52:21.382+0000][849.124s][gc,phases   ] GC(203)   Evacuate Collection Set: 283.82ms
[2026-05-23T03:52:21.382+0000][849.124s][gc,phases   ] GC(203)   Post Evacuate Collection Set: 1.30ms
[2026-05-23T03:52:21.382+0000][849.124s][gc,phases   ] GC(203)   Other: 0.17ms
[2026-05-23T03:52:21.382+0000][849.124s][gc,heap     ] GC(203) Eden regions: 61->0(61)
[2026-05-23T03:52:21.382+0000][849.124s][gc,heap     ] GC(203) Survivor regions: 9->9(9)
[2026-05-23T03:52:21.382+0000][849.124s][gc,heap     ] GC(203) Old regions: 485->490
[2026-05-23T03:52:21.382+0000][849.124s][gc,heap     ] GC(203) Archive regions: 2->2
[2026-05-23T03:52:21.382+0000][849.124s][gc,heap     ] GC(203) Humongous regions: 2->2
[2026-05-23T03:52:21.383+0000][849.124s][gc,metaspace] GC(203) Metaspace: 42378K(42880K)->42378K(42880K) NonClass: 37590K(37824K)->37590K(37824K) Class: 4787K(5056K)->4787K(5056K)
[2026-05-23T03:52:21.383+0000][849.124s][gc          ] GC(203) Pause Young (Normal) (G1 Evacuation Pause) 8923M->8031M(22624M) 288.829ms
[2026-05-23T03:52:21.383+0000][849.124s][gc,cpu      ] GC(203) User=1.14s Sys=0.01s Real=0.29s
[2026-05-23T03:52:23.675+0000][851.416s][gc,start    ] GC(204) Pause Young (Normal) (G1 Evacuation Pause)
[2026-05-23T03:52:23.675+0000][851.416s][gc,task     ] GC(204) Using 4 workers of 4 for evacuation
[2026-05-23T03:52:24.007+0000][851.748s][gc,mmu      ] GC(204) MMU target violated: 201.0ms (200.0ms/201.0ms)
[2026-05-23T03:52:24.007+0000][851.748s][gc,phases   ] GC(204)   Pre Evacuate Collection Set: 0.11ms
[2026-05-23T03:52:24.007+0000][851.748s][gc,phases   ] GC(204)   Merge Heap Roots: 2.85ms
[2026-05-23T03:52:24.007+0000][851.748s][gc,phases   ] GC(204)   Evacuate Collection Set: 327.18ms
[2026-05-23T03:52:24.007+0000][851.748s][gc,phases   ] GC(204)   Post Evacuate Collection Set: 1.17ms
[2026-05-23T03:52:24.007+0000][851.748s][gc,phases   ] GC(204)   Other: 0.17ms
[2026-05-23T03:52:24.007+0000][851.748s][gc,heap     ] GC(204) Eden regions: 61->0(61)
[2026-05-23T03:52:24.007+0000][851.748s][gc,heap     ] GC(204) Survivor regions: 9->9(9)
[2026-05-23T03:52:24.007+0000][851.748s][gc,heap     ] GC(204) Old regions: 490->498
[2026-05-23T03:52:24.007+0000][851.748s][gc,heap     ] GC(204) Archive regions: 2->2
[2026-05-23T03:52:24.007+0000][851.748s][gc,heap     ] GC(204) Humongous regions: 2->2
[2026-05-23T03:52:24.007+0000][851.748s][gc,metaspace] GC(204) Metaspace: 42380K(42880K)->42380K(42880K) NonClass: 37592K(37824K)->37592K(37824K) Class: 4787K(5056K)->4787K(5056K)
[2026-05-23T03:52:24.007+0000][851.748s][gc          ] GC(204) Pause Young (Normal) (G1 Evacuation Pause) 9007M->8157M(22624M) 331.539ms
[2026-05-23T03:52:24.007+0000][851.748s][gc,cpu      ] GC(204) User=1.31s Sys=0.00s Real=0.33s
[2026-05-23T03:52:29.930+0000][857.671s][gc,start    ] GC(205) Pause Young (Normal) (G1 Evacuation Pause)
[2026-05-23T03:52:29.930+0000][857.671s][gc,task     ] GC(205) Using 4 workers of 4 for evacuation
[2026-05-23T03:52:30.191+0000][857.932s][gc,mmu      ] GC(205) MMU target violated: 201.0ms (200.0ms/201.0ms)
[2026-05-23T03:52:30.191+0000][857.932s][gc,phases   ] GC(205)   Pre Evacuate Collection Set: 0.11ms
[2026-05-23T03:52:30.191+0000][857.932s][gc,phases   ] GC(205)   Merge Heap Roots: 2.61ms
[2026-05-23T03:52:30.191+0000][857.932s][gc,phases   ] GC(205)   Evacuate Collection Set: 257.41ms
[2026-05-23T03:52:30.191+0000][857.932s][gc,phases   ] GC(205)   Post Evacuate Collection Set: 0.82ms
[2026-05-23T03:52:30.191+0000][857.933s][gc,phases   ] GC(205)   Other: 0.17ms
[2026-05-23T03:52:30.191+0000][857.933s][gc,heap     ] GC(205) Eden regions: 61->0(61)
[2026-05-23T03:52:30.191+0000][857.933s][gc,heap     ] GC(205) Survivor regions: 9->9(9)
[2026-05-23T03:52:30.191+0000][857.933s][gc,heap     ] GC(205) Old regions: 498->503
[2026-05-23T03:52:30.191+0000][857.933s][gc,heap     ] GC(205) Archive regions: 2->2
[2026-05-23T03:52:30.191+0000][857.933s][gc,heap     ] GC(205) Humongous regions: 2->2
[2026-05-23T03:52:30.191+0000][857.933s][gc,metaspace] GC(205) Metaspace: 42380K(42880K)->42380K(42880K) NonClass: 37592K(37824K)->37592K(37824K) Class: 4787K(5056K)->4787K(5056K)
[2026-05-23T03:52:30.191+0000][857.933s][gc          ] GC(205) Pause Young (Normal) (G1 Evacuation Pause) 9133M->8239M(22624M) 261.180ms
[2026-05-23T03:52:30.191+0000][857.933s][gc,cpu      ] GC(205) User=1.03s Sys=0.00s Real=0.26s
[2026-05-23T03:52:32.167+0000][859.908s][gc,start    ] GC(206) Pause Young (Normal) (G1 Evacuation Pause)
[2026-05-23T03:52:32.167+0000][859.908s][gc,task     ] GC(206) Using 4 workers of 4 for evacuation
[2026-05-23T03:52:32.495+0000][860.236s][gc,mmu      ] GC(206) MMU target violated: 201.0ms (200.0ms/201.0ms)
[2026-05-23T03:52:32.495+0000][860.236s][gc,phases   ] GC(206)   Pre Evacuate Collection Set: 0.16ms
[2026-05-23T03:52:32.495+0000][860.236s][gc,phases   ] GC(206)   Merge Heap Roots: 1.64ms
[2026-05-23T03:52:32.495+0000][860.236s][gc,phases   ] GC(206)   Evacuate Collection Set: 324.69ms
[2026-05-23T03:52:32.495+0000][860.236s][gc,phases   ] GC(206)   Post Evacuate Collection Set: 0.98ms
[2026-05-23T03:52:32.495+0000][860.236s][gc,phases   ] GC(206)   Other: 0.18ms
[2026-05-23T03:52:32.495+0000][860.236s][gc,heap     ] GC(206) Eden regions: 61->0(61)
[2026-05-23T03:52:32.495+0000][860.236s][gc,heap     ] GC(206) Survivor regions: 9->9(9)
[2026-05-23T03:52:32.495+0000][860.236s][gc,heap     ] GC(206) Old regions: 503->512
[2026-05-23T03:52:32.495+0000][860.236s][gc,heap     ] GC(206) Archive regions: 2->2
[2026-05-23T03:52:32.495+0000][860.236s][gc,heap     ] GC(206) Humongous regions: 2->2
[2026-05-23T03:52:32.495+0000][860.236s][gc,metaspace] GC(206) Metaspace: 42380K(42880K)->42380K(42880K) NonClass: 37592K(37824K)->37592K(37824K) Class: 4787K(5056K)->4787K(5056K)
[2026-05-23T03:52:32.495+0000][860.236s][gc          ] GC(206) Pause Young (Normal) (G1 Evacuation Pause) 9215M->8379M(22624M) 327.705ms
[2026-05-23T03:52:32.495+0000][860.236s][gc,cpu      ] GC(206) User=1.29s Sys=0.00s Real=0.33s
[2026-05-23T03:52:39.058+0000][866.800s][gc,start    ] GC(207) Pause Young (Normal) (G1 Evacuation Pause)
[2026-05-23T03:52:39.059+0000][866.800s][gc,task     ] GC(207) Using 4 workers of 4 for evacuation
[2026-05-23T03:52:39.287+0000][867.028s][gc,mmu      ] GC(207) MMU target violated: 201.0ms (200.0ms/201.0ms)
[2026-05-23T03:52:39.287+0000][867.028s][gc,phases   ] GC(207)   Pre Evacuate Collection Set: 0.16ms
[2026-05-23T03:52:39.287+0000][867.028s][gc,phases   ] GC(207)   Merge Heap Roots: 2.66ms
[2026-05-23T03:52:39.287+0000][867.028s][gc,phases   ] GC(207)   Evacuate Collection Set: 224.65ms
[2026-05-23T03:52:39.287+0000][867.028s][gc,phases   ] GC(207)   Post Evacuate Collection Set: 0.56ms
[2026-05-23T03:52:39.287+0000][867.028s][gc,phases   ] GC(207)   Other: 0.21ms
[2026-05-23T03:52:39.287+0000][867.028s][gc,heap     ] GC(207) Eden regions: 61->0(61)
[2026-05-23T03:52:39.287+0000][867.028s][gc,heap     ] GC(207) Survivor regions: 9->9(9)
[2026-05-23T03:52:39.287+0000][867.028s][gc,heap     ] GC(207) Old regions: 512->516
[2026-05-23T03:52:39.287+0000][867.028s][gc,heap     ] GC(207) Archive regions: 2->2
[2026-05-23T03:52:39.287+0000][867.028s][gc,heap     ] GC(207) Humongous regions: 2->2
[2026-05-23T03:52:39.287+0000][867.028s][gc,metaspace] GC(207) Metaspace: 42380K(42880K)->42380K(42880K) NonClass: 37592K(37824K)->37592K(37824K) Class: 4787K(5056K)->4787K(5056K)
[2026-05-23T03:52:39.287+0000][867.028s][gc          ] GC(207) Pause Young (Normal) (G1 Evacuation Pause) 9355M->8443M(22624M) 228.295ms
[2026-05-23T03:52:39.287+0000][867.028s][gc,cpu      ] GC(207) User=0.89s Sys=0.00s Real=0.23s
[2026-05-23T03:52:41.300+0000][869.041s][gc,start    ] GC(208) Pause Young (Normal) (G1 Evacuation Pause)
[2026-05-23T03:52:41.300+0000][869.041s][gc,task     ] GC(208) Using 4 workers of 4 for evacuation
[2026-05-23T03:52:41.653+0000][869.394s][gc,mmu      ] GC(208) MMU target violated: 201.0ms (200.0ms/201.0ms)
[2026-05-23T03:52:41.653+0000][869.394s][gc,phases   ] GC(208)   Pre Evacuate Collection Set: 0.11ms
[2026-05-23T03:52:41.653+0000][869.394s][gc,phases   ] GC(208)   Merge Heap Roots: 0.48ms
[2026-05-23T03:52:41.653+0000][869.394s][gc,phases   ] GC(208)   Evacuate Collection Set: 350.88ms
[2026-05-23T03:52:41.653+0000][869.394s][gc,phases   ] GC(208)   Post Evacuate Collection Set: 1.08ms
[2026-05-23T03:52:41.653+0000][869.394s][gc,phases   ] GC(208)   Other: 0.17ms
[2026-05-23T03:52:41.653+0000][869.394s][gc,heap     ] GC(208) Eden regions: 61->0(61)
[2026-05-23T03:52:41.653+0000][869.394s][gc,heap     ] GC(208) Survivor regions: 9->9(9)
[2026-05-23T03:52:41.653+0000][869.394s][gc,heap     ] GC(208) Old regions: 516->526
[2026-05-23T03:52:41.653+0000][869.394s][gc,heap     ] GC(208) Archive regions: 2->2
[2026-05-23T03:52:41.653+0000][869.394s][gc,heap     ] GC(208) Humongous regions: 2->2
[2026-05-23T03:52:41.653+0000][869.394s][gc,metaspace] GC(208) Metaspace: 42380K(42880K)->42380K(42880K) NonClass: 37593K(37824K)->37593K(37824K) Class: 4787K(5056K)->4787K(5056K)
[2026-05-23T03:52:41.653+0000][869.394s][gc          ] GC(208) Pause Young (Normal) (G1 Evacuation Pause) 9419M->8599M(22624M) 352.786ms
[2026-05-23T03:52:41.653+0000][869.394s][gc,cpu      ] GC(208) User=1.40s Sys=0.01s Real=0.35s
[2026-05-23T03:52:48.159+0000][875.900s][gc,start    ] GC(209) Pause Young (Normal) (G1 Evacuation Pause)
[2026-05-23T03:52:48.159+0000][875.900s][gc,task     ] GC(209) Using 4 workers of 4 for evacuation
[2026-05-23T03:52:48.400+0000][876.141s][gc,mmu      ] GC(209) MMU target violated: 201.0ms (200.0ms/201.0ms)
[2026-05-23T03:52:48.400+0000][876.141s][gc,phases   ] GC(209)   Pre Evacuate Collection Set: 0.13ms
[2026-05-23T03:52:48.400+0000][876.141s][gc,phases   ] GC(209)   Merge Heap Roots: 3.27ms
[2026-05-23T03:52:48.400+0000][876.141s][gc,phases   ] GC(209)   Evacuate Collection Set: 235.42ms
[2026-05-23T03:52:48.400+0000][876.141s][gc,phases   ] GC(209)   Post Evacuate Collection Set: 1.83ms
[2026-05-23T03:52:48.400+0000][876.141s][gc,phases   ] GC(209)   Other: 0.15ms
[2026-05-23T03:52:48.400+0000][876.141s][gc,heap     ] GC(209) Eden regions: 61->0(62)
[2026-05-23T03:52:48.400+0000][876.141s][gc,heap     ] GC(209) Survivor regions: 9->9(9)
[2026-05-23T03:52:48.400+0000][876.141s][gc,heap     ] GC(209) Old regions: 526->531
[2026-05-23T03:52:48.400+0000][876.141s][gc,heap     ] GC(209) Archive regions: 2->2
[2026-05-23T03:52:48.400+0000][876.141s][gc,heap     ] GC(209) Humongous regions: 2->2
[2026-05-23T03:52:48.400+0000][876.141s][gc,metaspace] GC(209) Metaspace: 42380K(42880K)->42380K(42880K) NonClass: 37593K(37824K)->37593K(37824K) Class: 4787K(5056K)->4787K(5056K)
[2026-05-23T03:52:48.400+0000][876.141s][gc          ] GC(209) Pause Young (Normal) (G1 Evacuation Pause) 9575M->8676M(22928M) 240.836ms
[2026-05-23T03:52:48.400+0000][876.141s][gc,cpu      ] GC(209) User=0.95s Sys=0.01s Real=0.24s
[2026-05-23T03:52:52.209+0000][879.950s][gc,start    ] GC(210) Pause Young (Normal) (G1 Evacuation Pause)
[2026-05-23T03:52:52.209+0000][879.950s][gc,task     ] GC(210) Using 4 workers of 4 for evacuation
[2026-05-23T03:52:52.514+0000][880.255s][gc,mmu      ] GC(210) MMU target violated: 201.0ms (200.0ms/201.0ms)
[2026-05-23T03:52:52.514+0000][880.255s][gc,phases   ] GC(210)   Pre Evacuate Collection Set: 0.16ms
[2026-05-23T03:52:52.514+0000][880.255s][gc,phases   ] GC(210)   Merge Heap Roots: 3.26ms
[2026-05-23T03:52:52.514+0000][880.255s][gc,phases   ] GC(210)   Evacuate Collection Set: 300.33ms
[2026-05-23T03:52:52.514+0000][880.255s][gc,phases   ] GC(210)   Post Evacuate Collection Set: 1.07ms
[2026-05-23T03:52:52.514+0000][880.255s][gc,phases   ] GC(210)   Other: 0.19ms
[2026-05-23T03:52:52.514+0000][880.255s][gc,heap     ] GC(210) Eden regions: 62->0(62)
[2026-05-23T03:52:52.514+0000][880.255s][gc,heap     ] GC(210) Survivor regions: 9->9(9)
[2026-05-23T03:52:52.514+0000][880.255s][gc,heap     ] GC(210) Old regions: 531->538
[2026-05-23T03:52:52.514+0000][880.255s][gc,heap     ] GC(210) Archive regions: 2->2
[2026-05-23T03:52:52.514+0000][880.255s][gc,heap     ] GC(210) Humongous regions: 2->2
[2026-05-23T03:52:52.514+0000][880.255s][gc,metaspace] GC(210) Metaspace: 42380K(42880K)->42380K(42880K) NonClass: 37593K(37824K)->37593K(37824K) Class: 4787K(5056K)->4787K(5056K)
[2026-05-23T03:52:52.514+0000][880.255s][gc          ] GC(210) Pause Young (Normal) (G1 Evacuation Pause) 9668M->8799M(22928M) 305.070ms
[2026-05-23T03:52:52.514+0000][880.255s][gc,cpu      ] GC(210) User=1.21s Sys=0.00s Real=0.30s
[2026-05-23T03:52:57.917+0000][885.659s][gc,start    ] GC(211) Pause Young (Normal) (G1 Evacuation Pause)
[2026-05-23T03:52:57.918+0000][885.659s][gc,task     ] GC(211) Using 4 workers of 4 for evacuation
[2026-05-23T03:52:58.225+0000][885.966s][gc,mmu      ] GC(211) MMU target violated: 201.0ms (200.0ms/201.0ms)
[2026-05-23T03:52:58.225+0000][885.966s][gc,phases   ] GC(211)   Pre Evacuate Collection Set: 0.16ms
[2026-05-23T03:52:58.225+0000][885.966s][gc,phases   ] GC(211)   Merge Heap Roots: 3.08ms
[2026-05-23T03:52:58.225+0000][885.966s][gc,phases   ] GC(211)   Evacuate Collection Set: 302.40ms
[2026-05-23T03:52:58.225+0000][885.966s][gc,phases   ] GC(211)   Post Evacuate Collection Set: 1.35ms
[2026-05-23T03:52:58.225+0000][885.966s][gc,phases   ] GC(211)   Other: 0.19ms
[2026-05-23T03:52:58.225+0000][885.966s][gc,heap     ] GC(211) Eden regions: 62->0(62)
[2026-05-23T03:52:58.225+0000][885.966s][gc,heap     ] GC(211) Survivor regions: 9->9(9)
[2026-05-23T03:52:58.225+0000][885.966s][gc,heap     ] GC(211) Old regions: 538->547
[2026-05-23T03:52:58.225+0000][885.966s][gc,heap     ] GC(211) Archive regions: 2->2
[2026-05-23T03:52:58.225+0000][885.966s][gc,heap     ] GC(211) Humongous regions: 2->2
[2026-05-23T03:52:58.225+0000][885.966s][gc,metaspace] GC(211) Metaspace: 42380K(42880K)->42380K(42880K) NonClass: 37593K(37824K)->37593K(37824K) Class: 4787K(5056K)->4787K(5056K)
[2026-05-23T03:52:58.225+0000][885.966s][gc          ] GC(211) Pause Young (Normal) (G1 Evacuation Pause) 9791M->8933M(22928M) 307.238ms
[2026-05-23T03:52:58.225+0000][885.966s][gc,cpu      ] GC(211) User=1.21s Sys=0.00s Real=0.31s
[2026-05-23T03:53:03.581+0000][891.322s][gc,start    ] GC(212) Pause Young (Normal) (G1 Evacuation Pause)
[2026-05-23T03:53:03.581+0000][891.322s][gc,task     ] GC(212) Using 4 workers of 4 for evacuation
[2026-05-23T03:53:03.883+0000][891.624s][gc,mmu      ] GC(212) MMU target violated: 201.0ms (200.0ms/201.0ms)
[2026-05-23T03:53:03.883+0000][891.624s][gc,phases   ] GC(212)   Pre Evacuate Collection Set: 0.12ms
[2026-05-23T03:53:03.883+0000][891.624s][gc,phases   ] GC(212)   Merge Heap Roots: 4.10ms
[2026-05-23T03:53:03.883+0000][891.624s][gc,phases   ] GC(212)   Evacuate Collection Set: 296.08ms
[2026-05-23T03:53:03.883+0000][891.624s][gc,phases   ] GC(212)   Post Evacuate Collection Set: 1.26ms
[2026-05-23T03:53:03.883+0000][891.624s][gc,phases   ] GC(212)   Other: 0.17ms
[2026-05-23T03:53:03.883+0000][891.624s][gc,heap     ] GC(212) Eden regions: 62->0(62)
[2026-05-23T03:53:03.883+0000][891.624s][gc,heap     ] GC(212) Survivor regions: 9->9(9)
[2026-05-23T03:53:03.883+0000][891.624s][gc,heap     ] GC(212) Old regions: 547->555
[2026-05-23T03:53:03.883+0000][891.624s][gc,heap     ] GC(212) Archive regions: 2->2
[2026-05-23T03:53:03.883+0000][891.624s][gc,heap     ] GC(212) Humongous regions: 2->2
[2026-05-23T03:53:03.883+0000][891.624s][gc,metaspace] GC(212) Metaspace: 42380K(42880K)->42380K(42880K) NonClass: 37593K(37824K)->37593K(37824K) Class: 4787K(5056K)->4787K(5056K)
[2026-05-23T03:53:03.883+0000][891.624s][gc          ] GC(212) Pause Young (Normal) (G1 Evacuation Pause) 9925M->9061M(22928M) 301.782ms
[2026-05-23T03:53:03.883+0000][891.624s][gc,cpu      ] GC(212) User=1.18s Sys=0.00s Real=0.30s
[2026-05-23T03:53:12.230+0000][899.971s][gc,start    ] GC(213) Pause Young (Normal) (G1 Evacuation Pause)
[2026-05-23T03:53:12.230+0000][899.971s][gc,task     ] GC(213) Using 4 workers of 4 for evacuation
[2026-05-23T03:53:12.444+0000][900.185s][gc,mmu      ] GC(213) MMU target violated: 201.0ms (200.0ms/201.0ms)
[2026-05-23T03:53:12.444+0000][900.185s][gc,phases   ] GC(213)   Pre Evacuate Collection Set: 0.13ms
[2026-05-23T03:53:12.444+0000][900.185s][gc,phases   ] GC(213)   Merge Heap Roots: 3.86ms
[2026-05-23T03:53:12.444+0000][900.185s][gc,phases   ] GC(213)   Evacuate Collection Set: 208.27ms
[2026-05-23T03:53:12.444+0000][900.185s][gc,phases   ] GC(213)   Post Evacuate Collection Set: 1.19ms
[2026-05-23T03:53:12.444+0000][900.185s][gc,phases   ] GC(213)   Other: 0.15ms
[2026-05-23T03:53:12.444+0000][900.185s][gc,heap     ] GC(213) Eden regions: 62->0(64)
[2026-05-23T03:53:12.444+0000][900.185s][gc,heap     ] GC(213) Survivor regions: 9->7(9)
[2026-05-23T03:53:12.444+0000][900.185s][gc,heap     ] GC(213) Old regions: 555->558
[2026-05-23T03:53:12.444+0000][900.185s][gc,heap     ] GC(213) Archive regions: 2->2
[2026-05-23T03:53:12.444+0000][900.185s][gc,heap     ] GC(213) Humongous regions: 2->2
[2026-05-23T03:53:12.444+0000][900.185s][gc,metaspace] GC(213) Metaspace: 42380K(42880K)->42380K(42880K) NonClass: 37593K(37824K)->37593K(37824K) Class: 4787K(5056K)->4787K(5056K)
[2026-05-23T03:53:12.444+0000][900.185s][gc          ] GC(213) Pause Young (Normal) (G1 Evacuation Pause) 10053M->9085M(22928M) 213.662ms
[2026-05-23T03:53:12.444+0000][900.185s][gc,cpu      ] GC(213) User=0.84s Sys=0.00s Real=0.21s
[2026-05-23T03:53:17.639+0000][905.381s][gc,start    ] GC(214) Pause Young (Normal) (G1 Evacuation Pause)
[2026-05-23T03:53:17.640+0000][905.381s][gc,task     ] GC(214) Using 4 workers of 4 for evacuation
[2026-05-23T03:53:17.894+0000][905.635s][gc,mmu      ] GC(214) MMU target violated: 201.0ms (200.0ms/201.0ms)
[2026-05-23T03:53:17.894+0000][905.635s][gc,phases   ] GC(214)   Pre Evacuate Collection Set: 0.12ms
[2026-05-23T03:53:17.894+0000][905.635s][gc,phases   ] GC(214)   Merge Heap Roots: 2.73ms
[2026-05-23T03:53:17.894+0000][905.635s][gc,phases   ] GC(214)   Evacuate Collection Set: 251.08ms
[2026-05-23T03:53:17.894+0000][905.635s][gc,phases   ] GC(214)   Post Evacuate Collection Set: 0.82ms
[2026-05-23T03:53:17.894+0000][905.635s][gc,phases   ] GC(214)   Other: 0.17ms
[2026-05-23T03:53:17.894+0000][905.636s][gc,heap     ] GC(214) Eden regions: 64->0(62)
[2026-05-23T03:53:17.894+0000][905.636s][gc,heap     ] GC(214) Survivor regions: 7->9(9)
[2026-05-23T03:53:17.894+0000][905.636s][gc,heap     ] GC(214) Old regions: 558->563
[2026-05-23T03:53:17.894+0000][905.636s][gc,heap     ] GC(214) Archive regions: 2->2
[2026-05-23T03:53:17.894+0000][905.636s][gc,heap     ] GC(214) Humongous regions: 2->2
[2026-05-23T03:53:17.894+0000][905.636s][gc,metaspace] GC(214) Metaspace: 42380K(42880K)->42380K(42880K) NonClass: 37593K(37824K)->37593K(37824K) Class: 4787K(5056K)->4787K(5056K)
[2026-05-23T03:53:17.894+0000][905.636s][gc          ] GC(214) Pause Young (Normal) (G1 Evacuation Pause) 10109M->9187M(22928M) 254.978ms
[2026-05-23T03:53:17.894+0000][905.636s][gc,cpu      ] GC(214) User=1.00s Sys=0.00s Real=0.25s
[2026-05-23T03:53:24.005+0000][911.746s][gc,start    ] GC(215) Pause Young (Normal) (G1 Evacuation Pause)
[2026-05-23T03:53:24.005+0000][911.746s][gc,task     ] GC(215) Using 4 workers of 4 for evacuation
[2026-05-23T03:53:24.214+0000][911.955s][gc,mmu      ] GC(215) MMU target violated: 201.0ms (200.0ms/201.0ms)
[2026-05-23T03:53:24.214+0000][911.955s][gc,phases   ] GC(215)   Pre Evacuate Collection Set: 0.12ms
[2026-05-23T03:53:24.214+0000][911.955s][gc,phases   ] GC(215)   Merge Heap Roots: 2.33ms
[2026-05-23T03:53:24.214+0000][911.955s][gc,phases   ] GC(215)   Evacuate Collection Set: 205.36ms
[2026-05-23T03:53:24.214+0000][911.955s][gc,phases   ] GC(215)   Post Evacuate Collection Set: 1.12ms
[2026-05-23T03:53:24.214+0000][911.955s][gc,phases   ] GC(215)   Other: 0.19ms
[2026-05-23T03:53:24.214+0000][911.955s][gc,heap     ] GC(215) Eden regions: 62->0(63)
[2026-05-23T03:53:24.214+0000][911.955s][gc,heap     ] GC(215) Survivor regions: 9->8(9)
[2026-05-23T03:53:24.214+0000][911.955s][gc,heap     ] GC(215) Old regions: 563->568
[2026-05-23T03:53:24.214+0000][911.955s][gc,heap     ] GC(215) Archive regions: 2->2
[2026-05-23T03:53:24.214+0000][911.955s][gc,heap     ] GC(215) Humongous regions: 2->2
[2026-05-23T03:53:24.214+0000][911.955s][gc,metaspace] GC(215) Metaspace: 42380K(42880K)->42380K(42880K) NonClass: 37593K(37824K)->37593K(37824K) Class: 4787K(5056K)->4787K(5056K)
[2026-05-23T03:53:24.214+0000][911.955s][gc          ] GC(215) Pause Young (Normal) (G1 Evacuation Pause) 10179M->9251M(22928M) 209.176ms
[2026-05-23T03:53:24.214+0000][911.955s][gc,cpu      ] GC(215) User=0.83s Sys=0.00s Real=0.21s
[2026-05-23T03:53:26.445+0000][914.186s][gc,start    ] GC(216) Pause Young (Normal) (G1 Evacuation Pause)
[2026-05-23T03:53:26.445+0000][914.186s][gc,task     ] GC(216) Using 4 workers of 4 for evacuation
[2026-05-23T03:53:26.726+0000][914.467s][gc,mmu      ] GC(216) MMU target violated: 201.0ms (200.0ms/201.0ms)
[2026-05-23T03:53:26.726+0000][914.468s][gc,phases   ] GC(216)   Pre Evacuate Collection Set: 0.12ms
[2026-05-23T03:53:26.726+0000][914.468s][gc,phases   ] GC(216)   Merge Heap Roots: 2.29ms
[2026-05-23T03:53:26.727+0000][914.468s][gc,phases   ] GC(216)   Evacuate Collection Set: 277.59ms
[2026-05-23T03:53:26.727+0000][914.468s][gc,phases   ] GC(216)   Post Evacuate Collection Set: 1.05ms
[2026-05-23T03:53:26.727+0000][914.468s][gc,phases   ] GC(216)   Other: 0.21ms
[2026-05-23T03:53:26.727+0000][914.468s][gc,heap     ] GC(216) Eden regions: 63->0(62)
[2026-05-23T03:53:26.727+0000][914.468s][gc,heap     ] GC(216) Survivor regions: 8->9(9)
[2026-05-23T03:53:26.727+0000][914.468s][gc,heap     ] GC(216) Old regions: 568->576
[2026-05-23T03:53:26.727+0000][914.468s][gc,heap     ] GC(216) Archive regions: 2->2
[2026-05-23T03:53:26.727+0000][914.468s][gc,heap     ] GC(216) Humongous regions: 2->2
[2026-05-23T03:53:26.727+0000][914.468s][gc,metaspace] GC(216) Metaspace: 42380K(42880K)->42380K(42880K) NonClass: 37593K(37824K)->37593K(37824K) Class: 4787K(5056K)->4787K(5056K)
[2026-05-23T03:53:26.727+0000][914.468s][gc          ] GC(216) Pause Young (Normal) (G1 Evacuation Pause) 10259M->9406M(22928M) 281.326ms
[2026-05-23T03:53:26.727+0000][914.468s][gc,cpu      ] GC(216) User=1.11s Sys=0.00s Real=0.28s
[2026-05-23T03:53:35.720+0000][923.461s][gc,start    ] GC(217) Pause Young (Normal) (G1 Evacuation Pause)
[2026-05-23T03:53:35.720+0000][923.461s][gc,task     ] GC(217) Using 4 workers of 4 for evacuation
[2026-05-23T03:53:35.930+0000][923.671s][gc,mmu      ] GC(217) MMU target violated: 201.0ms (200.0ms/201.0ms)
[2026-05-23T03:53:35.930+0000][923.671s][gc,phases   ] GC(217)   Pre Evacuate Collection Set: 0.11ms
[2026-05-23T03:53:35.930+0000][923.671s][gc,phases   ] GC(217)   Merge Heap Roots: 4.30ms
[2026-05-23T03:53:35.930+0000][923.671s][gc,phases   ] GC(217)   Evacuate Collection Set: 204.35ms
[2026-05-23T03:53:35.930+0000][923.671s][gc,phases   ] GC(217)   Post Evacuate Collection Set: 1.03ms
[2026-05-23T03:53:35.930+0000][923.671s][gc,phases   ] GC(217)   Other: 0.16ms
[2026-05-23T03:53:35.930+0000][923.671s][gc,heap     ] GC(217) Eden regions: 62->0(63)
[2026-05-23T03:53:35.930+0000][923.671s][gc,heap     ] GC(217) Survivor regions: 9->8(9)
[2026-05-23T03:53:35.930+0000][923.671s][gc,heap     ] GC(217) Old regions: 576->580
[2026-05-23T03:53:35.930+0000][923.671s][gc,heap     ] GC(217) Archive regions: 2->2
[2026-05-23T03:53:35.930+0000][923.671s][gc,heap     ] GC(217) Humongous regions: 2->2
[2026-05-23T03:53:35.930+0000][923.671s][gc,metaspace] GC(217) Metaspace: 42384K(42880K)->42384K(42880K) NonClass: 37596K(37824K)->37596K(37824K) Class: 4787K(5056K)->4787K(5056K)
[2026-05-23T03:53:35.930+0000][923.671s][gc          ] GC(217) Pause Young (Normal) (G1 Evacuation Pause) 10398M->9448M(22928M) 210.004ms
[2026-05-23T03:53:35.930+0000][923.671s][gc,cpu      ] GC(217) User=0.82s Sys=0.00s Real=0.21s
[2026-05-23T03:53:41.095+0000][928.836s][gc,start    ] GC(218) Pause Young (Normal) (G1 Evacuation Pause)
[2026-05-23T03:53:41.095+0000][928.836s][gc,task     ] GC(218) Using 4 workers of 4 for evacuation
[2026-05-23T03:53:41.349+0000][929.090s][gc,mmu      ] GC(218) MMU target violated: 201.0ms (200.0ms/201.0ms)
[2026-05-23T03:53:41.349+0000][929.090s][gc,phases   ] GC(218)   Pre Evacuate Collection Set: 0.12ms
[2026-05-23T03:53:41.349+0000][929.090s][gc,phases   ] GC(218)   Merge Heap Roots: 2.41ms
[2026-05-23T03:53:41.349+0000][929.090s][gc,phases   ] GC(218)   Evacuate Collection Set: 250.15ms
[2026-05-23T03:53:41.349+0000][929.090s][gc,phases   ] GC(218)   Post Evacuate Collection Set: 0.83ms
[2026-05-23T03:53:41.349+0000][929.090s][gc,phases   ] GC(218)   Other: 0.18ms
[2026-05-23T03:53:41.349+0000][929.090s][gc,heap     ] GC(218) Eden regions: 63->0(62)
[2026-05-23T03:53:41.349+0000][929.090s][gc,heap     ] GC(218) Survivor regions: 8->9(9)
[2026-05-23T03:53:41.349+0000][929.090s][gc,heap     ] GC(218) Old regions: 580->584
[2026-05-23T03:53:41.349+0000][929.090s][gc,heap     ] GC(218) Archive regions: 2->2
[2026-05-23T03:53:41.349+0000][929.090s][gc,heap     ] GC(218) Humongous regions: 2->2
[2026-05-23T03:53:41.349+0000][929.090s][gc,metaspace] GC(218) Metaspace: 42384K(42880K)->42384K(42880K) NonClass: 37596K(37824K)->37596K(37824K) Class: 4787K(5056K)->4787K(5056K)
[2026-05-23T03:53:41.349+0000][929.090s][gc          ] GC(218) Pause Young (Normal) (G1 Evacuation Pause) 10456M->9532M(22928M) 253.750ms
[2026-05-23T03:53:41.349+0000][929.090s][gc,cpu      ] GC(218) User=1.01s Sys=0.00s Real=0.26s
[2026-05-23T03:53:45.008+0000][932.749s][gc,start    ] GC(219) Pause Young (Normal) (G1 Evacuation Pause)
[2026-05-23T03:53:45.008+0000][932.750s][gc,task     ] GC(219) Using 4 workers of 4 for evacuation
[2026-05-23T03:53:45.285+0000][933.026s][gc,mmu      ] GC(219) MMU target violated: 201.0ms (200.0ms/201.0ms)
[2026-05-23T03:53:45.285+0000][933.026s][gc,phases   ] GC(219)   Pre Evacuate Collection Set: 0.14ms
[2026-05-23T03:53:45.285+0000][933.026s][gc,phases   ] GC(219)   Merge Heap Roots: 2.02ms
[2026-05-23T03:53:45.285+0000][933.026s][gc,phases   ] GC(219)   Evacuate Collection Set: 273.03ms
[2026-05-23T03:53:45.285+0000][933.026s][gc,phases   ] GC(219)   Post Evacuate Collection Set: 0.98ms
[2026-05-23T03:53:45.285+0000][933.026s][gc,phases   ] GC(219)   Other: 0.15ms
[2026-05-23T03:53:45.285+0000][933.026s][gc,heap     ] GC(219) Eden regions: 62->0(62)
[2026-05-23T03:53:45.285+0000][933.026s][gc,heap     ] GC(219) Survivor regions: 9->9(9)
[2026-05-23T03:53:45.285+0000][933.026s][gc,heap     ] GC(219) Old regions: 584->592
[2026-05-23T03:53:45.285+0000][933.026s][gc,heap     ] GC(219) Archive regions: 2->2
[2026-05-23T03:53:45.285+0000][933.026s][gc,heap     ] GC(219) Humongous regions: 2->2
[2026-05-23T03:53:45.285+0000][933.026s][gc,metaspace] GC(219) Metaspace: 42384K(42880K)->42384K(42880K) NonClass: 37596K(37824K)->37596K(37824K) Class: 4787K(5056K)->4787K(5056K)
[2026-05-23T03:53:45.285+0000][933.026s][gc          ] GC(219) Pause Young (Normal) (G1 Evacuation Pause) 10524M->9651M(22928M) 276.368ms
[2026-05-23T03:53:45.285+0000][933.026s][gc,cpu      ] GC(219) User=1.09s Sys=0.00s Real=0.28s
[2026-05-23T03:53:50.553+0000][938.294s][gc,start    ] GC(220) Pause Young (Normal) (G1 Evacuation Pause)
[2026-05-23T03:53:50.553+0000][938.294s][gc,task     ] GC(220) Using 4 workers of 4 for evacuation
[2026-05-23T03:53:50.824+0000][938.565s][gc,mmu      ] GC(220) MMU target violated: 201.0ms (200.0ms/201.0ms)
[2026-05-23T03:53:50.824+0000][938.565s][gc,phases   ] GC(220)   Pre Evacuate Collection Set: 0.12ms
[2026-05-23T03:53:50.824+0000][938.565s][gc,phases   ] GC(220)   Merge Heap Roots: 2.80ms
[2026-05-23T03:53:50.824+0000][938.565s][gc,phases   ] GC(220)   Evacuate Collection Set: 267.11ms
[2026-05-23T03:53:50.824+0000][938.566s][gc,phases   ] GC(220)   Post Evacuate Collection Set: 1.30ms
[2026-05-23T03:53:50.824+0000][938.566s][gc,phases   ] GC(220)   Other: 0.17ms
[2026-05-23T03:53:50.824+0000][938.566s][gc,heap     ] GC(220) Eden regions: 62->0(63)
[2026-05-23T03:53:50.824+0000][938.566s][gc,heap     ] GC(220) Survivor regions: 9->8(9)
[2026-05-23T03:53:50.824+0000][938.566s][gc,heap     ] GC(220) Old regions: 592->598
[2026-05-23T03:53:50.824+0000][938.566s][gc,heap     ] GC(220) Archive regions: 2->2
[2026-05-23T03:53:50.824+0000][938.566s][gc,heap     ] GC(220) Humongous regions: 2->2
[2026-05-23T03:53:50.824+0000][938.566s][gc,metaspace] GC(220) Metaspace: 42384K(42880K)->42384K(42880K) NonClass: 37597K(37824K)->37597K(37824K) Class: 4787K(5056K)->4787K(5056K)
[2026-05-23T03:53:50.824+0000][938.566s][gc          ] GC(220) Pause Young (Normal) (G1 Evacuation Pause) 10643M->9743M(22928M) 271.545ms
[2026-05-23T03:53:50.824+0000][938.566s][gc,cpu      ] GC(220) User=1.07s Sys=0.00s Real=0.27s
[2026-05-23T03:53:52.961+0000][940.703s][gc,start    ] GC(221) Pause Young (Normal) (G1 Evacuation Pause)
[2026-05-23T03:53:52.961+0000][940.703s][gc,task     ] GC(221) Using 4 workers of 4 for evacuation
[2026-05-23T03:53:53.271+0000][941.012s][gc,mmu      ] GC(221) MMU target violated: 201.0ms (200.0ms/201.0ms)
[2026-05-23T03:53:53.271+0000][941.012s][gc,phases   ] GC(221)   Pre Evacuate Collection Set: 0.17ms
[2026-05-23T03:53:53.271+0000][941.012s][gc,phases   ] GC(221)   Merge Heap Roots: 2.97ms
[2026-05-23T03:53:53.271+0000][941.012s][gc,phases   ] GC(221)   Evacuate Collection Set: 305.09ms
[2026-05-23T03:53:53.271+0000][941.012s][gc,phases   ] GC(221)   Post Evacuate Collection Set: 1.20ms
[2026-05-23T03:53:53.271+0000][941.012s][gc,phases   ] GC(221)   Other: 0.20ms
[2026-05-23T03:53:53.271+0000][941.012s][gc,heap     ] GC(221) Eden regions: 63->0(62)
[2026-05-23T03:53:53.271+0000][941.012s][gc,heap     ] GC(221) Survivor regions: 8->9(9)
[2026-05-23T03:53:53.271+0000][941.012s][gc,heap     ] GC(221) Old regions: 598->607
[2026-05-23T03:53:53.271+0000][941.012s][gc,heap     ] GC(221) Archive regions: 2->2
[2026-05-23T03:53:53.271+0000][941.012s][gc,heap     ] GC(221) Humongous regions: 2->2
[2026-05-23T03:53:53.271+0000][941.012s][gc,metaspace] GC(221) Metaspace: 42384K(42880K)->42384K(42880K) NonClass: 37597K(37824K)->37597K(37824K) Class: 4787K(5056K)->4787K(5056K)
[2026-05-23T03:53:53.271+0000][941.012s][gc          ] GC(221) Pause Young (Normal) (G1 Evacuation Pause) 10751M->9893M(22928M) 309.683ms
[2026-05-23T03:53:53.271+0000][941.012s][gc,cpu      ] GC(221) User=1.22s Sys=0.00s Real=0.31s
[2026-05-23T03:53:55.150+0000][942.891s][gc,start    ] GC(222) Pause Young (Normal) (G1 Evacuation Pause)
[2026-05-23T03:53:55.150+0000][942.891s][gc,task     ] GC(222) Using 4 workers of 4 for evacuation
[2026-05-23T03:53:55.440+0000][943.181s][gc,mmu      ] GC(222) MMU target violated: 201.0ms (200.0ms/201.0ms)
[2026-05-23T03:53:55.440+0000][943.181s][gc,phases   ] GC(222)   Pre Evacuate Collection Set: 0.15ms
[2026-05-23T03:53:55.440+0000][943.181s][gc,phases   ] GC(222)   Merge Heap Roots: 2.69ms
[2026-05-23T03:53:55.440+0000][943.181s][gc,phases   ] GC(222)   Evacuate Collection Set: 285.79ms
[2026-05-23T03:53:55.440+0000][943.181s][gc,phases   ] GC(222)   Post Evacuate Collection Set: 1.00ms
[2026-05-23T03:53:55.440+0000][943.181s][gc,phases   ] GC(222)   Other: 0.17ms
[2026-05-23T03:53:55.440+0000][943.181s][gc,heap     ] GC(222) Eden regions: 62->0(63)
[2026-05-23T03:53:55.440+0000][943.181s][gc,heap     ] GC(222) Survivor regions: 9->8(9)
[2026-05-23T03:53:55.440+0000][943.181s][gc,heap     ] GC(222) Old regions: 607->616
[2026-05-23T03:53:55.440+0000][943.181s][gc,heap     ] GC(222) Archive regions: 2->2
[2026-05-23T03:53:55.440+0000][943.181s][gc,heap     ] GC(222) Humongous regions: 2->2
[2026-05-23T03:53:55.440+0000][943.181s][gc,metaspace] GC(222) Metaspace: 42384K(42880K)->42384K(42880K) NonClass: 37597K(37824K)->37597K(37824K) Class: 4787K(5056K)->4787K(5056K)
[2026-05-23T03:53:55.440+0000][943.181s][gc          ] GC(222) Pause Young (Normal) (G1 Evacuation Pause) 10885M->10029M(22928M) 289.845ms
[2026-05-23T03:53:55.440+0000][943.181s][gc,cpu      ] GC(222) User=1.13s Sys=0.02s Real=0.29s
[2026-05-23T03:54:03.347+0000][951.088s][gc,start    ] GC(223) Pause Young (Normal) (G1 Evacuation Pause)
[2026-05-23T03:54:03.347+0000][951.088s][gc,task     ] GC(223) Using 4 workers of 4 for evacuation
[2026-05-23T03:54:03.647+0000][951.388s][gc,mmu      ] GC(223) MMU target violated: 201.0ms (200.0ms/201.0ms)
[2026-05-23T03:54:03.647+0000][951.388s][gc,phases   ] GC(223)   Pre Evacuate Collection Set: 0.11ms
[2026-05-23T03:54:03.647+0000][951.388s][gc,phases   ] GC(223)   Merge Heap Roots: 3.95ms
[2026-05-23T03:54:03.647+0000][951.388s][gc,phases   ] GC(223)   Evacuate Collection Set: 294.24ms
[2026-05-23T03:54:03.647+0000][951.388s][gc,phases   ] GC(223)   Post Evacuate Collection Set: 1.63ms
[2026-05-23T03:54:03.647+0000][951.388s][gc,phases   ] GC(223)   Other: 0.53ms
[2026-05-23T03:54:03.647+0000][951.388s][gc,heap     ] GC(223) Eden regions: 63->0(62)
[2026-05-23T03:54:03.647+0000][951.388s][gc,heap     ] GC(223) Survivor regions: 8->9(9)
[2026-05-23T03:54:03.647+0000][951.388s][gc,heap     ] GC(223) Old regions: 616->621
[2026-05-23T03:54:03.647+0000][951.388s][gc,heap     ] GC(223) Archive regions: 2->2
[2026-05-23T03:54:03.647+0000][951.388s][gc,heap     ] GC(223) Humongous regions: 2->2
[2026-05-23T03:54:03.647+0000][951.388s][gc,metaspace] GC(223) Metaspace: 42384K(42880K)->42384K(42880K) NonClass: 37597K(37824K)->37597K(37824K) Class: 4787K(5056K)->4787K(5056K)
[2026-05-23T03:54:03.647+0000][951.388s][gc          ] GC(223) Pause Young (Normal) (G1 Evacuation Pause) 11037M->10118M(22928M) 300.520ms
[2026-05-23T03:54:03.647+0000][951.388s][gc,cpu      ] GC(223) User=1.17s Sys=0.02s Real=0.30s
[2026-05-23T03:54:05.737+0000][953.478s][gc,start    ] GC(224) Pause Young (Normal) (G1 Evacuation Pause)
[2026-05-23T03:54:05.737+0000][953.478s][gc,task     ] GC(224) Using 4 workers of 4 for evacuation
[2026-05-23T03:54:06.095+0000][953.836s][gc,mmu      ] GC(224) MMU target violated: 201.0ms (200.0ms/201.0ms)
[2026-05-23T03:54:06.095+0000][953.836s][gc,phases   ] GC(224)   Pre Evacuate Collection Set: 0.12ms
[2026-05-23T03:54:06.095+0000][953.836s][gc,phases   ] GC(224)   Merge Heap Roots: 3.81ms
[2026-05-23T03:54:06.095+0000][953.836s][gc,phases   ] GC(224)   Evacuate Collection Set: 351.91ms
[2026-05-23T03:54:06.095+0000][953.836s][gc,phases   ] GC(224)   Post Evacuate Collection Set: 1.05ms
[2026-05-23T03:54:06.095+0000][953.836s][gc,phases   ] GC(224)   Other: 0.53ms
[2026-05-23T03:54:06.095+0000][953.836s][gc,heap     ] GC(224) Eden regions: 62->0(62)
[2026-05-23T03:54:06.095+0000][953.836s][gc,heap     ] GC(224) Survivor regions: 9->9(9)
[2026-05-23T03:54:06.095+0000][953.836s][gc,heap     ] GC(224) Old regions: 621->630
[2026-05-23T03:54:06.095+0000][953.836s][gc,heap     ] GC(224) Archive regions: 2->2
[2026-05-23T03:54:06.095+0000][953.836s][gc,heap     ] GC(224) Humongous regions: 2->2
[2026-05-23T03:54:06.095+0000][953.836s][gc,metaspace] GC(224) Metaspace: 42384K(42880K)->42384K(42880K) NonClass: 37597K(37824K)->37597K(37824K) Class: 4787K(5056K)->4787K(5056K)
[2026-05-23T03:54:06.095+0000][953.836s][gc          ] GC(224) Pause Young (Normal) (G1 Evacuation Pause) 11110M->10264M(22928M) 357.465ms
[2026-05-23T03:54:06.095+0000][953.836s][gc,cpu      ] GC(224) User=1.38s Sys=0.04s Real=0.36s
[2026-05-23T03:54:14.903+0000][962.644s][gc,start    ] GC(225) Pause Young (Normal) (G1 Evacuation Pause)
[2026-05-23T03:54:14.903+0000][962.644s][gc,task     ] GC(225) Using 4 workers of 4 for evacuation
[2026-05-23T03:54:15.175+0000][962.916s][gc,mmu      ] GC(225) MMU target violated: 201.0ms (200.0ms/201.0ms)
[2026-05-23T03:54:15.175+0000][962.916s][gc,phases   ] GC(225)   Pre Evacuate Collection Set: 0.12ms
[2026-05-23T03:54:15.175+0000][962.916s][gc,phases   ] GC(225)   Merge Heap Roots: 3.40ms
[2026-05-23T03:54:15.175+0000][962.916s][gc,phases   ] GC(225)   Evacuate Collection Set: 266.17ms
[2026-05-23T03:54:15.175+0000][962.916s][gc,phases   ] GC(225)   Post Evacuate Collection Set: 1.58ms
[2026-05-23T03:54:15.175+0000][962.916s][gc,phases   ] GC(225)   Other: 0.17ms
[2026-05-23T03:54:15.175+0000][962.916s][gc,heap     ] GC(225) Eden regions: 62->0(64)
[2026-05-23T03:54:15.175+0000][962.916s][gc,heap     ] GC(225) Survivor regions: 9->8(9)
[2026-05-23T03:54:15.175+0000][962.916s][gc,heap     ] GC(225) Old regions: 630->637
[2026-05-23T03:54:15.175+0000][962.916s][gc,heap     ] GC(225) Archive regions: 2->2
[2026-05-23T03:54:15.175+0000][962.916s][gc,heap     ] GC(225) Humongous regions: 2->2
[2026-05-23T03:54:15.175+0000][962.916s][gc,metaspace] GC(225) Metaspace: 42384K(42880K)->42384K(42880K) NonClass: 37597K(37824K)->37597K(37824K) Class: 4787K(5056K)->4787K(5056K)
[2026-05-23T03:54:15.175+0000][962.916s][gc          ] GC(225) Pause Young (Normal) (G1 Evacuation Pause) 11256M->10358M(23168M) 271.486ms
[2026-05-23T03:54:15.175+0000][962.916s][gc,cpu      ] GC(225) User=1.05s Sys=0.02s Real=0.27s
[2026-05-23T03:54:17.746+0000][965.487s][gc,start    ] GC(226) Pause Young (Normal) (G1 Evacuation Pause)
[2026-05-23T03:54:17.746+0000][965.487s][gc,task     ] GC(226) Using 4 workers of 4 for evacuation
[2026-05-23T03:54:18.069+0000][965.810s][gc,mmu      ] GC(226) MMU target violated: 201.0ms (200.0ms/201.0ms)
[2026-05-23T03:54:18.069+0000][965.810s][gc,phases   ] GC(226)   Pre Evacuate Collection Set: 0.15ms
[2026-05-23T03:54:18.069+0000][965.810s][gc,phases   ] GC(226)   Merge Heap Roots: 4.61ms
[2026-05-23T03:54:18.069+0000][965.810s][gc,phases   ] GC(226)   Evacuate Collection Set: 316.28ms
[2026-05-23T03:54:18.069+0000][965.810s][gc,phases   ] GC(226)   Post Evacuate Collection Set: 1.03ms
[2026-05-23T03:54:18.069+0000][965.810s][gc,phases   ] GC(226)   Other: 0.55ms
[2026-05-23T03:54:18.069+0000][965.810s][gc,heap     ] GC(226) Eden regions: 64->0(63)
[2026-05-23T03:54:18.069+0000][965.810s][gc,heap     ] GC(226) Survivor regions: 8->9(9)
[2026-05-23T03:54:18.069+0000][965.810s][gc,heap     ] GC(226) Old regions: 637->643
[2026-05-23T03:54:18.069+0000][965.810s][gc,heap     ] GC(226) Archive regions: 2->2
[2026-05-23T03:54:18.069+0000][965.810s][gc,heap     ] GC(226) Humongous regions: 2->2
[2026-05-23T03:54:18.069+0000][965.810s][gc,metaspace] GC(226) Metaspace: 42385K(42880K)->42385K(42880K) NonClass: 37598K(37824K)->37598K(37824K) Class: 4787K(5056K)->4787K(5056K)
[2026-05-23T03:54:18.069+0000][965.810s][gc          ] GC(226) Pause Young (Normal) (G1 Evacuation Pause) 11382M->10469M(23168M) 322.682ms
[2026-05-23T03:54:18.069+0000][965.810s][gc,cpu      ] GC(226) User=1.25s Sys=0.01s Real=0.33s
[2026-05-23T03:54:24.607+0000][972.348s][gc,start    ] GC(227) Pause Young (Normal) (G1 Evacuation Pause)
[2026-05-23T03:54:24.607+0000][972.348s][gc,task     ] GC(227) Using 4 workers of 4 for evacuation
[2026-05-23T03:54:24.897+0000][972.638s][gc,mmu      ] GC(227) MMU target violated: 201.0ms (200.0ms/201.0ms)
[2026-05-23T03:54:24.897+0000][972.638s][gc,phases   ] GC(227)   Pre Evacuate Collection Set: 0.11ms
[2026-05-23T03:54:24.897+0000][972.638s][gc,phases   ] GC(227)   Merge Heap Roots: 3.38ms
[2026-05-23T03:54:24.897+0000][972.638s][gc,phases   ] GC(227)   Evacuate Collection Set: 284.96ms
[2026-05-23T03:54:24.897+0000][972.638s][gc,phases   ] GC(227)   Post Evacuate Collection Set: 1.27ms
[2026-05-23T03:54:24.897+0000][972.638s][gc,phases   ] GC(227)   Other: 0.19ms
[2026-05-23T03:54:24.897+0000][972.638s][gc,heap     ] GC(227) Eden regions: 63->0(63)
[2026-05-23T03:54:24.897+0000][972.638s][gc,heap     ] GC(227) Survivor regions: 9->9(9)
[2026-05-23T03:54:24.897+0000][972.638s][gc,heap     ] GC(227) Old regions: 643->648
[2026-05-23T03:54:24.897+0000][972.638s][gc,heap     ] GC(227) Archive regions: 2->2
[2026-05-23T03:54:24.897+0000][972.638s][gc,heap     ] GC(227) Humongous regions: 2->2
[2026-05-23T03:54:24.897+0000][972.638s][gc,metaspace] GC(227) Metaspace: 42385K(42880K)->42385K(42880K) NonClass: 37598K(37824K)->37598K(37824K) Class: 4787K(5056K)->4787K(5056K)
[2026-05-23T03:54:24.897+0000][972.638s][gc          ] GC(227) Pause Young (Normal) (G1 Evacuation Pause) 11477M->10559M(23168M) 289.967ms
[2026-05-23T03:54:24.897+0000][972.638s][gc,cpu      ] GC(227) User=1.14s Sys=0.01s Real=0.29s
[2026-05-23T03:54:33.823+0000][981.564s][gc,start    ] GC(228) Pause Young (Normal) (G1 Evacuation Pause)
[2026-05-23T03:54:33.823+0000][981.564s][gc,task     ] GC(228) Using 4 workers of 4 for evacuation
[2026-05-23T03:54:33.977+0000][981.718s][gc,phases   ] GC(228)   Pre Evacuate Collection Set: 0.14ms
[2026-05-23T03:54:33.977+0000][981.718s][gc,phases   ] GC(228)   Merge Heap Roots: 3.27ms
[2026-05-23T03:54:33.977+0000][981.718s][gc,phases   ] GC(228)   Evacuate Collection Set: 148.95ms
[2026-05-23T03:54:33.977+0000][981.718s][gc,phases   ] GC(228)   Post Evacuate Collection Set: 0.70ms
[2026-05-23T03:54:33.977+0000][981.718s][gc,phases   ] GC(228)   Other: 0.13ms
[2026-05-23T03:54:33.977+0000][981.718s][gc,heap     ] GC(228) Eden regions: 63->0(68)
[2026-05-23T03:54:33.977+0000][981.718s][gc,heap     ] GC(228) Survivor regions: 9->4(9)
[2026-05-23T03:54:33.977+0000][981.718s][gc,heap     ] GC(228) Old regions: 648->651
[2026-05-23T03:54:33.977+0000][981.718s][gc,heap     ] GC(228) Archive regions: 2->2
[2026-05-23T03:54:33.977+0000][981.718s][gc,heap     ] GC(228) Humongous regions: 2->2
[2026-05-23T03:54:33.977+0000][981.718s][gc,metaspace] GC(228) Metaspace: 42391K(42880K)->42391K(42880K) NonClass: 37602K(37824K)->37602K(37824K) Class: 4788K(5056K)->4788K(5056K)
[2026-05-23T03:54:33.977+0000][981.718s][gc          ] GC(228) Pause Young (Normal) (G1 Evacuation Pause) 11567M->10506M(23168M) 153.297ms
[2026-05-23T03:54:33.977+0000][981.718s][gc,cpu      ] GC(228) User=0.60s Sys=0.01s Real=0.15s
[2026-05-23T03:54:36.612+0000][984.353s][gc,start    ] GC(229) Pause Young (Normal) (G1 Evacuation Pause)
[2026-05-23T03:54:36.612+0000][984.353s][gc,task     ] GC(229) Using 4 workers of 4 for evacuation
[2026-05-23T03:54:36.855+0000][984.596s][gc,mmu      ] GC(229) MMU target violated: 201.0ms (200.0ms/201.0ms)
[2026-05-23T03:54:36.855+0000][984.596s][gc,phases   ] GC(229)   Pre Evacuate Collection Set: 0.17ms
[2026-05-23T03:54:36.855+0000][984.596s][gc,phases   ] GC(229)   Merge Heap Roots: 0.68ms
[2026-05-23T03:54:36.855+0000][984.596s][gc,phases   ] GC(229)   Evacuate Collection Set: 240.53ms
[2026-05-23T03:54:36.855+0000][984.596s][gc,phases   ] GC(229)   Post Evacuate Collection Set: 0.92ms
[2026-05-23T03:54:36.855+0000][984.596s][gc,phases   ] GC(229)   Other: 0.50ms
[2026-05-23T03:54:36.855+0000][984.596s][gc,heap     ] GC(229) Eden regions: 68->0(63)
[2026-05-23T03:54:36.855+0000][984.596s][gc,heap     ] GC(229) Survivor regions: 4->9(9)
[2026-05-23T03:54:36.855+0000][984.596s][gc,heap     ] GC(229) Old regions: 651->656
[2026-05-23T03:54:36.855+0000][984.596s][gc,heap     ] GC(229) Archive regions: 2->2
[2026-05-23T03:54:36.855+0000][984.596s][gc,heap     ] GC(229) Humongous regions: 2->2
[2026-05-23T03:54:36.855+0000][984.596s][gc,metaspace] GC(229) Metaspace: 42391K(42880K)->42391K(42880K) NonClass: 37602K(37824K)->37602K(37824K) Class: 4788K(5056K)->4788K(5056K)
[2026-05-23T03:54:36.855+0000][984.596s][gc          ] GC(229) Pause Young (Normal) (G1 Evacuation Pause) 11594M->10685M(23168M) 242.856ms
[2026-05-23T03:54:36.855+0000][984.596s][gc,cpu      ] GC(229) User=0.93s Sys=0.02s Real=0.24s
[2026-05-23T03:54:38.935+0000][986.676s][gc,start    ] GC(230) Pause Young (Normal) (G1 Evacuation Pause)
[2026-05-23T03:54:38.935+0000][986.676s][gc,task     ] GC(230) Using 4 workers of 4 for evacuation
[2026-05-23T03:54:39.277+0000][987.018s][gc,mmu      ] GC(230) MMU target violated: 201.0ms (200.0ms/201.0ms)
[2026-05-23T03:54:39.277+0000][987.018s][gc,phases   ] GC(230)   Pre Evacuate Collection Set: 0.11ms
[2026-05-23T03:54:39.277+0000][987.018s][gc,phases   ] GC(230)   Merge Heap Roots: 1.77ms
[2026-05-23T03:54:39.277+0000][987.018s][gc,phases   ] GC(230)   Evacuate Collection Set: 338.53ms
[2026-05-23T03:54:39.277+0000][987.018s][gc,phases   ] GC(230)   Post Evacuate Collection Set: 1.07ms
[2026-05-23T03:54:39.277+0000][987.018s][gc,phases   ] GC(230)   Other: 0.53ms
[2026-05-23T03:54:39.277+0000][987.018s][gc,heap     ] GC(230) Eden regions: 63->0(63)
[2026-05-23T03:54:39.277+0000][987.018s][gc,heap     ] GC(230) Survivor regions: 9->9(9)
[2026-05-23T03:54:39.277+0000][987.018s][gc,heap     ] GC(230) Old regions: 656->666
[2026-05-23T03:54:39.277+0000][987.018s][gc,heap     ] GC(230) Archive regions: 2->2
[2026-05-23T03:54:39.277+0000][987.018s][gc,heap     ] GC(230) Humongous regions: 2->2
[2026-05-23T03:54:39.277+0000][987.018s][gc,metaspace] GC(230) Metaspace: 42391K(42880K)->42391K(42880K) NonClass: 37602K(37824K)->37602K(37824K) Class: 4788K(5056K)->4788K(5056K)
[2026-05-23T03:54:39.277+0000][987.018s][gc          ] GC(230) Pause Young (Normal) (G1 Evacuation Pause) 11693M->10846M(23168M) 342.061ms
[2026-05-23T03:54:39.277+0000][987.018s][gc,cpu      ] GC(230) User=1.31s Sys=0.04s Real=0.34s
[2026-05-23T03:54:41.204+0000][988.945s][gc,start    ] GC(231) Pause Young (Normal) (G1 Evacuation Pause)
[2026-05-23T03:54:41.204+0000][988.945s][gc,task     ] GC(231) Using 4 workers of 4 for evacuation
[2026-05-23T03:54:41.499+0000][989.241s][gc,mmu      ] GC(231) MMU target violated: 201.0ms (200.0ms/201.0ms)
[2026-05-23T03:54:41.500+0000][989.241s][gc,phases   ] GC(231)   Pre Evacuate Collection Set: 0.11ms
[2026-05-23T03:54:41.500+0000][989.241s][gc,phases   ] GC(231)   Merge Heap Roots: 2.64ms
[2026-05-23T03:54:41.500+0000][989.241s][gc,phases   ] GC(231)   Evacuate Collection Set: 291.14ms
[2026-05-23T03:54:41.500+0000][989.241s][gc,phases   ] GC(231)   Post Evacuate Collection Set: 0.99ms
[2026-05-23T03:54:41.500+0000][989.241s][gc,phases   ] GC(231)   Other: 0.57ms
[2026-05-23T03:54:41.500+0000][989.241s][gc,heap     ] GC(231) Eden regions: 63->0(64)
[2026-05-23T03:54:41.500+0000][989.241s][gc,heap     ] GC(231) Survivor regions: 9->8(9)
[2026-05-23T03:54:41.500+0000][989.241s][gc,heap     ] GC(231) Old regions: 666->676
[2026-05-23T03:54:41.500+0000][989.241s][gc,heap     ] GC(231) Archive regions: 2->2
[2026-05-23T03:54:41.500+0000][989.241s][gc,heap     ] GC(231) Humongous regions: 2->2
[2026-05-23T03:54:41.500+0000][989.241s][gc,metaspace] GC(231) Metaspace: 42391K(42880K)->42391K(42880K) NonClass: 37602K(37824K)->37602K(37824K) Class: 4788K(5056K)->4788K(5056K)
[2026-05-23T03:54:41.500+0000][989.241s][gc          ] GC(231) Pause Young (Normal) (G1 Evacuation Pause) 11854M->10989M(23168M) 295.544ms
[2026-05-23T03:54:41.500+0000][989.241s][gc,cpu      ] GC(231) User=1.13s Sys=0.03s Real=0.30s
[2026-05-23T03:54:51.514+0000][999.255s][gc,start    ] GC(232) Pause Young (Normal) (G1 Evacuation Pause)
[2026-05-23T03:54:51.514+0000][999.255s][gc,task     ] GC(232) Using 4 workers of 4 for evacuation
[2026-05-23T03:54:51.737+0000][999.479s][gc,mmu      ] GC(232) MMU target violated: 201.0ms (200.0ms/201.0ms)
[2026-05-23T03:54:51.738+0000][999.479s][gc,phases   ] GC(232)   Pre Evacuate Collection Set: 0.13ms
[2026-05-23T03:54:51.738+0000][999.479s][gc,phases   ] GC(232)   Merge Heap Roots: 3.95ms
[2026-05-23T03:54:51.738+0000][999.479s][gc,phases   ] GC(232)   Evacuate Collection Set: 217.52ms
[2026-05-23T03:54:51.738+0000][999.479s][gc,phases   ] GC(232)   Post Evacuate Collection Set: 1.67ms
[2026-05-23T03:54:51.738+0000][999.479s][gc,phases   ] GC(232)   Other: 0.55ms
[2026-05-23T03:54:51.738+0000][999.479s][gc,heap     ] GC(232) Eden regions: 64->0(64)
[2026-05-23T03:54:51.738+0000][999.479s][gc,heap     ] GC(232) Survivor regions: 8->8(9)
[2026-05-23T03:54:51.738+0000][999.479s][gc,heap     ] GC(232) Old regions: 676->678
[2026-05-23T03:54:51.738+0000][999.479s][gc,heap     ] GC(232) Archive regions: 2->2
[2026-05-23T03:54:51.738+0000][999.479s][gc,heap     ] GC(232) Humongous regions: 2->2
[2026-05-23T03:54:51.738+0000][999.479s][gc,metaspace] GC(232) Metaspace: 42391K(42880K)->42391K(42880K) NonClass: 37602K(37824K)->37602K(37824K) Class: 4788K(5056K)->4788K(5056K)
[2026-05-23T03:54:51.738+0000][999.479s][gc          ] GC(232) Pause Young (Normal) (G1 Evacuation Pause) 12013M->11018M(23328M) 223.898ms
[2026-05-23T03:54:51.738+0000][999.479s][gc,cpu      ] GC(232) User=0.87s Sys=0.01s Real=0.22s
[2026-05-23T03:54:57.626+0000][1005.367s][gc,start    ] GC(233) Pause Young (Normal) (G1 Evacuation Pause)
[2026-05-23T03:54:57.626+0000][1005.367s][gc,task     ] GC(233) Using 4 workers of 4 for evacuation
[2026-05-23T03:54:57.862+0000][1005.604s][gc,mmu      ] GC(233) MMU target violated: 201.0ms (200.0ms/201.0ms)
[2026-05-23T03:54:57.863+0000][1005.604s][gc,phases   ] GC(233)   Pre Evacuate Collection Set: 0.15ms
[2026-05-23T03:54:57.863+0000][1005.604s][gc,phases   ] GC(233)   Merge Heap Roots: 2.40ms
[2026-05-23T03:54:57.863+0000][1005.604s][gc,phases   ] GC(233)   Evacuate Collection Set: 232.75ms
[2026-05-23T03:54:57.863+0000][1005.604s][gc,phases   ] GC(233)   Post Evacuate Collection Set: 0.47ms
[2026-05-23T03:54:57.863+0000][1005.604s][gc,phases   ] GC(233)   Other: 0.57ms
[2026-05-23T03:54:57.863+0000][1005.604s][gc,heap     ] GC(233) Eden regions: 64->0(65)
[2026-05-23T03:54:57.863+0000][1005.604s][gc,heap     ] GC(233) Survivor regions: 8->7(9)
[2026-05-23T03:54:57.863+0000][1005.604s][gc,heap     ] GC(233) Old regions: 678->680
[2026-05-23T03:54:57.863+0000][1005.604s][gc,heap     ] GC(233) Archive regions: 2->2
[2026-05-23T03:54:57.863+0000][1005.604s][gc,heap     ] GC(233) Humongous regions: 2->2
[2026-05-23T03:54:57.863+0000][1005.604s][gc,metaspace] GC(233) Metaspace: 42391K(42880K)->42391K(42880K) NonClass: 37602K(37824K)->37602K(37824K) Class: 4788K(5056K)->4788K(5056K)
[2026-05-23T03:54:57.863+0000][1005.604s][gc          ] GC(233) Pause Young (Normal) (G1 Evacuation Pause) 12042M->11039M(23328M) 236.442ms
[2026-05-23T03:54:57.863+0000][1005.604s][gc,cpu      ] GC(233) User=0.93s Sys=0.01s Real=0.24s
[2026-05-23T03:55:04.634+0000][1012.375s][gc,start    ] GC(234) Pause Young (Normal) (G1 Evacuation Pause)
[2026-05-23T03:55:04.634+0000][1012.375s][gc,task     ] GC(234) Using 4 workers of 4 for evacuation
[2026-05-23T03:55:04.691+0000][1012.432s][gc,phases   ] GC(234)   Pre Evacuate Collection Set: 0.13ms
[2026-05-23T03:55:04.691+0000][1012.432s][gc,phases   ] GC(234)   Merge Heap Roots: 0.31ms
[2026-05-23T03:55:04.691+0000][1012.432s][gc,phases   ] GC(234)   Evacuate Collection Set: 56.05ms
[2026-05-23T03:55:04.691+0000][1012.432s][gc,phases   ] GC(234)   Post Evacuate Collection Set: 0.56ms
[2026-05-23T03:55:04.691+0000][1012.432s][gc,phases   ] GC(234)   Other: 0.14ms
[2026-05-23T03:55:04.691+0000][1012.432s][gc,heap     ] GC(234) Eden regions: 65->0(69)
[2026-05-23T03:55:04.691+0000][1012.432s][gc,heap     ] GC(234) Survivor regions: 7->3(9)
[2026-05-23T03:55:04.691+0000][1012.432s][gc,heap     ] GC(234) Old regions: 680->682
[2026-05-23T03:55:04.691+0000][1012.432s][gc,heap     ] GC(234) Archive regions: 2->2
[2026-05-23T03:55:04.691+0000][1012.432s][gc,heap     ] GC(234) Humongous regions: 2->2
[2026-05-23T03:55:04.691+0000][1012.432s][gc,metaspace] GC(234) Metaspace: 42391K(42880K)->42391K(42880K) NonClass: 37602K(37824K)->37602K(37824K) Class: 4788K(5056K)->4788K(5056K)
[2026-05-23T03:55:04.691+0000][1012.432s][gc          ] GC(234) Pause Young (Normal) (G1 Evacuation Pause) 12079M->10996M(23328M) 57.288ms
[2026-05-23T03:55:04.691+0000][1012.432s][gc,cpu      ] GC(234) User=0.22s Sys=0.01s Real=0.06s
[2026-05-23T03:55:11.827+0000][1019.568s][gc,start    ] GC(235) Pause Young (Normal) (G1 Evacuation Pause)
[2026-05-23T03:55:11.827+0000][1019.568s][gc,task     ] GC(235) Using 4 workers of 4 for evacuation
[2026-05-23T03:55:11.916+0000][1019.658s][gc,phases   ] GC(235)   Pre Evacuate Collection Set: 0.17ms
[2026-05-23T03:55:11.917+0000][1019.658s][gc,phases   ] GC(235)   Merge Heap Roots: 0.29ms
[2026-05-23T03:55:11.917+0000][1019.658s][gc,phases   ] GC(235)   Evacuate Collection Set: 88.24ms
[2026-05-23T03:55:11.917+0000][1019.658s][gc,phases   ] GC(235)   Post Evacuate Collection Set: 0.48ms
[2026-05-23T03:55:11.917+0000][1019.658s][gc,phases   ] GC(235)   Other: 0.10ms
[2026-05-23T03:55:11.917+0000][1019.658s][gc,heap     ] GC(235) Eden regions: 69->0(65)
[2026-05-23T03:55:11.917+0000][1019.658s][gc,heap     ] GC(235) Survivor regions: 3->7(9)
[2026-05-23T03:55:11.917+0000][1019.658s][gc,heap     ] GC(235) Old regions: 682->682
[2026-05-23T03:55:11.917+0000][1019.658s][gc,heap     ] GC(235) Archive regions: 2->2
[2026-05-23T03:55:11.917+0000][1019.658s][gc,heap     ] GC(235) Humongous regions: 2->2
[2026-05-23T03:55:11.917+0000][1019.658s][gc,metaspace] GC(235) Metaspace: 42391K(42880K)->42391K(42880K) NonClass: 37602K(37824K)->37602K(37824K) Class: 4788K(5056K)->4788K(5056K)
[2026-05-23T03:55:11.917+0000][1019.658s][gc          ] GC(235) Pause Young (Normal) (G1 Evacuation Pause) 12100M->11067M(23328M) 89.416ms
[2026-05-23T03:55:11.917+0000][1019.658s][gc,cpu      ] GC(235) User=0.36s Sys=0.00s Real=0.09s
[2026-05-23T03:55:16.276+0000][1024.017s][gc,start    ] GC(236) Pause Young (Normal) (G1 Evacuation Pause)
[2026-05-23T03:55:16.276+0000][1024.017s][gc,task     ] GC(236) Using 4 workers of 4 for evacuation
[2026-05-23T03:55:16.344+0000][1024.085s][gc,phases   ] GC(236)   Pre Evacuate Collection Set: 0.11ms
[2026-05-23T03:55:16.344+0000][1024.085s][gc,phases   ] GC(236)   Merge Heap Roots: 0.28ms
[2026-05-23T03:55:16.344+0000][1024.085s][gc,phases   ] GC(236)   Evacuate Collection Set: 66.59ms
[2026-05-23T03:55:16.344+0000][1024.085s][gc,phases   ] GC(236)   Post Evacuate Collection Set: 0.50ms
[2026-05-23T03:55:16.344+0000][1024.085s][gc,phases   ] GC(236)   Other: 0.12ms
[2026-05-23T03:55:16.344+0000][1024.085s][gc,heap     ] GC(236) Eden regions: 65->0(113)
[2026-05-23T03:55:16.344+0000][1024.085s][gc,heap     ] GC(236) Survivor regions: 7->2(9)
[2026-05-23T03:55:16.344+0000][1024.085s][gc,heap     ] GC(236) Old regions: 682->686
[2026-05-23T03:55:16.344+0000][1024.085s][gc,heap     ] GC(236) Archive regions: 2->2
[2026-05-23T03:55:16.344+0000][1024.085s][gc,heap     ] GC(236) Humongous regions: 2->2
[2026-05-23T03:55:16.344+0000][1024.085s][gc,metaspace] GC(236) Metaspace: 42391K(42880K)->42391K(42880K) NonClass: 37602K(37824K)->37602K(37824K) Class: 4788K(5056K)->4788K(5056K)
[2026-05-23T03:55:16.344+0000][1024.085s][gc          ] GC(236) Pause Young (Normal) (G1 Evacuation Pause) 12107M->11049M(23328M) 67.698ms
[2026-05-23T03:55:16.344+0000][1024.085s][gc,cpu      ] GC(236) User=0.25s Sys=0.02s Real=0.07s
[2026-05-23T03:55:28.605+0000][1036.347s][gc,start    ] GC(237) Pause Young (Normal) (G1 Evacuation Pause)
[2026-05-23T03:55:28.606+0000][1036.347s][gc,task     ] GC(237) Using 4 workers of 4 for evacuation
[2026-05-23T03:55:28.818+0000][1036.559s][gc,mmu      ] GC(237) MMU target violated: 201.0ms (200.0ms/201.0ms)
[2026-05-23T03:55:28.818+0000][1036.559s][gc,phases   ] GC(237)   Pre Evacuate Collection Set: 0.12ms
[2026-05-23T03:55:28.818+0000][1036.559s][gc,phases   ] GC(237)   Merge Heap Roots: 0.27ms
[2026-05-23T03:55:28.818+0000][1036.559s][gc,phases   ] GC(237)   Evacuate Collection Set: 211.70ms
[2026-05-23T03:55:28.818+0000][1036.559s][gc,phases   ] GC(237)   Post Evacuate Collection Set: 0.60ms
[2026-05-23T03:55:28.818+0000][1036.559s][gc,phases   ] GC(237)   Other: 0.21ms
[2026-05-23T03:55:28.818+0000][1036.559s][gc,heap     ] GC(237) Eden regions: 113->0(57)
[2026-05-23T03:55:28.818+0000][1036.559s][gc,heap     ] GC(237) Survivor regions: 2->15(15)
[2026-05-23T03:55:28.818+0000][1036.559s][gc,heap     ] GC(237) Old regions: 686->686
[2026-05-23T03:55:28.818+0000][1036.559s][gc,heap     ] GC(237) Archive regions: 2->2
[2026-05-23T03:55:28.818+0000][1036.559s][gc,heap     ] GC(237) Humongous regions: 2->2
[2026-05-23T03:55:28.818+0000][1036.559s][gc,metaspace] GC(237) Metaspace: 42391K(42880K)->42391K(42880K) NonClass: 37602K(37824K)->37602K(37824K) Class: 4788K(5056K)->4788K(5056K)
[2026-05-23T03:55:28.818+0000][1036.559s][gc          ] GC(237) Pause Young (Normal) (G1 Evacuation Pause) 12857M->11252M(23328M) 212.950ms
[2026-05-23T03:55:28.818+0000][1036.559s][gc,cpu      ] GC(237) User=0.84s Sys=0.00s Real=0.21s
[2026-05-23T03:55:30.731+0000][1038.472s][gc,start    ] GC(238) Pause Young (Normal) (G1 Evacuation Pause)
[2026-05-23T03:55:30.731+0000][1038.472s][gc,task     ] GC(238) Using 4 workers of 4 for evacuation
[2026-05-23T03:55:31.082+0000][1038.823s][gc,mmu      ] GC(238) MMU target violated: 201.0ms (200.0ms/201.0ms)
[2026-05-23T03:55:31.082+0000][1038.823s][gc,phases   ] GC(238)   Pre Evacuate Collection Set: 0.12ms
[2026-05-23T03:55:31.082+0000][1038.823s][gc,phases   ] GC(238)   Merge Heap Roots: 0.27ms
[2026-05-23T03:55:31.082+0000][1038.823s][gc,phases   ] GC(238)   Evacuate Collection Set: 350.12ms
[2026-05-23T03:55:31.082+0000][1038.823s][gc,phases   ] GC(238)   Post Evacuate Collection Set: 0.96ms
[2026-05-23T03:55:31.082+0000][1038.823s][gc,phases   ] GC(238)   Other: 0.18ms
[2026-05-23T03:55:31.082+0000][1038.823s][gc,heap     ] GC(238) Eden regions: 57->0(63)
[2026-05-23T03:55:31.082+0000][1038.823s][gc,heap     ] GC(238) Survivor regions: 15->9(9)
[2026-05-23T03:55:31.082+0000][1038.823s][gc,heap     ] GC(238) Old regions: 686->700
[2026-05-23T03:55:31.082+0000][1038.823s][gc,heap     ] GC(238) Archive regions: 2->2
[2026-05-23T03:55:31.082+0000][1038.823s][gc,heap     ] GC(238) Humongous regions: 2->2
[2026-05-23T03:55:31.082+0000][1038.823s][gc,metaspace] GC(238) Metaspace: 42391K(42880K)->42391K(42880K) NonClass: 37602K(37824K)->37602K(37824K) Class: 4788K(5056K)->4788K(5056K)
[2026-05-23T03:55:31.082+0000][1038.823s][gc          ] GC(238) Pause Young (Normal) (G1 Evacuation Pause) 12164M->11386M(23328M) 351.704ms
[2026-05-23T03:55:31.082+0000][1038.823s][gc,cpu      ] GC(238) User=1.33s Sys=0.06s Real=0.35s
[2026-05-23T03:55:35.827+0000][1043.568s][gc,start    ] GC(239) Pause Young (Normal) (G1 Evacuation Pause)
[2026-05-23T03:55:35.827+0000][1043.568s][gc,task     ] GC(239) Using 4 workers of 4 for evacuation
[2026-05-23T03:55:36.116+0000][1043.857s][gc,mmu      ] GC(239) MMU target violated: 201.0ms (200.0ms/201.0ms)
[2026-05-23T03:55:36.116+0000][1043.857s][gc,phases   ] GC(239)   Pre Evacuate Collection Set: 0.12ms
[2026-05-23T03:55:36.116+0000][1043.857s][gc,phases   ] GC(239)   Merge Heap Roots: 2.81ms
[2026-05-23T03:55:36.116+0000][1043.857s][gc,phases   ] GC(239)   Evacuate Collection Set: 284.82ms
[2026-05-23T03:55:36.116+0000][1043.857s][gc,phases   ] GC(239)   Post Evacuate Collection Set: 1.12ms
[2026-05-23T03:55:36.116+0000][1043.857s][gc,phases   ] GC(239)   Other: 0.19ms
[2026-05-23T03:55:36.116+0000][1043.857s][gc,heap     ] GC(239) Eden regions: 63->0(63)
[2026-05-23T03:55:36.116+0000][1043.857s][gc,heap     ] GC(239) Survivor regions: 9->9(9)
[2026-05-23T03:55:36.116+0000][1043.857s][gc,heap     ] GC(239) Old regions: 700->708
[2026-05-23T03:55:36.116+0000][1043.857s][gc,heap     ] GC(239) Archive regions: 2->2
[2026-05-23T03:55:36.116+0000][1043.857s][gc,heap     ] GC(239) Humongous regions: 2->2
[2026-05-23T03:55:36.116+0000][1043.857s][gc,metaspace] GC(239) Metaspace: 42392K(42880K)->42392K(42880K) NonClass: 37603K(37824K)->37603K(37824K) Class: 4788K(5056K)->4788K(5056K)
[2026-05-23T03:55:36.116+0000][1043.857s][gc          ] GC(239) Pause Young (Normal) (G1 Evacuation Pause) 12394M->11511M(23328M) 289.112ms
[2026-05-23T03:55:36.116+0000][1043.857s][gc,cpu      ] GC(239) User=1.11s Sys=0.03s Real=0.29s
[2026-05-23T03:55:41.103+0000][1048.844s][gc,start    ] GC(240) Pause Young (Normal) (G1 Evacuation Pause)
[2026-05-23T03:55:41.103+0000][1048.844s][gc,task     ] GC(240) Using 4 workers of 4 for evacuation
[2026-05-23T03:55:41.440+0000][1049.181s][gc,mmu      ] GC(240) MMU target violated: 201.0ms (200.0ms/201.0ms)
[2026-05-23T03:55:41.440+0000][1049.181s][gc,phases   ] GC(240)   Pre Evacuate Collection Set: 0.19ms
[2026-05-23T03:55:41.440+0000][1049.181s][gc,phases   ] GC(240)   Merge Heap Roots: 3.77ms
[2026-05-23T03:55:41.440+0000][1049.181s][gc,phases   ] GC(240)   Evacuate Collection Set: 330.87ms
[2026-05-23T03:55:41.440+0000][1049.181s][gc,phases   ] GC(240)   Post Evacuate Collection Set: 1.07ms
[2026-05-23T03:55:41.440+0000][1049.181s][gc,phases   ] GC(240)   Other: 0.53ms
[2026-05-23T03:55:41.440+0000][1049.181s][gc,heap     ] GC(240) Eden regions: 63->0(63)
[2026-05-23T03:55:41.440+0000][1049.181s][gc,heap     ] GC(240) Survivor regions: 9->9(9)
[2026-05-23T03:55:41.440+0000][1049.181s][gc,heap     ] GC(240) Old regions: 708->717
[2026-05-23T03:55:41.440+0000][1049.181s][gc,heap     ] GC(240) Archive regions: 2->2
[2026-05-23T03:55:41.440+0000][1049.181s][gc,heap     ] GC(240) Humongous regions: 2->2
[2026-05-23T03:55:41.440+0000][1049.181s][gc,metaspace] GC(240) Metaspace: 42392K(42880K)->42392K(42880K) NonClass: 37603K(37824K)->37603K(37824K) Class: 4788K(5056K)->4788K(5056K)
[2026-05-23T03:55:41.440+0000][1049.181s][gc          ] GC(240) Pause Young (Normal) (G1 Evacuation Pause) 12519M->11660M(23328M) 336.487ms
[2026-05-23T03:55:41.440+0000][1049.181s][gc,cpu      ] GC(240) User=1.30s Sys=0.03s Real=0.34s
[2026-05-23T03:55:46.306+0000][1054.047s][gc,start    ] GC(241) Pause Young (Normal) (G1 Evacuation Pause)
[2026-05-23T03:55:46.306+0000][1054.047s][gc,task     ] GC(241) Using 4 workers of 4 for evacuation
[2026-05-23T03:55:46.640+0000][1054.381s][gc,mmu      ] GC(241) MMU target violated: 201.0ms (200.0ms/201.0ms)
[2026-05-23T03:55:46.640+0000][1054.381s][gc,phases   ] GC(241)   Pre Evacuate Collection Set: 0.17ms
[2026-05-23T03:55:46.640+0000][1054.381s][gc,phases   ] GC(241)   Merge Heap Roots: 4.17ms
[2026-05-23T03:55:46.640+0000][1054.381s][gc,phases   ] GC(241)   Evacuate Collection Set: 328.00ms
[2026-05-23T03:55:46.640+0000][1054.381s][gc,phases   ] GC(241)   Post Evacuate Collection Set: 1.27ms
[2026-05-23T03:55:46.640+0000][1054.381s][gc,phases   ] GC(241)   Other: 0.20ms
[2026-05-23T03:55:46.640+0000][1054.381s][gc,heap     ] GC(241) Eden regions: 63->0(63)
[2026-05-23T03:55:46.640+0000][1054.381s][gc,heap     ] GC(241) Survivor regions: 9->9(9)
[2026-05-23T03:55:46.640+0000][1054.381s][gc,heap     ] GC(241) Old regions: 717->726
[2026-05-23T03:55:46.640+0000][1054.381s][gc,heap     ] GC(241) Archive regions: 2->2
[2026-05-23T03:55:46.640+0000][1054.381s][gc,heap     ] GC(241) Humongous regions: 2->2
[2026-05-23T03:55:46.640+0000][1054.381s][gc,metaspace] GC(241) Metaspace: 42392K(42880K)->42392K(42880K) NonClass: 37603K(37824K)->37603K(37824K) Class: 4788K(5056K)->4788K(5056K)
[2026-05-23T03:55:46.640+0000][1054.381s][gc          ] GC(241) Pause Young (Normal) (G1 Evacuation Pause) 12668M->11805M(23328M) 333.869ms
[2026-05-23T03:55:46.640+0000][1054.381s][gc,cpu      ] GC(241) User=1.29s Sys=0.02s Real=0.34s
[2026-05-23T03:55:51.685+0000][1059.426s][gc,start    ] GC(242) Pause Young (Normal) (G1 Evacuation Pause)
[2026-05-23T03:55:51.685+0000][1059.426s][gc,task     ] GC(242) Using 4 workers of 4 for evacuation
[2026-05-23T03:55:52.037+0000][1059.779s][gc,mmu      ] GC(242) MMU target violated: 201.0ms (200.0ms/201.0ms)
[2026-05-23T03:55:52.038+0000][1059.779s][gc,phases   ] GC(242)   Pre Evacuate Collection Set: 0.11ms
[2026-05-23T03:55:52.038+0000][1059.779s][gc,phases   ] GC(242)   Merge Heap Roots: 3.89ms
[2026-05-23T03:55:52.038+0000][1059.779s][gc,phases   ] GC(242)   Evacuate Collection Set: 347.58ms
[2026-05-23T03:55:52.038+0000][1059.779s][gc,phases   ] GC(242)   Post Evacuate Collection Set: 1.08ms
[2026-05-23T03:55:52.038+0000][1059.779s][gc,phases   ] GC(242)   Other: 0.21ms
[2026-05-23T03:55:52.038+0000][1059.779s][gc,heap     ] GC(242) Eden regions: 63->0(63)
[2026-05-23T03:55:52.038+0000][1059.779s][gc,heap     ] GC(242) Survivor regions: 9->9(9)
[2026-05-23T03:55:52.038+0000][1059.779s][gc,heap     ] GC(242) Old regions: 726->736
[2026-05-23T03:55:52.038+0000][1059.779s][gc,heap     ] GC(242) Archive regions: 2->2
[2026-05-23T03:55:52.038+0000][1059.779s][gc,heap     ] GC(242) Humongous regions: 2->2
[2026-05-23T03:55:52.038+0000][1059.779s][gc,metaspace] GC(242) Metaspace: 42392K(42880K)->42392K(42880K) NonClass: 37603K(37824K)->37603K(37824K) Class: 4788K(5056K)->4788K(5056K)
[2026-05-23T03:55:52.038+0000][1059.779s][gc          ] GC(242) Pause Young (Normal) (G1 Evacuation Pause) 12813M->11965M(23328M) 352.935ms
[2026-05-23T03:55:52.038+0000][1059.779s][gc,cpu      ] GC(242) User=1.40s Sys=0.00s Real=0.35s
[2026-05-23T03:55:56.890+0000][1064.631s][gc,start    ] GC(243) Pause Young (Normal) (G1 Evacuation Pause)
[2026-05-23T03:55:56.890+0000][1064.631s][gc,task     ] GC(243) Using 4 workers of 4 for evacuation
[2026-05-23T03:55:57.210+0000][1064.951s][gc,mmu      ] GC(243) MMU target violated: 201.0ms (200.0ms/201.0ms)
[2026-05-23T03:55:57.210+0000][1064.951s][gc,phases   ] GC(243)   Pre Evacuate Collection Set: 0.13ms
[2026-05-23T03:55:57.210+0000][1064.951s][gc,phases   ] GC(243)   Merge Heap Roots: 3.43ms
[2026-05-23T03:55:57.210+0000][1064.951s][gc,phases   ] GC(243)   Evacuate Collection Set: 314.81ms
[2026-05-23T03:55:57.210+0000][1064.951s][gc,phases   ] GC(243)   Post Evacuate Collection Set: 1.21ms
[2026-05-23T03:55:57.210+0000][1064.951s][gc,phases   ] GC(243)   Other: 0.17ms
[2026-05-23T03:55:57.210+0000][1064.951s][gc,heap     ] GC(243) Eden regions: 63->0(63)
[2026-05-23T03:55:57.210+0000][1064.951s][gc,heap     ] GC(243) Survivor regions: 9->9(9)
[2026-05-23T03:55:57.210+0000][1064.951s][gc,heap     ] GC(243) Old regions: 736->745
[2026-05-23T03:55:57.210+0000][1064.951s][gc,heap     ] GC(243) Archive regions: 2->2
[2026-05-23T03:55:57.210+0000][1064.951s][gc,heap     ] GC(243) Humongous regions: 2->2
[2026-05-23T03:55:57.210+0000][1064.951s][gc,metaspace] GC(243) Metaspace: 42392K(42880K)->42392K(42880K) NonClass: 37603K(37824K)->37603K(37824K) Class: 4788K(5056K)->4788K(5056K)
[2026-05-23T03:55:57.210+0000][1064.951s][gc          ] GC(243) Pause Young (Normal) (G1 Evacuation Pause) 12973M->12102M(23328M) 319.815ms
[2026-05-23T03:55:57.210+0000][1064.951s][gc,cpu      ] GC(243) User=1.27s Sys=0.00s Real=0.32s
[2026-05-23T03:56:04.374+0000][1072.115s][gc,start    ] GC(244) Pause Young (Normal) (G1 Evacuation Pause)
[2026-05-23T03:56:04.374+0000][1072.115s][gc,task     ] GC(244) Using 4 workers of 4 for evacuation
[2026-05-23T03:56:04.674+0000][1072.415s][gc,mmu      ] GC(244) MMU target violated: 201.0ms (200.0ms/201.0ms)
[2026-05-23T03:56:04.674+0000][1072.415s][gc,phases   ] GC(244)   Pre Evacuate Collection Set: 0.11ms
[2026-05-23T03:56:04.674+0000][1072.415s][gc,phases   ] GC(244)   Merge Heap Roots: 4.42ms
[2026-05-23T03:56:04.674+0000][1072.415s][gc,phases   ] GC(244)   Evacuate Collection Set: 293.55ms
[2026-05-23T03:56:04.674+0000][1072.415s][gc,phases   ] GC(244)   Post Evacuate Collection Set: 1.22ms
[2026-05-23T03:56:04.674+0000][1072.415s][gc,phases   ] GC(244)   Other: 0.17ms
[2026-05-23T03:56:04.674+0000][1072.415s][gc,heap     ] GC(244) Eden regions: 63->0(63)
[2026-05-23T03:56:04.674+0000][1072.415s][gc,heap     ] GC(244) Survivor regions: 9->9(9)
[2026-05-23T03:56:04.674+0000][1072.415s][gc,heap     ] GC(244) Old regions: 745->750
[2026-05-23T03:56:04.674+0000][1072.415s][gc,heap     ] GC(244) Archive regions: 2->2
[2026-05-23T03:56:04.674+0000][1072.415s][gc,heap     ] GC(244) Humongous regions: 2->2
[2026-05-23T03:56:04.674+0000][1072.415s][gc,metaspace] GC(244) Metaspace: 42392K(42880K)->42392K(42880K) NonClass: 37603K(37824K)->37603K(37824K) Class: 4788K(5056K)->4788K(5056K)
[2026-05-23T03:56:04.674+0000][1072.415s][gc          ] GC(244) Pause Young (Normal) (G1 Evacuation Pause) 13110M->12191M(23328M) 299.519ms
[2026-05-23T03:56:04.674+0000][1072.415s][gc,cpu      ] GC(244) User=1.17s Sys=0.01s Real=0.30s
[2026-05-23T03:56:11.936+0000][1079.677s][gc,start    ] GC(245) Pause Young (Normal) (G1 Evacuation Pause)
[2026-05-23T03:56:11.936+0000][1079.677s][gc,task     ] GC(245) Using 4 workers of 4 for evacuation
[2026-05-23T03:56:12.175+0000][1079.916s][gc,mmu      ] GC(245) MMU target violated: 201.0ms (200.0ms/201.0ms)
[2026-05-23T03:56:12.175+0000][1079.916s][gc,phases   ] GC(245)   Pre Evacuate Collection Set: 0.13ms
[2026-05-23T03:56:12.175+0000][1079.916s][gc,phases   ] GC(245)   Merge Heap Roots: 3.16ms
[2026-05-23T03:56:12.175+0000][1079.916s][gc,phases   ] GC(245)   Evacuate Collection Set: 234.04ms
[2026-05-23T03:56:12.175+0000][1079.916s][gc,phases   ] GC(245)   Post Evacuate Collection Set: 0.93ms
[2026-05-23T03:56:12.175+0000][1079.916s][gc,phases   ] GC(245)   Other: 0.15ms
[2026-05-23T03:56:12.175+0000][1079.916s][gc,heap     ] GC(245) Eden regions: 63->0(63)
[2026-05-23T03:56:12.175+0000][1079.916s][gc,heap     ] GC(245) Survivor regions: 9->9(9)
[2026-05-23T03:56:12.175+0000][1079.916s][gc,heap     ] GC(245) Old regions: 750->753
[2026-05-23T03:56:12.175+0000][1079.916s][gc,heap     ] GC(245) Archive regions: 2->2
[2026-05-23T03:56:12.175+0000][1079.916s][gc,heap     ] GC(245) Humongous regions: 2->2
[2026-05-23T03:56:12.175+0000][1079.916s][gc,metaspace] GC(245) Metaspace: 42392K(42880K)->42392K(42880K) NonClass: 37603K(37824K)->37603K(37824K) Class: 4788K(5056K)->4788K(5056K)
[2026-05-23T03:56:12.175+0000][1079.916s][gc          ] GC(245) Pause Young (Normal) (G1 Evacuation Pause) 13199M->12237M(23328M) 238.460ms
[2026-05-23T03:56:12.175+0000][1079.916s][gc,cpu      ] GC(245) User=0.94s Sys=0.00s Real=0.24s
[2026-05-23T03:56:16.574+0000][1084.315s][gc,start    ] GC(246) Pause Young (Normal) (G1 Evacuation Pause)
[2026-05-23T03:56:16.574+0000][1084.315s][gc,task     ] GC(246) Using 4 workers of 4 for evacuation
[2026-05-23T03:56:16.826+0000][1084.567s][gc,mmu      ] GC(246) MMU target violated: 201.0ms (200.0ms/201.0ms)
[2026-05-23T03:56:16.826+0000][1084.567s][gc,phases   ] GC(246)   Pre Evacuate Collection Set: 0.12ms
[2026-05-23T03:56:16.826+0000][1084.567s][gc,phases   ] GC(246)   Merge Heap Roots: 1.91ms
[2026-05-23T03:56:16.826+0000][1084.567s][gc,phases   ] GC(246)   Evacuate Collection Set: 248.58ms
[2026-05-23T03:56:16.826+0000][1084.567s][gc,phases   ] GC(246)   Post Evacuate Collection Set: 0.98ms
[2026-05-23T03:56:16.826+0000][1084.567s][gc,phases   ] GC(246)   Other: 0.21ms
[2026-05-23T03:56:16.826+0000][1084.567s][gc,heap     ] GC(246) Eden regions: 63->0(63)
[2026-05-23T03:56:16.826+0000][1084.567s][gc,heap     ] GC(246) Survivor regions: 9->9(9)
[2026-05-23T03:56:16.826+0000][1084.567s][gc,heap     ] GC(246) Old regions: 753->759
[2026-05-23T03:56:16.826+0000][1084.567s][gc,heap     ] GC(246) Archive regions: 2->2
[2026-05-23T03:56:16.826+0000][1084.567s][gc,heap     ] GC(246) Humongous regions: 2->2
[2026-05-23T03:56:16.826+0000][1084.567s][gc,metaspace] GC(246) Metaspace: 42392K(42880K)->42392K(42880K) NonClass: 37603K(37824K)->37603K(37824K) Class: 4788K(5056K)->4788K(5056K)
[2026-05-23T03:56:16.826+0000][1084.567s][gc          ] GC(246) Pause Young (Normal) (G1 Evacuation Pause) 13245M->12324M(23328M) 251.857ms
[2026-05-23T03:56:16.826+0000][1084.567s][gc,cpu      ] GC(246) User=0.98s Sys=0.01s Real=0.25s
[2026-05-23T03:56:22.499+0000][1090.240s][gc,start    ] GC(247) Pause Young (Normal) (G1 Evacuation Pause)
[2026-05-23T03:56:22.499+0000][1090.240s][gc,task     ] GC(247) Using 4 workers of 4 for evacuation
[2026-05-23T03:56:22.781+0000][1090.522s][gc,mmu      ] GC(247) MMU target violated: 201.0ms (200.0ms/201.0ms)
[2026-05-23T03:56:22.781+0000][1090.522s][gc,phases   ] GC(247)   Pre Evacuate Collection Set: 0.12ms
[2026-05-23T03:56:22.781+0000][1090.522s][gc,phases   ] GC(247)   Merge Heap Roots: 2.62ms
[2026-05-23T03:56:22.781+0000][1090.522s][gc,phases   ] GC(247)   Evacuate Collection Set: 277.61ms
[2026-05-23T03:56:22.781+0000][1090.522s][gc,phases   ] GC(247)   Post Evacuate Collection Set: 1.20ms
[2026-05-23T03:56:22.781+0000][1090.522s][gc,phases   ] GC(247)   Other: 0.54ms
[2026-05-23T03:56:22.781+0000][1090.522s][gc,heap     ] GC(247) Eden regions: 63->0(63)
[2026-05-23T03:56:22.781+0000][1090.522s][gc,heap     ] GC(247) Survivor regions: 9->9(9)
[2026-05-23T03:56:22.781+0000][1090.522s][gc,heap     ] GC(247) Old regions: 759->766
[2026-05-23T03:56:22.781+0000][1090.522s][gc,heap     ] GC(247) Archive regions: 2->2
[2026-05-23T03:56:22.781+0000][1090.522s][gc,heap     ] GC(247) Humongous regions: 2->2
[2026-05-23T03:56:22.781+0000][1090.522s][gc,metaspace] GC(247) Metaspace: 42392K(42880K)->42392K(42880K) NonClass: 37603K(37824K)->37603K(37824K) Class: 4788K(5056K)->4788K(5056K)
[2026-05-23T03:56:22.781+0000][1090.522s][gc          ] GC(247) Pause Young (Normal) (G1 Evacuation Pause) 13332M->12439M(23328M) 282.146ms
[2026-05-23T03:56:22.781+0000][1090.522s][gc,cpu      ] GC(247) User=1.08s Sys=0.03s Real=0.28s
[2026-05-23T03:56:28.504+0000][1096.245s][gc,start    ] GC(248) Pause Young (Normal) (G1 Evacuation Pause)
[2026-05-23T03:56:28.504+0000][1096.245s][gc,task     ] GC(248) Using 4 workers of 4 for evacuation
[2026-05-23T03:56:28.767+0000][1096.508s][gc,mmu      ] GC(248) MMU target violated: 201.0ms (200.0ms/201.0ms)
[2026-05-23T03:56:28.767+0000][1096.508s][gc,phases   ] GC(248)   Pre Evacuate Collection Set: 0.16ms
[2026-05-23T03:56:28.767+0000][1096.508s][gc,phases   ] GC(248)   Merge Heap Roots: 3.19ms
[2026-05-23T03:56:28.767+0000][1096.508s][gc,phases   ] GC(248)   Evacuate Collection Set: 258.21ms
[2026-05-23T03:56:28.767+0000][1096.508s][gc,phases   ] GC(248)   Post Evacuate Collection Set: 1.11ms
[2026-05-23T03:56:28.767+0000][1096.508s][gc,phases   ] GC(248)   Other: 0.51ms
[2026-05-23T03:56:28.767+0000][1096.508s][gc,heap     ] GC(248) Eden regions: 63->0(64)
[2026-05-23T03:56:28.767+0000][1096.508s][gc,heap     ] GC(248) Survivor regions: 9->8(9)
[2026-05-23T03:56:28.767+0000][1096.508s][gc,heap     ] GC(248) Old regions: 766->773
[2026-05-23T03:56:28.767+0000][1096.508s][gc,heap     ] GC(248) Archive regions: 2->2
[2026-05-23T03:56:28.767+0000][1096.508s][gc,heap     ] GC(248) Humongous regions: 2->2
[2026-05-23T03:56:28.767+0000][1096.508s][gc,metaspace] GC(248) Metaspace: 42393K(42880K)->42393K(42880K) NonClass: 37604K(37824K)->37604K(37824K) Class: 4788K(5056K)->4788K(5056K)
[2026-05-23T03:56:28.767+0000][1096.508s][gc          ] GC(248) Pause Young (Normal) (G1 Evacuation Pause) 13447M->12536M(23328M) 263.228ms
[2026-05-23T03:56:28.767+0000][1096.508s][gc,cpu      ] GC(248) User=1.02s Sys=0.02s Real=0.26s
[2026-05-23T03:56:30.975+0000][1098.716s][gc,start    ] GC(249) Pause Young (Normal) (G1 Evacuation Pause)
[2026-05-23T03:56:30.975+0000][1098.716s][gc,task     ] GC(249) Using 4 workers of 4 for evacuation
[2026-05-23T03:56:31.295+0000][1099.036s][gc,mmu      ] GC(249) MMU target violated: 201.0ms (200.0ms/201.0ms)
[2026-05-23T03:56:31.295+0000][1099.036s][gc,phases   ] GC(249)   Pre Evacuate Collection Set: 0.11ms
[2026-05-23T03:56:31.295+0000][1099.036s][gc,phases   ] GC(249)   Merge Heap Roots: 3.32ms
[2026-05-23T03:56:31.295+0000][1099.036s][gc,phases   ] GC(249)   Evacuate Collection Set: 314.91ms
[2026-05-23T03:56:31.295+0000][1099.036s][gc,phases   ] GC(249)   Post Evacuate Collection Set: 1.26ms
[2026-05-23T03:56:31.295+0000][1099.036s][gc,phases   ] GC(249)   Other: 0.54ms
[2026-05-23T03:56:31.295+0000][1099.036s][gc,heap     ] GC(249) Eden regions: 64->0(63)
[2026-05-23T03:56:31.295+0000][1099.036s][gc,heap     ] GC(249) Survivor regions: 8->9(9)
[2026-05-23T03:56:31.295+0000][1099.036s][gc,heap     ] GC(249) Old regions: 773->782
[2026-05-23T03:56:31.295+0000][1099.036s][gc,heap     ] GC(249) Archive regions: 2->2
[2026-05-23T03:56:31.295+0000][1099.036s][gc,heap     ] GC(249) Humongous regions: 2->2
[2026-05-23T03:56:31.295+0000][1099.036s][gc,metaspace] GC(249) Metaspace: 42393K(42880K)->42393K(42880K) NonClass: 37604K(37824K)->37604K(37824K) Class: 4788K(5056K)->4788K(5056K)
[2026-05-23T03:56:31.295+0000][1099.036s][gc          ] GC(249) Pause Young (Normal) (G1 Evacuation Pause) 13560M->12692M(23328M) 320.187ms
[2026-05-23T03:56:31.295+0000][1099.036s][gc,cpu      ] GC(249) User=1.23s Sys=0.02s Real=0.32s
[2026-05-23T03:56:33.219+0000][1100.960s][gc,start    ] GC(250) Pause Young (Normal) (G1 Evacuation Pause)
[2026-05-23T03:56:33.219+0000][1100.960s][gc,task     ] GC(250) Using 4 workers of 4 for evacuation
[2026-05-23T03:56:33.522+0000][1101.263s][gc,mmu      ] GC(250) MMU target violated: 201.0ms (200.0ms/201.0ms)
[2026-05-23T03:56:33.522+0000][1101.263s][gc,phases   ] GC(250)   Pre Evacuate Collection Set: 0.11ms
[2026-05-23T03:56:33.522+0000][1101.263s][gc,phases   ] GC(250)   Merge Heap Roots: 2.85ms
[2026-05-23T03:56:33.522+0000][1101.263s][gc,phases   ] GC(250)   Evacuate Collection Set: 298.40ms
[2026-05-23T03:56:33.522+0000][1101.263s][gc,phases   ] GC(250)   Post Evacuate Collection Set: 1.11ms
[2026-05-23T03:56:33.522+0000][1101.263s][gc,phases   ] GC(250)   Other: 0.56ms
[2026-05-23T03:56:33.522+0000][1101.263s][gc,heap     ] GC(250) Eden regions: 63->0(63)
[2026-05-23T03:56:33.522+0000][1101.263s][gc,heap     ] GC(250) Survivor regions: 9->9(9)
[2026-05-23T03:56:33.522+0000][1101.263s][gc,heap     ] GC(250) Old regions: 782->791
[2026-05-23T03:56:33.522+0000][1101.263s][gc,heap     ] GC(250) Archive regions: 2->2
[2026-05-23T03:56:33.522+0000][1101.263s][gc,heap     ] GC(250) Humongous regions: 2->2
[2026-05-23T03:56:33.522+0000][1101.263s][gc,metaspace] GC(250) Metaspace: 42393K(42880K)->42393K(42880K) NonClass: 37604K(37824K)->37604K(37824K) Class: 4788K(5056K)->4788K(5056K)
[2026-05-23T03:56:33.522+0000][1101.263s][gc          ] GC(250) Pause Young (Normal) (G1 Evacuation Pause) 13700M->12834M(23328M) 303.086ms
[2026-05-23T03:56:33.522+0000][1101.263s][gc,cpu      ] GC(250) User=1.15s Sys=0.04s Real=0.30s
[2026-05-23T03:56:41.343+0000][1109.084s][gc,start    ] GC(251) Pause Young (Normal) (G1 Evacuation Pause)
[2026-05-23T03:56:41.343+0000][1109.084s][gc,task     ] GC(251) Using 4 workers of 4 for evacuation
[2026-05-23T03:56:41.698+0000][1109.439s][gc,mmu      ] GC(251) MMU target violated: 201.0ms (200.0ms/201.0ms)
[2026-05-23T03:56:41.698+0000][1109.440s][gc,phases   ] GC(251)   Pre Evacuate Collection Set: 0.12ms
[2026-05-23T03:56:41.698+0000][1109.440s][gc,phases   ] GC(251)   Merge Heap Roots: 3.67ms
[2026-05-23T03:56:41.698+0000][1109.440s][gc,phases   ] GC(251)   Evacuate Collection Set: 349.84ms
[2026-05-23T03:56:41.698+0000][1109.440s][gc,phases   ] GC(251)   Post Evacuate Collection Set: 1.21ms
[2026-05-23T03:56:41.698+0000][1109.440s][gc,phases   ] GC(251)   Other: 0.52ms
[2026-05-23T03:56:41.698+0000][1109.440s][gc,heap     ] GC(251) Eden regions: 63->0(63)
[2026-05-23T03:56:41.698+0000][1109.440s][gc,heap     ] GC(251) Survivor regions: 9->9(9)
[2026-05-23T03:56:41.698+0000][1109.440s][gc,heap     ] GC(251) Old regions: 791->801
[2026-05-23T03:56:41.698+0000][1109.440s][gc,heap     ] GC(251) Archive regions: 2->2
[2026-05-23T03:56:41.699+0000][1109.440s][gc,heap     ] GC(251) Humongous regions: 2->2
[2026-05-23T03:56:41.699+0000][1109.440s][gc,metaspace] GC(251) Metaspace: 42393K(42880K)->42393K(42880K) NonClass: 37604K(37824K)->37604K(37824K) Class: 4788K(5056K)->4788K(5056K)
[2026-05-23T03:56:41.699+0000][1109.440s][gc          ] GC(251) Pause Young (Normal) (G1 Evacuation Pause) 13842M->13005M(23328M) 355.438ms
[2026-05-23T03:56:41.699+0000][1109.440s][gc,cpu      ] GC(251) User=1.38s Sys=0.03s Real=0.36s
[2026-05-23T03:56:49.825+0000][1117.566s][gc,start    ] GC(252) Pause Young (Normal) (G1 Evacuation Pause)
[2026-05-23T03:56:49.825+0000][1117.566s][gc,task     ] GC(252) Using 4 workers of 4 for evacuation
[2026-05-23T03:56:50.100+0000][1117.841s][gc,mmu      ] GC(252) MMU target violated: 201.0ms (200.0ms/201.0ms)
[2026-05-23T03:56:50.100+0000][1117.841s][gc,phases   ] GC(252)   Pre Evacuate Collection Set: 0.16ms
[2026-05-23T03:56:50.100+0000][1117.841s][gc,phases   ] GC(252)   Merge Heap Roots: 4.22ms
[2026-05-23T03:56:50.100+0000][1117.841s][gc,phases   ] GC(252)   Evacuate Collection Set: 269.21ms
[2026-05-23T03:56:50.100+0000][1117.841s][gc,phases   ] GC(252)   Post Evacuate Collection Set: 1.17ms
[2026-05-23T03:56:50.100+0000][1117.841s][gc,phases   ] GC(252)   Other: 0.52ms
[2026-05-23T03:56:50.100+0000][1117.841s][gc,heap     ] GC(252) Eden regions: 63->0(63)
[2026-05-23T03:56:50.100+0000][1117.841s][gc,heap     ] GC(252) Survivor regions: 9->9(9)
[2026-05-23T03:56:50.100+0000][1117.841s][gc,heap     ] GC(252) Old regions: 801->805
[2026-05-23T03:56:50.100+0000][1117.841s][gc,heap     ] GC(252) Archive regions: 2->2
[2026-05-23T03:56:50.100+0000][1117.841s][gc,heap     ] GC(252) Humongous regions: 2->2
[2026-05-23T03:56:50.100+0000][1117.841s][gc,metaspace] GC(252) Metaspace: 42393K(42880K)->42393K(42880K) NonClass: 37604K(37824K)->37604K(37824K) Class: 4788K(5056K)->4788K(5056K)
[2026-05-23T03:56:50.100+0000][1117.841s][gc          ] GC(252) Pause Young (Normal) (G1 Evacuation Pause) 14013M->13061M(23328M) 275.344ms
[2026-05-23T03:56:50.100+0000][1117.841s][gc,cpu      ] GC(252) User=1.08s Sys=0.01s Real=0.28s
[2026-05-23T03:56:56.324+0000][1124.065s][gc,start    ] GC(253) Pause Young (Normal) (G1 Evacuation Pause)
[2026-05-23T03:56:56.324+0000][1124.065s][gc,task     ] GC(253) Using 4 workers of 4 for evacuation
[2026-05-23T03:56:56.524+0000][1124.266s][gc,mmu      ] GC(253) MMU target violated: 200.5ms (200.0ms/201.0ms)
[2026-05-23T03:56:56.525+0000][1124.266s][gc,phases   ] GC(253)   Pre Evacuate Collection Set: 0.12ms
[2026-05-23T03:56:56.525+0000][1124.266s][gc,phases   ] GC(253)   Merge Heap Roots: 1.85ms
[2026-05-23T03:56:56.525+0000][1124.266s][gc,phases   ] GC(253)   Evacuate Collection Set: 197.71ms
[2026-05-23T03:56:56.525+0000][1124.266s][gc,phases   ] GC(253)   Post Evacuate Collection Set: 0.49ms
[2026-05-23T03:56:56.525+0000][1124.266s][gc,phases   ] GC(253)   Other: 0.55ms
[2026-05-23T03:56:56.525+0000][1124.266s][gc,heap     ] GC(253) Eden regions: 63->0(65)
[2026-05-23T03:56:56.525+0000][1124.266s][gc,heap     ] GC(253) Survivor regions: 9->7(9)
[2026-05-23T03:56:56.525+0000][1124.266s][gc,heap     ] GC(253) Old regions: 805->808
[2026-05-23T03:56:56.525+0000][1124.266s][gc,heap     ] GC(253) Archive regions: 2->2
[2026-05-23T03:56:56.525+0000][1124.266s][gc,heap     ] GC(253) Humongous regions: 2->2
[2026-05-23T03:56:56.525+0000][1124.266s][gc,metaspace] GC(253) Metaspace: 42393K(42880K)->42393K(42880K) NonClass: 37604K(37824K)->37604K(37824K) Class: 4788K(5056K)->4788K(5056K)
[2026-05-23T03:56:56.525+0000][1124.266s][gc          ] GC(253) Pause Young (Normal) (G1 Evacuation Pause) 14069M->13075M(23328M) 200.791ms
[2026-05-23T03:56:56.525+0000][1124.266s][gc,cpu      ] GC(253) User=0.78s Sys=0.01s Real=0.20s
[2026-05-23T03:57:01.907+0000][1129.648s][gc,start    ] GC(254) Pause Young (Normal) (G1 Evacuation Pause)
[2026-05-23T03:57:01.907+0000][1129.648s][gc,task     ] GC(254) Using 4 workers of 4 for evacuation
[2026-05-23T03:57:02.106+0000][1129.847s][gc,phases   ] GC(254)   Pre Evacuate Collection Set: 0.14ms
[2026-05-23T03:57:02.106+0000][1129.847s][gc,phases   ] GC(254)   Merge Heap Roots: 0.31ms
[2026-05-23T03:57:02.106+0000][1129.847s][gc,phases   ] GC(254)   Evacuate Collection Set: 197.44ms
[2026-05-23T03:57:02.106+0000][1129.847s][gc,phases   ] GC(254)   Post Evacuate Collection Set: 0.73ms
[2026-05-23T03:57:02.106+0000][1129.847s][gc,phases   ] GC(254)   Other: 0.48ms
[2026-05-23T03:57:02.106+0000][1129.847s][gc,heap     ] GC(254) Eden regions: 65->0(63)
[2026-05-23T03:57:02.106+0000][1129.847s][gc,heap     ] GC(254) Survivor regions: 7->9(9)
[2026-05-23T03:57:02.106+0000][1129.847s][gc,heap     ] GC(254) Old regions: 808->811
[2026-05-23T03:57:02.106+0000][1129.847s][gc,heap     ] GC(254) Archive regions: 2->2
[2026-05-23T03:57:02.106+0000][1129.847s][gc,heap     ] GC(254) Humongous regions: 2->2
[2026-05-23T03:57:02.106+0000][1129.847s][gc,metaspace] GC(254) Metaspace: 42394K(42880K)->42394K(42880K) NonClass: 37605K(37824K)->37605K(37824K) Class: 4788K(5056K)->4788K(5056K)
[2026-05-23T03:57:02.106+0000][1129.848s][gc          ] GC(254) Pause Young (Normal) (G1 Evacuation Pause) 14115M->13156M(23328M) 199.179ms
[2026-05-23T03:57:02.106+0000][1129.848s][gc,cpu      ] GC(254) User=0.77s Sys=0.02s Real=0.20s
[2026-05-23T03:57:06.792+0000][1134.533s][gc,start    ] GC(255) Pause Young (Normal) (G1 Evacuation Pause)
[2026-05-23T03:57:06.792+0000][1134.533s][gc,task     ] GC(255) Using 4 workers of 4 for evacuation
[2026-05-23T03:57:07.023+0000][1134.764s][gc,mmu      ] GC(255) MMU target violated: 201.0ms (200.0ms/201.0ms)
[2026-05-23T03:57:07.023+0000][1134.764s][gc,phases   ] GC(255)   Pre Evacuate Collection Set: 0.17ms
[2026-05-23T03:57:07.023+0000][1134.764s][gc,phases   ] GC(255)   Merge Heap Roots: 0.63ms
[2026-05-23T03:57:07.023+0000][1134.764s][gc,phases   ] GC(255)   Evacuate Collection Set: 229.46ms
[2026-05-23T03:57:07.023+0000][1134.764s][gc,phases   ] GC(255)   Post Evacuate Collection Set: 0.61ms
[2026-05-23T03:57:07.023+0000][1134.764s][gc,phases   ] GC(255)   Other: 0.18ms
[2026-05-23T03:57:07.023+0000][1134.764s][gc,heap     ] GC(255) Eden regions: 63->0(63)
[2026-05-23T03:57:07.023+0000][1134.764s][gc,heap     ] GC(255) Survivor regions: 9->9(9)
[2026-05-23T03:57:07.023+0000][1134.764s][gc,heap     ] GC(255) Old regions: 811->815
[2026-05-23T03:57:07.023+0000][1134.764s][gc,heap     ] GC(255) Archive regions: 2->2
[2026-05-23T03:57:07.023+0000][1134.764s][gc,heap     ] GC(255) Humongous regions: 2->2
[2026-05-23T03:57:07.023+0000][1134.764s][gc,metaspace] GC(255) Metaspace: 42394K(42880K)->42394K(42880K) NonClass: 37605K(37824K)->37605K(37824K) Class: 4788K(5056K)->4788K(5056K)
[2026-05-23T03:57:07.023+0000][1134.764s][gc          ] GC(255) Pause Young (Normal) (G1 Evacuation Pause) 14164M->13224M(23328M) 231.108ms
[2026-05-23T03:57:07.023+0000][1134.764s][gc,cpu      ] GC(255) User=0.90s Sys=0.02s Real=0.23s
[2026-05-23T03:57:09.072+0000][1136.813s][gc,start    ] GC(256) Pause Young (Normal) (G1 Evacuation Pause)
[2026-05-23T03:57:09.072+0000][1136.813s][gc,task     ] GC(256) Using 4 workers of 4 for evacuation
[2026-05-23T03:57:09.385+0000][1137.126s][gc,mmu      ] GC(256) MMU target violated: 201.0ms (200.0ms/201.0ms)
[2026-05-23T03:57:09.385+0000][1137.126s][gc,phases   ] GC(256)   Pre Evacuate Collection Set: 0.11ms
[2026-05-23T03:57:09.385+0000][1137.126s][gc,phases   ] GC(256)   Merge Heap Roots: 0.82ms
[2026-05-23T03:57:09.385+0000][1137.126s][gc,phases   ] GC(256)   Evacuate Collection Set: 311.08ms
[2026-05-23T03:57:09.385+0000][1137.126s][gc,phases   ] GC(256)   Post Evacuate Collection Set: 0.98ms
[2026-05-23T03:57:09.385+0000][1137.126s][gc,phases   ] GC(256)   Other: 0.17ms
[2026-05-23T03:57:09.385+0000][1137.126s][gc,heap     ] GC(256) Eden regions: 63->0(63)
[2026-05-23T03:57:09.385+0000][1137.126s][gc,heap     ] GC(256) Survivor regions: 9->9(9)
[2026-05-23T03:57:09.385+0000][1137.126s][gc,heap     ] GC(256) Old regions: 815->823
[2026-05-23T03:57:09.385+0000][1137.126s][gc,heap     ] GC(256) Archive regions: 2->2
[2026-05-23T03:57:09.385+0000][1137.126s][gc,heap     ] GC(256) Humongous regions: 2->2
[2026-05-23T03:57:09.385+0000][1137.126s][gc,metaspace] GC(256) Metaspace: 42394K(42880K)->42394K(42880K) NonClass: 37605K(37824K)->37605K(37824K) Class: 4788K(5056K)->4788K(5056K)
[2026-05-23T03:57:09.385+0000][1137.126s][gc          ] GC(256) Pause Young (Normal) (G1 Evacuation Pause) 14232M->13358M(23328M) 313.222ms
[2026-05-23T03:57:09.385+0000][1137.126s][gc,cpu      ] GC(256) User=1.23s Sys=0.01s Real=0.31s
[2026-05-23T03:57:16.688+0000][1144.429s][gc,start    ] GC(257) Pause Young (Normal) (G1 Evacuation Pause)
[2026-05-23T03:57:16.688+0000][1144.429s][gc,task     ] GC(257) Using 4 workers of 4 for evacuation
[2026-05-23T03:57:16.836+0000][1144.577s][gc,phases   ] GC(257)   Pre Evacuate Collection Set: 0.18ms
[2026-05-23T03:57:16.836+0000][1144.577s][gc,phases   ] GC(257)   Merge Heap Roots: 2.52ms
[2026-05-23T03:57:16.836+0000][1144.577s][gc,phases   ] GC(257)   Evacuate Collection Set: 144.22ms
[2026-05-23T03:57:16.836+0000][1144.577s][gc,phases   ] GC(257)   Post Evacuate Collection Set: 0.86ms
[2026-05-23T03:57:16.836+0000][1144.577s][gc,phases   ] GC(257)   Other: 0.10ms
[2026-05-23T03:57:16.836+0000][1144.577s][gc,heap     ] GC(257) Eden regions: 63->0(66)
[2026-05-23T03:57:16.836+0000][1144.577s][gc,heap     ] GC(257) Survivor regions: 9->6(9)
[2026-05-23T03:57:16.836+0000][1144.577s][gc,heap     ] GC(257) Old regions: 823->826
[2026-05-23T03:57:16.836+0000][1144.577s][gc,heap     ] GC(257) Archive regions: 2->2
[2026-05-23T03:57:16.836+0000][1144.577s][gc,heap     ] GC(257) Humongous regions: 2->2
[2026-05-23T03:57:16.836+0000][1144.577s][gc,metaspace] GC(257) Metaspace: 42394K(42880K)->42394K(42880K) NonClass: 37605K(37824K)->37605K(37824K) Class: 4788K(5056K)->4788K(5056K)
[2026-05-23T03:57:16.836+0000][1144.577s][gc          ] GC(257) Pause Young (Normal) (G1 Evacuation Pause) 14366M->13355M(23328M) 147.972ms
[2026-05-23T03:57:16.836+0000][1144.577s][gc,cpu      ] GC(257) User=0.57s Sys=0.00s Real=0.15s
[2026-05-23T03:57:23.511+0000][1151.252s][gc,start    ] GC(258) Pause Young (Normal) (G1 Evacuation Pause)
[2026-05-23T03:57:23.511+0000][1151.252s][gc,task     ] GC(258) Using 4 workers of 4 for evacuation
[2026-05-23T03:57:23.669+0000][1151.410s][gc,phases   ] GC(258)   Pre Evacuate Collection Set: 0.18ms
[2026-05-23T03:57:23.669+0000][1151.410s][gc,phases   ] GC(258)   Merge Heap Roots: 1.16ms
[2026-05-23T03:57:23.669+0000][1151.410s][gc,phases   ] GC(258)   Evacuate Collection Set: 155.47ms
[2026-05-23T03:57:23.669+0000][1151.410s][gc,phases   ] GC(258)   Post Evacuate Collection Set: 0.61ms
[2026-05-23T03:57:23.669+0000][1151.410s][gc,phases   ] GC(258)   Other: 0.11ms
[2026-05-23T03:57:23.669+0000][1151.410s][gc,heap     ] GC(258) Eden regions: 66->0(64)
[2026-05-23T03:57:23.669+0000][1151.410s][gc,heap     ] GC(258) Survivor regions: 6->8(9)
[2026-05-23T03:57:23.669+0000][1151.410s][gc,heap     ] GC(258) Old regions: 826->828
[2026-05-23T03:57:23.669+0000][1151.410s][gc,heap     ] GC(258) Archive regions: 2->2
[2026-05-23T03:57:23.669+0000][1151.410s][gc,heap     ] GC(258) Humongous regions: 2->2
[2026-05-23T03:57:23.669+0000][1151.410s][gc,metaspace] GC(258) Metaspace: 42394K(42880K)->42394K(42880K) NonClass: 37605K(37824K)->37605K(37824K) Class: 4788K(5056K)->4788K(5056K)
[2026-05-23T03:57:23.669+0000][1151.410s][gc          ] GC(258) Pause Young (Normal) (G1 Evacuation Pause) 14411M->13404M(23328M) 157.643ms
[2026-05-23T03:57:23.669+0000][1151.410s][gc,cpu      ] GC(258) User=0.62s Sys=0.00s Real=0.16s
[2026-05-23T03:57:28.997+0000][1156.738s][gc,start    ] GC(259) Pause Young (Normal) (G1 Evacuation Pause)
[2026-05-23T03:57:28.997+0000][1156.738s][gc,task     ] GC(259) Using 4 workers of 4 for evacuation
[2026-05-23T03:57:29.171+0000][1156.912s][gc,phases   ] GC(259)   Pre Evacuate Collection Set: 0.11ms
[2026-05-23T03:57:29.171+0000][1156.912s][gc,phases   ] GC(259)   Merge Heap Roots: 0.30ms
[2026-05-23T03:57:29.171+0000][1156.912s][gc,phases   ] GC(259)   Evacuate Collection Set: 172.23ms
[2026-05-23T03:57:29.171+0000][1156.912s][gc,phases   ] GC(259)   Post Evacuate Collection Set: 0.60ms
[2026-05-23T03:57:29.171+0000][1156.912s][gc,phases   ] GC(259)   Other: 0.13ms
[2026-05-23T03:57:29.171+0000][1156.912s][gc,heap     ] GC(259) Eden regions: 64->0(63)
[2026-05-23T03:57:29.171+0000][1156.912s][gc,heap     ] GC(259) Survivor regions: 8->9(9)
[2026-05-23T03:57:29.171+0000][1156.912s][gc,heap     ] GC(259) Old regions: 828->831
[2026-05-23T03:57:29.171+0000][1156.912s][gc,heap     ] GC(259) Archive regions: 2->2
[2026-05-23T03:57:29.171+0000][1156.912s][gc,heap     ] GC(259) Humongous regions: 2->2
[2026-05-23T03:57:29.171+0000][1156.912s][gc,metaspace] GC(259) Metaspace: 42394K(42880K)->42394K(42880K) NonClass: 37605K(37824K)->37605K(37824K) Class: 4788K(5056K)->4788K(5056K)
[2026-05-23T03:57:29.171+0000][1156.912s][gc          ] GC(259) Pause Young (Normal) (G1 Evacuation Pause) 14428M->13476M(23328M) 173.476ms
[2026-05-23T03:57:29.171+0000][1156.912s][gc,cpu      ] GC(259) User=0.68s Sys=0.00s Real=0.18s
[2026-05-23T03:57:33.483+0000][1161.224s][gc,start    ] GC(260) Pause Young (Normal) (G1 Evacuation Pause)
[2026-05-23T03:57:33.483+0000][1161.224s][gc,task     ] GC(260) Using 4 workers of 4 for evacuation
[2026-05-23T03:57:33.716+0000][1161.458s][gc,mmu      ] GC(260) MMU target violated: 201.0ms (200.0ms/201.0ms)
[2026-05-23T03:57:33.717+0000][1161.458s][gc,phases   ] GC(260)   Pre Evacuate Collection Set: 0.11ms
[2026-05-23T03:57:33.717+0000][1161.458s][gc,phases   ] GC(260)   Merge Heap Roots: 0.48ms
[2026-05-23T03:57:33.717+0000][1161.458s][gc,phases   ] GC(260)   Evacuate Collection Set: 232.44ms
[2026-05-23T03:57:33.717+0000][1161.458s][gc,phases   ] GC(260)   Post Evacuate Collection Set: 0.81ms
[2026-05-23T03:57:33.717+0000][1161.458s][gc,phases   ] GC(260)   Other: 0.17ms
[2026-05-23T03:57:33.717+0000][1161.458s][gc,heap     ] GC(260) Eden regions: 63->0(63)
[2026-05-23T03:57:33.717+0000][1161.458s][gc,heap     ] GC(260) Survivor regions: 9->9(9)
[2026-05-23T03:57:33.717+0000][1161.458s][gc,heap     ] GC(260) Old regions: 831->837
[2026-05-23T03:57:33.717+0000][1161.458s][gc,heap     ] GC(260) Archive regions: 2->2
[2026-05-23T03:57:33.717+0000][1161.458s][gc,heap     ] GC(260) Humongous regions: 2->2
[2026-05-23T03:57:33.717+0000][1161.458s][gc,metaspace] GC(260) Metaspace: 42396K(42880K)->42396K(42880K) NonClass: 37607K(37824K)->37607K(37824K) Class: 4788K(5056K)->4788K(5056K)
[2026-05-23T03:57:33.717+0000][1161.458s][gc          ] GC(260) Pause Young (Normal) (G1 Evacuation Pause) 14484M->13577M(23328M) 234.088ms
[2026-05-23T03:57:33.717+0000][1161.458s][gc,cpu      ] GC(260) User=0.92s Sys=0.01s Real=0.23s
[2026-05-23T03:57:39.182+0000][1166.923s][gc,start    ] GC(261) Pause Young (Normal) (G1 Evacuation Pause)
[2026-05-23T03:57:39.182+0000][1166.923s][gc,task     ] GC(261) Using 4 workers of 4 for evacuation
[2026-05-23T03:57:39.430+0000][1167.171s][gc,mmu      ] GC(261) MMU target violated: 201.0ms (200.0ms/201.0ms)
[2026-05-23T03:57:39.430+0000][1167.171s][gc,phases   ] GC(261)   Pre Evacuate Collection Set: 0.12ms
[2026-05-23T03:57:39.430+0000][1167.171s][gc,phases   ] GC(261)   Merge Heap Roots: 2.12ms
[2026-05-23T03:57:39.430+0000][1167.171s][gc,phases   ] GC(261)   Evacuate Collection Set: 244.14ms
[2026-05-23T03:57:39.430+0000][1167.171s][gc,phases   ] GC(261)   Post Evacuate Collection Set: 1.13ms
[2026-05-23T03:57:39.430+0000][1167.171s][gc,phases   ] GC(261)   Other: 0.19ms
[2026-05-23T03:57:39.430+0000][1167.171s][gc,heap     ] GC(261) Eden regions: 63->0(63)
[2026-05-23T03:57:39.430+0000][1167.171s][gc,heap     ] GC(261) Survivor regions: 9->9(9)
[2026-05-23T03:57:39.430+0000][1167.171s][gc,heap     ] GC(261) Old regions: 837->843
[2026-05-23T03:57:39.430+0000][1167.171s][gc,heap     ] GC(261) Archive regions: 2->2
[2026-05-23T03:57:39.430+0000][1167.171s][gc,heap     ] GC(261) Humongous regions: 2->2
[2026-05-23T03:57:39.430+0000][1167.171s][gc,metaspace] GC(261) Metaspace: 42396K(42880K)->42396K(42880K) NonClass: 37607K(37824K)->37607K(37824K) Class: 4788K(5056K)->4788K(5056K)
[2026-05-23T03:57:39.430+0000][1167.171s][gc          ] GC(261) Pause Young (Normal) (G1 Evacuation Pause) 14585M->13679M(23328M) 247.759ms
[2026-05-23T03:57:39.430+0000][1167.171s][gc,cpu      ] GC(261) User=0.98s Sys=0.00s Real=0.25s
[2026-05-23T03:57:47.986+0000][1175.727s][gc,start    ] GC(262) Pause Young (Normal) (G1 Evacuation Pause)
[2026-05-23T03:57:47.986+0000][1175.727s][gc,task     ] GC(262) Using 4 workers of 4 for evacuation
[2026-05-23T03:57:48.141+0000][1175.882s][gc,phases   ] GC(262)   Pre Evacuate Collection Set: 0.16ms
[2026-05-23T03:57:48.141+0000][1175.882s][gc,phases   ] GC(262)   Merge Heap Roots: 3.08ms
[2026-05-23T03:57:48.141+0000][1175.882s][gc,phases   ] GC(262)   Evacuate Collection Set: 150.82ms
[2026-05-23T03:57:48.141+0000][1175.882s][gc,phases   ] GC(262)   Post Evacuate Collection Set: 0.94ms
[2026-05-23T03:57:48.141+0000][1175.882s][gc,phases   ] GC(262)   Other: 0.10ms
[2026-05-23T03:57:48.141+0000][1175.882s][gc,heap     ] GC(262) Eden regions: 63->0(66)
[2026-05-23T03:57:48.141+0000][1175.882s][gc,heap     ] GC(262) Survivor regions: 9->6(9)
[2026-05-23T03:57:48.141+0000][1175.882s][gc,heap     ] GC(262) Old regions: 843->847
[2026-05-23T03:57:48.141+0000][1175.882s][gc,heap     ] GC(262) Archive regions: 2->2
[2026-05-23T03:57:48.141+0000][1175.882s][gc,heap     ] GC(262) Humongous regions: 2->2
[2026-05-23T03:57:48.141+0000][1175.882s][gc,metaspace] GC(262) Metaspace: 42396K(42880K)->42396K(42880K) NonClass: 37607K(37824K)->37607K(37824K) Class: 4788K(5056K)->4788K(5056K)
[2026-05-23T03:57:48.141+0000][1175.882s][gc          ] GC(262) Pause Young (Normal) (G1 Evacuation Pause) 14687M->13682M(23328M) 155.214ms
[2026-05-23T03:57:48.141+0000][1175.882s][gc,cpu      ] GC(262) User=0.61s Sys=0.00s Real=0.16s
[2026-05-23T03:57:53.690+0000][1181.431s][gc,start    ] GC(263) Pause Young (Normal) (G1 Evacuation Pause)
[2026-05-23T03:57:53.690+0000][1181.431s][gc,task     ] GC(263) Using 4 workers of 4 for evacuation
[2026-05-23T03:57:53.907+0000][1181.648s][gc,mmu      ] GC(263) MMU target violated: 201.0ms (200.0ms/201.0ms)
[2026-05-23T03:57:53.907+0000][1181.648s][gc,phases   ] GC(263)   Pre Evacuate Collection Set: 0.13ms
[2026-05-23T03:57:53.907+0000][1181.648s][gc,phases   ] GC(263)   Merge Heap Roots: 1.24ms
[2026-05-23T03:57:53.907+0000][1181.648s][gc,phases   ] GC(263)   Evacuate Collection Set: 215.06ms
[2026-05-23T03:57:53.907+0000][1181.648s][gc,phases   ] GC(263)   Post Evacuate Collection Set: 0.58ms
[2026-05-23T03:57:53.907+0000][1181.648s][gc,phases   ] GC(263)   Other: 0.15ms
[2026-05-23T03:57:53.907+0000][1181.648s][gc,heap     ] GC(263) Eden regions: 66->0(63)
[2026-05-23T03:57:53.907+0000][1181.648s][gc,heap     ] GC(263) Survivor regions: 6->9(9)
[2026-05-23T03:57:53.907+0000][1181.648s][gc,heap     ] GC(263) Old regions: 847->850
[2026-05-23T03:57:53.907+0000][1181.648s][gc,heap     ] GC(263) Archive regions: 2->2
[2026-05-23T03:57:53.907+0000][1181.648s][gc,heap     ] GC(263) Humongous regions: 2->2
[2026-05-23T03:57:53.907+0000][1181.648s][gc,metaspace] GC(263) Metaspace: 42396K(42880K)->42396K(42880K) NonClass: 37607K(37824K)->37607K(37824K) Class: 4788K(5056K)->4788K(5056K)
[2026-05-23T03:57:53.907+0000][1181.648s][gc          ] GC(263) Pause Young (Normal) (G1 Evacuation Pause) 14738M->13789M(23328M) 217.207ms
[2026-05-23T03:57:53.907+0000][1181.648s][gc,cpu      ] GC(263) User=0.86s Sys=0.00s Real=0.21s
[2026-05-23T03:57:59.750+0000][1187.491s][gc,start    ] GC(264) Pause Young (Normal) (G1 Evacuation Pause)
[2026-05-23T03:57:59.750+0000][1187.491s][gc,task     ] GC(264) Using 4 workers of 4 for evacuation
[2026-05-23T03:58:00.059+0000][1187.800s][gc,mmu      ] GC(264) MMU target violated: 201.0ms (200.0ms/201.0ms)
[2026-05-23T03:58:00.059+0000][1187.800s][gc,phases   ] GC(264)   Pre Evacuate Collection Set: 0.13ms
[2026-05-23T03:58:00.059+0000][1187.800s][gc,phases   ] GC(264)   Merge Heap Roots: 0.57ms
[2026-05-23T03:58:00.059+0000][1187.800s][gc,phases   ] GC(264)   Evacuate Collection Set: 307.49ms
[2026-05-23T03:58:00.059+0000][1187.800s][gc,phases   ] GC(264)   Post Evacuate Collection Set: 0.77ms
[2026-05-23T03:58:00.059+0000][1187.800s][gc,phases   ] GC(264)   Other: 0.18ms
[2026-05-23T03:58:00.059+0000][1187.800s][gc,heap     ] GC(264) Eden regions: 63->0(63)
[2026-05-23T03:58:00.059+0000][1187.800s][gc,heap     ] GC(264) Survivor regions: 9->9(9)
[2026-05-23T03:58:00.059+0000][1187.800s][gc,heap     ] GC(264) Old regions: 850->856
[2026-05-23T03:58:00.059+0000][1187.800s][gc,heap     ] GC(264) Archive regions: 2->2
[2026-05-23T03:58:00.059+0000][1187.800s][gc,heap     ] GC(264) Humongous regions: 2->2
[2026-05-23T03:58:00.059+0000][1187.800s][gc,metaspace] GC(264) Metaspace: 45615K(46272K)->45615K(46272K) NonClass: 40362K(40704K)->40362K(40704K) Class: 5252K(5568K)->5252K(5568K)
[2026-05-23T03:58:00.059+0000][1187.800s][gc          ] GC(264) Pause Young (Normal) (G1 Evacuation Pause) 14797M->13882M(23328M) 309.193ms
[2026-05-23T03:58:00.059+0000][1187.800s][gc,cpu      ] GC(264) User=1.19s Sys=0.01s Real=0.31s
[2026-05-23T03:58:06.144+0000][1193.885s][gc,start    ] GC(265) Pause Young (Normal) (G1 Evacuation Pause)
[2026-05-23T03:58:06.144+0000][1193.885s][gc,task     ] GC(265) Using 4 workers of 4 for evacuation
[2026-05-23T03:58:06.367+0000][1194.108s][gc,mmu      ] GC(265) MMU target violated: 201.0ms (200.0ms/201.0ms)
[2026-05-23T03:58:06.367+0000][1194.109s][gc,phases   ] GC(265)   Pre Evacuate Collection Set: 0.12ms
[2026-05-23T03:58:06.367+0000][1194.109s][gc,phases   ] GC(265)   Merge Heap Roots: 0.63ms
[2026-05-23T03:58:06.367+0000][1194.109s][gc,phases   ] GC(265)   Evacuate Collection Set: 221.73ms
[2026-05-23T03:58:06.367+0000][1194.109s][gc,phases   ] GC(265)   Post Evacuate Collection Set: 0.67ms
[2026-05-23T03:58:06.367+0000][1194.109s][gc,phases   ] GC(265)   Other: 0.15ms
[2026-05-23T03:58:06.367+0000][1194.109s][gc,heap     ] GC(265) Eden regions: 63->0(65)
[2026-05-23T03:58:06.367+0000][1194.109s][gc,heap     ] GC(265) Survivor regions: 9->7(9)
[2026-05-23T03:58:06.367+0000][1194.109s][gc,heap     ] GC(265) Old regions: 856->860
[2026-05-23T03:58:06.368+0000][1194.109s][gc,heap     ] GC(265) Archive regions: 2->2
[2026-05-23T03:58:06.368+0000][1194.109s][gc,heap     ] GC(265) Humongous regions: 2->2
[2026-05-23T03:58:06.368+0000][1194.109s][gc,metaspace] GC(265) Metaspace: 45785K(46400K)->45785K(46400K) NonClass: 40509K(40832K)->40509K(40832K) Class: 5275K(5568K)->5275K(5568K)
[2026-05-23T03:58:06.368+0000][1194.109s][gc          ] GC(265) Pause Young (Normal) (G1 Evacuation Pause) 14890M->13910M(23328M) 223.364ms
[2026-05-23T03:58:06.368+0000][1194.109s][gc,cpu      ] GC(265) User=0.88s Sys=0.00s Real=0.22s
[2026-05-23T03:58:12.210+0000][1199.951s][gc,start    ] GC(266) Pause Young (Normal) (G1 Evacuation Pause)
[2026-05-23T03:58:12.210+0000][1199.951s][gc,task     ] GC(266) Using 4 workers of 4 for evacuation
[2026-05-23T03:58:12.456+0000][1200.197s][gc,mmu      ] GC(266) MMU target violated: 201.0ms (200.0ms/201.0ms)
[2026-05-23T03:58:12.456+0000][1200.197s][gc,phases   ] GC(266)   Pre Evacuate Collection Set: 0.14ms
[2026-05-23T03:58:12.456+0000][1200.197s][gc,phases   ] GC(266)   Merge Heap Roots: 0.14ms
[2026-05-23T03:58:12.456+0000][1200.197s][gc,phases   ] GC(266)   Evacuate Collection Set: 244.49ms
[2026-05-23T03:58:12.456+0000][1200.197s][gc,phases   ] GC(266)   Post Evacuate Collection Set: 0.70ms
[2026-05-23T03:58:12.456+0000][1200.197s][gc,phases   ] GC(266)   Other: 0.17ms
[2026-05-23T03:58:12.456+0000][1200.197s][gc,heap     ] GC(266) Eden regions: 65->0(63)
[2026-05-23T03:58:12.456+0000][1200.197s][gc,heap     ] GC(266) Survivor regions: 7->9(9)
[2026-05-23T03:58:12.456+0000][1200.197s][gc,heap     ] GC(266) Old regions: 860->864
[2026-05-23T03:58:12.456+0000][1200.197s][gc,heap     ] GC(266) Archive regions: 2->2
[2026-05-23T03:58:12.456+0000][1200.197s][gc,heap     ] GC(266) Humongous regions: 2->2
[2026-05-23T03:58:12.456+0000][1200.197s][gc,metaspace] GC(266) Metaspace: 45800K(46400K)->45800K(46400K) NonClass: 40522K(40832K)->40522K(40832K) Class: 5278K(5568K)->5278K(5568K)
[2026-05-23T03:58:12.456+0000][1200.197s][gc          ] GC(266) Pause Young (Normal) (G1 Evacuation Pause) 14950M->14006M(23328M) 245.696ms
[2026-05-23T03:58:12.456+0000][1200.197s][gc,cpu      ] GC(266) User=0.97s Sys=0.00s Real=0.24s
[2026-05-23T03:58:16.544+0000][1204.285s][gc,start    ] GC(267) Pause Young (Normal) (G1 Evacuation Pause)
[2026-05-23T03:58:16.544+0000][1204.285s][gc,task     ] GC(267) Using 4 workers of 4 for evacuation
[2026-05-23T03:58:16.762+0000][1204.503s][gc,mmu      ] GC(267) MMU target violated: 201.0ms (200.0ms/201.0ms)
[2026-05-23T03:58:16.762+0000][1204.503s][gc,phases   ] GC(267)   Pre Evacuate Collection Set: 0.11ms
[2026-05-23T03:58:16.762+0000][1204.503s][gc,phases   ] GC(267)   Merge Heap Roots: 0.73ms
[2026-05-23T03:58:16.762+0000][1204.503s][gc,phases   ] GC(267)   Evacuate Collection Set: 217.08ms
[2026-05-23T03:58:16.762+0000][1204.503s][gc,phases   ] GC(267)   Post Evacuate Collection Set: 0.63ms
[2026-05-23T03:58:16.762+0000][1204.503s][gc,phases   ] GC(267)   Other: 0.17ms
[2026-05-23T03:58:16.762+0000][1204.503s][gc,heap     ] GC(267) Eden regions: 63->0(63)
[2026-05-23T03:58:16.762+0000][1204.503s][gc,heap     ] GC(267) Survivor regions: 9->9(9)
[2026-05-23T03:58:16.762+0000][1204.503s][gc,heap     ] GC(267) Old regions: 864->868
[2026-05-23T03:58:16.762+0000][1204.503s][gc,heap     ] GC(267) Archive regions: 2->2
[2026-05-23T03:58:16.762+0000][1204.503s][gc,heap     ] GC(267) Humongous regions: 2->2
[2026-05-23T03:58:16.762+0000][1204.503s][gc,metaspace] GC(267) Metaspace: 45806K(46400K)->45806K(46400K) NonClass: 40526K(40832K)->40526K(40832K) Class: 5279K(5568K)->5279K(5568K)
[2026-05-23T03:58:16.762+0000][1204.503s][gc          ] GC(267) Pause Young (Normal) (G1 Evacuation Pause) 15014M->14079M(23328M) 218.780ms
[2026-05-23T03:58:16.762+0000][1204.503s][gc,cpu      ] GC(267) User=0.85s Sys=0.01s Real=0.22s
[2026-05-23T03:58:21.013+0000][1208.754s][gc,start    ] GC(268) Pause Young (Normal) (G1 Evacuation Pause)
[2026-05-23T03:58:21.013+0000][1208.754s][gc,task     ] GC(268) Using 4 workers of 4 for evacuation
[2026-05-23T03:58:21.348+0000][1209.089s][gc,mmu      ] GC(268) MMU target violated: 201.0ms (200.0ms/201.0ms)
[2026-05-23T03:58:21.348+0000][1209.089s][gc,phases   ] GC(268)   Pre Evacuate Collection Set: 0.19ms
[2026-05-23T03:58:21.348+0000][1209.089s][gc,phases   ] GC(268)   Merge Heap Roots: 0.78ms
[2026-05-23T03:58:21.348+0000][1209.089s][gc,phases   ] GC(268)   Evacuate Collection Set: 332.89ms
[2026-05-23T03:58:21.348+0000][1209.089s][gc,phases   ] GC(268)   Post Evacuate Collection Set: 0.72ms
[2026-05-23T03:58:21.348+0000][1209.089s][gc,phases   ] GC(268)   Other: 0.53ms
[2026-05-23T03:58:21.348+0000][1209.089s][gc,heap     ] GC(268) Eden regions: 63->0(63)
[2026-05-23T03:58:21.348+0000][1209.089s][gc,heap     ] GC(268) Survivor regions: 9->9(9)
[2026-05-23T03:58:21.348+0000][1209.089s][gc,heap     ] GC(268) Old regions: 868->874
[2026-05-23T03:58:21.348+0000][1209.089s][gc,heap     ] GC(268) Archive regions: 2->2
[2026-05-23T03:58:21.348+0000][1209.089s][gc,heap     ] GC(268) Humongous regions: 2->2
[2026-05-23T03:58:21.348+0000][1209.090s][gc,metaspace] GC(268) Metaspace: 45811K(46400K)->45811K(46400K) NonClass: 40532K(40832K)->40532K(40832K) Class: 5279K(5568K)->5279K(5568K)
[2026-05-23T03:58:21.348+0000][1209.090s][gc          ] GC(268) Pause Young (Normal) (G1 Evacuation Pause) 15087M->14172M(23328M) 335.147ms
[2026-05-23T03:58:21.348+0000][1209.090s][gc,cpu      ] GC(268) User=1.00s Sys=0.01s Real=0.33s
[2026-05-23T03:58:25.287+0000][1213.028s][gc,start    ] GC(269) Pause Young (Normal) (G1 Evacuation Pause)
[2026-05-23T03:58:25.287+0000][1213.028s][gc,task     ] GC(269) Using 4 workers of 4 for evacuation
[2026-05-23T03:58:25.493+0000][1213.234s][gc,mmu      ] GC(269) MMU target violated: 201.0ms (200.0ms/201.0ms)
[2026-05-23T03:58:25.493+0000][1213.234s][gc,phases   ] GC(269)   Pre Evacuate Collection Set: 0.12ms
[2026-05-23T03:58:25.493+0000][1213.234s][gc,phases   ] GC(269)   Merge Heap Roots: 0.85ms
[2026-05-23T03:58:25.493+0000][1213.234s][gc,phases   ] GC(269)   Evacuate Collection Set: 203.53ms
[2026-05-23T03:58:25.493+0000][1213.234s][gc,phases   ] GC(269)   Post Evacuate Collection Set: 0.64ms
[2026-05-23T03:58:25.493+0000][1213.234s][gc,phases   ] GC(269)   Other: 0.53ms
[2026-05-23T03:58:25.493+0000][1213.234s][gc,heap     ] GC(269) Eden regions: 63->0(63)
[2026-05-23T03:58:25.493+0000][1213.234s][gc,heap     ] GC(269) Survivor regions: 9->9(9)
[2026-05-23T03:58:25.493+0000][1213.234s][gc,heap     ] GC(269) Old regions: 874->878
[2026-05-23T03:58:25.493+0000][1213.234s][gc,heap     ] GC(269) Archive regions: 2->2
[2026-05-23T03:58:25.493+0000][1213.234s][gc,heap     ] GC(269) Humongous regions: 2->2
[2026-05-23T03:58:25.493+0000][1213.234s][gc,metaspace] GC(269) Metaspace: 45811K(46400K)->45811K(46400K) NonClass: 40532K(40832K)->40532K(40832K) Class: 5279K(5568K)->5279K(5568K)
[2026-05-23T03:58:25.493+0000][1213.234s][gc          ] GC(269) Pause Young (Normal) (G1 Evacuation Pause) 15180M->14239M(23328M) 205.715ms
[2026-05-23T03:58:25.493+0000][1213.234s][gc,cpu      ] GC(269) User=0.80s Sys=0.01s Real=0.21s
[2026-05-23T03:58:29.706+0000][1217.447s][gc,start    ] GC(270) Pause Young (Normal) (G1 Evacuation Pause)
[2026-05-23T03:58:29.706+0000][1217.448s][gc,task     ] GC(270) Using 4 workers of 4 for evacuation
[2026-05-23T03:58:30.032+0000][1217.773s][gc,mmu      ] GC(270) MMU target violated: 201.0ms (200.0ms/201.0ms)
[2026-05-23T03:58:30.032+0000][1217.773s][gc,phases   ] GC(270)   Pre Evacuate Collection Set: 0.14ms
[2026-05-23T03:58:30.032+0000][1217.773s][gc,phases   ] GC(270)   Merge Heap Roots: 0.66ms
[2026-05-23T03:58:30.032+0000][1217.773s][gc,phases   ] GC(270)   Evacuate Collection Set: 323.55ms
[2026-05-23T03:58:30.032+0000][1217.773s][gc,phases   ] GC(270)   Post Evacuate Collection Set: 0.86ms
[2026-05-23T03:58:30.032+0000][1217.773s][gc,phases   ] GC(270)   Other: 0.54ms
[2026-05-23T03:58:30.032+0000][1217.773s][gc,heap     ] GC(270) Eden regions: 63->0(63)
[2026-05-23T03:58:30.032+0000][1217.773s][gc,heap     ] GC(270) Survivor regions: 9->9(9)
[2026-05-23T03:58:30.032+0000][1217.773s][gc,heap     ] GC(270) Old regions: 878->887
[2026-05-23T03:58:30.032+0000][1217.773s][gc,heap     ] GC(270) Archive regions: 2->2
[2026-05-23T03:58:30.032+0000][1217.773s][gc,heap     ] GC(270) Humongous regions: 2->2
[2026-05-23T03:58:30.032+0000][1217.773s][gc,metaspace] GC(270) Metaspace: 45817K(46400K)->45817K(46400K) NonClass: 40537K(40832K)->40537K(40832K) Class: 5279K(5568K)->5279K(5568K)
[2026-05-23T03:58:30.032+0000][1217.773s][gc          ] GC(270) Pause Young (Normal) (G1 Evacuation Pause) 15247M->14376M(23328M) 325.809ms
[2026-05-23T03:58:30.032+0000][1217.773s][gc,cpu      ] GC(270) User=1.24s Sys=0.04s Real=0.33s
[2026-05-23T03:58:32.167+0000][1219.908s][gc,start    ] GC(271) Pause Young (Normal) (G1 Evacuation Pause)
[2026-05-23T03:58:32.167+0000][1219.908s][gc,task     ] GC(271) Using 4 workers of 4 for evacuation
[2026-05-23T03:58:32.465+0000][1220.206s][gc,mmu      ] GC(271) MMU target violated: 201.0ms (200.0ms/201.0ms)
[2026-05-23T03:58:32.465+0000][1220.206s][gc,phases   ] GC(271)   Pre Evacuate Collection Set: 0.14ms
[2026-05-23T03:58:32.465+0000][1220.206s][gc,phases   ] GC(271)   Merge Heap Roots: 1.53ms
[2026-05-23T03:58:32.465+0000][1220.206s][gc,phases   ] GC(271)   Evacuate Collection Set: 294.51ms
[2026-05-23T03:58:32.465+0000][1220.206s][gc,phases   ] GC(271)   Post Evacuate Collection Set: 1.05ms
[2026-05-23T03:58:32.465+0000][1220.206s][gc,phases   ] GC(271)   Other: 0.17ms
[2026-05-23T03:58:32.465+0000][1220.206s][gc,heap     ] GC(271) Eden regions: 63->0(63)
[2026-05-23T03:58:32.465+0000][1220.206s][gc,heap     ] GC(271) Survivor regions: 9->9(9)
[2026-05-23T03:58:32.465+0000][1220.206s][gc,heap     ] GC(271) Old regions: 887->897
[2026-05-23T03:58:32.465+0000][1220.206s][gc,heap     ] GC(271) Archive regions: 2->2
[2026-05-23T03:58:32.465+0000][1220.206s][gc,heap     ] GC(271) Humongous regions: 2->2
[2026-05-23T03:58:32.465+0000][1220.206s][gc,metaspace] GC(271) Metaspace: 45819K(46400K)->45819K(46400K) NonClass: 40539K(40832K)->40539K(40832K) Class: 5279K(5568K)->5279K(5568K)
[2026-05-23T03:58:32.465+0000][1220.206s][gc          ] GC(271) Pause Young (Normal) (G1 Evacuation Pause) 15384M->14531M(23328M) 297.467ms
[2026-05-23T03:58:32.465+0000][1220.206s][gc,cpu      ] GC(271) User=1.14s Sys=0.04s Real=0.30s
[2026-05-23T03:58:34.419+0000][1222.160s][gc,start    ] GC(272) Pause Young (Normal) (G1 Evacuation Pause)
[2026-05-23T03:58:34.419+0000][1222.160s][gc,task     ] GC(272) Using 4 workers of 4 for evacuation
[2026-05-23T03:58:34.695+0000][1222.436s][gc,mmu      ] GC(272) MMU target violated: 201.0ms (200.0ms/201.0ms)
[2026-05-23T03:58:34.695+0000][1222.436s][gc,phases   ] GC(272)   Pre Evacuate Collection Set: 0.12ms
[2026-05-23T03:58:34.695+0000][1222.436s][gc,phases   ] GC(272)   Merge Heap Roots: 2.02ms
[2026-05-23T03:58:34.695+0000][1222.436s][gc,phases   ] GC(272)   Evacuate Collection Set: 272.60ms
[2026-05-23T03:58:34.695+0000][1222.436s][gc,phases   ] GC(272)   Post Evacuate Collection Set: 0.89ms
[2026-05-23T03:58:34.695+0000][1222.436s][gc,phases   ] GC(272)   Other: 0.54ms
[2026-05-23T03:58:34.695+0000][1222.436s][gc,heap     ] GC(272) Eden regions: 63->0(64)
[2026-05-23T03:58:34.695+0000][1222.436s][gc,heap     ] GC(272) Survivor regions: 9->8(9)
[2026-05-23T03:58:34.695+0000][1222.436s][gc,heap     ] GC(272) Old regions: 897->906
[2026-05-23T03:58:34.695+0000][1222.436s][gc,heap     ] GC(272) Archive regions: 2->2
[2026-05-23T03:58:34.695+0000][1222.436s][gc,heap     ] GC(272) Humongous regions: 2->2
[2026-05-23T03:58:34.695+0000][1222.436s][gc,metaspace] GC(272) Metaspace: 45819K(46400K)->45819K(46400K) NonClass: 40539K(40832K)->40539K(40832K) Class: 5279K(5568K)->5279K(5568K)
[2026-05-23T03:58:34.695+0000][1222.436s][gc          ] GC(272) Pause Young (Normal) (G1 Evacuation Pause) 15539M->14660M(23328M) 276.226ms
[2026-05-23T03:58:34.695+0000][1222.436s][gc,cpu      ] GC(272) User=1.06s Sys=0.03s Real=0.27s
[2026-05-23T03:58:39.851+0000][1227.592s][gc,start    ] GC(273) Pause Young (Normal) (G1 Evacuation Pause)
[2026-05-23T03:58:39.851+0000][1227.592s][gc,task     ] GC(273) Using 4 workers of 4 for evacuation
[2026-05-23T03:58:40.123+0000][1227.864s][gc,mmu      ] GC(273) MMU target violated: 201.0ms (200.0ms/201.0ms)
[2026-05-23T03:58:40.123+0000][1227.864s][gc,phases   ] GC(273)   Pre Evacuate Collection Set: 0.17ms
[2026-05-23T03:58:40.123+0000][1227.864s][gc,phases   ] GC(273)   Merge Heap Roots: 3.33ms
[2026-05-23T03:58:40.123+0000][1227.864s][gc,phases   ] GC(273)   Evacuate Collection Set: 267.24ms
[2026-05-23T03:58:40.123+0000][1227.864s][gc,phases   ] GC(273)   Post Evacuate Collection Set: 1.22ms
[2026-05-23T03:58:40.123+0000][1227.864s][gc,phases   ] GC(273)   Other: 0.17ms
[2026-05-23T03:58:40.123+0000][1227.864s][gc,heap     ] GC(273) Eden regions: 64->0(63)
[2026-05-23T03:58:40.123+0000][1227.864s][gc,heap     ] GC(273) Survivor regions: 8->9(9)
[2026-05-23T03:58:40.123+0000][1227.864s][gc,heap     ] GC(273) Old regions: 906->911
[2026-05-23T03:58:40.123+0000][1227.864s][gc,heap     ] GC(273) Archive regions: 2->2
[2026-05-23T03:58:40.123+0000][1227.864s][gc,heap     ] GC(273) Humongous regions: 2->2
[2026-05-23T03:58:40.123+0000][1227.864s][gc,metaspace] GC(273) Metaspace: 45819K(46400K)->45819K(46400K) NonClass: 40539K(40832K)->40539K(40832K) Class: 5279K(5568K)->5279K(5568K)
[2026-05-23T03:58:40.123+0000][1227.864s][gc          ] GC(273) Pause Young (Normal) (G1 Evacuation Pause) 15684M->14757M(23328M) 272.177ms
[2026-05-23T03:58:40.123+0000][1227.864s][gc,cpu      ] GC(273) User=1.05s Sys=0.03s Real=0.27s
[2026-05-23T03:58:41.997+0000][1229.738s][gc,start    ] GC(274) Pause Young (Normal) (G1 Evacuation Pause)
[2026-05-23T03:58:41.997+0000][1229.738s][gc,task     ] GC(274) Using 4 workers of 4 for evacuation
[2026-05-23T03:58:42.325+0000][1230.066s][gc,mmu      ] GC(274) MMU target violated: 201.0ms (200.0ms/201.0ms)
[2026-05-23T03:58:42.325+0000][1230.066s][gc,phases   ] GC(274)   Pre Evacuate Collection Set: 0.12ms
[2026-05-23T03:58:42.325+0000][1230.066s][gc,phases   ] GC(274)   Merge Heap Roots: 2.98ms
[2026-05-23T03:58:42.325+0000][1230.066s][gc,phases   ] GC(274)   Evacuate Collection Set: 323.98ms
[2026-05-23T03:58:42.325+0000][1230.066s][gc,phases   ] GC(274)   Post Evacuate Collection Set: 0.88ms
[2026-05-23T03:58:42.325+0000][1230.066s][gc,phases   ] GC(274)   Other: 0.18ms
[2026-05-23T03:58:42.325+0000][1230.066s][gc,heap     ] GC(274) Eden regions: 63->0(63)
[2026-05-23T03:58:42.325+0000][1230.066s][gc,heap     ] GC(274) Survivor regions: 9->9(9)
[2026-05-23T03:58:42.325+0000][1230.066s][gc,heap     ] GC(274) Old regions: 911->920
[2026-05-23T03:58:42.325+0000][1230.066s][gc,heap     ] GC(274) Archive regions: 2->2
[2026-05-23T03:58:42.325+0000][1230.066s][gc,heap     ] GC(274) Humongous regions: 2->2
[2026-05-23T03:58:42.325+0000][1230.066s][gc,metaspace] GC(274) Metaspace: 45822K(46464K)->45822K(46464K) NonClass: 40542K(40896K)->40542K(40896K) Class: 5279K(5568K)->5279K(5568K)
[2026-05-23T03:58:42.325+0000][1230.066s][gc          ] GC(274) Pause Young (Normal) (G1 Evacuation Pause) 15765M->14904M(23328M) 328.187ms
[2026-05-23T03:58:42.325+0000][1230.066s][gc,cpu      ] GC(274) User=1.27s Sys=0.02s Real=0.33s
[2026-05-23T03:58:51.916+0000][1239.657s][gc,start    ] GC(275) Pause Young (Normal) (G1 Evacuation Pause)
[2026-05-23T03:58:51.916+0000][1239.657s][gc,task     ] GC(275) Using 4 workers of 4 for evacuation
[2026-05-23T03:58:52.194+0000][1239.935s][gc,mmu      ] GC(275) MMU target violated: 201.0ms (200.0ms/201.0ms)
[2026-05-23T03:58:52.194+0000][1239.935s][gc,phases   ] GC(275)   Pre Evacuate Collection Set: 0.11ms
[2026-05-23T03:58:52.194+0000][1239.935s][gc,phases   ] GC(275)   Merge Heap Roots: 3.96ms
[2026-05-23T03:58:52.194+0000][1239.935s][gc,phases   ] GC(275)   Evacuate Collection Set: 272.42ms
[2026-05-23T03:58:52.194+0000][1239.935s][gc,phases   ] GC(275)   Post Evacuate Collection Set: 1.04ms
[2026-05-23T03:58:52.194+0000][1239.935s][gc,phases   ] GC(275)   Other: 0.17ms
[2026-05-23T03:58:52.194+0000][1239.935s][gc,heap     ] GC(275) Eden regions: 63->0(63)
[2026-05-23T03:58:52.194+0000][1239.935s][gc,heap     ] GC(275) Survivor regions: 9->9(9)
[2026-05-23T03:58:52.194+0000][1239.935s][gc,heap     ] GC(275) Old regions: 920->924
[2026-05-23T03:58:52.194+0000][1239.935s][gc,heap     ] GC(275) Archive regions: 2->2
[2026-05-23T03:58:52.194+0000][1239.935s][gc,heap     ] GC(275) Humongous regions: 2->2
[2026-05-23T03:58:52.194+0000][1239.935s][gc,metaspace] GC(275) Metaspace: 45828K(46464K)->45828K(46464K) NonClass: 40548K(40896K)->40548K(40896K) Class: 5279K(5568K)->5279K(5568K)
[2026-05-23T03:58:52.194+0000][1239.935s][gc          ] GC(275) Pause Young (Normal) (G1 Evacuation Pause) 15912M->14965M(23328M) 277.762ms
[2026-05-23T03:58:52.194+0000][1239.935s][gc,cpu      ] GC(275) User=1.09s Sys=0.00s Real=0.28s
[2026-05-23T03:59:00.552+0000][1248.293s][gc,start    ] GC(276) Pause Young (Normal) (G1 Evacuation Pause)
[2026-05-23T03:59:00.552+0000][1248.293s][gc,task     ] GC(276) Using 4 workers of 4 for evacuation
[2026-05-23T03:59:00.761+0000][1248.502s][gc,mmu      ] GC(276) MMU target violated: 201.0ms (200.0ms/201.0ms)
[2026-05-23T03:59:00.761+0000][1248.502s][gc,phases   ] GC(276)   Pre Evacuate Collection Set: 0.12ms
[2026-05-23T03:59:00.761+0000][1248.502s][gc,phases   ] GC(276)   Merge Heap Roots: 2.78ms
[2026-05-23T03:59:00.761+0000][1248.502s][gc,phases   ] GC(276)   Evacuate Collection Set: 205.64ms
[2026-05-23T03:59:00.761+0000][1248.502s][gc,phases   ] GC(276)   Post Evacuate Collection Set: 0.59ms
[2026-05-23T03:59:00.761+0000][1248.502s][gc,phases   ] GC(276)   Other: 0.15ms
[2026-05-23T03:59:00.761+0000][1248.502s][gc,heap     ] GC(276) Eden regions: 63->0(65)
[2026-05-23T03:59:00.761+0000][1248.502s][gc,heap     ] GC(276) Survivor regions: 9->7(9)
[2026-05-23T03:59:00.761+0000][1248.502s][gc,heap     ] GC(276) Old regions: 924->927
[2026-05-23T03:59:00.761+0000][1248.502s][gc,heap     ] GC(276) Archive regions: 2->2
[2026-05-23T03:59:00.761+0000][1248.502s][gc,heap     ] GC(276) Humongous regions: 2->2
[2026-05-23T03:59:00.761+0000][1248.502s][gc,metaspace] GC(276) Metaspace: 45833K(46464K)->45833K(46464K) NonClass: 40553K(40896K)->40553K(40896K) Class: 5279K(5568K)->5279K(5568K)
[2026-05-23T03:59:00.761+0000][1248.502s][gc          ] GC(276) Pause Young (Normal) (G1 Evacuation Pause) 15973M->14985M(23328M) 209.358ms
[2026-05-23T03:59:00.761+0000][1248.502s][gc,cpu      ] GC(276) User=0.82s Sys=0.00s Real=0.21s
[2026-05-23T03:59:03.210+0000][1250.951s][gc,start    ] GC(277) Pause Young (Normal) (G1 Evacuation Pause)
[2026-05-23T03:59:03.210+0000][1250.951s][gc,task     ] GC(277) Using 4 workers of 4 for evacuation
[2026-05-23T03:59:03.535+0000][1251.276s][gc,mmu      ] GC(277) MMU target violated: 201.0ms (200.0ms/201.0ms)
[2026-05-23T03:59:03.535+0000][1251.276s][gc,phases   ] GC(277)   Pre Evacuate Collection Set: 0.13ms
[2026-05-23T03:59:03.535+0000][1251.276s][gc,phases   ] GC(277)   Merge Heap Roots: 0.45ms
[2026-05-23T03:59:03.535+0000][1251.276s][gc,phases   ] GC(277)   Evacuate Collection Set: 323.31ms
[2026-05-23T03:59:03.535+0000][1251.276s][gc,phases   ] GC(277)   Post Evacuate Collection Set: 0.63ms
[2026-05-23T03:59:03.535+0000][1251.276s][gc,phases   ] GC(277)   Other: 0.18ms
[2026-05-23T03:59:03.535+0000][1251.276s][gc,heap     ] GC(277) Eden regions: 65->0(63)
[2026-05-23T03:59:03.535+0000][1251.276s][gc,heap     ] GC(277) Survivor regions: 7->9(9)
[2026-05-23T03:59:03.535+0000][1251.276s][gc,heap     ] GC(277) Old regions: 927->933
[2026-05-23T03:59:03.535+0000][1251.276s][gc,heap     ] GC(277) Archive regions: 2->2
[2026-05-23T03:59:03.535+0000][1251.276s][gc,heap     ] GC(277) Humongous regions: 2->2
[2026-05-23T03:59:03.535+0000][1251.276s][gc,metaspace] GC(277) Metaspace: 45833K(46464K)->45833K(46464K) NonClass: 40553K(40896K)->40553K(40896K) Class: 5279K(5568K)->5279K(5568K)
[2026-05-23T03:59:03.535+0000][1251.276s][gc          ] GC(277) Pause Young (Normal) (G1 Evacuation Pause) 16025M->15116M(23328M) 324.759ms
[2026-05-23T03:59:03.535+0000][1251.276s][gc,cpu      ] GC(277) User=1.28s Sys=0.00s Real=0.32s
[2026-05-23T03:59:12.456+0000][1260.197s][gc,start    ] GC(278) Pause Young (Normal) (G1 Evacuation Pause)
[2026-05-23T03:59:12.456+0000][1260.197s][gc,task     ] GC(278) Using 4 workers of 4 for evacuation
[2026-05-23T03:59:12.600+0000][1260.341s][gc,phases   ] GC(278)   Pre Evacuate Collection Set: 0.11ms
[2026-05-23T03:59:12.600+0000][1260.341s][gc,phases   ] GC(278)   Merge Heap Roots: 1.48ms
[2026-05-23T03:59:12.600+0000][1260.341s][gc,phases   ] GC(278)   Evacuate Collection Set: 141.11ms
[2026-05-23T03:59:12.600+0000][1260.341s][gc,phases   ] GC(278)   Post Evacuate Collection Set: 1.16ms
[2026-05-23T03:59:12.600+0000][1260.341s][gc,phases   ] GC(278)   Other: 0.13ms
[2026-05-23T03:59:12.600+0000][1260.341s][gc,heap     ] GC(278) Eden regions: 63->0(69)
[2026-05-23T03:59:12.600+0000][1260.341s][gc,heap     ] GC(278) Survivor regions: 9->4(9)
[2026-05-23T03:59:12.600+0000][1260.341s][gc,heap     ] GC(278) Old regions: 933->938
[2026-05-23T03:59:12.600+0000][1260.341s][gc,heap     ] GC(278) Archive regions: 2->2
[2026-05-23T03:59:12.600+0000][1260.341s][gc,heap     ] GC(278) Humongous regions: 2->2
[2026-05-23T03:59:12.600+0000][1260.341s][gc,metaspace] GC(278) Metaspace: 45833K(46464K)->45833K(46464K) NonClass: 40553K(40896K)->40553K(40896K) Class: 5279K(5568K)->5279K(5568K)
[2026-05-23T03:59:12.600+0000][1260.341s][gc          ] GC(278) Pause Young (Normal) (G1 Evacuation Pause) 16124M->15117M(23504M) 144.073ms
[2026-05-23T03:59:12.600+0000][1260.341s][gc,cpu      ] GC(278) User=0.57s Sys=0.00s Real=0.15s
[2026-05-23T03:59:16.335+0000][1264.076s][gc,start    ] GC(279) Pause Young (Normal) (G1 Evacuation Pause)
[2026-05-23T03:59:16.335+0000][1264.076s][gc,task     ] GC(279) Using 4 workers of 4 for evacuation
[2026-05-23T03:59:16.438+0000][1264.179s][gc,phases   ] GC(279)   Pre Evacuate Collection Set: 0.16ms
[2026-05-23T03:59:16.438+0000][1264.179s][gc,phases   ] GC(279)   Merge Heap Roots: 1.29ms
[2026-05-23T03:59:16.438+0000][1264.179s][gc,phases   ] GC(279)   Evacuate Collection Set: 100.13ms
[2026-05-23T03:59:16.438+0000][1264.179s][gc,phases   ] GC(279)   Post Evacuate Collection Set: 0.84ms
[2026-05-23T03:59:16.438+0000][1264.179s][gc,phases   ] GC(279)   Other: 0.14ms
[2026-05-23T03:59:16.438+0000][1264.179s][gc,heap     ] GC(279) Eden regions: 69->0(67)
[2026-05-23T03:59:16.438+0000][1264.179s][gc,heap     ] GC(279) Survivor regions: 4->6(10)
[2026-05-23T03:59:16.438+0000][1264.179s][gc,heap     ] GC(279) Old regions: 938->938
[2026-05-23T03:59:16.438+0000][1264.179s][gc,heap     ] GC(279) Archive regions: 2->2
[2026-05-23T03:59:16.438+0000][1264.179s][gc,heap     ] GC(279) Humongous regions: 2->2
[2026-05-23T03:59:16.438+0000][1264.179s][gc,metaspace] GC(279) Metaspace: 45833K(46464K)->45833K(46464K) NonClass: 40553K(40896K)->40553K(40896K) Class: 5279K(5568K)->5279K(5568K)
[2026-05-23T03:59:16.438+0000][1264.179s][gc          ] GC(279) Pause Young (Normal) (G1 Evacuation Pause) 16221M->15139M(23504M) 102.648ms
[2026-05-23T03:59:16.438+0000][1264.179s][gc,cpu      ] GC(279) User=0.41s Sys=0.00s Real=0.10s
[2026-05-23T03:59:22.281+0000][1270.022s][gc,start    ] GC(280) Pause Young (Normal) (G1 Evacuation Pause)
[2026-05-23T03:59:22.281+0000][1270.022s][gc,task     ] GC(280) Using 4 workers of 4 for evacuation
[2026-05-23T03:59:22.458+0000][1270.199s][gc,phases   ] GC(280)   Pre Evacuate Collection Set: 0.13ms
[2026-05-23T03:59:22.458+0000][1270.199s][gc,phases   ] GC(280)   Merge Heap Roots: 0.98ms
[2026-05-23T03:59:22.458+0000][1270.199s][gc,phases   ] GC(280)   Evacuate Collection Set: 175.08ms
[2026-05-23T03:59:22.458+0000][1270.199s][gc,phases   ] GC(280)   Post Evacuate Collection Set: 0.75ms
[2026-05-23T03:59:22.458+0000][1270.199s][gc,phases   ] GC(280)   Other: 0.12ms
[2026-05-23T03:59:22.458+0000][1270.199s][gc,heap     ] GC(280) Eden regions: 67->0(63)
[2026-05-23T03:59:22.458+0000][1270.199s][gc,heap     ] GC(280) Survivor regions: 6->10(10)
[2026-05-23T03:59:22.458+0000][1270.199s][gc,heap     ] GC(280) Old regions: 938->939
[2026-05-23T03:59:22.458+0000][1270.199s][gc,heap     ] GC(280) Archive regions: 2->2
[2026-05-23T03:59:22.458+0000][1270.199s][gc,heap     ] GC(280) Humongous regions: 2->2
[2026-05-23T03:59:22.458+0000][1270.199s][gc,metaspace] GC(280) Metaspace: 45834K(46464K)->45834K(46464K) NonClass: 40555K(40896K)->40555K(40896K) Class: 5279K(5568K)->5279K(5568K)
[2026-05-23T03:59:22.458+0000][1270.199s][gc          ] GC(280) Pause Young (Normal) (G1 Evacuation Pause) 16211M->15221M(23504M) 177.153ms
[2026-05-23T03:59:22.458+0000][1270.199s][gc,cpu      ] GC(280) User=0.70s Sys=0.00s Real=0.17s
[2026-05-23T03:59:28.021+0000][1275.762s][gc,start    ] GC(281) Pause Young (Normal) (G1 Evacuation Pause)
[2026-05-23T03:59:28.021+0000][1275.762s][gc,task     ] GC(281) Using 4 workers of 4 for evacuation
[2026-05-23T03:59:28.199+0000][1275.940s][gc,phases   ] GC(281)   Pre Evacuate Collection Set: 0.12ms
[2026-05-23T03:59:28.199+0000][1275.940s][gc,phases   ] GC(281)   Merge Heap Roots: 1.00ms
[2026-05-23T03:59:28.199+0000][1275.940s][gc,phases   ] GC(281)   Evacuate Collection Set: 176.02ms
[2026-05-23T03:59:28.199+0000][1275.940s][gc,phases   ] GC(281)   Post Evacuate Collection Set: 0.59ms
[2026-05-23T03:59:28.199+0000][1275.940s][gc,phases   ] GC(281)   Other: 0.11ms
[2026-05-23T03:59:28.199+0000][1275.940s][gc,heap     ] GC(281) Eden regions: 63->0(65)
[2026-05-23T03:59:28.199+0000][1275.940s][gc,heap     ] GC(281) Survivor regions: 10->8(10)
[2026-05-23T03:59:28.199+0000][1275.940s][gc,heap     ] GC(281) Old regions: 939->942
[2026-05-23T03:59:28.199+0000][1275.940s][gc,heap     ] GC(281) Archive regions: 2->2
[2026-05-23T03:59:28.199+0000][1275.940s][gc,heap     ] GC(281) Humongous regions: 2->2
[2026-05-23T03:59:28.199+0000][1275.940s][gc,metaspace] GC(281) Metaspace: 45837K(46464K)->45837K(46464K) NonClass: 40557K(40896K)->40557K(40896K) Class: 5279K(5568K)->5279K(5568K)
[2026-05-23T03:59:28.199+0000][1275.940s][gc          ] GC(281) Pause Young (Normal) (G1 Evacuation Pause) 16229M->15247M(23504M) 177.961ms
[2026-05-23T03:59:28.199+0000][1275.940s][gc,cpu      ] GC(281) User=0.70s Sys=0.00s Real=0.18s
[2026-05-23T03:59:33.199+0000][1280.940s][gc,start    ] GC(282) Pause Young (Normal) (G1 Evacuation Pause)
[2026-05-23T03:59:33.199+0000][1280.940s][gc,task     ] GC(282) Using 4 workers of 4 for evacuation
[2026-05-23T03:59:33.395+0000][1281.136s][gc,phases   ] GC(282)   Pre Evacuate Collection Set: 0.13ms
[2026-05-23T03:59:33.395+0000][1281.136s][gc,phases   ] GC(282)   Merge Heap Roots: 0.25ms
[2026-05-23T03:59:33.395+0000][1281.136s][gc,phases   ] GC(282)   Evacuate Collection Set: 194.35ms
[2026-05-23T03:59:33.395+0000][1281.136s][gc,phases   ] GC(282)   Post Evacuate Collection Set: 0.73ms
[2026-05-23T03:59:33.395+0000][1281.136s][gc,phases   ] GC(282)   Other: 0.11ms
[2026-05-23T03:59:33.395+0000][1281.136s][gc,heap     ] GC(282) Eden regions: 65->0(63)
[2026-05-23T03:59:33.395+0000][1281.136s][gc,heap     ] GC(282) Survivor regions: 8->10(10)
[2026-05-23T03:59:33.395+0000][1281.136s][gc,heap     ] GC(282) Old regions: 942->945
[2026-05-23T03:59:33.395+0000][1281.136s][gc,heap     ] GC(282) Archive regions: 2->2
[2026-05-23T03:59:33.395+0000][1281.136s][gc,heap     ] GC(282) Humongous regions: 2->2
[2026-05-23T03:59:33.395+0000][1281.136s][gc,metaspace] GC(282) Metaspace: 45839K(46464K)->45839K(46464K) NonClass: 40559K(40896K)->40559K(40896K) Class: 5279K(5568K)->5279K(5568K)
[2026-05-23T03:59:33.395+0000][1281.136s][gc          ] GC(282) Pause Young (Normal) (G1 Evacuation Pause) 16287M->15327M(23504M) 195.671ms
[2026-05-23T03:59:33.395+0000][1281.136s][gc,cpu      ] GC(282) User=0.77s Sys=0.00s Real=0.19s
[2026-05-23T03:59:40.313+0000][1288.054s][gc,start    ] GC(283) Pause Young (Normal) (G1 Evacuation Pause)
[2026-05-23T03:59:40.313+0000][1288.054s][gc,task     ] GC(283) Using 4 workers of 4 for evacuation
[2026-05-23T03:59:40.501+0000][1288.242s][gc,phases   ] GC(283)   Pre Evacuate Collection Set: 0.13ms
[2026-05-23T03:59:40.501+0000][1288.243s][gc,phases   ] GC(283)   Merge Heap Roots: 0.80ms
[2026-05-23T03:59:40.501+0000][1288.243s][gc,phases   ] GC(283)   Evacuate Collection Set: 187.12ms
[2026-05-23T03:59:40.501+0000][1288.243s][gc,phases   ] GC(283)   Post Evacuate Collection Set: 0.57ms
[2026-05-23T03:59:40.501+0000][1288.243s][gc,phases   ] GC(283)   Other: 0.10ms
[2026-05-23T03:59:40.501+0000][1288.243s][gc,heap     ] GC(283) Eden regions: 63->0(63)
[2026-05-23T03:59:40.501+0000][1288.243s][gc,heap     ] GC(283) Survivor regions: 10->10(10)
[2026-05-23T03:59:40.501+0000][1288.243s][gc,heap     ] GC(283) Old regions: 945->948
[2026-05-23T03:59:40.501+0000][1288.243s][gc,heap     ] GC(283) Archive regions: 2->2
[2026-05-23T03:59:40.501+0000][1288.243s][gc,heap     ] GC(283) Humongous regions: 2->2
[2026-05-23T03:59:40.502+0000][1288.243s][gc,metaspace] GC(283) Metaspace: 45839K(46464K)->45839K(46464K) NonClass: 40559K(40896K)->40559K(40896K) Class: 5279K(5568K)->5279K(5568K)
[2026-05-23T03:59:40.502+0000][1288.243s][gc          ] GC(283) Pause Young (Normal) (G1 Evacuation Pause) 16335M->15368M(23504M) 188.821ms
[2026-05-23T03:59:40.502+0000][1288.243s][gc,cpu      ] GC(283) User=0.74s Sys=0.00s Real=0.19s
[2026-05-23T03:59:44.791+0000][1292.533s][gc,start    ] GC(284) Pause Young (Normal) (G1 Evacuation Pause)
[2026-05-23T03:59:44.791+0000][1292.533s][gc,task     ] GC(284) Using 4 workers of 4 for evacuation
[2026-05-23T03:59:45.036+0000][1292.777s][gc,mmu      ] GC(284) MMU target violated: 201.0ms (200.0ms/201.0ms)
[2026-05-23T03:59:45.036+0000][1292.777s][gc,phases   ] GC(284)   Pre Evacuate Collection Set: 0.19ms
[2026-05-23T03:59:45.036+0000][1292.777s][gc,phases   ] GC(284)   Merge Heap Roots: 0.45ms
[2026-05-23T03:59:45.036+0000][1292.777s][gc,phases   ] GC(284)   Evacuate Collection Set: 242.62ms
[2026-05-23T03:59:45.036+0000][1292.777s][gc,phases   ] GC(284)   Post Evacuate Collection Set: 0.69ms
[2026-05-23T03:59:45.036+0000][1292.777s][gc,phases   ] GC(284)   Other: 0.19ms
[2026-05-23T03:59:45.036+0000][1292.777s][gc,heap     ] GC(284) Eden regions: 63->0(63)
[2026-05-23T03:59:45.036+0000][1292.777s][gc,heap     ] GC(284) Survivor regions: 10->10(10)
[2026-05-23T03:59:45.036+0000][1292.777s][gc,heap     ] GC(284) Old regions: 948->954
[2026-05-23T03:59:45.036+0000][1292.777s][gc,heap     ] GC(284) Archive regions: 2->2
[2026-05-23T03:59:45.036+0000][1292.777s][gc,heap     ] GC(284) Humongous regions: 2->2
[2026-05-23T03:59:45.036+0000][1292.777s][gc,metaspace] GC(284) Metaspace: 45839K(46464K)->45839K(46464K) NonClass: 40559K(40896K)->40559K(40896K) Class: 5279K(5568K)->5279K(5568K)
[2026-05-23T03:59:45.036+0000][1292.777s][gc          ] GC(284) Pause Young (Normal) (G1 Evacuation Pause) 16376M->15461M(23504M) 244.205ms
[2026-05-23T03:59:45.036+0000][1292.777s][gc,cpu      ] GC(284) User=0.96s Sys=0.00s Real=0.24s
[2026-05-23T03:59:47.035+0000][1294.776s][gc,start    ] GC(285) Pause Young (Normal) (G1 Evacuation Pause)
[2026-05-23T03:59:47.035+0000][1294.776s][gc,task     ] GC(285) Using 4 workers of 4 for evacuation
[2026-05-23T03:59:47.344+0000][1295.085s][gc,mmu      ] GC(285) MMU target violated: 201.0ms (200.0ms/201.0ms)
[2026-05-23T03:59:47.344+0000][1295.085s][gc,phases   ] GC(285)   Pre Evacuate Collection Set: 0.12ms
[2026-05-23T03:59:47.344+0000][1295.085s][gc,phases   ] GC(285)   Merge Heap Roots: 1.43ms
[2026-05-23T03:59:47.344+0000][1295.085s][gc,phases   ] GC(285)   Evacuate Collection Set: 305.96ms
[2026-05-23T03:59:47.344+0000][1295.085s][gc,phases   ] GC(285)   Post Evacuate Collection Set: 1.17ms
[2026-05-23T03:59:47.344+0000][1295.085s][gc,phases   ] GC(285)   Other: 0.14ms
[2026-05-23T03:59:47.344+0000][1295.085s][gc,heap     ] GC(285) Eden regions: 63->0(63)
[2026-05-23T03:59:47.344+0000][1295.085s][gc,heap     ] GC(285) Survivor regions: 10->10(10)
[2026-05-23T03:59:47.344+0000][1295.085s][gc,heap     ] GC(285) Old regions: 954->964
[2026-05-23T03:59:47.344+0000][1295.085s][gc,heap     ] GC(285) Archive regions: 2->2
[2026-05-23T03:59:47.344+0000][1295.085s][gc,heap     ] GC(285) Humongous regions: 2->2
[2026-05-23T03:59:47.344+0000][1295.085s][gc,metaspace] GC(285) Metaspace: 45840K(46464K)->45840K(46464K) NonClass: 40560K(40896K)->40560K(40896K) Class: 5279K(5568K)->5279K(5568K)
[2026-05-23T03:59:47.344+0000][1295.085s][gc          ] GC(285) Pause Young (Normal) (G1 Evacuation Pause) 16469M->15623M(23504M) 308.875ms
[2026-05-23T03:59:47.344+0000][1295.085s][gc,cpu      ] GC(285) User=1.22s Sys=0.00s Real=0.31s
[2026-05-23T03:59:49.193+0000][1296.934s][gc,start    ] GC(286) Pause Young (Normal) (G1 Evacuation Pause)
[2026-05-23T03:59:49.193+0000][1296.935s][gc,task     ] GC(286) Using 4 workers of 4 for evacuation
[2026-05-23T03:59:49.483+0000][1297.224s][gc,mmu      ] GC(286) MMU target violated: 201.0ms (200.0ms/201.0ms)
[2026-05-23T03:59:49.483+0000][1297.224s][gc,phases   ] GC(286)   Pre Evacuate Collection Set: 0.13ms
[2026-05-23T03:59:49.483+0000][1297.224s][gc,phases   ] GC(286)   Merge Heap Roots: 2.21ms
[2026-05-23T03:59:49.483+0000][1297.224s][gc,phases   ] GC(286)   Evacuate Collection Set: 286.13ms
[2026-05-23T03:59:49.483+0000][1297.224s][gc,phases   ] GC(286)   Post Evacuate Collection Set: 0.92ms
[2026-05-23T03:59:49.483+0000][1297.224s][gc,phases   ] GC(286)   Other: 0.17ms
[2026-05-23T03:59:49.483+0000][1297.224s][gc,heap     ] GC(286) Eden regions: 63->0(65)
[2026-05-23T03:59:49.483+0000][1297.224s][gc,heap     ] GC(286) Survivor regions: 10->8(10)
[2026-05-23T03:59:49.483+0000][1297.224s][gc,heap     ] GC(286) Old regions: 964->974
[2026-05-23T03:59:49.483+0000][1297.224s][gc,heap     ] GC(286) Archive regions: 2->2
[2026-05-23T03:59:49.483+0000][1297.224s][gc,heap     ] GC(286) Humongous regions: 2->2
[2026-05-23T03:59:49.483+0000][1297.224s][gc,metaspace] GC(286) Metaspace: 45840K(46464K)->45840K(46464K) NonClass: 40560K(40896K)->40560K(40896K) Class: 5279K(5568K)->5279K(5568K)
[2026-05-23T03:59:49.483+0000][1297.224s][gc          ] GC(286) Pause Young (Normal) (G1 Evacuation Pause) 16631M->15759M(23504M) 289.612ms
[2026-05-23T03:59:49.483+0000][1297.224s][gc,cpu      ] GC(286) User=1.14s Sys=0.01s Real=0.29s
[2026-05-23T03:59:51.277+0000][1299.018s][gc,start    ] GC(287) Pause Young (Normal) (G1 Evacuation Pause)
[2026-05-23T03:59:51.277+0000][1299.018s][gc,task     ] GC(287) Using 4 workers of 4 for evacuation
[2026-05-23T03:59:51.532+0000][1299.273s][gc,mmu      ] GC(287) MMU target violated: 201.0ms (200.0ms/201.0ms)
[2026-05-23T03:59:51.532+0000][1299.273s][gc,phases   ] GC(287)   Pre Evacuate Collection Set: 0.12ms
[2026-05-23T03:59:51.532+0000][1299.273s][gc,phases   ] GC(287)   Merge Heap Roots: 2.02ms
[2026-05-23T03:59:51.532+0000][1299.273s][gc,phases   ] GC(287)   Evacuate Collection Set: 251.66ms
[2026-05-23T03:59:51.532+0000][1299.273s][gc,phases   ] GC(287)   Post Evacuate Collection Set: 0.96ms
[2026-05-23T03:59:51.532+0000][1299.273s][gc,phases   ] GC(287)   Other: 0.19ms
[2026-05-23T03:59:51.532+0000][1299.273s][gc,heap     ] GC(287) Eden regions: 65->0(66)
[2026-05-23T03:59:51.532+0000][1299.273s][gc,heap     ] GC(287) Survivor regions: 8->7(10)
[2026-05-23T03:59:51.532+0000][1299.273s][gc,heap     ] GC(287) Old regions: 974->983
[2026-05-23T03:59:51.532+0000][1299.273s][gc,heap     ] GC(287) Archive regions: 2->2
[2026-05-23T03:59:51.532+0000][1299.273s][gc,heap     ] GC(287) Humongous regions: 2->2
[2026-05-23T03:59:51.532+0000][1299.273s][gc,metaspace] GC(287) Metaspace: 45840K(46464K)->45840K(46464K) NonClass: 40560K(40896K)->40560K(40896K) Class: 5279K(5568K)->5279K(5568K)
[2026-05-23T03:59:51.532+0000][1299.273s][gc          ] GC(287) Pause Young (Normal) (G1 Evacuation Pause) 16799M->15886M(23504M) 255.005ms
[2026-05-23T03:59:51.532+0000][1299.273s][gc,cpu      ] GC(287) User=0.98s Sys=0.03s Real=0.26s
[2026-05-23T03:59:53.294+0000][1301.036s][gc,start    ] GC(288) Pause Young (Normal) (G1 Evacuation Pause)
[2026-05-23T03:59:53.294+0000][1301.036s][gc,task     ] GC(288) Using 4 workers of 4 for evacuation
[2026-05-23T03:59:53.539+0000][1301.280s][gc,mmu      ] GC(288) MMU target violated: 201.0ms (200.0ms/201.0ms)
[2026-05-23T03:59:53.539+0000][1301.280s][gc,phases   ] GC(288)   Pre Evacuate Collection Set: 0.13ms
[2026-05-23T03:59:53.539+0000][1301.280s][gc,phases   ] GC(288)   Merge Heap Roots: 1.83ms
[2026-05-23T03:59:53.539+0000][1301.280s][gc,phases   ] GC(288)   Evacuate Collection Set: 241.27ms
[2026-05-23T03:59:53.539+0000][1301.280s][gc,phases   ] GC(288)   Post Evacuate Collection Set: 0.85ms
[2026-05-23T03:59:53.539+0000][1301.280s][gc,phases   ] GC(288)   Other: 0.17ms
[2026-05-23T03:59:53.539+0000][1301.280s][gc,heap     ] GC(288) Eden regions: 66->0(67)
[2026-05-23T03:59:53.539+0000][1301.280s][gc,heap     ] GC(288) Survivor regions: 7->6(10)
[2026-05-23T03:59:53.539+0000][1301.280s][gc,heap     ] GC(288) Old regions: 983->990
[2026-05-23T03:59:53.539+0000][1301.280s][gc,heap     ] GC(288) Archive regions: 2->2
[2026-05-23T03:59:53.539+0000][1301.280s][gc,heap     ] GC(288) Humongous regions: 2->2
[2026-05-23T03:59:53.539+0000][1301.280s][gc,metaspace] GC(288) Metaspace: 45840K(46464K)->45840K(46464K) NonClass: 40560K(40896K)->40560K(40896K) Class: 5279K(5568K)->5279K(5568K)
[2026-05-23T03:59:53.539+0000][1301.280s][gc          ] GC(288) Pause Young (Normal) (G1 Evacuation Pause) 16942M->15980M(23504M) 244.306ms
[2026-05-23T03:59:53.539+0000][1301.280s][gc,cpu      ] GC(288) User=0.94s Sys=0.03s Real=0.25s
[2026-05-23T04:00:07.733+0000][1315.474s][gc,start    ] GC(289) Pause Young (Normal) (G1 Evacuation Pause)
[2026-05-23T04:00:07.733+0000][1315.474s][gc,task     ] GC(289) Using 4 workers of 4 for evacuation
[2026-05-23T04:00:08.006+0000][1315.747s][gc,mmu      ] GC(289) MMU target violated: 201.0ms (200.0ms/201.0ms)
[2026-05-23T04:00:08.006+0000][1315.747s][gc,phases   ] GC(289)   Pre Evacuate Collection Set: 0.13ms
[2026-05-23T04:00:08.006+0000][1315.747s][gc,phases   ] GC(289)   Merge Heap Roots: 5.01ms
[2026-05-23T04:00:08.006+0000][1315.747s][gc,phases   ] GC(289)   Evacuate Collection Set: 265.76ms
[2026-05-23T04:00:08.006+0000][1315.747s][gc,phases   ] GC(289)   Post Evacuate Collection Set: 2.08ms
[2026-05-23T04:00:08.006+0000][1315.747s][gc,phases   ] GC(289)   Other: 0.14ms
[2026-05-23T04:00:08.006+0000][1315.747s][gc,heap     ] GC(289) Eden regions: 67->0(66)
[2026-05-23T04:00:08.006+0000][1315.747s][gc,heap     ] GC(289) Survivor regions: 6->7(10)
[2026-05-23T04:00:08.006+0000][1315.747s][gc,heap     ] GC(289) Old regions: 990->993
[2026-05-23T04:00:08.006+0000][1315.747s][gc,heap     ] GC(289) Archive regions: 2->2
[2026-05-23T04:00:08.006+0000][1315.747s][gc,heap     ] GC(289) Humongous regions: 3->3
[2026-05-23T04:00:08.006+0000][1315.747s][gc,metaspace] GC(289) Metaspace: 45842K(46464K)->45842K(46464K) NonClass: 40562K(40896K)->40562K(40896K) Class: 5279K(5568K)->5279K(5568K)
[2026-05-23T04:00:08.006+0000][1315.747s][gc          ] GC(289) Pause Young (Normal) (G1 Evacuation Pause) 17068M->16053M(23664M) 273.181ms
[2026-05-23T04:00:08.006+0000][1315.747s][gc,cpu      ] GC(289) User=1.07s Sys=0.01s Real=0.27s
[2026-05-23T04:00:11.568+0000][1319.309s][gc,start    ] GC(290) Pause Young (Normal) (G1 Evacuation Pause)
[2026-05-23T04:00:11.568+0000][1319.309s][gc,task     ] GC(290) Using 4 workers of 4 for evacuation
[2026-05-23T04:00:11.837+0000][1319.578s][gc,mmu      ] GC(290) MMU target violated: 201.0ms (200.0ms/201.0ms)
[2026-05-23T04:00:11.837+0000][1319.578s][gc,phases   ] GC(290)   Pre Evacuate Collection Set: 0.16ms
[2026-05-23T04:00:11.837+0000][1319.578s][gc,phases   ] GC(290)   Merge Heap Roots: 3.33ms
[2026-05-23T04:00:11.837+0000][1319.578s][gc,phases   ] GC(290)   Evacuate Collection Set: 264.63ms
[2026-05-23T04:00:11.837+0000][1319.578s][gc,phases   ] GC(290)   Post Evacuate Collection Set: 0.49ms
[2026-05-23T04:00:11.837+0000][1319.578s][gc,phases   ] GC(290)   Other: 0.17ms
[2026-05-23T04:00:11.837+0000][1319.578s][gc,heap     ] GC(290) Eden regions: 66->0(66)
[2026-05-23T04:00:11.837+0000][1319.578s][gc,heap     ] GC(290) Survivor regions: 7->7(10)
[2026-05-23T04:00:11.837+0000][1319.578s][gc,heap     ] GC(290) Old regions: 993->996
[2026-05-23T04:00:11.837+0000][1319.578s][gc,heap     ] GC(290) Archive regions: 2->2
[2026-05-23T04:00:11.837+0000][1319.578s][gc,heap     ] GC(290) Humongous regions: 3->3
[2026-05-23T04:00:11.837+0000][1319.578s][gc,metaspace] GC(290) Metaspace: 45842K(46464K)->45842K(46464K) NonClass: 40562K(40896K)->40562K(40896K) Class: 5279K(5568K)->5279K(5568K)
[2026-05-23T04:00:11.837+0000][1319.578s][gc          ] GC(290) Pause Young (Normal) (G1 Evacuation Pause) 17109M->16097M(23664M) 268.824ms
[2026-05-23T04:00:11.837+0000][1319.578s][gc,cpu      ] GC(290) User=1.06s Sys=0.00s Real=0.27s
[2026-05-23T04:00:16.880+0000][1324.621s][gc,start    ] GC(291) Pause Young (Normal) (G1 Evacuation Pause)
[2026-05-23T04:00:16.880+0000][1324.622s][gc,task     ] GC(291) Using 4 workers of 4 for evacuation
[2026-05-23T04:00:17.081+0000][1324.822s][gc,mmu      ] GC(291) MMU target violated: 200.7ms (200.0ms/201.0ms)
[2026-05-23T04:00:17.081+0000][1324.822s][gc,phases   ] GC(291)   Pre Evacuate Collection Set: 0.13ms
[2026-05-23T04:00:17.081+0000][1324.822s][gc,phases   ] GC(291)   Merge Heap Roots: 0.26ms
[2026-05-23T04:00:17.081+0000][1324.822s][gc,phases   ] GC(291)   Evacuate Collection Set: 199.62ms
[2026-05-23T04:00:17.081+0000][1324.822s][gc,phases   ] GC(291)   Post Evacuate Collection Set: 0.63ms
[2026-05-23T04:00:17.081+0000][1324.822s][gc,phases   ] GC(291)   Other: 0.20ms
[2026-05-23T04:00:17.081+0000][1324.822s][gc,heap     ] GC(291) Eden regions: 66->0(63)
[2026-05-23T04:00:17.081+0000][1324.822s][gc,heap     ] GC(291) Survivor regions: 7->10(10)
[2026-05-23T04:00:17.081+0000][1324.822s][gc,heap     ] GC(291) Old regions: 996->999
[2026-05-23T04:00:17.081+0000][1324.822s][gc,heap     ] GC(291) Archive regions: 2->2
[2026-05-23T04:00:17.081+0000][1324.822s][gc,heap     ] GC(291) Humongous regions: 3->3
[2026-05-23T04:00:17.081+0000][1324.822s][gc,metaspace] GC(291) Metaspace: 45842K(46464K)->45842K(46464K) NonClass: 40562K(40896K)->40562K(40896K) Class: 5279K(5568K)->5279K(5568K)
[2026-05-23T04:00:17.081+0000][1324.822s][gc          ] GC(291) Pause Young (Normal) (G1 Evacuation Pause) 17153M->16193M(23664M) 200.906ms
[2026-05-23T04:00:17.081+0000][1324.822s][gc,cpu      ] GC(291) User=0.79s Sys=0.00s Real=0.20s
[2026-05-23T04:00:22.248+0000][1329.989s][gc,start    ] GC(292) Pause Young (Normal) (G1 Evacuation Pause)
[2026-05-23T04:00:22.248+0000][1329.989s][gc,task     ] GC(292) Using 4 workers of 4 for evacuation
[2026-05-23T04:00:22.317+0000][1330.058s][gc,phases   ] GC(292)   Pre Evacuate Collection Set: 0.12ms
[2026-05-23T04:00:22.317+0000][1330.058s][gc,phases   ] GC(292)   Merge Heap Roots: 0.88ms
[2026-05-23T04:00:22.317+0000][1330.058s][gc,phases   ] GC(292)   Evacuate Collection Set: 67.68ms
[2026-05-23T04:00:22.317+0000][1330.058s][gc,phases   ] GC(292)   Post Evacuate Collection Set: 0.62ms
[2026-05-23T04:00:22.317+0000][1330.058s][gc,phases   ] GC(292)   Other: 0.13ms
[2026-05-23T04:00:22.317+0000][1330.058s][gc,heap     ] GC(292) Eden regions: 63->0(70)
[2026-05-23T04:00:22.317+0000][1330.058s][gc,heap     ] GC(292) Survivor regions: 10->3(10)
[2026-05-23T04:00:22.317+0000][1330.058s][gc,heap     ] GC(292) Old regions: 999->1001
[2026-05-23T04:00:22.317+0000][1330.058s][gc,heap     ] GC(292) Archive regions: 2->2
[2026-05-23T04:00:22.317+0000][1330.058s][gc,heap     ] GC(292) Humongous regions: 3->3
[2026-05-23T04:00:22.317+0000][1330.058s][gc,metaspace] GC(292) Metaspace: 45842K(46464K)->45842K(46464K) NonClass: 40562K(40896K)->40562K(40896K) Class: 5279K(5568K)->5279K(5568K)
[2026-05-23T04:00:22.317+0000][1330.058s][gc          ] GC(292) Pause Young (Normal) (G1 Evacuation Pause) 17201M->16116M(23664M) 69.518ms
[2026-05-23T04:00:22.317+0000][1330.058s][gc,cpu      ] GC(292) User=0.27s Sys=0.00s Real=0.07s
[2026-05-23T04:00:25.591+0000][1333.332s][gc,start    ] GC(293) Pause Young (Normal) (G1 Evacuation Pause)
[2026-05-23T04:00:25.591+0000][1333.332s][gc,task     ] GC(293) Using 4 workers of 4 for evacuation
[2026-05-23T04:00:25.796+0000][1333.537s][gc,mmu      ] GC(293) MMU target violated: 201.0ms (200.0ms/201.0ms)
[2026-05-23T04:00:25.796+0000][1333.537s][gc,phases   ] GC(293)   Pre Evacuate Collection Set: 0.12ms
[2026-05-23T04:00:25.796+0000][1333.537s][gc,phases   ] GC(293)   Merge Heap Roots: 0.37ms
[2026-05-23T04:00:25.796+0000][1333.537s][gc,phases   ] GC(293)   Evacuate Collection Set: 204.12ms
[2026-05-23T04:00:25.796+0000][1333.537s][gc,phases   ] GC(293)   Post Evacuate Collection Set: 0.58ms
[2026-05-23T04:00:25.796+0000][1333.537s][gc,phases   ] GC(293)   Other: 0.16ms
[2026-05-23T04:00:25.796+0000][1333.537s][gc,heap     ] GC(293) Eden regions: 70->0(63)
[2026-05-23T04:00:25.796+0000][1333.537s][gc,heap     ] GC(293) Survivor regions: 3->10(10)
[2026-05-23T04:00:25.796+0000][1333.537s][gc,heap     ] GC(293) Old regions: 1001->1004
[2026-05-23T04:00:25.796+0000][1333.537s][gc,heap     ] GC(293) Archive regions: 2->2
[2026-05-23T04:00:25.796+0000][1333.537s][gc,heap     ] GC(293) Humongous regions: 3->3
[2026-05-23T04:00:25.796+0000][1333.537s][gc,metaspace] GC(293) Metaspace: 45842K(46464K)->45842K(46464K) NonClass: 40562K(40896K)->40562K(40896K) Class: 5279K(5568K)->5279K(5568K)
[2026-05-23T04:00:25.796+0000][1333.537s][gc          ] GC(293) Pause Young (Normal) (G1 Evacuation Pause) 17236M->16283M(23664M) 205.410ms
[2026-05-23T04:00:25.796+0000][1333.537s][gc,cpu      ] GC(293) User=0.81s Sys=0.01s Real=0.20s
[2026-05-23T04:00:33.433+0000][1341.174s][gc,start    ] GC(294) Pause Young (Normal) (G1 Evacuation Pause)
[2026-05-23T04:00:33.433+0000][1341.174s][gc,task     ] GC(294) Using 4 workers of 4 for evacuation
[2026-05-23T04:00:33.661+0000][1341.402s][gc,mmu      ] GC(294) MMU target violated: 201.0ms (200.0ms/201.0ms)
[2026-05-23T04:00:33.661+0000][1341.402s][gc,phases   ] GC(294)   Pre Evacuate Collection Set: 0.12ms
[2026-05-23T04:00:33.661+0000][1341.402s][gc,phases   ] GC(294)   Merge Heap Roots: 0.74ms
[2026-05-23T04:00:33.661+0000][1341.402s][gc,phases   ] GC(294)   Evacuate Collection Set: 226.72ms
[2026-05-23T04:00:33.661+0000][1341.402s][gc,phases   ] GC(294)   Post Evacuate Collection Set: 0.65ms
[2026-05-23T04:00:33.661+0000][1341.402s][gc,phases   ] GC(294)   Other: 0.17ms
[2026-05-23T04:00:33.661+0000][1341.402s][gc,heap     ] GC(294) Eden regions: 63->0(63)
[2026-05-23T04:00:33.661+0000][1341.402s][gc,heap     ] GC(294) Survivor regions: 10->10(10)
[2026-05-23T04:00:33.661+0000][1341.402s][gc,heap     ] GC(294) Old regions: 1004->1009
[2026-05-23T04:00:33.661+0000][1341.402s][gc,heap     ] GC(294) Archive regions: 2->2
[2026-05-23T04:00:33.661+0000][1341.402s][gc,heap     ] GC(294) Humongous regions: 3->3
[2026-05-23T04:00:33.661+0000][1341.402s][gc,metaspace] GC(294) Metaspace: 45842K(46464K)->45842K(46464K) NonClass: 40562K(40896K)->40562K(40896K) Class: 5279K(5568K)->5279K(5568K)
[2026-05-23T04:00:33.661+0000][1341.402s][gc          ] GC(294) Pause Young (Normal) (G1 Evacuation Pause) 17291M->16367M(23664M) 228.473ms
[2026-05-23T04:00:33.661+0000][1341.402s][gc,cpu      ] GC(294) User=0.90s Sys=0.00s Real=0.23s
[2026-05-23T04:00:38.931+0000][1346.673s][gc,start    ] GC(295) Pause Young (Normal) (G1 Evacuation Pause)
[2026-05-23T04:00:38.931+0000][1346.673s][gc,task     ] GC(295) Using 4 workers of 4 for evacuation
[2026-05-23T04:00:39.151+0000][1346.892s][gc,mmu      ] GC(295) MMU target violated: 201.0ms (200.0ms/201.0ms)
[2026-05-23T04:00:39.151+0000][1346.892s][gc,phases   ] GC(295)   Pre Evacuate Collection Set: 0.12ms
[2026-05-23T04:00:39.151+0000][1346.892s][gc,phases   ] GC(295)   Merge Heap Roots: 0.65ms
[2026-05-23T04:00:39.151+0000][1346.892s][gc,phases   ] GC(295)   Evacuate Collection Set: 218.20ms
[2026-05-23T04:00:39.151+0000][1346.892s][gc,phases   ] GC(295)   Post Evacuate Collection Set: 0.60ms
[2026-05-23T04:00:39.151+0000][1346.892s][gc,phases   ] GC(295)   Other: 0.18ms
[2026-05-23T04:00:39.151+0000][1346.892s][gc,heap     ] GC(295) Eden regions: 63->0(63)
[2026-05-23T04:00:39.151+0000][1346.892s][gc,heap     ] GC(295) Survivor regions: 10->10(10)
[2026-05-23T04:00:39.151+0000][1346.892s][gc,heap     ] GC(295) Old regions: 1009->1012
[2026-05-23T04:00:39.151+0000][1346.892s][gc,heap     ] GC(295) Archive regions: 2->2
[2026-05-23T04:00:39.151+0000][1346.892s][gc,heap     ] GC(295) Humongous regions: 3->3
[2026-05-23T04:00:39.151+0000][1346.892s][gc,metaspace] GC(295) Metaspace: 45842K(46464K)->45842K(46464K) NonClass: 40562K(40896K)->40562K(40896K) Class: 5279K(5568K)->5279K(5568K)
[2026-05-23T04:00:39.151+0000][1346.892s][gc          ] GC(295) Pause Young (Normal) (G1 Evacuation Pause) 17375M->16402M(23664M) 219.803ms
[2026-05-23T04:00:39.151+0000][1346.892s][gc,cpu      ] GC(295) User=0.86s Sys=0.00s Real=0.22s
[2026-05-23T04:00:43.553+0000][1351.294s][gc,start    ] GC(296) Pause Young (Normal) (G1 Evacuation Pause)
[2026-05-23T04:00:43.553+0000][1351.294s][gc,task     ] GC(296) Using 4 workers of 4 for evacuation
[2026-05-23T04:00:43.778+0000][1351.519s][gc,mmu      ] GC(296) MMU target violated: 201.0ms (200.0ms/201.0ms)
[2026-05-23T04:00:43.778+0000][1351.519s][gc,phases   ] GC(296)   Pre Evacuate Collection Set: 0.12ms
[2026-05-23T04:00:43.778+0000][1351.519s][gc,phases   ] GC(296)   Merge Heap Roots: 0.72ms
[2026-05-23T04:00:43.778+0000][1351.519s][gc,phases   ] GC(296)   Evacuate Collection Set: 223.47ms
[2026-05-23T04:00:43.778+0000][1351.519s][gc,phases   ] GC(296)   Post Evacuate Collection Set: 0.73ms
[2026-05-23T04:00:43.778+0000][1351.519s][gc,phases   ] GC(296)   Other: 0.17ms
[2026-05-23T04:00:43.778+0000][1351.519s][gc,heap     ] GC(296) Eden regions: 63->0(63)
[2026-05-23T04:00:43.778+0000][1351.519s][gc,heap     ] GC(296) Survivor regions: 10->10(10)
[2026-05-23T04:00:43.778+0000][1351.519s][gc,heap     ] GC(296) Old regions: 1012->1016
[2026-05-23T04:00:43.778+0000][1351.519s][gc,heap     ] GC(296) Archive regions: 2->2
[2026-05-23T04:00:43.778+0000][1351.519s][gc,heap     ] GC(296) Humongous regions: 3->3
[2026-05-23T04:00:43.778+0000][1351.519s][gc,metaspace] GC(296) Metaspace: 45842K(46464K)->45842K(46464K) NonClass: 40562K(40896K)->40562K(40896K) Class: 5279K(5568K)->5279K(5568K)
[2026-05-23T04:00:43.778+0000][1351.519s][gc          ] GC(296) Pause Young (Normal) (G1 Evacuation Pause) 17410M->16479M(23664M) 225.271ms
[2026-05-23T04:00:43.778+0000][1351.519s][gc,cpu      ] GC(296) User=0.89s Sys=0.00s Real=0.22s
[2026-05-23T04:00:52.212+0000][1359.953s][gc,start    ] GC(297) Pause Young (Normal) (G1 Evacuation Pause)
[2026-05-23T04:00:52.212+0000][1359.953s][gc,task     ] GC(297) Using 4 workers of 4 for evacuation
[2026-05-23T04:00:52.338+0000][1360.079s][gc,phases   ] GC(297)   Pre Evacuate Collection Set: 0.12ms
[2026-05-23T04:00:52.338+0000][1360.079s][gc,phases   ] GC(297)   Merge Heap Roots: 1.80ms
[2026-05-23T04:00:52.338+0000][1360.079s][gc,phases   ] GC(297)   Evacuate Collection Set: 123.61ms
[2026-05-23T04:00:52.338+0000][1360.079s][gc,phases   ] GC(297)   Post Evacuate Collection Set: 0.69ms
[2026-05-23T04:00:52.338+0000][1360.079s][gc,phases   ] GC(297)   Other: 0.13ms
[2026-05-23T04:00:52.338+0000][1360.079s][gc,heap     ] GC(297) Eden regions: 63->0(67)
[2026-05-23T04:00:52.338+0000][1360.079s][gc,heap     ] GC(297) Survivor regions: 10->6(10)
[2026-05-23T04:00:52.338+0000][1360.079s][gc,heap     ] GC(297) Old regions: 1016->1019
[2026-05-23T04:00:52.338+0000][1360.079s][gc,heap     ] GC(297) Archive regions: 2->2
[2026-05-23T04:00:52.338+0000][1360.079s][gc,heap     ] GC(297) Humongous regions: 3->3
[2026-05-23T04:00:52.338+0000][1360.079s][gc,metaspace] GC(297) Metaspace: 45845K(46464K)->45845K(46464K) NonClass: 40565K(40896K)->40565K(40896K) Class: 5280K(5568K)->5280K(5568K)
[2026-05-23T04:00:52.338+0000][1360.079s][gc          ] GC(297) Pause Young (Normal) (G1 Evacuation Pause) 17487M->16454M(23664M) 126.427ms
[2026-05-23T04:00:52.338+0000][1360.079s][gc,cpu      ] GC(297) User=0.50s Sys=0.00s Real=0.12s
[2026-05-23T04:00:54.806+0000][1362.547s][gc,start    ] GC(298) Pause Young (Normal) (G1 Evacuation Pause)
[2026-05-23T04:00:54.806+0000][1362.547s][gc,task     ] GC(298) Using 4 workers of 4 for evacuation
[2026-05-23T04:00:55.078+0000][1362.819s][gc,mmu      ] GC(298) MMU target violated: 201.0ms (200.0ms/201.0ms)
[2026-05-23T04:00:55.078+0000][1362.819s][gc,phases   ] GC(298)   Pre Evacuate Collection Set: 0.12ms
[2026-05-23T04:00:55.078+0000][1362.819s][gc,phases   ] GC(298)   Merge Heap Roots: 1.06ms
[2026-05-23T04:00:55.078+0000][1362.820s][gc,phases   ] GC(298)   Evacuate Collection Set: 270.49ms
[2026-05-23T04:00:55.078+0000][1362.820s][gc,phases   ] GC(298)   Post Evacuate Collection Set: 0.77ms
[2026-05-23T04:00:55.078+0000][1362.820s][gc,phases   ] GC(298)   Other: 0.15ms
[2026-05-23T04:00:55.078+0000][1362.820s][gc,heap     ] GC(298) Eden regions: 67->0(63)
[2026-05-23T04:00:55.078+0000][1362.820s][gc,heap     ] GC(298) Survivor regions: 6->10(10)
[2026-05-23T04:00:55.078+0000][1362.820s][gc,heap     ] GC(298) Old regions: 1019->1027
[2026-05-23T04:00:55.078+0000][1362.820s][gc,heap     ] GC(298) Archive regions: 2->2
[2026-05-23T04:00:55.078+0000][1362.820s][gc,heap     ] GC(298) Humongous regions: 3->3
[2026-05-23T04:00:55.078+0000][1362.820s][gc,metaspace] GC(298) Metaspace: 45845K(46464K)->45845K(46464K) NonClass: 40565K(40896K)->40565K(40896K) Class: 5280K(5568K)->5280K(5568K)
[2026-05-23T04:00:55.078+0000][1362.820s][gc          ] GC(298) Pause Young (Normal) (G1 Evacuation Pause) 17526M->16644M(23664M) 272.652ms
[2026-05-23T04:00:55.078+0000][1362.820s][gc,cpu      ] GC(298) User=1.08s Sys=0.00s Real=0.27s
[2026-05-23T04:01:02.627+0000][1370.368s][gc,start    ] GC(299) Pause Young (Normal) (G1 Evacuation Pause)
[2026-05-23T04:01:02.627+0000][1370.368s][gc,task     ] GC(299) Using 4 workers of 4 for evacuation
[2026-05-23T04:01:02.838+0000][1370.579s][gc,mmu      ] GC(299) MMU target violated: 201.0ms (200.0ms/201.0ms)
[2026-05-23T04:01:02.838+0000][1370.579s][gc,phases   ] GC(299)   Pre Evacuate Collection Set: 0.12ms
[2026-05-23T04:01:02.838+0000][1370.579s][gc,phases   ] GC(299)   Merge Heap Roots: 2.86ms
[2026-05-23T04:01:02.838+0000][1370.579s][gc,phases   ] GC(299)   Evacuate Collection Set: 207.39ms
[2026-05-23T04:01:02.838+0000][1370.579s][gc,phases   ] GC(299)   Post Evacuate Collection Set: 1.01ms
[2026-05-23T04:01:02.838+0000][1370.579s][gc,phases   ] GC(299)   Other: 0.19ms
[2026-05-23T04:01:02.838+0000][1370.579s][gc,heap     ] GC(299) Eden regions: 63->0(64)
[2026-05-23T04:01:02.838+0000][1370.579s][gc,heap     ] GC(299) Survivor regions: 10->9(10)
[2026-05-23T04:01:02.838+0000][1370.579s][gc,heap     ] GC(299) Old regions: 1027->1031
[2026-05-23T04:01:02.838+0000][1370.579s][gc,heap     ] GC(299) Archive regions: 2->2
[2026-05-23T04:01:02.838+0000][1370.579s][gc,heap     ] GC(299) Humongous regions: 3->3
[2026-05-23T04:01:02.838+0000][1370.579s][gc,metaspace] GC(299) Metaspace: 45845K(46464K)->45845K(46464K) NonClass: 40565K(40896K)->40565K(40896K) Class: 5280K(5568K)->5280K(5568K)
[2026-05-23T04:01:02.838+0000][1370.580s][gc          ] GC(299) Pause Young (Normal) (G1 Evacuation Pause) 17652M->16693M(23664M) 211.632ms
[2026-05-23T04:01:02.838+0000][1370.580s][gc,cpu      ] GC(299) User=0.82s Sys=0.00s Real=0.21s
[2026-05-23T04:01:05.056+0000][1372.797s][gc,start    ] GC(300) Pause Young (Normal) (G1 Evacuation Pause)
[2026-05-23T04:01:05.056+0000][1372.797s][gc,task     ] GC(300) Using 4 workers of 4 for evacuation
[2026-05-23T04:01:05.365+0000][1373.107s][gc,mmu      ] GC(300) MMU target violated: 201.0ms (200.0ms/201.0ms)
[2026-05-23T04:01:05.366+0000][1373.107s][gc,phases   ] GC(300)   Pre Evacuate Collection Set: 0.17ms
[2026-05-23T04:01:05.366+0000][1373.107s][gc,phases   ] GC(300)   Merge Heap Roots: 1.12ms
[2026-05-23T04:01:05.366+0000][1373.107s][gc,phases   ] GC(300)   Evacuate Collection Set: 307.37ms
[2026-05-23T04:01:05.366+0000][1373.107s][gc,phases   ] GC(300)   Post Evacuate Collection Set: 0.88ms
[2026-05-23T04:01:05.366+0000][1373.107s][gc,phases   ] GC(300)   Other: 0.19ms
[2026-05-23T04:01:05.366+0000][1373.107s][gc,heap     ] GC(300) Eden regions: 64->0(63)
[2026-05-23T04:01:05.366+0000][1373.107s][gc,heap     ] GC(300) Survivor regions: 9->10(10)
[2026-05-23T04:01:05.366+0000][1373.107s][gc,heap     ] GC(300) Old regions: 1031->1038
[2026-05-23T04:01:05.366+0000][1373.107s][gc,heap     ] GC(300) Archive regions: 2->2
[2026-05-23T04:01:05.366+0000][1373.107s][gc,heap     ] GC(300) Humongous regions: 3->3
[2026-05-23T04:01:05.366+0000][1373.107s][gc,metaspace] GC(300) Metaspace: 45845K(46464K)->45845K(46464K) NonClass: 40565K(40896K)->40565K(40896K) Class: 5280K(5568K)->5280K(5568K)
[2026-05-23T04:01:05.366+0000][1373.107s][gc          ] GC(300) Pause Young (Normal) (G1 Evacuation Pause) 17717M->16821M(23664M) 309.791ms
[2026-05-23T04:01:05.366+0000][1373.107s][gc,cpu      ] GC(300) User=1.22s Sys=0.00s Real=0.31s
[2026-05-23T04:01:07.354+0000][1375.095s][gc,start    ] GC(301) Pause Young (Normal) (G1 Evacuation Pause)
[2026-05-23T04:01:07.354+0000][1375.095s][gc,task     ] GC(301) Using 4 workers of 4 for evacuation
[2026-05-23T04:01:07.635+0000][1375.376s][gc,mmu      ] GC(301) MMU target violated: 201.0ms (200.0ms/201.0ms)
[2026-05-23T04:01:07.635+0000][1375.376s][gc,phases   ] GC(301)   Pre Evacuate Collection Set: 0.17ms
[2026-05-23T04:01:07.635+0000][1375.376s][gc,phases   ] GC(301)   Merge Heap Roots: 1.85ms
[2026-05-23T04:01:07.635+0000][1375.376s][gc,phases   ] GC(301)   Evacuate Collection Set: 277.88ms
[2026-05-23T04:01:07.635+0000][1375.376s][gc,phases   ] GC(301)   Post Evacuate Collection Set: 1.08ms
[2026-05-23T04:01:07.635+0000][1375.376s][gc,phases   ] GC(301)   Other: 0.19ms
[2026-05-23T04:01:07.635+0000][1375.376s][gc,heap     ] GC(301) Eden regions: 63->0(64)
[2026-05-23T04:01:07.635+0000][1375.376s][gc,heap     ] GC(301) Survivor regions: 10->9(10)
[2026-05-23T04:01:07.635+0000][1375.376s][gc,heap     ] GC(301) Old regions: 1038->1048
[2026-05-23T04:01:07.635+0000][1375.376s][gc,heap     ] GC(301) Archive regions: 2->2
[2026-05-23T04:01:07.635+0000][1375.376s][gc,heap     ] GC(301) Humongous regions: 3->3
[2026-05-23T04:01:07.635+0000][1375.376s][gc,metaspace] GC(301) Metaspace: 45845K(46464K)->45845K(46464K) NonClass: 40565K(40896K)->40565K(40896K) Class: 5280K(5568K)->5280K(5568K)
[2026-05-23T04:01:07.635+0000][1375.376s][gc          ] GC(301) Pause Young (Normal) (G1 Evacuation Pause) 17829M->16964M(23664M) 281.220ms
[2026-05-23T04:01:07.635+0000][1375.376s][gc,cpu      ] GC(301) User=1.11s Sys=0.01s Real=0.28s
[2026-05-23T04:01:09.519+0000][1377.260s][gc,start    ] GC(302) Pause Young (Normal) (G1 Evacuation Pause)
[2026-05-23T04:01:09.519+0000][1377.260s][gc,task     ] GC(302) Using 4 workers of 4 for evacuation
[2026-05-23T04:01:09.786+0000][1377.527s][gc,mmu      ] GC(302) MMU target violated: 201.0ms (200.0ms/201.0ms)
[2026-05-23T04:01:09.786+0000][1377.527s][gc,phases   ] GC(302)   Pre Evacuate Collection Set: 0.12ms
[2026-05-23T04:01:09.786+0000][1377.527s][gc,phases   ] GC(302)   Merge Heap Roots: 2.27ms
[2026-05-23T04:01:09.786+0000][1377.527s][gc,phases   ] GC(302)   Evacuate Collection Set: 263.41ms
[2026-05-23T04:01:09.786+0000][1377.527s][gc,phases   ] GC(302)   Post Evacuate Collection Set: 0.99ms
[2026-05-23T04:01:09.786+0000][1377.527s][gc,phases   ] GC(302)   Other: 0.14ms
[2026-05-23T04:01:09.786+0000][1377.527s][gc,heap     ] GC(302) Eden regions: 64->0(65)
[2026-05-23T04:01:09.786+0000][1377.527s][gc,heap     ] GC(302) Survivor regions: 9->8(10)
[2026-05-23T04:01:09.786+0000][1377.527s][gc,heap     ] GC(302) Old regions: 1048->1057
[2026-05-23T04:01:09.786+0000][1377.527s][gc,heap     ] GC(302) Archive regions: 2->2
[2026-05-23T04:01:09.786+0000][1377.527s][gc,heap     ] GC(302) Humongous regions: 3->3
[2026-05-23T04:01:09.786+0000][1377.527s][gc,metaspace] GC(302) Metaspace: 45845K(46464K)->45845K(46464K) NonClass: 40565K(40896K)->40565K(40896K) Class: 5280K(5568K)->5280K(5568K)
[2026-05-23T04:01:09.786+0000][1377.527s][gc          ] GC(302) Pause Young (Normal) (G1 Evacuation Pause) 17988M->17098M(23664M) 267.010ms
[2026-05-23T04:01:09.786+0000][1377.527s][gc,cpu      ] GC(302) User=1.05s Sys=0.00s Real=0.26s
[2026-05-23T04:01:19.404+0000][1387.145s][gc,start    ] GC(303) Pause Young (Normal) (G1 Evacuation Pause)
[2026-05-23T04:01:19.404+0000][1387.145s][gc,task     ] GC(303) Using 4 workers of 4 for evacuation
[2026-05-23T04:01:19.705+0000][1387.446s][gc,mmu      ] GC(303) MMU target violated: 201.0ms (200.0ms/201.0ms)
[2026-05-23T04:01:19.705+0000][1387.446s][gc,phases   ] GC(303)   Pre Evacuate Collection Set: 0.12ms
[2026-05-23T04:01:19.705+0000][1387.446s][gc,phases   ] GC(303)   Merge Heap Roots: 3.45ms
[2026-05-23T04:01:19.705+0000][1387.446s][gc,phases   ] GC(303)   Evacuate Collection Set: 295.89ms
[2026-05-23T04:01:19.705+0000][1387.446s][gc,phases   ] GC(303)   Post Evacuate Collection Set: 1.37ms
[2026-05-23T04:01:19.705+0000][1387.446s][gc,phases   ] GC(303)   Other: 0.15ms
[2026-05-23T04:01:19.705+0000][1387.446s][gc,heap     ] GC(303) Eden regions: 65->0(64)
[2026-05-23T04:01:19.705+0000][1387.446s][gc,heap     ] GC(303) Survivor regions: 8->10(10)
[2026-05-23T04:01:19.705+0000][1387.446s][gc,heap     ] GC(303) Old regions: 1057->1061
[2026-05-23T04:01:19.705+0000][1387.446s][gc,heap     ] GC(303) Archive regions: 2->2
[2026-05-23T04:01:19.705+0000][1387.446s][gc,heap     ] GC(303) Humongous regions: 3->3
[2026-05-23T04:01:19.705+0000][1387.446s][gc,metaspace] GC(303) Metaspace: 45845K(46464K)->45845K(46464K) NonClass: 40565K(40896K)->40565K(40896K) Class: 5280K(5568K)->5280K(5568K)
[2026-05-23T04:01:19.705+0000][1387.446s][gc          ] GC(303) Pause Young (Normal) (G1 Evacuation Pause) 18138M->17199M(23776M) 301.051ms
[2026-05-23T04:01:19.705+0000][1387.446s][gc,cpu      ] GC(303) User=1.19s Sys=0.00s Real=0.30s
[2026-05-23T04:01:21.851+0000][1389.592s][gc,start    ] GC(304) Pause Young (Normal) (G1 Evacuation Pause)
[2026-05-23T04:01:21.851+0000][1389.592s][gc,task     ] GC(304) Using 4 workers of 4 for evacuation
[2026-05-23T04:01:22.225+0000][1389.966s][gc,mmu      ] GC(304) MMU target violated: 201.0ms (200.0ms/201.0ms)
[2026-05-23T04:01:22.225+0000][1389.966s][gc,phases   ] GC(304)   Pre Evacuate Collection Set: 0.21ms
[2026-05-23T04:01:22.225+0000][1389.966s][gc,phases   ] GC(304)   Merge Heap Roots: 2.10ms
[2026-05-23T04:01:22.225+0000][1389.966s][gc,phases   ] GC(304)   Evacuate Collection Set: 370.39ms
[2026-05-23T04:01:22.225+0000][1389.966s][gc,phases   ] GC(304)   Post Evacuate Collection Set: 1.00ms
[2026-05-23T04:01:22.225+0000][1389.966s][gc,phases   ] GC(304)   Other: 0.18ms
[2026-05-23T04:01:22.225+0000][1389.966s][gc,heap     ] GC(304) Eden regions: 64->0(64)
[2026-05-23T04:01:22.225+0000][1389.966s][gc,heap     ] GC(304) Survivor regions: 10->10(10)
[2026-05-23T04:01:22.225+0000][1389.966s][gc,heap     ] GC(304) Old regions: 1061->1071
[2026-05-23T04:01:22.225+0000][1389.966s][gc,heap     ] GC(304) Archive regions: 2->2
[2026-05-23T04:01:22.225+0000][1389.966s][gc,heap     ] GC(304) Humongous regions: 3->3
[2026-05-23T04:01:22.225+0000][1389.966s][gc,metaspace] GC(304) Metaspace: 45848K(46464K)->45848K(46464K) NonClass: 40568K(40896K)->40568K(40896K) Class: 5280K(5568K)->5280K(5568K)
[2026-05-23T04:01:22.225+0000][1389.966s][gc          ] GC(304) Pause Young (Normal) (G1 Evacuation Pause) 18223M->17354M(23776M) 373.941ms
[2026-05-23T04:01:22.225+0000][1389.966s][gc,cpu      ] GC(304) User=1.47s Sys=0.00s Real=0.37s
[2026-05-23T04:01:28.305+0000][1396.046s][gc,start    ] GC(305) Pause Young (Normal) (G1 Evacuation Pause)
[2026-05-23T04:01:28.305+0000][1396.046s][gc,task     ] GC(305) Using 4 workers of 4 for evacuation
[2026-05-23T04:01:28.560+0000][1396.302s][gc,mmu      ] GC(305) MMU target violated: 201.0ms (200.0ms/201.0ms)
[2026-05-23T04:01:28.561+0000][1396.302s][gc,phases   ] GC(305)   Pre Evacuate Collection Set: 0.18ms
[2026-05-23T04:01:28.561+0000][1396.302s][gc,phases   ] GC(305)   Merge Heap Roots: 3.55ms
[2026-05-23T04:01:28.561+0000][1396.302s][gc,phases   ] GC(305)   Evacuate Collection Set: 250.33ms
[2026-05-23T04:01:28.561+0000][1396.302s][gc,phases   ] GC(305)   Post Evacuate Collection Set: 1.07ms
[2026-05-23T04:01:28.561+0000][1396.302s][gc,phases   ] GC(305)   Other: 0.17ms
[2026-05-23T04:01:28.561+0000][1396.302s][gc,heap     ] GC(305) Eden regions: 64->0(64)
[2026-05-23T04:01:28.561+0000][1396.302s][gc,heap     ] GC(305) Survivor regions: 10->10(10)
[2026-05-23T04:01:28.561+0000][1396.302s][gc,heap     ] GC(305) Old regions: 1071->1076
[2026-05-23T04:01:28.561+0000][1396.302s][gc,heap     ] GC(305) Archive regions: 2->2
[2026-05-23T04:01:28.561+0000][1396.302s][gc,heap     ] GC(305) Humongous regions: 3->3
[2026-05-23T04:01:28.561+0000][1396.302s][gc,metaspace] GC(305) Metaspace: 45848K(46464K)->45848K(46464K) NonClass: 40568K(40896K)->40568K(40896K) Class: 5280K(5568K)->5280K(5568K)
[2026-05-23T04:01:28.561+0000][1396.302s][gc          ] GC(305) Pause Young (Normal) (G1 Evacuation Pause) 18378M->17429M(23776M) 255.356ms
[2026-05-23T04:01:28.561+0000][1396.302s][gc,cpu      ] GC(305) User=1.00s Sys=0.00s Real=0.26s
[2026-05-23T04:01:34.365+0000][1402.107s][gc,start    ] GC(306) Pause Young (Normal) (G1 Evacuation Pause)
[2026-05-23T04:01:34.366+0000][1402.107s][gc,task     ] GC(306) Using 4 workers of 4 for evacuation
[2026-05-23T04:01:34.655+0000][1402.396s][gc,mmu      ] GC(306) MMU target violated: 201.0ms (200.0ms/201.0ms)
[2026-05-23T04:01:34.655+0000][1402.397s][gc,phases   ] GC(306)   Pre Evacuate Collection Set: 0.12ms
[2026-05-23T04:01:34.655+0000][1402.397s][gc,phases   ] GC(306)   Merge Heap Roots: 3.57ms
[2026-05-23T04:01:34.655+0000][1402.397s][gc,phases   ] GC(306)   Evacuate Collection Set: 284.99ms
[2026-05-23T04:01:34.655+0000][1402.397s][gc,phases   ] GC(306)   Post Evacuate Collection Set: 1.10ms
[2026-05-23T04:01:34.655+0000][1402.397s][gc,phases   ] GC(306)   Other: 0.19ms
[2026-05-23T04:01:34.655+0000][1402.397s][gc,heap     ] GC(306) Eden regions: 64->0(64)
[2026-05-23T04:01:34.655+0000][1402.397s][gc,heap     ] GC(306) Survivor regions: 10->10(10)
[2026-05-23T04:01:34.655+0000][1402.397s][gc,heap     ] GC(306) Old regions: 1076->1083
[2026-05-23T04:01:34.655+0000][1402.397s][gc,heap     ] GC(306) Archive regions: 2->2
[2026-05-23T04:01:34.655+0000][1402.397s][gc,heap     ] GC(306) Humongous regions: 3->3
[2026-05-23T04:01:34.655+0000][1402.397s][gc,metaspace] GC(306) Metaspace: 45848K(46464K)->45848K(46464K) NonClass: 40568K(40896K)->40568K(40896K) Class: 5280K(5568K)->5280K(5568K)
[2026-05-23T04:01:34.656+0000][1402.397s][gc          ] GC(306) Pause Young (Normal) (G1 Evacuation Pause) 18453M->17538M(23776M) 290.030ms
[2026-05-23T04:01:34.656+0000][1402.397s][gc,cpu      ] GC(306) User=1.14s Sys=0.01s Real=0.29s
[2026-05-23T04:01:43.245+0000][1410.986s][gc,start    ] GC(307) Pause Young (Normal) (G1 Evacuation Pause)
[2026-05-23T04:01:43.245+0000][1410.986s][gc,task     ] GC(307) Using 4 workers of 4 for evacuation
[2026-05-23T04:01:43.428+0000][1411.169s][gc,phases   ] GC(307)   Pre Evacuate Collection Set: 0.12ms
[2026-05-23T04:01:43.428+0000][1411.169s][gc,phases   ] GC(307)   Merge Heap Roots: 3.40ms
[2026-05-23T04:01:43.428+0000][1411.169s][gc,phases   ] GC(307)   Evacuate Collection Set: 178.28ms
[2026-05-23T04:01:43.428+0000][1411.169s][gc,phases   ] GC(307)   Post Evacuate Collection Set: 0.92ms
[2026-05-23T04:01:43.428+0000][1411.169s][gc,phases   ] GC(307)   Other: 0.12ms
[2026-05-23T04:01:43.428+0000][1411.169s][gc,heap     ] GC(307) Eden regions: 64->0(67)
[2026-05-23T04:01:43.428+0000][1411.169s][gc,heap     ] GC(307) Survivor regions: 10->7(10)
[2026-05-23T04:01:43.428+0000][1411.169s][gc,heap     ] GC(307) Old regions: 1083->1086
[2026-05-23T04:01:43.428+0000][1411.169s][gc,heap     ] GC(307) Archive regions: 2->2
[2026-05-23T04:01:43.428+0000][1411.169s][gc,heap     ] GC(307) Humongous regions: 3->3
[2026-05-23T04:01:43.428+0000][1411.169s][gc,metaspace] GC(307) Metaspace: 45848K(46464K)->45848K(46464K) NonClass: 40568K(40896K)->40568K(40896K) Class: 5280K(5568K)->5280K(5568K)
[2026-05-23T04:01:43.428+0000][1411.169s][gc          ] GC(307) Pause Young (Normal) (G1 Evacuation Pause) 18562M->17532M(23776M) 182.944ms
[2026-05-23T04:01:43.428+0000][1411.169s][gc,cpu      ] GC(307) User=0.73s Sys=0.00s Real=0.18s
[2026-05-23T04:01:45.931+0000][1413.672s][gc,start    ] GC(308) Pause Young (Normal) (G1 Evacuation Pause)
[2026-05-23T04:01:45.931+0000][1413.672s][gc,task     ] GC(308) Using 4 workers of 4 for evacuation
[2026-05-23T04:01:46.238+0000][1413.979s][gc,mmu      ] GC(308) MMU target violated: 201.0ms (200.0ms/201.0ms)
[2026-05-23T04:01:46.238+0000][1413.979s][gc,phases   ] GC(308)   Pre Evacuate Collection Set: 0.12ms
[2026-05-23T04:01:46.238+0000][1413.979s][gc,phases   ] GC(308)   Merge Heap Roots: 2.78ms
[2026-05-23T04:01:46.238+0000][1413.979s][gc,phases   ] GC(308)   Evacuate Collection Set: 303.51ms
[2026-05-23T04:01:46.238+0000][1413.979s][gc,phases   ] GC(308)   Post Evacuate Collection Set: 0.97ms
[2026-05-23T04:01:46.238+0000][1413.979s][gc,phases   ] GC(308)   Other: 0.17ms
[2026-05-23T04:01:46.238+0000][1413.979s][gc,heap     ] GC(308) Eden regions: 67->0(64)
[2026-05-23T04:01:46.238+0000][1413.979s][gc,heap     ] GC(308) Survivor regions: 7->10(10)
[2026-05-23T04:01:46.238+0000][1413.979s][gc,heap     ] GC(308) Old regions: 1086->1094
[2026-05-23T04:01:46.238+0000][1413.979s][gc,heap     ] GC(308) Archive regions: 2->2
[2026-05-23T04:01:46.238+0000][1413.979s][gc,heap     ] GC(308) Humongous regions: 3->3
[2026-05-23T04:01:46.238+0000][1413.979s][gc,metaspace] GC(308) Metaspace: 45850K(46464K)->45850K(46464K) NonClass: 40570K(40896K)->40570K(40896K) Class: 5280K(5568K)->5280K(5568K)
[2026-05-23T04:01:46.238+0000][1413.980s][gc          ] GC(308) Pause Young (Normal) (G1 Evacuation Pause) 18604M->17717M(23776M) 307.604ms
[2026-05-23T04:01:46.238+0000][1413.980s][gc,cpu      ] GC(308) User=1.22s Sys=0.00s Real=0.30s
[2026-05-23T04:01:53.686+0000][1421.427s][gc,start    ] GC(309) Pause Young (Normal) (G1 Evacuation Pause)
[2026-05-23T04:01:53.686+0000][1421.427s][gc,task     ] GC(309) Using 4 workers of 4 for evacuation
[2026-05-23T04:01:53.910+0000][1421.651s][gc,mmu      ] GC(309) MMU target violated: 201.0ms (200.0ms/201.0ms)
[2026-05-23T04:01:53.910+0000][1421.651s][gc,phases   ] GC(309)   Pre Evacuate Collection Set: 0.19ms
[2026-05-23T04:01:53.910+0000][1421.651s][gc,phases   ] GC(309)   Merge Heap Roots: 2.87ms
[2026-05-23T04:01:53.910+0000][1421.651s][gc,phases   ] GC(309)   Evacuate Collection Set: 220.02ms
[2026-05-23T04:01:53.910+0000][1421.651s][gc,phases   ] GC(309)   Post Evacuate Collection Set: 0.86ms
[2026-05-23T04:01:53.910+0000][1421.652s][gc,phases   ] GC(309)   Other: 0.16ms
[2026-05-23T04:01:53.910+0000][1421.652s][gc,heap     ] GC(309) Eden regions: 64->0(64)
[2026-05-23T04:01:53.910+0000][1421.652s][gc,heap     ] GC(309) Survivor regions: 10->10(10)
[2026-05-23T04:01:53.910+0000][1421.652s][gc,heap     ] GC(309) Old regions: 1094->1098
[2026-05-23T04:01:53.910+0000][1421.652s][gc,heap     ] GC(309) Archive regions: 2->2
[2026-05-23T04:01:53.910+0000][1421.652s][gc,heap     ] GC(309) Humongous regions: 3->3
[2026-05-23T04:01:53.910+0000][1421.652s][gc,metaspace] GC(309) Metaspace: 45850K(46464K)->45850K(46464K) NonClass: 40570K(40896K)->40570K(40896K) Class: 5280K(5568K)->5280K(5568K)
[2026-05-23T04:01:53.910+0000][1421.652s][gc          ] GC(309) Pause Young (Normal) (G1 Evacuation Pause) 18741M->17772M(23776M) 224.155ms
[2026-05-23T04:01:53.910+0000][1421.652s][gc,cpu      ] GC(309) User=0.87s Sys=0.00s Real=0.23s
[2026-05-23T04:01:56.072+0000][1423.813s][gc,start    ] GC(310) Pause Young (Normal) (G1 Evacuation Pause)
[2026-05-23T04:01:56.072+0000][1423.813s][gc,task     ] GC(310) Using 4 workers of 4 for evacuation
[2026-05-23T04:01:56.389+0000][1424.130s][gc,mmu      ] GC(310) MMU target violated: 201.0ms (200.0ms/201.0ms)
[2026-05-23T04:01:56.389+0000][1424.130s][gc,phases   ] GC(310)   Pre Evacuate Collection Set: 0.18ms
[2026-05-23T04:01:56.389+0000][1424.130s][gc,phases   ] GC(310)   Merge Heap Roots: 0.99ms
[2026-05-23T04:01:56.389+0000][1424.130s][gc,phases   ] GC(310)   Evacuate Collection Set: 315.00ms
[2026-05-23T04:01:56.389+0000][1424.130s][gc,phases   ] GC(310)   Post Evacuate Collection Set: 0.96ms
[2026-05-23T04:01:56.389+0000][1424.130s][gc,phases   ] GC(310)   Other: 0.17ms
[2026-05-23T04:01:56.389+0000][1424.130s][gc,heap     ] GC(310) Eden regions: 64->0(64)
[2026-05-23T04:01:56.389+0000][1424.130s][gc,heap     ] GC(310) Survivor regions: 10->10(10)
[2026-05-23T04:01:56.389+0000][1424.130s][gc,heap     ] GC(310) Old regions: 1098->1105
[2026-05-23T04:01:56.389+0000][1424.130s][gc,heap     ] GC(310) Archive regions: 2->2
[2026-05-23T04:01:56.389+0000][1424.130s][gc,heap     ] GC(310) Humongous regions: 3->3
[2026-05-23T04:01:56.389+0000][1424.130s][gc,metaspace] GC(310) Metaspace: 45850K(46464K)->45850K(46464K) NonClass: 40570K(40896K)->40570K(40896K) Class: 5280K(5568K)->5280K(5568K)
[2026-05-23T04:01:56.389+0000][1424.130s][gc          ] GC(310) Pause Young (Normal) (G1 Evacuation Pause) 18796M->17901M(23776M) 317.348ms
[2026-05-23T04:01:56.389+0000][1424.130s][gc,cpu      ] GC(310) User=1.24s Sys=0.00s Real=0.32s
[2026-05-23T04:02:03.713+0000][1431.454s][gc,start    ] GC(311) Pause Young (Normal) (G1 Evacuation Pause)
[2026-05-23T04:02:03.713+0000][1431.454s][gc,task     ] GC(311) Using 4 workers of 4 for evacuation
[2026-05-23T04:02:03.896+0000][1431.637s][gc,phases   ] GC(311)   Pre Evacuate Collection Set: 0.12ms
[2026-05-23T04:02:03.896+0000][1431.637s][gc,phases   ] GC(311)   Merge Heap Roots: 2.23ms
[2026-05-23T04:02:03.896+0000][1431.637s][gc,phases   ] GC(311)   Evacuate Collection Set: 180.00ms
[2026-05-23T04:02:03.896+0000][1431.637s][gc,phases   ] GC(311)   Post Evacuate Collection Set: 0.79ms
[2026-05-23T04:02:03.896+0000][1431.637s][gc,phases   ] GC(311)   Other: 0.12ms
[2026-05-23T04:02:03.896+0000][1431.637s][gc,heap     ] GC(311) Eden regions: 64->0(65)
[2026-05-23T04:02:03.896+0000][1431.637s][gc,heap     ] GC(311) Survivor regions: 10->9(10)
[2026-05-23T04:02:03.896+0000][1431.637s][gc,heap     ] GC(311) Old regions: 1105->1107
[2026-05-23T04:02:03.896+0000][1431.637s][gc,heap     ] GC(311) Archive regions: 2->2
[2026-05-23T04:02:03.896+0000][1431.637s][gc,heap     ] GC(311) Humongous regions: 3->3
[2026-05-23T04:02:03.896+0000][1431.637s][gc,metaspace] GC(311) Metaspace: 45850K(46464K)->45850K(46464K) NonClass: 40570K(40896K)->40570K(40896K) Class: 5280K(5568K)->5280K(5568K)
[2026-05-23T04:02:03.896+0000][1431.637s][gc          ] GC(311) Pause Young (Normal) (G1 Evacuation Pause) 18925M->17912M(23776M) 183.349ms
[2026-05-23T04:02:03.896+0000][1431.637s][gc,cpu      ] GC(311) User=0.72s Sys=0.00s Real=0.18s
[2026-05-23T04:02:06.119+0000][1433.860s][gc,start    ] GC(312) Pause Young (Normal) (G1 Evacuation Pause)
[2026-05-23T04:02:06.119+0000][1433.860s][gc,task     ] GC(312) Using 4 workers of 4 for evacuation
[2026-05-23T04:02:06.441+0000][1434.182s][gc,mmu      ] GC(312) MMU target violated: 201.0ms (200.0ms/201.0ms)
[2026-05-23T04:02:06.441+0000][1434.182s][gc,phases   ] GC(312)   Pre Evacuate Collection Set: 0.18ms
[2026-05-23T04:02:06.441+0000][1434.182s][gc,phases   ] GC(312)   Merge Heap Roots: 1.06ms
[2026-05-23T04:02:06.441+0000][1434.182s][gc,phases   ] GC(312)   Evacuate Collection Set: 319.66ms
[2026-05-23T04:02:06.441+0000][1434.182s][gc,phases   ] GC(312)   Post Evacuate Collection Set: 0.92ms
[2026-05-23T04:02:06.441+0000][1434.182s][gc,phases   ] GC(312)   Other: 0.19ms
[2026-05-23T04:02:06.441+0000][1434.182s][gc,heap     ] GC(312) Eden regions: 65->0(64)
[2026-05-23T04:02:06.441+0000][1434.182s][gc,heap     ] GC(312) Survivor regions: 9->10(10)
[2026-05-23T04:02:06.441+0000][1434.182s][gc,heap     ] GC(312) Old regions: 1107->1116
[2026-05-23T04:02:06.441+0000][1434.182s][gc,heap     ] GC(312) Archive regions: 2->2
[2026-05-23T04:02:06.441+0000][1434.182s][gc,heap     ] GC(312) Humongous regions: 3->3
[2026-05-23T04:02:06.441+0000][1434.182s][gc,metaspace] GC(312) Metaspace: 45851K(46464K)->45851K(46464K) NonClass: 40570K(40896K)->40570K(40896K) Class: 5280K(5568K)->5280K(5568K)
[2026-05-23T04:02:06.441+0000][1434.182s][gc          ] GC(312) Pause Young (Normal) (G1 Evacuation Pause) 18952M->18076M(23776M) 322.060ms
[2026-05-23T04:02:06.441+0000][1434.182s][gc,cpu      ] GC(312) User=1.27s Sys=0.00s Real=0.32s
[2026-05-23T04:02:13.326+0000][1441.067s][gc,start    ] GC(313) Pause Young (Normal) (G1 Evacuation Pause)
[2026-05-23T04:02:13.326+0000][1441.067s][gc,task     ] GC(313) Using 4 workers of 4 for evacuation
[2026-05-23T04:02:13.558+0000][1441.299s][gc,mmu      ] GC(313) MMU target violated: 201.0ms (200.0ms/201.0ms)
[2026-05-23T04:02:13.558+0000][1441.299s][gc,phases   ] GC(313)   Pre Evacuate Collection Set: 0.19ms
[2026-05-23T04:02:13.558+0000][1441.299s][gc,phases   ] GC(313)   Merge Heap Roots: 2.55ms
[2026-05-23T04:02:13.558+0000][1441.299s][gc,phases   ] GC(313)   Evacuate Collection Set: 228.25ms
[2026-05-23T04:02:13.558+0000][1441.299s][gc,phases   ] GC(313)   Post Evacuate Collection Set: 1.22ms
[2026-05-23T04:02:13.558+0000][1441.299s][gc,phases   ] GC(313)   Other: 0.17ms
[2026-05-23T04:02:13.558+0000][1441.299s][gc,heap     ] GC(313) Eden regions: 64->0(65)
[2026-05-23T04:02:13.558+0000][1441.299s][gc,heap     ] GC(313) Survivor regions: 10->9(10)
[2026-05-23T04:02:13.558+0000][1441.299s][gc,heap     ] GC(313) Old regions: 1116->1122
[2026-05-23T04:02:13.558+0000][1441.299s][gc,heap     ] GC(313) Archive regions: 2->2
[2026-05-23T04:02:13.558+0000][1441.299s][gc,heap     ] GC(313) Humongous regions: 3->3
[2026-05-23T04:02:13.558+0000][1441.299s][gc,metaspace] GC(313) Metaspace: 45851K(46464K)->45851K(46464K) NonClass: 40570K(40896K)->40570K(40896K) Class: 5280K(5568K)->5280K(5568K)
[2026-05-23T04:02:13.558+0000][1441.299s][gc          ] GC(313) Pause Young (Normal) (G1 Evacuation Pause) 19100M->18148M(23888M) 232.429ms
[2026-05-23T04:02:13.558+0000][1441.299s][gc,cpu      ] GC(313) User=0.92s Sys=0.00s Real=0.23s
[2026-05-23T04:02:17.575+0000][1445.316s][gc,start    ] GC(314) Pause Young (Normal) (G1 Evacuation Pause)
[2026-05-23T04:02:17.575+0000][1445.316s][gc,task     ] GC(314) Using 4 workers of 4 for evacuation
[2026-05-23T04:02:17.866+0000][1445.607s][gc,mmu      ] GC(314) MMU target violated: 201.0ms (200.0ms/201.0ms)
[2026-05-23T04:02:17.866+0000][1445.607s][gc,phases   ] GC(314)   Pre Evacuate Collection Set: 0.21ms
[2026-05-23T04:02:17.866+0000][1445.607s][gc,phases   ] GC(314)   Merge Heap Roots: 2.86ms
[2026-05-23T04:02:17.866+0000][1445.607s][gc,phases   ] GC(314)   Evacuate Collection Set: 286.44ms
[2026-05-23T04:02:17.866+0000][1445.607s][gc,phases   ] GC(314)   Post Evacuate Collection Set: 1.04ms
[2026-05-23T04:02:17.866+0000][1445.607s][gc,phases   ] GC(314)   Other: 0.17ms
[2026-05-23T04:02:17.866+0000][1445.607s][gc,heap     ] GC(314) Eden regions: 65->0(64)
[2026-05-23T04:02:17.866+0000][1445.607s][gc,heap     ] GC(314) Survivor regions: 9->10(10)
[2026-05-23T04:02:17.866+0000][1445.607s][gc,heap     ] GC(314) Old regions: 1122->1128
[2026-05-23T04:02:17.866+0000][1445.607s][gc,heap     ] GC(314) Archive regions: 2->2
[2026-05-23T04:02:17.866+0000][1445.607s][gc,heap     ] GC(314) Humongous regions: 3->3
[2026-05-23T04:02:17.866+0000][1445.607s][gc,metaspace] GC(314) Metaspace: 45851K(46464K)->45851K(46464K) NonClass: 40570K(40896K)->40570K(40896K) Class: 5280K(5568K)->5280K(5568K)
[2026-05-23T04:02:17.866+0000][1445.607s][gc          ] GC(314) Pause Young (Normal) (G1 Evacuation Pause) 19188M->18271M(23888M) 290.775ms
[2026-05-23T04:02:17.866+0000][1445.607s][gc,cpu      ] GC(314) User=1.14s Sys=0.00s Real=0.29s
[2026-05-23T04:02:23.184+0000][1450.926s][gc,start    ] GC(315) Pause Young (Normal) (G1 Evacuation Pause)
[2026-05-23T04:02:23.184+0000][1450.926s][gc,task     ] GC(315) Using 4 workers of 4 for evacuation
[2026-05-23T04:02:23.486+0000][1451.227s][gc,mmu      ] GC(315) MMU target violated: 201.0ms (200.0ms/201.0ms)
[2026-05-23T04:02:23.486+0000][1451.227s][gc,phases   ] GC(315)   Pre Evacuate Collection Set: 0.13ms
[2026-05-23T04:02:23.486+0000][1451.227s][gc,phases   ] GC(315)   Merge Heap Roots: 2.58ms
[2026-05-23T04:02:23.486+0000][1451.227s][gc,phases   ] GC(315)   Evacuate Collection Set: 297.40ms
[2026-05-23T04:02:23.486+0000][1451.227s][gc,phases   ] GC(315)   Post Evacuate Collection Set: 1.13ms
[2026-05-23T04:02:23.486+0000][1451.227s][gc,phases   ] GC(315)   Other: 0.18ms
[2026-05-23T04:02:23.486+0000][1451.227s][gc,heap     ] GC(315) Eden regions: 64->0(64)
[2026-05-23T04:02:23.486+0000][1451.227s][gc,heap     ] GC(315) Survivor regions: 10->10(10)
[2026-05-23T04:02:23.486+0000][1451.227s][gc,heap     ] GC(315) Old regions: 1128->1136
[2026-05-23T04:02:23.486+0000][1451.227s][gc,heap     ] GC(315) Archive regions: 2->2
[2026-05-23T04:02:23.486+0000][1451.227s][gc,heap     ] GC(315) Humongous regions: 3->3
[2026-05-23T04:02:23.486+0000][1451.227s][gc,metaspace] GC(315) Metaspace: 45851K(46464K)->45851K(46464K) NonClass: 40570K(40896K)->40570K(40896K) Class: 5280K(5568K)->5280K(5568K)
[2026-05-23T04:02:23.486+0000][1451.227s][gc          ] GC(315) Pause Young (Normal) (G1 Evacuation Pause) 19295M->18398M(23888M) 301.470ms
[2026-05-23T04:02:23.486+0000][1451.227s][gc,cpu      ] GC(315) User=1.20s Sys=0.00s Real=0.30s
[2026-05-23T04:02:28.831+0000][1456.572s][gc,start    ] GC(316) Pause Young (Normal) (G1 Evacuation Pause)
[2026-05-23T04:02:28.831+0000][1456.572s][gc,task     ] GC(316) Using 4 workers of 4 for evacuation
[2026-05-23T04:02:29.135+0000][1456.876s][gc,mmu      ] GC(316) MMU target violated: 201.0ms (200.0ms/201.0ms)
[2026-05-23T04:02:29.135+0000][1456.876s][gc,phases   ] GC(316)   Pre Evacuate Collection Set: 0.12ms
[2026-05-23T04:02:29.135+0000][1456.876s][gc,phases   ] GC(316)   Merge Heap Roots: 3.20ms
[2026-05-23T04:02:29.135+0000][1456.876s][gc,phases   ] GC(316)   Evacuate Collection Set: 299.74ms
[2026-05-23T04:02:29.135+0000][1456.876s][gc,phases   ] GC(316)   Post Evacuate Collection Set: 1.28ms
[2026-05-23T04:02:29.135+0000][1456.876s][gc,phases   ] GC(316)   Other: 0.17ms
[2026-05-23T04:02:29.135+0000][1456.876s][gc,heap     ] GC(316) Eden regions: 64->0(64)
[2026-05-23T04:02:29.135+0000][1456.877s][gc,heap     ] GC(316) Survivor regions: 10->10(10)
[2026-05-23T04:02:29.135+0000][1456.877s][gc,heap     ] GC(316) Old regions: 1136->1144
[2026-05-23T04:02:29.135+0000][1456.877s][gc,heap     ] GC(316) Archive regions: 2->2
[2026-05-23T04:02:29.135+0000][1456.877s][gc,heap     ] GC(316) Humongous regions: 3->3
[2026-05-23T04:02:29.135+0000][1456.877s][gc,metaspace] GC(316) Metaspace: 45851K(46464K)->45851K(46464K) NonClass: 40570K(40896K)->40570K(40896K) Class: 5280K(5568K)->5280K(5568K)
[2026-05-23T04:02:29.135+0000][1456.877s][gc          ] GC(316) Pause Young (Normal) (G1 Evacuation Pause) 19422M->18527M(23888M) 304.564ms
[2026-05-23T04:02:29.135+0000][1456.877s][gc,cpu      ] GC(316) User=1.20s Sys=0.00s Real=0.30s
[2026-05-23T04:02:37.411+0000][1465.152s][gc,start    ] GC(317) Pause Young (Normal) (G1 Evacuation Pause)
[2026-05-23T04:02:37.411+0000][1465.152s][gc,task     ] GC(317) Using 4 workers of 4 for evacuation
[2026-05-23T04:02:37.636+0000][1465.377s][gc,mmu      ] GC(317) MMU target violated: 201.0ms (200.0ms/201.0ms)
[2026-05-23T04:02:37.636+0000][1465.377s][gc,phases   ] GC(317)   Pre Evacuate Collection Set: 0.12ms
[2026-05-23T04:02:37.636+0000][1465.377s][gc,phases   ] GC(317)   Merge Heap Roots: 3.68ms
[2026-05-23T04:02:37.636+0000][1465.377s][gc,phases   ] GC(317)   Evacuate Collection Set: 220.22ms
[2026-05-23T04:02:37.636+0000][1465.377s][gc,phases   ] GC(317)   Post Evacuate Collection Set: 1.18ms
[2026-05-23T04:02:37.636+0000][1465.377s][gc,phases   ] GC(317)   Other: 0.16ms
[2026-05-23T04:02:37.636+0000][1465.377s][gc,heap     ] GC(317) Eden regions: 64->0(66)
[2026-05-23T04:02:37.636+0000][1465.377s][gc,heap     ] GC(317) Survivor regions: 10->8(10)
[2026-05-23T04:02:37.636+0000][1465.377s][gc,heap     ] GC(317) Old regions: 1144->1148
[2026-05-23T04:02:37.636+0000][1465.377s][gc,heap     ] GC(317) Archive regions: 2->2
[2026-05-23T04:02:37.636+0000][1465.377s][gc,heap     ] GC(317) Humongous regions: 3->3
[2026-05-23T04:02:37.636+0000][1465.377s][gc,metaspace] GC(317) Metaspace: 45851K(46464K)->45851K(46464K) NonClass: 40570K(40896K)->40570K(40896K) Class: 5280K(5568K)->5280K(5568K)
[2026-05-23T04:02:37.636+0000][1465.377s][gc          ] GC(317) Pause Young (Normal) (G1 Evacuation Pause) 19551M->18558M(23888M) 225.416ms
[2026-05-23T04:02:37.636+0000][1465.377s][gc,cpu      ] GC(317) User=0.89s Sys=0.01s Real=0.22s
[2026-05-23T04:02:42.630+0000][1470.371s][gc,start    ] GC(318) Pause Young (Normal) (G1 Evacuation Pause)
[2026-05-23T04:02:42.630+0000][1470.371s][gc,task     ] GC(318) Using 4 workers of 4 for evacuation
[2026-05-23T04:02:42.901+0000][1470.642s][gc,mmu      ] GC(318) MMU target violated: 201.0ms (200.0ms/201.0ms)
[2026-05-23T04:02:42.901+0000][1470.643s][gc,phases   ] GC(318)   Pre Evacuate Collection Set: 0.11ms
[2026-05-23T04:02:42.901+0000][1470.643s][gc,phases   ] GC(318)   Merge Heap Roots: 3.04ms
[2026-05-23T04:02:42.901+0000][1470.643s][gc,phases   ] GC(318)   Evacuate Collection Set: 267.34ms
[2026-05-23T04:02:42.901+0000][1470.643s][gc,phases   ] GC(318)   Post Evacuate Collection Set: 0.89ms
[2026-05-23T04:02:42.901+0000][1470.643s][gc,phases   ] GC(318)   Other: 0.17ms
[2026-05-23T04:02:42.901+0000][1470.643s][gc,heap     ] GC(318) Eden regions: 66->0(64)
[2026-05-23T04:02:42.902+0000][1470.643s][gc,heap     ] GC(318) Survivor regions: 8->10(10)
[2026-05-23T04:02:42.902+0000][1470.643s][gc,heap     ] GC(318) Old regions: 1148->1153
[2026-05-23T04:02:42.902+0000][1470.643s][gc,heap     ] GC(318) Archive regions: 2->2
[2026-05-23T04:02:42.902+0000][1470.643s][gc,heap     ] GC(318) Humongous regions: 3->3
[2026-05-23T04:02:42.902+0000][1470.643s][gc,metaspace] GC(318) Metaspace: 45851K(46464K)->45851K(46464K) NonClass: 40570K(40896K)->40570K(40896K) Class: 5280K(5568K)->5280K(5568K)
[2026-05-23T04:02:42.902+0000][1470.643s][gc          ] GC(318) Pause Young (Normal) (G1 Evacuation Pause) 19614M->18662M(23888M) 271.631ms
[2026-05-23T04:02:42.902+0000][1470.643s][gc,cpu      ] GC(318) User=1.07s Sys=0.00s Real=0.27s
[2026-05-23T04:02:48.721+0000][1476.462s][gc,start    ] GC(319) Pause Young (Normal) (G1 Evacuation Pause)
[2026-05-23T04:02:48.721+0000][1476.462s][gc,task     ] GC(319) Using 4 workers of 4 for evacuation
[2026-05-23T04:02:48.938+0000][1476.679s][gc,mmu      ] GC(319) MMU target violated: 201.0ms (200.0ms/201.0ms)
[2026-05-23T04:02:48.938+0000][1476.679s][gc,phases   ] GC(319)   Pre Evacuate Collection Set: 0.18ms
[2026-05-23T04:02:48.938+0000][1476.679s][gc,phases   ] GC(319)   Merge Heap Roots: 2.36ms
[2026-05-23T04:02:48.938+0000][1476.679s][gc,phases   ] GC(319)   Evacuate Collection Set: 213.67ms
[2026-05-23T04:02:48.938+0000][1476.679s][gc,phases   ] GC(319)   Post Evacuate Collection Set: 0.99ms
[2026-05-23T04:02:48.938+0000][1476.679s][gc,phases   ] GC(319)   Other: 0.16ms
[2026-05-23T04:02:48.938+0000][1476.679s][gc,heap     ] GC(319) Eden regions: 64->0(67)
[2026-05-23T04:02:48.938+0000][1476.679s][gc,heap     ] GC(319) Survivor regions: 10->7(10)
[2026-05-23T04:02:48.938+0000][1476.679s][gc,heap     ] GC(319) Old regions: 1153->1159
[2026-05-23T04:02:48.938+0000][1476.679s][gc,heap     ] GC(319) Archive regions: 2->2
[2026-05-23T04:02:48.938+0000][1476.679s][gc,heap     ] GC(319) Humongous regions: 3->3
[2026-05-23T04:02:48.938+0000][1476.679s][gc,metaspace] GC(319) Metaspace: 45851K(46464K)->45851K(46464K) NonClass: 40570K(40896K)->40570K(40896K) Class: 5280K(5568K)->5280K(5568K)
[2026-05-23T04:02:48.938+0000][1476.679s][gc          ] GC(319) Pause Young (Normal) (G1 Evacuation Pause) 19686M->18716M(23888M) 217.425ms
[2026-05-23T04:02:48.938+0000][1476.679s][gc,cpu      ] GC(319) User=0.86s Sys=0.00s Real=0.21s
[2026-05-23T04:02:58.250+0000][1485.991s][gc,start    ] GC(320) Pause Young (Normal) (G1 Evacuation Pause)
[2026-05-23T04:02:58.250+0000][1485.991s][gc,task     ] GC(320) Using 4 workers of 4 for evacuation
[2026-05-23T04:02:58.423+0000][1486.164s][gc,phases   ] GC(320)   Pre Evacuate Collection Set: 0.12ms
[2026-05-23T04:02:58.423+0000][1486.164s][gc,phases   ] GC(320)   Merge Heap Roots: 3.74ms
[2026-05-23T04:02:58.423+0000][1486.164s][gc,phases   ] GC(320)   Evacuate Collection Set: 167.42ms
[2026-05-23T04:02:58.423+0000][1486.164s][gc,phases   ] GC(320)   Post Evacuate Collection Set: 1.03ms
[2026-05-23T04:02:58.423+0000][1486.164s][gc,phases   ] GC(320)   Other: 0.11ms
[2026-05-23T04:02:58.423+0000][1486.164s][gc,heap     ] GC(320) Eden regions: 67->0(66)
[2026-05-23T04:02:58.423+0000][1486.164s][gc,heap     ] GC(320) Survivor regions: 7->8(10)
[2026-05-23T04:02:58.423+0000][1486.164s][gc,heap     ] GC(320) Old regions: 1159->1162
[2026-05-23T04:02:58.423+0000][1486.164s][gc,heap     ] GC(320) Archive regions: 2->2
[2026-05-23T04:02:58.423+0000][1486.164s][gc,heap     ] GC(320) Humongous regions: 3->3
[2026-05-23T04:02:58.423+0000][1486.164s][gc,metaspace] GC(320) Metaspace: 45851K(46464K)->45851K(46464K) NonClass: 40570K(40896K)->40570K(40896K) Class: 5280K(5568K)->5280K(5568K)
[2026-05-23T04:02:58.423+0000][1486.164s][gc          ] GC(320) Pause Young (Normal) (G1 Evacuation Pause) 19788M->18766M(23888M) 172.521ms
[2026-05-23T04:02:58.423+0000][1486.164s][gc,cpu      ] GC(320) User=0.68s Sys=0.00s Real=0.17s
[2026-05-23T04:03:03.925+0000][1491.666s][gc,start    ] GC(321) Pause Young (Normal) (G1 Evacuation Pause)
[2026-05-23T04:03:03.925+0000][1491.666s][gc,task     ] GC(321) Using 4 workers of 4 for evacuation
[2026-05-23T04:03:04.139+0000][1491.880s][gc,mmu      ] GC(321) MMU target violated: 201.0ms (200.0ms/201.0ms)
[2026-05-23T04:03:04.139+0000][1491.880s][gc,phases   ] GC(321)   Pre Evacuate Collection Set: 0.12ms
[2026-05-23T04:03:04.139+0000][1491.880s][gc,phases   ] GC(321)   Merge Heap Roots: 2.30ms
[2026-05-23T04:03:04.139+0000][1491.880s][gc,phases   ] GC(321)   Evacuate Collection Set: 211.40ms
[2026-05-23T04:03:04.139+0000][1491.880s][gc,phases   ] GC(321)   Post Evacuate Collection Set: 0.78ms
[2026-05-23T04:03:04.139+0000][1491.880s][gc,phases   ] GC(321)   Other: 0.16ms
[2026-05-23T04:03:04.139+0000][1491.880s][gc,heap     ] GC(321) Eden regions: 66->0(64)
[2026-05-23T04:03:04.139+0000][1491.880s][gc,heap     ] GC(321) Survivor regions: 8->10(10)
[2026-05-23T04:03:04.139+0000][1491.880s][gc,heap     ] GC(321) Old regions: 1162->1165
[2026-05-23T04:03:04.139+0000][1491.880s][gc,heap     ] GC(321) Archive regions: 2->2
[2026-05-23T04:03:04.139+0000][1491.880s][gc,heap     ] GC(321) Humongous regions: 3->3
[2026-05-23T04:03:04.139+0000][1491.880s][gc,metaspace] GC(321) Metaspace: 45854K(46464K)->45854K(46464K) NonClass: 40574K(40896K)->40574K(40896K) Class: 5280K(5568K)->5280K(5568K)
[2026-05-23T04:03:04.139+0000][1491.881s][gc          ] GC(321) Pause Young (Normal) (G1 Evacuation Pause) 19822M->18850M(23888M) 214.809ms
[2026-05-23T04:03:04.139+0000][1491.881s][gc,cpu      ] GC(321) User=0.85s Sys=0.00s Real=0.22s
[2026-05-23T04:03:11.617+0000][1499.358s][gc,start    ] GC(322) Pause Young (Normal) (G1 Evacuation Pause)
[2026-05-23T04:03:11.617+0000][1499.358s][gc,task     ] GC(322) Using 4 workers of 4 for evacuation
[2026-05-23T04:03:11.804+0000][1499.545s][gc,phases   ] GC(322)   Pre Evacuate Collection Set: 0.18ms
[2026-05-23T04:03:11.804+0000][1499.545s][gc,phases   ] GC(322)   Merge Heap Roots: 1.98ms
[2026-05-23T04:03:11.804+0000][1499.545s][gc,phases   ] GC(322)   Evacuate Collection Set: 184.17ms
[2026-05-23T04:03:11.804+0000][1499.545s][gc,phases   ] GC(322)   Post Evacuate Collection Set: 0.77ms
[2026-05-23T04:03:11.804+0000][1499.545s][gc,phases   ] GC(322)   Other: 0.10ms
[2026-05-23T04:03:11.804+0000][1499.545s][gc,heap     ] GC(322) Eden regions: 64->0(64)
[2026-05-23T04:03:11.804+0000][1499.545s][gc,heap     ] GC(322) Survivor regions: 10->10(10)
[2026-05-23T04:03:11.804+0000][1499.545s][gc,heap     ] GC(322) Old regions: 1165->1167
[2026-05-23T04:03:11.804+0000][1499.545s][gc,heap     ] GC(322) Archive regions: 2->2
[2026-05-23T04:03:11.804+0000][1499.545s][gc,heap     ] GC(322) Humongous regions: 3->3
[2026-05-23T04:03:11.804+0000][1499.545s][gc,metaspace] GC(322) Metaspace: 45854K(46464K)->45854K(46464K) NonClass: 40574K(40896K)->40574K(40896K) Class: 5280K(5568K)->5280K(5568K)
[2026-05-23T04:03:11.804+0000][1499.545s][gc          ] GC(322) Pause Young (Normal) (G1 Evacuation Pause) 19874M->18884M(23888M) 187.319ms
[2026-05-23T04:03:11.804+0000][1499.545s][gc,cpu      ] GC(322) User=0.74s Sys=0.00s Real=0.19s
[2026-05-23T04:03:14.024+0000][1501.765s][gc,start    ] GC(323) Pause Young (Normal) (G1 Evacuation Pause)
[2026-05-23T04:03:14.024+0000][1501.765s][gc,task     ] GC(323) Using 4 workers of 4 for evacuation
[2026-05-23T04:03:14.326+0000][1502.067s][gc,mmu      ] GC(323) MMU target violated: 201.0ms (200.0ms/201.0ms)
[2026-05-23T04:03:14.326+0000][1502.068s][gc,phases   ] GC(323)   Pre Evacuate Collection Set: 0.12ms
[2026-05-23T04:03:14.327+0000][1502.068s][gc,phases   ] GC(323)   Merge Heap Roots: 1.80ms
[2026-05-23T04:03:14.327+0000][1502.068s][gc,phases   ] GC(323)   Evacuate Collection Set: 299.52ms
[2026-05-23T04:03:14.327+0000][1502.068s][gc,phases   ] GC(323)   Post Evacuate Collection Set: 1.20ms
[2026-05-23T04:03:14.327+0000][1502.068s][gc,phases   ] GC(323)   Other: 0.19ms
[2026-05-23T04:03:14.327+0000][1502.068s][gc,heap     ] GC(323) Eden regions: 64->0(64)
[2026-05-23T04:03:14.327+0000][1502.068s][gc,heap     ] GC(323) Survivor regions: 10->10(10)
[2026-05-23T04:03:14.327+0000][1502.068s][gc,heap     ] GC(323) Old regions: 1167->1176
[2026-05-23T04:03:14.327+0000][1502.068s][gc,heap     ] GC(323) Archive regions: 2->2
[2026-05-23T04:03:14.327+0000][1502.068s][gc,heap     ] GC(323) Humongous regions: 3->3
[2026-05-23T04:03:14.327+0000][1502.068s][gc,metaspace] GC(323) Metaspace: 45854K(46464K)->45854K(46464K) NonClass: 40574K(40896K)->40574K(40896K) Class: 5280K(5568K)->5280K(5568K)
[2026-05-23T04:03:14.327+0000][1502.068s][gc          ] GC(323) Pause Young (Normal) (G1 Evacuation Pause) 19908M->19025M(23888M) 302.904ms
[2026-05-23T04:03:14.327+0000][1502.068s][gc,cpu      ] GC(323) User=1.19s Sys=0.00s Real=0.30s
[2026-05-23T04:03:19.054+0000][1506.795s][gc,start    ] GC(324) Pause Young (Normal) (G1 Evacuation Pause)
[2026-05-23T04:03:19.054+0000][1506.795s][gc,task     ] GC(324) Using 4 workers of 4 for evacuation
[2026-05-23T04:03:19.353+0000][1507.094s][gc,mmu      ] GC(324) MMU target violated: 201.0ms (200.0ms/201.0ms)
[2026-05-23T04:03:19.353+0000][1507.094s][gc,phases   ] GC(324)   Pre Evacuate Collection Set: 0.11ms
[2026-05-23T04:03:19.353+0000][1507.094s][gc,phases   ] GC(324)   Merge Heap Roots: 3.08ms
[2026-05-23T04:03:19.353+0000][1507.094s][gc,phases   ] GC(324)   Evacuate Collection Set: 294.94ms
[2026-05-23T04:03:19.353+0000][1507.094s][gc,phases   ] GC(324)   Post Evacuate Collection Set: 1.24ms
[2026-05-23T04:03:19.353+0000][1507.094s][gc,phases   ] GC(324)   Other: 0.14ms
[2026-05-23T04:03:19.353+0000][1507.094s][gc,heap     ] GC(324) Eden regions: 64->0(64)
[2026-05-23T04:03:19.353+0000][1507.094s][gc,heap     ] GC(324) Survivor regions: 10->10(10)
[2026-05-23T04:03:19.353+0000][1507.094s][gc,heap     ] GC(324) Old regions: 1176->1183
[2026-05-23T04:03:19.353+0000][1507.094s][gc,heap     ] GC(324) Archive regions: 2->2
[2026-05-23T04:03:19.353+0000][1507.094s][gc,heap     ] GC(324) Humongous regions: 3->3
[2026-05-23T04:03:19.353+0000][1507.094s][gc,metaspace] GC(324) Metaspace: 45854K(46464K)->45854K(46464K) NonClass: 40574K(40896K)->40574K(40896K) Class: 5280K(5568K)->5280K(5568K)
[2026-05-23T04:03:19.353+0000][1507.094s][gc          ] GC(324) Pause Young (Normal) (G1 Evacuation Pause) 20049M->19151M(23888M) 299.573ms
[2026-05-23T04:03:19.353+0000][1507.094s][gc,cpu      ] GC(324) User=1.18s Sys=0.00s Real=0.30s
[2026-05-23T04:03:21.381+0000][1509.122s][gc,start    ] GC(325) Pause Young (Normal) (G1 Evacuation Pause)
[2026-05-23T04:03:21.381+0000][1509.122s][gc,task     ] GC(325) Using 4 workers of 4 for evacuation
[2026-05-23T04:03:21.701+0000][1509.442s][gc,mmu      ] GC(325) MMU target violated: 201.0ms (200.0ms/201.0ms)
[2026-05-23T04:03:21.701+0000][1509.442s][gc,phases   ] GC(325)   Pre Evacuate Collection Set: 0.12ms
[2026-05-23T04:03:21.701+0000][1509.442s][gc,phases   ] GC(325)   Merge Heap Roots: 3.10ms
[2026-05-23T04:03:21.701+0000][1509.442s][gc,phases   ] GC(325)   Evacuate Collection Set: 315.86ms
[2026-05-23T04:03:21.701+0000][1509.442s][gc,phases   ] GC(325)   Post Evacuate Collection Set: 1.09ms
[2026-05-23T04:03:21.701+0000][1509.442s][gc,phases   ] GC(325)   Other: 0.17ms
[2026-05-23T04:03:21.701+0000][1509.442s][gc,heap     ] GC(325) Eden regions: 64->0(65)
[2026-05-23T04:03:21.701+0000][1509.442s][gc,heap     ] GC(325) Survivor regions: 10->9(10)
[2026-05-23T04:03:21.701+0000][1509.442s][gc,heap     ] GC(325) Old regions: 1183->1193
[2026-05-23T04:03:21.701+0000][1509.442s][gc,heap     ] GC(325) Archive regions: 2->2
[2026-05-23T04:03:21.701+0000][1509.442s][gc,heap     ] GC(325) Humongous regions: 3->3
[2026-05-23T04:03:21.701+0000][1509.442s][gc,metaspace] GC(325) Metaspace: 45854K(46464K)->45854K(46464K) NonClass: 40574K(40896K)->40574K(40896K) Class: 5280K(5568K)->5280K(5568K)
[2026-05-23T04:03:21.701+0000][1509.442s][gc          ] GC(325) Pause Young (Normal) (G1 Evacuation Pause) 20175M->19285M(23888M) 320.387ms
[2026-05-23T04:03:21.701+0000][1509.442s][gc,cpu      ] GC(325) User=1.27s Sys=0.00s Real=0.32s
[2026-05-23T04:03:30.477+0000][1518.218s][gc,start    ] GC(326) Pause Young (Normal) (G1 Evacuation Pause)
[2026-05-23T04:03:30.477+0000][1518.218s][gc,task     ] GC(326) Using 4 workers of 4 for evacuation
[2026-05-23T04:03:30.702+0000][1518.443s][gc,mmu      ] GC(326) MMU target violated: 201.0ms (200.0ms/201.0ms)
[2026-05-23T04:03:30.702+0000][1518.443s][gc,phases   ] GC(326)   Pre Evacuate Collection Set: 0.16ms
[2026-05-23T04:03:30.702+0000][1518.443s][gc,phases   ] GC(326)   Merge Heap Roots: 3.54ms
[2026-05-23T04:03:30.702+0000][1518.443s][gc,phases   ] GC(326)   Evacuate Collection Set: 219.39ms
[2026-05-23T04:03:30.702+0000][1518.443s][gc,phases   ] GC(326)   Post Evacuate Collection Set: 1.19ms
[2026-05-23T04:03:30.702+0000][1518.443s][gc,phases   ] GC(326)   Other: 0.16ms
[2026-05-23T04:03:30.702+0000][1518.443s][gc,heap     ] GC(326) Eden regions: 65->0(69)
[2026-05-23T04:03:30.702+0000][1518.443s][gc,heap     ] GC(326) Survivor regions: 9->5(10)
[2026-05-23T04:03:30.702+0000][1518.443s][gc,heap     ] GC(326) Old regions: 1193->1198
[2026-05-23T04:03:30.702+0000][1518.443s][gc,heap     ] GC(326) Archive regions: 2->2
[2026-05-23T04:03:30.702+0000][1518.443s][gc,heap     ] GC(326) Humongous regions: 3->3
[2026-05-23T04:03:30.702+0000][1518.443s][gc,metaspace] GC(326) Metaspace: 45854K(46464K)->45854K(46464K) NonClass: 40574K(40896K)->40574K(40896K) Class: 5280K(5568K)->5280K(5568K)
[2026-05-23T04:03:30.702+0000][1518.443s][gc          ] GC(326) Pause Young (Normal) (G1 Evacuation Pause) 20325M->19307M(23888M) 224.500ms
[2026-05-23T04:03:30.702+0000][1518.443s][gc,cpu      ] GC(326) User=0.89s Sys=0.00s Real=0.23s
[2026-05-23T04:03:33.134+0000][1520.876s][gc,start    ] GC(327) Pause Young (Normal) (G1 Evacuation Pause)
[2026-05-23T04:03:33.135+0000][1520.876s][gc,task     ] GC(327) Using 4 workers of 4 for evacuation
[2026-05-23T04:03:33.452+0000][1521.194s][gc,mmu      ] GC(327) MMU target violated: 201.0ms (200.0ms/201.0ms)
[2026-05-23T04:03:33.453+0000][1521.194s][gc,phases   ] GC(327)   Pre Evacuate Collection Set: 0.11ms
[2026-05-23T04:03:33.453+0000][1521.194s][gc,phases   ] GC(327)   Merge Heap Roots: 4.08ms
[2026-05-23T04:03:33.453+0000][1521.194s][gc,phases   ] GC(327)   Evacuate Collection Set: 312.69ms
[2026-05-23T04:03:33.453+0000][1521.194s][gc,phases   ] GC(327)   Post Evacuate Collection Set: 1.03ms
[2026-05-23T04:03:33.453+0000][1521.194s][gc,phases   ] GC(327)   Other: 0.20ms
[2026-05-23T04:03:33.453+0000][1521.194s][gc,heap     ] GC(327) Eden regions: 69->0(64)
[2026-05-23T04:03:33.453+0000][1521.194s][gc,heap     ] GC(327) Survivor regions: 5->10(10)
[2026-05-23T04:03:33.453+0000][1521.194s][gc,heap     ] GC(327) Old regions: 1198->1204
[2026-05-23T04:03:33.453+0000][1521.194s][gc,heap     ] GC(327) Archive regions: 2->2
[2026-05-23T04:03:33.453+0000][1521.194s][gc,heap     ] GC(327) Humongous regions: 3->3
[2026-05-23T04:03:33.453+0000][1521.194s][gc,metaspace] GC(327) Metaspace: 45854K(46464K)->45854K(46464K) NonClass: 40574K(40896K)->40574K(40896K) Class: 5280K(5568K)->5280K(5568K)
[2026-05-23T04:03:33.453+0000][1521.194s][gc          ] GC(327) Pause Young (Normal) (G1 Evacuation Pause) 20411M->19481M(23888M) 318.162ms
[2026-05-23T04:03:33.453+0000][1521.194s][gc,cpu      ] GC(327) User=1.26s Sys=0.00s Real=0.32s
[2026-05-23T04:03:35.420+0000][1523.161s][gc,start    ] GC(328) Pause Young (Concurrent Start) (G1 Evacuation Pause)
[2026-05-23T04:03:35.420+0000][1523.161s][gc,task     ] GC(328) Using 4 workers of 4 for evacuation
[2026-05-23T04:03:35.728+0000][1523.469s][gc,mmu      ] GC(328) MMU target violated: 201.0ms (200.0ms/201.0ms)
[2026-05-23T04:03:35.728+0000][1523.469s][gc,phases   ] GC(328)   Pre Evacuate Collection Set: 0.15ms
[2026-05-23T04:03:35.728+0000][1523.469s][gc,phases   ] GC(328)   Merge Heap Roots: 2.78ms
[2026-05-23T04:03:35.728+0000][1523.469s][gc,phases   ] GC(328)   Evacuate Collection Set: 304.59ms
[2026-05-23T04:03:35.728+0000][1523.469s][gc,phases   ] GC(328)   Post Evacuate Collection Set: 1.12ms
[2026-05-23T04:03:35.728+0000][1523.469s][gc,phases   ] GC(328)   Other: 0.24ms
[2026-05-23T04:03:35.728+0000][1523.469s][gc,heap     ] GC(328) Eden regions: 64->0(66)
[2026-05-23T04:03:35.728+0000][1523.469s][gc,heap     ] GC(328) Survivor regions: 10->8(10)
[2026-05-23T04:03:35.728+0000][1523.469s][gc,heap     ] GC(328) Old regions: 1204->1215
[2026-05-23T04:03:35.728+0000][1523.469s][gc,heap     ] GC(328) Archive regions: 2->2
[2026-05-23T04:03:35.728+0000][1523.470s][gc,heap     ] GC(328) Humongous regions: 3->3
[2026-05-23T04:03:35.728+0000][1523.470s][gc,metaspace] GC(328) Metaspace: 45854K(46464K)->45854K(46464K) NonClass: 40574K(40896K)->40574K(40896K) Class: 5280K(5568K)->5280K(5568K)
[2026-05-23T04:03:35.728+0000][1523.470s][gc          ] GC(328) Pause Young (Concurrent Start) (G1 Evacuation Pause) 20505M->19620M(23888M) 308.927ms
[2026-05-23T04:03:35.728+0000][1523.470s][gc,cpu      ] GC(328) User=1.22s Sys=0.00s Real=0.30s
[2026-05-23T04:03:35.728+0000][1523.470s][gc          ] GC(329) Concurrent Mark Cycle
[2026-05-23T04:03:35.729+0000][1523.470s][gc,marking  ] GC(329) Concurrent Clear Claimed Marks
[2026-05-23T04:03:35.729+0000][1523.470s][gc,marking  ] GC(329) Concurrent Clear Claimed Marks 0.052ms
[2026-05-23T04:03:35.729+0000][1523.470s][gc,marking  ] GC(329) Concurrent Scan Root Regions
[2026-05-23T04:03:35.985+0000][1523.726s][gc,marking  ] GC(329) Concurrent Scan Root Regions 256.588ms
[2026-05-23T04:03:35.985+0000][1523.726s][gc,marking  ] GC(329) Concurrent Mark
[2026-05-23T04:03:35.985+0000][1523.726s][gc,marking  ] GC(329) Concurrent Mark From Roots
[2026-05-23T04:03:35.985+0000][1523.726s][gc,task     ] GC(329) Using 1 workers of 1 for marking
[2026-05-23T04:03:37.792+0000][1525.533s][gc,marking  ] GC(329) Concurrent Mark From Roots 1807.066ms
[2026-05-23T04:03:37.792+0000][1525.533s][gc,marking  ] GC(329) Concurrent Preclean
[2026-05-23T04:03:37.793+0000][1525.534s][gc,marking  ] GC(329) Concurrent Preclean 0.145ms
[2026-05-23T04:03:37.793+0000][1525.534s][gc,start    ] GC(329) Pause Remark
[2026-05-23T04:03:37.808+0000][1525.549s][gc          ] GC(329) Pause Remark 20052M->7700M(23888M) 15.599ms
[2026-05-23T04:03:37.808+0000][1525.549s][gc,cpu      ] GC(329) User=0.05s Sys=0.00s Real=0.01s
[2026-05-23T04:03:37.808+0000][1525.549s][gc,marking  ] GC(329) Concurrent Mark 1823.126ms
[2026-05-23T04:03:37.808+0000][1525.549s][gc,marking  ] GC(329) Concurrent Rebuild Remembered Sets
[2026-05-23T04:03:39.344+0000][1527.085s][gc,marking  ] GC(329) Concurrent Rebuild Remembered Sets 1535.580ms
[2026-05-23T04:03:39.344+0000][1527.085s][gc,start    ] GC(329) Pause Cleanup
[2026-05-23T04:03:39.345+0000][1527.086s][gc          ] GC(329) Pause Cleanup 7700M->7700M(23888M) 0.623ms
[2026-05-23T04:03:39.345+0000][1527.086s][gc,cpu      ] GC(329) User=0.00s Sys=0.00s Real=0.00s
[2026-05-23T04:03:39.345+0000][1527.086s][gc,marking  ] GC(329) Concurrent Cleanup for Next Mark
[2026-05-23T04:03:39.424+0000][1527.165s][gc,marking  ] GC(329) Concurrent Cleanup for Next Mark 78.953ms
[2026-05-23T04:03:39.424+0000][1527.165s][gc          ] GC(329) Concurrent Mark Cycle 3695.372ms
[2026-05-23T04:03:44.127+0000][1531.868s][gc,start    ] GC(330) Pause Young (Prepare Mixed) (G1 Evacuation Pause)
[2026-05-23T04:03:44.127+0000][1531.868s][gc,task     ] GC(330) Using 4 workers of 4 for evacuation
[2026-05-23T04:03:44.397+0000][1532.138s][gc,mmu      ] GC(330) MMU target violated: 201.0ms (200.0ms/201.0ms)
[2026-05-23T04:03:44.397+0000][1532.138s][gc,phases   ] GC(330)   Pre Evacuate Collection Set: 0.12ms
[2026-05-23T04:03:44.397+0000][1532.138s][gc,phases   ] GC(330)   Merge Heap Roots: 4.33ms
[2026-05-23T04:03:44.397+0000][1532.138s][gc,phases   ] GC(330)   Evacuate Collection Set: 263.43ms
[2026-05-23T04:03:44.397+0000][1532.138s][gc,phases   ] GC(330)   Post Evacuate Collection Set: 1.45ms
[2026-05-23T04:03:44.397+0000][1532.138s][gc,phases   ] GC(330)   Other: 0.16ms
[2026-05-23T04:03:44.397+0000][1532.138s][gc,heap     ] GC(330) Eden regions: 66->0(66)
[2026-05-23T04:03:44.397+0000][1532.138s][gc,heap     ] GC(330) Survivor regions: 8->8(10)
[2026-05-23T04:03:44.397+0000][1532.138s][gc,heap     ] GC(330) Old regions: 445->450
[2026-05-23T04:03:44.397+0000][1532.138s][gc,heap     ] GC(330) Archive regions: 2->2
[2026-05-23T04:03:44.397+0000][1532.138s][gc,heap     ] GC(330) Humongous regions: 1->1
[2026-05-23T04:03:44.397+0000][1532.138s][gc,metaspace] GC(330) Metaspace: 43155K(44416K)->43155K(44416K) NonClass: 38367K(39232K)->38367K(39232K) Class: 4787K(5184K)->4787K(5184K)
[2026-05-23T04:03:44.397+0000][1532.138s][gc          ] GC(330) Pause Young (Prepare Mixed) (G1 Evacuation Pause) 8324M->7351M(23888M) 269.550ms
[2026-05-23T04:03:44.397+0000][1532.138s][gc,cpu      ] GC(330) User=1.07s Sys=0.00s Real=0.27s
[2026-05-23T04:03:52.459+0000][1540.200s][gc,start    ] GC(331) Pause Young (Mixed) (G1 Evacuation Pause)
[2026-05-23T04:03:52.459+0000][1540.200s][gc,task     ] GC(331) Using 4 workers of 4 for evacuation
[2026-05-23T04:03:52.791+0000][1540.532s][gc,mmu      ] GC(331) MMU target violated: 201.0ms (200.0ms/201.0ms)
[2026-05-23T04:03:52.791+0000][1540.532s][gc,phases   ] GC(331)   Pre Evacuate Collection Set: 0.13ms
[2026-05-23T04:03:52.791+0000][1540.532s][gc,phases   ] GC(331)   Merge Heap Roots: 5.08ms
[2026-05-23T04:03:52.791+0000][1540.532s][gc,phases   ] GC(331)   Evacuate Collection Set: 325.72ms
[2026-05-23T04:03:52.791+0000][1540.532s][gc,phases   ] GC(331)   Post Evacuate Collection Set: 1.35ms
[2026-05-23T04:03:52.791+0000][1540.533s][gc,phases   ] GC(331)   Other: 0.15ms
[2026-05-23T04:03:52.791+0000][1540.533s][gc,heap     ] GC(331) Eden regions: 66->0(64)
[2026-05-23T04:03:52.791+0000][1540.533s][gc,heap     ] GC(331) Survivor regions: 8->10(10)
[2026-05-23T04:03:52.791+0000][1540.533s][gc,heap     ] GC(331) Old regions: 450->418
[2026-05-23T04:03:52.791+0000][1540.533s][gc,heap     ] GC(331) Archive regions: 2->2
[2026-05-23T04:03:52.791+0000][1540.533s][gc,heap     ] GC(331) Humongous regions: 1->1
[2026-05-23T04:03:52.791+0000][1540.533s][gc,metaspace] GC(331) Metaspace: 43155K(44416K)->43155K(44416K) NonClass: 38367K(39232K)->38367K(39232K) Class: 4787K(5184K)->4787K(5184K)
[2026-05-23T04:03:52.791+0000][1540.533s][gc          ] GC(331) Pause Young (Mixed) (G1 Evacuation Pause) 8407M->6872M(23888M) 332.516ms
[2026-05-23T04:03:52.792+0000][1540.533s][gc,cpu      ] GC(331) User=1.31s Sys=0.00s Real=0.33s
[2026-05-23T04:03:55.028+0000][1542.769s][gc,start    ] GC(332) Pause Young (Mixed) (G1 Evacuation Pause)
[2026-05-23T04:03:55.028+0000][1542.769s][gc,task     ] GC(332) Using 4 workers of 4 for evacuation
[2026-05-23T04:03:55.367+0000][1543.108s][gc,mmu      ] GC(332) MMU target violated: 201.0ms (200.0ms/201.0ms)
[2026-05-23T04:03:55.367+0000][1543.108s][gc,phases   ] GC(332)   Pre Evacuate Collection Set: 0.14ms
[2026-05-23T04:03:55.367+0000][1543.108s][gc,phases   ] GC(332)   Merge Heap Roots: 2.88ms
[2026-05-23T04:03:55.367+0000][1543.108s][gc,phases   ] GC(332)   Evacuate Collection Set: 334.38ms
[2026-05-23T04:03:55.367+0000][1543.108s][gc,phases   ] GC(332)   Post Evacuate Collection Set: 1.46ms
[2026-05-23T04:03:55.367+0000][1543.108s][gc,phases   ] GC(332)   Other: 0.21ms
[2026-05-23T04:03:55.367+0000][1543.108s][gc,heap     ] GC(332) Eden regions: 64->0(64)
[2026-05-23T04:03:55.367+0000][1543.108s][gc,heap     ] GC(332) Survivor regions: 10->10(10)
[2026-05-23T04:03:55.367+0000][1543.108s][gc,heap     ] GC(332) Old regions: 418->389
[2026-05-23T04:03:55.367+0000][1543.108s][gc,heap     ] GC(332) Archive regions: 2->2
[2026-05-23T04:03:55.367+0000][1543.108s][gc,heap     ] GC(332) Humongous regions: 1->1
[2026-05-23T04:03:55.367+0000][1543.108s][gc,metaspace] GC(332) Metaspace: 43161K(44416K)->43161K(44416K) NonClass: 38372K(39232K)->38372K(39232K) Class: 4789K(5184K)->4789K(5184K)
[2026-05-23T04:03:55.367+0000][1543.108s][gc          ] GC(332) Pause Young (Mixed) (G1 Evacuation Pause) 7896M->6404M(23888M) 339.103ms
[2026-05-23T04:03:55.367+0000][1543.108s][gc,cpu      ] GC(332) User=1.34s Sys=0.00s Real=0.34s
[2026-05-23T04:04:01.933+0000][1549.674s][gc,start    ] GC(333) Pause Young (Mixed) (G1 Evacuation Pause)
[2026-05-23T04:04:01.933+0000][1549.674s][gc,task     ] GC(333) Using 4 workers of 4 for evacuation
[2026-05-23T04:04:02.184+0000][1549.926s][gc,mmu      ] GC(333) MMU target violated: 201.0ms (200.0ms/201.0ms)
[2026-05-23T04:04:02.184+0000][1549.926s][gc,phases   ] GC(333)   Pre Evacuate Collection Set: 0.20ms
[2026-05-23T04:04:02.185+0000][1549.926s][gc,phases   ] GC(333)   Merge Heap Roots: 2.62ms
[2026-05-23T04:04:02.185+0000][1549.926s][gc,phases   ] GC(333)   Evacuate Collection Set: 247.02ms
[2026-05-23T04:04:02.185+0000][1549.926s][gc,phases   ] GC(333)   Post Evacuate Collection Set: 1.36ms
[2026-05-23T04:04:02.185+0000][1549.926s][gc,phases   ] GC(333)   Other: 0.15ms
[2026-05-23T04:04:02.185+0000][1549.926s][gc,heap     ] GC(333) Eden regions: 64->0(64)
[2026-05-23T04:04:02.185+0000][1549.926s][gc,heap     ] GC(333) Survivor regions: 10->10(10)
[2026-05-23T04:04:02.185+0000][1549.926s][gc,heap     ] GC(333) Old regions: 389->355
[2026-05-23T04:04:02.185+0000][1549.926s][gc,heap     ] GC(333) Archive regions: 2->2
[2026-05-23T04:04:02.185+0000][1549.926s][gc,heap     ] GC(333) Humongous regions: 1->1
[2026-05-23T04:04:02.185+0000][1549.926s][gc,metaspace] GC(333) Metaspace: 43161K(44416K)->43161K(44416K) NonClass: 38372K(39232K)->38372K(39232K) Class: 4789K(5184K)->4789K(5184K)
[2026-05-23T04:04:02.185+0000][1549.926s][gc          ] GC(333) Pause Young (Mixed) (G1 Evacuation Pause) 7428M->5868M(23984M) 251.422ms
[2026-05-23T04:04:02.185+0000][1549.926s][gc,cpu      ] GC(333) User=0.99s Sys=0.00s Real=0.25s
[2026-05-23T04:04:04.314+0000][1552.055s][gc,start    ] GC(334) Pause Young (Mixed) (G1 Evacuation Pause)
[2026-05-23T04:04:04.314+0000][1552.055s][gc,task     ] GC(334) Using 4 workers of 4 for evacuation
[2026-05-23T04:04:04.677+0000][1552.419s][gc,mmu      ] GC(334) MMU target violated: 201.0ms (200.0ms/201.0ms)
[2026-05-23T04:04:04.678+0000][1552.419s][gc,phases   ] GC(334)   Pre Evacuate Collection Set: 0.17ms
[2026-05-23T04:04:04.678+0000][1552.419s][gc,phases   ] GC(334)   Merge Heap Roots: 1.33ms
[2026-05-23T04:04:04.678+0000][1552.419s][gc,phases   ] GC(334)   Evacuate Collection Set: 360.60ms
[2026-05-23T04:04:04.678+0000][1552.419s][gc,phases   ] GC(334)   Post Evacuate Collection Set: 1.35ms
[2026-05-23T04:04:04.678+0000][1552.419s][gc,phases   ] GC(334)   Other: 0.20ms
[2026-05-23T04:04:04.678+0000][1552.419s][gc,heap     ] GC(334) Eden regions: 64->0(64)
[2026-05-23T04:04:04.678+0000][1552.419s][gc,heap     ] GC(334) Survivor regions: 10->10(10)
[2026-05-23T04:04:04.678+0000][1552.419s][gc,heap     ] GC(334) Old regions: 355->327
[2026-05-23T04:04:04.678+0000][1552.419s][gc,heap     ] GC(334) Archive regions: 2->2
[2026-05-23T04:04:04.678+0000][1552.419s][gc,heap     ] GC(334) Humongous regions: 1->1
[2026-05-23T04:04:04.678+0000][1552.419s][gc,metaspace] GC(334) Metaspace: 43162K(44416K)->43162K(44416K) NonClass: 38373K(39232K)->38373K(39232K) Class: 4789K(5184K)->4789K(5184K)
[2026-05-23T04:04:04.678+0000][1552.419s][gc          ] GC(334) Pause Young (Mixed) (G1 Evacuation Pause) 6892M->5411M(23984M) 363.711ms
[2026-05-23T04:04:04.678+0000][1552.419s][gc,cpu      ] GC(334) User=1.44s Sys=0.00s Real=0.36s
[2026-05-23T04:04:06.626+0000][1554.367s][gc,start    ] GC(335) Pause Young (Mixed) (G1 Evacuation Pause)
[2026-05-23T04:04:06.626+0000][1554.367s][gc,task     ] GC(335) Using 4 workers of 4 for evacuation
[2026-05-23T04:04:06.922+0000][1554.663s][gc,mmu      ] GC(335) MMU target violated: 201.0ms (200.0ms/201.0ms)
[2026-05-23T04:04:06.922+0000][1554.663s][gc,phases   ] GC(335)   Pre Evacuate Collection Set: 0.15ms
[2026-05-23T04:04:06.922+0000][1554.663s][gc,phases   ] GC(335)   Merge Heap Roots: 2.23ms
[2026-05-23T04:04:06.922+0000][1554.663s][gc,phases   ] GC(335)   Evacuate Collection Set: 291.69ms
[2026-05-23T04:04:06.922+0000][1554.663s][gc,phases   ] GC(335)   Post Evacuate Collection Set: 1.28ms
[2026-05-23T04:04:06.922+0000][1554.663s][gc,phases   ] GC(335)   Other: 0.17ms
[2026-05-23T04:04:06.922+0000][1554.663s][gc,heap     ] GC(335) Eden regions: 64->0(65)
[2026-05-23T04:04:06.922+0000][1554.663s][gc,heap     ] GC(335) Survivor regions: 10->9(10)
[2026-05-23T04:04:06.922+0000][1554.663s][gc,heap     ] GC(335) Old regions: 327->299
[2026-05-23T04:04:06.922+0000][1554.663s][gc,heap     ] GC(335) Archive regions: 2->2
[2026-05-23T04:04:06.922+0000][1554.663s][gc,heap     ] GC(335) Humongous regions: 1->1
[2026-05-23T04:04:06.922+0000][1554.663s][gc,metaspace] GC(335) Metaspace: 43162K(44416K)->43162K(44416K) NonClass: 38373K(39232K)->38373K(39232K) Class: 4789K(5184K)->4789K(5184K)
[2026-05-23T04:04:06.922+0000][1554.663s][gc          ] GC(335) Pause Young (Mixed) (G1 Evacuation Pause) 6435M->4949M(23984M) 295.592ms
[2026-05-23T04:04:06.922+0000][1554.663s][gc,cpu      ] GC(335) User=1.17s Sys=0.00s Real=0.30s
[2026-05-23T04:04:17.929+0000][1565.670s][gc,start    ] GC(336) Pause Young (Mixed) (G1 Evacuation Pause)
[2026-05-23T04:04:17.929+0000][1565.670s][gc,task     ] GC(336) Using 4 workers of 4 for evacuation
[2026-05-23T04:04:18.081+0000][1565.822s][gc,phases   ] GC(336)   Pre Evacuate Collection Set: 0.14ms
[2026-05-23T04:04:18.081+0000][1565.822s][gc,phases   ] GC(336)   Merge Heap Roots: 4.28ms
[2026-05-23T04:04:18.081+0000][1565.822s][gc,phases   ] GC(336)   Evacuate Collection Set: 145.70ms
[2026-05-23T04:04:18.081+0000][1565.822s][gc,phases   ] GC(336)   Post Evacuate Collection Set: 1.33ms
[2026-05-23T04:04:18.081+0000][1565.822s][gc,phases   ] GC(336)   Other: 0.11ms
[2026-05-23T04:04:18.081+0000][1565.822s][gc,heap     ] GC(336) Eden regions: 65->0(70)
[2026-05-23T04:04:18.081+0000][1565.822s][gc,heap     ] GC(336) Survivor regions: 9->4(10)
[2026-05-23T04:04:18.081+0000][1565.822s][gc,heap     ] GC(336) Old regions: 299->263
[2026-05-23T04:04:18.081+0000][1565.822s][gc,heap     ] GC(336) Archive regions: 2->2
[2026-05-23T04:04:18.081+0000][1565.822s][gc,heap     ] GC(336) Humongous regions: 1->1
[2026-05-23T04:04:18.081+0000][1565.822s][gc,metaspace] GC(336) Metaspace: 43162K(44416K)->43162K(44416K) NonClass: 38373K(39232K)->38373K(39232K) Class: 4789K(5184K)->4789K(5184K)
[2026-05-23T04:04:18.081+0000][1565.822s][gc          ] GC(336) Pause Young (Mixed) (G1 Evacuation Pause) 5989M->4292M(23984M) 151.653ms
[2026-05-23T04:04:18.081+0000][1565.822s][gc,cpu      ] GC(336) User=0.60s Sys=0.00s Real=0.15s
[2026-05-23T04:04:25.288+0000][1573.029s][gc,start    ] GC(337) Pause Young (Mixed) (G1 Evacuation Pause)
[2026-05-23T04:04:25.288+0000][1573.029s][gc,task     ] GC(337) Using 4 workers of 4 for evacuation
[2026-05-23T04:04:25.464+0000][1573.205s][gc,phases   ] GC(337)   Pre Evacuate Collection Set: 0.13ms
[2026-05-23T04:04:25.464+0000][1573.205s][gc,phases   ] GC(337)   Merge Heap Roots: 2.61ms
[2026-05-23T04:04:25.464+0000][1573.205s][gc,phases   ] GC(337)   Evacuate Collection Set: 171.74ms
[2026-05-23T04:04:25.464+0000][1573.205s][gc,phases   ] GC(337)   Post Evacuate Collection Set: 1.41ms
[2026-05-23T04:04:25.464+0000][1573.205s][gc,phases   ] GC(337)   Other: 0.10ms
[2026-05-23T04:04:25.464+0000][1573.205s][gc,heap     ] GC(337) Eden regions: 70->0(68)
[2026-05-23T04:04:25.464+0000][1573.205s][gc,heap     ] GC(337) Survivor regions: 4->6(10)
[2026-05-23T04:04:25.464+0000][1573.205s][gc,heap     ] GC(337) Old regions: 263->226
[2026-05-23T04:04:25.464+0000][1573.205s][gc,heap     ] GC(337) Archive regions: 2->2
[2026-05-23T04:04:25.464+0000][1573.205s][gc,heap     ] GC(337) Humongous regions: 1->1
[2026-05-23T04:04:25.464+0000][1573.205s][gc,metaspace] GC(337) Metaspace: 43162K(44416K)->43162K(44416K) NonClass: 38373K(39232K)->38373K(39232K) Class: 4789K(5184K)->4789K(5184K)
[2026-05-23T04:04:25.464+0000][1573.205s][gc          ] GC(337) Pause Young (Mixed) (G1 Evacuation Pause) 5412M->3736M(23984M) 176.096ms
[2026-05-23T04:04:25.464+0000][1573.205s][gc,cpu      ] GC(337) User=0.69s Sys=0.00s Real=0.18s
[2026-05-23T04:04:32.499+0000][1580.240s][gc,start    ] GC(338) Pause Young (Mixed) (G1 Evacuation Pause)
[2026-05-23T04:04:32.499+0000][1580.240s][gc,task     ] GC(338) Using 4 workers of 4 for evacuation
[2026-05-23T04:04:32.696+0000][1580.437s][gc,phases   ] GC(338)   Pre Evacuate Collection Set: 0.14ms
[2026-05-23T04:04:32.696+0000][1580.437s][gc,phases   ] GC(338)   Merge Heap Roots: 2.33ms
[2026-05-23T04:04:32.696+0000][1580.437s][gc,phases   ] GC(338)   Evacuate Collection Set: 193.76ms
[2026-05-23T04:04:32.696+0000][1580.437s][gc,phases   ] GC(338)   Post Evacuate Collection Set: 0.72ms
[2026-05-23T04:04:32.696+0000][1580.437s][gc,phases   ] GC(338)   Other: 0.10ms
[2026-05-23T04:04:32.696+0000][1580.437s][gc,heap     ] GC(338) Eden regions: 68->0(66)
[2026-05-23T04:04:32.696+0000][1580.437s][gc,heap     ] GC(338) Survivor regions: 6->8(10)
[2026-05-23T04:04:32.696+0000][1580.437s][gc,heap     ] GC(338) Old regions: 226->198
[2026-05-23T04:04:32.696+0000][1580.437s][gc,heap     ] GC(338) Archive regions: 2->2
[2026-05-23T04:04:32.696+0000][1580.437s][gc,heap     ] GC(338) Humongous regions: 1->1
[2026-05-23T04:04:32.696+0000][1580.437s][gc,metaspace] GC(338) Metaspace: 43162K(44416K)->43162K(44416K) NonClass: 38373K(39232K)->38373K(39232K) Class: 4789K(5184K)->4789K(5184K)
[2026-05-23T04:04:32.696+0000][1580.437s][gc          ] GC(338) Pause Young (Mixed) (G1 Evacuation Pause) 4824M->3307M(23984M) 197.160ms
[2026-05-23T04:04:32.696+0000][1580.437s][gc,cpu      ] GC(338) User=0.77s Sys=0.00s Real=0.19s
[2026-05-23T04:04:39.688+0000][1587.429s][gc,start    ] GC(339) Pause Young (Normal) (G1 Evacuation Pause)
[2026-05-23T04:04:39.688+0000][1587.429s][gc,task     ] GC(339) Using 4 workers of 4 for evacuation
[2026-05-23T04:04:39.897+0000][1587.638s][gc,mmu      ] GC(339) MMU target violated: 201.0ms (200.0ms/201.0ms)
[2026-05-23T04:04:39.897+0000][1587.638s][gc,phases   ] GC(339)   Pre Evacuate Collection Set: 0.13ms
[2026-05-23T04:04:39.897+0000][1587.638s][gc,phases   ] GC(339)   Merge Heap Roots: 0.27ms
[2026-05-23T04:04:39.897+0000][1587.638s][gc,phases   ] GC(339)   Evacuate Collection Set: 207.95ms
[2026-05-23T04:04:39.897+0000][1587.638s][gc,phases   ] GC(339)   Post Evacuate Collection Set: 0.61ms
[2026-05-23T04:04:39.897+0000][1587.638s][gc,phases   ] GC(339)   Other: 0.16ms
[2026-05-23T04:04:39.897+0000][1587.638s][gc,heap     ] GC(339) Eden regions: 66->0(64)
[2026-05-23T04:04:39.897+0000][1587.638s][gc,heap     ] GC(339) Survivor regions: 8->10(10)
[2026-05-23T04:04:39.897+0000][1587.638s][gc,heap     ] GC(339) Old regions: 198->203
[2026-05-23T04:04:39.897+0000][1587.638s][gc,heap     ] GC(339) Archive regions: 2->2
[2026-05-23T04:04:39.897+0000][1587.638s][gc,heap     ] GC(339) Humongous regions: 1->1
[2026-05-23T04:04:39.897+0000][1587.638s][gc,metaspace] GC(339) Metaspace: 43162K(44416K)->43162K(44416K) NonClass: 38373K(39232K)->38373K(39232K) Class: 4789K(5184K)->4789K(5184K)
[2026-05-23T04:04:39.897+0000][1587.638s][gc          ] GC(339) Pause Young (Normal) (G1 Evacuation Pause) 4363M->3431M(23984M) 209.160ms
[2026-05-23T04:04:39.897+0000][1587.638s][gc,cpu      ] GC(339) User=0.83s Sys=0.00s Real=0.21s
[2026-05-23T04:04:43.989+0000][1591.730s][gc,start    ] GC(340) Pause Young (Normal) (G1 Evacuation Pause)
[2026-05-23T04:04:43.989+0000][1591.730s][gc,task     ] GC(340) Using 4 workers of 4 for evacuation
[2026-05-23T04:04:44.113+0000][1591.854s][gc,phases   ] GC(340)   Pre Evacuate Collection Set: 0.12ms
[2026-05-23T04:04:44.113+0000][1591.854s][gc,phases   ] GC(340)   Merge Heap Roots: 0.64ms
[2026-05-23T04:04:44.113+0000][1591.854s][gc,phases   ] GC(340)   Evacuate Collection Set: 121.89ms
[2026-05-23T04:04:44.113+0000][1591.854s][gc,phases   ] GC(340)   Post Evacuate Collection Set: 0.67ms
[2026-05-23T04:04:44.113+0000][1591.854s][gc,phases   ] GC(340)   Other: 0.13ms
[2026-05-23T04:04:44.113+0000][1591.854s][gc,heap     ] GC(340) Eden regions: 64->0(69)
[2026-05-23T04:04:44.113+0000][1591.854s][gc,heap     ] GC(340) Survivor regions: 10->5(10)
[2026-05-23T04:04:44.113+0000][1591.854s][gc,heap     ] GC(340) Old regions: 203->207
[2026-05-23T04:04:44.113+0000][1591.854s][gc,heap     ] GC(340) Archive regions: 2->2
[2026-05-23T04:04:44.113+0000][1591.854s][gc,heap     ] GC(340) Humongous regions: 1->1
[2026-05-23T04:04:44.113+0000][1591.854s][gc,metaspace] GC(340) Metaspace: 43162K(44416K)->43162K(44416K) NonClass: 38373K(39232K)->38373K(39232K) Class: 4789K(5184K)->4789K(5184K)
[2026-05-23T04:04:44.113+0000][1591.854s][gc          ] GC(340) Pause Young (Normal) (G1 Evacuation Pause) 4455M->3405M(23984M) 123.548ms
[2026-05-23T04:04:44.113+0000][1591.854s][gc,cpu      ] GC(340) User=0.48s Sys=0.01s Real=0.12s
[2026-05-23T04:04:47.458+0000][1595.199s][gc,start    ] GC(341) Pause Young (Normal) (G1 Evacuation Pause)
[2026-05-23T04:04:47.458+0000][1595.199s][gc,task     ] GC(341) Using 4 workers of 4 for evacuation
[2026-05-23T04:04:47.731+0000][1595.472s][gc,mmu      ] GC(341) MMU target violated: 201.0ms (200.0ms/201.0ms)
[2026-05-23T04:04:47.731+0000][1595.472s][gc,phases   ] GC(341)   Pre Evacuate Collection Set: 0.12ms
[2026-05-23T04:04:47.731+0000][1595.472s][gc,phases   ] GC(341)   Merge Heap Roots: 0.45ms
[2026-05-23T04:04:47.731+0000][1595.472s][gc,phases   ] GC(341)   Evacuate Collection Set: 272.19ms
[2026-05-23T04:04:47.731+0000][1595.472s][gc,phases   ] GC(341)   Post Evacuate Collection Set: 0.64ms
[2026-05-23T04:04:47.731+0000][1595.472s][gc,phases   ] GC(341)   Other: 0.17ms
[2026-05-23T04:04:47.731+0000][1595.472s][gc,heap     ] GC(341) Eden regions: 69->0(64)
[2026-05-23T04:04:47.731+0000][1595.472s][gc,heap     ] GC(341) Survivor regions: 5->10(10)
[2026-05-23T04:04:47.731+0000][1595.472s][gc,heap     ] GC(341) Old regions: 207->211
[2026-05-23T04:04:47.731+0000][1595.472s][gc,heap     ] GC(341) Archive regions: 2->2
[2026-05-23T04:04:47.731+0000][1595.472s][gc,heap     ] GC(341) Humongous regions: 1->1
[2026-05-23T04:04:47.731+0000][1595.472s][gc,metaspace] GC(341) Metaspace: 43162K(44416K)->43162K(44416K) NonClass: 38373K(39232K)->38373K(39232K) Class: 4789K(5184K)->4789K(5184K)
[2026-05-23T04:04:47.731+0000][1595.472s][gc          ] GC(341) Pause Young (Normal) (G1 Evacuation Pause) 4509M->3567M(23984M) 273.636ms
[2026-05-23T04:04:47.731+0000][1595.472s][gc,cpu      ] GC(341) User=1.08s Sys=0.00s Real=0.28s
[2026-05-23T04:04:54.610+0000][1602.351s][gc,start    ] GC(342) Pause Young (Normal) (G1 Evacuation Pause)
[2026-05-23T04:04:54.610+0000][1602.351s][gc,task     ] GC(342) Using 4 workers of 4 for evacuation
[2026-05-23T04:04:54.846+0000][1602.587s][gc,mmu      ] GC(342) MMU target violated: 201.0ms (200.0ms/201.0ms)
[2026-05-23T04:04:54.846+0000][1602.587s][gc,phases   ] GC(342)   Pre Evacuate Collection Set: 0.17ms
[2026-05-23T04:04:54.846+0000][1602.587s][gc,phases   ] GC(342)   Merge Heap Roots: 1.83ms
[2026-05-23T04:04:54.846+0000][1602.587s][gc,phases   ] GC(342)   Evacuate Collection Set: 233.24ms
[2026-05-23T04:04:54.846+0000][1602.587s][gc,phases   ] GC(342)   Post Evacuate Collection Set: 0.76ms
[2026-05-23T04:04:54.846+0000][1602.587s][gc,phases   ] GC(342)   Other: 0.14ms
[2026-05-23T04:04:54.846+0000][1602.587s][gc,heap     ] GC(342) Eden regions: 64->0(64)
[2026-05-23T04:04:54.846+0000][1602.587s][gc,heap     ] GC(342) Survivor regions: 10->10(10)
[2026-05-23T04:04:54.846+0000][1602.587s][gc,heap     ] GC(342) Old regions: 211->217
[2026-05-23T04:04:54.846+0000][1602.587s][gc,heap     ] GC(342) Archive regions: 2->2
[2026-05-23T04:04:54.846+0000][1602.587s][gc,heap     ] GC(342) Humongous regions: 1->1
[2026-05-23T04:04:54.846+0000][1602.587s][gc,metaspace] GC(342) Metaspace: 43162K(44416K)->43162K(44416K) NonClass: 38373K(39232K)->38373K(39232K) Class: 4789K(5184K)->4789K(5184K)
[2026-05-23T04:04:54.846+0000][1602.587s][gc          ] GC(342) Pause Young (Normal) (G1 Evacuation Pause) 4591M->3661M(23984M) 236.199ms
[2026-05-23T04:04:54.846+0000][1602.587s][gc,cpu      ] GC(342) User=0.94s Sys=0.00s Real=0.23s
[2026-05-23T04:04:56.942+0000][1604.684s][gc,start    ] GC(343) Pause Young (Normal) (G1 Evacuation Pause)
[2026-05-23T04:04:56.943+0000][1604.684s][gc,task     ] GC(343) Using 4 workers of 4 for evacuation
[2026-05-23T04:04:57.250+0000][1604.992s][gc,mmu      ] GC(343) MMU target violated: 201.0ms (200.0ms/201.0ms)
[2026-05-23T04:04:57.251+0000][1604.992s][gc,phases   ] GC(343)   Pre Evacuate Collection Set: 0.12ms
[2026-05-23T04:04:57.251+0000][1604.992s][gc,phases   ] GC(343)   Merge Heap Roots: 1.43ms
[2026-05-23T04:04:57.251+0000][1604.992s][gc,phases   ] GC(343)   Evacuate Collection Set: 305.21ms
[2026-05-23T04:04:57.251+0000][1604.992s][gc,phases   ] GC(343)   Post Evacuate Collection Set: 1.13ms
[2026-05-23T04:04:57.251+0000][1604.992s][gc,phases   ] GC(343)   Other: 0.20ms
[2026-05-23T04:04:57.251+0000][1604.992s][gc,heap     ] GC(343) Eden regions: 64->0(64)
[2026-05-23T04:04:57.251+0000][1604.992s][gc,heap     ] GC(343) Survivor regions: 10->10(10)
[2026-05-23T04:04:57.251+0000][1604.992s][gc,heap     ] GC(343) Old regions: 217->227
[2026-05-23T04:04:57.251+0000][1604.992s][gc,heap     ] GC(343) Archive regions: 2->2
[2026-05-23T04:04:57.251+0000][1604.992s][gc,heap     ] GC(343) Humongous regions: 1->1
[2026-05-23T04:04:57.251+0000][1604.992s][gc,metaspace] GC(343) Metaspace: 43162K(44416K)->43162K(44416K) NonClass: 38373K(39232K)->38373K(39232K) Class: 4789K(5184K)->4789K(5184K)
[2026-05-23T04:04:57.251+0000][1604.992s][gc          ] GC(343) Pause Young (Normal) (G1 Evacuation Pause) 4685M->3823M(23984M) 308.158ms
[2026-05-23T04:04:57.251+0000][1604.992s][gc,cpu      ] GC(343) User=1.22s Sys=0.00s Real=0.31s
[2026-05-23T04:05:01.671+0000][1609.412s][gc,start    ] GC(344) Pause Young (Normal) (G1 Evacuation Pause)
[2026-05-23T04:05:01.671+0000][1609.412s][gc,task     ] GC(344) Using 4 workers of 4 for evacuation
[2026-05-23T04:05:01.974+0000][1609.715s][gc,mmu      ] GC(344) MMU target violated: 201.0ms (200.0ms/201.0ms)
[2026-05-23T04:05:01.974+0000][1609.715s][gc,phases   ] GC(344)   Pre Evacuate Collection Set: 0.12ms
[2026-05-23T04:05:01.974+0000][1609.715s][gc,phases   ] GC(344)   Merge Heap Roots: 2.85ms
[2026-05-23T04:05:01.974+0000][1609.715s][gc,phases   ] GC(344)   Evacuate Collection Set: 298.67ms
[2026-05-23T04:05:01.974+0000][1609.715s][gc,phases   ] GC(344)   Post Evacuate Collection Set: 1.18ms
[2026-05-23T04:05:01.974+0000][1609.715s][gc,phases   ] GC(344)   Other: 0.14ms
[2026-05-23T04:05:01.974+0000][1609.715s][gc,heap     ] GC(344) Eden regions: 64->0(64)
[2026-05-23T04:05:01.974+0000][1609.715s][gc,heap     ] GC(344) Survivor regions: 10->10(10)
[2026-05-23T04:05:01.974+0000][1609.715s][gc,heap     ] GC(344) Old regions: 227->235
[2026-05-23T04:05:01.974+0000][1609.715s][gc,heap     ] GC(344) Archive regions: 2->2
[2026-05-23T04:05:01.974+0000][1609.715s][gc,heap     ] GC(344) Humongous regions: 1->1
[2026-05-23T04:05:01.974+0000][1609.715s][gc,metaspace] GC(344) Metaspace: 43163K(44416K)->43163K(44416K) NonClass: 38374K(39232K)->38374K(39232K) Class: 4789K(5184K)->4789K(5184K)
[2026-05-23T04:05:01.974+0000][1609.715s][gc          ] GC(344) Pause Young (Normal) (G1 Evacuation Pause) 4847M->3949M(23984M) 303.029ms
[2026-05-23T04:05:01.974+0000][1609.715s][gc,cpu      ] GC(344) User=1.20s Sys=0.00s Real=0.30s
[2026-05-23T04:05:06.717+0000][1614.458s][gc,start    ] GC(345) Pause Young (Normal) (G1 Evacuation Pause)
[2026-05-23T04:05:06.717+0000][1614.458s][gc,task     ] GC(345) Using 4 workers of 4 for evacuation
[2026-05-23T04:05:07.061+0000][1614.802s][gc,mmu      ] GC(345) MMU target violated: 201.0ms (200.0ms/201.0ms)
[2026-05-23T04:05:07.061+0000][1614.802s][gc,phases   ] GC(345)   Pre Evacuate Collection Set: 0.18ms
[2026-05-23T04:05:07.061+0000][1614.802s][gc,phases   ] GC(345)   Merge Heap Roots: 3.24ms
[2026-05-23T04:05:07.061+0000][1614.802s][gc,phases   ] GC(345)   Evacuate Collection Set: 339.22ms
[2026-05-23T04:05:07.061+0000][1614.802s][gc,phases   ] GC(345)   Post Evacuate Collection Set: 1.19ms
[2026-05-23T04:05:07.061+0000][1614.802s][gc,phases   ] GC(345)   Other: 0.16ms
[2026-05-23T04:05:07.061+0000][1614.802s][gc,heap     ] GC(345) Eden regions: 64->0(64)
[2026-05-23T04:05:07.061+0000][1614.802s][gc,heap     ] GC(345) Survivor regions: 10->10(10)
[2026-05-23T04:05:07.061+0000][1614.802s][gc,heap     ] GC(345) Old regions: 235->245
[2026-05-23T04:05:07.061+0000][1614.802s][gc,heap     ] GC(345) Archive regions: 2->2
[2026-05-23T04:05:07.061+0000][1614.802s][gc,heap     ] GC(345) Humongous regions: 1->1
[2026-05-23T04:05:07.061+0000][1614.802s][gc,metaspace] GC(345) Metaspace: 43163K(44416K)->43163K(44416K) NonClass: 38374K(39232K)->38374K(39232K) Class: 4789K(5184K)->4789K(5184K)
[2026-05-23T04:05:07.061+0000][1614.802s][gc          ] GC(345) Pause Young (Normal) (G1 Evacuation Pause) 4973M->4107M(23984M) 344.043ms
[2026-05-23T04:05:07.061+0000][1614.802s][gc,cpu      ] GC(345) User=1.36s Sys=0.00s Real=0.35s
[2026-05-23T04:05:11.541+0000][1619.282s][gc,start    ] GC(346) Pause Young (Normal) (G1 Evacuation Pause)
[2026-05-23T04:05:11.541+0000][1619.282s][gc,task     ] GC(346) Using 4 workers of 4 for evacuation
[2026-05-23T04:05:11.895+0000][1619.636s][gc,mmu      ] GC(346) MMU target violated: 201.0ms (200.0ms/201.0ms)
[2026-05-23T04:05:11.895+0000][1619.636s][gc,phases   ] GC(346)   Pre Evacuate Collection Set: 0.13ms
[2026-05-23T04:05:11.895+0000][1619.636s][gc,phases   ] GC(346)   Merge Heap Roots: 3.43ms
[2026-05-23T04:05:11.895+0000][1619.636s][gc,phases   ] GC(346)   Evacuate Collection Set: 349.65ms
[2026-05-23T04:05:11.895+0000][1619.636s][gc,phases   ] GC(346)   Post Evacuate Collection Set: 1.25ms
[2026-05-23T04:05:11.895+0000][1619.636s][gc,phases   ] GC(346)   Other: 0.15ms
[2026-05-23T04:05:11.895+0000][1619.636s][gc,heap     ] GC(346) Eden regions: 64->0(64)
[2026-05-23T04:05:11.895+0000][1619.636s][gc,heap     ] GC(346) Survivor regions: 10->10(10)
[2026-05-23T04:05:11.895+0000][1619.636s][gc,heap     ] GC(346) Old regions: 245->255
[2026-05-23T04:05:11.895+0000][1619.636s][gc,heap     ] GC(346) Archive regions: 2->2
[2026-05-23T04:05:11.895+0000][1619.636s][gc,heap     ] GC(346) Humongous regions: 1->1
[2026-05-23T04:05:11.895+0000][1619.636s][gc,metaspace] GC(346) Metaspace: 43163K(44416K)->43163K(44416K) NonClass: 38374K(39232K)->38374K(39232K) Class: 4789K(5184K)->4789K(5184K)
[2026-05-23T04:05:11.895+0000][1619.636s][gc          ] GC(346) Pause Young (Normal) (G1 Evacuation Pause) 5131M->4263M(23984M) 354.659ms
[2026-05-23T04:05:11.895+0000][1619.636s][gc,cpu      ] GC(346) User=1.40s Sys=0.00s Real=0.35s
[2026-05-23T04:05:16.520+0000][1624.261s][gc,start    ] GC(347) Pause Young (Normal) (G1 Evacuation Pause)
[2026-05-23T04:05:16.520+0000][1624.262s][gc,task     ] GC(347) Using 4 workers of 4 for evacuation
[2026-05-23T04:05:16.899+0000][1624.640s][gc,mmu      ] GC(347) MMU target violated: 201.0ms (200.0ms/201.0ms)
[2026-05-23T04:05:16.899+0000][1624.641s][gc,phases   ] GC(347)   Pre Evacuate Collection Set: 0.14ms
[2026-05-23T04:05:16.899+0000][1624.641s][gc,phases   ] GC(347)   Merge Heap Roots: 3.61ms
[2026-05-23T04:05:16.899+0000][1624.641s][gc,phases   ] GC(347)   Evacuate Collection Set: 373.92ms
[2026-05-23T04:05:16.899+0000][1624.641s][gc,phases   ] GC(347)   Post Evacuate Collection Set: 1.27ms
[2026-05-23T04:05:16.899+0000][1624.641s][gc,phases   ] GC(347)   Other: 0.14ms
[2026-05-23T04:05:16.900+0000][1624.641s][gc,heap     ] GC(347) Eden regions: 64->0(64)
[2026-05-23T04:05:16.900+0000][1624.641s][gc,heap     ] GC(347) Survivor regions: 10->10(10)
[2026-05-23T04:05:16.900+0000][1624.641s][gc,heap     ] GC(347) Old regions: 255->265
[2026-05-23T04:05:16.900+0000][1624.641s][gc,heap     ] GC(347) Archive regions: 2->2
[2026-05-23T04:05:16.900+0000][1624.641s][gc,heap     ] GC(347) Humongous regions: 1->1
[2026-05-23T04:05:16.900+0000][1624.641s][gc,metaspace] GC(347) Metaspace: 43163K(44416K)->43163K(44416K) NonClass: 38374K(39232K)->38374K(39232K) Class: 4789K(5184K)->4789K(5184K)
[2026-05-23T04:05:16.900+0000][1624.641s][gc          ] GC(347) Pause Young (Normal) (G1 Evacuation Pause) 5287M->4431M(23984M) 379.165ms
[2026-05-23T04:05:16.900+0000][1624.641s][gc,cpu      ] GC(347) User=1.50s Sys=0.00s Real=0.38s
[2026-05-23T04:05:21.409+0000][1629.150s][gc,start    ] GC(348) Pause Young (Normal) (G1 Evacuation Pause)
[2026-05-23T04:05:21.409+0000][1629.150s][gc,task     ] GC(348) Using 4 workers of 4 for evacuation
[2026-05-23T04:05:21.766+0000][1629.507s][gc,mmu      ] GC(348) MMU target violated: 201.0ms (200.0ms/201.0ms)
[2026-05-23T04:05:21.766+0000][1629.507s][gc,phases   ] GC(348)   Pre Evacuate Collection Set: 0.12ms
[2026-05-23T04:05:21.766+0000][1629.507s][gc,phases   ] GC(348)   Merge Heap Roots: 3.53ms
[2026-05-23T04:05:21.766+0000][1629.507s][gc,phases   ] GC(348)   Evacuate Collection Set: 351.89ms
[2026-05-23T04:05:21.766+0000][1629.507s][gc,phases   ] GC(348)   Post Evacuate Collection Set: 1.23ms
[2026-05-23T04:05:21.766+0000][1629.507s][gc,phases   ] GC(348)   Other: 0.19ms
[2026-05-23T04:05:21.766+0000][1629.507s][gc,heap     ] GC(348) Eden regions: 64->0(64)
[2026-05-23T04:05:21.766+0000][1629.507s][gc,heap     ] GC(348) Survivor regions: 10->10(10)
[2026-05-23T04:05:21.766+0000][1629.507s][gc,heap     ] GC(348) Old regions: 265->275
[2026-05-23T04:05:21.766+0000][1629.507s][gc,heap     ] GC(348) Archive regions: 2->2
[2026-05-23T04:05:21.766+0000][1629.507s][gc,heap     ] GC(348) Humongous regions: 1->1
[2026-05-23T04:05:21.766+0000][1629.507s][gc,metaspace] GC(348) Metaspace: 43163K(44416K)->43163K(44416K) NonClass: 38374K(39232K)->38374K(39232K) Class: 4789K(5184K)->4789K(5184K)
[2026-05-23T04:05:21.766+0000][1629.507s][gc          ] GC(348) Pause Young (Normal) (G1 Evacuation Pause) 5455M->4583M(23984M) 357.022ms
[2026-05-23T04:05:21.766+0000][1629.507s][gc,cpu      ] GC(348) User=1.42s Sys=0.00s Real=0.35s
[2026-05-23T04:05:31.382+0000][1639.123s][gc,start    ] GC(349) Pause Young (Normal) (G1 Evacuation Pause)
[2026-05-23T04:05:31.382+0000][1639.123s][gc,task     ] GC(349) Using 4 workers of 4 for evacuation
[2026-05-23T04:05:31.634+0000][1639.375s][gc,mmu      ] GC(349) MMU target violated: 201.0ms (200.0ms/201.0ms)
[2026-05-23T04:05:31.634+0000][1639.375s][gc,phases   ] GC(349)   Pre Evacuate Collection Set: 0.12ms
[2026-05-23T04:05:31.634+0000][1639.375s][gc,phases   ] GC(349)   Merge Heap Roots: 3.91ms
[2026-05-23T04:05:31.634+0000][1639.375s][gc,phases   ] GC(349)   Evacuate Collection Set: 246.38ms
[2026-05-23T04:05:31.634+0000][1639.375s][gc,phases   ] GC(349)   Post Evacuate Collection Set: 1.08ms
[2026-05-23T04:05:31.634+0000][1639.375s][gc,phases   ] GC(349)   Other: 0.19ms
[2026-05-23T04:05:31.634+0000][1639.375s][gc,heap     ] GC(349) Eden regions: 64->0(64)
[2026-05-23T04:05:31.634+0000][1639.375s][gc,heap     ] GC(349) Survivor regions: 10->10(10)
[2026-05-23T04:05:31.634+0000][1639.375s][gc,heap     ] GC(349) Old regions: 275->277
[2026-05-23T04:05:31.634+0000][1639.375s][gc,heap     ] GC(349) Archive regions: 2->2
[2026-05-23T04:05:31.634+0000][1639.375s][gc,heap     ] GC(349) Humongous regions: 1->1
[2026-05-23T04:05:31.634+0000][1639.375s][gc,metaspace] GC(349) Metaspace: 43163K(44416K)->43163K(44416K) NonClass: 38374K(39232K)->38374K(39232K) Class: 4789K(5184K)->4789K(5184K)
[2026-05-23T04:05:31.634+0000][1639.375s][gc          ] GC(349) Pause Young (Normal) (G1 Evacuation Pause) 5607M->4623M(23984M) 251.742ms
[2026-05-23T04:05:31.634+0000][1639.375s][gc,cpu      ] GC(349) User=0.99s Sys=0.00s Real=0.25s
[2026-05-23T04:05:40.084+0000][1647.825s][gc,start    ] GC(350) Pause Young (Normal) (G1 Evacuation Pause)
[2026-05-23T04:05:40.084+0000][1647.826s][gc,task     ] GC(350) Using 4 workers of 4 for evacuation
[2026-05-23T04:05:40.378+0000][1648.119s][gc,mmu      ] GC(350) MMU target violated: 201.0ms (200.0ms/201.0ms)
[2026-05-23T04:05:40.378+0000][1648.119s][gc,phases   ] GC(350)   Pre Evacuate Collection Set: 0.14ms
[2026-05-23T04:05:40.378+0000][1648.119s][gc,phases   ] GC(350)   Merge Heap Roots: 2.01ms
[2026-05-23T04:05:40.378+0000][1648.119s][gc,phases   ] GC(350)   Evacuate Collection Set: 290.54ms
[2026-05-23T04:05:40.378+0000][1648.119s][gc,phases   ] GC(350)   Post Evacuate Collection Set: 0.76ms
[2026-05-23T04:05:40.378+0000][1648.119s][gc,phases   ] GC(350)   Other: 0.17ms
[2026-05-23T04:05:40.378+0000][1648.119s][gc,heap     ] GC(350) Eden regions: 64->0(64)
[2026-05-23T04:05:40.378+0000][1648.119s][gc,heap     ] GC(350) Survivor regions: 10->10(10)
[2026-05-23T04:05:40.378+0000][1648.119s][gc,heap     ] GC(350) Old regions: 277->281
[2026-05-23T04:05:40.378+0000][1648.119s][gc,heap     ] GC(350) Archive regions: 2->2
[2026-05-23T04:05:40.378+0000][1648.119s][gc,heap     ] GC(350) Humongous regions: 1->1
[2026-05-23T04:05:40.378+0000][1648.119s][gc,metaspace] GC(350) Metaspace: 43163K(44416K)->43163K(44416K) NonClass: 38374K(39232K)->38374K(39232K) Class: 4789K(5184K)->4789K(5184K)
[2026-05-23T04:05:40.378+0000][1648.119s][gc          ] GC(350) Pause Young (Normal) (G1 Evacuation Pause) 5647M->4683M(23984M) 293.676ms
[2026-05-23T04:05:40.378+0000][1648.119s][gc,cpu      ] GC(350) User=1.15s Sys=0.00s Real=0.29s
[2026-05-23T04:05:42.864+0000][1650.606s][gc,start    ] GC(351) Pause Young (Normal) (G1 Evacuation Pause)
[2026-05-23T04:05:42.864+0000][1650.606s][gc,task     ] GC(351) Using 4 workers of 4 for evacuation
[2026-05-23T04:05:43.137+0000][1650.878s][gc,mmu      ] GC(351) MMU target violated: 201.0ms (200.0ms/201.0ms)
[2026-05-23T04:05:43.137+0000][1650.878s][gc,phases   ] GC(351)   Pre Evacuate Collection Set: 0.14ms
[2026-05-23T04:05:43.137+0000][1650.878s][gc,phases   ] GC(351)   Merge Heap Roots: 1.11ms
[2026-05-23T04:05:43.137+0000][1650.878s][gc,phases   ] GC(351)   Evacuate Collection Set: 270.25ms
[2026-05-23T04:05:43.137+0000][1650.878s][gc,phases   ] GC(351)   Post Evacuate Collection Set: 1.07ms
[2026-05-23T04:05:43.137+0000][1650.878s][gc,phases   ] GC(351)   Other: 0.17ms
[2026-05-23T04:05:43.137+0000][1650.878s][gc,heap     ] GC(351) Eden regions: 64->0(64)
[2026-05-23T04:05:43.137+0000][1650.878s][gc,heap     ] GC(351) Survivor regions: 10->10(10)
[2026-05-23T04:05:43.137+0000][1650.878s][gc,heap     ] GC(351) Old regions: 281->288
[2026-05-23T04:05:43.137+0000][1650.878s][gc,heap     ] GC(351) Archive regions: 2->2
[2026-05-23T04:05:43.137+0000][1650.878s][gc,heap     ] GC(351) Humongous regions: 1->1
[2026-05-23T04:05:43.137+0000][1650.878s][gc,metaspace] GC(351) Metaspace: 43163K(44416K)->43163K(44416K) NonClass: 38374K(39232K)->38374K(39232K) Class: 4789K(5184K)->4789K(5184K)
[2026-05-23T04:05:43.137+0000][1650.878s][gc          ] GC(351) Pause Young (Normal) (G1 Evacuation Pause) 5707M->4794M(23984M) 272.809ms
[2026-05-23T04:05:43.137+0000][1650.878s][gc,cpu      ] GC(351) User=1.08s Sys=0.00s Real=0.27s
[2026-05-23T04:05:48.332+0000][1656.073s][gc,start    ] GC(352) Pause Young (Normal) (G1 Evacuation Pause)
[2026-05-23T04:05:48.332+0000][1656.073s][gc,task     ] GC(352) Using 4 workers of 4 for evacuation
[2026-05-23T04:05:48.642+0000][1656.383s][gc,mmu      ] GC(352) MMU target violated: 201.0ms (200.0ms/201.0ms)
[2026-05-23T04:05:48.642+0000][1656.383s][gc,phases   ] GC(352)   Pre Evacuate Collection Set: 0.12ms
[2026-05-23T04:05:48.642+0000][1656.383s][gc,phases   ] GC(352)   Merge Heap Roots: 2.35ms
[2026-05-23T04:05:48.642+0000][1656.383s][gc,phases   ] GC(352)   Evacuate Collection Set: 306.14ms
[2026-05-23T04:05:48.642+0000][1656.383s][gc,phases   ] GC(352)   Post Evacuate Collection Set: 1.26ms
[2026-05-23T04:05:48.642+0000][1656.383s][gc,phases   ] GC(352)   Other: 0.16ms
[2026-05-23T04:05:48.642+0000][1656.383s][gc,heap     ] GC(352) Eden regions: 64->0(64)
[2026-05-23T04:05:48.642+0000][1656.383s][gc,heap     ] GC(352) Survivor regions: 10->10(10)
[2026-05-23T04:05:48.642+0000][1656.383s][gc,heap     ] GC(352) Old regions: 288->297
[2026-05-23T04:05:48.642+0000][1656.383s][gc,heap     ] GC(352) Archive regions: 2->2
[2026-05-23T04:05:48.642+0000][1656.383s][gc,heap     ] GC(352) Humongous regions: 1->1
[2026-05-23T04:05:48.642+0000][1656.383s][gc,metaspace] GC(352) Metaspace: 43164K(44416K)->43164K(44416K) NonClass: 38374K(39232K)->38374K(39232K) Class: 4789K(5184K)->4789K(5184K)
[2026-05-23T04:05:48.642+0000][1656.383s][gc          ] GC(352) Pause Young (Normal) (G1 Evacuation Pause) 5818M->4932M(23984M) 310.090ms
[2026-05-23T04:05:48.642+0000][1656.383s][gc,cpu      ] GC(352) User=1.22s Sys=0.00s Real=0.31s
[2026-05-23T04:05:53.933+0000][1661.674s][gc,start    ] GC(353) Pause Young (Normal) (G1 Evacuation Pause)
[2026-05-23T04:05:53.933+0000][1661.674s][gc,task     ] GC(353) Using 4 workers of 4 for evacuation
[2026-05-23T04:05:54.217+0000][1661.958s][gc,mmu      ] GC(353) MMU target violated: 201.0ms (200.0ms/201.0ms)
[2026-05-23T04:05:54.217+0000][1661.958s][gc,phases   ] GC(353)   Pre Evacuate Collection Set: 0.17ms
[2026-05-23T04:05:54.217+0000][1661.958s][gc,phases   ] GC(353)   Merge Heap Roots: 2.90ms
[2026-05-23T04:05:54.217+0000][1661.958s][gc,phases   ] GC(353)   Evacuate Collection Set: 278.97ms
[2026-05-23T04:05:54.217+0000][1661.958s][gc,phases   ] GC(353)   Post Evacuate Collection Set: 1.25ms
[2026-05-23T04:05:54.217+0000][1661.958s][gc,phases   ] GC(353)   Other: 0.15ms
[2026-05-23T04:05:54.217+0000][1661.958s][gc,heap     ] GC(353) Eden regions: 64->0(65)
[2026-05-23T04:05:54.217+0000][1661.958s][gc,heap     ] GC(353) Survivor regions: 10->9(10)
[2026-05-23T04:05:54.217+0000][1661.958s][gc,heap     ] GC(353) Old regions: 297->304
[2026-05-23T04:05:54.217+0000][1661.958s][gc,heap     ] GC(353) Archive regions: 2->2
[2026-05-23T04:05:54.217+0000][1661.958s][gc,heap     ] GC(353) Humongous regions: 1->1
[2026-05-23T04:05:54.217+0000][1661.958s][gc,metaspace] GC(353) Metaspace: 43164K(44416K)->43164K(44416K) NonClass: 38374K(39232K)->38374K(39232K) Class: 4789K(5184K)->4789K(5184K)
[2026-05-23T04:05:54.217+0000][1661.958s][gc          ] GC(353) Pause Young (Normal) (G1 Evacuation Pause) 5956M->5029M(23984M) 283.507ms
[2026-05-23T04:05:54.217+0000][1661.958s][gc,cpu      ] GC(353) User=1.11s Sys=0.00s Real=0.28s
[2026-05-23T04:05:56.323+0000][1664.065s][gc,start    ] GC(354) Pause Young (Normal) (G1 Evacuation Pause)
[2026-05-23T04:05:56.324+0000][1664.065s][gc,task     ] GC(354) Using 4 workers of 4 for evacuation
[2026-05-23T04:05:56.640+0000][1664.381s][gc,mmu      ] GC(354) MMU target violated: 201.0ms (200.0ms/201.0ms)
[2026-05-23T04:05:56.640+0000][1664.381s][gc,phases   ] GC(354)   Pre Evacuate Collection Set: 0.12ms
[2026-05-23T04:05:56.640+0000][1664.381s][gc,phases   ] GC(354)   Merge Heap Roots: 3.11ms
[2026-05-23T04:05:56.640+0000][1664.381s][gc,phases   ] GC(354)   Evacuate Collection Set: 312.28ms
[2026-05-23T04:05:56.640+0000][1664.381s][gc,phases   ] GC(354)   Post Evacuate Collection Set: 1.07ms
[2026-05-23T04:05:56.640+0000][1664.381s][gc,phases   ] GC(354)   Other: 0.20ms
[2026-05-23T04:05:56.640+0000][1664.381s][gc,heap     ] GC(354) Eden regions: 65->0(64)
[2026-05-23T04:05:56.640+0000][1664.381s][gc,heap     ] GC(354) Survivor regions: 9->10(10)
[2026-05-23T04:05:56.640+0000][1664.381s][gc,heap     ] GC(354) Old regions: 304->312
[2026-05-23T04:05:56.640+0000][1664.381s][gc,heap     ] GC(354) Archive regions: 2->2
[2026-05-23T04:05:56.640+0000][1664.381s][gc,heap     ] GC(354) Humongous regions: 1->1
[2026-05-23T04:05:56.640+0000][1664.381s][gc,metaspace] GC(354) Metaspace: 43164K(44416K)->43164K(44416K) NonClass: 38374K(39232K)->38374K(39232K) Class: 4789K(5184K)->4789K(5184K)
[2026-05-23T04:05:56.640+0000][1664.381s][gc          ] GC(354) Pause Young (Normal) (G1 Evacuation Pause) 6069M->5183M(23984M) 316.839ms
[2026-05-23T04:05:56.640+0000][1664.381s][gc,cpu      ] GC(354) User=1.25s Sys=0.00s Real=0.32s
[2026-05-23T04:06:05.871+0000][1673.612s][gc,start    ] GC(355) Pause Young (Normal) (G1 Evacuation Pause)
[2026-05-23T04:06:05.871+0000][1673.612s][gc,task     ] GC(355) Using 4 workers of 4 for evacuation
[2026-05-23T04:06:06.142+0000][1673.883s][gc,mmu      ] GC(355) MMU target violated: 201.0ms (200.0ms/201.0ms)
[2026-05-23T04:06:06.142+0000][1673.883s][gc,phases   ] GC(355)   Pre Evacuate Collection Set: 0.17ms
[2026-05-23T04:06:06.142+0000][1673.883s][gc,phases   ] GC(355)   Merge Heap Roots: 4.37ms
[2026-05-23T04:06:06.142+0000][1673.883s][gc,phases   ] GC(355)   Evacuate Collection Set: 265.11ms
[2026-05-23T04:06:06.142+0000][1673.883s][gc,phases   ] GC(355)   Post Evacuate Collection Set: 1.17ms
[2026-05-23T04:06:06.142+0000][1673.883s][gc,phases   ] GC(355)   Other: 0.18ms
[2026-05-23T04:06:06.142+0000][1673.883s][gc,heap     ] GC(355) Eden regions: 64->0(66)
[2026-05-23T04:06:06.142+0000][1673.883s][gc,heap     ] GC(355) Survivor regions: 10->8(10)
[2026-05-23T04:06:06.142+0000][1673.883s][gc,heap     ] GC(355) Old regions: 312->321
[2026-05-23T04:06:06.142+0000][1673.883s][gc,heap     ] GC(355) Archive regions: 2->2
[2026-05-23T04:06:06.142+0000][1673.883s][gc,heap     ] GC(355) Humongous regions: 1->1
[2026-05-23T04:06:06.142+0000][1673.883s][gc,metaspace] GC(355) Metaspace: 43164K(44416K)->43164K(44416K) NonClass: 38374K(39232K)->38374K(39232K) Class: 4789K(5184K)->4789K(5184K)
[2026-05-23T04:06:06.142+0000][1673.883s][gc          ] GC(355) Pause Young (Normal) (G1 Evacuation Pause) 6207M->5287M(23984M) 271.048ms
[2026-05-23T04:06:06.142+0000][1673.883s][gc,cpu      ] GC(355) User=1.07s Sys=0.00s Real=0.27s
[2026-05-23T04:06:08.657+0000][1676.398s][gc,start    ] GC(356) Pause Young (Normal) (G1 Evacuation Pause)
[2026-05-23T04:06:08.657+0000][1676.398s][gc,task     ] GC(356) Using 4 workers of 4 for evacuation
[2026-05-23T04:06:09.016+0000][1676.757s][gc,mmu      ] GC(356) MMU target violated: 201.0ms (200.0ms/201.0ms)
[2026-05-23T04:06:09.016+0000][1676.757s][gc,phases   ] GC(356)   Pre Evacuate Collection Set: 0.12ms
[2026-05-23T04:06:09.016+0000][1676.757s][gc,phases   ] GC(356)   Merge Heap Roots: 3.11ms
[2026-05-23T04:06:09.016+0000][1676.757s][gc,phases   ] GC(356)   Evacuate Collection Set: 354.49ms
[2026-05-23T04:06:09.016+0000][1676.757s][gc,phases   ] GC(356)   Post Evacuate Collection Set: 1.06ms
[2026-05-23T04:06:09.016+0000][1676.757s][gc,phases   ] GC(356)   Other: 0.19ms
[2026-05-23T04:06:09.016+0000][1676.757s][gc,heap     ] GC(356) Eden regions: 66->0(64)
[2026-05-23T04:06:09.016+0000][1676.757s][gc,heap     ] GC(356) Survivor regions: 8->10(10)
[2026-05-23T04:06:09.016+0000][1676.757s][gc,heap     ] GC(356) Old regions: 321->331
[2026-05-23T04:06:09.016+0000][1676.757s][gc,heap     ] GC(356) Archive regions: 2->2
[2026-05-23T04:06:09.016+0000][1676.757s][gc,heap     ] GC(356) Humongous regions: 1->1
[2026-05-23T04:06:09.016+0000][1676.757s][gc,metaspace] GC(356) Metaspace: 43164K(44416K)->43164K(44416K) NonClass: 38374K(39232K)->38374K(39232K) Class: 4789K(5184K)->4789K(5184K)
[2026-05-23T04:06:09.016+0000][1676.757s][gc          ] GC(356) Pause Young (Normal) (G1 Evacuation Pause) 6343M->5487M(23984M) 359.031ms
[2026-05-23T04:06:09.016+0000][1676.757s][gc,cpu      ] GC(356) User=1.42s Sys=0.00s Real=0.36s
[2026-05-23T04:06:15.833+0000][1683.574s][gc,start    ] GC(357) Pause Young (Normal) (G1 Evacuation Pause)
[2026-05-23T04:06:15.833+0000][1683.574s][gc,task     ] GC(357) Using 4 workers of 4 for evacuation
[2026-05-23T04:06:16.167+0000][1683.908s][gc,mmu      ] GC(357) MMU target violated: 201.0ms (200.0ms/201.0ms)
[2026-05-23T04:06:16.167+0000][1683.908s][gc,phases   ] GC(357)   Pre Evacuate Collection Set: 0.12ms
[2026-05-23T04:06:16.167+0000][1683.908s][gc,phases   ] GC(357)   Merge Heap Roots: 3.96ms
[2026-05-23T04:06:16.167+0000][1683.908s][gc,phases   ] GC(357)   Evacuate Collection Set: 328.87ms
[2026-05-23T04:06:16.167+0000][1683.908s][gc,phases   ] GC(357)   Post Evacuate Collection Set: 0.93ms
[2026-05-23T04:06:16.167+0000][1683.908s][gc,phases   ] GC(357)   Other: 0.17ms
[2026-05-23T04:06:16.167+0000][1683.908s][gc,heap     ] GC(357) Eden regions: 64->0(64)
[2026-05-23T04:06:16.167+0000][1683.908s][gc,heap     ] GC(357) Survivor regions: 10->10(10)
[2026-05-23T04:06:16.167+0000][1683.908s][gc,heap     ] GC(357) Old regions: 331->338
[2026-05-23T04:06:16.167+0000][1683.908s][gc,heap     ] GC(357) Archive regions: 2->2
[2026-05-23T04:06:16.167+0000][1683.908s][gc,heap     ] GC(357) Humongous regions: 1->1
[2026-05-23T04:06:16.167+0000][1683.908s][gc,metaspace] GC(357) Metaspace: 43164K(44416K)->43164K(44416K) NonClass: 38374K(39232K)->38374K(39232K) Class: 4789K(5184K)->4789K(5184K)
[2026-05-23T04:06:16.167+0000][1683.908s][gc          ] GC(357) Pause Young (Normal) (G1 Evacuation Pause) 6511M->5598M(23984M) 334.094ms
[2026-05-23T04:06:16.167+0000][1683.908s][gc,cpu      ] GC(357) User=1.31s Sys=0.00s Real=0.33s
[2026-05-23T04:06:20.772+0000][1688.513s][gc,start    ] GC(358) Pause Young (Normal) (G1 Evacuation Pause)
[2026-05-23T04:06:20.772+0000][1688.513s][gc,task     ] GC(358) Using 4 workers of 4 for evacuation
[2026-05-23T04:06:21.050+0000][1688.791s][gc,mmu      ] GC(358) MMU target violated: 201.0ms (200.0ms/201.0ms)
[2026-05-23T04:06:21.050+0000][1688.791s][gc,phases   ] GC(358)   Pre Evacuate Collection Set: 0.12ms
[2026-05-23T04:06:21.050+0000][1688.791s][gc,phases   ] GC(358)   Merge Heap Roots: 1.14ms
[2026-05-23T04:06:21.050+0000][1688.791s][gc,phases   ] GC(358)   Evacuate Collection Set: 276.28ms
[2026-05-23T04:06:21.050+0000][1688.791s][gc,phases   ] GC(358)   Post Evacuate Collection Set: 0.56ms
[2026-05-23T04:06:21.050+0000][1688.791s][gc,phases   ] GC(358)   Other: 0.15ms
[2026-05-23T04:06:21.050+0000][1688.791s][gc,heap     ] GC(358) Eden regions: 64->0(64)
[2026-05-23T04:06:21.050+0000][1688.791s][gc,heap     ] GC(358) Survivor regions: 10->10(10)
[2026-05-23T04:06:21.050+0000][1688.791s][gc,heap     ] GC(358) Old regions: 338->344
[2026-05-23T04:06:21.050+0000][1688.791s][gc,heap     ] GC(358) Archive regions: 2->2
[2026-05-23T04:06:21.050+0000][1688.791s][gc,heap     ] GC(358) Humongous regions: 1->1
[2026-05-23T04:06:21.050+0000][1688.791s][gc,metaspace] GC(358) Metaspace: 43165K(44416K)->43165K(44416K) NonClass: 38376K(39232K)->38376K(39232K) Class: 4789K(5184K)->4789K(5184K)
[2026-05-23T04:06:21.050+0000][1688.791s][gc          ] GC(358) Pause Young (Normal) (G1 Evacuation Pause) 6622M->5685M(23984M) 278.307ms
[2026-05-23T04:06:21.050+0000][1688.791s][gc,cpu      ] GC(358) User=1.10s Sys=0.00s Real=0.28s
[2026-05-23T04:06:28.973+0000][1696.714s][gc,start    ] GC(359) Pause Young (Normal) (G1 Evacuation Pause)
[2026-05-23T04:06:28.973+0000][1696.714s][gc,task     ] GC(359) Using 4 workers of 4 for evacuation
[2026-05-23T04:06:29.192+0000][1696.933s][gc,mmu      ] GC(359) MMU target violated: 201.0ms (200.0ms/201.0ms)
[2026-05-23T04:06:29.192+0000][1696.933s][gc,phases   ] GC(359)   Pre Evacuate Collection Set: 0.12ms
[2026-05-23T04:06:29.192+0000][1696.933s][gc,phases   ] GC(359)   Merge Heap Roots: 0.61ms
[2026-05-23T04:06:29.192+0000][1696.933s][gc,phases   ] GC(359)   Evacuate Collection Set: 217.61ms
[2026-05-23T04:06:29.192+0000][1696.933s][gc,phases   ] GC(359)   Post Evacuate Collection Set: 0.54ms
[2026-05-23T04:06:29.192+0000][1696.933s][gc,phases   ] GC(359)   Other: 0.17ms
[2026-05-23T04:06:29.192+0000][1696.933s][gc,heap     ] GC(359) Eden regions: 64->0(70)
[2026-05-23T04:06:29.192+0000][1696.933s][gc,heap     ] GC(359) Survivor regions: 10->4(10)
[2026-05-23T04:06:29.192+0000][1696.933s][gc,heap     ] GC(359) Old regions: 344->346
[2026-05-23T04:06:29.192+0000][1696.933s][gc,heap     ] GC(359) Archive regions: 2->2
[2026-05-23T04:06:29.192+0000][1696.933s][gc,heap     ] GC(359) Humongous regions: 1->1
[2026-05-23T04:06:29.192+0000][1696.933s][gc,metaspace] GC(359) Metaspace: 43165K(44416K)->43165K(44416K) NonClass: 38376K(39232K)->38376K(39232K) Class: 4789K(5184K)->4789K(5184K)
[2026-05-23T04:06:29.192+0000][1696.933s][gc          ] GC(359) Pause Young (Normal) (G1 Evacuation Pause) 6709M->5623M(23984M) 219.099ms
[2026-05-23T04:06:29.192+0000][1696.933s][gc,cpu      ] GC(359) User=0.87s Sys=0.00s Real=0.22s
[2026-05-23T04:06:31.778+0000][1699.519s][gc,start    ] GC(360) Pause Young (Normal) (G1 Evacuation Pause)
[2026-05-23T04:06:31.778+0000][1699.519s][gc,task     ] GC(360) Using 4 workers of 4 for evacuation
[2026-05-23T04:06:32.077+0000][1699.818s][gc,mmu      ] GC(360) MMU target violated: 201.0ms (200.0ms/201.0ms)
[2026-05-23T04:06:32.077+0000][1699.818s][gc,phases   ] GC(360)   Pre Evacuate Collection Set: 0.12ms
[2026-05-23T04:06:32.077+0000][1699.818s][gc,phases   ] GC(360)   Merge Heap Roots: 0.39ms
[2026-05-23T04:06:32.077+0000][1699.818s][gc,phases   ] GC(360)   Evacuate Collection Set: 297.24ms
[2026-05-23T04:06:32.077+0000][1699.818s][gc,phases   ] GC(360)   Post Evacuate Collection Set: 0.66ms
[2026-05-23T04:06:32.077+0000][1699.818s][gc,phases   ] GC(360)   Other: 0.18ms
[2026-05-23T04:06:32.077+0000][1699.818s][gc,heap     ] GC(360) Eden regions: 70->0(64)
[2026-05-23T04:06:32.077+0000][1699.818s][gc,heap     ] GC(360) Survivor regions: 4->10(10)
[2026-05-23T04:06:32.077+0000][1699.818s][gc,heap     ] GC(360) Old regions: 346->351
[2026-05-23T04:06:32.077+0000][1699.818s][gc,heap     ] GC(360) Archive regions: 2->2
[2026-05-23T04:06:32.077+0000][1699.818s][gc,heap     ] GC(360) Humongous regions: 1->1
[2026-05-23T04:06:32.077+0000][1699.818s][gc,metaspace] GC(360) Metaspace: 43165K(44416K)->43165K(44416K) NonClass: 38376K(39232K)->38376K(39232K) Class: 4789K(5184K)->4789K(5184K)
[2026-05-23T04:06:32.077+0000][1699.818s][gc          ] GC(360) Pause Young (Normal) (G1 Evacuation Pause) 6743M->5801M(23984M) 298.654ms
[2026-05-23T04:06:32.077+0000][1699.818s][gc,cpu      ] GC(360) User=1.17s Sys=0.00s Real=0.30s
[2026-05-23T04:06:40.874+0000][1708.615s][gc,start    ] GC(361) Pause Young (Normal) (G1 Evacuation Pause)
[2026-05-23T04:06:40.874+0000][1708.615s][gc,task     ] GC(361) Using 4 workers of 4 for evacuation
[2026-05-23T04:06:40.980+0000][1708.721s][gc,phases   ] GC(361)   Pre Evacuate Collection Set: 0.17ms
[2026-05-23T04:06:40.980+0000][1708.721s][gc,phases   ] GC(361)   Merge Heap Roots: 1.19ms
[2026-05-23T04:06:40.980+0000][1708.721s][gc,phases   ] GC(361)   Evacuate Collection Set: 103.52ms
[2026-05-23T04:06:40.980+0000][1708.721s][gc,phases   ] GC(361)   Post Evacuate Collection Set: 0.90ms
[2026-05-23T04:06:40.980+0000][1708.721s][gc,phases   ] GC(361)   Other: 0.14ms
[2026-05-23T04:06:40.980+0000][1708.721s][gc,heap     ] GC(361) Eden regions: 64->0(71)
[2026-05-23T04:06:40.980+0000][1708.721s][gc,heap     ] GC(361) Survivor regions: 10->4(10)
[2026-05-23T04:06:40.980+0000][1708.721s][gc,heap     ] GC(361) Old regions: 351->353
[2026-05-23T04:06:40.980+0000][1708.721s][gc,heap     ] GC(361) Archive regions: 2->2
[2026-05-23T04:06:40.980+0000][1708.721s][gc,heap     ] GC(361) Humongous regions: 1->1
[2026-05-23T04:06:40.980+0000][1708.721s][gc,metaspace] GC(361) Metaspace: 43165K(44416K)->43165K(44416K) NonClass: 38376K(39232K)->38376K(39232K) Class: 4789K(5184K)->4789K(5184K)
[2026-05-23T04:06:40.980+0000][1708.721s][gc          ] GC(361) Pause Young (Normal) (G1 Evacuation Pause) 6825M->5740M(24048M) 106.017ms
[2026-05-23T04:06:40.980+0000][1708.721s][gc,cpu      ] GC(361) User=0.42s Sys=0.00s Real=0.11s
[2026-05-23T04:06:48.927+0000][1716.668s][gc,start    ] GC(362) Pause Young (Normal) (G1 Evacuation Pause)
[2026-05-23T04:06:48.927+0000][1716.668s][gc,task     ] GC(362) Using 4 workers of 4 for evacuation
[2026-05-23T04:06:49.160+0000][1716.901s][gc,mmu      ] GC(362) MMU target violated: 201.0ms (200.0ms/201.0ms)
[2026-05-23T04:06:49.160+0000][1716.901s][gc,phases   ] GC(362)   Pre Evacuate Collection Set: 0.18ms
[2026-05-23T04:06:49.160+0000][1716.901s][gc,phases   ] GC(362)   Merge Heap Roots: 0.51ms
[2026-05-23T04:06:49.160+0000][1716.901s][gc,phases   ] GC(362)   Evacuate Collection Set: 231.00ms
[2026-05-23T04:06:49.160+0000][1716.901s][gc,phases   ] GC(362)   Post Evacuate Collection Set: 0.65ms
[2026-05-23T04:06:49.160+0000][1716.901s][gc,phases   ] GC(362)   Other: 0.19ms
[2026-05-23T04:06:49.160+0000][1716.901s][gc,heap     ] GC(362) Eden regions: 71->0(65)
[2026-05-23T04:06:49.160+0000][1716.901s][gc,heap     ] GC(362) Survivor regions: 4->10(10)
[2026-05-23T04:06:49.160+0000][1716.901s][gc,heap     ] GC(362) Old regions: 353->355
[2026-05-23T04:06:49.160+0000][1716.901s][gc,heap     ] GC(362) Archive regions: 2->2
[2026-05-23T04:06:49.160+0000][1716.901s][gc,heap     ] GC(362) Humongous regions: 1->1
[2026-05-23T04:06:49.160+0000][1716.901s][gc,metaspace] GC(362) Metaspace: 43165K(44416K)->43165K(44416K) NonClass: 38376K(39232K)->38376K(39232K) Class: 4789K(5184K)->4789K(5184K)
[2026-05-23T04:06:49.160+0000][1716.901s][gc          ] GC(362) Pause Young (Normal) (G1 Evacuation Pause) 6876M->5869M(24048M) 232.584ms
[2026-05-23T04:06:49.160+0000][1716.901s][gc,cpu      ] GC(362) User=0.92s Sys=0.00s Real=0.24s
[2026-05-23T04:06:55.538+0000][1723.279s][gc,start    ] GC(363) Pause Young (Normal) (G1 Evacuation Pause)
[2026-05-23T04:06:55.538+0000][1723.279s][gc,task     ] GC(363) Using 4 workers of 4 for evacuation
[2026-05-23T04:06:55.744+0000][1723.485s][gc,mmu      ] GC(363) MMU target violated: 201.0ms (200.0ms/201.0ms)
[2026-05-23T04:06:55.744+0000][1723.485s][gc,phases   ] GC(363)   Pre Evacuate Collection Set: 0.16ms
[2026-05-23T04:06:55.744+0000][1723.485s][gc,phases   ] GC(363)   Merge Heap Roots: 0.81ms
[2026-05-23T04:06:55.744+0000][1723.485s][gc,phases   ] GC(363)   Evacuate Collection Set: 204.73ms
[2026-05-23T04:06:55.744+0000][1723.485s][gc,phases   ] GC(363)   Post Evacuate Collection Set: 0.69ms
[2026-05-23T04:06:55.744+0000][1723.485s][gc,phases   ] GC(363)   Other: 0.15ms
[2026-05-23T04:06:55.744+0000][1723.485s][gc,heap     ] GC(363) Eden regions: 65->0(65)
[2026-05-23T04:06:55.744+0000][1723.485s][gc,heap     ] GC(363) Survivor regions: 10->10(10)
[2026-05-23T04:06:55.744+0000][1723.485s][gc,heap     ] GC(363) Old regions: 355->359
[2026-05-23T04:06:55.744+0000][1723.485s][gc,heap     ] GC(363) Archive regions: 2->2
[2026-05-23T04:06:55.744+0000][1723.485s][gc,heap     ] GC(363) Humongous regions: 1->1
[2026-05-23T04:06:55.744+0000][1723.485s][gc,metaspace] GC(363) Metaspace: 43165K(44416K)->43165K(44416K) NonClass: 38376K(39232K)->38376K(39232K) Class: 4789K(5184K)->4789K(5184K)
[2026-05-23T04:06:55.744+0000][1723.485s][gc          ] GC(363) Pause Young (Normal) (G1 Evacuation Pause) 6909M->5931M(24048M) 206.604ms
[2026-05-23T04:06:55.744+0000][1723.485s][gc,cpu      ] GC(363) User=0.81s Sys=0.00s Real=0.21s
[2026-05-23T04:07:01.435+0000][1729.176s][gc,start    ] GC(364) Pause Young (Normal) (G1 Evacuation Pause)
[2026-05-23T04:07:01.435+0000][1729.176s][gc,task     ] GC(364) Using 4 workers of 4 for evacuation
[2026-05-23T04:07:01.627+0000][1729.369s][gc,phases   ] GC(364)   Pre Evacuate Collection Set: 0.13ms
[2026-05-23T04:07:01.628+0000][1729.369s][gc,phases   ] GC(364)   Merge Heap Roots: 0.37ms
[2026-05-23T04:07:01.628+0000][1729.369s][gc,phases   ] GC(364)   Evacuate Collection Set: 191.11ms
[2026-05-23T04:07:01.628+0000][1729.369s][gc,phases   ] GC(364)   Post Evacuate Collection Set: 0.72ms
[2026-05-23T04:07:01.628+0000][1729.369s][gc,phases   ] GC(364)   Other: 0.10ms
[2026-05-23T04:07:01.628+0000][1729.369s][gc,heap     ] GC(364) Eden regions: 65->0(65)
[2026-05-23T04:07:01.628+0000][1729.369s][gc,heap     ] GC(364) Survivor regions: 10->10(10)
[2026-05-23T04:07:01.628+0000][1729.369s][gc,heap     ] GC(364) Old regions: 359->362
[2026-05-23T04:07:01.628+0000][1729.369s][gc,heap     ] GC(364) Archive regions: 2->2
[2026-05-23T04:07:01.628+0000][1729.369s][gc,heap     ] GC(364) Humongous regions: 1->1
[2026-05-23T04:07:01.628+0000][1729.369s][gc,metaspace] GC(364) Metaspace: 43165K(44416K)->43165K(44416K) NonClass: 38376K(39232K)->38376K(39232K) Class: 4789K(5184K)->4789K(5184K)
[2026-05-23T04:07:01.628+0000][1729.369s][gc          ] GC(364) Pause Young (Normal) (G1 Evacuation Pause) 6971M->5980M(24048M) 192.565ms
[2026-05-23T04:07:01.628+0000][1729.369s][gc,cpu      ] GC(364) User=0.76s Sys=0.00s Real=0.19s
[2026-05-23T04:07:03.827+0000][1731.568s][gc,start    ] GC(365) Pause Young (Normal) (G1 Evacuation Pause)
[2026-05-23T04:07:03.827+0000][1731.569s][gc,task     ] GC(365) Using 4 workers of 4 for evacuation
[2026-05-23T04:07:04.138+0000][1731.879s][gc,mmu      ] GC(365) MMU target violated: 201.0ms (200.0ms/201.0ms)
[2026-05-23T04:07:04.138+0000][1731.879s][gc,phases   ] GC(365)   Pre Evacuate Collection Set: 0.16ms
[2026-05-23T04:07:04.138+0000][1731.879s][gc,phases   ] GC(365)   Merge Heap Roots: 0.65ms
[2026-05-23T04:07:04.138+0000][1731.879s][gc,phases   ] GC(365)   Evacuate Collection Set: 308.39ms
[2026-05-23T04:07:04.138+0000][1731.879s][gc,phases   ] GC(365)   Post Evacuate Collection Set: 1.02ms
[2026-05-23T04:07:04.138+0000][1731.879s][gc,phases   ] GC(365)   Other: 0.17ms
[2026-05-23T04:07:04.138+0000][1731.879s][gc,heap     ] GC(365) Eden regions: 65->0(65)
[2026-05-23T04:07:04.138+0000][1731.879s][gc,heap     ] GC(365) Survivor regions: 10->10(10)
[2026-05-23T04:07:04.138+0000][1731.879s][gc,heap     ] GC(365) Old regions: 362->373
[2026-05-23T04:07:04.138+0000][1731.879s][gc,heap     ] GC(365) Archive regions: 2->2
[2026-05-23T04:07:04.138+0000][1731.879s][gc,heap     ] GC(365) Humongous regions: 1->1
[2026-05-23T04:07:04.138+0000][1731.879s][gc,metaspace] GC(365) Metaspace: 43167K(44416K)->43167K(44416K) NonClass: 38378K(39232K)->38378K(39232K) Class: 4789K(5184K)->4789K(5184K)
[2026-05-23T04:07:04.138+0000][1731.879s][gc          ] GC(365) Pause Young (Normal) (G1 Evacuation Pause) 7020M->6155M(24048M) 310.451ms
[2026-05-23T04:07:04.138+0000][1731.879s][gc,cpu      ] GC(365) User=1.23s Sys=0.00s Real=0.31s
[2026-05-23T04:07:08.436+0000][1736.177s][gc,start    ] GC(366) Pause Young (Normal) (G1 Evacuation Pause)
[2026-05-23T04:07:08.436+0000][1736.177s][gc,task     ] GC(366) Using 4 workers of 4 for evacuation
[2026-05-23T04:07:08.755+0000][1736.496s][gc,mmu      ] GC(366) MMU target violated: 201.0ms (200.0ms/201.0ms)
[2026-05-23T04:07:08.755+0000][1736.496s][gc,phases   ] GC(366)   Pre Evacuate Collection Set: 0.12ms
[2026-05-23T04:07:08.755+0000][1736.496s][gc,phases   ] GC(366)   Merge Heap Roots: 2.65ms
[2026-05-23T04:07:08.755+0000][1736.496s][gc,phases   ] GC(366)   Evacuate Collection Set: 315.76ms
[2026-05-23T04:07:08.755+0000][1736.497s][gc,phases   ] GC(366)   Post Evacuate Collection Set: 1.11ms
[2026-05-23T04:07:08.755+0000][1736.497s][gc,phases   ] GC(366)   Other: 0.17ms
[2026-05-23T04:07:08.755+0000][1736.497s][gc,heap     ] GC(366) Eden regions: 65->0(65)
[2026-05-23T04:07:08.755+0000][1736.497s][gc,heap     ] GC(366) Survivor regions: 10->10(10)
[2026-05-23T04:07:08.755+0000][1736.497s][gc,heap     ] GC(366) Old regions: 373->383
[2026-05-23T04:07:08.755+0000][1736.497s][gc,heap     ] GC(366) Archive regions: 2->2
[2026-05-23T04:07:08.755+0000][1736.497s][gc,heap     ] GC(366) Humongous regions: 1->1
[2026-05-23T04:07:08.755+0000][1736.497s][gc,metaspace] GC(366) Metaspace: 43167K(44416K)->43167K(44416K) NonClass: 38378K(39232K)->38378K(39232K) Class: 4789K(5184K)->4789K(5184K)
[2026-05-23T04:07:08.755+0000][1736.497s][gc          ] GC(366) Pause Young (Normal) (G1 Evacuation Pause) 7195M->6310M(24048M) 319.874ms
[2026-05-23T04:07:08.756+0000][1736.497s][gc,cpu      ] GC(366) User=1.27s Sys=0.00s Real=0.32s
[2026-05-23T04:07:18.440+0000][1746.181s][gc,start    ] GC(367) Pause Young (Normal) (G1 Evacuation Pause)
[2026-05-23T04:07:18.440+0000][1746.181s][gc,task     ] GC(367) Using 4 workers of 4 for evacuation
[2026-05-23T04:07:18.655+0000][1746.396s][gc,mmu      ] GC(367) MMU target violated: 201.0ms (200.0ms/201.0ms)
[2026-05-23T04:07:18.655+0000][1746.396s][gc,phases   ] GC(367)   Pre Evacuate Collection Set: 0.13ms
[2026-05-23T04:07:18.655+0000][1746.396s][gc,phases   ] GC(367)   Merge Heap Roots: 3.33ms
[2026-05-23T04:07:18.655+0000][1746.396s][gc,phases   ] GC(367)   Evacuate Collection Set: 210.39ms
[2026-05-23T04:07:18.655+0000][1746.396s][gc,phases   ] GC(367)   Post Evacuate Collection Set: 1.14ms
[2026-05-23T04:07:18.655+0000][1746.396s][gc,phases   ] GC(367)   Other: 0.20ms
[2026-05-23T04:07:18.655+0000][1746.396s][gc,heap     ] GC(367) Eden regions: 65->0(66)
[2026-05-23T04:07:18.655+0000][1746.396s][gc,heap     ] GC(367) Survivor regions: 10->9(10)
[2026-05-23T04:07:18.655+0000][1746.396s][gc,heap     ] GC(367) Old regions: 383->386
[2026-05-23T04:07:18.655+0000][1746.396s][gc,heap     ] GC(367) Archive regions: 2->2
[2026-05-23T04:07:18.655+0000][1746.396s][gc,heap     ] GC(367) Humongous regions: 1->1
[2026-05-23T04:07:18.655+0000][1746.396s][gc,metaspace] GC(367) Metaspace: 43167K(44416K)->43167K(44416K) NonClass: 38378K(39232K)->38378K(39232K) Class: 4789K(5184K)->4789K(5184K)
[2026-05-23T04:07:18.655+0000][1746.396s][gc          ] GC(367) Pause Young (Normal) (G1 Evacuation Pause) 7350M->6334M(24048M) 215.241ms
[2026-05-23T04:07:18.655+0000][1746.396s][gc,cpu      ] GC(367) User=0.86s Sys=0.00s Real=0.21s
[2026-05-23T04:07:25.201+0000][1752.942s][gc,start    ] GC(368) Pause Young (Normal) (G1 Evacuation Pause)
[2026-05-23T04:07:25.201+0000][1752.942s][gc,task     ] GC(368) Using 4 workers of 4 for evacuation
[2026-05-23T04:07:25.413+0000][1753.154s][gc,mmu      ] GC(368) MMU target violated: 201.0ms (200.0ms/201.0ms)
[2026-05-23T04:07:25.413+0000][1753.154s][gc,phases   ] GC(368)   Pre Evacuate Collection Set: 0.19ms
[2026-05-23T04:07:25.413+0000][1753.154s][gc,phases   ] GC(368)   Merge Heap Roots: 2.35ms
[2026-05-23T04:07:25.413+0000][1753.154s][gc,phases   ] GC(368)   Evacuate Collection Set: 208.80ms
[2026-05-23T04:07:25.413+0000][1753.154s][gc,phases   ] GC(368)   Post Evacuate Collection Set: 0.80ms
[2026-05-23T04:07:25.413+0000][1753.154s][gc,phases   ] GC(368)   Other: 0.20ms
[2026-05-23T04:07:25.413+0000][1753.154s][gc,heap     ] GC(368) Eden regions: 66->0(66)
[2026-05-23T04:07:25.413+0000][1753.154s][gc,heap     ] GC(368) Survivor regions: 9->9(10)
[2026-05-23T04:07:25.413+0000][1753.154s][gc,heap     ] GC(368) Old regions: 386->389
[2026-05-23T04:07:25.413+0000][1753.154s][gc,heap     ] GC(368) Archive regions: 2->2
[2026-05-23T04:07:25.413+0000][1753.154s][gc,heap     ] GC(368) Humongous regions: 1->1
[2026-05-23T04:07:25.413+0000][1753.154s][gc,metaspace] GC(368) Metaspace: 46008K(46656K)->46008K(46656K) NonClass: 40759K(41088K)->40759K(41088K) Class: 5248K(5568K)->5248K(5568K)
[2026-05-23T04:07:25.413+0000][1753.154s][gc          ] GC(368) Pause Young (Normal) (G1 Evacuation Pause) 7390M->6390M(24048M) 212.384ms
[2026-05-23T04:07:25.413+0000][1753.154s][gc,cpu      ] GC(368) User=0.84s Sys=0.00s Real=0.21s
[2026-05-23T04:07:28.696+0000][1756.437s][gc,start    ] GC(369) Pause Young (Normal) (G1 Evacuation Pause)
[2026-05-23T04:07:28.696+0000][1756.437s][gc,task     ] GC(369) Using 4 workers of 4 for evacuation
[2026-05-23T04:07:29.087+0000][1756.828s][gc,mmu      ] GC(369) MMU target violated: 201.0ms (200.0ms/201.0ms)
[2026-05-23T04:07:29.087+0000][1756.828s][gc,phases   ] GC(369)   Pre Evacuate Collection Set: 0.13ms
[2026-05-23T04:07:29.087+0000][1756.828s][gc,phases   ] GC(369)   Merge Heap Roots: 0.66ms
[2026-05-23T04:07:29.087+0000][1756.828s][gc,phases   ] GC(369)   Evacuate Collection Set: 388.89ms
[2026-05-23T04:07:29.087+0000][1756.828s][gc,phases   ] GC(369)   Post Evacuate Collection Set: 0.75ms
[2026-05-23T04:07:29.087+0000][1756.828s][gc,phases   ] GC(369)   Other: 0.19ms
[2026-05-23T04:07:29.087+0000][1756.828s][gc,heap     ] GC(369) Eden regions: 66->0(65)
[2026-05-23T04:07:29.087+0000][1756.828s][gc,heap     ] GC(369) Survivor regions: 9->10(10)
[2026-05-23T04:07:29.087+0000][1756.828s][gc,heap     ] GC(369) Old regions: 389->397
[2026-05-23T04:07:29.087+0000][1756.828s][gc,heap     ] GC(369) Archive regions: 2->2
[2026-05-23T04:07:29.087+0000][1756.828s][gc,heap     ] GC(369) Humongous regions: 1->1
[2026-05-23T04:07:29.087+0000][1756.828s][gc,metaspace] GC(369) Metaspace: 46215K(46784K)->46215K(46784K) NonClass: 40939K(41216K)->40939K(41216K) Class: 5275K(5568K)->5275K(5568K)
[2026-05-23T04:07:29.087+0000][1756.828s][gc          ] GC(369) Pause Young (Normal) (G1 Evacuation Pause) 7446M->6538M(24048M) 390.670ms
[2026-05-23T04:07:29.087+0000][1756.828s][gc,cpu      ] GC(369) User=1.54s Sys=0.01s Real=0.39s
[2026-05-23T04:07:38.076+0000][1765.817s][gc,start    ] GC(370) Pause Young (Normal) (G1 Evacuation Pause)
[2026-05-23T04:07:38.076+0000][1765.817s][gc,task     ] GC(370) Using 4 workers of 4 for evacuation
[2026-05-23T04:07:38.286+0000][1766.027s][gc,mmu      ] GC(370) MMU target violated: 201.0ms (200.0ms/201.0ms)
[2026-05-23T04:07:38.286+0000][1766.027s][gc,phases   ] GC(370)   Pre Evacuate Collection Set: 0.18ms
[2026-05-23T04:07:38.286+0000][1766.027s][gc,phases   ] GC(370)   Merge Heap Roots: 0.21ms
[2026-05-23T04:07:38.286+0000][1766.027s][gc,phases   ] GC(370)   Evacuate Collection Set: 208.17ms
[2026-05-23T04:07:38.286+0000][1766.027s][gc,phases   ] GC(370)   Post Evacuate Collection Set: 0.55ms
[2026-05-23T04:07:38.286+0000][1766.027s][gc,phases   ] GC(370)   Other: 0.20ms
[2026-05-23T04:07:38.286+0000][1766.027s][gc,heap     ] GC(370) Eden regions: 65->0(66)
[2026-05-23T04:07:38.286+0000][1766.027s][gc,heap     ] GC(370) Survivor regions: 10->9(10)
[2026-05-23T04:07:38.286+0000][1766.027s][gc,heap     ] GC(370) Old regions: 397->401
[2026-05-23T04:07:38.286+0000][1766.027s][gc,heap     ] GC(370) Archive regions: 2->2
[2026-05-23T04:07:38.286+0000][1766.027s][gc,heap     ] GC(370) Humongous regions: 1->1
[2026-05-23T04:07:38.286+0000][1766.027s][gc,metaspace] GC(370) Metaspace: 46228K(46848K)->46228K(46848K) NonClass: 40950K(41280K)->40950K(41280K) Class: 5277K(5568K)->5277K(5568K)
[2026-05-23T04:07:38.286+0000][1766.027s][gc          ] GC(370) Pause Young (Normal) (G1 Evacuation Pause) 7578M->6581M(24048M) 209.362ms
[2026-05-23T04:07:38.286+0000][1766.027s][gc,cpu      ] GC(370) User=0.82s Sys=0.00s Real=0.21s
[2026-05-23T04:07:43.650+0000][1771.391s][gc,start    ] GC(371) Pause Young (Normal) (G1 Evacuation Pause)
[2026-05-23T04:07:43.650+0000][1771.391s][gc,task     ] GC(371) Using 4 workers of 4 for evacuation
[2026-05-23T04:07:43.975+0000][1771.716s][gc,mmu      ] GC(371) MMU target violated: 201.0ms (200.0ms/201.0ms)
[2026-05-23T04:07:43.975+0000][1771.716s][gc,phases   ] GC(371)   Pre Evacuate Collection Set: 0.12ms
[2026-05-23T04:07:43.975+0000][1771.716s][gc,phases   ] GC(371)   Merge Heap Roots: 0.39ms
[2026-05-23T04:07:43.975+0000][1771.716s][gc,phases   ] GC(371)   Evacuate Collection Set: 324.08ms
[2026-05-23T04:07:43.975+0000][1771.716s][gc,phases   ] GC(371)   Post Evacuate Collection Set: 0.47ms
[2026-05-23T04:07:43.975+0000][1771.716s][gc,phases   ] GC(371)   Other: 0.17ms
[2026-05-23T04:07:43.975+0000][1771.716s][gc,heap     ] GC(371) Eden regions: 66->0(65)
[2026-05-23T04:07:43.975+0000][1771.716s][gc,heap     ] GC(371) Survivor regions: 9->10(10)
[2026-05-23T04:07:43.975+0000][1771.716s][gc,heap     ] GC(371) Old regions: 401->403
[2026-05-23T04:07:43.975+0000][1771.716s][gc,heap     ] GC(371) Archive regions: 2->2
[2026-05-23T04:07:43.975+0000][1771.716s][gc,heap     ] GC(371) Humongous regions: 1->1
[2026-05-23T04:07:43.975+0000][1771.716s][gc,metaspace] GC(371) Metaspace: 46237K(46848K)->46237K(46848K) NonClass: 40958K(41280K)->40958K(41280K) Class: 5278K(5568K)->5278K(5568K)
[2026-05-23T04:07:43.975+0000][1771.716s][gc          ] GC(371) Pause Young (Normal) (G1 Evacuation Pause) 7637M->6636M(24048M) 325.291ms
[2026-05-23T04:07:43.975+0000][1771.716s][gc,cpu      ] GC(371) User=1.29s Sys=0.00s Real=0.32s
[2026-05-23T04:07:49.171+0000][1776.912s][gc,start    ] GC(372) Pause Young (Normal) (G1 Evacuation Pause)
[2026-05-23T04:07:49.171+0000][1776.912s][gc,task     ] GC(372) Using 4 workers of 4 for evacuation
[2026-05-23T04:07:49.342+0000][1777.084s][gc,phases   ] GC(372)   Pre Evacuate Collection Set: 0.12ms
[2026-05-23T04:07:49.343+0000][1777.084s][gc,phases   ] GC(372)   Merge Heap Roots: 0.20ms
[2026-05-23T04:07:49.343+0000][1777.084s][gc,phases   ] GC(372)   Evacuate Collection Set: 170.43ms
[2026-05-23T04:07:49.343+0000][1777.084s][gc,phases   ] GC(372)   Post Evacuate Collection Set: 0.50ms
[2026-05-23T04:07:49.343+0000][1777.084s][gc,phases   ] GC(372)   Other: 0.11ms
[2026-05-23T04:07:49.343+0000][1777.084s][gc,heap     ] GC(372) Eden regions: 65->0(65)
[2026-05-23T04:07:49.343+0000][1777.084s][gc,heap     ] GC(372) Survivor regions: 10->10(10)
[2026-05-23T04:07:49.343+0000][1777.084s][gc,heap     ] GC(372) Old regions: 403->405
[2026-05-23T04:07:49.343+0000][1777.084s][gc,heap     ] GC(372) Archive regions: 2->2
[2026-05-23T04:07:49.343+0000][1777.084s][gc,heap     ] GC(372) Humongous regions: 1->1
[2026-05-23T04:07:49.343+0000][1777.084s][gc,metaspace] GC(372) Metaspace: 46242K(46848K)->46242K(46848K) NonClass: 40963K(41280K)->40963K(41280K) Class: 5278K(5568K)->5278K(5568K)
[2026-05-23T04:07:49.343+0000][1777.084s][gc          ] GC(372) Pause Young (Normal) (G1 Evacuation Pause) 7676M->6671M(24048M) 171.471ms
[2026-05-23T04:07:49.343+0000][1777.084s][gc,cpu      ] GC(372) User=0.68s Sys=0.00s Real=0.17s
[2026-05-23T04:07:54.077+0000][1781.818s][gc,start    ] GC(373) Pause Young (Normal) (G1 Evacuation Pause)
[2026-05-23T04:07:54.077+0000][1781.819s][gc,task     ] GC(373) Using 4 workers of 4 for evacuation
[2026-05-23T04:07:54.237+0000][1781.978s][gc,phases   ] GC(373)   Pre Evacuate Collection Set: 0.13ms
[2026-05-23T04:07:54.237+0000][1781.978s][gc,phases   ] GC(373)   Merge Heap Roots: 0.22ms
[2026-05-23T04:07:54.237+0000][1781.978s][gc,phases   ] GC(373)   Evacuate Collection Set: 158.38ms
[2026-05-23T04:07:54.237+0000][1781.978s][gc,phases   ] GC(373)   Post Evacuate Collection Set: 0.54ms
[2026-05-23T04:07:54.237+0000][1781.978s][gc,phases   ] GC(373)   Other: 0.13ms
[2026-05-23T04:07:54.237+0000][1781.978s][gc,heap     ] GC(373) Eden regions: 65->0(66)
[2026-05-23T04:07:54.237+0000][1781.978s][gc,heap     ] GC(373) Survivor regions: 10->9(10)
[2026-05-23T04:07:54.237+0000][1781.978s][gc,heap     ] GC(373) Old regions: 405->407
[2026-05-23T04:07:54.237+0000][1781.978s][gc,heap     ] GC(373) Archive regions: 2->2
[2026-05-23T04:07:54.237+0000][1781.978s][gc,heap     ] GC(373) Humongous regions: 1->1
[2026-05-23T04:07:54.237+0000][1781.978s][gc,metaspace] GC(373) Metaspace: 46242K(46848K)->46242K(46848K) NonClass: 40963K(41280K)->40963K(41280K) Class: 5278K(5568K)->5278K(5568K)
[2026-05-23T04:07:54.237+0000][1781.978s][gc          ] GC(373) Pause Young (Normal) (G1 Evacuation Pause) 7711M->6687M(24048M) 159.503ms
[2026-05-23T04:07:54.237+0000][1781.978s][gc,cpu      ] GC(373) User=0.63s Sys=0.01s Real=0.16s
[2026-05-23T04:07:59.278+0000][1787.019s][gc,start    ] GC(374) Pause Young (Normal) (G1 Evacuation Pause)
[2026-05-23T04:07:59.278+0000][1787.019s][gc,task     ] GC(374) Using 4 workers of 4 for evacuation
[2026-05-23T04:07:59.556+0000][1787.297s][gc,mmu      ] GC(374) MMU target violated: 201.0ms (200.0ms/201.0ms)
[2026-05-23T04:07:59.556+0000][1787.297s][gc,phases   ] GC(374)   Pre Evacuate Collection Set: 0.13ms
[2026-05-23T04:07:59.556+0000][1787.297s][gc,phases   ] GC(374)   Merge Heap Roots: 0.22ms
[2026-05-23T04:07:59.556+0000][1787.297s][gc,phases   ] GC(374)   Evacuate Collection Set: 276.82ms
[2026-05-23T04:07:59.556+0000][1787.297s][gc,phases   ] GC(374)   Post Evacuate Collection Set: 0.77ms
[2026-05-23T04:07:59.556+0000][1787.297s][gc,phases   ] GC(374)   Other: 0.15ms
[2026-05-23T04:07:59.556+0000][1787.297s][gc,heap     ] GC(374) Eden regions: 66->0(65)
[2026-05-23T04:07:59.556+0000][1787.297s][gc,heap     ] GC(374) Survivor regions: 9->10(10)
[2026-05-23T04:07:59.556+0000][1787.297s][gc,heap     ] GC(374) Old regions: 407->414
[2026-05-23T04:07:59.556+0000][1787.297s][gc,heap     ] GC(374) Archive regions: 2->2
[2026-05-23T04:07:59.556+0000][1787.297s][gc,heap     ] GC(374) Humongous regions: 1->1
[2026-05-23T04:07:59.556+0000][1787.297s][gc,metaspace] GC(374) Metaspace: 46248K(46848K)->46248K(46848K) NonClass: 40969K(41280K)->40969K(41280K) Class: 5278K(5568K)->5278K(5568K)
[2026-05-23T04:07:59.556+0000][1787.297s][gc          ] GC(374) Pause Young (Normal) (G1 Evacuation Pause) 7743M->6814M(24048M) 278.140ms
[2026-05-23T04:07:59.556+0000][1787.297s][gc,cpu      ] GC(374) User=1.10s Sys=0.00s Real=0.28s
[2026-05-23T04:08:01.799+0000][1789.540s][gc,start    ] GC(375) Pause Young (Normal) (G1 Evacuation Pause)
[2026-05-23T04:08:01.799+0000][1789.540s][gc,task     ] GC(375) Using 4 workers of 4 for evacuation
[2026-05-23T04:08:02.126+0000][1789.867s][gc,mmu      ] GC(375) MMU target violated: 201.0ms (200.0ms/201.0ms)
[2026-05-23T04:08:02.126+0000][1789.867s][gc,phases   ] GC(375)   Pre Evacuate Collection Set: 0.11ms
[2026-05-23T04:08:02.126+0000][1789.867s][gc,phases   ] GC(375)   Merge Heap Roots: 1.33ms
[2026-05-23T04:08:02.126+0000][1789.867s][gc,phases   ] GC(375)   Evacuate Collection Set: 324.46ms
[2026-05-23T04:08:02.126+0000][1789.867s][gc,phases   ] GC(375)   Post Evacuate Collection Set: 1.01ms
[2026-05-23T04:08:02.126+0000][1789.867s][gc,phases   ] GC(375)   Other: 0.20ms
[2026-05-23T04:08:02.126+0000][1789.867s][gc,heap     ] GC(375) Eden regions: 65->0(65)
[2026-05-23T04:08:02.126+0000][1789.867s][gc,heap     ] GC(375) Survivor regions: 10->10(10)
[2026-05-23T04:08:02.126+0000][1789.867s][gc,heap     ] GC(375) Old regions: 414->425
[2026-05-23T04:08:02.126+0000][1789.867s][gc,heap     ] GC(375) Archive regions: 2->2
[2026-05-23T04:08:02.126+0000][1789.867s][gc,heap     ] GC(375) Humongous regions: 1->1
[2026-05-23T04:08:02.126+0000][1789.867s][gc,metaspace] GC(375) Metaspace: 46250K(46848K)->46250K(46848K) NonClass: 40971K(41280K)->40971K(41280K) Class: 5279K(5568K)->5279K(5568K)
[2026-05-23T04:08:02.126+0000][1789.867s][gc          ] GC(375) Pause Young (Normal) (G1 Evacuation Pause) 7854M->6984M(24048M) 327.172ms
[2026-05-23T04:08:02.126+0000][1789.867s][gc,cpu      ] GC(375) User=1.30s Sys=0.00s Real=0.32s
[2026-05-23T04:08:04.160+0000][1791.901s][gc,start    ] GC(376) Pause Young (Normal) (G1 Evacuation Pause)
[2026-05-23T04:08:04.160+0000][1791.901s][gc,task     ] GC(376) Using 4 workers of 4 for evacuation
[2026-05-23T04:08:04.434+0000][1792.175s][gc,mmu      ] GC(376) MMU target violated: 201.0ms (200.0ms/201.0ms)
[2026-05-23T04:08:04.434+0000][1792.175s][gc,phases   ] GC(376)   Pre Evacuate Collection Set: 0.12ms
[2026-05-23T04:08:04.434+0000][1792.175s][gc,phases   ] GC(376)   Merge Heap Roots: 2.02ms
[2026-05-23T04:08:04.434+0000][1792.175s][gc,phases   ] GC(376)   Evacuate Collection Set: 270.97ms
[2026-05-23T04:08:04.434+0000][1792.175s][gc,phases   ] GC(376)   Post Evacuate Collection Set: 0.99ms
[2026-05-23T04:08:04.434+0000][1792.175s][gc,phases   ] GC(376)   Other: 0.17ms
[2026-05-23T04:08:04.434+0000][1792.175s][gc,heap     ] GC(376) Eden regions: 65->0(67)
[2026-05-23T04:08:04.434+0000][1792.175s][gc,heap     ] GC(376) Survivor regions: 10->8(10)
[2026-05-23T04:08:04.434+0000][1792.175s][gc,heap     ] GC(376) Old regions: 425->434
[2026-05-23T04:08:04.434+0000][1792.175s][gc,heap     ] GC(376) Archive regions: 2->2
[2026-05-23T04:08:04.434+0000][1792.175s][gc,heap     ] GC(376) Humongous regions: 1->1
[2026-05-23T04:08:04.434+0000][1792.175s][gc,metaspace] GC(376) Metaspace: 46250K(46848K)->46250K(46848K) NonClass: 40971K(41280K)->40971K(41280K) Class: 5279K(5568K)->5279K(5568K)
[2026-05-23T04:08:04.434+0000][1792.175s][gc          ] GC(376) Pause Young (Normal) (G1 Evacuation Pause) 8024M->7103M(24048M) 274.341ms
[2026-05-23T04:08:04.434+0000][1792.175s][gc,cpu      ] GC(376) User=1.09s Sys=0.00s Real=0.27s
[2026-05-23T04:08:09.976+0000][1797.717s][gc,start    ] GC(377) Pause Young (Normal) (G1 Evacuation Pause)
[2026-05-23T04:08:09.976+0000][1797.718s][gc,task     ] GC(377) Using 4 workers of 4 for evacuation
[2026-05-23T04:08:10.250+0000][1797.991s][gc,mmu      ] GC(377) MMU target violated: 201.0ms (200.0ms/201.0ms)
[2026-05-23T04:08:10.250+0000][1797.992s][gc,phases   ] GC(377)   Pre Evacuate Collection Set: 0.14ms
[2026-05-23T04:08:10.250+0000][1797.992s][gc,phases   ] GC(377)   Merge Heap Roots: 3.40ms
[2026-05-23T04:08:10.250+0000][1797.992s][gc,phases   ] GC(377)   Evacuate Collection Set: 268.95ms
[2026-05-23T04:08:10.250+0000][1797.992s][gc,phases   ] GC(377)   Post Evacuate Collection Set: 1.38ms
[2026-05-23T04:08:10.250+0000][1797.992s][gc,phases   ] GC(377)   Other: 0.17ms
[2026-05-23T04:08:10.250+0000][1797.992s][gc,heap     ] GC(377) Eden regions: 67->0(66)
[2026-05-23T04:08:10.250+0000][1797.992s][gc,heap     ] GC(377) Survivor regions: 8->9(10)
[2026-05-23T04:08:10.250+0000][1797.992s][gc,heap     ] GC(377) Old regions: 434->440
[2026-05-23T04:08:10.250+0000][1797.992s][gc,heap     ] GC(377) Archive regions: 2->2
[2026-05-23T04:08:10.250+0000][1797.992s][gc,heap     ] GC(377) Humongous regions: 1->1
[2026-05-23T04:08:10.250+0000][1797.992s][gc,metaspace] GC(377) Metaspace: 46250K(46848K)->46250K(46848K) NonClass: 40971K(41280K)->40971K(41280K) Class: 5279K(5568K)->5279K(5568K)
[2026-05-23T04:08:10.251+0000][1797.992s][gc          ] GC(377) Pause Young (Normal) (G1 Evacuation Pause) 8175M->7215M(24048M) 274.096ms
[2026-05-23T04:08:10.251+0000][1797.992s][gc,cpu      ] GC(377) User=1.08s Sys=0.00s Real=0.28s
[2026-05-23T04:08:22.551+0000][1810.292s][gc,start    ] GC(378) Pause Young (Normal) (G1 Evacuation Pause)
[2026-05-23T04:08:22.551+0000][1810.292s][gc,task     ] GC(378) Using 4 workers of 4 for evacuation
[2026-05-23T04:08:22.828+0000][1810.569s][gc,mmu      ] GC(378) MMU target violated: 201.0ms (200.0ms/201.0ms)
[2026-05-23T04:08:22.828+0000][1810.569s][gc,phases   ] GC(378)   Pre Evacuate Collection Set: 0.18ms
[2026-05-23T04:08:22.828+0000][1810.569s][gc,phases   ] GC(378)   Merge Heap Roots: 3.97ms
[2026-05-23T04:08:22.828+0000][1810.569s][gc,phases   ] GC(378)   Evacuate Collection Set: 271.64ms
[2026-05-23T04:08:22.828+0000][1810.569s][gc,phases   ] GC(378)   Post Evacuate Collection Set: 0.98ms
[2026-05-23T04:08:22.828+0000][1810.569s][gc,phases   ] GC(378)   Other: 0.15ms
[2026-05-23T04:08:22.828+0000][1810.569s][gc,heap     ] GC(378) Eden regions: 66->0(67)
[2026-05-23T04:08:22.828+0000][1810.569s][gc,heap     ] GC(378) Survivor regions: 9->8(10)
[2026-05-23T04:08:22.828+0000][1810.569s][gc,heap     ] GC(378) Old regions: 440->446
[2026-05-23T04:08:22.828+0000][1810.569s][gc,heap     ] GC(378) Archive regions: 2->2
[2026-05-23T04:08:22.828+0000][1810.569s][gc,heap     ] GC(378) Humongous regions: 1->1
[2026-05-23T04:08:22.828+0000][1810.569s][gc,metaspace] GC(378) Metaspace: 46253K(46848K)->46253K(46848K) NonClass: 40974K(41280K)->40974K(41280K) Class: 5279K(5568K)->5279K(5568K)
[2026-05-23T04:08:22.828+0000][1810.569s][gc          ] GC(378) Pause Young (Normal) (G1 Evacuation Pause) 8271M->7292M(24048M) 276.977ms
[2026-05-23T04:08:22.828+0000][1810.569s][gc,cpu      ] GC(378) User=1.09s Sys=0.00s Real=0.27s
[2026-05-23T04:08:25.579+0000][1813.320s][gc,start    ] GC(379) Pause Young (Normal) (G1 Evacuation Pause)
[2026-05-23T04:08:25.579+0000][1813.320s][gc,task     ] GC(379) Using 4 workers of 4 for evacuation
[2026-05-23T04:08:25.865+0000][1813.607s][gc,mmu      ] GC(379) MMU target violated: 201.0ms (200.0ms/201.0ms)
[2026-05-23T04:08:25.866+0000][1813.607s][gc,phases   ] GC(379)   Pre Evacuate Collection Set: 0.18ms
[2026-05-23T04:08:25.866+0000][1813.607s][gc,phases   ] GC(379)   Merge Heap Roots: 3.31ms
[2026-05-23T04:08:25.866+0000][1813.607s][gc,phases   ] GC(379)   Evacuate Collection Set: 282.16ms
[2026-05-23T04:08:25.866+0000][1813.607s][gc,phases   ] GC(379)   Post Evacuate Collection Set: 0.51ms
[2026-05-23T04:08:25.866+0000][1813.607s][gc,phases   ] GC(379)   Other: 0.17ms
[2026-05-23T04:08:25.866+0000][1813.607s][gc,heap     ] GC(379) Eden regions: 67->0(65)
[2026-05-23T04:08:25.866+0000][1813.607s][gc,heap     ] GC(379) Survivor regions: 8->10(10)
[2026-05-23T04:08:25.866+0000][1813.607s][gc,heap     ] GC(379) Old regions: 446->450
[2026-05-23T04:08:25.866+0000][1813.607s][gc,heap     ] GC(379) Archive regions: 2->2
[2026-05-23T04:08:25.866+0000][1813.607s][gc,heap     ] GC(379) Humongous regions: 1->1
[2026-05-23T04:08:25.866+0000][1813.607s][gc,metaspace] GC(379) Metaspace: 46261K(46848K)->46261K(46848K) NonClass: 40982K(41280K)->40982K(41280K) Class: 5279K(5568K)->5279K(5568K)
[2026-05-23T04:08:25.866+0000][1813.607s][gc          ] GC(379) Pause Young (Normal) (G1 Evacuation Pause) 8364M->7389M(24048M) 286.410ms
[2026-05-23T04:08:25.866+0000][1813.607s][gc,cpu      ] GC(379) User=1.13s Sys=0.00s Real=0.28s
[2026-05-23T04:08:33.558+0000][1821.300s][gc,start    ] GC(380) Pause Young (Normal) (G1 Evacuation Pause)
[2026-05-23T04:08:33.558+0000][1821.300s][gc,task     ] GC(380) Using 4 workers of 4 for evacuation
[2026-05-23T04:08:33.677+0000][1821.418s][gc,phases   ] GC(380)   Pre Evacuate Collection Set: 0.14ms
[2026-05-23T04:08:33.677+0000][1821.418s][gc,phases   ] GC(380)   Merge Heap Roots: 0.36ms
[2026-05-23T04:08:33.677+0000][1821.418s][gc,phases   ] GC(380)   Evacuate Collection Set: 117.18ms
[2026-05-23T04:08:33.677+0000][1821.418s][gc,phases   ] GC(380)   Post Evacuate Collection Set: 0.61ms
[2026-05-23T04:08:33.677+0000][1821.418s][gc,phases   ] GC(380)   Other: 0.10ms
[2026-05-23T04:08:33.677+0000][1821.418s][gc,heap     ] GC(380) Eden regions: 65->0(71)
[2026-05-23T04:08:33.677+0000][1821.418s][gc,heap     ] GC(380) Survivor regions: 10->4(10)
[2026-05-23T04:08:33.677+0000][1821.418s][gc,heap     ] GC(380) Old regions: 450->452
[2026-05-23T04:08:33.677+0000][1821.418s][gc,heap     ] GC(380) Archive regions: 2->2
[2026-05-23T04:08:33.677+0000][1821.418s][gc,heap     ] GC(380) Humongous regions: 1->1
[2026-05-23T04:08:33.677+0000][1821.418s][gc,metaspace] GC(380) Metaspace: 46264K(46848K)->46264K(46848K) NonClass: 40985K(41280K)->40985K(41280K) Class: 5279K(5568K)->5279K(5568K)
[2026-05-23T04:08:33.677+0000][1821.418s][gc          ] GC(380) Pause Young (Normal) (G1 Evacuation Pause) 8429M->7327M(24048M) 118.471ms
[2026-05-23T04:08:33.677+0000][1821.418s][gc,cpu      ] GC(380) User=0.45s Sys=0.00s Real=0.12s
[2026-05-23T04:08:36.363+0000][1824.105s][gc,start    ] GC(381) Pause Young (Normal) (G1 Evacuation Pause)
[2026-05-23T04:08:36.364+0000][1824.105s][gc,task     ] GC(381) Using 4 workers of 4 for evacuation
[2026-05-23T04:08:36.718+0000][1824.459s][gc,mmu      ] GC(381) MMU target violated: 201.0ms (200.0ms/201.0ms)
[2026-05-23T04:08:36.718+0000][1824.459s][gc,phases   ] GC(381)   Pre Evacuate Collection Set: 0.11ms
[2026-05-23T04:08:36.718+0000][1824.459s][gc,phases   ] GC(381)   Merge Heap Roots: 0.32ms
[2026-05-23T04:08:36.718+0000][1824.459s][gc,phases   ] GC(381)   Evacuate Collection Set: 353.28ms
[2026-05-23T04:08:36.718+0000][1824.459s][gc,phases   ] GC(381)   Post Evacuate Collection Set: 0.71ms
[2026-05-23T04:08:36.718+0000][1824.459s][gc,phases   ] GC(381)   Other: 0.17ms
[2026-05-23T04:08:36.718+0000][1824.459s][gc,heap     ] GC(381) Eden regions: 71->0(65)
[2026-05-23T04:08:36.718+0000][1824.459s][gc,heap     ] GC(381) Survivor regions: 4->10(10)
[2026-05-23T04:08:36.718+0000][1824.459s][gc,heap     ] GC(381) Old regions: 452->460
[2026-05-23T04:08:36.718+0000][1824.459s][gc,heap     ] GC(381) Archive regions: 2->2
[2026-05-23T04:08:36.718+0000][1824.459s][gc,heap     ] GC(381) Humongous regions: 1->1
[2026-05-23T04:08:36.718+0000][1824.459s][gc,metaspace] GC(381) Metaspace: 46264K(46848K)->46264K(46848K) NonClass: 40985K(41280K)->40985K(41280K) Class: 5279K(5568K)->5279K(5568K)
[2026-05-23T04:08:36.718+0000][1824.459s][gc          ] GC(381) Pause Young (Normal) (G1 Evacuation Pause) 8463M->7541M(24048M) 354.645ms
[2026-05-23T04:08:36.718+0000][1824.459s][gc,cpu      ] GC(381) User=1.39s Sys=0.01s Real=0.35s
[2026-05-23T04:08:44.907+0000][1832.648s][gc,start    ] GC(382) Pause Young (Normal) (G1 Evacuation Pause)
[2026-05-23T04:08:44.907+0000][1832.648s][gc,task     ] GC(382) Using 4 workers of 4 for evacuation
[2026-05-23T04:08:45.083+0000][1832.824s][gc,phases   ] GC(382)   Pre Evacuate Collection Set: 0.12ms
[2026-05-23T04:08:45.083+0000][1832.824s][gc,phases   ] GC(382)   Merge Heap Roots: 2.00ms
[2026-05-23T04:08:45.083+0000][1832.824s][gc,phases   ] GC(382)   Evacuate Collection Set: 172.69ms
[2026-05-23T04:08:45.083+0000][1832.824s][gc,phases   ] GC(382)   Post Evacuate Collection Set: 0.89ms
[2026-05-23T04:08:45.083+0000][1832.824s][gc,phases   ] GC(382)   Other: 0.11ms
[2026-05-23T04:08:45.083+0000][1832.824s][gc,heap     ] GC(382) Eden regions: 65->0(69)
[2026-05-23T04:08:45.083+0000][1832.824s][gc,heap     ] GC(382) Survivor regions: 10->6(10)
[2026-05-23T04:08:45.083+0000][1832.824s][gc,heap     ] GC(382) Old regions: 460->464
[2026-05-23T04:08:45.083+0000][1832.824s][gc,heap     ] GC(382) Archive regions: 2->2
[2026-05-23T04:08:45.083+0000][1832.824s][gc,heap     ] GC(382) Humongous regions: 1->1
[2026-05-23T04:08:45.083+0000][1832.824s][gc,metaspace] GC(382) Metaspace: 46264K(46848K)->46264K(46848K) NonClass: 40985K(41280K)->40985K(41280K) Class: 5279K(5568K)->5279K(5568K)
[2026-05-23T04:08:45.083+0000][1832.824s][gc          ] GC(382) Pause Young (Normal) (G1 Evacuation Pause) 8581M->7549M(24048M) 175.898ms
[2026-05-23T04:08:45.083+0000][1832.824s][gc,cpu      ] GC(382) User=0.69s Sys=0.00s Real=0.18s
[2026-05-23T04:08:48.599+0000][1836.340s][gc,start    ] GC(383) Pause Young (Normal) (G1 Evacuation Pause)
[2026-05-23T04:08:48.599+0000][1836.340s][gc,task     ] GC(383) Using 4 workers of 4 for evacuation
[2026-05-23T04:08:48.755+0000][1836.496s][gc,phases   ] GC(383)   Pre Evacuate Collection Set: 0.12ms
[2026-05-23T04:08:48.755+0000][1836.496s][gc,phases   ] GC(383)   Merge Heap Roots: 0.91ms
[2026-05-23T04:08:48.755+0000][1836.496s][gc,phases   ] GC(383)   Evacuate Collection Set: 154.47ms
[2026-05-23T04:08:48.755+0000][1836.496s][gc,phases   ] GC(383)   Post Evacuate Collection Set: 0.49ms
[2026-05-23T04:08:48.755+0000][1836.497s][gc,phases   ] GC(383)   Other: 0.13ms
[2026-05-23T04:08:48.755+0000][1836.497s][gc,heap     ] GC(383) Eden regions: 69->0(68)
[2026-05-23T04:08:48.755+0000][1836.497s][gc,heap     ] GC(383) Survivor regions: 6->7(10)
[2026-05-23T04:08:48.755+0000][1836.497s][gc,heap     ] GC(383) Old regions: 464->466
[2026-05-23T04:08:48.755+0000][1836.497s][gc,heap     ] GC(383) Archive regions: 2->2
[2026-05-23T04:08:48.755+0000][1836.497s][gc,heap     ] GC(383) Humongous regions: 1->1
[2026-05-23T04:08:48.755+0000][1836.497s][gc,metaspace] GC(383) Metaspace: 46266K(46848K)->46266K(46848K) NonClass: 40986K(41280K)->40986K(41280K) Class: 5279K(5568K)->5279K(5568K)
[2026-05-23T04:08:48.755+0000][1836.497s][gc          ] GC(383) Pause Young (Normal) (G1 Evacuation Pause) 8653M->7597M(24048M) 156.210ms
[2026-05-23T04:08:48.755+0000][1836.497s][gc,cpu      ] GC(383) User=0.62s Sys=0.00s Real=0.15s
[2026-05-23T04:08:54.477+0000][1842.218s][gc,start    ] GC(384) Pause Young (Normal) (G1 Evacuation Pause)
[2026-05-23T04:08:54.477+0000][1842.218s][gc,task     ] GC(384) Using 4 workers of 4 for evacuation
[2026-05-23T04:08:54.675+0000][1842.416s][gc,phases   ] GC(384)   Pre Evacuate Collection Set: 0.17ms
[2026-05-23T04:08:54.675+0000][1842.417s][gc,phases   ] GC(384)   Merge Heap Roots: 0.31ms
[2026-05-23T04:08:54.675+0000][1842.417s][gc,phases   ] GC(384)   Evacuate Collection Set: 197.66ms
[2026-05-23T04:08:54.675+0000][1842.417s][gc,phases   ] GC(384)   Post Evacuate Collection Set: 0.63ms
[2026-05-23T04:08:54.675+0000][1842.417s][gc,phases   ] GC(384)   Other: 0.15ms
[2026-05-23T04:08:54.675+0000][1842.417s][gc,heap     ] GC(384) Eden regions: 68->0(65)
[2026-05-23T04:08:54.675+0000][1842.417s][gc,heap     ] GC(384) Survivor regions: 7->10(10)
[2026-05-23T04:08:54.675+0000][1842.417s][gc,heap     ] GC(384) Old regions: 466->469
[2026-05-23T04:08:54.675+0000][1842.417s][gc,heap     ] GC(384) Archive regions: 2->2
[2026-05-23T04:08:54.676+0000][1842.417s][gc,heap     ] GC(384) Humongous regions: 1->1
[2026-05-23T04:08:54.676+0000][1842.417s][gc,metaspace] GC(384) Metaspace: 46268K(46848K)->46268K(46848K) NonClass: 40988K(41280K)->40988K(41280K) Class: 5279K(5568K)->5279K(5568K)
[2026-05-23T04:08:54.676+0000][1842.417s][gc          ] GC(384) Pause Young (Normal) (G1 Evacuation Pause) 8685M->7692M(24048M) 199.029ms
[2026-05-23T04:08:54.676+0000][1842.417s][gc,cpu      ] GC(384) User=0.77s Sys=0.00s Real=0.20s
[2026-05-23T04:08:59.309+0000][1847.050s][gc,start    ] GC(385) Pause Young (Normal) (G1 Evacuation Pause)
[2026-05-23T04:08:59.309+0000][1847.050s][gc,task     ] GC(385) Using 4 workers of 4 for evacuation
[2026-05-23T04:08:59.520+0000][1847.261s][gc,mmu      ] GC(385) MMU target violated: 201.0ms (200.0ms/201.0ms)
[2026-05-23T04:08:59.520+0000][1847.261s][gc,phases   ] GC(385)   Pre Evacuate Collection Set: 0.13ms
[2026-05-23T04:08:59.520+0000][1847.261s][gc,phases   ] GC(385)   Merge Heap Roots: 0.70ms
[2026-05-23T04:08:59.520+0000][1847.261s][gc,phases   ] GC(385)   Evacuate Collection Set: 209.57ms
[2026-05-23T04:08:59.520+0000][1847.261s][gc,phases   ] GC(385)   Post Evacuate Collection Set: 0.58ms
[2026-05-23T04:08:59.520+0000][1847.261s][gc,phases   ] GC(385)   Other: 0.19ms
[2026-05-23T04:08:59.520+0000][1847.261s][gc,heap     ] GC(385) Eden regions: 65->0(65)
[2026-05-23T04:08:59.520+0000][1847.261s][gc,heap     ] GC(385) Survivor regions: 10->10(10)
[2026-05-23T04:08:59.520+0000][1847.261s][gc,heap     ] GC(385) Old regions: 469->473
[2026-05-23T04:08:59.520+0000][1847.261s][gc,heap     ] GC(385) Archive regions: 2->2
[2026-05-23T04:08:59.520+0000][1847.261s][gc,heap     ] GC(385) Humongous regions: 1->1
[2026-05-23T04:08:59.520+0000][1847.261s][gc,metaspace] GC(385) Metaspace: 46268K(46848K)->46268K(46848K) NonClass: 40988K(41280K)->40988K(41280K) Class: 5279K(5568K)->5279K(5568K)
[2026-05-23T04:08:59.520+0000][1847.261s][gc          ] GC(385) Pause Young (Normal) (G1 Evacuation Pause) 8732M->7759M(24048M) 211.230ms
[2026-05-23T04:08:59.520+0000][1847.261s][gc,cpu      ] GC(385) User=0.84s Sys=0.00s Real=0.21s
[2026-05-23T04:09:06.768+0000][1854.509s][gc,start    ] GC(386) Pause Young (Normal) (G1 Evacuation Pause)
[2026-05-23T04:09:06.768+0000][1854.509s][gc,task     ] GC(386) Using 4 workers of 4 for evacuation
[2026-05-23T04:09:06.950+0000][1854.691s][gc,phases   ] GC(386)   Pre Evacuate Collection Set: 0.18ms
[2026-05-23T04:09:06.950+0000][1854.691s][gc,phases   ] GC(386)   Merge Heap Roots: 0.68ms
[2026-05-23T04:09:06.950+0000][1854.691s][gc,phases   ] GC(386)   Evacuate Collection Set: 180.90ms
[2026-05-23T04:09:06.950+0000][1854.691s][gc,phases   ] GC(386)   Post Evacuate Collection Set: 0.73ms
[2026-05-23T04:09:06.950+0000][1854.691s][gc,phases   ] GC(386)   Other: 0.10ms
[2026-05-23T04:09:06.950+0000][1854.691s][gc,heap     ] GC(386) Eden regions: 65->0(66)
[2026-05-23T04:09:06.950+0000][1854.691s][gc,heap     ] GC(386) Survivor regions: 10->9(10)
[2026-05-23T04:09:06.950+0000][1854.692s][gc,heap     ] GC(386) Old regions: 473->477
[2026-05-23T04:09:06.950+0000][1854.692s][gc,heap     ] GC(386) Archive regions: 2->2
[2026-05-23T04:09:06.950+0000][1854.692s][gc,heap     ] GC(386) Humongous regions: 1->1
[2026-05-23T04:09:06.950+0000][1854.692s][gc,metaspace] GC(386) Metaspace: 46270K(46848K)->46270K(46848K) NonClass: 40990K(41280K)->40990K(41280K) Class: 5279K(5568K)->5279K(5568K)
[2026-05-23T04:09:06.950+0000][1854.692s][gc          ] GC(386) Pause Young (Normal) (G1 Evacuation Pause) 8799M->7805M(24048M) 182.676ms
[2026-05-23T04:09:06.950+0000][1854.692s][gc,cpu      ] GC(386) User=0.72s Sys=0.00s Real=0.19s
[2026-05-23T04:09:16.090+0000][1863.831s][gc,start    ] GC(387) Pause Young (Normal) (G1 Evacuation Pause)
[2026-05-23T04:09:16.090+0000][1863.831s][gc,task     ] GC(387) Using 4 workers of 4 for evacuation
[2026-05-23T04:09:16.215+0000][1863.956s][gc,phases   ] GC(387)   Pre Evacuate Collection Set: 0.11ms
[2026-05-23T04:09:16.215+0000][1863.956s][gc,phases   ] GC(387)   Merge Heap Roots: 0.81ms
[2026-05-23T04:09:16.215+0000][1863.956s][gc,phases   ] GC(387)   Evacuate Collection Set: 124.00ms
[2026-05-23T04:09:16.215+0000][1863.956s][gc,phases   ] GC(387)   Post Evacuate Collection Set: 0.58ms
[2026-05-23T04:09:16.215+0000][1863.956s][gc,phases   ] GC(387)   Other: 0.12ms
[2026-05-23T04:09:16.215+0000][1863.956s][gc,heap     ] GC(387) Eden regions: 66->0(68)
[2026-05-23T04:09:16.215+0000][1863.956s][gc,heap     ] GC(387) Survivor regions: 9->7(10)
[2026-05-23T04:09:16.215+0000][1863.956s][gc,heap     ] GC(387) Old regions: 477->479
[2026-05-23T04:09:16.215+0000][1863.956s][gc,heap     ] GC(387) Archive regions: 2->2
[2026-05-23T04:09:16.215+0000][1863.956s][gc,heap     ] GC(387) Humongous regions: 1->1
[2026-05-23T04:09:16.215+0000][1863.956s][gc,metaspace] GC(387) Metaspace: 46270K(46848K)->46270K(46848K) NonClass: 40990K(41280K)->40990K(41280K) Class: 5279K(5568K)->5279K(5568K)
[2026-05-23T04:09:16.215+0000][1863.956s][gc          ] GC(387) Pause Young (Normal) (G1 Evacuation Pause) 8861M->7798M(24048M) 125.726ms
[2026-05-23T04:09:16.215+0000][1863.956s][gc,cpu      ] GC(387) User=0.50s Sys=0.00s Real=0.12s
[2026-05-23T04:09:18.703+0000][1866.444s][gc,start    ] GC(388) Pause Young (Normal) (G1 Evacuation Pause)
[2026-05-23T04:09:18.703+0000][1866.444s][gc,task     ] GC(388) Using 4 workers of 4 for evacuation
[2026-05-23T04:09:18.995+0000][1866.736s][gc,mmu      ] GC(388) MMU target violated: 201.0ms (200.0ms/201.0ms)
[2026-05-23T04:09:18.995+0000][1866.736s][gc,phases   ] GC(388)   Pre Evacuate Collection Set: 0.13ms
[2026-05-23T04:09:18.995+0000][1866.736s][gc,phases   ] GC(388)   Merge Heap Roots: 0.39ms
[2026-05-23T04:09:18.995+0000][1866.736s][gc,phases   ] GC(388)   Evacuate Collection Set: 290.91ms
[2026-05-23T04:09:18.995+0000][1866.736s][gc,phases   ] GC(388)   Post Evacuate Collection Set: 0.80ms
[2026-05-23T04:09:18.995+0000][1866.737s][gc,phases   ] GC(388)   Other: 0.18ms
[2026-05-23T04:09:18.995+0000][1866.737s][gc,heap     ] GC(388) Eden regions: 68->0(65)
[2026-05-23T04:09:18.995+0000][1866.737s][gc,heap     ] GC(388) Survivor regions: 7->10(10)
[2026-05-23T04:09:18.995+0000][1866.737s][gc,heap     ] GC(388) Old regions: 479->489
[2026-05-23T04:09:18.995+0000][1866.737s][gc,heap     ] GC(388) Archive regions: 2->2
[2026-05-23T04:09:18.995+0000][1866.737s][gc,heap     ] GC(388) Humongous regions: 1->1
[2026-05-23T04:09:18.995+0000][1866.737s][gc,metaspace] GC(388) Metaspace: 46271K(46848K)->46271K(46848K) NonClass: 40992K(41280K)->40992K(41280K) Class: 5279K(5568K)->5279K(5568K)
[2026-05-23T04:09:18.995+0000][1866.737s][gc          ] GC(388) Pause Young (Normal) (G1 Evacuation Pause) 8886M->8006M(24048M) 292.450ms
[2026-05-23T04:09:18.995+0000][1866.737s][gc,cpu      ] GC(388) User=1.16s Sys=0.00s Real=0.29s
[2026-05-23T04:09:21.045+0000][1868.787s][gc,start    ] GC(389) Pause Young (Normal) (G1 Evacuation Pause)
[2026-05-23T04:09:21.046+0000][1868.787s][gc,task     ] GC(389) Using 4 workers of 4 for evacuation
[2026-05-23T04:09:21.355+0000][1869.097s][gc,mmu      ] GC(389) MMU target violated: 201.0ms (200.0ms/201.0ms)
[2026-05-23T04:09:21.356+0000][1869.097s][gc,phases   ] GC(389)   Pre Evacuate Collection Set: 0.13ms
[2026-05-23T04:09:21.356+0000][1869.097s][gc,phases   ] GC(389)   Merge Heap Roots: 2.13ms
[2026-05-23T04:09:21.356+0000][1869.097s][gc,phases   ] GC(389)   Evacuate Collection Set: 306.50ms
[2026-05-23T04:09:21.356+0000][1869.097s][gc,phases   ] GC(389)   Post Evacuate Collection Set: 1.12ms
[2026-05-23T04:09:21.356+0000][1869.097s][gc,phases   ] GC(389)   Other: 0.23ms
[2026-05-23T04:09:21.356+0000][1869.097s][gc,heap     ] GC(389) Eden regions: 65->0(65)
[2026-05-23T04:09:21.356+0000][1869.097s][gc,heap     ] GC(389) Survivor regions: 10->10(10)
[2026-05-23T04:09:21.356+0000][1869.097s][gc,heap     ] GC(389) Old regions: 489->499
[2026-05-23T04:09:21.356+0000][1869.097s][gc,heap     ] GC(389) Archive regions: 2->2
[2026-05-23T04:09:21.356+0000][1869.097s][gc,heap     ] GC(389) Humongous regions: 1->1
[2026-05-23T04:09:21.356+0000][1869.097s][gc,metaspace] GC(389) Metaspace: 46271K(46848K)->46271K(46848K) NonClass: 40992K(41280K)->40992K(41280K) Class: 5279K(5568K)->5279K(5568K)
[2026-05-23T04:09:21.356+0000][1869.097s][gc          ] GC(389) Pause Young (Normal) (G1 Evacuation Pause) 9046M->8167M(24048M) 310.164ms
[2026-05-23T04:09:21.356+0000][1869.097s][gc,cpu      ] GC(389) User=1.22s Sys=0.00s Real=0.31s
[2026-05-23T04:09:23.258+0000][1871.000s][gc,start    ] GC(390) Pause Young (Normal) (G1 Evacuation Pause)
[2026-05-23T04:09:23.259+0000][1871.000s][gc,task     ] GC(390) Using 4 workers of 4 for evacuation
[2026-05-23T04:09:23.526+0000][1871.267s][gc,mmu      ] GC(390) MMU target violated: 201.0ms (200.0ms/201.0ms)
[2026-05-23T04:09:23.526+0000][1871.267s][gc,phases   ] GC(390)   Pre Evacuate Collection Set: 0.18ms
[2026-05-23T04:09:23.526+0000][1871.267s][gc,phases   ] GC(390)   Merge Heap Roots: 2.20ms
[2026-05-23T04:09:23.526+0000][1871.267s][gc,phases   ] GC(390)   Evacuate Collection Set: 264.32ms
[2026-05-23T04:09:23.526+0000][1871.267s][gc,phases   ] GC(390)   Post Evacuate Collection Set: 1.00ms
[2026-05-23T04:09:23.526+0000][1871.267s][gc,phases   ] GC(390)   Other: 0.19ms
[2026-05-23T04:09:23.526+0000][1871.267s][gc,heap     ] GC(390) Eden regions: 65->0(67)
[2026-05-23T04:09:23.526+0000][1871.267s][gc,heap     ] GC(390) Survivor regions: 10->8(10)
[2026-05-23T04:09:23.526+0000][1871.267s][gc,heap     ] GC(390) Old regions: 499->508
[2026-05-23T04:09:23.526+0000][1871.267s][gc,heap     ] GC(390) Archive regions: 2->2
[2026-05-23T04:09:23.526+0000][1871.267s][gc,heap     ] GC(390) Humongous regions: 1->1
[2026-05-23T04:09:23.526+0000][1871.267s][gc,metaspace] GC(390) Metaspace: 46271K(46848K)->46271K(46848K) NonClass: 40992K(41280K)->40992K(41280K) Class: 5279K(5568K)->5279K(5568K)
[2026-05-23T04:09:23.526+0000][1871.267s][gc          ] GC(390) Pause Young (Normal) (G1 Evacuation Pause) 9207M->8287M(24048M) 267.945ms
[2026-05-23T04:09:23.526+0000][1871.267s][gc,cpu      ] GC(390) User=1.05s Sys=0.00s Real=0.27s
[2026-05-23T04:09:25.399+0000][1873.140s][gc,start    ] GC(391) Pause Young (Normal) (G1 Evacuation Pause)
[2026-05-23T04:09:25.399+0000][1873.140s][gc,task     ] GC(391) Using 4 workers of 4 for evacuation
[2026-05-23T04:09:25.639+0000][1873.380s][gc,mmu      ] GC(391) MMU target violated: 201.0ms (200.0ms/201.0ms)
[2026-05-23T04:09:25.639+0000][1873.380s][gc,phases   ] GC(391)   Pre Evacuate Collection Set: 0.13ms
[2026-05-23T04:09:25.639+0000][1873.380s][gc,phases   ] GC(391)   Merge Heap Roots: 2.00ms
[2026-05-23T04:09:25.639+0000][1873.380s][gc,phases   ] GC(391)   Evacuate Collection Set: 236.48ms
[2026-05-23T04:09:25.639+0000][1873.380s][gc,phases   ] GC(391)   Post Evacuate Collection Set: 0.91ms
[2026-05-23T04:09:25.639+0000][1873.380s][gc,phases   ] GC(391)   Other: 0.16ms
[2026-05-23T04:09:25.639+0000][1873.380s][gc,heap     ] GC(391) Eden regions: 67->0(68)
[2026-05-23T04:09:25.639+0000][1873.380s][gc,heap     ] GC(391) Survivor regions: 8->7(10)
[2026-05-23T04:09:25.639+0000][1873.380s][gc,heap     ] GC(391) Old regions: 508->516
[2026-05-23T04:09:25.639+0000][1873.380s][gc,heap     ] GC(391) Archive regions: 2->2
[2026-05-23T04:09:25.639+0000][1873.380s][gc,heap     ] GC(391) Humongous regions: 1->1
[2026-05-23T04:09:25.639+0000][1873.380s][gc,metaspace] GC(391) Metaspace: 46271K(46848K)->46271K(46848K) NonClass: 40992K(41280K)->40992K(41280K) Class: 5279K(5568K)->5279K(5568K)
[2026-05-23T04:09:25.639+0000][1873.380s][gc          ] GC(391) Pause Young (Normal) (G1 Evacuation Pause) 9359M->8393M(24048M) 239.719ms
[2026-05-23T04:09:25.639+0000][1873.380s][gc,cpu      ] GC(391) User=0.94s Sys=0.01s Real=0.24s
[2026-05-23T04:09:43.373+0000][1891.114s][gc,start    ] GC(392) Pause Young (Normal) (G1 Evacuation Pause)
[2026-05-23T04:09:43.373+0000][1891.114s][gc,task     ] GC(392) Using 4 workers of 4 for evacuation
[2026-05-23T04:09:43.611+0000][1891.352s][gc,mmu      ] GC(392) MMU target violated: 201.0ms (200.0ms/201.0ms)
[2026-05-23T04:09:43.611+0000][1891.352s][gc,phases   ] GC(392)   Pre Evacuate Collection Set: 0.13ms
[2026-05-23T04:09:43.611+0000][1891.352s][gc,phases   ] GC(392)   Merge Heap Roots: 3.25ms
[2026-05-23T04:09:43.611+0000][1891.352s][gc,phases   ] GC(392)   Evacuate Collection Set: 233.81ms
[2026-05-23T04:09:43.611+0000][1891.352s][gc,phases   ] GC(392)   Post Evacuate Collection Set: 1.29ms
[2026-05-23T04:09:43.611+0000][1891.352s][gc,phases   ] GC(392)   Other: 0.17ms
[2026-05-23T04:09:43.611+0000][1891.352s][gc,heap     ] GC(392) Eden regions: 68->0(68)
[2026-05-23T04:09:43.611+0000][1891.352s][gc,heap     ] GC(392) Survivor regions: 7->7(10)
[2026-05-23T04:09:43.611+0000][1891.352s][gc,heap     ] GC(392) Old regions: 516->522
[2026-05-23T04:09:43.611+0000][1891.352s][gc,heap     ] GC(392) Archive regions: 2->2
[2026-05-23T04:09:43.611+0000][1891.352s][gc,heap     ] GC(392) Humongous regions: 2->2
[2026-05-23T04:09:43.611+0000][1891.352s][gc,metaspace] GC(392) Metaspace: 46273K(46848K)->46273K(46848K) NonClass: 40994K(41280K)->40994K(41280K) Class: 5279K(5568K)->5279K(5568K)
[2026-05-23T04:09:43.611+0000][1891.352s][gc          ] GC(392) Pause Young (Normal) (G1 Evacuation Pause) 9497M->8496M(24112M) 238.708ms
[2026-05-23T04:09:43.611+0000][1891.352s][gc,cpu      ] GC(392) User=0.94s Sys=0.00s Real=0.24s
[2026-05-23T04:09:48.337+0000][1896.078s][gc,start    ] GC(393) Pause Young (Normal) (G1 Evacuation Pause)
[2026-05-23T04:09:48.337+0000][1896.078s][gc,task     ] GC(393) Using 4 workers of 4 for evacuation
[2026-05-23T04:09:48.547+0000][1896.289s][gc,mmu      ] GC(393) MMU target violated: 201.0ms (200.0ms/201.0ms)
[2026-05-23T04:09:48.547+0000][1896.289s][gc,phases   ] GC(393)   Pre Evacuate Collection Set: 0.15ms
[2026-05-23T04:09:48.547+0000][1896.289s][gc,phases   ] GC(393)   Merge Heap Roots: 4.93ms
[2026-05-23T04:09:48.547+0000][1896.289s][gc,phases   ] GC(393)   Evacuate Collection Set: 204.48ms
[2026-05-23T04:09:48.547+0000][1896.289s][gc,phases   ] GC(393)   Post Evacuate Collection Set: 0.63ms
[2026-05-23T04:09:48.548+0000][1896.289s][gc,phases   ] GC(393)   Other: 0.17ms
[2026-05-23T04:09:48.548+0000][1896.289s][gc,heap     ] GC(393) Eden regions: 68->0(73)
[2026-05-23T04:09:48.548+0000][1896.289s][gc,heap     ] GC(393) Survivor regions: 7->2(10)
[2026-05-23T04:09:48.548+0000][1896.289s][gc,heap     ] GC(393) Old regions: 522->526
[2026-05-23T04:09:48.548+0000][1896.289s][gc,heap     ] GC(393) Archive regions: 2->2
[2026-05-23T04:09:48.548+0000][1896.289s][gc,heap     ] GC(393) Humongous regions: 2->2
[2026-05-23T04:09:48.548+0000][1896.289s][gc,metaspace] GC(393) Metaspace: 46273K(46848K)->46273K(46848K) NonClass: 40994K(41280K)->40994K(41280K) Class: 5279K(5568K)->5279K(5568K)
[2026-05-23T04:09:48.548+0000][1896.289s][gc          ] GC(393) Pause Young (Normal) (G1 Evacuation Pause) 9584M->8484M(24112M) 210.434ms
[2026-05-23T04:09:48.548+0000][1896.289s][gc,cpu      ] GC(393) User=0.83s Sys=0.00s Real=0.21s
[2026-05-23T04:09:55.962+0000][1903.703s][gc,start    ] GC(394) Pause Young (Normal) (G1 Evacuation Pause)
[2026-05-23T04:09:55.962+0000][1903.704s][gc,task     ] GC(394) Using 4 workers of 4 for evacuation
[2026-05-23T04:09:56.104+0000][1903.845s][gc,phases   ] GC(394)   Pre Evacuate Collection Set: 0.16ms
[2026-05-23T04:09:56.104+0000][1903.845s][gc,phases   ] GC(394)   Merge Heap Roots: 0.25ms
[2026-05-23T04:09:56.104+0000][1903.845s][gc,phases   ] GC(394)   Evacuate Collection Set: 140.47ms
[2026-05-23T04:09:56.104+0000][1903.845s][gc,phases   ] GC(394)   Post Evacuate Collection Set: 0.53ms
[2026-05-23T04:09:56.104+0000][1903.845s][gc,phases   ] GC(394)   Other: 0.14ms
[2026-05-23T04:09:56.104+0000][1903.845s][gc,heap     ] GC(394) Eden regions: 73->0(66)
[2026-05-23T04:09:56.104+0000][1903.845s][gc,heap     ] GC(394) Survivor regions: 2->9(10)
[2026-05-23T04:09:56.104+0000][1903.845s][gc,heap     ] GC(394) Old regions: 526->526
[2026-05-23T04:09:56.104+0000][1903.845s][gc,heap     ] GC(394) Archive regions: 2->2
[2026-05-23T04:09:56.104+0000][1903.845s][gc,heap     ] GC(394) Humongous regions: 2->2
[2026-05-23T04:09:56.104+0000][1903.845s][gc,metaspace] GC(394) Metaspace: 46273K(46848K)->46273K(46848K) NonClass: 40994K(41280K)->40994K(41280K) Class: 5279K(5568K)->5279K(5568K)
[2026-05-23T04:09:56.104+0000][1903.845s][gc          ] GC(394) Pause Young (Normal) (G1 Evacuation Pause) 9652M->8602M(24112M) 141.659ms
[2026-05-23T04:09:56.104+0000][1903.845s][gc,cpu      ] GC(394) User=0.56s Sys=0.00s Real=0.14s
[2026-05-23T04:10:02.423+0000][1910.164s][gc,start    ] GC(395) Pause Young (Normal) (G1 Evacuation Pause)
[2026-05-23T04:10:02.423+0000][1910.164s][gc,task     ] GC(395) Using 4 workers of 4 for evacuation
[2026-05-23T04:10:02.525+0000][1910.266s][gc,phases   ] GC(395)   Pre Evacuate Collection Set: 0.12ms
[2026-05-23T04:10:02.525+0000][1910.267s][gc,phases   ] GC(395)   Merge Heap Roots: 0.28ms
[2026-05-23T04:10:02.525+0000][1910.267s][gc,phases   ] GC(395)   Evacuate Collection Set: 101.50ms
[2026-05-23T04:10:02.525+0000][1910.267s][gc,phases   ] GC(395)   Post Evacuate Collection Set: 0.51ms
[2026-05-23T04:10:02.525+0000][1910.267s][gc,phases   ] GC(395)   Other: 0.13ms
[2026-05-23T04:10:02.525+0000][1910.267s][gc,heap     ] GC(395) Eden regions: 66->0(69)
[2026-05-23T04:10:02.525+0000][1910.267s][gc,heap     ] GC(395) Survivor regions: 9->6(10)
[2026-05-23T04:10:02.525+0000][1910.267s][gc,heap     ] GC(395) Old regions: 526->528
[2026-05-23T04:10:02.525+0000][1910.267s][gc,heap     ] GC(395) Archive regions: 2->2
[2026-05-23T04:10:02.525+0000][1910.267s][gc,heap     ] GC(395) Humongous regions: 2->2
[2026-05-23T04:10:02.525+0000][1910.267s][gc,metaspace] GC(395) Metaspace: 46273K(46848K)->46273K(46848K) NonClass: 40994K(41280K)->40994K(41280K) Class: 5279K(5568K)->5279K(5568K)
[2026-05-23T04:10:02.525+0000][1910.267s][gc          ] GC(395) Pause Young (Normal) (G1 Evacuation Pause) 9658M->8581M(24112M) 102.634ms
[2026-05-23T04:10:02.525+0000][1910.267s][gc,cpu      ] GC(395) User=0.40s Sys=0.00s Real=0.10s
[2026-05-23T04:10:06.563+0000][1914.304s][gc,start    ] GC(396) Pause Young (Normal) (G1 Evacuation Pause)
[2026-05-23T04:10:06.563+0000][1914.305s][gc,task     ] GC(396) Using 4 workers of 4 for evacuation
[2026-05-23T04:10:06.724+0000][1914.465s][gc,phases   ] GC(396)   Pre Evacuate Collection Set: 0.16ms
[2026-05-23T04:10:06.724+0000][1914.465s][gc,phases   ] GC(396)   Merge Heap Roots: 0.26ms
[2026-05-23T04:10:06.724+0000][1914.465s][gc,phases   ] GC(396)   Evacuate Collection Set: 159.44ms
[2026-05-23T04:10:06.724+0000][1914.465s][gc,phases   ] GC(396)   Post Evacuate Collection Set: 0.64ms
[2026-05-23T04:10:06.724+0000][1914.465s][gc,phases   ] GC(396)   Other: 0.14ms
[2026-05-23T04:10:06.724+0000][1914.465s][gc,heap     ] GC(396) Eden regions: 69->0(65)
[2026-05-23T04:10:06.724+0000][1914.465s][gc,heap     ] GC(396) Survivor regions: 6->10(10)
[2026-05-23T04:10:06.724+0000][1914.465s][gc,heap     ] GC(396) Old regions: 528->530
[2026-05-23T04:10:06.724+0000][1914.465s][gc,heap     ] GC(396) Archive regions: 2->2
[2026-05-23T04:10:06.724+0000][1914.465s][gc,heap     ] GC(396) Humongous regions: 2->2
[2026-05-23T04:10:06.724+0000][1914.465s][gc,metaspace] GC(396) Metaspace: 46273K(46848K)->46273K(46848K) NonClass: 40994K(41280K)->40994K(41280K) Class: 5279K(5568K)->5279K(5568K)
[2026-05-23T04:10:06.724+0000][1914.465s][gc          ] GC(396) Pause Young (Normal) (G1 Evacuation Pause) 9685M->8671M(24112M) 160.744ms
[2026-05-23T04:10:06.724+0000][1914.465s][gc,cpu      ] GC(396) User=0.63s Sys=0.00s Real=0.16s
[2026-05-23T04:10:12.256+0000][1919.997s][gc,start    ] GC(397) Pause Young (Normal) (G1 Evacuation Pause)
[2026-05-23T04:10:12.256+0000][1919.997s][gc,task     ] GC(397) Using 4 workers of 4 for evacuation
[2026-05-23T04:10:12.415+0000][1920.156s][gc,phases   ] GC(397)   Pre Evacuate Collection Set: 0.13ms
[2026-05-23T04:10:12.415+0000][1920.156s][gc,phases   ] GC(397)   Merge Heap Roots: 0.25ms
[2026-05-23T04:10:12.415+0000][1920.156s][gc,phases   ] GC(397)   Evacuate Collection Set: 158.24ms
[2026-05-23T04:10:12.415+0000][1920.156s][gc,phases   ] GC(397)   Post Evacuate Collection Set: 0.54ms
[2026-05-23T04:10:12.415+0000][1920.156s][gc,phases   ] GC(397)   Other: 0.10ms
[2026-05-23T04:10:12.415+0000][1920.156s][gc,heap     ] GC(397) Eden regions: 65->0(65)
[2026-05-23T04:10:12.415+0000][1920.156s][gc,heap     ] GC(397) Survivor regions: 10->10(10)
[2026-05-23T04:10:12.415+0000][1920.156s][gc,heap     ] GC(397) Old regions: 530->531
[2026-05-23T04:10:12.415+0000][1920.156s][gc,heap     ] GC(397) Archive regions: 2->2
[2026-05-23T04:10:12.415+0000][1920.156s][gc,heap     ] GC(397) Humongous regions: 2->2
[2026-05-23T04:10:12.415+0000][1920.156s][gc,metaspace] GC(397) Metaspace: 46273K(46848K)->46273K(46848K) NonClass: 40994K(41280K)->40994K(41280K) Class: 5279K(5568K)->5279K(5568K)
[2026-05-23T04:10:12.415+0000][1920.156s][gc          ] GC(397) Pause Young (Normal) (G1 Evacuation Pause) 9711M->8695M(24112M) 159.379ms
[2026-05-23T04:10:12.415+0000][1920.156s][gc,cpu      ] GC(397) User=0.63s Sys=0.00s Real=0.16s
[2026-05-23T04:10:20.564+0000][1928.305s][gc,start    ] GC(398) Pause Young (Normal) (G1 Evacuation Pause)
[2026-05-23T04:10:20.564+0000][1928.305s][gc,task     ] GC(398) Using 4 workers of 4 for evacuation
[2026-05-23T04:10:20.685+0000][1928.426s][gc,phases   ] GC(398)   Pre Evacuate Collection Set: 0.13ms
[2026-05-23T04:10:20.685+0000][1928.426s][gc,phases   ] GC(398)   Merge Heap Roots: 0.26ms
[2026-05-23T04:10:20.685+0000][1928.426s][gc,phases   ] GC(398)   Evacuate Collection Set: 120.10ms
[2026-05-23T04:10:20.685+0000][1928.426s][gc,phases   ] GC(398)   Post Evacuate Collection Set: 0.68ms
[2026-05-23T04:10:20.685+0000][1928.426s][gc,phases   ] GC(398)   Other: 0.10ms
[2026-05-23T04:10:20.685+0000][1928.426s][gc,heap     ] GC(398) Eden regions: 65->0(68)
[2026-05-23T04:10:20.685+0000][1928.426s][gc,heap     ] GC(398) Survivor regions: 10->7(10)
[2026-05-23T04:10:20.685+0000][1928.426s][gc,heap     ] GC(398) Old regions: 531->533
[2026-05-23T04:10:20.685+0000][1928.426s][gc,heap     ] GC(398) Archive regions: 2->2
[2026-05-23T04:10:20.685+0000][1928.426s][gc,heap     ] GC(398) Humongous regions: 2->2
[2026-05-23T04:10:20.685+0000][1928.426s][gc,metaspace] GC(398) Metaspace: 46273K(46848K)->46273K(46848K) NonClass: 40994K(41280K)->40994K(41280K) Class: 5279K(5568K)->5279K(5568K)
[2026-05-23T04:10:20.685+0000][1928.426s][gc          ] GC(398) Pause Young (Normal) (G1 Evacuation Pause) 9735M->8682M(24112M) 121.364ms
[2026-05-23T04:10:20.685+0000][1928.426s][gc,cpu      ] GC(398) User=0.48s Sys=0.00s Real=0.12s
[2026-05-23T04:10:26.887+0000][1934.628s][gc,start    ] GC(399) Pause Young (Normal) (G1 Evacuation Pause)
[2026-05-23T04:10:26.887+0000][1934.628s][gc,task     ] GC(399) Using 4 workers of 4 for evacuation
[2026-05-23T04:10:27.082+0000][1934.823s][gc,phases   ] GC(399)   Pre Evacuate Collection Set: 0.13ms
[2026-05-23T04:10:27.082+0000][1934.823s][gc,phases   ] GC(399)   Merge Heap Roots: 0.54ms
[2026-05-23T04:10:27.082+0000][1934.823s][gc,phases   ] GC(399)   Evacuate Collection Set: 193.61ms
[2026-05-23T04:10:27.082+0000][1934.823s][gc,phases   ] GC(399)   Post Evacuate Collection Set: 0.62ms
[2026-05-23T04:10:27.082+0000][1934.823s][gc,phases   ] GC(399)   Other: 0.15ms
[2026-05-23T04:10:27.082+0000][1934.823s][gc,heap     ] GC(399) Eden regions: 68->0(65)
[2026-05-23T04:10:27.082+0000][1934.823s][gc,heap     ] GC(399) Survivor regions: 7->10(10)
[2026-05-23T04:10:27.082+0000][1934.823s][gc,heap     ] GC(399) Old regions: 533->536
[2026-05-23T04:10:27.082+0000][1934.823s][gc,heap     ] GC(399) Archive regions: 2->2
[2026-05-23T04:10:27.082+0000][1934.823s][gc,heap     ] GC(399) Humongous regions: 2->2
[2026-05-23T04:10:27.082+0000][1934.823s][gc,metaspace] GC(399) Metaspace: 46273K(46848K)->46273K(46848K) NonClass: 40994K(41280K)->40994K(41280K) Class: 5279K(5568K)->5279K(5568K)
[2026-05-23T04:10:27.082+0000][1934.823s][gc          ] GC(399) Pause Young (Normal) (G1 Evacuation Pause) 9770M->8775M(24112M) 195.157ms
[2026-05-23T04:10:27.082+0000][1934.823s][gc,cpu      ] GC(399) User=0.76s Sys=0.00s Real=0.20s
[2026-05-23T04:10:36.760+0000][1944.501s][gc,start    ] GC(400) Pause Young (Normal) (G1 Evacuation Pause)
[2026-05-23T04:10:36.760+0000][1944.501s][gc,task     ] GC(400) Using 4 workers of 4 for evacuation
[2026-05-23T04:10:36.969+0000][1944.710s][gc,mmu      ] GC(400) MMU target violated: 201.0ms (200.0ms/201.0ms)
[2026-05-23T04:10:36.969+0000][1944.711s][gc,phases   ] GC(400)   Pre Evacuate Collection Set: 0.14ms
[2026-05-23T04:10:36.969+0000][1944.711s][gc,phases   ] GC(400)   Merge Heap Roots: 0.87ms
[2026-05-23T04:10:36.969+0000][1944.711s][gc,phases   ] GC(400)   Evacuate Collection Set: 207.63ms
[2026-05-23T04:10:36.969+0000][1944.711s][gc,phases   ] GC(400)   Post Evacuate Collection Set: 0.78ms
[2026-05-23T04:10:36.969+0000][1944.711s][gc,phases   ] GC(400)   Other: 0.20ms
[2026-05-23T04:10:36.969+0000][1944.711s][gc,heap     ] GC(400) Eden regions: 65->0(67)
[2026-05-23T04:10:36.969+0000][1944.711s][gc,heap     ] GC(400) Survivor regions: 10->8(10)
[2026-05-23T04:10:36.969+0000][1944.711s][gc,heap     ] GC(400) Old regions: 536->541
[2026-05-23T04:10:36.969+0000][1944.711s][gc,heap     ] GC(400) Archive regions: 2->2
[2026-05-23T04:10:36.969+0000][1944.711s][gc,heap     ] GC(400) Humongous regions: 2->2
[2026-05-23T04:10:36.969+0000][1944.711s][gc,metaspace] GC(400) Metaspace: 46275K(46848K)->46275K(46848K) NonClass: 40995K(41280K)->40995K(41280K) Class: 5279K(5568K)->5279K(5568K)
[2026-05-23T04:10:36.970+0000][1944.711s][gc          ] GC(400) Pause Young (Normal) (G1 Evacuation Pause) 9815M->8826M(24112M) 209.678ms
[2026-05-23T04:10:36.970+0000][1944.711s][gc,cpu      ] GC(400) User=0.82s Sys=0.00s Real=0.21s
[2026-05-23T04:10:39.586+0000][1947.327s][gc,start    ] GC(401) Pause Young (Normal) (G1 Evacuation Pause)
[2026-05-23T04:10:39.586+0000][1947.328s][gc,task     ] GC(401) Using 4 workers of 4 for evacuation
[2026-05-23T04:10:39.860+0000][1947.601s][gc,mmu      ] GC(401) MMU target violated: 201.0ms (200.0ms/201.0ms)
[2026-05-23T04:10:39.860+0000][1947.601s][gc,phases   ] GC(401)   Pre Evacuate Collection Set: 0.15ms
[2026-05-23T04:10:39.860+0000][1947.601s][gc,phases   ] GC(401)   Merge Heap Roots: 1.17ms
[2026-05-23T04:10:39.860+0000][1947.601s][gc,phases   ] GC(401)   Evacuate Collection Set: 271.43ms
[2026-05-23T04:10:39.860+0000][1947.601s][gc,phases   ] GC(401)   Post Evacuate Collection Set: 0.90ms
[2026-05-23T04:10:39.860+0000][1947.601s][gc,phases   ] GC(401)   Other: 0.19ms
[2026-05-23T04:10:39.860+0000][1947.601s][gc,heap     ] GC(401) Eden regions: 67->0(65)
[2026-05-23T04:10:39.860+0000][1947.601s][gc,heap     ] GC(401) Survivor regions: 8->10(10)
[2026-05-23T04:10:39.860+0000][1947.601s][gc,heap     ] GC(401) Old regions: 541->548
[2026-05-23T04:10:39.860+0000][1947.601s][gc,heap     ] GC(401) Archive regions: 2->2
[2026-05-23T04:10:39.860+0000][1947.601s][gc,heap     ] GC(401) Humongous regions: 2->2
[2026-05-23T04:10:39.860+0000][1947.601s][gc,metaspace] GC(401) Metaspace: 46275K(46848K)->46275K(46848K) NonClass: 40995K(41280K)->40995K(41280K) Class: 5279K(5568K)->5279K(5568K)
[2026-05-23T04:10:39.860+0000][1947.601s][gc          ] GC(401) Pause Young (Normal) (G1 Evacuation Pause) 9898M->8975M(24112M) 273.902ms
[2026-05-23T04:10:39.860+0000][1947.601s][gc,cpu      ] GC(401) User=1.07s Sys=0.01s Real=0.28s
[2026-05-23T04:10:48.172+0000][1955.914s][gc,start    ] GC(402) Pause Young (Normal) (G1 Evacuation Pause)
[2026-05-23T04:10:48.173+0000][1955.914s][gc,task     ] GC(402) Using 4 workers of 4 for evacuation
[2026-05-23T04:10:48.341+0000][1956.082s][gc,phases   ] GC(402)   Pre Evacuate Collection Set: 0.13ms
[2026-05-23T04:10:48.341+0000][1956.083s][gc,phases   ] GC(402)   Merge Heap Roots: 2.16ms
[2026-05-23T04:10:48.341+0000][1956.083s][gc,phases   ] GC(402)   Evacuate Collection Set: 165.71ms
[2026-05-23T04:10:48.341+0000][1956.083s][gc,phases   ] GC(402)   Post Evacuate Collection Set: 0.78ms
[2026-05-23T04:10:48.341+0000][1956.083s][gc,phases   ] GC(402)   Other: 0.16ms
[2026-05-23T04:10:48.341+0000][1956.083s][gc,heap     ] GC(402) Eden regions: 65->0(67)
[2026-05-23T04:10:48.341+0000][1956.083s][gc,heap     ] GC(402) Survivor regions: 10->8(10)
[2026-05-23T04:10:48.342+0000][1956.083s][gc,heap     ] GC(402) Old regions: 548->552
[2026-05-23T04:10:48.342+0000][1956.083s][gc,heap     ] GC(402) Archive regions: 2->2
[2026-05-23T04:10:48.342+0000][1956.083s][gc,heap     ] GC(402) Humongous regions: 2->2
[2026-05-23T04:10:48.342+0000][1956.083s][gc,metaspace] GC(402) Metaspace: 46275K(46848K)->46275K(46848K) NonClass: 40995K(41280K)->40995K(41280K) Class: 5279K(5568K)->5279K(5568K)
[2026-05-23T04:10:48.342+0000][1956.083s][gc          ] GC(402) Pause Young (Normal) (G1 Evacuation Pause) 10015M->8988M(24112M) 169.087ms
[2026-05-23T04:10:48.342+0000][1956.083s][gc,cpu      ] GC(402) User=0.66s Sys=0.00s Real=0.17s
[2026-05-23T04:10:50.836+0000][1958.577s][gc,start    ] GC(403) Pause Young (Normal) (G1 Evacuation Pause)
[2026-05-23T04:10:50.836+0000][1958.577s][gc,task     ] GC(403) Using 4 workers of 4 for evacuation
[2026-05-23T04:10:51.140+0000][1958.882s][gc,mmu      ] GC(403) MMU target violated: 201.0ms (200.0ms/201.0ms)
[2026-05-23T04:10:51.141+0000][1958.882s][gc,phases   ] GC(403)   Pre Evacuate Collection Set: 0.14ms
[2026-05-23T04:10:51.141+0000][1958.882s][gc,phases   ] GC(403)   Merge Heap Roots: 0.78ms
[2026-05-23T04:10:51.141+0000][1958.882s][gc,phases   ] GC(403)   Evacuate Collection Set: 302.26ms
[2026-05-23T04:10:51.141+0000][1958.882s][gc,phases   ] GC(403)   Post Evacuate Collection Set: 0.85ms
[2026-05-23T04:10:51.141+0000][1958.882s][gc,phases   ] GC(403)   Other: 0.19ms
[2026-05-23T04:10:51.141+0000][1958.882s][gc,heap     ] GC(403) Eden regions: 67->0(65)
[2026-05-23T04:10:51.141+0000][1958.882s][gc,heap     ] GC(403) Survivor regions: 8->10(10)
[2026-05-23T04:10:51.141+0000][1958.882s][gc,heap     ] GC(403) Old regions: 552->558
[2026-05-23T04:10:51.141+0000][1958.882s][gc,heap     ] GC(403) Archive regions: 2->2
[2026-05-23T04:10:51.141+0000][1958.882s][gc,heap     ] GC(403) Humongous regions: 2->2
[2026-05-23T04:10:51.141+0000][1958.882s][gc,metaspace] GC(403) Metaspace: 46275K(46848K)->46275K(46848K) NonClass: 40995K(41280K)->40995K(41280K) Class: 5279K(5568K)->5279K(5568K)
[2026-05-23T04:10:51.141+0000][1958.882s][gc          ] GC(403) Pause Young (Normal) (G1 Evacuation Pause) 10060M->9131M(24112M) 304.290ms
[2026-05-23T04:10:51.141+0000][1958.882s][gc,cpu      ] GC(403) User=1.20s Sys=0.01s Real=0.31s
[2026-05-23T04:10:53.311+0000][1961.052s][gc,start    ] GC(404) Pause Young (Normal) (G1 Evacuation Pause)
[2026-05-23T04:10:53.311+0000][1961.052s][gc,task     ] GC(404) Using 4 workers of 4 for evacuation
[2026-05-23T04:10:53.605+0000][1961.346s][gc,mmu      ] GC(404) MMU target violated: 201.0ms (200.0ms/201.0ms)
[2026-05-23T04:10:53.605+0000][1961.346s][gc,phases   ] GC(404)   Pre Evacuate Collection Set: 0.19ms
[2026-05-23T04:10:53.605+0000][1961.346s][gc,phases   ] GC(404)   Merge Heap Roots: 1.99ms
[2026-05-23T04:10:53.605+0000][1961.346s][gc,phases   ] GC(404)   Evacuate Collection Set: 290.15ms
[2026-05-23T04:10:53.605+0000][1961.346s][gc,phases   ] GC(404)   Post Evacuate Collection Set: 1.16ms
[2026-05-23T04:10:53.605+0000][1961.346s][gc,phases   ] GC(404)   Other: 0.20ms
[2026-05-23T04:10:53.605+0000][1961.346s][gc,heap     ] GC(404) Eden regions: 65->0(65)
[2026-05-23T04:10:53.605+0000][1961.346s][gc,heap     ] GC(404) Survivor regions: 10->10(10)
[2026-05-23T04:10:53.605+0000][1961.346s][gc,heap     ] GC(404) Old regions: 558->568
[2026-05-23T04:10:53.605+0000][1961.346s][gc,heap     ] GC(404) Archive regions: 2->2
[2026-05-23T04:10:53.605+0000][1961.346s][gc,heap     ] GC(404) Humongous regions: 2->2
[2026-05-23T04:10:53.605+0000][1961.346s][gc,metaspace] GC(404) Metaspace: 46275K(46848K)->46275K(46848K) NonClass: 40995K(41280K)->40995K(41280K) Class: 5279K(5568K)->5279K(5568K)
[2026-05-23T04:10:53.605+0000][1961.346s][gc          ] GC(404) Pause Young (Normal) (G1 Evacuation Pause) 10171M->9279M(24112M) 293.743ms
[2026-05-23T04:10:53.605+0000][1961.346s][gc,cpu      ] GC(404) User=1.16s Sys=0.00s Real=0.29s
[2026-05-23T04:10:55.751+0000][1963.492s][gc,start    ] GC(405) Pause Young (Normal) (G1 Evacuation Pause)
[2026-05-23T04:10:55.751+0000][1963.492s][gc,task     ] GC(405) Using 4 workers of 4 for evacuation
[2026-05-23T04:10:56.031+0000][1963.772s][gc,mmu      ] GC(405) MMU target violated: 201.0ms (200.0ms/201.0ms)
[2026-05-23T04:10:56.031+0000][1963.772s][gc,phases   ] GC(405)   Pre Evacuate Collection Set: 0.12ms
[2026-05-23T04:10:56.031+0000][1963.772s][gc,phases   ] GC(405)   Merge Heap Roots: 2.41ms
[2026-05-23T04:10:56.031+0000][1963.772s][gc,phases   ] GC(405)   Evacuate Collection Set: 276.53ms
[2026-05-23T04:10:56.031+0000][1963.772s][gc,phases   ] GC(405)   Post Evacuate Collection Set: 0.93ms
[2026-05-23T04:10:56.031+0000][1963.772s][gc,phases   ] GC(405)   Other: 0.19ms
[2026-05-23T04:10:56.031+0000][1963.772s][gc,heap     ] GC(405) Eden regions: 65->0(67)
[2026-05-23T04:10:56.031+0000][1963.772s][gc,heap     ] GC(405) Survivor regions: 10->8(10)
[2026-05-23T04:10:56.031+0000][1963.772s][gc,heap     ] GC(405) Old regions: 568->577
[2026-05-23T04:10:56.031+0000][1963.772s][gc,heap     ] GC(405) Archive regions: 2->2
[2026-05-23T04:10:56.031+0000][1963.772s][gc,heap     ] GC(405) Humongous regions: 2->2
[2026-05-23T04:10:56.031+0000][1963.772s][gc,metaspace] GC(405) Metaspace: 46275K(46848K)->46275K(46848K) NonClass: 40995K(41280K)->40995K(41280K) Class: 5279K(5568K)->5279K(5568K)
[2026-05-23T04:10:56.031+0000][1963.772s][gc          ] GC(405) Pause Young (Normal) (G1 Evacuation Pause) 10319M->9396M(24112M) 280.237ms
[2026-05-23T04:10:56.031+0000][1963.772s][gc,cpu      ] GC(405) User=1.10s Sys=0.00s Real=0.28s
[2026-05-23T04:11:05.294+0000][1973.035s][gc,start    ] GC(406) Pause Young (Normal) (G1 Evacuation Pause)
[2026-05-23T04:11:05.294+0000][1973.035s][gc,task     ] GC(406) Using 4 workers of 4 for evacuation
[2026-05-23T04:11:05.604+0000][1973.345s][gc,mmu      ] GC(406) MMU target violated: 201.0ms (200.0ms/201.0ms)
[2026-05-23T04:11:05.604+0000][1973.345s][gc,phases   ] GC(406)   Pre Evacuate Collection Set: 0.13ms
[2026-05-23T04:11:05.604+0000][1973.345s][gc,phases   ] GC(406)   Merge Heap Roots: 3.63ms
[2026-05-23T04:11:05.604+0000][1973.345s][gc,phases   ] GC(406)   Evacuate Collection Set: 305.45ms
[2026-05-23T04:11:05.604+0000][1973.345s][gc,phases   ] GC(406)   Post Evacuate Collection Set: 1.22ms
[2026-05-23T04:11:05.604+0000][1973.345s][gc,phases   ] GC(406)   Other: 0.15ms
[2026-05-23T04:11:05.604+0000][1973.346s][gc,heap     ] GC(406) Eden regions: 67->0(65)
[2026-05-23T04:11:05.604+0000][1973.346s][gc,heap     ] GC(406) Survivor regions: 8->10(10)
[2026-05-23T04:11:05.604+0000][1973.346s][gc,heap     ] GC(406) Old regions: 577->582
[2026-05-23T04:11:05.604+0000][1973.346s][gc,heap     ] GC(406) Archive regions: 2->2
[2026-05-23T04:11:05.604+0000][1973.346s][gc,heap     ] GC(406) Humongous regions: 2->2
[2026-05-23T04:11:05.604+0000][1973.346s][gc,metaspace] GC(406) Metaspace: 46275K(46848K)->46275K(46848K) NonClass: 40995K(41280K)->40995K(41280K) Class: 5279K(5568K)->5279K(5568K)
[2026-05-23T04:11:05.604+0000][1973.346s][gc          ] GC(406) Pause Young (Normal) (G1 Evacuation Pause) 10468M->9510M(24160M) 310.627ms
[2026-05-23T04:11:05.604+0000][1973.346s][gc,cpu      ] GC(406) User=1.22s Sys=0.00s Real=0.31s
[2026-05-23T04:11:07.785+0000][1975.526s][gc,start    ] GC(407) Pause Young (Normal) (G1 Evacuation Pause)
[2026-05-23T04:11:07.785+0000][1975.526s][gc,task     ] GC(407) Using 4 workers of 4 for evacuation
[2026-05-23T04:11:08.160+0000][1975.901s][gc,mmu      ] GC(407) MMU target violated: 201.0ms (200.0ms/201.0ms)
[2026-05-23T04:11:08.160+0000][1975.902s][gc,phases   ] GC(407)   Pre Evacuate Collection Set: 0.15ms
[2026-05-23T04:11:08.160+0000][1975.902s][gc,phases   ] GC(407)   Merge Heap Roots: 2.32ms
[2026-05-23T04:11:08.160+0000][1975.902s][gc,phases   ] GC(407)   Evacuate Collection Set: 371.77ms
[2026-05-23T04:11:08.160+0000][1975.902s][gc,phases   ] GC(407)   Post Evacuate Collection Set: 1.15ms
[2026-05-23T04:11:08.160+0000][1975.902s][gc,phases   ] GC(407)   Other: 0.18ms
[2026-05-23T04:11:08.160+0000][1975.902s][gc,heap     ] GC(407) Eden regions: 65->0(65)
[2026-05-23T04:11:08.160+0000][1975.902s][gc,heap     ] GC(407) Survivor regions: 10->10(10)
[2026-05-23T04:11:08.160+0000][1975.902s][gc,heap     ] GC(407) Old regions: 582->591
[2026-05-23T04:11:08.160+0000][1975.902s][gc,heap     ] GC(407) Archive regions: 2->2
[2026-05-23T04:11:08.160+0000][1975.902s][gc,heap     ] GC(407) Humongous regions: 2->2
[2026-05-23T04:11:08.160+0000][1975.902s][gc,metaspace] GC(407) Metaspace: 46278K(46912K)->46278K(46912K) NonClass: 40998K(41344K)->40998K(41344K) Class: 5279K(5568K)->5279K(5568K)
[2026-05-23T04:11:08.161+0000][1975.902s][gc          ] GC(407) Pause Young (Normal) (G1 Evacuation Pause) 10550M->9663M(24160M) 375.624ms
[2026-05-23T04:11:08.161+0000][1975.902s][gc,cpu      ] GC(407) User=1.49s Sys=0.00s Real=0.38s
[2026-05-23T04:11:14.154+0000][1981.895s][gc,start    ] GC(408) Pause Young (Normal) (G1 Evacuation Pause)
[2026-05-23T04:11:14.154+0000][1981.895s][gc,task     ] GC(408) Using 4 workers of 4 for evacuation
[2026-05-23T04:11:14.423+0000][1982.164s][gc,mmu      ] GC(408) MMU target violated: 201.0ms (200.0ms/201.0ms)
[2026-05-23T04:11:14.423+0000][1982.164s][gc,phases   ] GC(408)   Pre Evacuate Collection Set: 0.18ms
[2026-05-23T04:11:14.423+0000][1982.164s][gc,phases   ] GC(408)   Merge Heap Roots: 3.12ms
[2026-05-23T04:11:14.423+0000][1982.164s][gc,phases   ] GC(408)   Evacuate Collection Set: 264.35ms
[2026-05-23T04:11:14.423+0000][1982.164s][gc,phases   ] GC(408)   Post Evacuate Collection Set: 1.16ms
[2026-05-23T04:11:14.423+0000][1982.164s][gc,phases   ] GC(408)   Other: 0.14ms
[2026-05-23T04:11:14.423+0000][1982.164s][gc,heap     ] GC(408) Eden regions: 65->0(65)
[2026-05-23T04:11:14.423+0000][1982.164s][gc,heap     ] GC(408) Survivor regions: 10->10(10)
[2026-05-23T04:11:14.423+0000][1982.164s][gc,heap     ] GC(408) Old regions: 591->597
[2026-05-23T04:11:14.423+0000][1982.164s][gc,heap     ] GC(408) Archive regions: 2->2
[2026-05-23T04:11:14.423+0000][1982.164s][gc,heap     ] GC(408) Humongous regions: 2->2
[2026-05-23T04:11:14.423+0000][1982.164s][gc,metaspace] GC(408) Metaspace: 46278K(46912K)->46278K(46912K) NonClass: 40998K(41344K)->40998K(41344K) Class: 5279K(5568K)->5279K(5568K)
[2026-05-23T04:11:14.423+0000][1982.164s][gc          ] GC(408) Pause Young (Normal) (G1 Evacuation Pause) 10703M->9750M(24160M) 269.017ms
[2026-05-23T04:11:14.423+0000][1982.164s][gc,cpu      ] GC(408) User=1.06s Sys=0.00s Real=0.27s
[2026-05-23T04:11:20.328+0000][1988.069s][gc,start    ] GC(409) Pause Young (Normal) (G1 Evacuation Pause)
[2026-05-23T04:11:20.328+0000][1988.069s][gc,task     ] GC(409) Using 4 workers of 4 for evacuation
[2026-05-23T04:11:20.642+0000][1988.383s][gc,mmu      ] GC(409) MMU target violated: 201.0ms (200.0ms/201.0ms)
[2026-05-23T04:11:20.642+0000][1988.383s][gc,phases   ] GC(409)   Pre Evacuate Collection Set: 0.12ms
[2026-05-23T04:11:20.642+0000][1988.383s][gc,phases   ] GC(409)   Merge Heap Roots: 3.61ms
[2026-05-23T04:11:20.642+0000][1988.383s][gc,phases   ] GC(409)   Evacuate Collection Set: 308.73ms
[2026-05-23T04:11:20.642+0000][1988.383s][gc,phases   ] GC(409)   Post Evacuate Collection Set: 1.24ms
[2026-05-23T04:11:20.642+0000][1988.383s][gc,phases   ] GC(409)   Other: 0.17ms
[2026-05-23T04:11:20.642+0000][1988.383s][gc,heap     ] GC(409) Eden regions: 65->0(65)
[2026-05-23T04:11:20.642+0000][1988.383s][gc,heap     ] GC(409) Survivor regions: 10->10(10)
[2026-05-23T04:11:20.642+0000][1988.383s][gc,heap     ] GC(409) Old regions: 597->605
[2026-05-23T04:11:20.642+0000][1988.383s][gc,heap     ] GC(409) Archive regions: 2->2
[2026-05-23T04:11:20.642+0000][1988.383s][gc,heap     ] GC(409) Humongous regions: 2->2
[2026-05-23T04:11:20.642+0000][1988.383s][gc,metaspace] GC(409) Metaspace: 46278K(46912K)->46278K(46912K) NonClass: 40998K(41344K)->40998K(41344K) Class: 5279K(5568K)->5279K(5568K)
[2026-05-23T04:11:20.642+0000][1988.383s][gc          ] GC(409) Pause Young (Normal) (G1 Evacuation Pause) 10790M->9876M(24160M) 313.934ms
[2026-05-23T04:11:20.642+0000][1988.383s][gc,cpu      ] GC(409) User=1.24s Sys=0.01s Real=0.32s
[2026-05-23T04:11:29.144+0000][1996.885s][gc,start    ] GC(410) Pause Young (Normal) (G1 Evacuation Pause)
[2026-05-23T04:11:29.144+0000][1996.885s][gc,task     ] GC(410) Using 4 workers of 4 for evacuation
[2026-05-23T04:11:29.374+0000][1997.115s][gc,mmu      ] GC(410) MMU target violated: 201.0ms (200.0ms/201.0ms)
[2026-05-23T04:11:29.374+0000][1997.115s][gc,phases   ] GC(410)   Pre Evacuate Collection Set: 0.19ms
[2026-05-23T04:11:29.374+0000][1997.115s][gc,phases   ] GC(410)   Merge Heap Roots: 3.56ms
[2026-05-23T04:11:29.374+0000][1997.115s][gc,phases   ] GC(410)   Evacuate Collection Set: 225.13ms
[2026-05-23T04:11:29.374+0000][1997.115s][gc,phases   ] GC(410)   Post Evacuate Collection Set: 1.03ms
[2026-05-23T04:11:29.374+0000][1997.115s][gc,phases   ] GC(410)   Other: 0.16ms
[2026-05-23T04:11:29.374+0000][1997.115s][gc,heap     ] GC(410) Eden regions: 65->0(67)
[2026-05-23T04:11:29.374+0000][1997.115s][gc,heap     ] GC(410) Survivor regions: 10->8(10)
[2026-05-23T04:11:29.374+0000][1997.115s][gc,heap     ] GC(410) Old regions: 605->609
[2026-05-23T04:11:29.374+0000][1997.115s][gc,heap     ] GC(410) Archive regions: 2->2
[2026-05-23T04:11:29.374+0000][1997.115s][gc,heap     ] GC(410) Humongous regions: 2->2
[2026-05-23T04:11:29.374+0000][1997.115s][gc,metaspace] GC(410) Metaspace: 46278K(46912K)->46278K(46912K) NonClass: 40998K(41344K)->40998K(41344K) Class: 5279K(5568K)->5279K(5568K)
[2026-05-23T04:11:29.374+0000][1997.115s][gc          ] GC(410) Pause Young (Normal) (G1 Evacuation Pause) 10916M->9911M(24160M) 230.132ms
[2026-05-23T04:11:29.374+0000][1997.115s][gc,cpu      ] GC(410) User=0.91s Sys=0.00s Real=0.23s
[2026-05-23T04:11:31.913+0000][1999.655s][gc,start    ] GC(411) Pause Young (Normal) (G1 Evacuation Pause)
[2026-05-23T04:11:31.914+0000][1999.655s][gc,task     ] GC(411) Using 4 workers of 4 for evacuation
[2026-05-23T04:11:32.240+0000][1999.981s][gc,mmu      ] GC(411) MMU target violated: 201.0ms (200.0ms/201.0ms)
[2026-05-23T04:11:32.240+0000][1999.981s][gc,phases   ] GC(411)   Pre Evacuate Collection Set: 0.12ms
[2026-05-23T04:11:32.240+0000][1999.981s][gc,phases   ] GC(411)   Merge Heap Roots: 2.52ms
[2026-05-23T04:11:32.240+0000][1999.981s][gc,phases   ] GC(411)   Evacuate Collection Set: 322.88ms
[2026-05-23T04:11:32.240+0000][1999.981s][gc,phases   ] GC(411)   Post Evacuate Collection Set: 1.03ms
[2026-05-23T04:11:32.240+0000][1999.981s][gc,phases   ] GC(411)   Other: 0.19ms
[2026-05-23T04:11:32.240+0000][1999.981s][gc,heap     ] GC(411) Eden regions: 67->0(65)
[2026-05-23T04:11:32.240+0000][1999.981s][gc,heap     ] GC(411) Survivor regions: 8->10(10)
[2026-05-23T04:11:32.240+0000][1999.981s][gc,heap     ] GC(411) Old regions: 609->618
[2026-05-23T04:11:32.240+0000][1999.981s][gc,heap     ] GC(411) Archive regions: 2->2
[2026-05-23T04:11:32.240+0000][1999.981s][gc,heap     ] GC(411) Humongous regions: 2->2
[2026-05-23T04:11:32.240+0000][1999.981s][gc,metaspace] GC(411) Metaspace: 46280K(46912K)->46280K(46912K) NonClass: 41000K(41344K)->41000K(41344K) Class: 5279K(5568K)->5279K(5568K)
[2026-05-23T04:11:32.240+0000][1999.981s][gc          ] GC(411) Pause Young (Normal) (G1 Evacuation Pause) 10983M->10091M(24160M) 326.800ms
[2026-05-23T04:11:32.240+0000][1999.981s][gc,cpu      ] GC(411) User=1.29s Sys=0.00s Real=0.33s
[2026-05-23T04:11:39.366+0000][2007.107s][gc,start    ] GC(412) Pause Young (Normal) (G1 Evacuation Pause)
[2026-05-23T04:11:39.366+0000][2007.107s][gc,task     ] GC(412) Using 4 workers of 4 for evacuation
[2026-05-23T04:11:39.612+0000][2007.353s][gc,mmu      ] GC(412) MMU target violated: 201.0ms (200.0ms/201.0ms)
[2026-05-23T04:11:39.612+0000][2007.353s][gc,phases   ] GC(412)   Pre Evacuate Collection Set: 0.13ms
[2026-05-23T04:11:39.612+0000][2007.353s][gc,phases   ] GC(412)   Merge Heap Roots: 2.88ms
[2026-05-23T04:11:39.612+0000][2007.353s][gc,phases   ] GC(412)   Evacuate Collection Set: 242.02ms
[2026-05-23T04:11:39.612+0000][2007.353s][gc,phases   ] GC(412)   Post Evacuate Collection Set: 0.73ms
[2026-05-23T04:11:39.612+0000][2007.353s][gc,phases   ] GC(412)   Other: 0.14ms
[2026-05-23T04:11:39.612+0000][2007.353s][gc,heap     ] GC(412) Eden regions: 65->0(65)
[2026-05-23T04:11:39.612+0000][2007.353s][gc,heap     ] GC(412) Survivor regions: 10->10(10)
[2026-05-23T04:11:39.612+0000][2007.353s][gc,heap     ] GC(412) Old regions: 618->621
[2026-05-23T04:11:39.612+0000][2007.353s][gc,heap     ] GC(412) Archive regions: 2->2
[2026-05-23T04:11:39.612+0000][2007.353s][gc,heap     ] GC(412) Humongous regions: 2->2
[2026-05-23T04:11:39.612+0000][2007.353s][gc,metaspace] GC(412) Metaspace: 46280K(46912K)->46280K(46912K) NonClass: 41000K(41344K)->41000K(41344K) Class: 5279K(5568K)->5279K(5568K)
[2026-05-23T04:11:39.612+0000][2007.353s][gc          ] GC(412) Pause Young (Normal) (G1 Evacuation Pause) 11131M->10143M(24160M) 245.974ms
[2026-05-23T04:11:39.612+0000][2007.353s][gc,cpu      ] GC(412) User=0.97s Sys=0.00s Real=0.25s
[2026-05-23T04:11:41.829+0000][2009.570s][gc,start    ] GC(413) Pause Young (Normal) (G1 Evacuation Pause)
[2026-05-23T04:11:41.829+0000][2009.570s][gc,task     ] GC(413) Using 4 workers of 4 for evacuation
[2026-05-23T04:11:42.242+0000][2009.984s][gc,mmu      ] GC(413) MMU target violated: 201.0ms (200.0ms/201.0ms)
[2026-05-23T04:11:42.243+0000][2009.984s][gc,phases   ] GC(413)   Pre Evacuate Collection Set: 0.18ms
[2026-05-23T04:11:42.243+0000][2009.984s][gc,phases   ] GC(413)   Merge Heap Roots: 0.81ms
[2026-05-23T04:11:42.243+0000][2009.984s][gc,phases   ] GC(413)   Evacuate Collection Set: 411.32ms
[2026-05-23T04:11:42.243+0000][2009.984s][gc,phases   ] GC(413)   Post Evacuate Collection Set: 0.98ms
[2026-05-23T04:11:42.243+0000][2009.984s][gc,phases   ] GC(413)   Other: 0.21ms
[2026-05-23T04:11:42.243+0000][2009.984s][gc,heap     ] GC(413) Eden regions: 65->0(65)
[2026-05-23T04:11:42.243+0000][2009.984s][gc,heap     ] GC(413) Survivor regions: 10->10(10)
[2026-05-23T04:11:42.243+0000][2009.984s][gc,heap     ] GC(413) Old regions: 621->630
[2026-05-23T04:11:42.243+0000][2009.984s][gc,heap     ] GC(413) Archive regions: 2->2
[2026-05-23T04:11:42.243+0000][2009.984s][gc,heap     ] GC(413) Humongous regions: 2->2
[2026-05-23T04:11:42.243+0000][2009.984s][gc,metaspace] GC(413) Metaspace: 46280K(46912K)->46280K(46912K) NonClass: 41000K(41344K)->41000K(41344K) Class: 5279K(5568K)->5279K(5568K)
[2026-05-23T04:11:42.243+0000][2009.984s][gc          ] GC(413) Pause Young (Normal) (G1 Evacuation Pause) 11183M->10287M(24160M) 413.563ms
[2026-05-23T04:11:42.243+0000][2009.984s][gc,cpu      ] GC(413) User=1.63s Sys=0.00s Real=0.41s
[2026-05-23T04:11:49.219+0000][2016.960s][gc,start    ] GC(414) Pause Young (Normal) (G1 Evacuation Pause)
[2026-05-23T04:11:49.219+0000][2016.960s][gc,task     ] GC(414) Using 4 workers of 4 for evacuation
[2026-05-23T04:11:49.452+0000][2017.193s][gc,mmu      ] GC(414) MMU target violated: 201.0ms (200.0ms/201.0ms)
[2026-05-23T04:11:49.452+0000][2017.193s][gc,phases   ] GC(414)   Pre Evacuate Collection Set: 0.12ms
[2026-05-23T04:11:49.452+0000][2017.193s][gc,phases   ] GC(414)   Merge Heap Roots: 2.35ms
[2026-05-23T04:11:49.452+0000][2017.193s][gc,phases   ] GC(414)   Evacuate Collection Set: 229.78ms
[2026-05-23T04:11:49.452+0000][2017.193s][gc,phases   ] GC(414)   Post Evacuate Collection Set: 0.91ms
[2026-05-23T04:11:49.452+0000][2017.193s][gc,phases   ] GC(414)   Other: 0.16ms
[2026-05-23T04:11:49.452+0000][2017.193s][gc,heap     ] GC(414) Eden regions: 65->0(65)
[2026-05-23T04:11:49.452+0000][2017.193s][gc,heap     ] GC(414) Survivor regions: 10->10(10)
[2026-05-23T04:11:49.452+0000][2017.193s][gc,heap     ] GC(414) Old regions: 630->634
[2026-05-23T04:11:49.452+0000][2017.193s][gc,heap     ] GC(414) Archive regions: 2->2
[2026-05-23T04:11:49.452+0000][2017.193s][gc,heap     ] GC(414) Humongous regions: 2->2
[2026-05-23T04:11:49.452+0000][2017.193s][gc,metaspace] GC(414) Metaspace: 46280K(46912K)->46280K(46912K) NonClass: 41000K(41344K)->41000K(41344K) Class: 5279K(5568K)->5279K(5568K)
[2026-05-23T04:11:49.452+0000][2017.193s][gc          ] GC(414) Pause Young (Normal) (G1 Evacuation Pause) 11327M->10341M(24160M) 233.376ms
[2026-05-23T04:11:49.452+0000][2017.193s][gc,cpu      ] GC(414) User=0.92s Sys=0.00s Real=0.23s
[2026-05-23T04:11:51.672+0000][2019.414s][gc,start    ] GC(415) Pause Young (Normal) (G1 Evacuation Pause)
[2026-05-23T04:11:51.672+0000][2019.414s][gc,task     ] GC(415) Using 4 workers of 4 for evacuation
[2026-05-23T04:11:52.022+0000][2019.763s][gc,mmu      ] GC(415) MMU target violated: 201.0ms (200.0ms/201.0ms)
[2026-05-23T04:11:52.022+0000][2019.763s][gc,phases   ] GC(415)   Pre Evacuate Collection Set: 0.14ms
[2026-05-23T04:11:52.022+0000][2019.763s][gc,phases   ] GC(415)   Merge Heap Roots: 1.30ms
[2026-05-23T04:11:52.022+0000][2019.764s][gc,phases   ] GC(415)   Evacuate Collection Set: 347.22ms
[2026-05-23T04:11:52.022+0000][2019.764s][gc,phases   ] GC(415)   Post Evacuate Collection Set: 1.17ms
[2026-05-23T04:11:52.022+0000][2019.764s][gc,phases   ] GC(415)   Other: 0.18ms
[2026-05-23T04:11:52.022+0000][2019.764s][gc,heap     ] GC(415) Eden regions: 65->0(65)
[2026-05-23T04:11:52.022+0000][2019.764s][gc,heap     ] GC(415) Survivor regions: 10->10(10)
[2026-05-23T04:11:52.022+0000][2019.764s][gc,heap     ] GC(415) Old regions: 634->644
[2026-05-23T04:11:52.022+0000][2019.764s][gc,heap     ] GC(415) Archive regions: 2->2
[2026-05-23T04:11:52.022+0000][2019.764s][gc,heap     ] GC(415) Humongous regions: 2->2
[2026-05-23T04:11:52.022+0000][2019.764s][gc,metaspace] GC(415) Metaspace: 46281K(46912K)->46281K(46912K) NonClass: 41001K(41344K)->41001K(41344K) Class: 5279K(5568K)->5279K(5568K)
[2026-05-23T04:11:52.022+0000][2019.764s][gc          ] GC(415) Pause Young (Normal) (G1 Evacuation Pause) 11381M->10505M(24160M) 350.053ms
[2026-05-23T04:11:52.022+0000][2019.764s][gc,cpu      ] GC(415) User=1.38s Sys=0.00s Real=0.35s
[2026-05-23T04:12:01.926+0000][2029.667s][gc,start    ] GC(416) Pause Young (Normal) (G1 Evacuation Pause)
[2026-05-23T04:12:01.926+0000][2029.667s][gc,task     ] GC(416) Using 4 workers of 4 for evacuation
[2026-05-23T04:12:02.111+0000][2029.853s][gc,phases   ] GC(416)   Pre Evacuate Collection Set: 0.13ms
[2026-05-23T04:12:02.111+0000][2029.853s][gc,phases   ] GC(416)   Merge Heap Roots: 3.22ms
[2026-05-23T04:12:02.111+0000][2029.853s][gc,phases   ] GC(416)   Evacuate Collection Set: 181.19ms
[2026-05-23T04:12:02.111+0000][2029.853s][gc,phases   ] GC(416)   Post Evacuate Collection Set: 1.20ms
[2026-05-23T04:12:02.111+0000][2029.853s][gc,phases   ] GC(416)   Other: 0.11ms
[2026-05-23T04:12:02.111+0000][2029.853s][gc,heap     ] GC(416) Eden regions: 65->0(67)
[2026-05-23T04:12:02.111+0000][2029.853s][gc,heap     ] GC(416) Survivor regions: 10->8(10)
[2026-05-23T04:12:02.111+0000][2029.853s][gc,heap     ] GC(416) Old regions: 644->647
[2026-05-23T04:12:02.111+0000][2029.853s][gc,heap     ] GC(416) Archive regions: 2->2
[2026-05-23T04:12:02.112+0000][2029.853s][gc,heap     ] GC(416) Humongous regions: 2->2
[2026-05-23T04:12:02.112+0000][2029.853s][gc,metaspace] GC(416) Metaspace: 46281K(46912K)->46281K(46912K) NonClass: 41001K(41344K)->41001K(41344K) Class: 5279K(5568K)->5279K(5568K)
[2026-05-23T04:12:02.112+0000][2029.853s][gc          ] GC(416) Pause Young (Normal) (G1 Evacuation Pause) 11545M->10524M(24240M) 185.944ms
[2026-05-23T04:12:02.112+0000][2029.853s][gc,cpu      ] GC(416) User=0.73s Sys=0.00s Real=0.19s
[2026-05-23T04:12:04.552+0000][2032.293s][gc,start    ] GC(417) Pause Young (Normal) (G1 Evacuation Pause)
[2026-05-23T04:12:04.552+0000][2032.293s][gc,task     ] GC(417) Using 4 workers of 4 for evacuation
[2026-05-23T04:12:04.873+0000][2032.614s][gc,mmu      ] GC(417) MMU target violated: 201.0ms (200.0ms/201.0ms)
[2026-05-23T04:12:04.873+0000][2032.614s][gc,phases   ] GC(417)   Pre Evacuate Collection Set: 0.13ms
[2026-05-23T04:12:04.873+0000][2032.614s][gc,phases   ] GC(417)   Merge Heap Roots: 2.59ms
[2026-05-23T04:12:04.873+0000][2032.614s][gc,phases   ] GC(417)   Evacuate Collection Set: 317.11ms
[2026-05-23T04:12:04.873+0000][2032.614s][gc,phases   ] GC(417)   Post Evacuate Collection Set: 0.99ms
[2026-05-23T04:12:04.873+0000][2032.614s][gc,phases   ] GC(417)   Other: 0.17ms
[2026-05-23T04:12:04.873+0000][2032.614s][gc,heap     ] GC(417) Eden regions: 67->0(65)
[2026-05-23T04:12:04.873+0000][2032.614s][gc,heap     ] GC(417) Survivor regions: 8->10(10)
[2026-05-23T04:12:04.873+0000][2032.614s][gc,heap     ] GC(417) Old regions: 647->656
[2026-05-23T04:12:04.873+0000][2032.614s][gc,heap     ] GC(417) Archive regions: 2->2
[2026-05-23T04:12:04.873+0000][2032.614s][gc,heap     ] GC(417) Humongous regions: 2->2
[2026-05-23T04:12:04.873+0000][2032.614s][gc,metaspace] GC(417) Metaspace: 46281K(46912K)->46281K(46912K) NonClass: 41001K(41344K)->41001K(41344K) Class: 5279K(5568K)->5279K(5568K)
[2026-05-23T04:12:04.873+0000][2032.614s][gc          ] GC(417) Pause Young (Normal) (G1 Evacuation Pause) 11596M->10694M(24240M) 321.078ms
[2026-05-23T04:12:04.873+0000][2032.614s][gc,cpu      ] GC(417) User=1.27s Sys=0.00s Real=0.32s
[2026-05-23T04:12:09.976+0000][2037.717s][gc,start    ] GC(418) Pause Young (Normal) (G1 Evacuation Pause)
[2026-05-23T04:12:09.976+0000][2037.717s][gc,task     ] GC(418) Using 4 workers of 4 for evacuation
[2026-05-23T04:12:10.307+0000][2038.048s][gc,mmu      ] GC(418) MMU target violated: 201.0ms (200.0ms/201.0ms)
[2026-05-23T04:12:10.307+0000][2038.048s][gc,phases   ] GC(418)   Pre Evacuate Collection Set: 0.14ms
[2026-05-23T04:12:10.307+0000][2038.048s][gc,phases   ] GC(418)   Merge Heap Roots: 3.07ms
[2026-05-23T04:12:10.307+0000][2038.048s][gc,phases   ] GC(418)   Evacuate Collection Set: 326.13ms
[2026-05-23T04:12:10.307+0000][2038.048s][gc,phases   ] GC(418)   Post Evacuate Collection Set: 1.34ms
[2026-05-23T04:12:10.307+0000][2038.048s][gc,phases   ] GC(418)   Other: 0.18ms
[2026-05-23T04:12:10.307+0000][2038.048s][gc,heap     ] GC(418) Eden regions: 65->0(65)
[2026-05-23T04:12:10.307+0000][2038.048s][gc,heap     ] GC(418) Survivor regions: 10->10(10)
[2026-05-23T04:12:10.307+0000][2038.048s][gc,heap     ] GC(418) Old regions: 656->665
[2026-05-23T04:12:10.307+0000][2038.048s][gc,heap     ] GC(418) Archive regions: 2->2
[2026-05-23T04:12:10.307+0000][2038.048s][gc,heap     ] GC(418) Humongous regions: 2->2
[2026-05-23T04:12:10.307+0000][2038.048s][gc,metaspace] GC(418) Metaspace: 46281K(46912K)->46281K(46912K) NonClass: 41001K(41344K)->41001K(41344K) Class: 5279K(5568K)->5279K(5568K)
[2026-05-23T04:12:10.307+0000][2038.048s][gc          ] GC(418) Pause Young (Normal) (G1 Evacuation Pause) 11734M->10843M(24240M) 330.927ms
[2026-05-23T04:12:10.307+0000][2038.048s][gc,cpu      ] GC(418) User=1.31s Sys=0.00s Real=0.33s
[2026-05-23T04:12:15.402+0000][2043.143s][gc,start    ] GC(419) Pause Young (Normal) (G1 Evacuation Pause)
[2026-05-23T04:12:15.402+0000][2043.143s][gc,task     ] GC(419) Using 4 workers of 4 for evacuation
[2026-05-23T04:12:15.749+0000][2043.490s][gc,mmu      ] GC(419) MMU target violated: 201.0ms (200.0ms/201.0ms)
[2026-05-23T04:12:15.749+0000][2043.490s][gc,phases   ] GC(419)   Pre Evacuate Collection Set: 0.15ms
[2026-05-23T04:12:15.749+0000][2043.490s][gc,phases   ] GC(419)   Merge Heap Roots: 3.76ms
[2026-05-23T04:12:15.749+0000][2043.490s][gc,phases   ] GC(419)   Evacuate Collection Set: 341.37ms
[2026-05-23T04:12:15.749+0000][2043.490s][gc,phases   ] GC(419)   Post Evacuate Collection Set: 1.31ms
[2026-05-23T04:12:15.749+0000][2043.490s][gc,phases   ] GC(419)   Other: 0.15ms
[2026-05-23T04:12:15.749+0000][2043.490s][gc,heap     ] GC(419) Eden regions: 65->0(65)
[2026-05-23T04:12:15.749+0000][2043.490s][gc,heap     ] GC(419) Survivor regions: 10->10(10)
[2026-05-23T04:12:15.749+0000][2043.490s][gc,heap     ] GC(419) Old regions: 665->674
[2026-05-23T04:12:15.749+0000][2043.490s][gc,heap     ] GC(419) Archive regions: 2->2
[2026-05-23T04:12:15.749+0000][2043.490s][gc,heap     ] GC(419) Humongous regions: 2->2
[2026-05-23T04:12:15.749+0000][2043.490s][gc,metaspace] GC(419) Metaspace: 46281K(46912K)->46281K(46912K) NonClass: 41001K(41344K)->41001K(41344K) Class: 5279K(5568K)->5279K(5568K)
[2026-05-23T04:12:15.749+0000][2043.490s][gc          ] GC(419) Pause Young (Normal) (G1 Evacuation Pause) 11883M->10991M(24240M) 346.797ms
[2026-05-23T04:12:15.749+0000][2043.490s][gc,cpu      ] GC(419) User=1.37s Sys=0.00s Real=0.35s
[2026-05-23T04:12:23.429+0000][2051.170s][gc,start    ] GC(420) Pause Young (Normal) (G1 Evacuation Pause)
[2026-05-23T04:12:23.429+0000][2051.170s][gc,task     ] GC(420) Using 4 workers of 4 for evacuation
[2026-05-23T04:12:23.729+0000][2051.470s][gc,mmu      ] GC(420) MMU target violated: 201.0ms (200.0ms/201.0ms)
[2026-05-23T04:12:23.729+0000][2051.470s][gc,phases   ] GC(420)   Pre Evacuate Collection Set: 0.13ms
[2026-05-23T04:12:23.729+0000][2051.470s][gc,phases   ] GC(420)   Merge Heap Roots: 4.09ms
[2026-05-23T04:12:23.729+0000][2051.470s][gc,phases   ] GC(420)   Evacuate Collection Set: 294.34ms
[2026-05-23T04:12:23.729+0000][2051.470s][gc,phases   ] GC(420)   Post Evacuate Collection Set: 1.33ms
[2026-05-23T04:12:23.729+0000][2051.470s][gc,phases   ] GC(420)   Other: 0.15ms
[2026-05-23T04:12:23.729+0000][2051.470s][gc,heap     ] GC(420) Eden regions: 65->0(65)
[2026-05-23T04:12:23.729+0000][2051.470s][gc,heap     ] GC(420) Survivor regions: 10->10(10)
[2026-05-23T04:12:23.729+0000][2051.470s][gc,heap     ] GC(420) Old regions: 674->679
[2026-05-23T04:12:23.729+0000][2051.470s][gc,heap     ] GC(420) Archive regions: 2->2
[2026-05-23T04:12:23.729+0000][2051.470s][gc,heap     ] GC(420) Humongous regions: 2->2
[2026-05-23T04:12:23.729+0000][2051.470s][gc,metaspace] GC(420) Metaspace: 46281K(46912K)->46281K(46912K) NonClass: 41001K(41344K)->41001K(41344K) Class: 5279K(5568K)->5279K(5568K)
[2026-05-23T04:12:23.729+0000][2051.470s][gc          ] GC(420) Pause Young (Normal) (G1 Evacuation Pause) 12031M->11068M(24240M) 300.101ms
[2026-05-23T04:12:23.729+0000][2051.470s][gc,cpu      ] GC(420) User=1.18s Sys=0.00s Real=0.30s
[2026-05-23T04:12:27.968+0000][2055.709s][gc,start    ] GC(421) Pause Young (Normal) (G1 Evacuation Pause)
[2026-05-23T04:12:27.968+0000][2055.709s][gc,task     ] GC(421) Using 4 workers of 4 for evacuation
[2026-05-23T04:12:28.300+0000][2056.041s][gc,mmu      ] GC(421) MMU target violated: 201.0ms (200.0ms/201.0ms)
[2026-05-23T04:12:28.300+0000][2056.041s][gc,phases   ] GC(421)   Pre Evacuate Collection Set: 0.13ms
[2026-05-23T04:12:28.300+0000][2056.041s][gc,phases   ] GC(421)   Merge Heap Roots: 2.77ms
[2026-05-23T04:12:28.300+0000][2056.041s][gc,phases   ] GC(421)   Evacuate Collection Set: 327.38ms
[2026-05-23T04:12:28.300+0000][2056.041s][gc,phases   ] GC(421)   Post Evacuate Collection Set: 1.06ms
[2026-05-23T04:12:28.300+0000][2056.041s][gc,phases   ] GC(421)   Other: 0.15ms
[2026-05-23T04:12:28.300+0000][2056.041s][gc,heap     ] GC(421) Eden regions: 65->0(65)
[2026-05-23T04:12:28.300+0000][2056.041s][gc,heap     ] GC(421) Survivor regions: 10->10(10)
[2026-05-23T04:12:28.300+0000][2056.041s][gc,heap     ] GC(421) Old regions: 679->686
[2026-05-23T04:12:28.300+0000][2056.041s][gc,heap     ] GC(421) Archive regions: 2->2
[2026-05-23T04:12:28.300+0000][2056.041s][gc,heap     ] GC(421) Humongous regions: 2->2
[2026-05-23T04:12:28.300+0000][2056.041s][gc,metaspace] GC(421) Metaspace: 46281K(46912K)->46281K(46912K) NonClass: 41001K(41344K)->41001K(41344K) Class: 5279K(5568K)->5279K(5568K)
[2026-05-23T04:12:28.300+0000][2056.041s][gc          ] GC(421) Pause Young (Normal) (G1 Evacuation Pause) 12108M->11183M(24240M) 331.551ms
[2026-05-23T04:12:28.300+0000][2056.041s][gc,cpu      ] GC(421) User=1.30s Sys=0.00s Real=0.34s
[2026-05-23T04:12:34.073+0000][2061.814s][gc,start    ] GC(422) Pause Young (Normal) (G1 Evacuation Pause)
[2026-05-23T04:12:34.073+0000][2061.814s][gc,task     ] GC(422) Using 4 workers of 4 for evacuation
[2026-05-23T04:12:34.345+0000][2062.086s][gc,mmu      ] GC(422) MMU target violated: 201.0ms (200.0ms/201.0ms)
[2026-05-23T04:12:34.345+0000][2062.086s][gc,phases   ] GC(422)   Pre Evacuate Collection Set: 0.18ms
[2026-05-23T04:12:34.345+0000][2062.086s][gc,phases   ] GC(422)   Merge Heap Roots: 2.74ms
[2026-05-23T04:12:34.345+0000][2062.086s][gc,phases   ] GC(422)   Evacuate Collection Set: 267.90ms
[2026-05-23T04:12:34.345+0000][2062.086s][gc,phases   ] GC(422)   Post Evacuate Collection Set: 1.13ms
[2026-05-23T04:12:34.345+0000][2062.086s][gc,phases   ] GC(422)   Other: 0.15ms
[2026-05-23T04:12:34.345+0000][2062.086s][gc,heap     ] GC(422) Eden regions: 65->0(66)
[2026-05-23T04:12:34.345+0000][2062.086s][gc,heap     ] GC(422) Survivor regions: 10->9(10)
[2026-05-23T04:12:34.345+0000][2062.086s][gc,heap     ] GC(422) Old regions: 686->693
[2026-05-23T04:12:34.345+0000][2062.086s][gc,heap     ] GC(422) Archive regions: 2->2
[2026-05-23T04:12:34.345+0000][2062.086s][gc,heap     ] GC(422) Humongous regions: 2->2
[2026-05-23T04:12:34.345+0000][2062.086s][gc,metaspace] GC(422) Metaspace: 46281K(46912K)->46281K(46912K) NonClass: 41001K(41344K)->41001K(41344K) Class: 5279K(5568K)->5279K(5568K)
[2026-05-23T04:12:34.345+0000][2062.086s][gc          ] GC(422) Pause Young (Normal) (G1 Evacuation Pause) 12223M->11271M(24240M) 272.169ms
[2026-05-23T04:12:34.345+0000][2062.086s][gc,cpu      ] GC(422) User=1.07s Sys=0.00s Real=0.27s
[2026-05-23T04:12:43.223+0000][2070.964s][gc,start    ] GC(423) Pause Young (Normal) (G1 Evacuation Pause)
[2026-05-23T04:12:43.223+0000][2070.964s][gc,task     ] GC(423) Using 4 workers of 4 for evacuation
[2026-05-23T04:12:43.446+0000][2071.187s][gc,mmu      ] GC(423) MMU target violated: 201.0ms (200.0ms/201.0ms)
[2026-05-23T04:12:43.446+0000][2071.187s][gc,phases   ] GC(423)   Pre Evacuate Collection Set: 0.13ms
[2026-05-23T04:12:43.446+0000][2071.187s][gc,phases   ] GC(423)   Merge Heap Roots: 3.88ms
[2026-05-23T04:12:43.446+0000][2071.187s][gc,phases   ] GC(423)   Evacuate Collection Set: 217.23ms
[2026-05-23T04:12:43.446+0000][2071.187s][gc,phases   ] GC(423)   Post Evacuate Collection Set: 1.08ms
[2026-05-23T04:12:43.446+0000][2071.187s][gc,phases   ] GC(423)   Other: 0.19ms
[2026-05-23T04:12:43.446+0000][2071.187s][gc,heap     ] GC(423) Eden regions: 66->0(67)
[2026-05-23T04:12:43.446+0000][2071.187s][gc,heap     ] GC(423) Survivor regions: 9->8(10)
[2026-05-23T04:12:43.446+0000][2071.187s][gc,heap     ] GC(423) Old regions: 693->697
[2026-05-23T04:12:43.446+0000][2071.187s][gc,heap     ] GC(423) Archive regions: 2->2
[2026-05-23T04:12:43.446+0000][2071.187s][gc,heap     ] GC(423) Humongous regions: 2->2
[2026-05-23T04:12:43.446+0000][2071.187s][gc,metaspace] GC(423) Metaspace: 46281K(46912K)->46281K(46912K) NonClass: 41001K(41344K)->41001K(41344K) Class: 5279K(5568K)->5279K(5568K)
[2026-05-23T04:12:43.446+0000][2071.187s][gc          ] GC(423) Pause Young (Normal) (G1 Evacuation Pause) 12327M->11319M(24240M) 222.559ms
[2026-05-23T04:12:43.446+0000][2071.187s][gc,cpu      ] GC(423) User=0.88s Sys=0.00s Real=0.22s
[2026-05-23T04:12:52.872+0000][2080.613s][gc,start    ] GC(424) Pause Young (Normal) (G1 Evacuation Pause)
[2026-05-23T04:12:52.872+0000][2080.613s][gc,task     ] GC(424) Using 4 workers of 4 for evacuation
[2026-05-23T04:12:53.034+0000][2080.775s][gc,phases   ] GC(424)   Pre Evacuate Collection Set: 0.19ms
[2026-05-23T04:12:53.034+0000][2080.775s][gc,phases   ] GC(424)   Merge Heap Roots: 2.70ms
[2026-05-23T04:12:53.034+0000][2080.775s][gc,phases   ] GC(424)   Evacuate Collection Set: 158.00ms
[2026-05-23T04:12:53.034+0000][2080.775s][gc,phases   ] GC(424)   Post Evacuate Collection Set: 0.96ms
[2026-05-23T04:12:53.034+0000][2080.775s][gc,phases   ] GC(424)   Other: 0.11ms
[2026-05-23T04:12:53.034+0000][2080.775s][gc,heap     ] GC(424) Eden regions: 67->0(69)
[2026-05-23T04:12:53.034+0000][2080.775s][gc,heap     ] GC(424) Survivor regions: 8->6(10)
[2026-05-23T04:12:53.034+0000][2080.775s][gc,heap     ] GC(424) Old regions: 697->699
[2026-05-23T04:12:53.034+0000][2080.775s][gc,heap     ] GC(424) Archive regions: 2->2
[2026-05-23T04:12:53.034+0000][2080.775s][gc,heap     ] GC(424) Humongous regions: 2->2
[2026-05-23T04:12:53.034+0000][2080.775s][gc,metaspace] GC(424) Metaspace: 46284K(46912K)->46284K(46912K) NonClass: 41004K(41344K)->41004K(41344K) Class: 5279K(5568K)->5279K(5568K)
[2026-05-23T04:12:53.034+0000][2080.775s][gc          ] GC(424) Pause Young (Normal) (G1 Evacuation Pause) 12391M->11325M(24240M) 162.057ms
[2026-05-23T04:12:53.034+0000][2080.775s][gc,cpu      ] GC(424) User=0.64s Sys=0.00s Real=0.16s
[2026-05-23T04:12:59.610+0000][2087.351s][gc,start    ] GC(425) Pause Young (Normal) (G1 Evacuation Pause)
[2026-05-23T04:12:59.610+0000][2087.351s][gc,task     ] GC(425) Using 4 workers of 4 for evacuation
[2026-05-23T04:12:59.840+0000][2087.581s][gc,mmu      ] GC(425) MMU target violated: 201.0ms (200.0ms/201.0ms)
[2026-05-23T04:12:59.840+0000][2087.581s][gc,phases   ] GC(425)   Pre Evacuate Collection Set: 0.13ms
[2026-05-23T04:12:59.840+0000][2087.581s][gc,phases   ] GC(425)   Merge Heap Roots: 2.04ms
[2026-05-23T04:12:59.840+0000][2087.581s][gc,phases   ] GC(425)   Evacuate Collection Set: 227.40ms
[2026-05-23T04:12:59.840+0000][2087.581s][gc,phases   ] GC(425)   Post Evacuate Collection Set: 0.81ms
[2026-05-23T04:12:59.840+0000][2087.581s][gc,phases   ] GC(425)   Other: 0.17ms
[2026-05-23T04:12:59.840+0000][2087.581s][gc,heap     ] GC(425) Eden regions: 69->0(65)
[2026-05-23T04:12:59.840+0000][2087.581s][gc,heap     ] GC(425) Survivor regions: 6->10(10)
[2026-05-23T04:12:59.840+0000][2087.581s][gc,heap     ] GC(425) Old regions: 699->703
[2026-05-23T04:12:59.840+0000][2087.581s][gc,heap     ] GC(425) Archive regions: 2->2
[2026-05-23T04:12:59.840+0000][2087.581s][gc,heap     ] GC(425) Humongous regions: 2->2
[2026-05-23T04:12:59.840+0000][2087.581s][gc,metaspace] GC(425) Metaspace: 46284K(46912K)->46284K(46912K) NonClass: 41004K(41344K)->41004K(41344K) Class: 5279K(5568K)->5279K(5568K)
[2026-05-23T04:12:59.840+0000][2087.581s][gc          ] GC(425) Pause Young (Normal) (G1 Evacuation Pause) 12429M->11443M(24240M) 230.595ms
[2026-05-23T04:12:59.840+0000][2087.581s][gc,cpu      ] GC(425) User=0.91s Sys=0.00s Real=0.23s
[2026-05-23T04:13:06.492+0000][2094.233s][gc,start    ] GC(426) Pause Young (Normal) (G1 Evacuation Pause)
[2026-05-23T04:13:06.492+0000][2094.233s][gc,task     ] GC(426) Using 4 workers of 4 for evacuation
[2026-05-23T04:13:06.714+0000][2094.456s][gc,mmu      ] GC(426) MMU target violated: 201.0ms (200.0ms/201.0ms)
[2026-05-23T04:13:06.715+0000][2094.456s][gc,phases   ] GC(426)   Pre Evacuate Collection Set: 0.12ms
[2026-05-23T04:13:06.715+0000][2094.456s][gc,phases   ] GC(426)   Merge Heap Roots: 2.19ms
[2026-05-23T04:13:06.715+0000][2094.456s][gc,phases   ] GC(426)   Evacuate Collection Set: 219.05ms
[2026-05-23T04:13:06.715+0000][2094.456s][gc,phases   ] GC(426)   Post Evacuate Collection Set: 1.02ms
[2026-05-23T04:13:06.715+0000][2094.456s][gc,phases   ] GC(426)   Other: 0.17ms
[2026-05-23T04:13:06.715+0000][2094.456s][gc,heap     ] GC(426) Eden regions: 65->0(67)
[2026-05-23T04:13:06.715+0000][2094.456s][gc,heap     ] GC(426) Survivor regions: 10->8(10)
[2026-05-23T04:13:06.715+0000][2094.456s][gc,heap     ] GC(426) Old regions: 703->708
[2026-05-23T04:13:06.715+0000][2094.456s][gc,heap     ] GC(426) Archive regions: 2->2
[2026-05-23T04:13:06.715+0000][2094.456s][gc,heap     ] GC(426) Humongous regions: 2->2
[2026-05-23T04:13:06.715+0000][2094.456s][gc,metaspace] GC(426) Metaspace: 46284K(46912K)->46284K(46912K) NonClass: 41004K(41344K)->41004K(41344K) Class: 5279K(5568K)->5279K(5568K)
[2026-05-23T04:13:06.715+0000][2094.456s][gc          ] GC(426) Pause Young (Normal) (G1 Evacuation Pause) 12483M->11500M(24240M) 222.634ms
[2026-05-23T04:13:06.715+0000][2094.456s][gc,cpu      ] GC(426) User=0.87s Sys=0.00s Real=0.22s
[2026-05-23T04:13:08.980+0000][2096.721s][gc,start    ] GC(427) Pause Young (Normal) (G1 Evacuation Pause)
[2026-05-23T04:13:08.980+0000][2096.721s][gc,task     ] GC(427) Using 4 workers of 4 for evacuation
[2026-05-23T04:13:09.272+0000][2097.013s][gc,mmu      ] GC(427) MMU target violated: 201.0ms (200.0ms/201.0ms)
[2026-05-23T04:13:09.272+0000][2097.013s][gc,phases   ] GC(427)   Pre Evacuate Collection Set: 0.12ms
[2026-05-23T04:13:09.272+0000][2097.013s][gc,phases   ] GC(427)   Merge Heap Roots: 2.31ms
[2026-05-23T04:13:09.272+0000][2097.013s][gc,phases   ] GC(427)   Evacuate Collection Set: 288.37ms
[2026-05-23T04:13:09.272+0000][2097.013s][gc,phases   ] GC(427)   Post Evacuate Collection Set: 1.25ms
[2026-05-23T04:13:09.272+0000][2097.013s][gc,phases   ] GC(427)   Other: 0.18ms
[2026-05-23T04:13:09.272+0000][2097.013s][gc,heap     ] GC(427) Eden regions: 67->0(65)
[2026-05-23T04:13:09.272+0000][2097.013s][gc,heap     ] GC(427) Survivor regions: 8->10(10)
[2026-05-23T04:13:09.272+0000][2097.013s][gc,heap     ] GC(427) Old regions: 708->716
[2026-05-23T04:13:09.272+0000][2097.013s][gc,heap     ] GC(427) Archive regions: 2->2
[2026-05-23T04:13:09.272+0000][2097.013s][gc,heap     ] GC(427) Humongous regions: 2->2
[2026-05-23T04:13:09.272+0000][2097.013s][gc,metaspace] GC(427) Metaspace: 46284K(46912K)->46284K(46912K) NonClass: 41004K(41344K)->41004K(41344K) Class: 5279K(5568K)->5279K(5568K)
[2026-05-23T04:13:09.272+0000][2097.013s][gc          ] GC(427) Pause Young (Normal) (G1 Evacuation Pause) 12572M->11655M(24240M) 292.293ms
[2026-05-23T04:13:09.272+0000][2097.013s][gc,cpu      ] GC(427) User=1.15s Sys=0.00s Real=0.29s
[2026-05-23T04:13:11.295+0000][2099.036s][gc,start    ] GC(428) Pause Young (Normal) (G1 Evacuation Pause)
[2026-05-23T04:13:11.295+0000][2099.036s][gc,task     ] GC(428) Using 4 workers of 4 for evacuation
[2026-05-23T04:13:11.601+0000][2099.342s][gc,mmu      ] GC(428) MMU target violated: 201.0ms (200.0ms/201.0ms)
[2026-05-23T04:13:11.601+0000][2099.342s][gc,phases   ] GC(428)   Pre Evacuate Collection Set: 0.14ms
[2026-05-23T04:13:11.601+0000][2099.342s][gc,phases   ] GC(428)   Merge Heap Roots: 2.84ms
[2026-05-23T04:13:11.601+0000][2099.342s][gc,phases   ] GC(428)   Evacuate Collection Set: 301.90ms
[2026-05-23T04:13:11.601+0000][2099.342s][gc,phases   ] GC(428)   Post Evacuate Collection Set: 1.09ms
[2026-05-23T04:13:11.601+0000][2099.342s][gc,phases   ] GC(428)   Other: 0.14ms
[2026-05-23T04:13:11.601+0000][2099.342s][gc,heap     ] GC(428) Eden regions: 65->0(66)
[2026-05-23T04:13:11.601+0000][2099.342s][gc,heap     ] GC(428) Survivor regions: 10->9(10)
[2026-05-23T04:13:11.601+0000][2099.342s][gc,heap     ] GC(428) Old regions: 716->727
[2026-05-23T04:13:11.601+0000][2099.342s][gc,heap     ] GC(428) Archive regions: 2->2
[2026-05-23T04:13:11.601+0000][2099.342s][gc,heap     ] GC(428) Humongous regions: 2->2
[2026-05-23T04:13:11.601+0000][2099.342s][gc,metaspace] GC(428) Metaspace: 46284K(46912K)->46284K(46912K) NonClass: 41004K(41344K)->41004K(41344K) Class: 5279K(5568K)->5279K(5568K)
[2026-05-23T04:13:11.601+0000][2099.342s][gc          ] GC(428) Pause Young (Normal) (G1 Evacuation Pause) 12695M->11804M(24240M) 306.161ms
[2026-05-23T04:13:11.601+0000][2099.342s][gc,cpu      ] GC(428) User=1.21s Sys=0.00s Real=0.31s
[2026-05-23T04:13:19.854+0000][2107.595s][gc,start    ] GC(429) Pause Young (Normal) (G1 Evacuation Pause)
[2026-05-23T04:13:19.854+0000][2107.595s][gc,task     ] GC(429) Using 4 workers of 4 for evacuation
[2026-05-23T04:13:20.140+0000][2107.881s][gc,mmu      ] GC(429) MMU target violated: 201.0ms (200.0ms/201.0ms)
[2026-05-23T04:13:20.140+0000][2107.881s][gc,phases   ] GC(429)   Pre Evacuate Collection Set: 0.18ms
[2026-05-23T04:13:20.140+0000][2107.881s][gc,phases   ] GC(429)   Merge Heap Roots: 4.01ms
[2026-05-23T04:13:20.140+0000][2107.881s][gc,phases   ] GC(429)   Evacuate Collection Set: 280.83ms
[2026-05-23T04:13:20.140+0000][2107.881s][gc,phases   ] GC(429)   Post Evacuate Collection Set: 1.45ms
[2026-05-23T04:13:20.140+0000][2107.881s][gc,phases   ] GC(429)   Other: 0.18ms
[2026-05-23T04:13:20.140+0000][2107.881s][gc,heap     ] GC(429) Eden regions: 66->0(66)
[2026-05-23T04:13:20.140+0000][2107.881s][gc,heap     ] GC(429) Survivor regions: 9->9(10)
[2026-05-23T04:13:20.140+0000][2107.881s][gc,heap     ] GC(429) Old regions: 727->732
[2026-05-23T04:13:20.140+0000][2107.881s][gc,heap     ] GC(429) Archive regions: 2->2
[2026-05-23T04:13:20.140+0000][2107.881s][gc,heap     ] GC(429) Humongous regions: 2->2
[2026-05-23T04:13:20.140+0000][2107.881s][gc,metaspace] GC(429) Metaspace: 46284K(46912K)->46284K(46912K) NonClass: 41004K(41344K)->41004K(41344K) Class: 5279K(5568K)->5279K(5568K)
[2026-05-23T04:13:20.140+0000][2107.881s][gc          ] GC(429) Pause Young (Normal) (G1 Evacuation Pause) 12860M->11885M(24240M) 286.706ms
[2026-05-23T04:13:20.140+0000][2107.881s][gc,cpu      ] GC(429) User=1.13s Sys=0.00s Real=0.29s
[2026-05-23T04:13:22.451+0000][2110.192s][gc,start    ] GC(430) Pause Young (Normal) (G1 Evacuation Pause)
[2026-05-23T04:13:22.451+0000][2110.192s][gc,task     ] GC(430) Using 4 workers of 4 for evacuation
[2026-05-23T04:13:22.801+0000][2110.542s][gc,mmu      ] GC(430) MMU target violated: 201.0ms (200.0ms/201.0ms)
[2026-05-23T04:13:22.801+0000][2110.542s][gc,phases   ] GC(430)   Pre Evacuate Collection Set: 0.13ms
[2026-05-23T04:13:22.801+0000][2110.542s][gc,phases   ] GC(430)   Merge Heap Roots: 3.71ms
[2026-05-23T04:13:22.801+0000][2110.542s][gc,phases   ] GC(430)   Evacuate Collection Set: 345.35ms
[2026-05-23T04:13:22.801+0000][2110.542s][gc,phases   ] GC(430)   Post Evacuate Collection Set: 1.08ms
[2026-05-23T04:13:22.801+0000][2110.542s][gc,phases   ] GC(430)   Other: 0.16ms
[2026-05-23T04:13:22.801+0000][2110.542s][gc,heap     ] GC(430) Eden regions: 66->0(65)
[2026-05-23T04:13:22.801+0000][2110.542s][gc,heap     ] GC(430) Survivor regions: 9->10(10)
[2026-05-23T04:13:22.801+0000][2110.542s][gc,heap     ] GC(430) Old regions: 732->740
[2026-05-23T04:13:22.801+0000][2110.542s][gc,heap     ] GC(430) Archive regions: 2->2
[2026-05-23T04:13:22.801+0000][2110.542s][gc,heap     ] GC(430) Humongous regions: 2->2
[2026-05-23T04:13:22.801+0000][2110.542s][gc,metaspace] GC(430) Metaspace: 46284K(46912K)->46284K(46912K) NonClass: 41004K(41344K)->41004K(41344K) Class: 5279K(5568K)->5279K(5568K)
[2026-05-23T04:13:22.801+0000][2110.542s][gc          ] GC(430) Pause Young (Normal) (G1 Evacuation Pause) 12941M->12040M(24240M) 350.483ms
[2026-05-23T04:13:22.801+0000][2110.542s][gc,cpu      ] GC(430) User=1.39s Sys=0.00s Real=0.35s
[2026-05-23T04:13:24.816+0000][2112.557s][gc,start    ] GC(431) Pause Young (Normal) (G1 Evacuation Pause)
[2026-05-23T04:13:24.816+0000][2112.557s][gc,task     ] GC(431) Using 4 workers of 4 for evacuation
[2026-05-23T04:13:25.107+0000][2112.848s][gc,mmu      ] GC(431) MMU target violated: 201.0ms (200.0ms/201.0ms)
[2026-05-23T04:13:25.107+0000][2112.848s][gc,phases   ] GC(431)   Pre Evacuate Collection Set: 0.14ms
[2026-05-23T04:13:25.107+0000][2112.848s][gc,phases   ] GC(431)   Merge Heap Roots: 2.66ms
[2026-05-23T04:13:25.107+0000][2112.848s][gc,phases   ] GC(431)   Evacuate Collection Set: 286.69ms
[2026-05-23T04:13:25.107+0000][2112.848s][gc,phases   ] GC(431)   Post Evacuate Collection Set: 1.15ms
[2026-05-23T04:13:25.107+0000][2112.848s][gc,phases   ] GC(431)   Other: 0.18ms
[2026-05-23T04:13:25.107+0000][2112.848s][gc,heap     ] GC(431) Eden regions: 65->0(67)
[2026-05-23T04:13:25.107+0000][2112.848s][gc,heap     ] GC(431) Survivor regions: 10->8(10)
[2026-05-23T04:13:25.107+0000][2112.848s][gc,heap     ] GC(431) Old regions: 740->750
[2026-05-23T04:13:25.107+0000][2112.848s][gc,heap     ] GC(431) Archive regions: 2->2
[2026-05-23T04:13:25.107+0000][2112.848s][gc,heap     ] GC(431) Humongous regions: 2->2
[2026-05-23T04:13:25.107+0000][2112.848s][gc,metaspace] GC(431) Metaspace: 46284K(46912K)->46284K(46912K) NonClass: 41004K(41344K)->41004K(41344K) Class: 5279K(5568K)->5279K(5568K)
[2026-05-23T04:13:25.107+0000][2112.848s][gc          ] GC(431) Pause Young (Normal) (G1 Evacuation Pause) 13080M->12163M(24240M) 290.876ms
[2026-05-23T04:13:25.107+0000][2112.848s][gc,cpu      ] GC(431) User=1.14s Sys=0.01s Real=0.29s
[2026-05-23T04:13:33.010+0000][2120.751s][gc,start    ] GC(432) Pause Young (Normal) (G1 Evacuation Pause)
[2026-05-23T04:13:33.010+0000][2120.751s][gc,task     ] GC(432) Using 4 workers of 4 for evacuation
[2026-05-23T04:13:33.345+0000][2121.086s][gc,mmu      ] GC(432) MMU target violated: 201.0ms (200.0ms/201.0ms)
[2026-05-23T04:13:33.345+0000][2121.086s][gc,phases   ] GC(432)   Pre Evacuate Collection Set: 0.13ms
[2026-05-23T04:13:33.345+0000][2121.086s][gc,phases   ] GC(432)   Merge Heap Roots: 4.94ms
[2026-05-23T04:13:33.345+0000][2121.086s][gc,phases   ] GC(432)   Evacuate Collection Set: 327.85ms
[2026-05-23T04:13:33.345+0000][2121.086s][gc,phases   ] GC(432)   Post Evacuate Collection Set: 1.61ms
[2026-05-23T04:13:33.345+0000][2121.086s][gc,phases   ] GC(432)   Other: 0.17ms
[2026-05-23T04:13:33.345+0000][2121.086s][gc,heap     ] GC(432) Eden regions: 67->0(65)
[2026-05-23T04:13:33.345+0000][2121.086s][gc,heap     ] GC(432) Survivor regions: 8->10(10)
[2026-05-23T04:13:33.345+0000][2121.086s][gc,heap     ] GC(432) Old regions: 750->755
[2026-05-23T04:13:33.345+0000][2121.086s][gc,heap     ] GC(432) Archive regions: 2->2
[2026-05-23T04:13:33.345+0000][2121.086s][gc,heap     ] GC(432) Humongous regions: 2->2
[2026-05-23T04:13:33.345+0000][2121.086s][gc,metaspace] GC(432) Metaspace: 46285K(46912K)->46285K(46912K) NonClass: 41005K(41344K)->41005K(41344K) Class: 5279K(5568K)->5279K(5568K)
[2026-05-23T04:13:33.345+0000][2121.086s][gc          ] GC(432) Pause Young (Normal) (G1 Evacuation Pause) 13235M->12278M(24240M) 334.751ms
[2026-05-23T04:13:33.345+0000][2121.086s][gc,cpu      ] GC(432) User=1.32s Sys=0.00s Real=0.33s
[2026-05-23T04:13:39.971+0000][2127.712s][gc,start    ] GC(433) Pause Young (Normal) (G1 Evacuation Pause)
[2026-05-23T04:13:39.971+0000][2127.712s][gc,task     ] GC(433) Using 4 workers of 4 for evacuation
[2026-05-23T04:13:40.338+0000][2128.079s][gc,mmu      ] GC(433) MMU target violated: 201.0ms (200.0ms/201.0ms)
[2026-05-23T04:13:40.338+0000][2128.079s][gc,phases   ] GC(433)   Pre Evacuate Collection Set: 0.14ms
[2026-05-23T04:13:40.338+0000][2128.079s][gc,phases   ] GC(433)   Merge Heap Roots: 4.90ms
[2026-05-23T04:13:40.338+0000][2128.079s][gc,phases   ] GC(433)   Evacuate Collection Set: 360.71ms
[2026-05-23T04:13:40.338+0000][2128.079s][gc,phases   ] GC(433)   Post Evacuate Collection Set: 1.28ms
[2026-05-23T04:13:40.338+0000][2128.079s][gc,phases   ] GC(433)   Other: 0.16ms
[2026-05-23T04:13:40.338+0000][2128.079s][gc,heap     ] GC(433) Eden regions: 65->0(65)
[2026-05-23T04:13:40.338+0000][2128.079s][gc,heap     ] GC(433) Survivor regions: 10->10(10)
[2026-05-23T04:13:40.338+0000][2128.079s][gc,heap     ] GC(433) Old regions: 755->761
[2026-05-23T04:13:40.338+0000][2128.079s][gc,heap     ] GC(433) Archive regions: 2->2
[2026-05-23T04:13:40.338+0000][2128.079s][gc,heap     ] GC(433) Humongous regions: 2->2
[2026-05-23T04:13:40.338+0000][2128.079s][gc,metaspace] GC(433) Metaspace: 46285K(46912K)->46285K(46912K) NonClass: 41005K(41344K)->41005K(41344K) Class: 5279K(5568K)->5279K(5568K)
[2026-05-23T04:13:40.338+0000][2128.079s][gc          ] GC(433) Pause Young (Normal) (G1 Evacuation Pause) 13318M->12382M(24240M) 367.247ms
[2026-05-23T04:13:40.338+0000][2128.079s][gc,cpu      ] GC(433) User=1.45s Sys=0.00s Real=0.36s
[2026-05-23T04:13:49.793+0000][2137.534s][gc,start    ] GC(434) Pause Young (Normal) (G1 Evacuation Pause)
[2026-05-23T04:13:49.793+0000][2137.534s][gc,task     ] GC(434) Using 4 workers of 4 for evacuation
[2026-05-23T04:13:49.961+0000][2137.702s][gc,phases   ] GC(434)   Pre Evacuate Collection Set: 0.14ms
[2026-05-23T04:13:49.961+0000][2137.702s][gc,phases   ] GC(434)   Merge Heap Roots: 3.26ms
[2026-05-23T04:13:49.961+0000][2137.702s][gc,phases   ] GC(434)   Evacuate Collection Set: 163.85ms
[2026-05-23T04:13:49.961+0000][2137.702s][gc,phases   ] GC(434)   Post Evacuate Collection Set: 0.74ms
[2026-05-23T04:13:49.961+0000][2137.702s][gc,phases   ] GC(434)   Other: 0.11ms
[2026-05-23T04:13:49.961+0000][2137.702s][gc,heap     ] GC(434) Eden regions: 65->0(70)
[2026-05-23T04:13:49.961+0000][2137.702s][gc,heap     ] GC(434) Survivor regions: 10->5(10)
[2026-05-23T04:13:49.961+0000][2137.702s][gc,heap     ] GC(434) Old regions: 761->764
[2026-05-23T04:13:49.961+0000][2137.702s][gc,heap     ] GC(434) Archive regions: 2->2
[2026-05-23T04:13:49.961+0000][2137.702s][gc,heap     ] GC(434) Humongous regions: 2->2
[2026-05-23T04:13:49.961+0000][2137.702s][gc,metaspace] GC(434) Metaspace: 46291K(46912K)->46291K(46912K) NonClass: 41010K(41344K)->41010K(41344K) Class: 5280K(5568K)->5280K(5568K)
[2026-05-23T04:13:49.961+0000][2137.702s][gc          ] GC(434) Pause Young (Normal) (G1 Evacuation Pause) 13422M->12343M(24240M) 168.211ms
[2026-05-23T04:13:49.961+0000][2137.702s][gc,cpu      ] GC(434) User=0.67s Sys=0.00s Real=0.17s
[2026-05-23T04:13:52.740+0000][2140.481s][gc,start    ] GC(435) Pause Young (Normal) (G1 Evacuation Pause)
[2026-05-23T04:13:52.740+0000][2140.481s][gc,task     ] GC(435) Using 4 workers of 4 for evacuation
[2026-05-23T04:13:53.003+0000][2140.744s][gc,mmu      ] GC(435) MMU target violated: 201.0ms (200.0ms/201.0ms)
[2026-05-23T04:13:53.003+0000][2140.744s][gc,phases   ] GC(435)   Pre Evacuate Collection Set: 0.19ms
[2026-05-23T04:13:53.003+0000][2140.744s][gc,phases   ] GC(435)   Merge Heap Roots: 0.69ms
[2026-05-23T04:13:53.003+0000][2140.744s][gc,phases   ] GC(435)   Evacuate Collection Set: 261.87ms
[2026-05-23T04:13:53.003+0000][2140.744s][gc,phases   ] GC(435)   Post Evacuate Collection Set: 0.78ms
[2026-05-23T04:13:53.003+0000][2140.744s][gc,phases   ] GC(435)   Other: 0.16ms
[2026-05-23T04:13:53.003+0000][2140.744s][gc,heap     ] GC(435) Eden regions: 70->0(65)
[2026-05-23T04:13:53.003+0000][2140.744s][gc,heap     ] GC(435) Survivor regions: 5->10(10)
[2026-05-23T04:13:53.003+0000][2140.744s][gc,heap     ] GC(435) Old regions: 764->770
[2026-05-23T04:13:53.003+0000][2140.744s][gc,heap     ] GC(435) Archive regions: 2->2
[2026-05-23T04:13:53.003+0000][2140.745s][gc,heap     ] GC(435) Humongous regions: 2->2
[2026-05-23T04:13:53.003+0000][2140.745s][gc,metaspace] GC(435) Metaspace: 46291K(46912K)->46291K(46912K) NonClass: 41010K(41344K)->41010K(41344K) Class: 5280K(5568K)->5280K(5568K)
[2026-05-23T04:13:53.003+0000][2140.745s][gc          ] GC(435) Pause Young (Normal) (G1 Evacuation Pause) 13463M->12514M(24240M) 263.752ms
[2026-05-23T04:13:53.003+0000][2140.745s][gc,cpu      ] GC(435) User=1.04s Sys=0.00s Real=0.26s
[2026-05-23T04:13:55.188+0000][2142.929s][gc,start    ] GC(436) Pause Young (Normal) (G1 Evacuation Pause)
[2026-05-23T04:13:55.188+0000][2142.929s][gc,task     ] GC(436) Using 4 workers of 4 for evacuation
[2026-05-23T04:13:55.537+0000][2143.278s][gc,mmu      ] GC(436) MMU target violated: 201.0ms (200.0ms/201.0ms)
[2026-05-23T04:13:55.537+0000][2143.278s][gc,phases   ] GC(436)   Pre Evacuate Collection Set: 0.12ms
[2026-05-23T04:13:55.537+0000][2143.278s][gc,phases   ] GC(436)   Merge Heap Roots: 1.41ms
[2026-05-23T04:13:55.537+0000][2143.278s][gc,phases   ] GC(436)   Evacuate Collection Set: 345.72ms
[2026-05-23T04:13:55.537+0000][2143.278s][gc,phases   ] GC(436)   Post Evacuate Collection Set: 1.26ms
[2026-05-23T04:13:55.537+0000][2143.278s][gc,phases   ] GC(436)   Other: 0.18ms
[2026-05-23T04:13:55.537+0000][2143.278s][gc,heap     ] GC(436) Eden regions: 65->0(65)
[2026-05-23T04:13:55.537+0000][2143.278s][gc,heap     ] GC(436) Survivor regions: 10->10(10)
[2026-05-23T04:13:55.537+0000][2143.278s][gc,heap     ] GC(436) Old regions: 770->780
[2026-05-23T04:13:55.537+0000][2143.278s][gc,heap     ] GC(436) Archive regions: 2->2
[2026-05-23T04:13:55.537+0000][2143.278s][gc,heap     ] GC(436) Humongous regions: 2->2
[2026-05-23T04:13:55.537+0000][2143.278s][gc,metaspace] GC(436) Metaspace: 46291K(46912K)->46291K(46912K) NonClass: 41010K(41344K)->41010K(41344K) Class: 5280K(5568K)->5280K(5568K)
[2026-05-23T04:13:55.537+0000][2143.278s][gc          ] GC(436) Pause Young (Normal) (G1 Evacuation Pause) 13554M->12677M(24288M) 348.738ms
[2026-05-23T04:13:55.537+0000][2143.278s][gc,cpu      ] GC(436) User=1.37s Sys=0.00s Real=0.35s
[2026-05-23T04:13:57.610+0000][2145.351s][gc,start    ] GC(437) Pause Young (Normal) (G1 Evacuation Pause)
[2026-05-23T04:13:57.610+0000][2145.351s][gc,task     ] GC(437) Using 4 workers of 4 for evacuation
[2026-05-23T04:13:57.907+0000][2145.649s][gc,mmu      ] GC(437) MMU target violated: 201.0ms (200.0ms/201.0ms)
[2026-05-23T04:13:57.908+0000][2145.649s][gc,phases   ] GC(437)   Pre Evacuate Collection Set: 0.16ms
[2026-05-23T04:13:57.908+0000][2145.649s][gc,phases   ] GC(437)   Merge Heap Roots: 2.29ms
[2026-05-23T04:13:57.908+0000][2145.649s][gc,phases   ] GC(437)   Evacuate Collection Set: 294.23ms
[2026-05-23T04:13:57.908+0000][2145.649s][gc,phases   ] GC(437)   Post Evacuate Collection Set: 1.10ms
[2026-05-23T04:13:57.908+0000][2145.649s][gc,phases   ] GC(437)   Other: 0.23ms
[2026-05-23T04:13:57.908+0000][2145.649s][gc,heap     ] GC(437) Eden regions: 65->0(67)
[2026-05-23T04:13:57.908+0000][2145.649s][gc,heap     ] GC(437) Survivor regions: 10->8(10)
[2026-05-23T04:13:57.908+0000][2145.649s][gc,heap     ] GC(437) Old regions: 780->790
[2026-05-23T04:13:57.908+0000][2145.649s][gc,heap     ] GC(437) Archive regions: 2->2
[2026-05-23T04:13:57.908+0000][2145.649s][gc,heap     ] GC(437) Humongous regions: 2->2
[2026-05-23T04:13:57.908+0000][2145.649s][gc,metaspace] GC(437) Metaspace: 46291K(46912K)->46291K(46912K) NonClass: 41010K(41344K)->41010K(41344K) Class: 5280K(5568K)->5280K(5568K)
[2026-05-23T04:13:57.908+0000][2145.649s][gc          ] GC(437) Pause Young (Normal) (G1 Evacuation Pause) 13717M->12805M(24288M) 298.088ms
[2026-05-23T04:13:57.908+0000][2145.649s][gc,cpu      ] GC(437) User=1.18s Sys=0.00s Real=0.29s
[2026-05-23T04:14:07.974+0000][2155.715s][gc,start    ] GC(438) Pause Young (Normal) (G1 Evacuation Pause)
[2026-05-23T04:14:07.974+0000][2155.715s][gc,task     ] GC(438) Using 4 workers of 4 for evacuation
[2026-05-23T04:14:08.245+0000][2155.986s][gc,mmu      ] GC(438) MMU target violated: 201.0ms (200.0ms/201.0ms)
[2026-05-23T04:14:08.245+0000][2155.986s][gc,phases   ] GC(438)   Pre Evacuate Collection Set: 0.13ms
[2026-05-23T04:14:08.245+0000][2155.986s][gc,phases   ] GC(438)   Merge Heap Roots: 3.83ms
[2026-05-23T04:14:08.245+0000][2155.986s][gc,phases   ] GC(438)   Evacuate Collection Set: 266.42ms
[2026-05-23T04:14:08.245+0000][2155.986s][gc,phases   ] GC(438)   Post Evacuate Collection Set: 1.33ms
[2026-05-23T04:14:08.245+0000][2155.986s][gc,phases   ] GC(438)   Other: 0.19ms
[2026-05-23T04:14:08.245+0000][2155.986s][gc,heap     ] GC(438) Eden regions: 67->0(65)
[2026-05-23T04:14:08.245+0000][2155.987s][gc,heap     ] GC(438) Survivor regions: 8->10(10)
[2026-05-23T04:14:08.245+0000][2155.987s][gc,heap     ] GC(438) Old regions: 790->792
[2026-05-23T04:14:08.245+0000][2155.987s][gc,heap     ] GC(438) Archive regions: 2->2
[2026-05-23T04:14:08.245+0000][2155.987s][gc,heap     ] GC(438) Humongous regions: 2->2
[2026-05-23T04:14:08.245+0000][2155.987s][gc,metaspace] GC(438) Metaspace: 46291K(46912K)->46291K(46912K) NonClass: 41010K(41344K)->41010K(41344K) Class: 5280K(5568K)->5280K(5568K)
[2026-05-23T04:14:08.245+0000][2155.987s][gc          ] GC(438) Pause Young (Normal) (G1 Evacuation Pause) 13877M->12879M(24288M) 271.955ms
[2026-05-23T04:14:08.245+0000][2155.987s][gc,cpu      ] GC(438) User=1.07s Sys=0.00s Real=0.27s
[2026-05-23T04:14:13.576+0000][2161.317s][gc,start    ] GC(439) Pause Young (Normal) (G1 Evacuation Pause)
[2026-05-23T04:14:13.576+0000][2161.317s][gc,task     ] GC(439) Using 4 workers of 4 for evacuation
[2026-05-23T04:14:13.835+0000][2161.577s][gc,mmu      ] GC(439) MMU target violated: 201.0ms (200.0ms/201.0ms)
[2026-05-23T04:14:13.836+0000][2161.577s][gc,phases   ] GC(439)   Pre Evacuate Collection Set: 0.13ms
[2026-05-23T04:14:13.836+0000][2161.577s][gc,phases   ] GC(439)   Merge Heap Roots: 2.65ms
[2026-05-23T04:14:13.836+0000][2161.577s][gc,phases   ] GC(439)   Evacuate Collection Set: 256.05ms
[2026-05-23T04:14:13.836+0000][2161.577s][gc,phases   ] GC(439)   Post Evacuate Collection Set: 0.52ms
[2026-05-23T04:14:13.836+0000][2161.577s][gc,phases   ] GC(439)   Other: 0.18ms
[2026-05-23T04:14:13.836+0000][2161.577s][gc,heap     ] GC(439) Eden regions: 65->0(65)
[2026-05-23T04:14:13.836+0000][2161.577s][gc,heap     ] GC(439) Survivor regions: 10->10(10)
[2026-05-23T04:14:13.836+0000][2161.577s][gc,heap     ] GC(439) Old regions: 792->795
[2026-05-23T04:14:13.836+0000][2161.577s][gc,heap     ] GC(439) Archive regions: 2->2
[2026-05-23T04:14:13.836+0000][2161.577s][gc,heap     ] GC(439) Humongous regions: 2->2
[2026-05-23T04:14:13.836+0000][2161.577s][gc,metaspace] GC(439) Metaspace: 46291K(46912K)->46291K(46912K) NonClass: 41010K(41344K)->41010K(41344K) Class: 5280K(5568K)->5280K(5568K)
[2026-05-23T04:14:13.836+0000][2161.577s][gc          ] GC(439) Pause Young (Normal) (G1 Evacuation Pause) 13919M->12918M(24288M) 259.598ms
[2026-05-23T04:14:13.836+0000][2161.577s][gc,cpu      ] GC(439) User=1.03s Sys=0.00s Real=0.26s
[2026-05-23T04:14:19.954+0000][2167.695s][gc,start    ] GC(440) Pause Young (Normal) (G1 Evacuation Pause)
[2026-05-23T04:14:19.954+0000][2167.695s][gc,task     ] GC(440) Using 4 workers of 4 for evacuation
[2026-05-23T04:14:20.069+0000][2167.810s][gc,phases   ] GC(440)   Pre Evacuate Collection Set: 0.13ms
[2026-05-23T04:14:20.069+0000][2167.810s][gc,phases   ] GC(440)   Merge Heap Roots: 0.31ms
[2026-05-23T04:14:20.069+0000][2167.810s][gc,phases   ] GC(440)   Evacuate Collection Set: 113.74ms
[2026-05-23T04:14:20.069+0000][2167.810s][gc,phases   ] GC(440)   Post Evacuate Collection Set: 0.65ms
[2026-05-23T04:14:20.069+0000][2167.810s][gc,phases   ] GC(440)   Other: 0.13ms
[2026-05-23T04:14:20.069+0000][2167.810s][gc,heap     ] GC(440) Eden regions: 65->0(68)
[2026-05-23T04:14:20.069+0000][2167.810s][gc,heap     ] GC(440) Survivor regions: 10->7(10)
[2026-05-23T04:14:20.069+0000][2167.810s][gc,heap     ] GC(440) Old regions: 795->797
[2026-05-23T04:14:20.069+0000][2167.810s][gc,heap     ] GC(440) Archive regions: 2->2
[2026-05-23T04:14:20.069+0000][2167.810s][gc,heap     ] GC(440) Humongous regions: 2->2
[2026-05-23T04:14:20.069+0000][2167.810s][gc,metaspace] GC(440) Metaspace: 46291K(46912K)->46291K(46912K) NonClass: 41010K(41344K)->41010K(41344K) Class: 5280K(5568K)->5280K(5568K)
[2026-05-23T04:14:20.069+0000][2167.810s][gc          ] GC(440) Pause Young (Normal) (G1 Evacuation Pause) 13958M->12894M(24288M) 115.066ms
[2026-05-23T04:14:20.069+0000][2167.810s][gc,cpu      ] GC(440) User=0.45s Sys=0.00s Real=0.12s
[2026-05-23T04:14:28.291+0000][2176.032s][gc,start    ] GC(441) Pause Young (Normal) (G1 Evacuation Pause)
[2026-05-23T04:14:28.291+0000][2176.032s][gc,task     ] GC(441) Using 4 workers of 4 for evacuation
[2026-05-23T04:14:28.364+0000][2176.105s][gc,phases   ] GC(441)   Pre Evacuate Collection Set: 0.20ms
[2026-05-23T04:14:28.364+0000][2176.105s][gc,phases   ] GC(441)   Merge Heap Roots: 0.29ms
[2026-05-23T04:14:28.364+0000][2176.105s][gc,phases   ] GC(441)   Evacuate Collection Set: 71.79ms
[2026-05-23T04:14:28.364+0000][2176.105s][gc,phases   ] GC(441)   Post Evacuate Collection Set: 0.49ms
[2026-05-23T04:14:28.364+0000][2176.105s][gc,phases   ] GC(441)   Other: 0.12ms
[2026-05-23T04:14:28.364+0000][2176.105s][gc,heap     ] GC(441) Eden regions: 68->0(71)
[2026-05-23T04:14:28.364+0000][2176.105s][gc,heap     ] GC(441) Survivor regions: 7->4(10)
[2026-05-23T04:14:28.364+0000][2176.105s][gc,heap     ] GC(441) Old regions: 797->799
[2026-05-23T04:14:28.364+0000][2176.105s][gc,heap     ] GC(441) Archive regions: 2->2
[2026-05-23T04:14:28.364+0000][2176.105s][gc,heap     ] GC(441) Humongous regions: 2->2
[2026-05-23T04:14:28.364+0000][2176.105s][gc,metaspace] GC(441) Metaspace: 46291K(46912K)->46291K(46912K) NonClass: 41010K(41344K)->41010K(41344K) Class: 5280K(5568K)->5280K(5568K)
[2026-05-23T04:14:28.364+0000][2176.105s][gc          ] GC(441) Pause Young (Normal) (G1 Evacuation Pause) 13982M->12884M(24288M) 72.992ms
[2026-05-23T04:14:28.364+0000][2176.105s][gc,cpu      ] GC(441) User=0.29s Sys=0.00s Real=0.07s
[2026-05-23T04:14:32.629+0000][2180.370s][gc,start    ] GC(442) Pause Young (Normal) (G1 Evacuation Pause)
[2026-05-23T04:14:32.629+0000][2180.370s][gc,task     ] GC(442) Using 4 workers of 4 for evacuation
[2026-05-23T04:14:32.756+0000][2180.497s][gc,phases   ] GC(442)   Pre Evacuate Collection Set: 0.12ms
[2026-05-23T04:14:32.756+0000][2180.497s][gc,phases   ] GC(442)   Merge Heap Roots: 0.24ms
[2026-05-23T04:14:32.756+0000][2180.497s][gc,phases   ] GC(442)   Evacuate Collection Set: 125.76ms
[2026-05-23T04:14:32.756+0000][2180.497s][gc,phases   ] GC(442)   Post Evacuate Collection Set: 0.56ms
[2026-05-23T04:14:32.756+0000][2180.497s][gc,phases   ] GC(442)   Other: 0.13ms
[2026-05-23T04:14:32.756+0000][2180.497s][gc,heap     ] GC(442) Eden regions: 71->0(65)
[2026-05-23T04:14:32.756+0000][2180.497s][gc,heap     ] GC(442) Survivor regions: 4->10(10)
[2026-05-23T04:14:32.756+0000][2180.497s][gc,heap     ] GC(442) Old regions: 799->799
[2026-05-23T04:14:32.756+0000][2180.497s][gc,heap     ] GC(442) Archive regions: 2->2
[2026-05-23T04:14:32.756+0000][2180.497s][gc,heap     ] GC(442) Humongous regions: 2->2
[2026-05-23T04:14:32.756+0000][2180.497s][gc,metaspace] GC(442) Metaspace: 46291K(46912K)->46291K(46912K) NonClass: 41010K(41344K)->41010K(41344K) Class: 5280K(5568K)->5280K(5568K)
[2026-05-23T04:14:32.756+0000][2180.497s][gc          ] GC(442) Pause Young (Normal) (G1 Evacuation Pause) 14020M->12971M(24288M) 126.926ms
[2026-05-23T04:14:32.756+0000][2180.497s][gc,cpu      ] GC(442) User=0.50s Sys=0.00s Real=0.12s
[2026-05-23T04:14:38.733+0000][2186.474s][gc,start    ] GC(443) Pause Young (Normal) (G1 Evacuation Pause)
[2026-05-23T04:14:38.733+0000][2186.474s][gc,task     ] GC(443) Using 4 workers of 4 for evacuation
[2026-05-23T04:14:38.945+0000][2186.686s][gc,mmu      ] GC(443) MMU target violated: 201.0ms (200.0ms/201.0ms)
[2026-05-23T04:14:38.945+0000][2186.686s][gc,phases   ] GC(443)   Pre Evacuate Collection Set: 0.19ms
[2026-05-23T04:14:38.945+0000][2186.686s][gc,phases   ] GC(443)   Merge Heap Roots: 0.28ms
[2026-05-23T04:14:38.945+0000][2186.686s][gc,phases   ] GC(443)   Evacuate Collection Set: 210.61ms
[2026-05-23T04:14:38.945+0000][2186.686s][gc,phases   ] GC(443)   Post Evacuate Collection Set: 0.62ms
[2026-05-23T04:14:38.945+0000][2186.686s][gc,phases   ] GC(443)   Other: 0.16ms
[2026-05-23T04:14:38.945+0000][2186.686s][gc,heap     ] GC(443) Eden regions: 65->0(65)
[2026-05-23T04:14:38.945+0000][2186.686s][gc,heap     ] GC(443) Survivor regions: 10->10(10)
[2026-05-23T04:14:38.945+0000][2186.686s][gc,heap     ] GC(443) Old regions: 799->804
[2026-05-23T04:14:38.945+0000][2186.686s][gc,heap     ] GC(443) Archive regions: 2->2
[2026-05-23T04:14:38.945+0000][2186.686s][gc,heap     ] GC(443) Humongous regions: 2->2
[2026-05-23T04:14:38.945+0000][2186.686s][gc,metaspace] GC(443) Metaspace: 46291K(46912K)->46291K(46912K) NonClass: 41010K(41344K)->41010K(41344K) Class: 5280K(5568K)->5280K(5568K)
[2026-05-23T04:14:38.945+0000][2186.686s][gc          ] GC(443) Pause Young (Normal) (G1 Evacuation Pause) 14011M->13058M(24288M) 211.916ms
[2026-05-23T04:14:38.945+0000][2186.686s][gc,cpu      ] GC(443) User=0.83s Sys=0.00s Real=0.21s
[2026-05-23T04:14:43.206+0000][2190.947s][gc,start    ] GC(444) Pause Young (Normal) (G1 Evacuation Pause)
[2026-05-23T04:14:43.206+0000][2190.947s][gc,task     ] GC(444) Using 4 workers of 4 for evacuation
[2026-05-23T04:14:43.462+0000][2191.203s][gc,mmu      ] GC(444) MMU target violated: 201.0ms (200.0ms/201.0ms)
[2026-05-23T04:14:43.462+0000][2191.203s][gc,phases   ] GC(444)   Pre Evacuate Collection Set: 0.15ms
[2026-05-23T04:14:43.462+0000][2191.203s][gc,phases   ] GC(444)   Merge Heap Roots: 0.68ms
[2026-05-23T04:14:43.462+0000][2191.203s][gc,phases   ] GC(444)   Evacuate Collection Set: 253.59ms
[2026-05-23T04:14:43.462+0000][2191.203s][gc,phases   ] GC(444)   Post Evacuate Collection Set: 0.77ms
[2026-05-23T04:14:43.462+0000][2191.203s][gc,phases   ] GC(444)   Other: 0.20ms
[2026-05-23T04:14:43.462+0000][2191.203s][gc,heap     ] GC(444) Eden regions: 65->0(65)
[2026-05-23T04:14:43.462+0000][2191.203s][gc,heap     ] GC(444) Survivor regions: 10->10(10)
[2026-05-23T04:14:43.462+0000][2191.203s][gc,heap     ] GC(444) Old regions: 804->810
[2026-05-23T04:14:43.462+0000][2191.203s][gc,heap     ] GC(444) Archive regions: 2->2
[2026-05-23T04:14:43.462+0000][2191.203s][gc,heap     ] GC(444) Humongous regions: 2->2
[2026-05-23T04:14:43.462+0000][2191.203s][gc,metaspace] GC(444) Metaspace: 46291K(46912K)->46291K(46912K) NonClass: 41010K(41344K)->41010K(41344K) Class: 5280K(5568K)->5280K(5568K)
[2026-05-23T04:14:43.462+0000][2191.203s][gc          ] GC(444) Pause Young (Normal) (G1 Evacuation Pause) 14098M->13160M(24288M) 255.466ms
[2026-05-23T04:14:43.462+0000][2191.203s][gc,cpu      ] GC(444) User=1.00s Sys=0.00s Real=0.26s
[2026-05-23T04:14:49.181+0000][2196.922s][gc,start    ] GC(445) Pause Young (Normal) (G1 Evacuation Pause)
[2026-05-23T04:14:49.181+0000][2196.922s][gc,task     ] GC(445) Using 4 workers of 4 for evacuation
[2026-05-23T04:14:49.443+0000][2197.184s][gc,mmu      ] GC(445) MMU target violated: 201.0ms (200.0ms/201.0ms)
[2026-05-23T04:14:49.443+0000][2197.184s][gc,phases   ] GC(445)   Pre Evacuate Collection Set: 0.13ms
[2026-05-23T04:14:49.443+0000][2197.184s][gc,phases   ] GC(445)   Merge Heap Roots: 2.11ms
[2026-05-23T04:14:49.443+0000][2197.184s][gc,phases   ] GC(445)   Evacuate Collection Set: 258.72ms
[2026-05-23T04:14:49.443+0000][2197.184s][gc,phases   ] GC(445)   Post Evacuate Collection Set: 1.05ms
[2026-05-23T04:14:49.443+0000][2197.184s][gc,phases   ] GC(445)   Other: 0.18ms
[2026-05-23T04:14:49.443+0000][2197.184s][gc,heap     ] GC(445) Eden regions: 65->0(66)
[2026-05-23T04:14:49.443+0000][2197.184s][gc,heap     ] GC(445) Survivor regions: 10->9(10)
[2026-05-23T04:14:49.443+0000][2197.184s][gc,heap     ] GC(445) Old regions: 810->817
[2026-05-23T04:14:49.443+0000][2197.184s][gc,heap     ] GC(445) Archive regions: 2->2
[2026-05-23T04:14:49.443+0000][2197.184s][gc,heap     ] GC(445) Humongous regions: 2->2
[2026-05-23T04:14:49.443+0000][2197.184s][gc,metaspace] GC(445) Metaspace: 46292K(46912K)->46292K(46912K) NonClass: 41011K(41344K)->41011K(41344K) Class: 5280K(5568K)->5280K(5568K)
[2026-05-23T04:14:49.443+0000][2197.184s][gc          ] GC(445) Pause Young (Normal) (G1 Evacuation Pause) 14200M->13263M(24288M) 262.236ms
[2026-05-23T04:14:49.443+0000][2197.184s][gc,cpu      ] GC(445) User=1.04s Sys=0.00s Real=0.26s
[2026-05-23T04:14:55.239+0000][2202.981s][gc,start    ] GC(446) Pause Young (Normal) (G1 Evacuation Pause)
[2026-05-23T04:14:55.239+0000][2202.981s][gc,task     ] GC(446) Using 4 workers of 4 for evacuation
[2026-05-23T04:14:55.544+0000][2203.285s][gc,mmu      ] GC(446) MMU target violated: 201.0ms (200.0ms/201.0ms)
[2026-05-23T04:14:55.544+0000][2203.285s][gc,phases   ] GC(446)   Pre Evacuate Collection Set: 0.15ms
[2026-05-23T04:14:55.544+0000][2203.285s][gc,phases   ] GC(446)   Merge Heap Roots: 2.56ms
[2026-05-23T04:14:55.544+0000][2203.285s][gc,phases   ] GC(446)   Evacuate Collection Set: 300.26ms
[2026-05-23T04:14:55.544+0000][2203.285s][gc,phases   ] GC(446)   Post Evacuate Collection Set: 1.20ms
[2026-05-23T04:14:55.544+0000][2203.285s][gc,phases   ] GC(446)   Other: 0.15ms
[2026-05-23T04:14:55.544+0000][2203.285s][gc,heap     ] GC(446) Eden regions: 66->0(65)
[2026-05-23T04:14:55.544+0000][2203.285s][gc,heap     ] GC(446) Survivor regions: 9->10(10)
[2026-05-23T04:14:55.544+0000][2203.285s][gc,heap     ] GC(446) Old regions: 817->825
[2026-05-23T04:14:55.544+0000][2203.285s][gc,heap     ] GC(446) Archive regions: 2->2
[2026-05-23T04:14:55.544+0000][2203.285s][gc,heap     ] GC(446) Humongous regions: 2->2
[2026-05-23T04:14:55.544+0000][2203.285s][gc,metaspace] GC(446) Metaspace: 46292K(46912K)->46292K(46912K) NonClass: 41011K(41344K)->41011K(41344K) Class: 5280K(5568K)->5280K(5568K)
[2026-05-23T04:14:55.544+0000][2203.285s][gc          ] GC(446) Pause Young (Normal) (G1 Evacuation Pause) 14319M->13407M(24288M) 304.380ms
[2026-05-23T04:14:55.544+0000][2203.285s][gc,cpu      ] GC(446) User=1.21s Sys=0.00s Real=0.30s
[2026-05-23T04:15:01.146+0000][2208.887s][gc,start    ] GC(447) Pause Young (Normal) (G1 Evacuation Pause)
[2026-05-23T04:15:01.146+0000][2208.887s][gc,task     ] GC(447) Using 4 workers of 4 for evacuation
[2026-05-23T04:15:01.459+0000][2209.200s][gc,mmu      ] GC(447) MMU target violated: 201.0ms (200.0ms/201.0ms)
[2026-05-23T04:15:01.459+0000][2209.200s][gc,phases   ] GC(447)   Pre Evacuate Collection Set: 0.12ms
[2026-05-23T04:15:01.459+0000][2209.200s][gc,phases   ] GC(447)   Merge Heap Roots: 2.88ms
[2026-05-23T04:15:01.459+0000][2209.200s][gc,phases   ] GC(447)   Evacuate Collection Set: 309.09ms
[2026-05-23T04:15:01.459+0000][2209.200s][gc,phases   ] GC(447)   Post Evacuate Collection Set: 1.16ms
[2026-05-23T04:15:01.459+0000][2209.200s][gc,phases   ] GC(447)   Other: 0.17ms
[2026-05-23T04:15:01.459+0000][2209.200s][gc,heap     ] GC(447) Eden regions: 65->0(65)
[2026-05-23T04:15:01.459+0000][2209.200s][gc,heap     ] GC(447) Survivor regions: 10->10(10)
[2026-05-23T04:15:01.459+0000][2209.200s][gc,heap     ] GC(447) Old regions: 825->834
[2026-05-23T04:15:01.459+0000][2209.200s][gc,heap     ] GC(447) Archive regions: 2->2
[2026-05-23T04:15:01.459+0000][2209.200s][gc,heap     ] GC(447) Humongous regions: 2->2
[2026-05-23T04:15:01.459+0000][2209.200s][gc,metaspace] GC(447) Metaspace: 46292K(46912K)->46292K(46912K) NonClass: 41011K(41344K)->41011K(41344K) Class: 5280K(5568K)->5280K(5568K)
[2026-05-23T04:15:01.459+0000][2209.200s][gc          ] GC(447) Pause Young (Normal) (G1 Evacuation Pause) 14447M->13547M(24288M) 313.474ms
[2026-05-23T04:15:01.459+0000][2209.200s][gc,cpu      ] GC(447) User=1.25s Sys=0.00s Real=0.32s
[2026-05-23T04:15:07.067+0000][2214.808s][gc,start    ] GC(448) Pause Young (Normal) (G1 Evacuation Pause)
[2026-05-23T04:15:07.067+0000][2214.808s][gc,task     ] GC(448) Using 4 workers of 4 for evacuation
[2026-05-23T04:15:07.394+0000][2215.135s][gc,mmu      ] GC(448) MMU target violated: 201.0ms (200.0ms/201.0ms)
[2026-05-23T04:15:07.394+0000][2215.135s][gc,phases   ] GC(448)   Pre Evacuate Collection Set: 0.12ms
[2026-05-23T04:15:07.394+0000][2215.135s][gc,phases   ] GC(448)   Merge Heap Roots: 2.98ms
[2026-05-23T04:15:07.394+0000][2215.135s][gc,phases   ] GC(448)   Evacuate Collection Set: 322.78ms
[2026-05-23T04:15:07.394+0000][2215.135s][gc,phases   ] GC(448)   Post Evacuate Collection Set: 1.20ms
[2026-05-23T04:15:07.394+0000][2215.135s][gc,phases   ] GC(448)   Other: 0.18ms
[2026-05-23T04:15:07.394+0000][2215.135s][gc,heap     ] GC(448) Eden regions: 65->0(65)
[2026-05-23T04:15:07.394+0000][2215.135s][gc,heap     ] GC(448) Survivor regions: 10->10(10)
[2026-05-23T04:15:07.394+0000][2215.135s][gc,heap     ] GC(448) Old regions: 834->843
[2026-05-23T04:15:07.394+0000][2215.135s][gc,heap     ] GC(448) Archive regions: 2->2
[2026-05-23T04:15:07.394+0000][2215.135s][gc,heap     ] GC(448) Humongous regions: 2->2
[2026-05-23T04:15:07.394+0000][2215.135s][gc,metaspace] GC(448) Metaspace: 46292K(46912K)->46292K(46912K) NonClass: 41011K(41344K)->41011K(41344K) Class: 5280K(5568K)->5280K(5568K)
[2026-05-23T04:15:07.394+0000][2215.135s][gc          ] GC(448) Pause Young (Normal) (G1 Evacuation Pause) 14587M->13686M(24288M) 327.318ms
[2026-05-23T04:15:07.394+0000][2215.135s][gc,cpu      ] GC(448) User=1.29s Sys=0.00s Real=0.33s
[2026-05-23T04:15:12.885+0000][2220.626s][gc,start    ] GC(449) Pause Young (Normal) (G1 Evacuation Pause)
[2026-05-23T04:15:12.885+0000][2220.626s][gc,task     ] GC(449) Using 4 workers of 4 for evacuation
[2026-05-23T04:15:13.198+0000][2220.939s][gc,mmu      ] GC(449) MMU target violated: 201.0ms (200.0ms/201.0ms)
[2026-05-23T04:15:13.198+0000][2220.939s][gc,phases   ] GC(449)   Pre Evacuate Collection Set: 0.13ms
[2026-05-23T04:15:13.198+0000][2220.939s][gc,phases   ] GC(449)   Merge Heap Roots: 2.99ms
[2026-05-23T04:15:13.198+0000][2220.939s][gc,phases   ] GC(449)   Evacuate Collection Set: 308.40ms
[2026-05-23T04:15:13.198+0000][2220.939s][gc,phases   ] GC(449)   Post Evacuate Collection Set: 1.28ms
[2026-05-23T04:15:13.198+0000][2220.939s][gc,phases   ] GC(449)   Other: 0.20ms
[2026-05-23T04:15:13.198+0000][2220.939s][gc,heap     ] GC(449) Eden regions: 65->0(65)
[2026-05-23T04:15:13.198+0000][2220.939s][gc,heap     ] GC(449) Survivor regions: 10->10(10)
[2026-05-23T04:15:13.198+0000][2220.939s][gc,heap     ] GC(449) Old regions: 843->851
[2026-05-23T04:15:13.198+0000][2220.939s][gc,heap     ] GC(449) Archive regions: 2->2
[2026-05-23T04:15:13.198+0000][2220.939s][gc,heap     ] GC(449) Humongous regions: 2->2
[2026-05-23T04:15:13.198+0000][2220.939s][gc,metaspace] GC(449) Metaspace: 46292K(46912K)->46292K(46912K) NonClass: 41011K(41344K)->41011K(41344K) Class: 5280K(5568K)->5280K(5568K)
[2026-05-23T04:15:13.198+0000][2220.939s][gc          ] GC(449) Pause Young (Normal) (G1 Evacuation Pause) 14726M->13823M(24288M) 313.051ms
[2026-05-23T04:15:13.198+0000][2220.939s][gc,cpu      ] GC(449) User=1.24s Sys=0.00s Real=0.31s
[2026-05-23T04:15:21.140+0000][2228.881s][gc,start    ] GC(450) Pause Young (Normal) (G1 Evacuation Pause)
[2026-05-23T04:15:21.140+0000][2228.881s][gc,task     ] GC(450) Using 4 workers of 4 for evacuation
[2026-05-23T04:15:21.390+0000][2229.132s][gc,mmu      ] GC(450) MMU target violated: 201.0ms (200.0ms/201.0ms)
[2026-05-23T04:15:21.390+0000][2229.132s][gc,phases   ] GC(450)   Pre Evacuate Collection Set: 0.12ms
[2026-05-23T04:15:21.391+0000][2229.132s][gc,phases   ] GC(450)   Merge Heap Roots: 3.34ms
[2026-05-23T04:15:21.391+0000][2229.132s][gc,phases   ] GC(450)   Evacuate Collection Set: 245.88ms
[2026-05-23T04:15:21.391+0000][2229.132s][gc,phases   ] GC(450)   Post Evacuate Collection Set: 1.19ms
[2026-05-23T04:15:21.391+0000][2229.132s][gc,phases   ] GC(450)   Other: 0.16ms
[2026-05-23T04:15:21.391+0000][2229.132s][gc,heap     ] GC(450) Eden regions: 65->0(66)
[2026-05-23T04:15:21.391+0000][2229.132s][gc,heap     ] GC(450) Survivor regions: 10->9(10)
[2026-05-23T04:15:21.391+0000][2229.132s][gc,heap     ] GC(450) Old regions: 851->856
[2026-05-23T04:15:21.391+0000][2229.132s][gc,heap     ] GC(450) Archive regions: 2->2
[2026-05-23T04:15:21.391+0000][2229.132s][gc,heap     ] GC(450) Humongous regions: 2->2
[2026-05-23T04:15:21.391+0000][2229.132s][gc,metaspace] GC(450) Metaspace: 46292K(46912K)->46292K(46912K) NonClass: 41011K(41344K)->41011K(41344K) Class: 5280K(5568K)->5280K(5568K)
[2026-05-23T04:15:21.391+0000][2229.132s][gc          ] GC(450) Pause Young (Normal) (G1 Evacuation Pause) 14863M->13878M(24288M) 250.769ms
[2026-05-23T04:15:21.391+0000][2229.132s][gc,cpu      ] GC(450) User=0.99s Sys=0.00s Real=0.25s
[2026-05-23T04:15:29.931+0000][2237.672s][gc,start    ] GC(451) Pause Young (Normal) (G1 Evacuation Pause)
[2026-05-23T04:15:29.931+0000][2237.672s][gc,task     ] GC(451) Using 4 workers of 4 for evacuation
[2026-05-23T04:15:30.143+0000][2237.884s][gc,mmu      ] GC(451) MMU target violated: 201.0ms (200.0ms/201.0ms)
[2026-05-23T04:15:30.143+0000][2237.884s][gc,phases   ] GC(451)   Pre Evacuate Collection Set: 0.20ms
[2026-05-23T04:15:30.143+0000][2237.884s][gc,phases   ] GC(451)   Merge Heap Roots: 2.15ms
[2026-05-23T04:15:30.143+0000][2237.884s][gc,phases   ] GC(451)   Evacuate Collection Set: 208.69ms
[2026-05-23T04:15:30.143+0000][2237.884s][gc,phases   ] GC(451)   Post Evacuate Collection Set: 0.82ms
[2026-05-23T04:15:30.143+0000][2237.884s][gc,phases   ] GC(451)   Other: 0.17ms
[2026-05-23T04:15:30.143+0000][2237.884s][gc,heap     ] GC(451) Eden regions: 66->0(66)
[2026-05-23T04:15:30.143+0000][2237.884s][gc,heap     ] GC(451) Survivor regions: 9->9(10)
[2026-05-23T04:15:30.143+0000][2237.884s][gc,heap     ] GC(451) Old regions: 856->858
[2026-05-23T04:15:30.143+0000][2237.884s][gc,heap     ] GC(451) Archive regions: 2->2
[2026-05-23T04:15:30.143+0000][2237.884s][gc,heap     ] GC(451) Humongous regions: 2->2
[2026-05-23T04:15:30.143+0000][2237.884s][gc,metaspace] GC(451) Metaspace: 46292K(46912K)->46292K(46912K) NonClass: 41011K(41344K)->41011K(41344K) Class: 5280K(5568K)->5280K(5568K)
[2026-05-23T04:15:30.143+0000][2237.884s][gc          ] GC(451) Pause Young (Normal) (G1 Evacuation Pause) 14934M->13916M(24288M) 212.084ms
[2026-05-23T04:15:30.143+0000][2237.885s][gc,cpu      ] GC(451) User=0.83s Sys=0.00s Real=0.21s
[2026-05-23T04:15:35.091+0000][2242.832s][gc,start    ] GC(452) Pause Young (Normal) (G1 Evacuation Pause)
[2026-05-23T04:15:35.091+0000][2242.832s][gc,task     ] GC(452) Using 4 workers of 4 for evacuation
[2026-05-23T04:15:35.324+0000][2243.065s][gc,mmu      ] GC(452) MMU target violated: 201.0ms (200.0ms/201.0ms)
[2026-05-23T04:15:35.324+0000][2243.065s][gc,phases   ] GC(452)   Pre Evacuate Collection Set: 0.13ms
[2026-05-23T04:15:35.324+0000][2243.065s][gc,phases   ] GC(452)   Merge Heap Roots: 1.05ms
[2026-05-23T04:15:35.324+0000][2243.065s][gc,phases   ] GC(452)   Evacuate Collection Set: 231.38ms
[2026-05-23T04:15:35.324+0000][2243.065s][gc,phases   ] GC(452)   Post Evacuate Collection Set: 0.79ms
[2026-05-23T04:15:35.324+0000][2243.065s][gc,phases   ] GC(452)   Other: 0.16ms
[2026-05-23T04:15:35.324+0000][2243.065s][gc,heap     ] GC(452) Eden regions: 66->0(65)
[2026-05-23T04:15:35.324+0000][2243.065s][gc,heap     ] GC(452) Survivor regions: 9->10(10)
[2026-05-23T04:15:35.324+0000][2243.065s][gc,heap     ] GC(452) Old regions: 858->863
[2026-05-23T04:15:35.324+0000][2243.065s][gc,heap     ] GC(452) Archive regions: 2->2
[2026-05-23T04:15:35.324+0000][2243.065s][gc,heap     ] GC(452) Humongous regions: 2->2
[2026-05-23T04:15:35.324+0000][2243.065s][gc,metaspace] GC(452) Metaspace: 46292K(46912K)->46292K(46912K) NonClass: 41011K(41344K)->41011K(41344K) Class: 5280K(5568K)->5280K(5568K)
[2026-05-23T04:15:35.324+0000][2243.065s][gc          ] GC(452) Pause Young (Normal) (G1 Evacuation Pause) 14972M->14006M(24288M) 233.571ms
[2026-05-23T04:15:35.324+0000][2243.065s][gc,cpu      ] GC(452) User=0.92s Sys=0.00s Real=0.23s
[2026-05-23T04:15:41.362+0000][2249.103s][gc,start    ] GC(453) Pause Young (Normal) (G1 Evacuation Pause)
[2026-05-23T04:15:41.362+0000][2249.103s][gc,task     ] GC(453) Using 4 workers of 4 for evacuation
[2026-05-23T04:15:41.630+0000][2249.371s][gc,mmu      ] GC(453) MMU target violated: 201.0ms (200.0ms/201.0ms)
[2026-05-23T04:15:41.630+0000][2249.371s][gc,phases   ] GC(453)   Pre Evacuate Collection Set: 0.13ms
[2026-05-23T04:15:41.630+0000][2249.371s][gc,phases   ] GC(453)   Merge Heap Roots: 1.94ms
[2026-05-23T04:15:41.630+0000][2249.371s][gc,phases   ] GC(453)   Evacuate Collection Set: 264.99ms
[2026-05-23T04:15:41.630+0000][2249.371s][gc,phases   ] GC(453)   Post Evacuate Collection Set: 0.97ms
[2026-05-23T04:15:41.630+0000][2249.371s][gc,phases   ] GC(453)   Other: 0.17ms
[2026-05-23T04:15:41.630+0000][2249.371s][gc,heap     ] GC(453) Eden regions: 65->0(65)
[2026-05-23T04:15:41.630+0000][2249.371s][gc,heap     ] GC(453) Survivor regions: 10->10(10)
[2026-05-23T04:15:41.630+0000][2249.371s][gc,heap     ] GC(453) Old regions: 863->870
[2026-05-23T04:15:41.630+0000][2249.371s][gc,heap     ] GC(453) Archive regions: 2->2
[2026-05-23T04:15:41.630+0000][2249.371s][gc,heap     ] GC(453) Humongous regions: 2->2
[2026-05-23T04:15:41.630+0000][2249.371s][gc,metaspace] GC(453) Metaspace: 46292K(46912K)->46292K(46912K) NonClass: 41011K(41344K)->41011K(41344K) Class: 5280K(5568K)->5280K(5568K)
[2026-05-23T04:15:41.630+0000][2249.371s][gc          ] GC(453) Pause Young (Normal) (G1 Evacuation Pause) 15046M->14124M(24288M) 268.245ms
[2026-05-23T04:15:41.630+0000][2249.371s][gc,cpu      ] GC(453) User=1.05s Sys=0.01s Real=0.27s
[2026-05-23T04:15:47.614+0000][2255.355s][gc,start    ] GC(454) Pause Young (Normal) (G1 Evacuation Pause)
[2026-05-23T04:15:47.614+0000][2255.355s][gc,task     ] GC(454) Using 4 workers of 4 for evacuation
[2026-05-23T04:15:47.859+0000][2255.601s][gc,mmu      ] GC(454) MMU target violated: 201.0ms (200.0ms/201.0ms)
[2026-05-23T04:15:47.860+0000][2255.601s][gc,phases   ] GC(454)   Pre Evacuate Collection Set: 0.11ms
[2026-05-23T04:15:47.860+0000][2255.601s][gc,phases   ] GC(454)   Merge Heap Roots: 2.52ms
[2026-05-23T04:15:47.860+0000][2255.601s][gc,phases   ] GC(454)   Evacuate Collection Set: 241.93ms
[2026-05-23T04:15:47.860+0000][2255.601s][gc,phases   ] GC(454)   Post Evacuate Collection Set: 1.14ms
[2026-05-23T04:15:47.860+0000][2255.601s][gc,phases   ] GC(454)   Other: 0.21ms
[2026-05-23T04:15:47.860+0000][2255.601s][gc,heap     ] GC(454) Eden regions: 65->0(67)
[2026-05-23T04:15:47.860+0000][2255.601s][gc,heap     ] GC(454) Survivor regions: 10->8(10)
[2026-05-23T04:15:47.860+0000][2255.601s][gc,heap     ] GC(454) Old regions: 870->877
[2026-05-23T04:15:47.860+0000][2255.601s][gc,heap     ] GC(454) Archive regions: 2->2
[2026-05-23T04:15:47.860+0000][2255.601s][gc,heap     ] GC(454) Humongous regions: 2->2
[2026-05-23T04:15:47.860+0000][2255.601s][gc,metaspace] GC(454) Metaspace: 46293K(46912K)->46293K(46912K) NonClass: 41012K(41344K)->41012K(41344K) Class: 5280K(5568K)->5280K(5568K)
[2026-05-23T04:15:47.860+0000][2255.601s][gc          ] GC(454) Pause Young (Normal) (G1 Evacuation Pause) 15164M->14193M(24288M) 245.974ms
[2026-05-23T04:15:47.860+0000][2255.601s][gc,cpu      ] GC(454) User=0.96s Sys=0.01s Real=0.25s
[2026-05-23T04:15:50.167+0000][2257.908s][gc,start    ] GC(455) Pause Young (Normal) (G1 Evacuation Pause)
[2026-05-23T04:15:50.167+0000][2257.908s][gc,task     ] GC(455) Using 4 workers of 4 for evacuation
[2026-05-23T04:15:50.471+0000][2258.212s][gc,mmu      ] GC(455) MMU target violated: 201.0ms (200.0ms/201.0ms)
[2026-05-23T04:15:50.471+0000][2258.212s][gc,phases   ] GC(455)   Pre Evacuate Collection Set: 0.16ms
[2026-05-23T04:15:50.471+0000][2258.212s][gc,phases   ] GC(455)   Merge Heap Roots: 2.27ms
[2026-05-23T04:15:50.471+0000][2258.212s][gc,phases   ] GC(455)   Evacuate Collection Set: 300.76ms
[2026-05-23T04:15:50.471+0000][2258.212s][gc,phases   ] GC(455)   Post Evacuate Collection Set: 1.10ms
[2026-05-23T04:15:50.471+0000][2258.212s][gc,phases   ] GC(455)   Other: 0.18ms
[2026-05-23T04:15:50.471+0000][2258.212s][gc,heap     ] GC(455) Eden regions: 67->0(65)
[2026-05-23T04:15:50.471+0000][2258.212s][gc,heap     ] GC(455) Survivor regions: 8->10(10)
[2026-05-23T04:15:50.471+0000][2258.212s][gc,heap     ] GC(455) Old regions: 877->885
[2026-05-23T04:15:50.471+0000][2258.212s][gc,heap     ] GC(455) Archive regions: 2->2
[2026-05-23T04:15:50.471+0000][2258.212s][gc,heap     ] GC(455) Humongous regions: 2->2
[2026-05-23T04:15:50.471+0000][2258.212s][gc,metaspace] GC(455) Metaspace: 46293K(46912K)->46293K(46912K) NonClass: 41012K(41344K)->41012K(41344K) Class: 5280K(5568K)->5280K(5568K)
[2026-05-23T04:15:50.471+0000][2258.212s][gc          ] GC(455) Pause Young (Normal) (G1 Evacuation Pause) 15265M->14367M(24288M) 304.521ms
[2026-05-23T04:15:50.471+0000][2258.212s][gc,cpu      ] GC(455) User=1.20s Sys=0.00s Real=0.31s
[2026-05-23T04:15:52.445+0000][2260.186s][gc,start    ] GC(456) Pause Young (Normal) (G1 Evacuation Pause)
[2026-05-23T04:15:52.445+0000][2260.186s][gc,task     ] GC(456) Using 4 workers of 4 for evacuation
[2026-05-23T04:15:52.733+0000][2260.474s][gc,mmu      ] GC(456) MMU target violated: 201.0ms (200.0ms/201.0ms)
[2026-05-23T04:15:52.733+0000][2260.474s][gc,phases   ] GC(456)   Pre Evacuate Collection Set: 0.11ms
[2026-05-23T04:15:52.733+0000][2260.474s][gc,phases   ] GC(456)   Merge Heap Roots: 2.21ms
[2026-05-23T04:15:52.733+0000][2260.474s][gc,phases   ] GC(456)   Evacuate Collection Set: 284.71ms
[2026-05-23T04:15:52.733+0000][2260.474s][gc,phases   ] GC(456)   Post Evacuate Collection Set: 1.05ms
[2026-05-23T04:15:52.733+0000][2260.474s][gc,phases   ] GC(456)   Other: 0.16ms
[2026-05-23T04:15:52.733+0000][2260.474s][gc,heap     ] GC(456) Eden regions: 65->0(66)
[2026-05-23T04:15:52.733+0000][2260.474s][gc,heap     ] GC(456) Survivor regions: 10->9(10)
[2026-05-23T04:15:52.733+0000][2260.474s][gc,heap     ] GC(456) Old regions: 885->896
[2026-05-23T04:15:52.733+0000][2260.474s][gc,heap     ] GC(456) Archive regions: 2->2
[2026-05-23T04:15:52.733+0000][2260.474s][gc,heap     ] GC(456) Humongous regions: 2->2
[2026-05-23T04:15:52.733+0000][2260.474s][gc,metaspace] GC(456) Metaspace: 46293K(46912K)->46293K(46912K) NonClass: 41012K(41344K)->41012K(41344K) Class: 5280K(5568K)->5280K(5568K)
[2026-05-23T04:15:52.733+0000][2260.474s][gc          ] GC(456) Pause Young (Normal) (G1 Evacuation Pause) 15407M->14509M(24288M) 288.293ms
[2026-05-23T04:15:52.733+0000][2260.474s][gc,cpu      ] GC(456) User=1.14s Sys=0.00s Real=0.29s
[2026-05-23T04:16:01.406+0000][2269.147s][gc,start    ] GC(457) Pause Young (Normal) (G1 Evacuation Pause)
[2026-05-23T04:16:01.406+0000][2269.147s][gc,task     ] GC(457) Using 4 workers of 4 for evacuation
[2026-05-23T04:16:01.755+0000][2269.496s][gc,mmu      ] GC(457) MMU target violated: 201.0ms (200.0ms/201.0ms)
[2026-05-23T04:16:01.755+0000][2269.496s][gc,phases   ] GC(457)   Pre Evacuate Collection Set: 0.15ms
[2026-05-23T04:16:01.755+0000][2269.496s][gc,phases   ] GC(457)   Merge Heap Roots: 3.71ms
[2026-05-23T04:16:01.755+0000][2269.496s][gc,phases   ] GC(457)   Evacuate Collection Set: 343.46ms
[2026-05-23T04:16:01.755+0000][2269.496s][gc,phases   ] GC(457)   Post Evacuate Collection Set: 1.22ms
[2026-05-23T04:16:01.755+0000][2269.496s][gc,phases   ] GC(457)   Other: 0.17ms
[2026-05-23T04:16:01.755+0000][2269.496s][gc,heap     ] GC(457) Eden regions: 66->0(65)
[2026-05-23T04:16:01.755+0000][2269.496s][gc,heap     ] GC(457) Survivor regions: 9->10(10)
[2026-05-23T04:16:01.755+0000][2269.496s][gc,heap     ] GC(457) Old regions: 896->906
[2026-05-23T04:16:01.755+0000][2269.496s][gc,heap     ] GC(457) Archive regions: 2->2
[2026-05-23T04:16:01.755+0000][2269.496s][gc,heap     ] GC(457) Humongous regions: 2->2
[2026-05-23T04:16:01.755+0000][2269.496s][gc,metaspace] GC(457) Metaspace: 46293K(46912K)->46293K(46912K) NonClass: 41012K(41344K)->41012K(41344K) Class: 5280K(5568K)->5280K(5568K)
[2026-05-23T04:16:01.755+0000][2269.496s][gc          ] GC(457) Pause Young (Normal) (G1 Evacuation Pause) 15565M->14695M(24288M) 348.767ms
[2026-05-23T04:16:01.755+0000][2269.496s][gc,cpu      ] GC(457) User=1.37s Sys=0.00s Real=0.35s
[2026-05-23T04:16:10.026+0000][2277.767s][gc,start    ] GC(458) Pause Young (Normal) (G1 Evacuation Pause)
[2026-05-23T04:16:10.026+0000][2277.767s][gc,task     ] GC(458) Using 4 workers of 4 for evacuation
[2026-05-23T04:16:10.344+0000][2278.085s][gc,mmu      ] GC(458) MMU target violated: 201.0ms (200.0ms/201.0ms)
[2026-05-23T04:16:10.344+0000][2278.086s][gc,phases   ] GC(458)   Pre Evacuate Collection Set: 0.13ms
[2026-05-23T04:16:10.344+0000][2278.086s][gc,phases   ] GC(458)   Merge Heap Roots: 3.99ms
[2026-05-23T04:16:10.344+0000][2278.086s][gc,phases   ] GC(458)   Evacuate Collection Set: 312.80ms
[2026-05-23T04:16:10.344+0000][2278.086s][gc,phases   ] GC(458)   Post Evacuate Collection Set: 1.16ms
[2026-05-23T04:16:10.344+0000][2278.086s][gc,phases   ] GC(458)   Other: 0.19ms
[2026-05-23T04:16:10.345+0000][2278.086s][gc,heap     ] GC(458) Eden regions: 65->0(65)
[2026-05-23T04:16:10.345+0000][2278.086s][gc,heap     ] GC(458) Survivor regions: 10->10(10)
[2026-05-23T04:16:10.345+0000][2278.086s][gc,heap     ] GC(458) Old regions: 906->911
[2026-05-23T04:16:10.345+0000][2278.086s][gc,heap     ] GC(458) Archive regions: 2->2
[2026-05-23T04:16:10.345+0000][2278.086s][gc,heap     ] GC(458) Humongous regions: 2->2
[2026-05-23T04:16:10.345+0000][2278.086s][gc,metaspace] GC(458) Metaspace: 46293K(46912K)->46293K(46912K) NonClass: 41012K(41344K)->41012K(41344K) Class: 5280K(5568K)->5280K(5568K)
[2026-05-23T04:16:10.345+0000][2278.086s][gc          ] GC(458) Pause Young (Normal) (G1 Evacuation Pause) 15735M->14775M(24288M) 318.350ms
[2026-05-23T04:16:10.345+0000][2278.086s][gc,cpu      ] GC(458) User=1.26s Sys=0.00s Real=0.32s
[2026-05-23T04:16:16.295+0000][2284.036s][gc,start    ] GC(459) Pause Young (Normal) (G1 Evacuation Pause)
[2026-05-23T04:16:16.295+0000][2284.036s][gc,task     ] GC(459) Using 4 workers of 4 for evacuation
[2026-05-23T04:16:16.565+0000][2284.306s][gc,mmu      ] GC(459) MMU target violated: 201.0ms (200.0ms/201.0ms)
[2026-05-23T04:16:16.565+0000][2284.306s][gc,phases   ] GC(459)   Pre Evacuate Collection Set: 0.18ms
[2026-05-23T04:16:16.565+0000][2284.306s][gc,phases   ] GC(459)   Merge Heap Roots: 1.74ms
[2026-05-23T04:16:16.565+0000][2284.306s][gc,phases   ] GC(459)   Evacuate Collection Set: 267.85ms
[2026-05-23T04:16:16.565+0000][2284.306s][gc,phases   ] GC(459)   Post Evacuate Collection Set: 0.54ms
[2026-05-23T04:16:16.565+0000][2284.306s][gc,phases   ] GC(459)   Other: 0.18ms
[2026-05-23T04:16:16.565+0000][2284.306s][gc,heap     ] GC(459) Eden regions: 65->0(65)
[2026-05-23T04:16:16.565+0000][2284.306s][gc,heap     ] GC(459) Survivor regions: 10->10(10)
[2026-05-23T04:16:16.565+0000][2284.306s][gc,heap     ] GC(459) Old regions: 911->915
[2026-05-23T04:16:16.565+0000][2284.306s][gc,heap     ] GC(459) Archive regions: 2->2
[2026-05-23T04:16:16.565+0000][2284.306s][gc,heap     ] GC(459) Humongous regions: 2->2
[2026-05-23T04:16:16.565+0000][2284.306s][gc,metaspace] GC(459) Metaspace: 46294K(46912K)->46294K(46912K) NonClass: 41013K(41344K)->41013K(41344K) Class: 5280K(5568K)->5280K(5568K)
[2026-05-23T04:16:16.565+0000][2284.306s][gc          ] GC(459) Pause Young (Normal) (G1 Evacuation Pause) 15815M->14836M(24288M) 270.543ms
[2026-05-23T04:16:16.565+0000][2284.306s][gc,cpu      ] GC(459) User=1.07s Sys=0.00s Real=0.27s
[2026-05-23T04:16:25.814+0000][2293.555s][gc,start    ] GC(460) Pause Young (Normal) (G1 Evacuation Pause)
[2026-05-23T04:16:25.814+0000][2293.555s][gc,task     ] GC(460) Using 4 workers of 4 for evacuation
[2026-05-23T04:16:26.002+0000][2293.743s][gc,phases   ] GC(460)   Pre Evacuate Collection Set: 0.12ms
[2026-05-23T04:16:26.002+0000][2293.743s][gc,phases   ] GC(460)   Merge Heap Roots: 0.34ms
[2026-05-23T04:16:26.002+0000][2293.743s][gc,phases   ] GC(460)   Evacuate Collection Set: 186.96ms
[2026-05-23T04:16:26.002+0000][2293.743s][gc,phases   ] GC(460)   Post Evacuate Collection Set: 0.57ms
[2026-05-23T04:16:26.002+0000][2293.743s][gc,phases   ] GC(460)   Other: 0.10ms
[2026-05-23T04:16:26.002+0000][2293.743s][gc,heap     ] GC(460) Eden regions: 65->0(68)
[2026-05-23T04:16:26.002+0000][2293.743s][gc,heap     ] GC(460) Survivor regions: 10->7(10)
[2026-05-23T04:16:26.002+0000][2293.743s][gc,heap     ] GC(460) Old regions: 915->919
[2026-05-23T04:16:26.002+0000][2293.743s][gc,heap     ] GC(460) Archive regions: 2->2
[2026-05-23T04:16:26.002+0000][2293.743s][gc,heap     ] GC(460) Humongous regions: 2->2
[2026-05-23T04:16:26.002+0000][2293.743s][gc,metaspace] GC(460) Metaspace: 46294K(46912K)->46294K(46912K) NonClass: 41013K(41344K)->41013K(41344K) Class: 5280K(5568K)->5280K(5568K)
[2026-05-23T04:16:26.002+0000][2293.743s][gc          ] GC(460) Pause Young (Normal) (G1 Evacuation Pause) 15876M->14850M(24288M) 188.198ms
[2026-05-23T04:16:26.002+0000][2293.743s][gc,cpu      ] GC(460) User=0.75s Sys=0.00s Real=0.19s
[2026-05-23T04:16:28.580+0000][2296.322s][gc,start    ] GC(461) Pause Young (Normal) (G1 Evacuation Pause)
[2026-05-23T04:16:28.581+0000][2296.322s][gc,task     ] GC(461) Using 4 workers of 4 for evacuation
[2026-05-23T04:16:28.801+0000][2296.542s][gc,mmu      ] GC(461) MMU target violated: 201.0ms (200.0ms/201.0ms)
[2026-05-23T04:16:28.801+0000][2296.542s][gc,phases   ] GC(461)   Pre Evacuate Collection Set: 0.12ms
[2026-05-23T04:16:28.801+0000][2296.542s][gc,phases   ] GC(461)   Merge Heap Roots: 0.46ms
[2026-05-23T04:16:28.801+0000][2296.542s][gc,phases   ] GC(461)   Evacuate Collection Set: 219.34ms
[2026-05-23T04:16:28.801+0000][2296.542s][gc,phases   ] GC(461)   Post Evacuate Collection Set: 0.50ms
[2026-05-23T04:16:28.801+0000][2296.542s][gc,phases   ] GC(461)   Other: 0.21ms
[2026-05-23T04:16:28.801+0000][2296.542s][gc,heap     ] GC(461) Eden regions: 68->0(65)
[2026-05-23T04:16:28.801+0000][2296.542s][gc,heap     ] GC(461) Survivor regions: 7->10(10)
[2026-05-23T04:16:28.801+0000][2296.542s][gc,heap     ] GC(461) Old regions: 919->921
[2026-05-23T04:16:28.801+0000][2296.542s][gc,heap     ] GC(461) Archive regions: 2->2
[2026-05-23T04:16:28.801+0000][2296.542s][gc,heap     ] GC(461) Humongous regions: 2->2
[2026-05-23T04:16:28.801+0000][2296.542s][gc,metaspace] GC(461) Metaspace: 46294K(46912K)->46294K(46912K) NonClass: 41013K(41344K)->41013K(41344K) Class: 5280K(5568K)->5280K(5568K)
[2026-05-23T04:16:28.801+0000][2296.542s][gc          ] GC(461) Pause Young (Normal) (G1 Evacuation Pause) 15938M->14942M(24288M) 220.687ms
[2026-05-23T04:16:28.801+0000][2296.542s][gc,cpu      ] GC(461) User=0.87s Sys=0.00s Real=0.22s
[2026-05-23T04:16:39.263+0000][2307.004s][gc,start    ] GC(462) Pause Young (Normal) (G1 Evacuation Pause)
[2026-05-23T04:16:39.263+0000][2307.004s][gc,task     ] GC(462) Using 4 workers of 4 for evacuation
[2026-05-23T04:16:39.416+0000][2307.157s][gc,phases   ] GC(462)   Pre Evacuate Collection Set: 0.12ms
[2026-05-23T04:16:39.416+0000][2307.157s][gc,phases   ] GC(462)   Merge Heap Roots: 0.37ms
[2026-05-23T04:16:39.416+0000][2307.157s][gc,phases   ] GC(462)   Evacuate Collection Set: 151.83ms
[2026-05-23T04:16:39.416+0000][2307.157s][gc,phases   ] GC(462)   Post Evacuate Collection Set: 0.59ms
[2026-05-23T04:16:39.416+0000][2307.157s][gc,phases   ] GC(462)   Other: 0.10ms
[2026-05-23T04:16:39.416+0000][2307.157s][gc,heap     ] GC(462) Eden regions: 65->0(69)
[2026-05-23T04:16:39.416+0000][2307.157s][gc,heap     ] GC(462) Survivor regions: 10->6(10)
[2026-05-23T04:16:39.416+0000][2307.157s][gc,heap     ] GC(462) Old regions: 921->925
[2026-05-23T04:16:39.416+0000][2307.157s][gc,heap     ] GC(462) Archive regions: 2->2
[2026-05-23T04:16:39.416+0000][2307.157s][gc,heap     ] GC(462) Humongous regions: 2->2
[2026-05-23T04:16:39.416+0000][2307.157s][gc,metaspace] GC(462) Metaspace: 46294K(46912K)->46294K(46912K) NonClass: 41013K(41344K)->41013K(41344K) Class: 5280K(5568K)->5280K(5568K)
[2026-05-23T04:16:39.416+0000][2307.157s][gc          ] GC(462) Pause Young (Normal) (G1 Evacuation Pause) 15982M->14935M(24288M) 153.137ms
[2026-05-23T04:16:39.416+0000][2307.157s][gc,cpu      ] GC(462) User=0.61s Sys=0.00s Real=0.15s
[2026-05-23T04:16:42.965+0000][2310.706s][gc,start    ] GC(463) Pause Young (Normal) (G1 Evacuation Pause)
[2026-05-23T04:16:42.965+0000][2310.706s][gc,task     ] GC(463) Using 4 workers of 4 for evacuation
[2026-05-23T04:16:43.164+0000][2310.905s][gc,phases   ] GC(463)   Pre Evacuate Collection Set: 0.14ms
[2026-05-23T04:16:43.164+0000][2310.905s][gc,phases   ] GC(463)   Merge Heap Roots: 0.56ms
[2026-05-23T04:16:43.164+0000][2310.905s][gc,phases   ] GC(463)   Evacuate Collection Set: 197.75ms
[2026-05-23T04:16:43.164+0000][2310.905s][gc,phases   ] GC(463)   Post Evacuate Collection Set: 0.60ms
[2026-05-23T04:16:43.164+0000][2310.905s][gc,phases   ] GC(463)   Other: 0.10ms
[2026-05-23T04:16:43.164+0000][2310.905s][gc,heap     ] GC(463) Eden regions: 69->0(65)
[2026-05-23T04:16:43.164+0000][2310.905s][gc,heap     ] GC(463) Survivor regions: 6->10(10)
[2026-05-23T04:16:43.164+0000][2310.905s][gc,heap     ] GC(463) Old regions: 925->927
[2026-05-23T04:16:43.164+0000][2310.905s][gc,heap     ] GC(463) Archive regions: 2->2
[2026-05-23T04:16:43.164+0000][2310.905s][gc,heap     ] GC(463) Humongous regions: 2->2
[2026-05-23T04:16:43.164+0000][2310.905s][gc,metaspace] GC(463) Metaspace: 46294K(46912K)->46294K(46912K) NonClass: 41013K(41344K)->41013K(41344K) Class: 5280K(5568K)->5280K(5568K)
[2026-05-23T04:16:43.164+0000][2310.905s][gc          ] GC(463) Pause Young (Normal) (G1 Evacuation Pause) 16039M->15039M(24288M) 199.254ms
[2026-05-23T04:16:43.164+0000][2310.905s][gc,cpu      ] GC(463) User=0.78s Sys=0.00s Real=0.20s
[2026-05-23T04:16:48.235+0000][2315.976s][gc,start    ] GC(464) Pause Young (Normal) (G1 Evacuation Pause)
[2026-05-23T04:16:48.235+0000][2315.976s][gc,task     ] GC(464) Using 4 workers of 4 for evacuation
[2026-05-23T04:16:48.487+0000][2316.228s][gc,mmu      ] GC(464) MMU target violated: 201.0ms (200.0ms/201.0ms)
[2026-05-23T04:16:48.487+0000][2316.228s][gc,phases   ] GC(464)   Pre Evacuate Collection Set: 0.13ms
[2026-05-23T04:16:48.487+0000][2316.228s][gc,phases   ] GC(464)   Merge Heap Roots: 0.61ms
[2026-05-23T04:16:48.487+0000][2316.228s][gc,phases   ] GC(464)   Evacuate Collection Set: 250.65ms
[2026-05-23T04:16:48.487+0000][2316.228s][gc,phases   ] GC(464)   Post Evacuate Collection Set: 0.65ms
[2026-05-23T04:16:48.487+0000][2316.228s][gc,phases   ] GC(464)   Other: 0.15ms
[2026-05-23T04:16:48.487+0000][2316.228s][gc,heap     ] GC(464) Eden regions: 65->0(65)
[2026-05-23T04:16:48.487+0000][2316.228s][gc,heap     ] GC(464) Survivor regions: 10->10(10)
[2026-05-23T04:16:48.487+0000][2316.228s][gc,heap     ] GC(464) Old regions: 927->931
[2026-05-23T04:16:48.487+0000][2316.228s][gc,heap     ] GC(464) Archive regions: 2->2
[2026-05-23T04:16:48.487+0000][2316.228s][gc,heap     ] GC(464) Humongous regions: 2->2
[2026-05-23T04:16:48.487+0000][2316.228s][gc,metaspace] GC(464) Metaspace: 46294K(46912K)->46294K(46912K) NonClass: 41013K(41344K)->41013K(41344K) Class: 5280K(5568K)->5280K(5568K)
[2026-05-23T04:16:48.487+0000][2316.229s][gc          ] GC(464) Pause Young (Normal) (G1 Evacuation Pause) 16079M->15101M(24288M) 252.227ms
[2026-05-23T04:16:48.487+0000][2316.229s][gc,cpu      ] GC(464) User=1.00s Sys=0.00s Real=0.25s
[2026-05-23T04:16:56.791+0000][2324.533s][gc,start    ] GC(465) Pause Young (Normal) (G1 Evacuation Pause)
[2026-05-23T04:16:56.791+0000][2324.533s][gc,task     ] GC(465) Using 4 workers of 4 for evacuation
[2026-05-23T04:16:56.948+0000][2324.689s][gc,phases   ] GC(465)   Pre Evacuate Collection Set: 0.15ms
[2026-05-23T04:16:56.948+0000][2324.689s][gc,phases   ] GC(465)   Merge Heap Roots: 0.42ms
[2026-05-23T04:16:56.948+0000][2324.689s][gc,phases   ] GC(465)   Evacuate Collection Set: 155.34ms
[2026-05-23T04:16:56.948+0000][2324.689s][gc,phases   ] GC(465)   Post Evacuate Collection Set: 0.61ms
[2026-05-23T04:16:56.948+0000][2324.689s][gc,phases   ] GC(465)   Other: 0.11ms
[2026-05-23T04:16:56.948+0000][2324.689s][gc,heap     ] GC(465) Eden regions: 65->0(67)
[2026-05-23T04:16:56.948+0000][2324.689s][gc,heap     ] GC(465) Survivor regions: 10->8(10)
[2026-05-23T04:16:56.948+0000][2324.689s][gc,heap     ] GC(465) Old regions: 931->935
[2026-05-23T04:16:56.948+0000][2324.689s][gc,heap     ] GC(465) Archive regions: 2->2
[2026-05-23T04:16:56.948+0000][2324.689s][gc,heap     ] GC(465) Humongous regions: 2->2
[2026-05-23T04:16:56.948+0000][2324.689s][gc,metaspace] GC(465) Metaspace: 46294K(46912K)->46294K(46912K) NonClass: 41013K(41344K)->41013K(41344K) Class: 5280K(5568K)->5280K(5568K)
[2026-05-23T04:16:56.948+0000][2324.689s][gc          ] GC(465) Pause Young (Normal) (G1 Evacuation Pause) 16141M->15121M(24288M) 156.753ms
[2026-05-23T04:16:56.948+0000][2324.689s][gc,cpu      ] GC(465) User=0.62s Sys=0.00s Real=0.15s
[2026-05-23T04:16:59.401+0000][2327.142s][gc,start    ] GC(466) Pause Young (Normal) (G1 Evacuation Pause)
[2026-05-23T04:16:59.401+0000][2327.142s][gc,task     ] GC(466) Using 4 workers of 4 for evacuation
[2026-05-23T04:16:59.707+0000][2327.448s][gc,mmu      ] GC(466) MMU target violated: 201.0ms (200.0ms/201.0ms)
[2026-05-23T04:16:59.707+0000][2327.448s][gc,phases   ] GC(466)   Pre Evacuate Collection Set: 0.12ms
[2026-05-23T04:16:59.707+0000][2327.448s][gc,phases   ] GC(466)   Merge Heap Roots: 0.79ms
[2026-05-23T04:16:59.707+0000][2327.448s][gc,phases   ] GC(466)   Evacuate Collection Set: 303.97ms
[2026-05-23T04:16:59.707+0000][2327.448s][gc,phases   ] GC(466)   Post Evacuate Collection Set: 0.96ms
[2026-05-23T04:16:59.707+0000][2327.448s][gc,phases   ] GC(466)   Other: 0.17ms
[2026-05-23T04:16:59.707+0000][2327.448s][gc,heap     ] GC(466) Eden regions: 67->0(65)
[2026-05-23T04:16:59.707+0000][2327.448s][gc,heap     ] GC(466) Survivor regions: 8->10(10)
[2026-05-23T04:16:59.707+0000][2327.448s][gc,heap     ] GC(466) Old regions: 935->944
[2026-05-23T04:16:59.707+0000][2327.448s][gc,heap     ] GC(466) Archive regions: 2->2
[2026-05-23T04:16:59.707+0000][2327.448s][gc,heap     ] GC(466) Humongous regions: 2->2
[2026-05-23T04:16:59.707+0000][2327.448s][gc,metaspace] GC(466) Metaspace: 46296K(46912K)->46296K(46912K) NonClass: 41015K(41344K)->41015K(41344K) Class: 5280K(5568K)->5280K(5568K)
[2026-05-23T04:16:59.707+0000][2327.448s][gc          ] GC(466) Pause Young (Normal) (G1 Evacuation Pause) 16193M->15308M(24288M) 306.067ms
[2026-05-23T04:16:59.707+0000][2327.448s][gc,cpu      ] GC(466) User=1.21s Sys=0.00s Real=0.30s
[2026-05-23T04:17:04.487+0000][2332.228s][gc,start    ] GC(467) Pause Young (Normal) (G1 Evacuation Pause)
[2026-05-23T04:17:04.487+0000][2332.228s][gc,task     ] GC(467) Using 4 workers of 4 for evacuation
[2026-05-23T04:17:04.798+0000][2332.539s][gc,mmu      ] GC(467) MMU target violated: 201.0ms (200.0ms/201.0ms)
[2026-05-23T04:17:04.798+0000][2332.539s][gc,phases   ] GC(467)   Pre Evacuate Collection Set: 0.12ms
[2026-05-23T04:17:04.798+0000][2332.539s][gc,phases   ] GC(467)   Merge Heap Roots: 2.52ms
[2026-05-23T04:17:04.798+0000][2332.540s][gc,phases   ] GC(467)   Evacuate Collection Set: 307.73ms
[2026-05-23T04:17:04.798+0000][2332.540s][gc,phases   ] GC(467)   Post Evacuate Collection Set: 1.15ms
[2026-05-23T04:17:04.798+0000][2332.540s][gc,phases   ] GC(467)   Other: 0.17ms
[2026-05-23T04:17:04.798+0000][2332.540s][gc,heap     ] GC(467) Eden regions: 65->0(65)
[2026-05-23T04:17:04.798+0000][2332.540s][gc,heap     ] GC(467) Survivor regions: 10->10(10)
[2026-05-23T04:17:04.798+0000][2332.540s][gc,heap     ] GC(467) Old regions: 944->953
[2026-05-23T04:17:04.798+0000][2332.540s][gc,heap     ] GC(467) Archive regions: 2->2
[2026-05-23T04:17:04.798+0000][2332.540s][gc,heap     ] GC(467) Humongous regions: 2->2
[2026-05-23T04:17:04.798+0000][2332.540s][gc,metaspace] GC(467) Metaspace: 46296K(46912K)->46296K(46912K) NonClass: 41015K(41344K)->41015K(41344K) Class: 5280K(5568K)->5280K(5568K)
[2026-05-23T04:17:04.798+0000][2332.540s][gc          ] GC(467) Pause Young (Normal) (G1 Evacuation Pause) 16348M->15452M(24288M) 311.759ms
[2026-05-23T04:17:04.799+0000][2332.540s][gc,cpu      ] GC(467) User=1.23s Sys=0.00s Real=0.31s
[2026-05-23T04:17:15.733+0000][2343.474s][gc,start    ] GC(468) Pause Young (Normal) (G1 Evacuation Pause)
[2026-05-23T04:17:15.733+0000][2343.474s][gc,task     ] GC(468) Using 4 workers of 4 for evacuation
[2026-05-23T04:17:15.947+0000][2343.689s][gc,mmu      ] GC(468) MMU target violated: 201.0ms (200.0ms/201.0ms)
[2026-05-23T04:17:15.948+0000][2343.689s][gc,phases   ] GC(468)   Pre Evacuate Collection Set: 0.12ms
[2026-05-23T04:17:15.948+0000][2343.689s][gc,phases   ] GC(468)   Merge Heap Roots: 3.58ms
[2026-05-23T04:17:15.948+0000][2343.689s][gc,phases   ] GC(468)   Evacuate Collection Set: 209.47ms
[2026-05-23T04:17:15.948+0000][2343.689s][gc,phases   ] GC(468)   Post Evacuate Collection Set: 1.04ms
[2026-05-23T04:17:15.948+0000][2343.689s][gc,phases   ] GC(468)   Other: 0.18ms
[2026-05-23T04:17:15.948+0000][2343.689s][gc,heap     ] GC(468) Eden regions: 65->0(67)
[2026-05-23T04:17:15.948+0000][2343.689s][gc,heap     ] GC(468) Survivor regions: 10->8(10)
[2026-05-23T04:17:15.948+0000][2343.689s][gc,heap     ] GC(468) Old regions: 953->957
[2026-05-23T04:17:15.948+0000][2343.689s][gc,heap     ] GC(468) Archive regions: 2->2
[2026-05-23T04:17:15.948+0000][2343.689s][gc,heap     ] GC(468) Humongous regions: 2->2
[2026-05-23T04:17:15.948+0000][2343.689s][gc,metaspace] GC(468) Metaspace: 46296K(46912K)->46296K(46912K) NonClass: 41015K(41344K)->41015K(41344K) Class: 5280K(5568K)->5280K(5568K)
[2026-05-23T04:17:15.948+0000][2343.689s][gc          ] GC(468) Pause Young (Normal) (G1 Evacuation Pause) 16492M->15477M(24288M) 214.448ms
[2026-05-23T04:17:15.948+0000][2343.689s][gc,cpu      ] GC(468) User=0.84s Sys=0.00s Real=0.21s
[2026-05-23T04:17:21.356+0000][2349.097s][gc,heap,exit] Heap
[2026-05-23T04:17:21.356+0000][2349.097s][gc,heap,exit]  garbage-first heap   total 24870912K, used 16676603K [0x0000000200000000, 0x0000000800000000)
[2026-05-23T04:17:21.356+0000][2349.097s][gc,heap,exit]   region size 16384K, 59 young (966656K), 8 survivors (131072K)
[2026-05-23T04:17:21.356+0000][2349.097s][gc,heap,exit]  Metaspace       used 46355K, committed 46912K, reserved 1114112K
[2026-05-23T04:17:21.356+0000][2349.097s][gc,heap,exit]   class space    used 5292K, committed 5568K, reserved 1048576K
