[2026-05-23T04:47:30.557+0000][0.003s][gc] Using G1
[2026-05-23T04:47:30.564+0000][0.009s][gc,init] Version: 17.0.19+10-LTS (release)
[2026-05-23T04:47:30.564+0000][0.009s][gc,init] CPUs: 4 total, 4 available
[2026-05-23T04:47:30.564+0000][0.009s][gc,init] Memory: 31461M
[2026-05-23T04:47:30.564+0000][0.009s][gc,init] Large Page Support: Disabled
[2026-05-23T04:47:30.564+0000][0.009s][gc,init] NUMA Support: Disabled
[2026-05-23T04:47:30.564+0000][0.009s][gc,init] Compressed Oops: Enabled (Zero based)
[2026-05-23T04:47:30.564+0000][0.009s][gc,init] Heap Region Size: 16M
[2026-05-23T04:47:30.564+0000][0.009s][gc,init] Heap Min Capacity: 4G
[2026-05-23T04:47:30.564+0000][0.009s][gc,init] Heap Initial Capacity: 4G
[2026-05-23T04:47:30.564+0000][0.009s][gc,init] Heap Max Capacity: 24G
[2026-05-23T04:47:30.564+0000][0.009s][gc,init] Pre-touch: Disabled
[2026-05-23T04:47:30.564+0000][0.009s][gc,init] Parallel Workers: 4
[2026-05-23T04:47:30.564+0000][0.009s][gc,init] Concurrent Workers: 1
[2026-05-23T04:47:30.564+0000][0.009s][gc,init] Concurrent Refinement Workers: 4
[2026-05-23T04:47:30.564+0000][0.009s][gc,init] Periodic GC: Disabled
[2026-05-23T04:47:30.571+0000][0.017s][gc,metaspace] CDS archive(s) mapped at: [0x00007fa0fb000000-0x00007fa0fbbca000-0x00007fa0fbbca000), size 12361728, SharedBaseAddress: 0x00007fa0fb000000, ArchiveRelocationMode: 1.
[2026-05-23T04:47:30.571+0000][0.017s][gc,metaspace] Compressed class space mapped at: 0x00007fa0fc000000-0x00007fa13c000000, reserved size: 1073741824
[2026-05-23T04:47:30.571+0000][0.017s][gc,metaspace] Narrow klass base: 0x00007fa0fb000000, Narrow klass shift: 0, Narrow klass range: 0x100000000
[2026-05-23T04:47:31.762+0000][1.207s][gc,start    ] GC(0) Pause Young (Normal) (G1 Evacuation Pause)
[2026-05-23T04:47:31.762+0000][1.208s][gc,task     ] GC(0) Using 4 workers of 4 for evacuation
[2026-05-23T04:47:31.789+0000][1.235s][gc,phases   ] GC(0)   Pre Evacuate Collection Set: 0.10ms
[2026-05-23T04:47:31.789+0000][1.235s][gc,phases   ] GC(0)   Merge Heap Roots: 0.27ms
[2026-05-23T04:47:31.789+0000][1.235s][gc,phases   ] GC(0)   Evacuate Collection Set: 26.36ms
[2026-05-23T04:47:31.789+0000][1.235s][gc,phases   ] GC(0)   Post Evacuate Collection Set: 0.56ms
[2026-05-23T04:47:31.789+0000][1.235s][gc,phases   ] GC(0)   Other: 0.39ms
[2026-05-23T04:47:31.789+0000][1.235s][gc,heap     ] GC(0) Eden regions: 12->0(10)
[2026-05-23T04:47:31.789+0000][1.235s][gc,heap     ] GC(0) Survivor regions: 0->2(2)
[2026-05-23T04:47:31.789+0000][1.235s][gc,heap     ] GC(0) Old regions: 0->1
[2026-05-23T04:47:31.789+0000][1.235s][gc,heap     ] GC(0) Archive regions: 2->2
[2026-05-23T04:47:31.789+0000][1.235s][gc,heap     ] GC(0) Humongous regions: 0->0
[2026-05-23T04:47:31.789+0000][1.235s][gc,metaspace] GC(0) Metaspace: 11687K(11904K)->11687K(11904K) NonClass: 10283K(10368K)->10283K(10368K) Class: 1403K(1536K)->1403K(1536K)
[2026-05-23T04:47:31.789+0000][1.235s][gc          ] GC(0) Pause Young (Normal) (G1 Evacuation Pause) 207M->48M(4128M) 27.761ms
[2026-05-23T04:47:31.789+0000][1.235s][gc,cpu      ] GC(0) User=0.09s Sys=0.02s Real=0.03s
[2026-05-23T04:47:32.055+0000][1.501s][gc,start    ] GC(1) Pause Young (Normal) (G1 Evacuation Pause)
[2026-05-23T04:47:32.056+0000][1.501s][gc,task     ] GC(1) Using 4 workers of 4 for evacuation
[2026-05-23T04:47:32.094+0000][1.539s][gc,phases   ] GC(1)   Pre Evacuate Collection Set: 0.09ms
[2026-05-23T04:47:32.094+0000][1.539s][gc,phases   ] GC(1)   Merge Heap Roots: 0.10ms
[2026-05-23T04:47:32.094+0000][1.539s][gc,phases   ] GC(1)   Evacuate Collection Set: 37.49ms
[2026-05-23T04:47:32.094+0000][1.539s][gc,phases   ] GC(1)   Post Evacuate Collection Set: 0.38ms
[2026-05-23T04:47:32.094+0000][1.539s][gc,phases   ] GC(1)   Other: 0.14ms
[2026-05-23T04:47:32.094+0000][1.539s][gc,heap     ] GC(1) Eden regions: 10->0(10)
[2026-05-23T04:47:32.094+0000][1.539s][gc,heap     ] GC(1) Survivor regions: 2->2(2)
[2026-05-23T04:47:32.094+0000][1.539s][gc,heap     ] GC(1) Old regions: 1->3
[2026-05-23T04:47:32.094+0000][1.539s][gc,heap     ] GC(1) Archive regions: 2->2
[2026-05-23T04:47:32.094+0000][1.539s][gc,heap     ] GC(1) Humongous regions: 0->0
[2026-05-23T04:47:32.094+0000][1.539s][gc,metaspace] GC(1) Metaspace: 11698K(11904K)->11698K(11904K) NonClass: 10294K(10368K)->10294K(10368K) Class: 1403K(1536K)->1403K(1536K)
[2026-05-23T04:47:32.094+0000][1.539s][gc          ] GC(1) Pause Young (Normal) (G1 Evacuation Pause) 208M->76M(4128M) 38.286ms
[2026-05-23T04:47:32.094+0000][1.539s][gc,cpu      ] GC(1) User=0.13s Sys=0.02s Real=0.04s
[2026-05-23T04:47:32.352+0000][1.798s][gc,start    ] GC(2) Pause Young (Normal) (G1 Evacuation Pause)
[2026-05-23T04:47:32.352+0000][1.798s][gc,task     ] GC(2) Using 4 workers of 4 for evacuation
[2026-05-23T04:47:32.385+0000][1.831s][gc,phases   ] GC(2)   Pre Evacuate Collection Set: 0.09ms
[2026-05-23T04:47:32.385+0000][1.831s][gc,phases   ] GC(2)   Merge Heap Roots: 0.09ms
[2026-05-23T04:47:32.385+0000][1.831s][gc,phases   ] GC(2)   Evacuate Collection Set: 32.37ms
[2026-05-23T04:47:32.385+0000][1.831s][gc,phases   ] GC(2)   Post Evacuate Collection Set: 0.24ms
[2026-05-23T04:47:32.385+0000][1.831s][gc,phases   ] GC(2)   Other: 0.41ms
[2026-05-23T04:47:32.385+0000][1.831s][gc,heap     ] GC(2) Eden regions: 10->0(10)
[2026-05-23T04:47:32.385+0000][1.831s][gc,heap     ] GC(2) Survivor regions: 2->2(2)
[2026-05-23T04:47:32.385+0000][1.831s][gc,heap     ] GC(2) Old regions: 3->4
[2026-05-23T04:47:32.385+0000][1.831s][gc,heap     ] GC(2) Archive regions: 2->2
[2026-05-23T04:47:32.385+0000][1.831s][gc,heap     ] GC(2) Humongous regions: 0->0
[2026-05-23T04:47:32.385+0000][1.831s][gc,metaspace] GC(2) Metaspace: 11702K(11904K)->11702K(11904K) NonClass: 10297K(10368K)->10297K(10368K) Class: 1404K(1536K)->1404K(1536K)
[2026-05-23T04:47:32.385+0000][1.831s][gc          ] GC(2) Pause Young (Normal) (G1 Evacuation Pause) 236M->104M(4128M) 33.280ms
[2026-05-23T04:47:32.385+0000][1.831s][gc,cpu      ] GC(2) User=0.12s Sys=0.01s Real=0.03s
[2026-05-23T04:47:32.639+0000][2.084s][gc,start    ] GC(3) Pause Young (Normal) (G1 Evacuation Pause)
[2026-05-23T04:47:32.639+0000][2.084s][gc,task     ] GC(3) Using 4 workers of 4 for evacuation
[2026-05-23T04:47:32.672+0000][2.118s][gc,phases   ] GC(3)   Pre Evacuate Collection Set: 0.08ms
[2026-05-23T04:47:32.672+0000][2.118s][gc,phases   ] GC(3)   Merge Heap Roots: 0.09ms
[2026-05-23T04:47:32.672+0000][2.118s][gc,phases   ] GC(3)   Evacuate Collection Set: 32.37ms
[2026-05-23T04:47:32.672+0000][2.118s][gc,phases   ] GC(3)   Post Evacuate Collection Set: 0.23ms
[2026-05-23T04:47:32.672+0000][2.118s][gc,phases   ] GC(3)   Other: 0.45ms
[2026-05-23T04:47:32.672+0000][2.118s][gc,heap     ] GC(3) Eden regions: 10->0(10)
[2026-05-23T04:47:32.672+0000][2.118s][gc,heap     ] GC(3) Survivor regions: 2->2(2)
[2026-05-23T04:47:32.672+0000][2.118s][gc,heap     ] GC(3) Old regions: 4->6
[2026-05-23T04:47:32.672+0000][2.118s][gc,heap     ] GC(3) Archive regions: 2->2
[2026-05-23T04:47:32.672+0000][2.118s][gc,heap     ] GC(3) Humongous regions: 0->0
[2026-05-23T04:47:32.672+0000][2.118s][gc,metaspace] GC(3) Metaspace: 11702K(11904K)->11702K(11904K) NonClass: 10297K(10368K)->10297K(10368K) Class: 1404K(1536K)->1404K(1536K)
[2026-05-23T04:47:32.672+0000][2.118s][gc          ] GC(3) Pause Young (Normal) (G1 Evacuation Pause) 264M->132M(4128M) 33.302ms
[2026-05-23T04:47:32.672+0000][2.118s][gc,cpu      ] GC(3) User=0.12s Sys=0.01s Real=0.03s
[2026-05-23T04:47:32.926+0000][2.372s][gc,start    ] GC(4) Pause Young (Normal) (G1 Evacuation Pause)
[2026-05-23T04:47:32.926+0000][2.372s][gc,task     ] GC(4) Using 4 workers of 4 for evacuation
[2026-05-23T04:47:32.961+0000][2.406s][gc,phases   ] GC(4)   Pre Evacuate Collection Set: 0.09ms
[2026-05-23T04:47:32.961+0000][2.406s][gc,phases   ] GC(4)   Merge Heap Roots: 0.09ms
[2026-05-23T04:47:32.961+0000][2.406s][gc,phases   ] GC(4)   Evacuate Collection Set: 33.84ms
[2026-05-23T04:47:32.961+0000][2.406s][gc,phases   ] GC(4)   Post Evacuate Collection Set: 0.25ms
[2026-05-23T04:47:32.961+0000][2.406s][gc,phases   ] GC(4)   Other: 0.11ms
[2026-05-23T04:47:32.961+0000][2.406s][gc,heap     ] GC(4) Eden regions: 10->0(10)
[2026-05-23T04:47:32.961+0000][2.406s][gc,heap     ] GC(4) Survivor regions: 2->2(2)
[2026-05-23T04:47:32.961+0000][2.406s][gc,heap     ] GC(4) Old regions: 6->8
[2026-05-23T04:47:32.961+0000][2.406s][gc,heap     ] GC(4) Archive regions: 2->2
[2026-05-23T04:47:32.961+0000][2.406s][gc,heap     ] GC(4) Humongous regions: 0->0
[2026-05-23T04:47:32.961+0000][2.406s][gc,metaspace] GC(4) Metaspace: 11702K(11904K)->11702K(11904K) NonClass: 10297K(10368K)->10297K(10368K) Class: 1404K(1536K)->1404K(1536K)
[2026-05-23T04:47:32.961+0000][2.406s][gc          ] GC(4) Pause Young (Normal) (G1 Evacuation Pause) 292M->159M(4128M) 34.470ms
[2026-05-23T04:47:32.961+0000][2.406s][gc,cpu      ] GC(4) User=0.12s Sys=0.01s Real=0.04s
[2026-05-23T04:47:33.213+0000][2.659s][gc,start    ] GC(5) Pause Young (Normal) (G1 Evacuation Pause)
[2026-05-23T04:47:33.213+0000][2.659s][gc,task     ] GC(5) Using 4 workers of 4 for evacuation
[2026-05-23T04:47:33.252+0000][2.698s][gc,phases   ] GC(5)   Pre Evacuate Collection Set: 0.08ms
[2026-05-23T04:47:33.252+0000][2.698s][gc,phases   ] GC(5)   Merge Heap Roots: 0.09ms
[2026-05-23T04:47:33.252+0000][2.698s][gc,phases   ] GC(5)   Evacuate Collection Set: 33.56ms
[2026-05-23T04:47:33.252+0000][2.698s][gc,phases   ] GC(5)   Post Evacuate Collection Set: 5.35ms
[2026-05-23T04:47:33.252+0000][2.698s][gc,phases   ] GC(5)   Other: 0.10ms
[2026-05-23T04:47:33.252+0000][2.698s][gc,heap     ] GC(5) Eden regions: 10->0(23)
[2026-05-23T04:47:33.252+0000][2.698s][gc,heap     ] GC(5) Survivor regions: 2->2(2)
[2026-05-23T04:47:33.252+0000][2.698s][gc,heap     ] GC(5) Old regions: 8->10
[2026-05-23T04:47:33.252+0000][2.698s][gc,heap     ] GC(5) Archive regions: 2->2
[2026-05-23T04:47:33.252+0000][2.698s][gc,heap     ] GC(5) Humongous regions: 0->0
[2026-05-23T04:47:33.252+0000][2.698s][gc,metaspace] GC(5) Metaspace: 11702K(11904K)->11702K(11904K) NonClass: 10297K(10368K)->10297K(10368K) Class: 1404K(1536K)->1404K(1536K)
[2026-05-23T04:47:33.252+0000][2.698s][gc          ] GC(5) Pause Young (Normal) (G1 Evacuation Pause) 319M->190M(8224M) 39.261ms
[2026-05-23T04:47:33.252+0000][2.698s][gc,cpu      ] GC(5) User=0.13s Sys=0.01s Real=0.04s
[2026-05-23T04:47:33.900+0000][3.345s][gc,start    ] GC(6) Pause Young (Normal) (G1 Evacuation Pause)
[2026-05-23T04:47:33.900+0000][3.345s][gc,task     ] GC(6) Using 4 workers of 4 for evacuation
[2026-05-23T04:47:33.959+0000][3.405s][gc,phases   ] GC(6)   Pre Evacuate Collection Set: 0.13ms
[2026-05-23T04:47:33.959+0000][3.405s][gc,phases   ] GC(6)   Merge Heap Roots: 0.09ms
[2026-05-23T04:47:33.959+0000][3.405s][gc,phases   ] GC(6)   Evacuate Collection Set: 58.86ms
[2026-05-23T04:47:33.959+0000][3.405s][gc,phases   ] GC(6)   Post Evacuate Collection Set: 0.32ms
[2026-05-23T04:47:33.959+0000][3.405s][gc,phases   ] GC(6)   Other: 0.10ms
[2026-05-23T04:47:33.959+0000][3.405s][gc,heap     ] GC(6) Eden regions: 23->0(21)
[2026-05-23T04:47:33.959+0000][3.405s][gc,heap     ] GC(6) Survivor regions: 2->4(4)
[2026-05-23T04:47:33.959+0000][3.405s][gc,heap     ] GC(6) Old regions: 10->11
[2026-05-23T04:47:33.959+0000][3.405s][gc,heap     ] GC(6) Archive regions: 2->2
[2026-05-23T04:47:33.959+0000][3.405s][gc,heap     ] GC(6) Humongous regions: 0->0
[2026-05-23T04:47:33.959+0000][3.405s][gc,metaspace] GC(6) Metaspace: 11702K(11904K)->11702K(11904K) NonClass: 10297K(10368K)->10297K(10368K) Class: 1404K(1536K)->1404K(1536K)
[2026-05-23T04:47:33.959+0000][3.405s][gc          ] GC(6) Pause Young (Normal) (G1 Evacuation Pause) 558M->251M(8224M) 59.605ms
[2026-05-23T04:47:33.959+0000][3.405s][gc,cpu      ] GC(6) User=0.21s Sys=0.03s Real=0.06s
[2026-05-23T04:47:34.493+0000][3.938s][gc,start    ] GC(7) Pause Young (Normal) (G1 Evacuation Pause)
[2026-05-23T04:47:34.493+0000][3.938s][gc,task     ] GC(7) Using 4 workers of 4 for evacuation
[2026-05-23T04:47:34.570+0000][4.016s][gc,phases   ] GC(7)   Pre Evacuate Collection Set: 0.10ms
[2026-05-23T04:47:34.570+0000][4.016s][gc,phases   ] GC(7)   Merge Heap Roots: 0.09ms
[2026-05-23T04:47:34.570+0000][4.016s][gc,phases   ] GC(7)   Evacuate Collection Set: 76.30ms
[2026-05-23T04:47:34.570+0000][4.016s][gc,phases   ] GC(7)   Post Evacuate Collection Set: 0.32ms
[2026-05-23T04:47:34.570+0000][4.016s][gc,phases   ] GC(7)   Other: 0.48ms
[2026-05-23T04:47:34.570+0000][4.016s][gc,heap     ] GC(7) Eden regions: 21->0(21)
[2026-05-23T04:47:34.570+0000][4.016s][gc,heap     ] GC(7) Survivor regions: 4->4(4)
[2026-05-23T04:47:34.570+0000][4.016s][gc,heap     ] GC(7) Old regions: 11->15
[2026-05-23T04:47:34.570+0000][4.016s][gc,heap     ] GC(7) Archive regions: 2->2
[2026-05-23T04:47:34.570+0000][4.016s][gc,heap     ] GC(7) Humongous regions: 0->0
[2026-05-23T04:47:34.570+0000][4.016s][gc,metaspace] GC(7) Metaspace: 11702K(11904K)->11702K(11904K) NonClass: 10297K(10368K)->10297K(10368K) Class: 1404K(1536K)->1404K(1536K)
[2026-05-23T04:47:34.570+0000][4.016s][gc          ] GC(7) Pause Young (Normal) (G1 Evacuation Pause) 587M->318M(8224M) 77.397ms
[2026-05-23T04:47:34.570+0000][4.016s][gc,cpu      ] GC(7) User=0.27s Sys=0.03s Real=0.08s
[2026-05-23T04:47:35.099+0000][4.545s][gc,start    ] GC(8) Pause Young (Normal) (G1 Evacuation Pause)
[2026-05-23T04:47:35.099+0000][4.545s][gc,task     ] GC(8) Using 4 workers of 4 for evacuation
[2026-05-23T04:47:35.170+0000][4.616s][gc,phases   ] GC(8)   Pre Evacuate Collection Set: 0.12ms
[2026-05-23T04:47:35.170+0000][4.616s][gc,phases   ] GC(8)   Merge Heap Roots: 0.10ms
[2026-05-23T04:47:35.170+0000][4.616s][gc,phases   ] GC(8)   Evacuate Collection Set: 69.49ms
[2026-05-23T04:47:35.170+0000][4.616s][gc,phases   ] GC(8)   Post Evacuate Collection Set: 0.32ms
[2026-05-23T04:47:35.170+0000][4.616s][gc,phases   ] GC(8)   Other: 0.48ms
[2026-05-23T04:47:35.170+0000][4.616s][gc,heap     ] GC(8) Eden regions: 21->0(21)
[2026-05-23T04:47:35.170+0000][4.616s][gc,heap     ] GC(8) Survivor regions: 4->4(4)
[2026-05-23T04:47:35.170+0000][4.616s][gc,heap     ] GC(8) Old regions: 15->19
[2026-05-23T04:47:35.170+0000][4.616s][gc,heap     ] GC(8) Archive regions: 2->2
[2026-05-23T04:47:35.170+0000][4.616s][gc,heap     ] GC(8) Humongous regions: 0->0
[2026-05-23T04:47:35.170+0000][4.616s][gc,metaspace] GC(8) Metaspace: 11702K(11904K)->11702K(11904K) NonClass: 10297K(10368K)->10297K(10368K) Class: 1404K(1536K)->1404K(1536K)
[2026-05-23T04:47:35.170+0000][4.616s][gc          ] GC(8) Pause Young (Normal) (G1 Evacuation Pause) 654M->378M(8224M) 70.596ms
[2026-05-23T04:47:35.170+0000][4.616s][gc,cpu      ] GC(8) User=0.26s Sys=0.01s Real=0.07s
[2026-05-23T04:47:35.703+0000][5.149s][gc,start    ] GC(9) Pause Young (Normal) (G1 Evacuation Pause)
[2026-05-23T04:47:35.703+0000][5.149s][gc,task     ] GC(9) Using 4 workers of 4 for evacuation
[2026-05-23T04:47:35.778+0000][5.223s][gc,phases   ] GC(9)   Pre Evacuate Collection Set: 0.11ms
[2026-05-23T04:47:35.778+0000][5.223s][gc,phases   ] GC(9)   Merge Heap Roots: 0.11ms
[2026-05-23T04:47:35.778+0000][5.223s][gc,phases   ] GC(9)   Evacuate Collection Set: 69.41ms
[2026-05-23T04:47:35.778+0000][5.223s][gc,phases   ] GC(9)   Post Evacuate Collection Set: 4.21ms
[2026-05-23T04:47:35.778+0000][5.223s][gc,phases   ] GC(9)   Other: 0.46ms
[2026-05-23T04:47:35.778+0000][5.223s][gc,heap     ] GC(9) Eden regions: 21->0(30)
[2026-05-23T04:47:35.778+0000][5.223s][gc,heap     ] GC(9) Survivor regions: 4->4(4)
[2026-05-23T04:47:35.778+0000][5.223s][gc,heap     ] GC(9) Old regions: 19->23
[2026-05-23T04:47:35.778+0000][5.223s][gc,heap     ] GC(9) Archive regions: 2->2
[2026-05-23T04:47:35.778+0000][5.223s][gc,heap     ] GC(9) Humongous regions: 0->0
[2026-05-23T04:47:35.778+0000][5.223s][gc,metaspace] GC(9) Metaspace: 11702K(11904K)->11702K(11904K) NonClass: 10297K(10368K)->10297K(10368K) Class: 1404K(1536K)->1404K(1536K)
[2026-05-23T04:47:35.778+0000][5.223s][gc          ] GC(9) Pause Young (Normal) (G1 Evacuation Pause) 714M->442M(10960M) 74.389ms
[2026-05-23T04:47:35.778+0000][5.223s][gc,cpu      ] GC(9) User=0.26s Sys=0.02s Real=0.07s
[2026-05-23T04:47:36.628+0000][6.074s][gc,start    ] GC(10) Pause Young (Normal) (G1 Evacuation Pause)
[2026-05-23T04:47:36.628+0000][6.074s][gc,task     ] GC(10) Using 4 workers of 4 for evacuation
[2026-05-23T04:47:36.716+0000][6.161s][gc,phases   ] GC(10)   Pre Evacuate Collection Set: 0.14ms
[2026-05-23T04:47:36.716+0000][6.161s][gc,phases   ] GC(10)   Merge Heap Roots: 0.11ms
[2026-05-23T04:47:36.716+0000][6.161s][gc,phases   ] GC(10)   Evacuate Collection Set: 86.51ms
[2026-05-23T04:47:36.716+0000][6.161s][gc,phases   ] GC(10)   Post Evacuate Collection Set: 0.40ms
[2026-05-23T04:47:36.716+0000][6.161s][gc,phases   ] GC(10)   Other: 0.48ms
[2026-05-23T04:47:36.716+0000][6.161s][gc,heap     ] GC(10) Eden regions: 30->0(29)
[2026-05-23T04:47:36.716+0000][6.161s][gc,heap     ] GC(10) Survivor regions: 4->5(5)
[2026-05-23T04:47:36.716+0000][6.161s][gc,heap     ] GC(10) Old regions: 23->27
[2026-05-23T04:47:36.716+0000][6.161s][gc,heap     ] GC(10) Archive regions: 2->2
[2026-05-23T04:47:36.716+0000][6.161s][gc,heap     ] GC(10) Humongous regions: 0->0
[2026-05-23T04:47:36.716+0000][6.161s][gc,metaspace] GC(10) Metaspace: 11702K(11904K)->11702K(11904K) NonClass: 10297K(10368K)->10297K(10368K) Class: 1404K(1536K)->1404K(1536K)
[2026-05-23T04:47:36.716+0000][6.162s][gc          ] GC(10) Pause Young (Normal) (G1 Evacuation Pause) 922M->520M(10960M) 87.716ms
[2026-05-23T04:47:36.716+0000][6.162s][gc,cpu      ] GC(10) User=0.31s Sys=0.03s Real=0.09s
[2026-05-23T04:47:37.446+0000][6.892s][gc,start    ] GC(11) Pause Young (Normal) (G1 Evacuation Pause)
[2026-05-23T04:47:37.446+0000][6.892s][gc,task     ] GC(11) Using 4 workers of 4 for evacuation
[2026-05-23T04:47:37.548+0000][6.994s][gc,phases   ] GC(11)   Pre Evacuate Collection Set: 0.13ms
[2026-05-23T04:47:37.548+0000][6.994s][gc,phases   ] GC(11)   Merge Heap Roots: 0.10ms
[2026-05-23T04:47:37.548+0000][6.994s][gc,phases   ] GC(11)   Evacuate Collection Set: 100.83ms
[2026-05-23T04:47:37.548+0000][6.994s][gc,phases   ] GC(11)   Post Evacuate Collection Set: 0.35ms
[2026-05-23T04:47:37.548+0000][6.994s][gc,phases   ] GC(11)   Other: 0.45ms
[2026-05-23T04:47:37.548+0000][6.994s][gc,heap     ] GC(11) Eden regions: 29->0(29)
[2026-05-23T04:47:37.548+0000][6.994s][gc,heap     ] GC(11) Survivor regions: 5->5(5)
[2026-05-23T04:47:37.548+0000][6.994s][gc,heap     ] GC(11) Old regions: 27->32
[2026-05-23T04:47:37.548+0000][6.994s][gc,heap     ] GC(11) Archive regions: 2->2
[2026-05-23T04:47:37.548+0000][6.994s][gc,heap     ] GC(11) Humongous regions: 0->0
[2026-05-23T04:47:37.548+0000][6.994s][gc,metaspace] GC(11) Metaspace: 11702K(11904K)->11702K(11904K) NonClass: 10297K(10368K)->10297K(10368K) Class: 1404K(1536K)->1404K(1536K)
[2026-05-23T04:47:37.548+0000][6.994s][gc          ] GC(11) Pause Young (Normal) (G1 Evacuation Pause) 984M->605M(10960M) 101.945ms
[2026-05-23T04:47:37.548+0000][6.994s][gc,cpu      ] GC(11) User=0.37s Sys=0.04s Real=0.10s
[2026-05-23T04:47:38.285+0000][7.731s][gc,start    ] GC(12) Pause Young (Normal) (G1 Evacuation Pause)
[2026-05-23T04:47:38.285+0000][7.731s][gc,task     ] GC(12) Using 4 workers of 4 for evacuation
[2026-05-23T04:47:38.381+0000][7.827s][gc,phases   ] GC(12)   Pre Evacuate Collection Set: 0.11ms
[2026-05-23T04:47:38.381+0000][7.827s][gc,phases   ] GC(12)   Merge Heap Roots: 0.10ms
[2026-05-23T04:47:38.381+0000][7.827s][gc,phases   ] GC(12)   Evacuate Collection Set: 95.37ms
[2026-05-23T04:47:38.381+0000][7.827s][gc,phases   ] GC(12)   Post Evacuate Collection Set: 0.36ms
[2026-05-23T04:47:38.381+0000][7.827s][gc,phases   ] GC(12)   Other: 0.09ms
[2026-05-23T04:47:38.381+0000][7.827s][gc,heap     ] GC(12) Eden regions: 29->0(29)
[2026-05-23T04:47:38.381+0000][7.827s][gc,heap     ] GC(12) Survivor regions: 5->5(5)
[2026-05-23T04:47:38.381+0000][7.827s][gc,heap     ] GC(12) Old regions: 32->37
[2026-05-23T04:47:38.381+0000][7.827s][gc,heap     ] GC(12) Archive regions: 2->2
[2026-05-23T04:47:38.381+0000][7.827s][gc,heap     ] GC(12) Humongous regions: 0->0
[2026-05-23T04:47:38.381+0000][7.827s][gc,metaspace] GC(12) Metaspace: 11702K(11904K)->11702K(11904K) NonClass: 10297K(10368K)->10297K(10368K) Class: 1404K(1536K)->1404K(1536K)
[2026-05-23T04:47:38.381+0000][7.827s][gc          ] GC(12) Pause Young (Normal) (G1 Evacuation Pause) 1069M->686M(10960M) 96.135ms
[2026-05-23T04:47:38.381+0000][7.827s][gc,cpu      ] GC(12) User=0.35s Sys=0.02s Real=0.10s
[2026-05-23T04:47:39.119+0000][8.564s][gc,start    ] GC(13) Pause Young (Normal) (G1 Evacuation Pause)
[2026-05-23T04:47:39.119+0000][8.564s][gc,task     ] GC(13) Using 4 workers of 4 for evacuation
[2026-05-23T04:47:39.214+0000][8.660s][gc,phases   ] GC(13)   Pre Evacuate Collection Set: 0.22ms
[2026-05-23T04:47:39.214+0000][8.660s][gc,phases   ] GC(13)   Merge Heap Roots: 0.11ms
[2026-05-23T04:47:39.214+0000][8.660s][gc,phases   ] GC(13)   Evacuate Collection Set: 92.40ms
[2026-05-23T04:47:39.214+0000][8.660s][gc,phases   ] GC(13)   Post Evacuate Collection Set: 2.74ms
[2026-05-23T04:47:39.214+0000][8.660s][gc,phases   ] GC(13)   Other: 0.12ms
[2026-05-23T04:47:39.214+0000][8.660s][gc,heap     ] GC(13) Eden regions: 29->0(34)
[2026-05-23T04:47:39.214+0000][8.660s][gc,heap     ] GC(13) Survivor regions: 5->5(5)
[2026-05-23T04:47:39.214+0000][8.660s][gc,heap     ] GC(13) Old regions: 37->42
[2026-05-23T04:47:39.214+0000][8.660s][gc,heap     ] GC(13) Archive regions: 2->2
[2026-05-23T04:47:39.214+0000][8.660s][gc,heap     ] GC(13) Humongous regions: 0->0
[2026-05-23T04:47:39.214+0000][8.660s][gc,metaspace] GC(13) Metaspace: 11702K(11904K)->11702K(11904K) NonClass: 10297K(10368K)->10297K(10368K) Class: 1404K(1536K)->1404K(1536K)
[2026-05-23T04:47:39.214+0000][8.660s][gc          ] GC(13) Pause Young (Normal) (G1 Evacuation Pause) 1150M->765M(12544M) 95.664ms
[2026-05-23T04:47:39.214+0000][8.660s][gc,cpu      ] GC(13) User=0.35s Sys=0.02s Real=0.09s
[2026-05-23T04:47:40.168+0000][9.614s][gc,start    ] GC(14) Pause Young (Normal) (G1 Evacuation Pause)
[2026-05-23T04:47:40.168+0000][9.614s][gc,task     ] GC(14) Using 4 workers of 4 for evacuation
[2026-05-23T04:47:40.279+0000][9.724s][gc,phases   ] GC(14)   Pre Evacuate Collection Set: 0.14ms
[2026-05-23T04:47:40.279+0000][9.724s][gc,phases   ] GC(14)   Merge Heap Roots: 0.10ms
[2026-05-23T04:47:40.279+0000][9.724s][gc,phases   ] GC(14)   Evacuate Collection Set: 109.87ms
[2026-05-23T04:47:40.279+0000][9.724s][gc,phases   ] GC(14)   Post Evacuate Collection Set: 0.38ms
[2026-05-23T04:47:40.279+0000][9.724s][gc,phases   ] GC(14)   Other: 0.12ms
[2026-05-23T04:47:40.279+0000][9.724s][gc,heap     ] GC(14) Eden regions: 34->0(34)
[2026-05-23T04:47:40.279+0000][9.724s][gc,heap     ] GC(14) Survivor regions: 5->5(5)
[2026-05-23T04:47:40.279+0000][9.724s][gc,heap     ] GC(14) Old regions: 42->48
[2026-05-23T04:47:40.279+0000][9.724s][gc,heap     ] GC(14) Archive regions: 2->2
[2026-05-23T04:47:40.279+0000][9.724s][gc,heap     ] GC(14) Humongous regions: 0->0
[2026-05-23T04:47:40.279+0000][9.724s][gc,metaspace] GC(14) Metaspace: 11702K(11904K)->11702K(11904K) NonClass: 10297K(10368K)->10297K(10368K) Class: 1404K(1536K)->1404K(1536K)
[2026-05-23T04:47:40.279+0000][9.724s][gc          ] GC(14) Pause Young (Normal) (G1 Evacuation Pause) 1309M->863M(12544M) 110.742ms
[2026-05-23T04:47:40.279+0000][9.724s][gc,cpu      ] GC(14) User=0.41s Sys=0.03s Real=0.12s
[2026-05-23T04:47:41.141+0000][10.587s][gc,start    ] GC(15) Pause Young (Normal) (G1 Evacuation Pause)
[2026-05-23T04:47:41.141+0000][10.587s][gc,task     ] GC(15) Using 4 workers of 4 for evacuation
[2026-05-23T04:47:41.249+0000][10.695s][gc,phases   ] GC(15)   Pre Evacuate Collection Set: 0.13ms
[2026-05-23T04:47:41.249+0000][10.695s][gc,phases   ] GC(15)   Merge Heap Roots: 0.09ms
[2026-05-23T04:47:41.249+0000][10.695s][gc,phases   ] GC(15)   Evacuate Collection Set: 107.51ms
[2026-05-23T04:47:41.249+0000][10.695s][gc,phases   ] GC(15)   Post Evacuate Collection Set: 0.37ms
[2026-05-23T04:47:41.249+0000][10.695s][gc,phases   ] GC(15)   Other: 0.11ms
[2026-05-23T04:47:41.249+0000][10.695s][gc,heap     ] GC(15) Eden regions: 34->0(34)
[2026-05-23T04:47:41.249+0000][10.695s][gc,heap     ] GC(15) Survivor regions: 5->5(5)
[2026-05-23T04:47:41.249+0000][10.695s][gc,heap     ] GC(15) Old regions: 48->54
[2026-05-23T04:47:41.249+0000][10.695s][gc,heap     ] GC(15) Archive regions: 2->2
[2026-05-23T04:47:41.249+0000][10.695s][gc,heap     ] GC(15) Humongous regions: 0->0
[2026-05-23T04:47:41.249+0000][10.695s][gc,metaspace] GC(15) Metaspace: 11702K(11904K)->11702K(11904K) NonClass: 10297K(10368K)->10297K(10368K) Class: 1404K(1536K)->1404K(1536K)
[2026-05-23T04:47:41.249+0000][10.695s][gc          ] GC(15) Pause Young (Normal) (G1 Evacuation Pause) 1407M->959M(12544M) 108.320ms
[2026-05-23T04:47:41.249+0000][10.695s][gc,cpu      ] GC(15) User=0.39s Sys=0.04s Real=0.11s
[2026-05-23T04:47:42.129+0000][11.575s][gc,start    ] GC(16) Pause Young (Normal) (G1 Evacuation Pause)
[2026-05-23T04:47:42.129+0000][11.575s][gc,task     ] GC(16) Using 4 workers of 4 for evacuation
[2026-05-23T04:47:42.252+0000][11.697s][gc,phases   ] GC(16)   Pre Evacuate Collection Set: 0.11ms
[2026-05-23T04:47:42.252+0000][11.697s][gc,phases   ] GC(16)   Merge Heap Roots: 0.11ms
[2026-05-23T04:47:42.252+0000][11.697s][gc,phases   ] GC(16)   Evacuate Collection Set: 121.69ms
[2026-05-23T04:47:42.252+0000][11.697s][gc,phases   ] GC(16)   Post Evacuate Collection Set: 0.48ms
[2026-05-23T04:47:42.252+0000][11.697s][gc,phases   ] GC(16)   Other: 0.46ms
[2026-05-23T04:47:42.252+0000][11.697s][gc,heap     ] GC(16) Eden regions: 34->0(34)
[2026-05-23T04:47:42.252+0000][11.697s][gc,heap     ] GC(16) Survivor regions: 5->5(5)
[2026-05-23T04:47:42.252+0000][11.697s][gc,heap     ] GC(16) Old regions: 54->62
[2026-05-23T04:47:42.252+0000][11.697s][gc,heap     ] GC(16) Archive regions: 2->2
[2026-05-23T04:47:42.252+0000][11.697s][gc,heap     ] GC(16) Humongous regions: 0->0
[2026-05-23T04:47:42.252+0000][11.697s][gc,metaspace] GC(16) Metaspace: 11721K(12032K)->11721K(12032K) NonClass: 10315K(10496K)->10315K(10496K) Class: 1405K(1536K)->1405K(1536K)
[2026-05-23T04:47:42.252+0000][11.697s][gc          ] GC(16) Pause Young (Normal) (G1 Evacuation Pause) 1503M->1080M(12544M) 122.938ms
[2026-05-23T04:47:42.252+0000][11.697s][gc,cpu      ] GC(16) User=0.46s Sys=0.02s Real=0.12s
[2026-05-23T04:47:43.198+0000][12.644s][gc,start    ] GC(17) Pause Young (Concurrent Start) (Metadata GC Threshold)
[2026-05-23T04:47:43.198+0000][12.644s][gc,task     ] GC(17) Using 4 workers of 4 for evacuation
[2026-05-23T04:47:43.382+0000][12.828s][gc,phases   ] GC(17)   Pre Evacuate Collection Set: 0.16ms
[2026-05-23T04:47:43.382+0000][12.828s][gc,phases   ] GC(17)   Merge Heap Roots: 0.17ms
[2026-05-23T04:47:43.382+0000][12.828s][gc,phases   ] GC(17)   Evacuate Collection Set: 180.00ms
[2026-05-23T04:47:43.382+0000][12.828s][gc,phases   ] GC(17)   Post Evacuate Collection Set: 3.48ms
[2026-05-23T04:47:43.382+0000][12.828s][gc,phases   ] GC(17)   Other: 0.22ms
[2026-05-23T04:47:43.382+0000][12.828s][gc,heap     ] GC(17) Eden regions: 14->0(37)
[2026-05-23T04:47:43.382+0000][12.828s][gc,heap     ] GC(17) Survivor regions: 5->5(5)
[2026-05-23T04:47:43.382+0000][12.828s][gc,heap     ] GC(17) Old regions: 62->70
[2026-05-23T04:47:43.382+0000][12.828s][gc,heap     ] GC(17) Archive regions: 2->2
[2026-05-23T04:47:43.382+0000][12.828s][gc,heap     ] GC(17) Humongous regions: 0->0
[2026-05-23T04:47:43.382+0000][12.828s][gc,metaspace] GC(17) Metaspace: 21229K(21504K)->21229K(21504K) NonClass: 18710K(18816K)->18710K(18816K) Class: 2518K(2688K)->2518K(2688K)
[2026-05-23T04:47:43.382+0000][12.828s][gc          ] GC(17) Pause Young (Concurrent Start) (Metadata GC Threshold) 1296M->1210M(13680M) 184.167ms
[2026-05-23T04:47:43.382+0000][12.828s][gc,cpu      ] GC(17) User=0.69s Sys=0.03s Real=0.19s
[2026-05-23T04:47:43.382+0000][12.828s][gc          ] GC(18) Concurrent Mark Cycle
[2026-05-23T04:47:43.382+0000][12.828s][gc,marking  ] GC(18) Concurrent Clear Claimed Marks
[2026-05-23T04:47:43.382+0000][12.828s][gc,marking  ] GC(18) Concurrent Clear Claimed Marks 0.029ms
[2026-05-23T04:47:43.382+0000][12.828s][gc,marking  ] GC(18) Concurrent Scan Root Regions
[2026-05-23T04:47:43.893+0000][13.339s][gc,marking  ] GC(18) Concurrent Scan Root Regions 510.848ms
[2026-05-23T04:47:43.893+0000][13.339s][gc,marking  ] GC(18) Concurrent Mark
[2026-05-23T04:47:43.893+0000][13.339s][gc,marking  ] GC(18) Concurrent Mark From Roots
[2026-05-23T04:47:43.893+0000][13.339s][gc,task     ] GC(18) Using 1 workers of 1 for marking
[2026-05-23T04:47:45.352+0000][14.798s][gc,marking  ] GC(18) Concurrent Mark From Roots 1458.627ms
[2026-05-23T04:47:45.352+0000][14.798s][gc,marking  ] GC(18) Concurrent Preclean
[2026-05-23T04:47:45.352+0000][14.798s][gc,marking  ] GC(18) Concurrent Preclean 0.104ms
[2026-05-23T04:47:45.352+0000][14.798s][gc,start    ] GC(18) Pause Remark
[2026-05-23T04:47:45.357+0000][14.802s][gc          ] GC(18) Pause Remark 1346M->1346M(4592M) 4.531ms
[2026-05-23T04:47:45.357+0000][14.802s][gc,cpu      ] GC(18) User=0.02s Sys=0.00s Real=0.00s
[2026-05-23T04:47:45.357+0000][14.803s][gc,marking  ] GC(18) Concurrent Mark 1463.538ms
[2026-05-23T04:47:45.357+0000][14.803s][gc,marking  ] GC(18) Concurrent Rebuild Remembered Sets
[2026-05-23T04:47:46.820+0000][16.266s][gc,start    ] GC(19) Pause Young (Normal) (G1 Evacuation Pause)
[2026-05-23T04:47:46.820+0000][16.266s][gc,task     ] GC(19) Using 4 workers of 4 for evacuation
[2026-05-23T04:47:46.926+0000][16.372s][gc,phases   ] GC(19)   Pre Evacuate Collection Set: 0.13ms
[2026-05-23T04:47:46.926+0000][16.372s][gc,phases   ] GC(19)   Merge Heap Roots: 0.10ms
[2026-05-23T04:47:46.926+0000][16.372s][gc,phases   ] GC(19)   Evacuate Collection Set: 104.41ms
[2026-05-23T04:47:46.926+0000][16.372s][gc,phases   ] GC(19)   Post Evacuate Collection Set: 1.28ms
[2026-05-23T04:47:46.926+0000][16.372s][gc,phases   ] GC(19)   Other: 0.14ms
[2026-05-23T04:47:46.926+0000][16.372s][gc,heap     ] GC(19) Eden regions: 12->0(18)
[2026-05-23T04:47:46.926+0000][16.372s][gc,heap     ] GC(19) Survivor regions: 5->3(3)
[2026-05-23T04:47:46.926+0000][16.372s][gc,heap     ] GC(19) Old regions: 70->76
[2026-05-23T04:47:46.926+0000][16.372s][gc,heap     ] GC(19) Archive regions: 2->2
[2026-05-23T04:47:46.926+0000][16.372s][gc,heap     ] GC(19) Humongous regions: 0->0
[2026-05-23T04:47:46.926+0000][16.372s][gc,metaspace] GC(19) Metaspace: 37672K(38208K)->37672K(38208K) NonClass: 33450K(33728K)->33450K(33728K) Class: 4221K(4480K)->4221K(4480K)
[2026-05-23T04:47:46.926+0000][16.372s][gc          ] GC(19) Pause Young (Normal) (G1 Evacuation Pause) 1402M->1261M(4592M) 106.161ms
[2026-05-23T04:47:46.926+0000][16.372s][gc,cpu      ] GC(19) User=0.39s Sys=0.03s Real=0.10s
[2026-05-23T04:47:48.140+0000][17.586s][gc,marking  ] GC(18) Concurrent Rebuild Remembered Sets 2783.235ms
[2026-05-23T04:47:48.140+0000][17.586s][gc,start    ] GC(18) Pause Cleanup
[2026-05-23T04:47:48.141+0000][17.586s][gc          ] GC(18) Pause Cleanup 1341M->1341M(4592M) 0.213ms
[2026-05-23T04:47:48.141+0000][17.586s][gc,cpu      ] GC(18) User=0.00s Sys=0.00s Real=0.00s
[2026-05-23T04:47:48.141+0000][17.586s][gc,marking  ] GC(18) Concurrent Cleanup for Next Mark
[2026-05-23T04:47:48.164+0000][17.610s][gc,marking  ] GC(18) Concurrent Cleanup for Next Mark 23.477ms
[2026-05-23T04:47:48.164+0000][17.610s][gc          ] GC(18) Concurrent Mark Cycle 4781.803ms
[2026-05-23T04:47:50.529+0000][19.974s][gc,start    ] GC(20) Pause Young (Prepare Mixed) (G1 Evacuation Pause)
[2026-05-23T04:47:50.529+0000][19.974s][gc,task     ] GC(20) Using 4 workers of 4 for evacuation
[2026-05-23T04:47:50.620+0000][20.066s][gc,phases   ] GC(20)   Pre Evacuate Collection Set: 0.11ms
[2026-05-23T04:47:50.620+0000][20.066s][gc,phases   ] GC(20)   Merge Heap Roots: 0.11ms
[2026-05-23T04:47:50.620+0000][20.066s][gc,phases   ] GC(20)   Evacuate Collection Set: 90.41ms
[2026-05-23T04:47:50.620+0000][20.066s][gc,phases   ] GC(20)   Post Evacuate Collection Set: 0.68ms
[2026-05-23T04:47:50.620+0000][20.066s][gc,phases   ] GC(20)   Other: 0.36ms
[2026-05-23T04:47:50.620+0000][20.066s][gc,heap     ] GC(20) Eden regions: 18->0(11)
[2026-05-23T04:47:50.620+0000][20.066s][gc,heap     ] GC(20) Survivor regions: 3->3(3)
[2026-05-23T04:47:50.620+0000][20.066s][gc,heap     ] GC(20) Old regions: 76->78
[2026-05-23T04:47:50.620+0000][20.066s][gc,heap     ] GC(20) Archive regions: 2->2
[2026-05-23T04:47:50.620+0000][20.066s][gc,heap     ] GC(20) Humongous regions: 0->0
[2026-05-23T04:47:50.620+0000][20.066s][gc,metaspace] GC(20) Metaspace: 38114K(38592K)->38114K(38592K) NonClass: 33867K(34112K)->33867K(34112K) Class: 4246K(4480K)->4246K(4480K)
[2026-05-23T04:47:50.620+0000][20.066s][gc          ] GC(20) Pause Young (Prepare Mixed) (G1 Evacuation Pause) 1549M->1294M(4592M) 91.742ms
[2026-05-23T04:47:50.620+0000][20.066s][gc,cpu      ] GC(20) User=0.34s Sys=0.02s Real=0.09s
[2026-05-23T04:47:51.690+0000][21.136s][gc,start    ] GC(21) Pause Young (Mixed) (G1 Evacuation Pause)
[2026-05-23T04:47:51.690+0000][21.136s][gc,task     ] GC(21) Using 4 workers of 4 for evacuation
[2026-05-23T04:47:51.839+0000][21.285s][gc,phases   ] GC(21)   Pre Evacuate Collection Set: 0.16ms
[2026-05-23T04:47:51.839+0000][21.285s][gc,phases   ] GC(21)   Merge Heap Roots: 0.56ms
[2026-05-23T04:47:51.839+0000][21.285s][gc,phases   ] GC(21)   Evacuate Collection Set: 133.43ms
[2026-05-23T04:47:51.839+0000][21.285s][gc,phases   ] GC(21)   Merge Optional Heap Roots: 0.12ms
[2026-05-23T04:47:51.839+0000][21.285s][gc,phases   ] GC(21)   Evacuate Optional Collection Set: 13.29ms
[2026-05-23T04:47:51.839+0000][21.285s][gc,phases   ] GC(21)   Post Evacuate Collection Set: 0.59ms
[2026-05-23T04:47:51.839+0000][21.285s][gc,phases   ] GC(21)   Other: 0.30ms
[2026-05-23T04:47:51.839+0000][21.285s][gc,heap     ] GC(21) Eden regions: 11->0(12)
[2026-05-23T04:47:51.839+0000][21.285s][gc,heap     ] GC(21) Survivor regions: 3->2(2)
[2026-05-23T04:47:51.839+0000][21.285s][gc,heap     ] GC(21) Old regions: 78->74
[2026-05-23T04:47:51.839+0000][21.285s][gc,heap     ] GC(21) Archive regions: 2->2
[2026-05-23T04:47:51.839+0000][21.285s][gc,heap     ] GC(21) Humongous regions: 0->0
[2026-05-23T04:47:51.839+0000][21.285s][gc,metaspace] GC(21) Metaspace: 38132K(38592K)->38132K(38592K) NonClass: 33883K(34112K)->33883K(34112K) Class: 4248K(4480K)->4248K(4480K)
[2026-05-23T04:47:51.839+0000][21.285s][gc          ] GC(21) Pause Young (Mixed) (G1 Evacuation Pause) 1470M->1221M(4592M) 148.561ms
[2026-05-23T04:47:51.839+0000][21.285s][gc,cpu      ] GC(21) User=0.55s Sys=0.03s Real=0.15s
[2026-05-23T04:47:52.876+0000][22.322s][gc,start    ] GC(22) Pause Young (Mixed) (G1 Evacuation Pause)
[2026-05-23T04:47:52.876+0000][22.322s][gc,task     ] GC(22) Using 4 workers of 4 for evacuation
[2026-05-23T04:47:52.992+0000][22.438s][gc,phases   ] GC(22)   Pre Evacuate Collection Set: 0.13ms
[2026-05-23T04:47:52.992+0000][22.438s][gc,phases   ] GC(22)   Merge Heap Roots: 1.25ms
[2026-05-23T04:47:52.992+0000][22.438s][gc,phases   ] GC(22)   Evacuate Collection Set: 101.04ms
[2026-05-23T04:47:52.992+0000][22.438s][gc,phases   ] GC(22)   Merge Optional Heap Roots: 0.12ms
[2026-05-23T04:47:52.992+0000][22.438s][gc,phases   ] GC(22)   Evacuate Optional Collection Set: 12.68ms
[2026-05-23T04:47:52.992+0000][22.438s][gc,phases   ] GC(22)   Post Evacuate Collection Set: 0.55ms
[2026-05-23T04:47:52.992+0000][22.438s][gc,phases   ] GC(22)   Other: 0.16ms
[2026-05-23T04:47:52.992+0000][22.438s][gc,heap     ] GC(22) Eden regions: 12->0(12)
[2026-05-23T04:47:52.992+0000][22.438s][gc,heap     ] GC(22) Survivor regions: 2->2(2)
[2026-05-23T04:47:52.992+0000][22.438s][gc,heap     ] GC(22) Old regions: 74->73
[2026-05-23T04:47:52.992+0000][22.438s][gc,heap     ] GC(22) Archive regions: 2->2
[2026-05-23T04:47:52.992+0000][22.438s][gc,heap     ] GC(22) Humongous regions: 0->0
[2026-05-23T04:47:52.992+0000][22.438s][gc,metaspace] GC(22) Metaspace: 38153K(38592K)->38153K(38592K) NonClass: 33903K(34112K)->33903K(34112K) Class: 4249K(4480K)->4249K(4480K)
[2026-05-23T04:47:52.992+0000][22.438s][gc          ] GC(22) Pause Young (Mixed) (G1 Evacuation Pause) 1413M->1205M(4592M) 116.011ms
[2026-05-23T04:47:52.992+0000][22.438s][gc,cpu      ] GC(22) User=0.45s Sys=0.01s Real=0.12s
[2026-05-23T04:47:53.890+0000][23.335s][gc,start    ] GC(23) Pause Young (Mixed) (G1 Evacuation Pause)
[2026-05-23T04:47:53.890+0000][23.335s][gc,task     ] GC(23) Using 4 workers of 4 for evacuation
[2026-05-23T04:47:53.998+0000][23.443s][gc,phases   ] GC(23)   Pre Evacuate Collection Set: 0.08ms
[2026-05-23T04:47:53.998+0000][23.443s][gc,phases   ] GC(23)   Merge Heap Roots: 0.80ms
[2026-05-23T04:47:53.998+0000][23.443s][gc,phases   ] GC(23)   Evacuate Collection Set: 106.52ms
[2026-05-23T04:47:53.998+0000][23.443s][gc,phases   ] GC(23)   Post Evacuate Collection Set: 0.37ms
[2026-05-23T04:47:53.998+0000][23.443s][gc,phases   ] GC(23)   Other: 0.11ms
[2026-05-23T04:47:53.998+0000][23.443s][gc,heap     ] GC(23) Eden regions: 12->0(26)
[2026-05-23T04:47:53.998+0000][23.443s][gc,heap     ] GC(23) Survivor regions: 2->2(2)
[2026-05-23T04:47:53.998+0000][23.443s][gc,heap     ] GC(23) Old regions: 73->74
[2026-05-23T04:47:53.998+0000][23.443s][gc,heap     ] GC(23) Archive regions: 2->2
[2026-05-23T04:47:53.998+0000][23.443s][gc,heap     ] GC(23) Humongous regions: 0->0
[2026-05-23T04:47:53.998+0000][23.443s][gc,metaspace] GC(23) Metaspace: 38256K(38656K)->38256K(38656K) NonClass: 33992K(34176K)->33992K(34176K) Class: 4264K(4480K)->4264K(4480K)
[2026-05-23T04:47:53.998+0000][23.443s][gc          ] GC(23) Pause Young (Mixed) (G1 Evacuation Pause) 1397M->1225M(4592M) 107.993ms
[2026-05-23T04:47:53.998+0000][23.443s][gc,cpu      ] GC(23) User=0.43s Sys=0.00s Real=0.10s
[2026-05-23T04:47:55.738+0000][25.184s][gc,start    ] GC(24) Pause Young (Concurrent Start) (G1 Evacuation Pause)
[2026-05-23T04:47:55.738+0000][25.184s][gc,task     ] GC(24) Using 4 workers of 4 for evacuation
[2026-05-23T04:47:55.861+0000][25.306s][gc,phases   ] GC(24)   Pre Evacuate Collection Set: 0.14ms
[2026-05-23T04:47:55.861+0000][25.306s][gc,phases   ] GC(24)   Merge Heap Roots: 0.93ms
[2026-05-23T04:47:55.861+0000][25.306s][gc,phases   ] GC(24)   Evacuate Collection Set: 117.40ms
[2026-05-23T04:47:55.861+0000][25.306s][gc,phases   ] GC(24)   Post Evacuate Collection Set: 3.84ms
[2026-05-23T04:47:55.861+0000][25.306s][gc,phases   ] GC(24)   Other: 0.16ms
[2026-05-23T04:47:55.861+0000][25.306s][gc,heap     ] GC(24) Eden regions: 21->0(21)
[2026-05-23T04:47:55.861+0000][25.306s][gc,heap     ] GC(24) Survivor regions: 2->3(3)
[2026-05-23T04:47:55.861+0000][25.306s][gc,heap     ] GC(24) Old regions: 74->78
[2026-05-23T04:47:55.861+0000][25.306s][gc,heap     ] GC(24) Archive regions: 2->2
[2026-05-23T04:47:55.861+0000][25.306s][gc,heap     ] GC(24) Humongous regions: 0->0
[2026-05-23T04:47:55.861+0000][25.306s][gc,metaspace] GC(24) Metaspace: 38371K(38848K)->38371K(38848K) NonClass: 34094K(34368K)->34094K(34368K) Class: 4277K(4480K)->4277K(4480K)
[2026-05-23T04:47:55.861+0000][25.306s][gc          ] GC(24) Pause Young (Concurrent Start) (G1 Evacuation Pause) 1561M->1302M(7856M) 122.561ms
[2026-05-23T04:47:55.861+0000][25.306s][gc,cpu      ] GC(24) User=0.47s Sys=0.01s Real=0.13s
[2026-05-23T04:47:55.861+0000][25.306s][gc          ] GC(25) Concurrent Mark Cycle
[2026-05-23T04:47:55.861+0000][25.306s][gc,marking  ] GC(25) Concurrent Clear Claimed Marks
[2026-05-23T04:47:55.861+0000][25.306s][gc,marking  ] GC(25) Concurrent Clear Claimed Marks 0.044ms
[2026-05-23T04:47:55.861+0000][25.306s][gc,marking  ] GC(25) Concurrent Scan Root Regions
[2026-05-23T04:47:55.979+0000][25.425s][gc,marking  ] GC(25) Concurrent Scan Root Regions 118.050ms
[2026-05-23T04:47:55.979+0000][25.425s][gc,marking  ] GC(25) Concurrent Mark
[2026-05-23T04:47:55.979+0000][25.425s][gc,marking  ] GC(25) Concurrent Mark From Roots
[2026-05-23T04:47:55.979+0000][25.425s][gc,task     ] GC(25) Using 1 workers of 1 for marking
[2026-05-23T04:47:57.218+0000][26.663s][gc,start    ] GC(26) Pause Young (Normal) (G1 Evacuation Pause)
[2026-05-23T04:47:57.218+0000][26.663s][gc,task     ] GC(26) Using 4 workers of 4 for evacuation
[2026-05-23T04:47:57.322+0000][26.768s][gc,phases   ] GC(26)   Pre Evacuate Collection Set: 0.10ms
[2026-05-23T04:47:57.322+0000][26.768s][gc,phases   ] GC(26)   Merge Heap Roots: 1.00ms
[2026-05-23T04:47:57.322+0000][26.768s][gc,phases   ] GC(26)   Evacuate Collection Set: 102.73ms
[2026-05-23T04:47:57.322+0000][26.768s][gc,phases   ] GC(26)   Post Evacuate Collection Set: 0.51ms
[2026-05-23T04:47:57.322+0000][26.768s][gc,phases   ] GC(26)   Other: 0.12ms
[2026-05-23T04:47:57.322+0000][26.768s][gc,heap     ] GC(26) Eden regions: 21->0(21)
[2026-05-23T04:47:57.322+0000][26.768s][gc,heap     ] GC(26) Survivor regions: 3->3(3)
[2026-05-23T04:47:57.322+0000][26.768s][gc,heap     ] GC(26) Old regions: 78->82
[2026-05-23T04:47:57.322+0000][26.768s][gc,heap     ] GC(26) Archive regions: 2->2
[2026-05-23T04:47:57.322+0000][26.768s][gc,heap     ] GC(26) Humongous regions: 0->0
[2026-05-23T04:47:57.322+0000][26.768s][gc,metaspace] GC(26) Metaspace: 38375K(38848K)->38375K(38848K) NonClass: 34097K(34368K)->34097K(34368K) Class: 4277K(4480K)->4277K(4480K)
[2026-05-23T04:47:57.322+0000][26.768s][gc          ] GC(26) Pause Young (Normal) (G1 Evacuation Pause) 1638M->1357M(7856M) 104.563ms
[2026-05-23T04:47:57.322+0000][26.768s][gc,cpu      ] GC(26) User=0.41s Sys=0.01s Real=0.11s
[2026-05-23T04:47:57.339+0000][26.784s][gc,marking  ] GC(25) Concurrent Mark From Roots 1359.827ms
[2026-05-23T04:47:57.339+0000][26.784s][gc,marking  ] GC(25) Concurrent Preclean
[2026-05-23T04:47:57.339+0000][26.785s][gc,marking  ] GC(25) Concurrent Preclean 0.103ms
[2026-05-23T04:47:57.339+0000][26.785s][gc,start    ] GC(25) Pause Remark
[2026-05-23T04:47:57.345+0000][26.791s][gc          ] GC(25) Pause Remark 1363M->1347M(4640M) 6.105ms
[2026-05-23T04:47:57.345+0000][26.791s][gc,cpu      ] GC(25) User=0.03s Sys=0.00s Real=0.00s
[2026-05-23T04:47:57.345+0000][26.791s][gc,marking  ] GC(25) Concurrent Mark 1366.342ms
[2026-05-23T04:47:57.345+0000][26.791s][gc,marking  ] GC(25) Concurrent Rebuild Remembered Sets
[2026-05-23T04:47:58.593+0000][28.039s][gc,marking  ] GC(25) Concurrent Rebuild Remembered Sets 1247.733ms
[2026-05-23T04:47:58.593+0000][28.039s][gc,start    ] GC(25) Pause Cleanup
[2026-05-23T04:47:58.593+0000][28.039s][gc          ] GC(25) Pause Cleanup 1514M->1514M(4640M) 0.199ms
[2026-05-23T04:47:58.593+0000][28.039s][gc,cpu      ] GC(25) User=0.00s Sys=0.00s Real=0.00s
[2026-05-23T04:47:58.593+0000][28.039s][gc,marking  ] GC(25) Concurrent Cleanup for Next Mark
[2026-05-23T04:47:58.610+0000][28.055s][gc,marking  ] GC(25) Concurrent Cleanup for Next Mark 16.361ms
[2026-05-23T04:47:58.610+0000][28.055s][gc          ] GC(25) Concurrent Mark Cycle 2749.091ms
[2026-05-23T04:47:58.616+0000][28.062s][gc,start    ] GC(27) Pause Young (Prepare Mixed) (G1 Evacuation Pause)
[2026-05-23T04:47:58.616+0000][28.062s][gc,task     ] GC(27) Using 4 workers of 4 for evacuation
[2026-05-23T04:47:58.719+0000][28.165s][gc,phases   ] GC(27)   Pre Evacuate Collection Set: 0.08ms
[2026-05-23T04:47:58.719+0000][28.165s][gc,phases   ] GC(27)   Merge Heap Roots: 0.91ms
[2026-05-23T04:47:58.719+0000][28.165s][gc,phases   ] GC(27)   Evacuate Collection Set: 101.25ms
[2026-05-23T04:47:58.719+0000][28.165s][gc,phases   ] GC(27)   Post Evacuate Collection Set: 0.41ms
[2026-05-23T04:47:58.719+0000][28.165s][gc,phases   ] GC(27)   Other: 0.08ms
[2026-05-23T04:47:58.719+0000][28.165s][gc,heap     ] GC(27) Eden regions: 11->0(12)
[2026-05-23T04:47:58.719+0000][28.165s][gc,heap     ] GC(27) Survivor regions: 3->2(2)
[2026-05-23T04:47:58.719+0000][28.165s][gc,heap     ] GC(27) Old regions: 81->85
[2026-05-23T04:47:58.719+0000][28.165s][gc,heap     ] GC(27) Archive regions: 2->2
[2026-05-23T04:47:58.719+0000][28.165s][gc,heap     ] GC(27) Humongous regions: 0->0
[2026-05-23T04:47:58.719+0000][28.165s][gc,metaspace] GC(27) Metaspace: 38346K(38848K)->38346K(38848K) NonClass: 34076K(34368K)->34076K(34368K) Class: 4270K(4480K)->4270K(4480K)
[2026-05-23T04:47:58.719+0000][28.165s][gc          ] GC(27) Pause Young (Prepare Mixed) (G1 Evacuation Pause) 1517M->1389M(4640M) 102.828ms
[2026-05-23T04:47:58.719+0000][28.165s][gc,cpu      ] GC(27) User=0.40s Sys=0.01s Real=0.11s
[2026-05-23T04:47:59.209+0000][28.655s][gc,start    ] GC(28) Pause Young (Mixed) (G1 Evacuation Pause)
[2026-05-23T04:47:59.209+0000][28.655s][gc,task     ] GC(28) Using 4 workers of 4 for evacuation
[2026-05-23T04:47:59.267+0000][28.713s][gc,phases   ] GC(28)   Pre Evacuate Collection Set: 0.09ms
[2026-05-23T04:47:59.267+0000][28.713s][gc,phases   ] GC(28)   Merge Heap Roots: 0.56ms
[2026-05-23T04:47:59.267+0000][28.713s][gc,phases   ] GC(28)   Evacuate Collection Set: 56.93ms
[2026-05-23T04:47:59.267+0000][28.713s][gc,phases   ] GC(28)   Post Evacuate Collection Set: 0.37ms
[2026-05-23T04:47:59.267+0000][28.713s][gc,phases   ] GC(28)   Other: 0.48ms
[2026-05-23T04:47:59.268+0000][28.713s][gc,heap     ] GC(28) Eden regions: 12->0(12)
[2026-05-23T04:47:59.268+0000][28.713s][gc,heap     ] GC(28) Survivor regions: 2->2(2)
[2026-05-23T04:47:59.268+0000][28.713s][gc,heap     ] GC(28) Old regions: 85->84
[2026-05-23T04:47:59.268+0000][28.713s][gc,heap     ] GC(28) Archive regions: 2->2
[2026-05-23T04:47:59.268+0000][28.713s][gc,heap     ] GC(28) Humongous regions: 0->0
[2026-05-23T04:47:59.268+0000][28.713s][gc,metaspace] GC(28) Metaspace: 38357K(38848K)->38357K(38848K) NonClass: 34086K(34368K)->34086K(34368K) Class: 4270K(4480K)->4270K(4480K)
[2026-05-23T04:47:59.268+0000][28.713s][gc          ] GC(28) Pause Young (Mixed) (G1 Evacuation Pause) 1581M->1387M(4640M) 58.556ms
[2026-05-23T04:47:59.268+0000][28.713s][gc,cpu      ] GC(28) User=0.22s Sys=0.00s Real=0.05s
[2026-05-23T04:47:59.797+0000][29.243s][gc,start    ] GC(29) Pause Young (Mixed) (G1 Evacuation Pause)
[2026-05-23T04:47:59.797+0000][29.243s][gc,task     ] GC(29) Using 4 workers of 4 for evacuation
[2026-05-23T04:47:59.891+0000][29.336s][gc,phases   ] GC(29)   Pre Evacuate Collection Set: 0.09ms
[2026-05-23T04:47:59.891+0000][29.336s][gc,phases   ] GC(29)   Merge Heap Roots: 0.60ms
[2026-05-23T04:47:59.891+0000][29.336s][gc,phases   ] GC(29)   Evacuate Collection Set: 91.70ms
[2026-05-23T04:47:59.891+0000][29.336s][gc,phases   ] GC(29)   Post Evacuate Collection Set: 0.40ms
[2026-05-23T04:47:59.891+0000][29.336s][gc,phases   ] GC(29)   Other: 0.50ms
[2026-05-23T04:47:59.891+0000][29.336s][gc,heap     ] GC(29) Eden regions: 12->0(12)
[2026-05-23T04:47:59.891+0000][29.336s][gc,heap     ] GC(29) Survivor regions: 2->2(2)
[2026-05-23T04:47:59.891+0000][29.336s][gc,heap     ] GC(29) Old regions: 84->85
[2026-05-23T04:47:59.891+0000][29.336s][gc,heap     ] GC(29) Archive regions: 2->2
[2026-05-23T04:47:59.891+0000][29.336s][gc,heap     ] GC(29) Humongous regions: 0->0
[2026-05-23T04:47:59.891+0000][29.336s][gc,metaspace] GC(29) Metaspace: 38367K(38848K)->38367K(38848K) NonClass: 34097K(34368K)->34097K(34368K) Class: 4270K(4480K)->4270K(4480K)
[2026-05-23T04:47:59.891+0000][29.336s][gc          ] GC(29) Pause Young (Mixed) (G1 Evacuation Pause) 1579M->1404M(4640M) 93.374ms
[2026-05-23T04:47:59.891+0000][29.336s][gc,cpu      ] GC(29) User=0.35s Sys=0.01s Real=0.10s
[2026-05-23T04:48:00.359+0000][29.805s][gc,start    ] GC(30) Pause Young (Mixed) (G1 Evacuation Pause)
[2026-05-23T04:48:00.360+0000][29.805s][gc,task     ] GC(30) Using 4 workers of 4 for evacuation
[2026-05-23T04:48:00.489+0000][29.935s][gc,phases   ] GC(30)   Pre Evacuate Collection Set: 0.09ms
[2026-05-23T04:48:00.489+0000][29.935s][gc,phases   ] GC(30)   Merge Heap Roots: 0.59ms
[2026-05-23T04:48:00.489+0000][29.935s][gc,phases   ] GC(30)   Evacuate Collection Set: 120.57ms
[2026-05-23T04:48:00.489+0000][29.935s][gc,phases   ] GC(30)   Post Evacuate Collection Set: 8.14ms
[2026-05-23T04:48:00.489+0000][29.935s][gc,phases   ] GC(30)   Other: 0.16ms
[2026-05-23T04:48:00.489+0000][29.935s][gc,heap     ] GC(30) Eden regions: 12->0(36)
[2026-05-23T04:48:00.489+0000][29.935s][gc,heap     ] GC(30) Survivor regions: 2->2(2)
[2026-05-23T04:48:00.489+0000][29.935s][gc,heap     ] GC(30) Old regions: 85->88
[2026-05-23T04:48:00.489+0000][29.935s][gc,heap     ] GC(30) Archive regions: 2->2
[2026-05-23T04:48:00.489+0000][29.935s][gc,heap     ] GC(30) Humongous regions: 0->0
[2026-05-23T04:48:00.489+0000][29.935s][gc,metaspace] GC(30) Metaspace: 38368K(38848K)->38368K(38848K) NonClass: 34097K(34368K)->34097K(34368K) Class: 4270K(4480K)->4270K(4480K)
[2026-05-23T04:48:00.489+0000][29.935s][gc          ] GC(30) Pause Young (Mixed) (G1 Evacuation Pause) 1596M->1453M(12256M) 129.640ms
[2026-05-23T04:48:00.489+0000][29.935s][gc,cpu      ] GC(30) User=0.47s Sys=0.02s Real=0.13s
[2026-05-23T04:48:02.727+0000][32.173s][gc,start    ] GC(31) Pause Young (Mixed) (G1 Evacuation Pause)
[2026-05-23T04:48:02.727+0000][32.173s][gc,task     ] GC(31) Using 4 workers of 4 for evacuation
[2026-05-23T04:48:02.938+0000][32.384s][gc,mmu      ] GC(31) MMU target violated: 201.0ms (200.0ms/201.0ms)
[2026-05-23T04:48:02.938+0000][32.384s][gc,phases   ] GC(31)   Pre Evacuate Collection Set: 0.12ms
[2026-05-23T04:48:02.938+0000][32.384s][gc,phases   ] GC(31)   Merge Heap Roots: 1.66ms
[2026-05-23T04:48:02.938+0000][32.384s][gc,phases   ] GC(31)   Evacuate Collection Set: 208.32ms
[2026-05-23T04:48:02.938+0000][32.384s][gc,phases   ] GC(31)   Post Evacuate Collection Set: 0.79ms
[2026-05-23T04:48:02.938+0000][32.384s][gc,phases   ] GC(31)   Other: 0.56ms
[2026-05-23T04:48:02.938+0000][32.384s][gc,heap     ] GC(31) Eden regions: 36->0(33)
[2026-05-23T04:48:02.938+0000][32.384s][gc,heap     ] GC(31) Survivor regions: 2->5(5)
[2026-05-23T04:48:02.938+0000][32.384s][gc,heap     ] GC(31) Old regions: 88->93
[2026-05-23T04:48:02.938+0000][32.384s][gc,heap     ] GC(31) Archive regions: 2->2
[2026-05-23T04:48:02.938+0000][32.384s][gc,heap     ] GC(31) Humongous regions: 0->0
[2026-05-23T04:48:02.938+0000][32.384s][gc,metaspace] GC(31) Metaspace: 38382K(38848K)->38382K(38848K) NonClass: 34109K(34368K)->34109K(34368K) Class: 4272K(4480K)->4272K(4480K)
[2026-05-23T04:48:02.938+0000][32.384s][gc          ] GC(31) Pause Young (Mixed) (G1 Evacuation Pause) 2029M->1572M(12256M) 211.509ms
[2026-05-23T04:48:02.938+0000][32.384s][gc,cpu      ] GC(31) User=0.80s Sys=0.04s Real=0.21s
[2026-05-23T04:48:04.871+0000][34.317s][gc,start    ] GC(32) Pause Young (Mixed) (G1 Evacuation Pause)
[2026-05-23T04:48:04.871+0000][34.317s][gc,task     ] GC(32) Using 4 workers of 4 for evacuation
[2026-05-23T04:48:05.063+0000][34.509s][gc,phases   ] GC(32)   Pre Evacuate Collection Set: 0.15ms
[2026-05-23T04:48:05.063+0000][34.509s][gc,phases   ] GC(32)   Merge Heap Roots: 1.99ms
[2026-05-23T04:48:05.063+0000][34.509s][gc,phases   ] GC(32)   Evacuate Collection Set: 188.13ms
[2026-05-23T04:48:05.063+0000][34.509s][gc,phases   ] GC(32)   Post Evacuate Collection Set: 0.76ms
[2026-05-23T04:48:05.063+0000][34.509s][gc,phases   ] GC(32)   Other: 0.50ms
[2026-05-23T04:48:05.063+0000][34.509s][gc,heap     ] GC(32) Eden regions: 33->0(33)
[2026-05-23T04:48:05.063+0000][34.509s][gc,heap     ] GC(32) Survivor regions: 5->5(5)
[2026-05-23T04:48:05.063+0000][34.509s][gc,heap     ] GC(32) Old regions: 93->96
[2026-05-23T04:48:05.063+0000][34.509s][gc,heap     ] GC(32) Archive regions: 2->2
[2026-05-23T04:48:05.063+0000][34.509s][gc,heap     ] GC(32) Humongous regions: 0->0
[2026-05-23T04:48:05.063+0000][34.509s][gc,metaspace] GC(32) Metaspace: 38393K(38848K)->38393K(38848K) NonClass: 34120K(34368K)->34120K(34368K) Class: 4273K(4480K)->4273K(4480K)
[2026-05-23T04:48:05.063+0000][34.509s][gc          ] GC(32) Pause Young (Mixed) (G1 Evacuation Pause) 2100M->1631M(12256M) 191.603ms
[2026-05-23T04:48:05.063+0000][34.509s][gc,cpu      ] GC(32) User=0.74s Sys=0.01s Real=0.19s
[2026-05-23T04:48:06.948+0000][36.394s][gc,start    ] GC(33) Pause Young (Mixed) (G1 Evacuation Pause)
[2026-05-23T04:48:06.948+0000][36.394s][gc,task     ] GC(33) Using 4 workers of 4 for evacuation
[2026-05-23T04:48:07.167+0000][36.613s][gc,mmu      ] GC(33) MMU target violated: 201.0ms (200.0ms/201.0ms)
[2026-05-23T04:48:07.167+0000][36.613s][gc,phases   ] GC(33)   Pre Evacuate Collection Set: 0.12ms
[2026-05-23T04:48:07.167+0000][36.613s][gc,phases   ] GC(33)   Merge Heap Roots: 1.31ms
[2026-05-23T04:48:07.167+0000][36.613s][gc,phases   ] GC(33)   Evacuate Collection Set: 216.79ms
[2026-05-23T04:48:07.167+0000][36.613s][gc,phases   ] GC(33)   Post Evacuate Collection Set: 0.63ms
[2026-05-23T04:48:07.167+0000][36.613s][gc,phases   ] GC(33)   Other: 0.52ms
[2026-05-23T04:48:07.168+0000][36.613s][gc,heap     ] GC(33) Eden regions: 33->0(33)
[2026-05-23T04:48:07.168+0000][36.613s][gc,heap     ] GC(33) Survivor regions: 5->5(5)
[2026-05-23T04:48:07.168+0000][36.613s][gc,heap     ] GC(33) Old regions: 96->102
[2026-05-23T04:48:07.168+0000][36.613s][gc,heap     ] GC(33) Archive regions: 2->2
[2026-05-23T04:48:07.168+0000][36.613s][gc,heap     ] GC(33) Humongous regions: 0->0
[2026-05-23T04:48:07.168+0000][36.613s][gc,metaspace] GC(33) Metaspace: 38393K(38848K)->38393K(38848K) NonClass: 34120K(34368K)->34120K(34368K) Class: 4273K(4480K)->4273K(4480K)
[2026-05-23T04:48:07.168+0000][36.613s][gc          ] GC(33) Pause Young (Mixed) (G1 Evacuation Pause) 2159M->1721M(12256M) 219.452ms
[2026-05-23T04:48:07.168+0000][36.613s][gc,cpu      ] GC(33) User=0.83s Sys=0.03s Real=0.22s
[2026-05-23T04:48:08.545+0000][37.991s][gc,start    ] GC(34) Pause Young (Mixed) (G1 Evacuation Pause)
[2026-05-23T04:48:08.545+0000][37.991s][gc,task     ] GC(34) Using 4 workers of 4 for evacuation
[2026-05-23T04:48:08.814+0000][38.259s][gc,mmu      ] GC(34) MMU target violated: 201.0ms (200.0ms/201.0ms)
[2026-05-23T04:48:08.814+0000][38.259s][gc,phases   ] GC(34)   Pre Evacuate Collection Set: 0.12ms
[2026-05-23T04:48:08.814+0000][38.259s][gc,phases   ] GC(34)   Merge Heap Roots: 1.40ms
[2026-05-23T04:48:08.814+0000][38.259s][gc,phases   ] GC(34)   Evacuate Collection Set: 264.24ms
[2026-05-23T04:48:08.814+0000][38.259s][gc,phases   ] GC(34)   Post Evacuate Collection Set: 2.51ms
[2026-05-23T04:48:08.814+0000][38.259s][gc,phases   ] GC(34)   Other: 0.51ms
[2026-05-23T04:48:08.814+0000][38.259s][gc,heap     ] GC(34) Eden regions: 33->0(38)
[2026-05-23T04:48:08.814+0000][38.259s][gc,heap     ] GC(34) Survivor regions: 5->5(5)
[2026-05-23T04:48:08.814+0000][38.259s][gc,heap     ] GC(34) Old regions: 102->111
[2026-05-23T04:48:08.814+0000][38.259s][gc,heap     ] GC(34) Archive regions: 2->2
[2026-05-23T04:48:08.814+0000][38.259s][gc,heap     ] GC(34) Humongous regions: 0->0
[2026-05-23T04:48:08.814+0000][38.259s][gc,metaspace] GC(34) Metaspace: 38423K(38912K)->38423K(38912K) NonClass: 34149K(34432K)->34149K(34432K) Class: 4274K(4480K)->4274K(4480K)
[2026-05-23T04:48:08.814+0000][38.259s][gc          ] GC(34) Pause Young (Mixed) (G1 Evacuation Pause) 2249M->1867M(13792M) 268.822ms
[2026-05-23T04:48:08.814+0000][38.259s][gc,cpu      ] GC(34) User=1.01s Sys=0.04s Real=0.27s
[2026-05-23T04:48:10.669+0000][40.114s][gc,start    ] GC(35) Pause Young (Mixed) (G1 Evacuation Pause)
[2026-05-23T04:48:10.669+0000][40.114s][gc,task     ] GC(35) Using 4 workers of 4 for evacuation
[2026-05-23T04:48:10.878+0000][40.324s][gc,mmu      ] GC(35) MMU target violated: 201.0ms (200.0ms/201.0ms)
[2026-05-23T04:48:10.878+0000][40.324s][gc,phases   ] GC(35)   Pre Evacuate Collection Set: 0.12ms
[2026-05-23T04:48:10.878+0000][40.324s][gc,phases   ] GC(35)   Merge Heap Roots: 2.45ms
[2026-05-23T04:48:10.878+0000][40.324s][gc,phases   ] GC(35)   Evacuate Collection Set: 206.17ms
[2026-05-23T04:48:10.878+0000][40.324s][gc,phases   ] GC(35)   Post Evacuate Collection Set: 1.05ms
[2026-05-23T04:48:10.878+0000][40.324s][gc,phases   ] GC(35)   Other: 0.18ms
[2026-05-23T04:48:10.878+0000][40.324s][gc,heap     ] GC(35) Eden regions: 38->0(38)
[2026-05-23T04:48:10.878+0000][40.324s][gc,heap     ] GC(35) Survivor regions: 5->5(6)
[2026-05-23T04:48:10.878+0000][40.324s][gc,heap     ] GC(35) Old regions: 111->115
[2026-05-23T04:48:10.879+0000][40.324s][gc,heap     ] GC(35) Archive regions: 2->2
[2026-05-23T04:48:10.879+0000][40.324s][gc,heap     ] GC(35) Humongous regions: 0->0
[2026-05-23T04:48:10.879+0000][40.324s][gc,metaspace] GC(35) Metaspace: 38424K(38912K)->38424K(38912K) NonClass: 34150K(34432K)->34150K(34432K) Class: 4274K(4480K)->4274K(4480K)
[2026-05-23T04:48:10.879+0000][40.324s][gc          ] GC(35) Pause Young (Mixed) (G1 Evacuation Pause) 2475M->1935M(13792M) 210.033ms
[2026-05-23T04:48:10.879+0000][40.324s][gc,cpu      ] GC(35) User=0.80s Sys=0.03s Real=0.22s
[2026-05-23T04:48:15.011+0000][44.457s][gc,start    ] GC(36) Pause Young (Normal) (G1 Evacuation Pause)
[2026-05-23T04:48:15.011+0000][44.457s][gc,task     ] GC(36) Using 4 workers of 4 for evacuation
[2026-05-23T04:48:15.192+0000][44.638s][gc,phases   ] GC(36)   Pre Evacuate Collection Set: 0.12ms
[2026-05-23T04:48:15.192+0000][44.638s][gc,phases   ] GC(36)   Merge Heap Roots: 3.25ms
[2026-05-23T04:48:15.192+0000][44.638s][gc,phases   ] GC(36)   Evacuate Collection Set: 176.26ms
[2026-05-23T04:48:15.192+0000][44.638s][gc,phases   ] GC(36)   Post Evacuate Collection Set: 0.82ms
[2026-05-23T04:48:15.192+0000][44.638s][gc,phases   ] GC(36)   Other: 0.49ms
[2026-05-23T04:48:15.192+0000][44.638s][gc,heap     ] GC(36) Eden regions: 38->0(37)
[2026-05-23T04:48:15.192+0000][44.638s][gc,heap     ] GC(36) Survivor regions: 5->6(6)
[2026-05-23T04:48:15.192+0000][44.638s][gc,heap     ] GC(36) Old regions: 115->118
[2026-05-23T04:48:15.192+0000][44.638s][gc,heap     ] GC(36) Archive regions: 2->2
[2026-05-23T04:48:15.192+0000][44.638s][gc,heap     ] GC(36) Humongous regions: 0->0
[2026-05-23T04:48:15.192+0000][44.638s][gc,metaspace] GC(36) Metaspace: 38429K(38912K)->38429K(38912K) NonClass: 34155K(34432K)->34155K(34432K) Class: 4274K(4480K)->4274K(4480K)
[2026-05-23T04:48:15.192+0000][44.638s][gc          ] GC(36) Pause Young (Normal) (G1 Evacuation Pause) 2543M->1985M(13792M) 181.035ms
[2026-05-23T04:48:15.192+0000][44.638s][gc,cpu      ] GC(36) User=0.69s Sys=0.02s Real=0.18s
[2026-05-23T04:48:17.365+0000][46.811s][gc,start    ] GC(37) Pause Young (Normal) (G1 Evacuation Pause)
[2026-05-23T04:48:17.365+0000][46.811s][gc,task     ] GC(37) Using 4 workers of 4 for evacuation
[2026-05-23T04:48:17.539+0000][46.985s][gc,phases   ] GC(37)   Pre Evacuate Collection Set: 0.11ms
[2026-05-23T04:48:17.539+0000][46.985s][gc,phases   ] GC(37)   Merge Heap Roots: 1.66ms
[2026-05-23T04:48:17.539+0000][46.985s][gc,phases   ] GC(37)   Evacuate Collection Set: 171.84ms
[2026-05-23T04:48:17.539+0000][46.985s][gc,phases   ] GC(37)   Post Evacuate Collection Set: 0.51ms
[2026-05-23T04:48:17.539+0000][46.985s][gc,phases   ] GC(37)   Other: 0.10ms
[2026-05-23T04:48:17.539+0000][46.985s][gc,heap     ] GC(37) Eden regions: 37->0(37)
[2026-05-23T04:48:17.539+0000][46.985s][gc,heap     ] GC(37) Survivor regions: 6->6(6)
[2026-05-23T04:48:17.539+0000][46.985s][gc,heap     ] GC(37) Old regions: 118->121
[2026-05-23T04:48:17.539+0000][46.985s][gc,heap     ] GC(37) Archive regions: 2->2
[2026-05-23T04:48:17.539+0000][46.985s][gc,heap     ] GC(37) Humongous regions: 0->0
[2026-05-23T04:48:17.539+0000][46.985s][gc,metaspace] GC(37) Metaspace: 38444K(38912K)->38444K(38912K) NonClass: 34170K(34432K)->34170K(34432K) Class: 4274K(4480K)->4274K(4480K)
[2026-05-23T04:48:17.539+0000][46.985s][gc          ] GC(37) Pause Young (Normal) (G1 Evacuation Pause) 2577M->2045M(13792M) 174.307ms
[2026-05-23T04:48:17.539+0000][46.985s][gc,cpu      ] GC(37) User=0.67s Sys=0.02s Real=0.18s
[2026-05-23T04:48:19.672+0000][49.118s][gc,start    ] GC(38) Pause Young (Normal) (G1 Evacuation Pause)
[2026-05-23T04:48:19.672+0000][49.118s][gc,task     ] GC(38) Using 4 workers of 4 for evacuation
[2026-05-23T04:48:19.802+0000][49.248s][gc,phases   ] GC(38)   Pre Evacuate Collection Set: 0.12ms
[2026-05-23T04:48:19.802+0000][49.248s][gc,phases   ] GC(38)   Merge Heap Roots: 0.71ms
[2026-05-23T04:48:19.802+0000][49.248s][gc,phases   ] GC(38)   Evacuate Collection Set: 128.42ms
[2026-05-23T04:48:19.802+0000][49.248s][gc,phases   ] GC(38)   Post Evacuate Collection Set: 0.61ms
[2026-05-23T04:48:19.802+0000][49.248s][gc,phases   ] GC(38)   Other: 0.48ms
[2026-05-23T04:48:19.802+0000][49.248s][gc,heap     ] GC(38) Eden regions: 37->0(37)
[2026-05-23T04:48:19.802+0000][49.248s][gc,heap     ] GC(38) Survivor regions: 6->6(6)
[2026-05-23T04:48:19.802+0000][49.248s][gc,heap     ] GC(38) Old regions: 121->124
[2026-05-23T04:48:19.802+0000][49.248s][gc,heap     ] GC(38) Archive regions: 2->2
[2026-05-23T04:48:19.802+0000][49.248s][gc,heap     ] GC(38) Humongous regions: 0->0
[2026-05-23T04:48:19.802+0000][49.248s][gc,metaspace] GC(38) Metaspace: 38445K(38912K)->38445K(38912K) NonClass: 34171K(34432K)->34171K(34432K) Class: 4274K(4480K)->4274K(4480K)
[2026-05-23T04:48:19.802+0000][49.248s][gc          ] GC(38) Pause Young (Normal) (G1 Evacuation Pause) 2637M->2094M(13792M) 130.443ms
[2026-05-23T04:48:19.802+0000][49.248s][gc,cpu      ] GC(38) User=0.50s Sys=0.01s Real=0.13s
[2026-05-23T04:48:22.530+0000][51.976s][gc,start    ] GC(39) Pause Young (Normal) (G1 Evacuation Pause)
[2026-05-23T04:48:22.530+0000][51.976s][gc,task     ] GC(39) Using 4 workers of 4 for evacuation
[2026-05-23T04:48:22.617+0000][52.063s][gc,phases   ] GC(39)   Pre Evacuate Collection Set: 0.11ms
[2026-05-23T04:48:22.617+0000][52.063s][gc,phases   ] GC(39)   Merge Heap Roots: 1.07ms
[2026-05-23T04:48:22.617+0000][52.063s][gc,phases   ] GC(39)   Evacuate Collection Set: 85.10ms
[2026-05-23T04:48:22.617+0000][52.063s][gc,phases   ] GC(39)   Post Evacuate Collection Set: 0.56ms
[2026-05-23T04:48:22.617+0000][52.063s][gc,phases   ] GC(39)   Other: 0.12ms
[2026-05-23T04:48:22.617+0000][52.063s][gc,heap     ] GC(39) Eden regions: 37->0(39)
[2026-05-23T04:48:22.617+0000][52.063s][gc,heap     ] GC(39) Survivor regions: 6->4(6)
[2026-05-23T04:48:22.617+0000][52.063s][gc,heap     ] GC(39) Old regions: 124->126
[2026-05-23T04:48:22.617+0000][52.063s][gc,heap     ] GC(39) Archive regions: 2->2
[2026-05-23T04:48:22.617+0000][52.063s][gc,heap     ] GC(39) Humongous regions: 0->0
[2026-05-23T04:48:22.617+0000][52.063s][gc,metaspace] GC(39) Metaspace: 38445K(38912K)->38445K(38912K) NonClass: 34171K(34432K)->34171K(34432K) Class: 4274K(4480K)->4274K(4480K)
[2026-05-23T04:48:22.617+0000][52.063s][gc          ] GC(39) Pause Young (Normal) (G1 Evacuation Pause) 2686M->2095M(13792M) 87.047ms
[2026-05-23T04:48:22.617+0000][52.063s][gc,cpu      ] GC(39) User=0.33s Sys=0.01s Real=0.08s
[2026-05-23T04:48:24.621+0000][54.067s][gc,start    ] GC(40) Pause Young (Normal) (G1 Evacuation Pause)
[2026-05-23T04:48:24.621+0000][54.067s][gc,task     ] GC(40) Using 4 workers of 4 for evacuation
[2026-05-23T04:48:24.695+0000][54.141s][gc,phases   ] GC(40)   Pre Evacuate Collection Set: 0.12ms
[2026-05-23T04:48:24.695+0000][54.141s][gc,phases   ] GC(40)   Merge Heap Roots: 0.65ms
[2026-05-23T04:48:24.695+0000][54.141s][gc,phases   ] GC(40)   Evacuate Collection Set: 71.71ms
[2026-05-23T04:48:24.695+0000][54.141s][gc,phases   ] GC(40)   Post Evacuate Collection Set: 0.55ms
[2026-05-23T04:48:24.695+0000][54.141s][gc,phases   ] GC(40)   Other: 0.47ms
[2026-05-23T04:48:24.695+0000][54.141s][gc,heap     ] GC(40) Eden regions: 39->0(39)
[2026-05-23T04:48:24.695+0000][54.141s][gc,heap     ] GC(40) Survivor regions: 4->4(6)
[2026-05-23T04:48:24.695+0000][54.141s][gc,heap     ] GC(40) Old regions: 126->128
[2026-05-23T04:48:24.695+0000][54.141s][gc,heap     ] GC(40) Archive regions: 2->2
[2026-05-23T04:48:24.695+0000][54.141s][gc,heap     ] GC(40) Humongous regions: 0->0
[2026-05-23T04:48:24.695+0000][54.141s][gc,metaspace] GC(40) Metaspace: 38449K(38912K)->38449K(38912K) NonClass: 34175K(34432K)->34175K(34432K) Class: 4274K(4480K)->4274K(4480K)
[2026-05-23T04:48:24.695+0000][54.141s][gc          ] GC(40) Pause Young (Normal) (G1 Evacuation Pause) 2719M->2116M(13792M) 73.599ms
[2026-05-23T04:48:24.695+0000][54.141s][gc,cpu      ] GC(40) User=0.29s Sys=0.01s Real=0.07s
[2026-05-23T04:48:26.984+0000][56.430s][gc,start    ] GC(41) Pause Young (Normal) (G1 Evacuation Pause)
[2026-05-23T04:48:26.984+0000][56.430s][gc,task     ] GC(41) Using 4 workers of 4 for evacuation
[2026-05-23T04:48:27.121+0000][56.567s][gc,phases   ] GC(41)   Pre Evacuate Collection Set: 0.11ms
[2026-05-23T04:48:27.121+0000][56.567s][gc,phases   ] GC(41)   Merge Heap Roots: 0.54ms
[2026-05-23T04:48:27.121+0000][56.567s][gc,phases   ] GC(41)   Evacuate Collection Set: 135.73ms
[2026-05-23T04:48:27.121+0000][56.567s][gc,phases   ] GC(41)   Post Evacuate Collection Set: 0.50ms
[2026-05-23T04:48:27.121+0000][56.567s][gc,phases   ] GC(41)   Other: 0.11ms
[2026-05-23T04:48:27.121+0000][56.567s][gc,heap     ] GC(41) Eden regions: 39->0(37)
[2026-05-23T04:48:27.121+0000][56.567s][gc,heap     ] GC(41) Survivor regions: 4->6(6)
[2026-05-23T04:48:27.121+0000][56.567s][gc,heap     ] GC(41) Old regions: 128->131
[2026-05-23T04:48:27.121+0000][56.567s][gc,heap     ] GC(41) Archive regions: 2->2
[2026-05-23T04:48:27.121+0000][56.567s][gc,heap     ] GC(41) Humongous regions: 0->0
[2026-05-23T04:48:27.121+0000][56.567s][gc,metaspace] GC(41) Metaspace: 38450K(38912K)->38450K(38912K) NonClass: 34176K(34432K)->34176K(34432K) Class: 4274K(4480K)->4274K(4480K)
[2026-05-23T04:48:27.121+0000][56.567s][gc          ] GC(41) Pause Young (Normal) (G1 Evacuation Pause) 2740M->2199M(13792M) 137.092ms
[2026-05-23T04:48:27.121+0000][56.567s][gc,cpu      ] GC(41) User=0.52s Sys=0.01s Real=0.14s
[2026-05-23T04:48:29.191+0000][58.637s][gc,start    ] GC(42) Pause Young (Normal) (G1 Evacuation Pause)
[2026-05-23T04:48:29.191+0000][58.637s][gc,task     ] GC(42) Using 4 workers of 4 for evacuation
[2026-05-23T04:48:29.348+0000][58.794s][gc,phases   ] GC(42)   Pre Evacuate Collection Set: 0.11ms
[2026-05-23T04:48:29.348+0000][58.794s][gc,phases   ] GC(42)   Merge Heap Roots: 0.81ms
[2026-05-23T04:48:29.348+0000][58.794s][gc,phases   ] GC(42)   Evacuate Collection Set: 154.56ms
[2026-05-23T04:48:29.348+0000][58.794s][gc,phases   ] GC(42)   Post Evacuate Collection Set: 0.63ms
[2026-05-23T04:48:29.348+0000][58.794s][gc,phases   ] GC(42)   Other: 0.46ms
[2026-05-23T04:48:29.348+0000][58.794s][gc,heap     ] GC(42) Eden regions: 37->0(37)
[2026-05-23T04:48:29.348+0000][58.794s][gc,heap     ] GC(42) Survivor regions: 6->6(6)
[2026-05-23T04:48:29.348+0000][58.794s][gc,heap     ] GC(42) Old regions: 131->135
[2026-05-23T04:48:29.348+0000][58.794s][gc,heap     ] GC(42) Archive regions: 2->2
[2026-05-23T04:48:29.348+0000][58.794s][gc,heap     ] GC(42) Humongous regions: 0->0
[2026-05-23T04:48:29.348+0000][58.794s][gc,metaspace] GC(42) Metaspace: 38450K(38912K)->38450K(38912K) NonClass: 34176K(34432K)->34176K(34432K) Class: 4274K(4480K)->4274K(4480K)
[2026-05-23T04:48:29.348+0000][58.794s][gc          ] GC(42) Pause Young (Normal) (G1 Evacuation Pause) 2791M->2267M(13792M) 156.657ms
[2026-05-23T04:48:29.348+0000][58.794s][gc,cpu      ] GC(42) User=0.60s Sys=0.02s Real=0.15s
[2026-05-23T04:48:31.738+0000][61.184s][gc,start    ] GC(43) Pause Young (Normal) (G1 Evacuation Pause)
[2026-05-23T04:48:31.738+0000][61.184s][gc,task     ] GC(43) Using 4 workers of 4 for evacuation
[2026-05-23T04:48:31.910+0000][61.356s][gc,phases   ] GC(43)   Pre Evacuate Collection Set: 0.11ms
[2026-05-23T04:48:31.910+0000][61.356s][gc,phases   ] GC(43)   Merge Heap Roots: 1.59ms
[2026-05-23T04:48:31.910+0000][61.356s][gc,phases   ] GC(43)   Evacuate Collection Set: 169.17ms
[2026-05-23T04:48:31.910+0000][61.356s][gc,phases   ] GC(43)   Post Evacuate Collection Set: 0.62ms
[2026-05-23T04:48:31.910+0000][61.356s][gc,phases   ] GC(43)   Other: 0.47ms
[2026-05-23T04:48:31.910+0000][61.356s][gc,heap     ] GC(43) Eden regions: 37->0(37)
[2026-05-23T04:48:31.910+0000][61.356s][gc,heap     ] GC(43) Survivor regions: 6->6(6)
[2026-05-23T04:48:31.910+0000][61.356s][gc,heap     ] GC(43) Old regions: 135->140
[2026-05-23T04:48:31.910+0000][61.356s][gc,heap     ] GC(43) Archive regions: 2->2
[2026-05-23T04:48:31.910+0000][61.356s][gc,heap     ] GC(43) Humongous regions: 0->0
[2026-05-23T04:48:31.910+0000][61.356s][gc,metaspace] GC(43) Metaspace: 38453K(38912K)->38453K(38912K) NonClass: 34179K(34432K)->34179K(34432K) Class: 4274K(4480K)->4274K(4480K)
[2026-05-23T04:48:31.910+0000][61.356s][gc          ] GC(43) Pause Young (Normal) (G1 Evacuation Pause) 2859M->2344M(13792M) 172.048ms
[2026-05-23T04:48:31.910+0000][61.356s][gc,cpu      ] GC(43) User=0.66s Sys=0.01s Real=0.18s
[2026-05-23T04:48:34.422+0000][63.868s][gc,start    ] GC(44) Pause Young (Normal) (G1 Evacuation Pause)
[2026-05-23T04:48:34.422+0000][63.868s][gc,task     ] GC(44) Using 4 workers of 4 for evacuation
[2026-05-23T04:48:34.583+0000][64.029s][gc,phases   ] GC(44)   Pre Evacuate Collection Set: 0.11ms
[2026-05-23T04:48:34.583+0000][64.029s][gc,phases   ] GC(44)   Merge Heap Roots: 1.83ms
[2026-05-23T04:48:34.583+0000][64.029s][gc,phases   ] GC(44)   Evacuate Collection Set: 158.22ms
[2026-05-23T04:48:34.583+0000][64.029s][gc,phases   ] GC(44)   Post Evacuate Collection Set: 0.58ms
[2026-05-23T04:48:34.583+0000][64.029s][gc,phases   ] GC(44)   Other: 0.50ms
[2026-05-23T04:48:34.583+0000][64.029s][gc,heap     ] GC(44) Eden regions: 37->0(37)
[2026-05-23T04:48:34.583+0000][64.029s][gc,heap     ] GC(44) Survivor regions: 6->6(6)
[2026-05-23T04:48:34.583+0000][64.029s][gc,heap     ] GC(44) Old regions: 140->144
[2026-05-23T04:48:34.583+0000][64.029s][gc,heap     ] GC(44) Archive regions: 2->2
[2026-05-23T04:48:34.583+0000][64.029s][gc,heap     ] GC(44) Humongous regions: 0->0
[2026-05-23T04:48:34.583+0000][64.029s][gc,metaspace] GC(44) Metaspace: 38462K(38912K)->38462K(38912K) NonClass: 34188K(34432K)->34188K(34432K) Class: 4274K(4480K)->4274K(4480K)
[2026-05-23T04:48:34.583+0000][64.029s][gc          ] GC(44) Pause Young (Normal) (G1 Evacuation Pause) 2936M->2410M(13792M) 161.330ms
[2026-05-23T04:48:34.583+0000][64.029s][gc,cpu      ] GC(44) User=0.62s Sys=0.01s Real=0.16s
[2026-05-23T04:48:35.926+0000][65.372s][gc,start    ] GC(45) Pause Young (Normal) (G1 Evacuation Pause)
[2026-05-23T04:48:35.926+0000][65.372s][gc,task     ] GC(45) Using 4 workers of 4 for evacuation
[2026-05-23T04:48:36.226+0000][65.672s][gc,mmu      ] GC(45) MMU target violated: 201.0ms (200.0ms/201.0ms)
[2026-05-23T04:48:36.226+0000][65.672s][gc,phases   ] GC(45)   Pre Evacuate Collection Set: 0.13ms
[2026-05-23T04:48:36.226+0000][65.672s][gc,phases   ] GC(45)   Merge Heap Roots: 1.41ms
[2026-05-23T04:48:36.226+0000][65.672s][gc,phases   ] GC(45)   Evacuate Collection Set: 297.50ms
[2026-05-23T04:48:36.226+0000][65.672s][gc,phases   ] GC(45)   Post Evacuate Collection Set: 0.92ms
[2026-05-23T04:48:36.226+0000][65.672s][gc,phases   ] GC(45)   Other: 0.55ms
[2026-05-23T04:48:36.226+0000][65.672s][gc,heap     ] GC(45) Eden regions: 37->0(37)
[2026-05-23T04:48:36.226+0000][65.672s][gc,heap     ] GC(45) Survivor regions: 6->6(6)
[2026-05-23T04:48:36.226+0000][65.672s][gc,heap     ] GC(45) Old regions: 144->156
[2026-05-23T04:48:36.226+0000][65.672s][gc,heap     ] GC(45) Archive regions: 2->2
[2026-05-23T04:48:36.226+0000][65.672s][gc,heap     ] GC(45) Humongous regions: 0->0
[2026-05-23T04:48:36.226+0000][65.672s][gc,metaspace] GC(45) Metaspace: 38464K(38912K)->38464K(38912K) NonClass: 34190K(34432K)->34190K(34432K) Class: 4274K(4480K)->4274K(4480K)
[2026-05-23T04:48:36.226+0000][65.672s][gc          ] GC(45) Pause Young (Normal) (G1 Evacuation Pause) 3002M->2604M(13792M) 300.555ms
[2026-05-23T04:48:36.226+0000][65.672s][gc,cpu      ] GC(45) User=1.14s Sys=0.04s Real=0.30s
[2026-05-23T04:48:37.542+0000][66.988s][gc,start    ] GC(46) Pause Young (Normal) (G1 Evacuation Pause)
[2026-05-23T04:48:37.542+0000][66.988s][gc,task     ] GC(46) Using 4 workers of 4 for evacuation
[2026-05-23T04:48:37.824+0000][67.270s][gc,mmu      ] GC(46) MMU target violated: 201.0ms (200.0ms/201.0ms)
[2026-05-23T04:48:37.824+0000][67.270s][gc,phases   ] GC(46)   Pre Evacuate Collection Set: 0.11ms
[2026-05-23T04:48:37.824+0000][67.270s][gc,phases   ] GC(46)   Merge Heap Roots: 2.68ms
[2026-05-23T04:48:37.824+0000][67.270s][gc,phases   ] GC(46)   Evacuate Collection Set: 278.73ms
[2026-05-23T04:48:37.824+0000][67.270s][gc,phases   ] GC(46)   Post Evacuate Collection Set: 0.89ms
[2026-05-23T04:48:37.824+0000][67.270s][gc,phases   ] GC(46)   Other: 0.15ms
[2026-05-23T04:48:37.824+0000][67.270s][gc,heap     ] GC(46) Eden regions: 37->0(37)
[2026-05-23T04:48:37.824+0000][67.270s][gc,heap     ] GC(46) Survivor regions: 6->6(6)
[2026-05-23T04:48:37.824+0000][67.270s][gc,heap     ] GC(46) Old regions: 156->166
[2026-05-23T04:48:37.824+0000][67.270s][gc,heap     ] GC(46) Archive regions: 2->2
[2026-05-23T04:48:37.824+0000][67.270s][gc,heap     ] GC(46) Humongous regions: 0->0
[2026-05-23T04:48:37.824+0000][67.270s][gc,metaspace] GC(46) Metaspace: 38470K(38912K)->38470K(38912K) NonClass: 34196K(34432K)->34196K(34432K) Class: 4274K(4480K)->4274K(4480K)
[2026-05-23T04:48:37.824+0000][67.270s][gc          ] GC(46) Pause Young (Normal) (G1 Evacuation Pause) 3196M->2759M(13792M) 282.615ms
[2026-05-23T04:48:37.824+0000][67.270s][gc,cpu      ] GC(46) User=1.08s Sys=0.04s Real=0.28s
[2026-05-23T04:48:42.789+0000][72.235s][gc,start    ] GC(47) Pause Young (Normal) (G1 Evacuation Pause)
[2026-05-23T04:48:42.789+0000][72.235s][gc,task     ] GC(47) Using 4 workers of 4 for evacuation
[2026-05-23T04:48:43.024+0000][72.470s][gc,mmu      ] GC(47) MMU target violated: 201.0ms (200.0ms/201.0ms)
[2026-05-23T04:48:43.024+0000][72.470s][gc,phases   ] GC(47)   Pre Evacuate Collection Set: 0.12ms
[2026-05-23T04:48:43.024+0000][72.470s][gc,phases   ] GC(47)   Merge Heap Roots: 5.37ms
[2026-05-23T04:48:43.024+0000][72.470s][gc,phases   ] GC(47)   Evacuate Collection Set: 228.19ms
[2026-05-23T04:48:43.024+0000][72.470s][gc,phases   ] GC(47)   Post Evacuate Collection Set: 1.17ms
[2026-05-23T04:48:43.024+0000][72.470s][gc,phases   ] GC(47)   Other: 0.58ms
[2026-05-23T04:48:43.024+0000][72.470s][gc,heap     ] GC(47) Eden regions: 37->0(37)
[2026-05-23T04:48:43.024+0000][72.470s][gc,heap     ] GC(47) Survivor regions: 6->6(6)
[2026-05-23T04:48:43.024+0000][72.470s][gc,heap     ] GC(47) Old regions: 166->169
[2026-05-23T04:48:43.024+0000][72.470s][gc,heap     ] GC(47) Archive regions: 2->2
[2026-05-23T04:48:43.024+0000][72.470s][gc,heap     ] GC(47) Humongous regions: 0->0
[2026-05-23T04:48:43.024+0000][72.470s][gc,metaspace] GC(47) Metaspace: 38474K(38912K)->38474K(38912K) NonClass: 34200K(34432K)->34200K(34432K) Class: 4274K(4480K)->4274K(4480K)
[2026-05-23T04:48:43.024+0000][72.470s][gc          ] GC(47) Pause Young (Normal) (G1 Evacuation Pause) 3351M->2807M(13792M) 235.491ms
[2026-05-23T04:48:43.024+0000][72.470s][gc,cpu      ] GC(47) User=0.92s Sys=0.01s Real=0.23s
[2026-05-23T04:48:44.846+0000][74.292s][gc,start    ] GC(48) Pause Young (Normal) (G1 Evacuation Pause)
[2026-05-23T04:48:44.846+0000][74.292s][gc,task     ] GC(48) Using 4 workers of 4 for evacuation
[2026-05-23T04:48:45.024+0000][74.469s][gc,phases   ] GC(48)   Pre Evacuate Collection Set: 0.12ms
[2026-05-23T04:48:45.024+0000][74.469s][gc,phases   ] GC(48)   Merge Heap Roots: 2.51ms
[2026-05-23T04:48:45.024+0000][74.469s][gc,phases   ] GC(48)   Evacuate Collection Set: 173.88ms
[2026-05-23T04:48:45.024+0000][74.469s][gc,phases   ] GC(48)   Post Evacuate Collection Set: 0.46ms
[2026-05-23T04:48:45.024+0000][74.469s][gc,phases   ] GC(48)   Other: 0.47ms
[2026-05-23T04:48:45.024+0000][74.469s][gc,heap     ] GC(48) Eden regions: 37->0(37)
[2026-05-23T04:48:45.024+0000][74.469s][gc,heap     ] GC(48) Survivor regions: 6->6(6)
[2026-05-23T04:48:45.024+0000][74.469s][gc,heap     ] GC(48) Old regions: 169->171
[2026-05-23T04:48:45.024+0000][74.469s][gc,heap     ] GC(48) Archive regions: 2->2
[2026-05-23T04:48:45.024+0000][74.469s][gc,heap     ] GC(48) Humongous regions: 0->0
[2026-05-23T04:48:45.024+0000][74.469s][gc,metaspace] GC(48) Metaspace: 38475K(38912K)->38475K(38912K) NonClass: 34201K(34432K)->34201K(34432K) Class: 4274K(4480K)->4274K(4480K)
[2026-05-23T04:48:45.024+0000][74.470s][gc          ] GC(48) Pause Young (Normal) (G1 Evacuation Pause) 3399M->2836M(13792M) 177.527ms
[2026-05-23T04:48:45.024+0000][74.470s][gc,cpu      ] GC(48) User=0.69s Sys=0.02s Real=0.18s
[2026-05-23T04:48:47.871+0000][77.317s][gc,start    ] GC(49) Pause Young (Normal) (G1 Evacuation Pause)
[2026-05-23T04:48:47.871+0000][77.317s][gc,task     ] GC(49) Using 4 workers of 4 for evacuation
[2026-05-23T04:48:47.950+0000][77.396s][gc,phases   ] GC(49)   Pre Evacuate Collection Set: 0.14ms
[2026-05-23T04:48:47.950+0000][77.396s][gc,phases   ] GC(49)   Merge Heap Roots: 0.31ms
[2026-05-23T04:48:47.950+0000][77.396s][gc,phases   ] GC(49)   Evacuate Collection Set: 77.67ms
[2026-05-23T04:48:47.950+0000][77.396s][gc,phases   ] GC(49)   Post Evacuate Collection Set: 0.50ms
[2026-05-23T04:48:47.950+0000][77.396s][gc,phases   ] GC(49)   Other: 0.11ms
[2026-05-23T04:48:47.950+0000][77.396s][gc,heap     ] GC(49) Eden regions: 37->0(38)
[2026-05-23T04:48:47.950+0000][77.396s][gc,heap     ] GC(49) Survivor regions: 6->5(6)
[2026-05-23T04:48:47.950+0000][77.396s][gc,heap     ] GC(49) Old regions: 171->172
[2026-05-23T04:48:47.950+0000][77.396s][gc,heap     ] GC(49) Archive regions: 2->2
[2026-05-23T04:48:47.950+0000][77.396s][gc,heap     ] GC(49) Humongous regions: 0->0
[2026-05-23T04:48:47.950+0000][77.396s][gc,metaspace] GC(49) Metaspace: 38475K(38912K)->38475K(38912K) NonClass: 34201K(34432K)->34201K(34432K) Class: 4274K(4480K)->4274K(4480K)
[2026-05-23T04:48:47.950+0000][77.396s][gc          ] GC(49) Pause Young (Normal) (G1 Evacuation Pause) 3428M->2845M(13792M) 78.840ms
[2026-05-23T04:48:47.950+0000][77.396s][gc,cpu      ] GC(49) User=0.30s Sys=0.01s Real=0.08s
[2026-05-23T04:48:50.005+0000][79.451s][gc,start    ] GC(50) Pause Young (Normal) (G1 Evacuation Pause)
[2026-05-23T04:48:50.005+0000][79.451s][gc,task     ] GC(50) Using 4 workers of 4 for evacuation
[2026-05-23T04:48:50.028+0000][79.474s][gc,phases   ] GC(50)   Pre Evacuate Collection Set: 0.12ms
[2026-05-23T04:48:50.028+0000][79.474s][gc,phases   ] GC(50)   Merge Heap Roots: 0.33ms
[2026-05-23T04:48:50.028+0000][79.474s][gc,phases   ] GC(50)   Evacuate Collection Set: 22.13ms
[2026-05-23T04:48:50.028+0000][79.474s][gc,phases   ] GC(50)   Post Evacuate Collection Set: 0.43ms
[2026-05-23T04:48:50.028+0000][79.474s][gc,phases   ] GC(50)   Other: 0.11ms
[2026-05-23T04:48:50.028+0000][79.474s][gc,heap     ] GC(50) Eden regions: 38->0(41)
[2026-05-23T04:48:50.028+0000][79.474s][gc,heap     ] GC(50) Survivor regions: 5->2(6)
[2026-05-23T04:48:50.028+0000][79.474s][gc,heap     ] GC(50) Old regions: 172->173
[2026-05-23T04:48:50.028+0000][79.474s][gc,heap     ] GC(50) Archive regions: 2->2
[2026-05-23T04:48:50.028+0000][79.474s][gc,heap     ] GC(50) Humongous regions: 0->0
[2026-05-23T04:48:50.028+0000][79.474s][gc,metaspace] GC(50) Metaspace: 38475K(38912K)->38475K(38912K) NonClass: 34201K(34432K)->34201K(34432K) Class: 4274K(4480K)->4274K(4480K)
[2026-05-23T04:48:50.028+0000][79.474s][gc          ] GC(50) Pause Young (Normal) (G1 Evacuation Pause) 3453M->2795M(13792M) 23.205ms
[2026-05-23T04:48:50.028+0000][79.474s][gc,cpu      ] GC(50) User=0.09s Sys=0.00s Real=0.02s
[2026-05-23T04:48:52.597+0000][82.043s][gc,start    ] GC(51) Pause Young (Normal) (G1 Evacuation Pause)
[2026-05-23T04:48:52.597+0000][82.043s][gc,task     ] GC(51) Using 4 workers of 4 for evacuation
[2026-05-23T04:48:52.725+0000][82.170s][gc,phases   ] GC(51)   Pre Evacuate Collection Set: 0.11ms
[2026-05-23T04:48:52.725+0000][82.170s][gc,phases   ] GC(51)   Merge Heap Roots: 0.18ms
[2026-05-23T04:48:52.725+0000][82.170s][gc,phases   ] GC(51)   Evacuate Collection Set: 126.76ms
[2026-05-23T04:48:52.725+0000][82.170s][gc,phases   ] GC(51)   Post Evacuate Collection Set: 0.60ms
[2026-05-23T04:48:52.725+0000][82.170s][gc,phases   ] GC(51)   Other: 0.11ms
[2026-05-23T04:48:52.725+0000][82.170s][gc,heap     ] GC(51) Eden regions: 41->0(37)
[2026-05-23T04:48:52.725+0000][82.171s][gc,heap     ] GC(51) Survivor regions: 2->6(6)
[2026-05-23T04:48:52.725+0000][82.171s][gc,heap     ] GC(51) Old regions: 173->175
[2026-05-23T04:48:52.725+0000][82.171s][gc,heap     ] GC(51) Archive regions: 2->2
[2026-05-23T04:48:52.725+0000][82.171s][gc,heap     ] GC(51) Humongous regions: 0->0
[2026-05-23T04:48:52.725+0000][82.171s][gc,metaspace] GC(51) Metaspace: 38475K(38912K)->38475K(38912K) NonClass: 34201K(34432K)->34201K(34432K) Class: 4274K(4480K)->4274K(4480K)
[2026-05-23T04:48:52.725+0000][82.171s][gc          ] GC(51) Pause Young (Normal) (G1 Evacuation Pause) 3451M->2906M(13792M) 127.839ms
[2026-05-23T04:48:52.725+0000][82.171s][gc,cpu      ] GC(51) User=0.50s Sys=0.01s Real=0.13s
[2026-05-23T04:48:55.064+0000][84.510s][gc,start    ] GC(52) Pause Young (Normal) (G1 Evacuation Pause)
[2026-05-23T04:48:55.064+0000][84.510s][gc,task     ] GC(52) Using 4 workers of 4 for evacuation
[2026-05-23T04:48:55.238+0000][84.684s][gc,phases   ] GC(52)   Pre Evacuate Collection Set: 0.13ms
[2026-05-23T04:48:55.238+0000][84.684s][gc,phases   ] GC(52)   Merge Heap Roots: 0.64ms
[2026-05-23T04:48:55.238+0000][84.684s][gc,phases   ] GC(52)   Evacuate Collection Set: 172.25ms
[2026-05-23T04:48:55.238+0000][84.684s][gc,phases   ] GC(52)   Post Evacuate Collection Set: 0.60ms
[2026-05-23T04:48:55.238+0000][84.684s][gc,phases   ] GC(52)   Other: 0.32ms
[2026-05-23T04:48:55.238+0000][84.684s][gc,heap     ] GC(52) Eden regions: 37->0(37)
[2026-05-23T04:48:55.238+0000][84.684s][gc,heap     ] GC(52) Survivor regions: 6->6(6)
[2026-05-23T04:48:55.238+0000][84.684s][gc,heap     ] GC(52) Old regions: 175->180
[2026-05-23T04:48:55.238+0000][84.684s][gc,heap     ] GC(52) Archive regions: 2->2
[2026-05-23T04:48:55.238+0000][84.684s][gc,heap     ] GC(52) Humongous regions: 0->0
[2026-05-23T04:48:55.238+0000][84.684s][gc,metaspace] GC(52) Metaspace: 38476K(38912K)->38476K(38912K) NonClass: 34202K(34432K)->34202K(34432K) Class: 4274K(4480K)->4274K(4480K)
[2026-05-23T04:48:55.238+0000][84.684s][gc          ] GC(52) Pause Young (Normal) (G1 Evacuation Pause) 3498M->2988M(13792M) 174.029ms
[2026-05-23T04:48:55.238+0000][84.684s][gc,cpu      ] GC(52) User=0.67s Sys=0.02s Real=0.17s
[2026-05-23T04:48:57.101+0000][86.547s][gc,start    ] GC(53) Pause Young (Normal) (G1 Evacuation Pause)
[2026-05-23T04:48:57.101+0000][86.547s][gc,task     ] GC(53) Using 4 workers of 4 for evacuation
[2026-05-23T04:48:57.296+0000][86.741s][gc,phases   ] GC(53)   Pre Evacuate Collection Set: 0.12ms
[2026-05-23T04:48:57.296+0000][86.742s][gc,phases   ] GC(53)   Merge Heap Roots: 1.60ms
[2026-05-23T04:48:57.296+0000][86.742s][gc,phases   ] GC(53)   Evacuate Collection Set: 191.75ms
[2026-05-23T04:48:57.296+0000][86.742s][gc,phases   ] GC(53)   Post Evacuate Collection Set: 0.64ms
[2026-05-23T04:48:57.296+0000][86.742s][gc,phases   ] GC(53)   Other: 0.46ms
[2026-05-23T04:48:57.296+0000][86.742s][gc,heap     ] GC(53) Eden regions: 37->0(37)
[2026-05-23T04:48:57.296+0000][86.742s][gc,heap     ] GC(53) Survivor regions: 6->6(6)
[2026-05-23T04:48:57.296+0000][86.742s][gc,heap     ] GC(53) Old regions: 180->187
[2026-05-23T04:48:57.296+0000][86.742s][gc,heap     ] GC(53) Archive regions: 2->2
[2026-05-23T04:48:57.296+0000][86.742s][gc,heap     ] GC(53) Humongous regions: 0->0
[2026-05-23T04:48:57.296+0000][86.742s][gc,metaspace] GC(53) Metaspace: 38476K(38912K)->38476K(38912K) NonClass: 34202K(34432K)->34202K(34432K) Class: 4274K(4480K)->4274K(4480K)
[2026-05-23T04:48:57.296+0000][86.742s][gc          ] GC(53) Pause Young (Normal) (G1 Evacuation Pause) 3580M->3091M(13792M) 194.654ms
[2026-05-23T04:48:57.296+0000][86.742s][gc,cpu      ] GC(53) User=0.75s Sys=0.02s Real=0.19s
[2026-05-23T04:49:00.354+0000][89.800s][gc,start    ] GC(54) Pause Young (Normal) (G1 Evacuation Pause)
[2026-05-23T04:49:00.354+0000][89.800s][gc,task     ] GC(54) Using 4 workers of 4 for evacuation
[2026-05-23T04:49:00.615+0000][90.061s][gc,mmu      ] GC(54) MMU target violated: 201.0ms (200.0ms/201.0ms)
[2026-05-23T04:49:00.615+0000][90.061s][gc,phases   ] GC(54)   Pre Evacuate Collection Set: 0.11ms
[2026-05-23T04:49:00.615+0000][90.061s][gc,phases   ] GC(54)   Merge Heap Roots: 2.04ms
[2026-05-23T04:49:00.615+0000][90.061s][gc,phases   ] GC(54)   Evacuate Collection Set: 255.08ms
[2026-05-23T04:49:00.615+0000][90.061s][gc,phases   ] GC(54)   Post Evacuate Collection Set: 3.48ms
[2026-05-23T04:49:00.615+0000][90.061s][gc,phases   ] GC(54)   Other: 0.55ms
[2026-05-23T04:49:00.615+0000][90.061s][gc,heap     ] GC(54) Eden regions: 37->0(42)
[2026-05-23T04:49:00.615+0000][90.061s][gc,heap     ] GC(54) Survivor regions: 6->6(6)
[2026-05-23T04:49:00.615+0000][90.061s][gc,heap     ] GC(54) Old regions: 187->195
[2026-05-23T04:49:00.615+0000][90.061s][gc,heap     ] GC(54) Archive regions: 2->2
[2026-05-23T04:49:00.615+0000][90.061s][gc,heap     ] GC(54) Humongous regions: 0->0
[2026-05-23T04:49:00.615+0000][90.061s][gc,metaspace] GC(54) Metaspace: 38478K(38912K)->38478K(38912K) NonClass: 34204K(34432K)->34204K(34432K) Class: 4274K(4480K)->4274K(4480K)
[2026-05-23T04:49:00.616+0000][90.061s][gc          ] GC(54) Pause Young (Normal) (G1 Evacuation Pause) 3683M->3229M(15440M) 261.309ms
[2026-05-23T04:49:00.616+0000][90.061s][gc,cpu      ] GC(54) User=0.98s Sys=0.04s Real=0.26s
[2026-05-23T04:49:04.151+0000][93.596s][gc,start    ] GC(55) Pause Young (Normal) (G1 Evacuation Pause)
[2026-05-23T04:49:04.151+0000][93.596s][gc,task     ] GC(55) Using 4 workers of 4 for evacuation
[2026-05-23T04:49:04.322+0000][93.768s][gc,phases   ] GC(55)   Pre Evacuate Collection Set: 0.13ms
[2026-05-23T04:49:04.322+0000][93.768s][gc,phases   ] GC(55)   Merge Heap Roots: 3.63ms
[2026-05-23T04:49:04.322+0000][93.768s][gc,phases   ] GC(55)   Evacuate Collection Set: 166.70ms
[2026-05-23T04:49:04.322+0000][93.768s][gc,phases   ] GC(55)   Post Evacuate Collection Set: 0.93ms
[2026-05-23T04:49:04.322+0000][93.768s][gc,phases   ] GC(55)   Other: 0.51ms
[2026-05-23T04:49:04.322+0000][93.768s][gc,heap     ] GC(55) Eden regions: 42->0(42)
[2026-05-23T04:49:04.322+0000][93.768s][gc,heap     ] GC(55) Survivor regions: 6->6(6)
[2026-05-23T04:49:04.322+0000][93.768s][gc,heap     ] GC(55) Old regions: 195->198
[2026-05-23T04:49:04.322+0000][93.768s][gc,heap     ] GC(55) Archive regions: 2->2
[2026-05-23T04:49:04.323+0000][93.768s][gc,heap     ] GC(55) Humongous regions: 0->0
[2026-05-23T04:49:04.323+0000][93.768s][gc,metaspace] GC(55) Metaspace: 38478K(38912K)->38478K(38912K) NonClass: 34204K(34432K)->34204K(34432K) Class: 4274K(4480K)->4274K(4480K)
[2026-05-23T04:49:04.323+0000][93.768s][gc          ] GC(55) Pause Young (Normal) (G1 Evacuation Pause) 3901M->3275M(15440M) 172.030ms
[2026-05-23T04:49:04.323+0000][93.768s][gc,cpu      ] GC(55) User=0.64s Sys=0.03s Real=0.17s
[2026-05-23T04:49:06.048+0000][95.494s][gc,start    ] GC(56) Pause Young (Normal) (G1 Evacuation Pause)
[2026-05-23T04:49:06.048+0000][95.494s][gc,task     ] GC(56) Using 4 workers of 4 for evacuation
[2026-05-23T04:49:06.257+0000][95.703s][gc,mmu      ] GC(56) MMU target violated: 201.0ms (200.0ms/201.0ms)
[2026-05-23T04:49:06.257+0000][95.703s][gc,phases   ] GC(56)   Pre Evacuate Collection Set: 0.15ms
[2026-05-23T04:49:06.257+0000][95.703s][gc,phases   ] GC(56)   Merge Heap Roots: 1.15ms
[2026-05-23T04:49:06.257+0000][95.703s][gc,phases   ] GC(56)   Evacuate Collection Set: 206.13ms
[2026-05-23T04:49:06.257+0000][95.703s][gc,phases   ] GC(56)   Post Evacuate Collection Set: 0.61ms
[2026-05-23T04:49:06.257+0000][95.703s][gc,phases   ] GC(56)   Other: 0.52ms
[2026-05-23T04:49:06.257+0000][95.703s][gc,heap     ] GC(56) Eden regions: 42->0(42)
[2026-05-23T04:49:06.257+0000][95.703s][gc,heap     ] GC(56) Survivor regions: 6->6(6)
[2026-05-23T04:49:06.257+0000][95.703s][gc,heap     ] GC(56) Old regions: 198->204
[2026-05-23T04:49:06.257+0000][95.703s][gc,heap     ] GC(56) Archive regions: 2->2
[2026-05-23T04:49:06.257+0000][95.703s][gc,heap     ] GC(56) Humongous regions: 0->0
[2026-05-23T04:49:06.257+0000][95.703s][gc,metaspace] GC(56) Metaspace: 38478K(38912K)->38478K(38912K) NonClass: 34204K(34432K)->34204K(34432K) Class: 4274K(4480K)->4274K(4480K)
[2026-05-23T04:49:06.257+0000][95.703s][gc          ] GC(56) Pause Young (Normal) (G1 Evacuation Pause) 3947M->3365M(15440M) 208.608ms
[2026-05-23T04:49:06.257+0000][95.703s][gc,cpu      ] GC(56) User=0.79s Sys=0.04s Real=0.21s
[2026-05-23T04:49:07.800+0000][97.246s][gc,start    ] GC(57) Pause Young (Normal) (G1 Evacuation Pause)
[2026-05-23T04:49:07.800+0000][97.246s][gc,task     ] GC(57) Using 4 workers of 4 for evacuation
[2026-05-23T04:49:08.109+0000][97.555s][gc,mmu      ] GC(57) MMU target violated: 201.0ms (200.0ms/201.0ms)
[2026-05-23T04:49:08.109+0000][97.555s][gc,phases   ] GC(57)   Pre Evacuate Collection Set: 0.13ms
[2026-05-23T04:49:08.109+0000][97.555s][gc,phases   ] GC(57)   Merge Heap Roots: 1.72ms
[2026-05-23T04:49:08.109+0000][97.555s][gc,phases   ] GC(57)   Evacuate Collection Set: 306.67ms
[2026-05-23T04:49:08.110+0000][97.555s][gc,phases   ] GC(57)   Post Evacuate Collection Set: 0.88ms
[2026-05-23T04:49:08.110+0000][97.555s][gc,phases   ] GC(57)   Other: 0.14ms
[2026-05-23T04:49:08.110+0000][97.555s][gc,heap     ] GC(57) Eden regions: 42->0(42)
[2026-05-23T04:49:08.110+0000][97.555s][gc,heap     ] GC(57) Survivor regions: 6->6(6)
[2026-05-23T04:49:08.110+0000][97.555s][gc,heap     ] GC(57) Old regions: 204->216
[2026-05-23T04:49:08.110+0000][97.555s][gc,heap     ] GC(57) Archive regions: 2->2
[2026-05-23T04:49:08.110+0000][97.555s][gc,heap     ] GC(57) Humongous regions: 0->0
[2026-05-23T04:49:08.110+0000][97.555s][gc,metaspace] GC(57) Metaspace: 38478K(38912K)->38478K(38912K) NonClass: 34204K(34432K)->34204K(34432K) Class: 4274K(4480K)->4274K(4480K)
[2026-05-23T04:49:08.110+0000][97.555s][gc          ] GC(57) Pause Young (Normal) (G1 Evacuation Pause) 4037M->3567M(15440M) 309.619ms
[2026-05-23T04:49:08.110+0000][97.555s][gc,cpu      ] GC(57) User=1.17s Sys=0.05s Real=0.31s
[2026-05-23T04:49:12.103+0000][101.549s][gc,start    ] GC(58) Pause Young (Normal) (G1 Evacuation Pause)
[2026-05-23T04:49:12.103+0000][101.549s][gc,task     ] GC(58) Using 4 workers of 4 for evacuation
[2026-05-23T04:49:12.381+0000][101.827s][gc,mmu      ] GC(58) MMU target violated: 201.0ms (200.0ms/201.0ms)
[2026-05-23T04:49:12.381+0000][101.827s][gc,phases   ] GC(58)   Pre Evacuate Collection Set: 0.12ms
[2026-05-23T04:49:12.381+0000][101.827s][gc,phases   ] GC(58)   Merge Heap Roots: 3.18ms
[2026-05-23T04:49:12.381+0000][101.827s][gc,phases   ] GC(58)   Evacuate Collection Set: 273.77ms
[2026-05-23T04:49:12.381+0000][101.827s][gc,phases   ] GC(58)   Post Evacuate Collection Set: 1.13ms
[2026-05-23T04:49:12.381+0000][101.827s][gc,phases   ] GC(58)   Other: 0.19ms
[2026-05-23T04:49:12.381+0000][101.827s][gc,heap     ] GC(58) Eden regions: 42->0(42)
[2026-05-23T04:49:12.381+0000][101.827s][gc,heap     ] GC(58) Survivor regions: 6->6(6)
[2026-05-23T04:49:12.381+0000][101.827s][gc,heap     ] GC(58) Old regions: 216->224
[2026-05-23T04:49:12.381+0000][101.827s][gc,heap     ] GC(58) Archive regions: 2->2
[2026-05-23T04:49:12.381+0000][101.827s][gc,heap     ] GC(58) Humongous regions: 0->0
[2026-05-23T04:49:12.381+0000][101.827s][gc,metaspace] GC(58) Metaspace: 38481K(38912K)->38481K(38912K) NonClass: 34207K(34432K)->34207K(34432K) Class: 4274K(4480K)->4274K(4480K)
[2026-05-23T04:49:12.381+0000][101.827s][gc          ] GC(58) Pause Young (Normal) (G1 Evacuation Pause) 4239M->3695M(15440M) 278.449ms
[2026-05-23T04:49:12.381+0000][101.827s][gc,cpu      ] GC(58) User=1.06s Sys=0.03s Real=0.28s
[2026-05-23T04:49:16.890+0000][106.336s][gc,start    ] GC(59) Pause Young (Normal) (G1 Evacuation Pause)
[2026-05-23T04:49:16.890+0000][106.336s][gc,task     ] GC(59) Using 4 workers of 4 for evacuation
[2026-05-23T04:49:17.125+0000][106.571s][gc,mmu      ] GC(59) MMU target violated: 201.0ms (200.0ms/201.0ms)
[2026-05-23T04:49:17.126+0000][106.571s][gc,phases   ] GC(59)   Pre Evacuate Collection Set: 0.11ms
[2026-05-23T04:49:17.126+0000][106.571s][gc,phases   ] GC(59)   Merge Heap Roots: 3.38ms
[2026-05-23T04:49:17.126+0000][106.571s][gc,phases   ] GC(59)   Evacuate Collection Set: 230.48ms
[2026-05-23T04:49:17.126+0000][106.571s][gc,phases   ] GC(59)   Post Evacuate Collection Set: 0.71ms
[2026-05-23T04:49:17.126+0000][106.571s][gc,phases   ] GC(59)   Other: 0.55ms
[2026-05-23T04:49:17.126+0000][106.571s][gc,heap     ] GC(59) Eden regions: 42->0(42)
[2026-05-23T04:49:17.126+0000][106.571s][gc,heap     ] GC(59) Survivor regions: 6->6(6)
[2026-05-23T04:49:17.126+0000][106.571s][gc,heap     ] GC(59) Old regions: 224->230
[2026-05-23T04:49:17.126+0000][106.571s][gc,heap     ] GC(59) Archive regions: 2->2
[2026-05-23T04:49:17.126+0000][106.571s][gc,heap     ] GC(59) Humongous regions: 0->0
[2026-05-23T04:49:17.126+0000][106.571s][gc,metaspace] GC(59) Metaspace: 38481K(38912K)->38481K(38912K) NonClass: 34207K(34432K)->34207K(34432K) Class: 4274K(4480K)->4274K(4480K)
[2026-05-23T04:49:17.126+0000][106.571s][gc          ] GC(59) Pause Young (Normal) (G1 Evacuation Pause) 4367M->3782M(15440M) 235.287ms
[2026-05-23T04:49:17.126+0000][106.571s][gc,cpu      ] GC(59) User=0.90s Sys=0.02s Real=0.23s
[2026-05-23T04:49:18.721+0000][108.166s][gc,start    ] GC(60) Pause Young (Normal) (G1 Evacuation Pause)
[2026-05-23T04:49:18.721+0000][108.166s][gc,task     ] GC(60) Using 4 workers of 4 for evacuation
[2026-05-23T04:49:19.000+0000][108.446s][gc,mmu      ] GC(60) MMU target violated: 201.0ms (200.0ms/201.0ms)
[2026-05-23T04:49:19.000+0000][108.446s][gc,phases   ] GC(60)   Pre Evacuate Collection Set: 0.11ms
[2026-05-23T04:49:19.000+0000][108.446s][gc,phases   ] GC(60)   Merge Heap Roots: 2.49ms
[2026-05-23T04:49:19.000+0000][108.446s][gc,phases   ] GC(60)   Evacuate Collection Set: 275.80ms
[2026-05-23T04:49:19.000+0000][108.446s][gc,phases   ] GC(60)   Post Evacuate Collection Set: 0.82ms
[2026-05-23T04:49:19.000+0000][108.446s][gc,phases   ] GC(60)   Other: 0.16ms
[2026-05-23T04:49:19.000+0000][108.446s][gc,heap     ] GC(60) Eden regions: 42->0(42)
[2026-05-23T04:49:19.000+0000][108.446s][gc,heap     ] GC(60) Survivor regions: 6->6(6)
[2026-05-23T04:49:19.000+0000][108.446s][gc,heap     ] GC(60) Old regions: 230->240
[2026-05-23T04:49:19.000+0000][108.446s][gc,heap     ] GC(60) Archive regions: 2->2
[2026-05-23T04:49:19.000+0000][108.446s][gc,heap     ] GC(60) Humongous regions: 0->0
[2026-05-23T04:49:19.000+0000][108.446s][gc,metaspace] GC(60) Metaspace: 38486K(38912K)->38486K(38912K) NonClass: 34212K(34432K)->34212K(34432K) Class: 4274K(4480K)->4274K(4480K)
[2026-05-23T04:49:19.000+0000][108.446s][gc          ] GC(60) Pause Young (Normal) (G1 Evacuation Pause) 4454M->3951M(15440M) 279.439ms
[2026-05-23T04:49:19.000+0000][108.446s][gc,cpu      ] GC(60) User=1.07s Sys=0.03s Real=0.28s
[2026-05-23T04:49:23.382+0000][112.828s][gc,start    ] GC(61) Pause Young (Normal) (G1 Evacuation Pause)
[2026-05-23T04:49:23.382+0000][112.828s][gc,task     ] GC(61) Using 4 workers of 4 for evacuation
[2026-05-23T04:49:23.599+0000][113.044s][gc,mmu      ] GC(61) MMU target violated: 201.0ms (200.0ms/201.0ms)
[2026-05-23T04:49:23.599+0000][113.044s][gc,phases   ] GC(61)   Pre Evacuate Collection Set: 0.14ms
[2026-05-23T04:49:23.599+0000][113.044s][gc,phases   ] GC(61)   Merge Heap Roots: 3.66ms
[2026-05-23T04:49:23.599+0000][113.044s][gc,phases   ] GC(61)   Evacuate Collection Set: 209.63ms
[2026-05-23T04:49:23.599+0000][113.044s][gc,phases   ] GC(61)   Post Evacuate Collection Set: 3.09ms
[2026-05-23T04:49:23.599+0000][113.044s][gc,phases   ] GC(61)   Other: 0.15ms
[2026-05-23T04:49:23.599+0000][113.044s][gc,heap     ] GC(61) Eden regions: 42->0(45)
[2026-05-23T04:49:23.599+0000][113.044s][gc,heap     ] GC(61) Survivor regions: 6->6(6)
[2026-05-23T04:49:23.599+0000][113.044s][gc,heap     ] GC(61) Old regions: 240->246
[2026-05-23T04:49:23.599+0000][113.044s][gc,heap     ] GC(61) Archive regions: 2->2
[2026-05-23T04:49:23.599+0000][113.044s][gc,heap     ] GC(61) Humongous regions: 0->0
[2026-05-23T04:49:23.599+0000][113.044s][gc,metaspace] GC(61) Metaspace: 38486K(38912K)->38486K(38912K) NonClass: 34212K(34432K)->34212K(34432K) Class: 4274K(4480K)->4274K(4480K)
[2026-05-23T04:49:23.599+0000][113.044s][gc          ] GC(61) Pause Young (Normal) (G1 Evacuation Pause) 4623M->4039M(16608M) 216.731ms
[2026-05-23T04:49:23.599+0000][113.044s][gc,cpu      ] GC(61) User=0.83s Sys=0.01s Real=0.22s
[2026-05-23T04:49:26.990+0000][116.435s][gc,start    ] GC(62) Pause Young (Normal) (G1 Evacuation Pause)
[2026-05-23T04:49:26.990+0000][116.435s][gc,task     ] GC(62) Using 4 workers of 4 for evacuation
[2026-05-23T04:49:27.155+0000][116.601s][gc,phases   ] GC(62)   Pre Evacuate Collection Set: 0.14ms
[2026-05-23T04:49:27.155+0000][116.601s][gc,phases   ] GC(62)   Merge Heap Roots: 2.05ms
[2026-05-23T04:49:27.155+0000][116.601s][gc,phases   ] GC(62)   Evacuate Collection Set: 162.47ms
[2026-05-23T04:49:27.155+0000][116.601s][gc,phases   ] GC(62)   Post Evacuate Collection Set: 0.54ms
[2026-05-23T04:49:27.155+0000][116.601s][gc,phases   ] GC(62)   Other: 0.16ms
[2026-05-23T04:49:27.155+0000][116.601s][gc,heap     ] GC(62) Eden regions: 45->0(44)
[2026-05-23T04:49:27.155+0000][116.601s][gc,heap     ] GC(62) Survivor regions: 6->7(7)
[2026-05-23T04:49:27.155+0000][116.601s][gc,heap     ] GC(62) Old regions: 246->248
[2026-05-23T04:49:27.155+0000][116.601s][gc,heap     ] GC(62) Archive regions: 2->2
[2026-05-23T04:49:27.155+0000][116.601s][gc,heap     ] GC(62) Humongous regions: 0->0
[2026-05-23T04:49:27.155+0000][116.601s][gc,metaspace] GC(62) Metaspace: 38500K(38976K)->38500K(38976K) NonClass: 34226K(34496K)->34226K(34496K) Class: 4274K(4480K)->4274K(4480K)
[2026-05-23T04:49:27.155+0000][116.601s][gc          ] GC(62) Pause Young (Normal) (G1 Evacuation Pause) 4759M->4093M(16608M) 165.439ms
[2026-05-23T04:49:27.155+0000][116.601s][gc,cpu      ] GC(62) User=0.63s Sys=0.02s Real=0.16s
[2026-05-23T04:49:28.805+0000][118.250s][gc,start    ] GC(63) Pause Young (Normal) (G1 Evacuation Pause)
[2026-05-23T04:49:28.805+0000][118.250s][gc,task     ] GC(63) Using 4 workers of 4 for evacuation
[2026-05-23T04:49:29.128+0000][118.574s][gc,mmu      ] GC(63) MMU target violated: 201.0ms (200.0ms/201.0ms)
[2026-05-23T04:49:29.128+0000][118.574s][gc,phases   ] GC(63)   Pre Evacuate Collection Set: 0.12ms
[2026-05-23T04:49:29.128+0000][118.574s][gc,phases   ] GC(63)   Merge Heap Roots: 0.36ms
[2026-05-23T04:49:29.128+0000][118.574s][gc,phases   ] GC(63)   Evacuate Collection Set: 321.42ms
[2026-05-23T04:49:29.128+0000][118.574s][gc,phases   ] GC(63)   Post Evacuate Collection Set: 0.78ms
[2026-05-23T04:49:29.128+0000][118.574s][gc,phases   ] GC(63)   Other: 0.51ms
[2026-05-23T04:49:29.128+0000][118.574s][gc,heap     ] GC(63) Eden regions: 44->0(44)
[2026-05-23T04:49:29.128+0000][118.574s][gc,heap     ] GC(63) Survivor regions: 7->7(7)
[2026-05-23T04:49:29.128+0000][118.574s][gc,heap     ] GC(63) Old regions: 248->258
[2026-05-23T04:49:29.128+0000][118.574s][gc,heap     ] GC(63) Archive regions: 2->2
[2026-05-23T04:49:29.128+0000][118.574s][gc,heap     ] GC(63) Humongous regions: 0->0
[2026-05-23T04:49:29.128+0000][118.574s][gc,metaspace] GC(63) Metaspace: 38500K(38976K)->38500K(38976K) NonClass: 34226K(34496K)->34226K(34496K) Class: 4274K(4480K)->4274K(4480K)
[2026-05-23T04:49:29.128+0000][118.574s][gc          ] GC(63) Pause Young (Normal) (G1 Evacuation Pause) 4797M->4246M(16608M) 323.247ms
[2026-05-23T04:49:29.128+0000][118.574s][gc,cpu      ] GC(63) User=1.24s Sys=0.03s Real=0.32s
[2026-05-23T04:49:32.866+0000][122.311s][gc,start    ] GC(64) Pause Young (Normal) (G1 Evacuation Pause)
[2026-05-23T04:49:32.866+0000][122.311s][gc,task     ] GC(64) Using 4 workers of 4 for evacuation
[2026-05-23T04:49:33.087+0000][122.533s][gc,mmu      ] GC(64) MMU target violated: 201.0ms (200.0ms/201.0ms)
[2026-05-23T04:49:33.087+0000][122.533s][gc,phases   ] GC(64)   Pre Evacuate Collection Set: 0.13ms
[2026-05-23T04:49:33.087+0000][122.533s][gc,phases   ] GC(64)   Merge Heap Roots: 2.25ms
[2026-05-23T04:49:33.087+0000][122.533s][gc,phases   ] GC(64)   Evacuate Collection Set: 218.32ms
[2026-05-23T04:49:33.087+0000][122.533s][gc,phases   ] GC(64)   Post Evacuate Collection Set: 0.69ms
[2026-05-23T04:49:33.087+0000][122.533s][gc,phases   ] GC(64)   Other: 0.16ms
[2026-05-23T04:49:33.087+0000][122.533s][gc,heap     ] GC(64) Eden regions: 44->0(44)
[2026-05-23T04:49:33.087+0000][122.533s][gc,heap     ] GC(64) Survivor regions: 7->7(7)
[2026-05-23T04:49:33.087+0000][122.533s][gc,heap     ] GC(64) Old regions: 258->263
[2026-05-23T04:49:33.087+0000][122.533s][gc,heap     ] GC(64) Archive regions: 2->2
[2026-05-23T04:49:33.087+0000][122.533s][gc,heap     ] GC(64) Humongous regions: 0->0
[2026-05-23T04:49:33.087+0000][122.533s][gc,metaspace] GC(64) Metaspace: 38500K(38976K)->38500K(38976K) NonClass: 34226K(34496K)->34226K(34496K) Class: 4274K(4480K)->4274K(4480K)
[2026-05-23T04:49:33.087+0000][122.533s][gc          ] GC(64) Pause Young (Normal) (G1 Evacuation Pause) 4950M->4335M(16608M) 221.592ms
[2026-05-23T04:49:33.087+0000][122.533s][gc,cpu      ] GC(64) User=0.87s Sys=0.01s Real=0.22s
[2026-05-23T04:49:36.228+0000][125.674s][gc,start    ] GC(65) Pause Young (Normal) (G1 Evacuation Pause)
[2026-05-23T04:49:36.228+0000][125.674s][gc,task     ] GC(65) Using 4 workers of 4 for evacuation
[2026-05-23T04:49:36.386+0000][125.832s][gc,phases   ] GC(65)   Pre Evacuate Collection Set: 0.14ms
[2026-05-23T04:49:36.386+0000][125.832s][gc,phases   ] GC(65)   Merge Heap Roots: 1.21ms
[2026-05-23T04:49:36.386+0000][125.832s][gc,phases   ] GC(65)   Evacuate Collection Set: 155.37ms
[2026-05-23T04:49:36.386+0000][125.832s][gc,phases   ] GC(65)   Post Evacuate Collection Set: 0.65ms
[2026-05-23T04:49:36.386+0000][125.832s][gc,phases   ] GC(65)   Other: 0.10ms
[2026-05-23T04:49:36.386+0000][125.832s][gc,heap     ] GC(65) Eden regions: 44->0(44)
[2026-05-23T04:49:36.386+0000][125.832s][gc,heap     ] GC(65) Survivor regions: 7->7(7)
[2026-05-23T04:49:36.386+0000][125.832s][gc,heap     ] GC(65) Old regions: 263->267
[2026-05-23T04:49:36.386+0000][125.832s][gc,heap     ] GC(65) Archive regions: 2->2
[2026-05-23T04:49:36.386+0000][125.832s][gc,heap     ] GC(65) Humongous regions: 0->0
[2026-05-23T04:49:36.386+0000][125.832s][gc,metaspace] GC(65) Metaspace: 38501K(38976K)->38501K(38976K) NonClass: 34227K(34496K)->34227K(34496K) Class: 4274K(4480K)->4274K(4480K)
[2026-05-23T04:49:36.386+0000][125.832s][gc          ] GC(65) Pause Young (Normal) (G1 Evacuation Pause) 5039M->4393M(16608M) 157.562ms
[2026-05-23T04:49:36.386+0000][125.832s][gc,cpu      ] GC(65) User=0.62s Sys=0.00s Real=0.16s
[2026-05-23T04:49:38.000+0000][127.446s][gc,start    ] GC(66) Pause Young (Normal) (G1 Evacuation Pause)
[2026-05-23T04:49:38.000+0000][127.446s][gc,task     ] GC(66) Using 4 workers of 4 for evacuation
[2026-05-23T04:49:38.279+0000][127.724s][gc,mmu      ] GC(66) MMU target violated: 201.0ms (200.0ms/201.0ms)
[2026-05-23T04:49:38.279+0000][127.724s][gc,phases   ] GC(66)   Pre Evacuate Collection Set: 0.10ms
[2026-05-23T04:49:38.279+0000][127.724s][gc,phases   ] GC(66)   Merge Heap Roots: 1.03ms
[2026-05-23T04:49:38.279+0000][127.724s][gc,phases   ] GC(66)   Evacuate Collection Set: 276.32ms
[2026-05-23T04:49:38.279+0000][127.724s][gc,phases   ] GC(66)   Post Evacuate Collection Set: 0.85ms
[2026-05-23T04:49:38.279+0000][127.724s][gc,phases   ] GC(66)   Other: 0.17ms
[2026-05-23T04:49:38.279+0000][127.724s][gc,heap     ] GC(66) Eden regions: 44->0(44)
[2026-05-23T04:49:38.279+0000][127.724s][gc,heap     ] GC(66) Survivor regions: 7->7(7)
[2026-05-23T04:49:38.279+0000][127.724s][gc,heap     ] GC(66) Old regions: 267->278
[2026-05-23T04:49:38.279+0000][127.724s][gc,heap     ] GC(66) Archive regions: 2->2
[2026-05-23T04:49:38.279+0000][127.724s][gc,heap     ] GC(66) Humongous regions: 0->0
[2026-05-23T04:49:38.279+0000][127.724s][gc,metaspace] GC(66) Metaspace: 38501K(38976K)->38501K(38976K) NonClass: 34227K(34496K)->34227K(34496K) Class: 4274K(4480K)->4274K(4480K)
[2026-05-23T04:49:38.279+0000][127.724s][gc          ] GC(66) Pause Young (Normal) (G1 Evacuation Pause) 5097M->4569M(16608M) 278.530ms
[2026-05-23T04:49:38.279+0000][127.724s][gc,cpu      ] GC(66) User=1.09s Sys=0.00s Real=0.28s
[2026-05-23T04:49:41.516+0000][130.961s][gc,start    ] GC(67) Pause Young (Normal) (G1 Evacuation Pause)
[2026-05-23T04:49:41.516+0000][130.962s][gc,task     ] GC(67) Using 4 workers of 4 for evacuation
[2026-05-23T04:49:41.796+0000][131.242s][gc,mmu      ] GC(67) MMU target violated: 201.0ms (200.0ms/201.0ms)
[2026-05-23T04:49:41.796+0000][131.242s][gc,phases   ] GC(67)   Pre Evacuate Collection Set: 0.12ms
[2026-05-23T04:49:41.797+0000][131.242s][gc,phases   ] GC(67)   Merge Heap Roots: 3.19ms
[2026-05-23T04:49:41.797+0000][131.242s][gc,phases   ] GC(67)   Evacuate Collection Set: 276.40ms
[2026-05-23T04:49:41.797+0000][131.242s][gc,phases   ] GC(67)   Post Evacuate Collection Set: 0.84ms
[2026-05-23T04:49:41.797+0000][131.242s][gc,phases   ] GC(67)   Other: 0.18ms
[2026-05-23T04:49:41.797+0000][131.242s][gc,heap     ] GC(67) Eden regions: 44->0(44)
[2026-05-23T04:49:41.797+0000][131.242s][gc,heap     ] GC(67) Survivor regions: 7->7(7)
[2026-05-23T04:49:41.797+0000][131.242s][gc,heap     ] GC(67) Old regions: 278->287
[2026-05-23T04:49:41.797+0000][131.242s][gc,heap     ] GC(67) Archive regions: 2->2
[2026-05-23T04:49:41.797+0000][131.242s][gc,heap     ] GC(67) Humongous regions: 0->0
[2026-05-23T04:49:41.797+0000][131.242s][gc,metaspace] GC(67) Metaspace: 38516K(38976K)->38516K(38976K) NonClass: 34242K(34496K)->34242K(34496K) Class: 4274K(4480K)->4274K(4480K)
[2026-05-23T04:49:41.797+0000][131.242s][gc          ] GC(67) Pause Young (Normal) (G1 Evacuation Pause) 5273M->4719M(16608M) 280.802ms
[2026-05-23T04:49:41.797+0000][131.242s][gc,cpu      ] GC(67) User=1.10s Sys=0.01s Real=0.28s
[2026-05-23T04:49:46.237+0000][135.683s][gc,start    ] GC(68) Pause Young (Normal) (G1 Evacuation Pause)
[2026-05-23T04:49:46.237+0000][135.683s][gc,task     ] GC(68) Using 4 workers of 4 for evacuation
[2026-05-23T04:49:46.455+0000][135.901s][gc,mmu      ] GC(68) MMU target violated: 201.0ms (200.0ms/201.0ms)
[2026-05-23T04:49:46.455+0000][135.901s][gc,phases   ] GC(68)   Pre Evacuate Collection Set: 0.11ms
[2026-05-23T04:49:46.455+0000][135.901s][gc,phases   ] GC(68)   Merge Heap Roots: 3.17ms
[2026-05-23T04:49:46.455+0000][135.901s][gc,phases   ] GC(68)   Evacuate Collection Set: 213.96ms
[2026-05-23T04:49:46.455+0000][135.901s][gc,phases   ] GC(68)   Post Evacuate Collection Set: 0.74ms
[2026-05-23T04:49:46.455+0000][135.901s][gc,phases   ] GC(68)   Other: 0.59ms
[2026-05-23T04:49:46.455+0000][135.901s][gc,heap     ] GC(68) Eden regions: 44->0(44)
[2026-05-23T04:49:46.455+0000][135.901s][gc,heap     ] GC(68) Survivor regions: 7->7(7)
[2026-05-23T04:49:46.455+0000][135.901s][gc,heap     ] GC(68) Old regions: 287->292
[2026-05-23T04:49:46.455+0000][135.901s][gc,heap     ] GC(68) Archive regions: 2->2
[2026-05-23T04:49:46.455+0000][135.901s][gc,heap     ] GC(68) Humongous regions: 0->0
[2026-05-23T04:49:46.455+0000][135.901s][gc,metaspace] GC(68) Metaspace: 38522K(38976K)->38522K(38976K) NonClass: 34248K(34496K)->34248K(34496K) Class: 4274K(4480K)->4274K(4480K)
[2026-05-23T04:49:46.455+0000][135.901s][gc          ] GC(68) Pause Young (Normal) (G1 Evacuation Pause) 5423M->4797M(16608M) 218.624ms
[2026-05-23T04:49:46.455+0000][135.901s][gc,cpu      ] GC(68) User=0.85s Sys=0.02s Real=0.22s
[2026-05-23T04:49:48.521+0000][137.967s][gc,start    ] GC(69) Pause Young (Normal) (G1 Evacuation Pause)
[2026-05-23T04:49:48.521+0000][137.967s][gc,task     ] GC(69) Using 4 workers of 4 for evacuation
[2026-05-23T04:49:48.766+0000][138.212s][gc,mmu      ] GC(69) MMU target violated: 201.0ms (200.0ms/201.0ms)
[2026-05-23T04:49:48.766+0000][138.212s][gc,phases   ] GC(69)   Pre Evacuate Collection Set: 0.12ms
[2026-05-23T04:49:48.766+0000][138.212s][gc,phases   ] GC(69)   Merge Heap Roots: 1.03ms
[2026-05-23T04:49:48.766+0000][138.212s][gc,phases   ] GC(69)   Evacuate Collection Set: 242.25ms
[2026-05-23T04:49:48.766+0000][138.212s][gc,phases   ] GC(69)   Post Evacuate Collection Set: 0.81ms
[2026-05-23T04:49:48.766+0000][138.212s][gc,phases   ] GC(69)   Other: 0.55ms
[2026-05-23T04:49:48.766+0000][138.212s][gc,heap     ] GC(69) Eden regions: 44->0(44)
[2026-05-23T04:49:48.766+0000][138.212s][gc,heap     ] GC(69) Survivor regions: 7->7(7)
[2026-05-23T04:49:48.766+0000][138.212s][gc,heap     ] GC(69) Old regions: 292->300
[2026-05-23T04:49:48.766+0000][138.212s][gc,heap     ] GC(69) Archive regions: 2->2
[2026-05-23T04:49:48.766+0000][138.212s][gc,heap     ] GC(69) Humongous regions: 0->0
[2026-05-23T04:49:48.766+0000][138.212s][gc,metaspace] GC(69) Metaspace: 38522K(38976K)->38522K(38976K) NonClass: 34248K(34496K)->34248K(34496K) Class: 4274K(4480K)->4274K(4480K)
[2026-05-23T04:49:48.766+0000][138.212s][gc          ] GC(69) Pause Young (Normal) (G1 Evacuation Pause) 5501M->4920M(16608M) 244.823ms
[2026-05-23T04:49:48.766+0000][138.212s][gc,cpu      ] GC(69) User=0.94s Sys=0.02s Real=0.24s
[2026-05-23T04:49:53.270+0000][142.716s][gc,start    ] GC(70) Pause Young (Normal) (G1 Evacuation Pause)
[2026-05-23T04:49:53.270+0000][142.716s][gc,task     ] GC(70) Using 4 workers of 4 for evacuation
[2026-05-23T04:49:53.445+0000][142.891s][gc,phases   ] GC(70)   Pre Evacuate Collection Set: 0.13ms
[2026-05-23T04:49:53.445+0000][142.891s][gc,phases   ] GC(70)   Merge Heap Roots: 1.68ms
[2026-05-23T04:49:53.445+0000][142.891s][gc,phases   ] GC(70)   Evacuate Collection Set: 170.20ms
[2026-05-23T04:49:53.445+0000][142.891s][gc,phases   ] GC(70)   Post Evacuate Collection Set: 2.61ms
[2026-05-23T04:49:53.445+0000][142.891s][gc,phases   ] GC(70)   Other: 0.49ms
[2026-05-23T04:49:53.445+0000][142.891s][gc,heap     ] GC(70) Eden regions: 44->0(48)
[2026-05-23T04:49:53.445+0000][142.891s][gc,heap     ] GC(70) Survivor regions: 7->7(7)
[2026-05-23T04:49:53.445+0000][142.891s][gc,heap     ] GC(70) Old regions: 300->303
[2026-05-23T04:49:53.445+0000][142.891s][gc,heap     ] GC(70) Archive regions: 2->2
[2026-05-23T04:49:53.445+0000][142.891s][gc,heap     ] GC(70) Humongous regions: 0->0
[2026-05-23T04:49:53.445+0000][142.891s][gc,metaspace] GC(70) Metaspace: 38526K(38976K)->38526K(38976K) NonClass: 34252K(34496K)->34252K(34496K) Class: 4274K(4480K)->4274K(4480K)
[2026-05-23T04:49:53.445+0000][142.891s][gc          ] GC(70) Pause Young (Normal) (G1 Evacuation Pause) 5624M->4965M(17600M) 175.192ms
[2026-05-23T04:49:53.445+0000][142.891s][gc,cpu      ] GC(70) User=0.67s Sys=0.01s Real=0.17s
[2026-05-23T04:49:56.537+0000][145.983s][gc,start    ] GC(71) Pause Young (Normal) (G1 Evacuation Pause)
[2026-05-23T04:49:56.537+0000][145.983s][gc,task     ] GC(71) Using 4 workers of 4 for evacuation
[2026-05-23T04:49:56.778+0000][146.224s][gc,mmu      ] GC(71) MMU target violated: 201.0ms (200.0ms/201.0ms)
[2026-05-23T04:49:56.778+0000][146.224s][gc,phases   ] GC(71)   Pre Evacuate Collection Set: 0.18ms
[2026-05-23T04:49:56.778+0000][146.224s][gc,phases   ] GC(71)   Merge Heap Roots: 0.99ms
[2026-05-23T04:49:56.778+0000][146.224s][gc,phases   ] GC(71)   Evacuate Collection Set: 238.96ms
[2026-05-23T04:49:56.778+0000][146.224s][gc,phases   ] GC(71)   Post Evacuate Collection Set: 0.70ms
[2026-05-23T04:49:56.778+0000][146.224s][gc,phases   ] GC(71)   Other: 0.17ms
[2026-05-23T04:49:56.778+0000][146.224s][gc,heap     ] GC(71) Eden regions: 48->0(48)
[2026-05-23T04:49:56.778+0000][146.224s][gc,heap     ] GC(71) Survivor regions: 7->7(7)
[2026-05-23T04:49:56.778+0000][146.224s][gc,heap     ] GC(71) Old regions: 303->310
[2026-05-23T04:49:56.778+0000][146.224s][gc,heap     ] GC(71) Archive regions: 2->2
[2026-05-23T04:49:56.778+0000][146.224s][gc,heap     ] GC(71) Humongous regions: 0->0
[2026-05-23T04:49:56.778+0000][146.224s][gc,metaspace] GC(71) Metaspace: 38526K(38976K)->38526K(38976K) NonClass: 34252K(34496K)->34252K(34496K) Class: 4274K(4480K)->4274K(4480K)
[2026-05-23T04:49:56.778+0000][146.224s][gc          ] GC(71) Pause Young (Normal) (G1 Evacuation Pause) 5733M->5074M(17600M) 241.055ms
[2026-05-23T04:49:56.778+0000][146.224s][gc,cpu      ] GC(71) User=0.89s Sys=0.05s Real=0.24s
[2026-05-23T04:49:58.844+0000][148.290s][gc,start    ] GC(72) Pause Young (Normal) (G1 Evacuation Pause)
[2026-05-23T04:49:58.844+0000][148.290s][gc,task     ] GC(72) Using 4 workers of 4 for evacuation
[2026-05-23T04:49:59.141+0000][148.587s][gc,mmu      ] GC(72) MMU target violated: 201.0ms (200.0ms/201.0ms)
[2026-05-23T04:49:59.141+0000][148.587s][gc,phases   ] GC(72)   Pre Evacuate Collection Set: 0.12ms
[2026-05-23T04:49:59.141+0000][148.587s][gc,phases   ] GC(72)   Merge Heap Roots: 1.72ms
[2026-05-23T04:49:59.141+0000][148.587s][gc,phases   ] GC(72)   Evacuate Collection Set: 294.13ms
[2026-05-23T04:49:59.141+0000][148.587s][gc,phases   ] GC(72)   Post Evacuate Collection Set: 0.86ms
[2026-05-23T04:49:59.141+0000][148.587s][gc,phases   ] GC(72)   Other: 0.18ms
[2026-05-23T04:49:59.141+0000][148.587s][gc,heap     ] GC(72) Eden regions: 48->0(48)
[2026-05-23T04:49:59.141+0000][148.587s][gc,heap     ] GC(72) Survivor regions: 7->7(7)
[2026-05-23T04:49:59.141+0000][148.587s][gc,heap     ] GC(72) Old regions: 310->319
[2026-05-23T04:49:59.141+0000][148.587s][gc,heap     ] GC(72) Archive regions: 2->2
[2026-05-23T04:49:59.141+0000][148.587s][gc,heap     ] GC(72) Humongous regions: 0->0
[2026-05-23T04:49:59.141+0000][148.587s][gc,metaspace] GC(72) Metaspace: 38526K(38976K)->38526K(38976K) NonClass: 34252K(34496K)->34252K(34496K) Class: 4274K(4480K)->4274K(4480K)
[2026-05-23T04:49:59.141+0000][148.587s][gc          ] GC(72) Pause Young (Normal) (G1 Evacuation Pause) 5842M->5231M(17600M) 297.069ms
[2026-05-23T04:49:59.141+0000][148.587s][gc,cpu      ] GC(72) User=1.11s Sys=0.07s Real=0.30s
[2026-05-23T04:50:02.806+0000][152.252s][gc,start    ] GC(73) Pause Young (Normal) (G1 Evacuation Pause)
[2026-05-23T04:50:02.806+0000][152.252s][gc,task     ] GC(73) Using 4 workers of 4 for evacuation
[2026-05-23T04:50:03.089+0000][152.534s][gc,mmu      ] GC(73) MMU target violated: 201.0ms (200.0ms/201.0ms)
[2026-05-23T04:50:03.089+0000][152.535s][gc,phases   ] GC(73)   Pre Evacuate Collection Set: 0.14ms
[2026-05-23T04:50:03.089+0000][152.535s][gc,phases   ] GC(73)   Merge Heap Roots: 2.91ms
[2026-05-23T04:50:03.089+0000][152.535s][gc,phases   ] GC(73)   Evacuate Collection Set: 278.62ms
[2026-05-23T04:50:03.089+0000][152.535s][gc,phases   ] GC(73)   Post Evacuate Collection Set: 0.91ms
[2026-05-23T04:50:03.089+0000][152.535s][gc,phases   ] GC(73)   Other: 0.17ms
[2026-05-23T04:50:03.089+0000][152.535s][gc,heap     ] GC(73) Eden regions: 48->0(48)
[2026-05-23T04:50:03.089+0000][152.535s][gc,heap     ] GC(73) Survivor regions: 7->7(7)
[2026-05-23T04:50:03.089+0000][152.535s][gc,heap     ] GC(73) Old regions: 319->327
[2026-05-23T04:50:03.089+0000][152.535s][gc,heap     ] GC(73) Archive regions: 2->2
[2026-05-23T04:50:03.089+0000][152.535s][gc,heap     ] GC(73) Humongous regions: 0->0
[2026-05-23T04:50:03.089+0000][152.535s][gc,metaspace] GC(73) Metaspace: 38526K(38976K)->38526K(38976K) NonClass: 34252K(34496K)->34252K(34496K) Class: 4274K(4480K)->4274K(4480K)
[2026-05-23T04:50:03.089+0000][152.535s][gc          ] GC(73) Pause Young (Normal) (G1 Evacuation Pause) 5999M->5359M(17600M) 282.804ms
[2026-05-23T04:50:03.089+0000][152.535s][gc,cpu      ] GC(73) User=1.09s Sys=0.02s Real=0.29s
[2026-05-23T04:50:07.101+0000][156.547s][gc,start    ] GC(74) Pause Young (Normal) (G1 Evacuation Pause)
[2026-05-23T04:50:07.101+0000][156.547s][gc,task     ] GC(74) Using 4 workers of 4 for evacuation
[2026-05-23T04:50:07.365+0000][156.810s][gc,mmu      ] GC(74) MMU target violated: 201.0ms (200.0ms/201.0ms)
[2026-05-23T04:50:07.365+0000][156.810s][gc,phases   ] GC(74)   Pre Evacuate Collection Set: 0.12ms
[2026-05-23T04:50:07.365+0000][156.810s][gc,phases   ] GC(74)   Merge Heap Roots: 3.04ms
[2026-05-23T04:50:07.365+0000][156.810s][gc,phases   ] GC(74)   Evacuate Collection Set: 259.49ms
[2026-05-23T04:50:07.365+0000][156.810s][gc,phases   ] GC(74)   Post Evacuate Collection Set: 0.83ms
[2026-05-23T04:50:07.365+0000][156.810s][gc,phases   ] GC(74)   Other: 0.15ms
[2026-05-23T04:50:07.365+0000][156.810s][gc,heap     ] GC(74) Eden regions: 48->0(48)
[2026-05-23T04:50:07.365+0000][156.811s][gc,heap     ] GC(74) Survivor regions: 7->7(7)
[2026-05-23T04:50:07.365+0000][156.811s][gc,heap     ] GC(74) Old regions: 327->334
[2026-05-23T04:50:07.365+0000][156.811s][gc,heap     ] GC(74) Archive regions: 2->2
[2026-05-23T04:50:07.365+0000][156.811s][gc,heap     ] GC(74) Humongous regions: 0->0
[2026-05-23T04:50:07.365+0000][156.811s][gc,metaspace] GC(74) Metaspace: 38526K(38976K)->38526K(38976K) NonClass: 34252K(34496K)->34252K(34496K) Class: 4274K(4480K)->4274K(4480K)
[2026-05-23T04:50:07.365+0000][156.811s][gc          ] GC(74) Pause Young (Normal) (G1 Evacuation Pause) 6127M->5471M(17600M) 263.681ms
[2026-05-23T04:50:07.365+0000][156.811s][gc,cpu      ] GC(74) User=1.01s Sys=0.02s Real=0.26s
[2026-05-23T04:50:11.330+0000][160.776s][gc,start    ] GC(75) Pause Young (Normal) (G1 Evacuation Pause)
[2026-05-23T04:50:11.330+0000][160.776s][gc,task     ] GC(75) Using 4 workers of 4 for evacuation
[2026-05-23T04:50:11.597+0000][161.043s][gc,mmu      ] GC(75) MMU target violated: 201.0ms (200.0ms/201.0ms)
[2026-05-23T04:50:11.597+0000][161.043s][gc,phases   ] GC(75)   Pre Evacuate Collection Set: 0.13ms
[2026-05-23T04:50:11.597+0000][161.043s][gc,phases   ] GC(75)   Merge Heap Roots: 2.34ms
[2026-05-23T04:50:11.597+0000][161.043s][gc,phases   ] GC(75)   Evacuate Collection Set: 263.58ms
[2026-05-23T04:50:11.597+0000][161.043s][gc,phases   ] GC(75)   Post Evacuate Collection Set: 0.73ms
[2026-05-23T04:50:11.597+0000][161.043s][gc,phases   ] GC(75)   Other: 0.17ms
[2026-05-23T04:50:11.597+0000][161.043s][gc,heap     ] GC(75) Eden regions: 48->0(48)
[2026-05-23T04:50:11.597+0000][161.043s][gc,heap     ] GC(75) Survivor regions: 7->7(7)
[2026-05-23T04:50:11.597+0000][161.043s][gc,heap     ] GC(75) Old regions: 334->341
[2026-05-23T04:50:11.597+0000][161.043s][gc,heap     ] GC(75) Archive regions: 2->2
[2026-05-23T04:50:11.597+0000][161.043s][gc,heap     ] GC(75) Humongous regions: 0->0
[2026-05-23T04:50:11.597+0000][161.043s][gc,metaspace] GC(75) Metaspace: 38527K(38976K)->38527K(38976K) NonClass: 34252K(34496K)->34252K(34496K) Class: 4274K(4480K)->4274K(4480K)
[2026-05-23T04:50:11.597+0000][161.043s][gc          ] GC(75) Pause Young (Normal) (G1 Evacuation Pause) 6239M->5583M(17600M) 267.012ms
[2026-05-23T04:50:11.597+0000][161.043s][gc,cpu      ] GC(75) User=1.03s Sys=0.02s Real=0.26s
[2026-05-23T04:50:15.960+0000][165.406s][gc,start    ] GC(76) Pause Young (Normal) (G1 Evacuation Pause)
[2026-05-23T04:50:15.960+0000][165.406s][gc,task     ] GC(76) Using 4 workers of 4 for evacuation
[2026-05-23T04:50:16.162+0000][165.608s][gc,mmu      ] GC(76) MMU target violated: 201.0ms (200.0ms/201.0ms)
[2026-05-23T04:50:16.162+0000][165.608s][gc,phases   ] GC(76)   Pre Evacuate Collection Set: 0.13ms
[2026-05-23T04:50:16.162+0000][165.608s][gc,phases   ] GC(76)   Merge Heap Roots: 2.23ms
[2026-05-23T04:50:16.162+0000][165.608s][gc,phases   ] GC(76)   Evacuate Collection Set: 197.98ms
[2026-05-23T04:50:16.162+0000][165.608s][gc,phases   ] GC(76)   Post Evacuate Collection Set: 0.57ms
[2026-05-23T04:50:16.162+0000][165.608s][gc,phases   ] GC(76)   Other: 0.52ms
[2026-05-23T04:50:16.162+0000][165.608s][gc,heap     ] GC(76) Eden regions: 48->0(48)
[2026-05-23T04:50:16.162+0000][165.608s][gc,heap     ] GC(76) Survivor regions: 7->7(7)
[2026-05-23T04:50:16.162+0000][165.608s][gc,heap     ] GC(76) Old regions: 341->346
[2026-05-23T04:50:16.162+0000][165.608s][gc,heap     ] GC(76) Archive regions: 2->2
[2026-05-23T04:50:16.162+0000][165.608s][gc,heap     ] GC(76) Humongous regions: 0->0
[2026-05-23T04:50:16.162+0000][165.608s][gc,metaspace] GC(76) Metaspace: 38532K(38976K)->38532K(38976K) NonClass: 34257K(34496K)->34257K(34496K) Class: 4275K(4480K)->4275K(4480K)
[2026-05-23T04:50:16.162+0000][165.608s][gc          ] GC(76) Pause Young (Normal) (G1 Evacuation Pause) 6351M->5663M(17600M) 201.470ms
[2026-05-23T04:50:16.162+0000][165.608s][gc,cpu      ] GC(76) User=0.77s Sys=0.01s Real=0.20s
[2026-05-23T04:50:17.719+0000][167.165s][gc,start    ] GC(77) Pause Young (Normal) (G1 Evacuation Pause)
[2026-05-23T04:50:17.719+0000][167.165s][gc,task     ] GC(77) Using 4 workers of 4 for evacuation
[2026-05-23T04:50:18.393+0000][167.838s][gc,mmu      ] GC(77) MMU target violated: 201.0ms (200.0ms/201.0ms)
[2026-05-23T04:50:18.393+0000][167.838s][gc,phases   ] GC(77)   Pre Evacuate Collection Set: 0.13ms
[2026-05-23T04:50:18.393+0000][167.838s][gc,phases   ] GC(77)   Merge Heap Roots: 0.50ms
[2026-05-23T04:50:18.393+0000][167.838s][gc,phases   ] GC(77)   Evacuate Collection Set: 672.10ms
[2026-05-23T04:50:18.393+0000][167.838s][gc,phases   ] GC(77)   Post Evacuate Collection Set: 0.81ms
[2026-05-23T04:50:18.393+0000][167.838s][gc,phases   ] GC(77)   Other: 0.19ms
[2026-05-23T04:50:18.393+0000][167.838s][gc,heap     ] GC(77) Eden regions: 48->0(48)
[2026-05-23T04:50:18.393+0000][167.838s][gc,heap     ] GC(77) Survivor regions: 7->7(7)
[2026-05-23T04:50:18.393+0000][167.838s][gc,heap     ] GC(77) Old regions: 346->360
[2026-05-23T04:50:18.393+0000][167.838s][gc,heap     ] GC(77) Archive regions: 2->2
[2026-05-23T04:50:18.393+0000][167.838s][gc,heap     ] GC(77) Humongous regions: 0->0
[2026-05-23T04:50:18.393+0000][167.838s][gc,metaspace] GC(77) Metaspace: 38532K(38976K)->38532K(38976K) NonClass: 34257K(34496K)->34257K(34496K) Class: 4275K(4480K)->4275K(4480K)
[2026-05-23T04:50:18.393+0000][167.838s][gc          ] GC(77) Pause Young (Normal) (G1 Evacuation Pause) 6431M->5879M(17600M) 673.783ms
[2026-05-23T04:50:18.393+0000][167.838s][gc,cpu      ] GC(77) User=2.60s Sys=0.06s Real=0.67s
[2026-05-23T04:50:22.918+0000][172.364s][gc,start    ] GC(78) Pause Young (Normal) (G1 Evacuation Pause)
[2026-05-23T04:50:22.918+0000][172.364s][gc,task     ] GC(78) Using 4 workers of 4 for evacuation
[2026-05-23T04:50:23.168+0000][172.614s][gc,mmu      ] GC(78) MMU target violated: 201.0ms (200.0ms/201.0ms)
[2026-05-23T04:50:23.168+0000][172.614s][gc,phases   ] GC(78)   Pre Evacuate Collection Set: 0.13ms
[2026-05-23T04:50:23.168+0000][172.614s][gc,phases   ] GC(78)   Merge Heap Roots: 3.88ms
[2026-05-23T04:50:23.168+0000][172.614s][gc,phases   ] GC(78)   Evacuate Collection Set: 245.30ms
[2026-05-23T04:50:23.168+0000][172.614s][gc,phases   ] GC(78)   Post Evacuate Collection Set: 0.54ms
[2026-05-23T04:50:23.168+0000][172.614s][gc,phases   ] GC(78)   Other: 0.15ms
[2026-05-23T04:50:23.168+0000][172.614s][gc,heap     ] GC(78) Eden regions: 48->0(48)
[2026-05-23T04:50:23.168+0000][172.614s][gc,heap     ] GC(78) Survivor regions: 7->7(7)
[2026-05-23T04:50:23.168+0000][172.614s][gc,heap     ] GC(78) Old regions: 360->366
[2026-05-23T04:50:23.168+0000][172.614s][gc,heap     ] GC(78) Archive regions: 2->2
[2026-05-23T04:50:23.168+0000][172.614s][gc,heap     ] GC(78) Humongous regions: 0->0
[2026-05-23T04:50:23.168+0000][172.614s][gc,metaspace] GC(78) Metaspace: 38532K(38976K)->38532K(38976K) NonClass: 34257K(34496K)->34257K(34496K) Class: 4275K(4480K)->4275K(4480K)
[2026-05-23T04:50:23.168+0000][172.614s][gc          ] GC(78) Pause Young (Normal) (G1 Evacuation Pause) 6647M->5983M(17600M) 250.041ms
[2026-05-23T04:50:23.168+0000][172.614s][gc,cpu      ] GC(78) User=0.97s Sys=0.02s Real=0.25s
[2026-05-23T04:50:26.623+0000][176.069s][gc,start    ] GC(79) Pause Young (Normal) (G1 Evacuation Pause)
[2026-05-23T04:50:26.623+0000][176.069s][gc,task     ] GC(79) Using 4 workers of 4 for evacuation
[2026-05-23T04:50:26.713+0000][176.159s][gc,phases   ] GC(79)   Pre Evacuate Collection Set: 0.13ms
[2026-05-23T04:50:26.713+0000][176.159s][gc,phases   ] GC(79)   Merge Heap Roots: 0.45ms
[2026-05-23T04:50:26.713+0000][176.159s][gc,phases   ] GC(79)   Evacuate Collection Set: 88.25ms
[2026-05-23T04:50:26.713+0000][176.159s][gc,phases   ] GC(79)   Post Evacuate Collection Set: 0.58ms
[2026-05-23T04:50:26.713+0000][176.159s][gc,phases   ] GC(79)   Other: 0.46ms
[2026-05-23T04:50:26.713+0000][176.159s][gc,heap     ] GC(79) Eden regions: 48->0(53)
[2026-05-23T04:50:26.713+0000][176.159s][gc,heap     ] GC(79) Survivor regions: 7->2(7)
[2026-05-23T04:50:26.713+0000][176.159s][gc,heap     ] GC(79) Old regions: 366->368
[2026-05-23T04:50:26.713+0000][176.159s][gc,heap     ] GC(79) Archive regions: 2->2
[2026-05-23T04:50:26.713+0000][176.159s][gc,heap     ] GC(79) Humongous regions: 0->0
[2026-05-23T04:50:26.713+0000][176.159s][gc,metaspace] GC(79) Metaspace: 38532K(38976K)->38532K(38976K) NonClass: 34257K(34496K)->34257K(34496K) Class: 4275K(4480K)->4275K(4480K)
[2026-05-23T04:50:26.713+0000][176.159s][gc          ] GC(79) Pause Young (Normal) (G1 Evacuation Pause) 6751M->5930M(17600M) 89.961ms
[2026-05-23T04:50:26.713+0000][176.159s][gc,cpu      ] GC(79) User=0.33s Sys=0.00s Real=0.09s
[2026-05-23T04:50:29.837+0000][179.283s][gc,start    ] GC(80) Pause Young (Normal) (G1 Evacuation Pause)
[2026-05-23T04:50:29.837+0000][179.283s][gc,task     ] GC(80) Using 4 workers of 4 for evacuation
[2026-05-23T04:50:29.921+0000][179.367s][gc,phases   ] GC(80)   Pre Evacuate Collection Set: 0.13ms
[2026-05-23T04:50:29.921+0000][179.367s][gc,phases   ] GC(80)   Merge Heap Roots: 0.29ms
[2026-05-23T04:50:29.921+0000][179.367s][gc,phases   ] GC(80)   Evacuate Collection Set: 82.75ms
[2026-05-23T04:50:29.921+0000][179.367s][gc,phases   ] GC(80)   Post Evacuate Collection Set: 0.48ms
[2026-05-23T04:50:29.921+0000][179.367s][gc,phases   ] GC(80)   Other: 0.10ms
[2026-05-23T04:50:29.921+0000][179.367s][gc,heap     ] GC(80) Eden regions: 53->0(50)
[2026-05-23T04:50:29.921+0000][179.367s][gc,heap     ] GC(80) Survivor regions: 2->5(7)
[2026-05-23T04:50:29.921+0000][179.367s][gc,heap     ] GC(80) Old regions: 368->368
[2026-05-23T04:50:29.921+0000][179.367s][gc,heap     ] GC(80) Archive regions: 2->2
[2026-05-23T04:50:29.921+0000][179.367s][gc,heap     ] GC(80) Humongous regions: 0->0
[2026-05-23T04:50:29.921+0000][179.367s][gc,metaspace] GC(80) Metaspace: 38535K(38976K)->38535K(38976K) NonClass: 34260K(34496K)->34260K(34496K) Class: 4275K(4480K)->4275K(4480K)
[2026-05-23T04:50:29.921+0000][179.367s][gc          ] GC(80) Pause Young (Normal) (G1 Evacuation Pause) 6778M->5974M(17600M) 83.854ms
[2026-05-23T04:50:29.921+0000][179.367s][gc,cpu      ] GC(80) User=0.32s Sys=0.00s Real=0.09s
[2026-05-23T04:50:32.858+0000][182.304s][gc,start    ] GC(81) Pause Young (Normal) (G1 Evacuation Pause)
[2026-05-23T04:50:32.858+0000][182.304s][gc,task     ] GC(81) Using 4 workers of 4 for evacuation
[2026-05-23T04:50:32.936+0000][182.382s][gc,phases   ] GC(81)   Pre Evacuate Collection Set: 0.12ms
[2026-05-23T04:50:32.936+0000][182.382s][gc,phases   ] GC(81)   Merge Heap Roots: 0.26ms
[2026-05-23T04:50:32.936+0000][182.382s][gc,phases   ] GC(81)   Evacuate Collection Set: 77.59ms
[2026-05-23T04:50:32.936+0000][182.382s][gc,phases   ] GC(81)   Post Evacuate Collection Set: 0.43ms
[2026-05-23T04:50:32.936+0000][182.382s][gc,phases   ] GC(81)   Other: 0.13ms
[2026-05-23T04:50:32.936+0000][182.382s][gc,heap     ] GC(81) Eden regions: 50->0(51)
[2026-05-23T04:50:32.936+0000][182.382s][gc,heap     ] GC(81) Survivor regions: 5->4(7)
[2026-05-23T04:50:32.936+0000][182.382s][gc,heap     ] GC(81) Old regions: 368->370
[2026-05-23T04:50:32.936+0000][182.382s][gc,heap     ] GC(81) Archive regions: 2->2
[2026-05-23T04:50:32.936+0000][182.382s][gc,heap     ] GC(81) Humongous regions: 0->0
[2026-05-23T04:50:32.936+0000][182.382s][gc,metaspace] GC(81) Metaspace: 38535K(38976K)->38535K(38976K) NonClass: 34260K(34496K)->34260K(34496K) Class: 4275K(4480K)->4275K(4480K)
[2026-05-23T04:50:32.937+0000][182.382s][gc          ] GC(81) Pause Young (Normal) (G1 Evacuation Pause) 6774M->5995M(17600M) 78.615ms
[2026-05-23T04:50:32.937+0000][182.382s][gc,cpu      ] GC(81) User=0.29s Sys=0.01s Real=0.08s
[2026-05-23T04:50:36.272+0000][185.717s][gc,start    ] GC(82) Pause Young (Normal) (G1 Evacuation Pause)
[2026-05-23T04:50:36.272+0000][185.717s][gc,task     ] GC(82) Using 4 workers of 4 for evacuation
[2026-05-23T04:50:36.428+0000][185.874s][gc,phases   ] GC(82)   Pre Evacuate Collection Set: 0.11ms
[2026-05-23T04:50:36.428+0000][185.874s][gc,phases   ] GC(82)   Merge Heap Roots: 0.21ms
[2026-05-23T04:50:36.428+0000][185.874s][gc,phases   ] GC(82)   Evacuate Collection Set: 155.89ms
[2026-05-23T04:50:36.428+0000][185.874s][gc,phases   ] GC(82)   Post Evacuate Collection Set: 0.49ms
[2026-05-23T04:50:36.428+0000][185.874s][gc,phases   ] GC(82)   Other: 0.10ms
[2026-05-23T04:50:36.428+0000][185.874s][gc,heap     ] GC(82) Eden regions: 51->0(48)
[2026-05-23T04:50:36.428+0000][185.874s][gc,heap     ] GC(82) Survivor regions: 4->7(7)
[2026-05-23T04:50:36.428+0000][185.874s][gc,heap     ] GC(82) Old regions: 370->373
[2026-05-23T04:50:36.428+0000][185.874s][gc,heap     ] GC(82) Archive regions: 2->2
[2026-05-23T04:50:36.428+0000][185.874s][gc,heap     ] GC(82) Humongous regions: 0->0
[2026-05-23T04:50:36.428+0000][185.874s][gc,metaspace] GC(82) Metaspace: 38550K(38976K)->38550K(38976K) NonClass: 34275K(34496K)->34275K(34496K) Class: 4275K(4480K)->4275K(4480K)
[2026-05-23T04:50:36.429+0000][185.874s][gc          ] GC(82) Pause Young (Normal) (G1 Evacuation Pause) 6811M->6095M(17600M) 156.899ms
[2026-05-23T04:50:36.429+0000][185.874s][gc,cpu      ] GC(82) User=0.60s Sys=0.02s Real=0.15s
[2026-05-23T04:50:38.748+0000][188.194s][gc,start    ] GC(83) Pause Young (Normal) (G1 Evacuation Pause)
[2026-05-23T04:50:38.748+0000][188.194s][gc,task     ] GC(83) Using 4 workers of 4 for evacuation
[2026-05-23T04:50:39.009+0000][188.454s][gc,mmu      ] GC(83) MMU target violated: 201.0ms (200.0ms/201.0ms)
[2026-05-23T04:50:39.009+0000][188.454s][gc,phases   ] GC(83)   Pre Evacuate Collection Set: 0.11ms
[2026-05-23T04:50:39.009+0000][188.454s][gc,phases   ] GC(83)   Merge Heap Roots: 0.82ms
[2026-05-23T04:50:39.009+0000][188.454s][gc,phases   ] GC(83)   Evacuate Collection Set: 258.52ms
[2026-05-23T04:50:39.009+0000][188.454s][gc,phases   ] GC(83)   Post Evacuate Collection Set: 0.84ms
[2026-05-23T04:50:39.009+0000][188.454s][gc,phases   ] GC(83)   Other: 0.55ms
[2026-05-23T04:50:39.009+0000][188.454s][gc,heap     ] GC(83) Eden regions: 48->0(48)
[2026-05-23T04:50:39.009+0000][188.454s][gc,heap     ] GC(83) Survivor regions: 7->7(7)
[2026-05-23T04:50:39.009+0000][188.454s][gc,heap     ] GC(83) Old regions: 373->382
[2026-05-23T04:50:39.009+0000][188.454s][gc,heap     ] GC(83) Archive regions: 2->2
[2026-05-23T04:50:39.009+0000][188.454s][gc,heap     ] GC(83) Humongous regions: 0->0
[2026-05-23T04:50:39.009+0000][188.454s][gc,metaspace] GC(83) Metaspace: 38552K(38976K)->38552K(38976K) NonClass: 34276K(34496K)->34276K(34496K) Class: 4275K(4480K)->4275K(4480K)
[2026-05-23T04:50:39.009+0000][188.454s][gc          ] GC(83) Pause Young (Normal) (G1 Evacuation Pause) 6863M->6237M(17600M) 260.900ms
[2026-05-23T04:50:39.009+0000][188.454s][gc,cpu      ] GC(83) User=0.99s Sys=0.03s Real=0.27s
[2026-05-23T04:50:42.947+0000][192.392s][gc,start    ] GC(84) Pause Young (Normal) (G1 Evacuation Pause)
[2026-05-23T04:50:42.947+0000][192.392s][gc,task     ] GC(84) Using 4 workers of 4 for evacuation
[2026-05-23T04:50:43.209+0000][192.655s][gc,mmu      ] GC(84) MMU target violated: 201.0ms (200.0ms/201.0ms)
[2026-05-23T04:50:43.209+0000][192.655s][gc,phases   ] GC(84)   Pre Evacuate Collection Set: 0.11ms
[2026-05-23T04:50:43.209+0000][192.655s][gc,phases   ] GC(84)   Merge Heap Roots: 2.43ms
[2026-05-23T04:50:43.209+0000][192.655s][gc,phases   ] GC(84)   Evacuate Collection Set: 258.88ms
[2026-05-23T04:50:43.209+0000][192.655s][gc,phases   ] GC(84)   Post Evacuate Collection Set: 0.86ms
[2026-05-23T04:50:43.209+0000][192.655s][gc,phases   ] GC(84)   Other: 0.52ms
[2026-05-23T04:50:43.209+0000][192.655s][gc,heap     ] GC(84) Eden regions: 48->0(48)
[2026-05-23T04:50:43.209+0000][192.655s][gc,heap     ] GC(84) Survivor regions: 7->7(7)
[2026-05-23T04:50:43.209+0000][192.655s][gc,heap     ] GC(84) Old regions: 382->391
[2026-05-23T04:50:43.209+0000][192.655s][gc,heap     ] GC(84) Archive regions: 2->2
[2026-05-23T04:50:43.209+0000][192.655s][gc,heap     ] GC(84) Humongous regions: 0->0
[2026-05-23T04:50:43.209+0000][192.655s][gc,metaspace] GC(84) Metaspace: 38552K(38976K)->38552K(38976K) NonClass: 34276K(34496K)->34276K(34496K) Class: 4275K(4480K)->4275K(4480K)
[2026-05-23T04:50:43.209+0000][192.655s][gc          ] GC(84) Pause Young (Normal) (G1 Evacuation Pause) 7005M->6373M(17600M) 262.860ms
[2026-05-23T04:50:43.209+0000][192.655s][gc,cpu      ] GC(84) User=1.01s Sys=0.03s Real=0.27s
[2026-05-23T04:50:47.481+0000][196.927s][gc,start    ] GC(85) Pause Young (Normal) (G1 Evacuation Pause)
[2026-05-23T04:50:47.481+0000][196.927s][gc,task     ] GC(85) Using 4 workers of 4 for evacuation
[2026-05-23T04:50:47.738+0000][197.183s][gc,mmu      ] GC(85) MMU target violated: 201.0ms (200.0ms/201.0ms)
[2026-05-23T04:50:47.738+0000][197.183s][gc,phases   ] GC(85)   Pre Evacuate Collection Set: 0.14ms
[2026-05-23T04:50:47.738+0000][197.183s][gc,phases   ] GC(85)   Merge Heap Roots: 3.13ms
[2026-05-23T04:50:47.738+0000][197.183s][gc,phases   ] GC(85)   Evacuate Collection Set: 252.12ms
[2026-05-23T04:50:47.738+0000][197.183s][gc,phases   ] GC(85)   Post Evacuate Collection Set: 0.73ms
[2026-05-23T04:50:47.738+0000][197.183s][gc,phases   ] GC(85)   Other: 0.51ms
[2026-05-23T04:50:47.738+0000][197.183s][gc,heap     ] GC(85) Eden regions: 48->0(48)
[2026-05-23T04:50:47.738+0000][197.183s][gc,heap     ] GC(85) Survivor regions: 7->7(7)
[2026-05-23T04:50:47.738+0000][197.183s][gc,heap     ] GC(85) Old regions: 391->399
[2026-05-23T04:50:47.738+0000][197.183s][gc,heap     ] GC(85) Archive regions: 2->2
[2026-05-23T04:50:47.738+0000][197.183s][gc,heap     ] GC(85) Humongous regions: 0->0
[2026-05-23T04:50:47.738+0000][197.183s][gc,metaspace] GC(85) Metaspace: 38552K(38976K)->38552K(38976K) NonClass: 34276K(34496K)->34276K(34496K) Class: 4275K(4480K)->4275K(4480K)
[2026-05-23T04:50:47.738+0000][197.183s][gc          ] GC(85) Pause Young (Normal) (G1 Evacuation Pause) 7141M->6502M(17600M) 256.676ms
[2026-05-23T04:50:47.738+0000][197.183s][gc,cpu      ] GC(85) User=0.98s Sys=0.03s Real=0.25s
[2026-05-23T04:50:52.986+0000][202.432s][gc,start    ] GC(86) Pause Young (Normal) (G1 Evacuation Pause)
[2026-05-23T04:50:52.986+0000][202.432s][gc,task     ] GC(86) Using 4 workers of 4 for evacuation
[2026-05-23T04:50:53.145+0000][202.591s][gc,phases   ] GC(86)   Pre Evacuate Collection Set: 0.12ms
[2026-05-23T04:50:53.145+0000][202.591s][gc,phases   ] GC(86)   Merge Heap Roots: 2.06ms
[2026-05-23T04:50:53.145+0000][202.591s][gc,phases   ] GC(86)   Evacuate Collection Set: 156.49ms
[2026-05-23T04:50:53.145+0000][202.591s][gc,phases   ] GC(86)   Post Evacuate Collection Set: 0.71ms
[2026-05-23T04:50:53.145+0000][202.591s][gc,phases   ] GC(86)   Other: 0.11ms
[2026-05-23T04:50:53.145+0000][202.591s][gc,heap     ] GC(86) Eden regions: 48->0(48)
[2026-05-23T04:50:53.145+0000][202.591s][gc,heap     ] GC(86) Survivor regions: 7->7(7)
[2026-05-23T04:50:53.145+0000][202.591s][gc,heap     ] GC(86) Old regions: 399->401
[2026-05-23T04:50:53.145+0000][202.591s][gc,heap     ] GC(86) Archive regions: 2->2
[2026-05-23T04:50:53.145+0000][202.591s][gc,heap     ] GC(86) Humongous regions: 0->0
[2026-05-23T04:50:53.145+0000][202.591s][gc,metaspace] GC(86) Metaspace: 38552K(38976K)->38552K(38976K) NonClass: 34276K(34496K)->34276K(34496K) Class: 4275K(4480K)->4275K(4480K)
[2026-05-23T04:50:53.146+0000][202.591s][gc          ] GC(86) Pause Young (Normal) (G1 Evacuation Pause) 7270M->6533M(17600M) 159.579ms
[2026-05-23T04:50:53.146+0000][202.591s][gc,cpu      ] GC(86) User=0.62s Sys=0.00s Real=0.16s
[2026-05-23T04:50:56.357+0000][205.802s][gc,start    ] GC(87) Pause Young (Normal) (G1 Evacuation Pause)
[2026-05-23T04:50:56.357+0000][205.802s][gc,task     ] GC(87) Using 4 workers of 4 for evacuation
[2026-05-23T04:50:56.572+0000][206.018s][gc,mmu      ] GC(87) MMU target violated: 201.0ms (200.0ms/201.0ms)
[2026-05-23T04:50:56.572+0000][206.018s][gc,phases   ] GC(87)   Pre Evacuate Collection Set: 0.13ms
[2026-05-23T04:50:56.572+0000][206.018s][gc,phases   ] GC(87)   Merge Heap Roots: 1.13ms
[2026-05-23T04:50:56.572+0000][206.018s][gc,phases   ] GC(87)   Evacuate Collection Set: 213.24ms
[2026-05-23T04:50:56.572+0000][206.018s][gc,phases   ] GC(87)   Post Evacuate Collection Set: 0.77ms
[2026-05-23T04:50:56.572+0000][206.018s][gc,phases   ] GC(87)   Other: 0.54ms
[2026-05-23T04:50:56.572+0000][206.018s][gc,heap     ] GC(87) Eden regions: 48->0(48)
[2026-05-23T04:50:56.572+0000][206.018s][gc,heap     ] GC(87) Survivor regions: 7->7(7)
[2026-05-23T04:50:56.572+0000][206.018s][gc,heap     ] GC(87) Old regions: 401->407
[2026-05-23T04:50:56.572+0000][206.018s][gc,heap     ] GC(87) Archive regions: 2->2
[2026-05-23T04:50:56.572+0000][206.018s][gc,heap     ] GC(87) Humongous regions: 0->0
[2026-05-23T04:50:56.572+0000][206.018s][gc,metaspace] GC(87) Metaspace: 38552K(38976K)->38552K(38976K) NonClass: 34276K(34496K)->34276K(34496K) Class: 4275K(4480K)->4275K(4480K)
[2026-05-23T04:50:56.572+0000][206.018s][gc          ] GC(87) Pause Young (Normal) (G1 Evacuation Pause) 7301M->6630M(17600M) 215.859ms
[2026-05-23T04:50:56.572+0000][206.018s][gc,cpu      ] GC(87) User=0.82s Sys=0.03s Real=0.22s
[2026-05-23T04:50:58.815+0000][208.260s][gc,start    ] GC(88) Pause Young (Normal) (G1 Evacuation Pause)
[2026-05-23T04:50:58.815+0000][208.261s][gc,task     ] GC(88) Using 4 workers of 4 for evacuation
[2026-05-23T04:50:59.112+0000][208.558s][gc,mmu      ] GC(88) MMU target violated: 201.0ms (200.0ms/201.0ms)
[2026-05-23T04:50:59.112+0000][208.558s][gc,phases   ] GC(88)   Pre Evacuate Collection Set: 0.12ms
[2026-05-23T04:50:59.112+0000][208.558s][gc,phases   ] GC(88)   Merge Heap Roots: 1.79ms
[2026-05-23T04:50:59.112+0000][208.558s][gc,phases   ] GC(88)   Evacuate Collection Set: 294.45ms
[2026-05-23T04:50:59.112+0000][208.558s][gc,phases   ] GC(88)   Post Evacuate Collection Set: 0.79ms
[2026-05-23T04:50:59.112+0000][208.558s][gc,phases   ] GC(88)   Other: 0.56ms
[2026-05-23T04:50:59.113+0000][208.558s][gc,heap     ] GC(88) Eden regions: 48->0(48)
[2026-05-23T04:50:59.113+0000][208.558s][gc,heap     ] GC(88) Survivor regions: 7->7(7)
[2026-05-23T04:50:59.113+0000][208.558s][gc,heap     ] GC(88) Old regions: 407->418
[2026-05-23T04:50:59.113+0000][208.558s][gc,heap     ] GC(88) Archive regions: 2->2
[2026-05-23T04:50:59.113+0000][208.558s][gc,heap     ] GC(88) Humongous regions: 0->0
[2026-05-23T04:50:59.113+0000][208.558s][gc,metaspace] GC(88) Metaspace: 38552K(38976K)->38552K(38976K) NonClass: 34276K(34496K)->34276K(34496K) Class: 4275K(4480K)->4275K(4480K)
[2026-05-23T04:50:59.113+0000][208.558s][gc          ] GC(88) Pause Young (Normal) (G1 Evacuation Pause) 7398M->6811M(17600M) 297.790ms
[2026-05-23T04:50:59.113+0000][208.558s][gc,cpu      ] GC(88) User=1.13s Sys=0.05s Real=0.30s
[2026-05-23T04:51:02.260+0000][211.706s][gc,start    ] GC(89) Pause Young (Normal) (G1 Evacuation Pause)
[2026-05-23T04:51:02.260+0000][211.706s][gc,task     ] GC(89) Using 4 workers of 4 for evacuation
[2026-05-23T04:51:02.598+0000][212.044s][gc,mmu      ] GC(89) MMU target violated: 201.0ms (200.0ms/201.0ms)
[2026-05-23T04:51:02.598+0000][212.044s][gc,phases   ] GC(89)   Pre Evacuate Collection Set: 0.14ms
[2026-05-23T04:51:02.598+0000][212.044s][gc,phases   ] GC(89)   Merge Heap Roots: 2.89ms
[2026-05-23T04:51:02.598+0000][212.044s][gc,phases   ] GC(89)   Evacuate Collection Set: 333.20ms
[2026-05-23T04:51:02.598+0000][212.044s][gc,phases   ] GC(89)   Post Evacuate Collection Set: 0.97ms
[2026-05-23T04:51:02.598+0000][212.044s][gc,phases   ] GC(89)   Other: 0.53ms
[2026-05-23T04:51:02.598+0000][212.044s][gc,heap     ] GC(89) Eden regions: 48->0(48)
[2026-05-23T04:51:02.598+0000][212.044s][gc,heap     ] GC(89) Survivor regions: 7->7(7)
[2026-05-23T04:51:02.598+0000][212.044s][gc,heap     ] GC(89) Old regions: 418->430
[2026-05-23T04:51:02.598+0000][212.044s][gc,heap     ] GC(89) Archive regions: 2->2
[2026-05-23T04:51:02.598+0000][212.044s][gc,heap     ] GC(89) Humongous regions: 0->0
[2026-05-23T04:51:02.598+0000][212.044s][gc,metaspace] GC(89) Metaspace: 38552K(38976K)->38552K(38976K) NonClass: 34276K(34496K)->34276K(34496K) Class: 4275K(4480K)->4275K(4480K)
[2026-05-23T04:51:02.598+0000][212.044s][gc          ] GC(89) Pause Young (Normal) (G1 Evacuation Pause) 7579M->6999M(17600M) 337.772ms
[2026-05-23T04:51:02.598+0000][212.044s][gc,cpu      ] GC(89) User=1.30s Sys=0.04s Real=0.33s
[2026-05-23T04:51:08.293+0000][217.738s][gc,start    ] GC(90) Pause Young (Normal) (G1 Evacuation Pause)
[2026-05-23T04:51:08.293+0000][217.738s][gc,task     ] GC(90) Using 4 workers of 4 for evacuation
[2026-05-23T04:51:08.429+0000][217.875s][gc,phases   ] GC(90)   Pre Evacuate Collection Set: 0.12ms
[2026-05-23T04:51:08.429+0000][217.875s][gc,phases   ] GC(90)   Merge Heap Roots: 3.49ms
[2026-05-23T04:51:08.429+0000][217.875s][gc,phases   ] GC(90)   Evacuate Collection Set: 131.63ms
[2026-05-23T04:51:08.429+0000][217.875s][gc,phases   ] GC(90)   Post Evacuate Collection Set: 0.91ms
[2026-05-23T04:51:08.429+0000][217.875s][gc,phases   ] GC(90)   Other: 0.11ms
[2026-05-23T04:51:08.429+0000][217.875s][gc,heap     ] GC(90) Eden regions: 48->0(51)
[2026-05-23T04:51:08.429+0000][217.875s][gc,heap     ] GC(90) Survivor regions: 7->4(7)
[2026-05-23T04:51:08.429+0000][217.875s][gc,heap     ] GC(90) Old regions: 430->432
[2026-05-23T04:51:08.429+0000][217.875s][gc,heap     ] GC(90) Archive regions: 2->2
[2026-05-23T04:51:08.429+0000][217.875s][gc,heap     ] GC(90) Humongous regions: 0->0
[2026-05-23T04:51:08.429+0000][217.875s][gc,metaspace] GC(90) Metaspace: 38558K(38976K)->38558K(38976K) NonClass: 34283K(34496K)->34283K(34496K) Class: 4275K(4480K)->4275K(4480K)
[2026-05-23T04:51:08.429+0000][217.875s][gc          ] GC(90) Pause Young (Normal) (G1 Evacuation Pause) 7767M->6979M(17600M) 136.376ms
[2026-05-23T04:51:08.429+0000][217.875s][gc,cpu      ] GC(90) User=0.54s Sys=0.00s Real=0.14s
[2026-05-23T04:51:11.532+0000][220.978s][gc,start    ] GC(91) Pause Young (Normal) (G1 Evacuation Pause)
[2026-05-23T04:51:11.532+0000][220.978s][gc,task     ] GC(91) Using 4 workers of 4 for evacuation
[2026-05-23T04:51:11.720+0000][221.165s][gc,phases   ] GC(91)   Pre Evacuate Collection Set: 0.11ms
[2026-05-23T04:51:11.720+0000][221.165s][gc,phases   ] GC(91)   Merge Heap Roots: 1.48ms
[2026-05-23T04:51:11.720+0000][221.165s][gc,phases   ] GC(91)   Evacuate Collection Set: 184.48ms
[2026-05-23T04:51:11.720+0000][221.165s][gc,phases   ] GC(91)   Post Evacuate Collection Set: 1.21ms
[2026-05-23T04:51:11.720+0000][221.165s][gc,phases   ] GC(91)   Other: 0.48ms
[2026-05-23T04:51:11.720+0000][221.165s][gc,heap     ] GC(91) Eden regions: 51->0(48)
[2026-05-23T04:51:11.720+0000][221.165s][gc,heap     ] GC(91) Survivor regions: 4->7(7)
[2026-05-23T04:51:11.720+0000][221.165s][gc,heap     ] GC(91) Old regions: 432->434
[2026-05-23T04:51:11.720+0000][221.165s][gc,heap     ] GC(91) Archive regions: 2->2
[2026-05-23T04:51:11.720+0000][221.165s][gc,heap     ] GC(91) Humongous regions: 0->0
[2026-05-23T04:51:11.720+0000][221.165s][gc,metaspace] GC(91) Metaspace: 38558K(38976K)->38558K(38976K) NonClass: 34283K(34496K)->34283K(34496K) Class: 4275K(4480K)->4275K(4480K)
[2026-05-23T04:51:11.720+0000][221.165s][gc          ] GC(91) Pause Young (Normal) (G1 Evacuation Pause) 7795M->7069M(17600M) 187.859ms
[2026-05-23T04:51:11.720+0000][221.165s][gc,cpu      ] GC(91) User=0.73s Sys=0.01s Real=0.19s
[2026-05-23T04:51:15.275+0000][224.720s][gc,start    ] GC(92) Pause Young (Normal) (G1 Evacuation Pause)
[2026-05-23T04:51:15.275+0000][224.720s][gc,task     ] GC(92) Using 4 workers of 4 for evacuation
[2026-05-23T04:51:15.427+0000][224.873s][gc,phases   ] GC(92)   Pre Evacuate Collection Set: 0.13ms
[2026-05-23T04:51:15.427+0000][224.873s][gc,phases   ] GC(92)   Merge Heap Roots: 1.07ms
[2026-05-23T04:51:15.427+0000][224.873s][gc,phases   ] GC(92)   Evacuate Collection Set: 150.56ms
[2026-05-23T04:51:15.427+0000][224.873s][gc,phases   ] GC(92)   Post Evacuate Collection Set: 0.48ms
[2026-05-23T04:51:15.427+0000][224.873s][gc,phases   ] GC(92)   Other: 0.13ms
[2026-05-23T04:51:15.427+0000][224.873s][gc,heap     ] GC(92) Eden regions: 48->0(48)
[2026-05-23T04:51:15.427+0000][224.873s][gc,heap     ] GC(92) Survivor regions: 7->7(7)
[2026-05-23T04:51:15.427+0000][224.873s][gc,heap     ] GC(92) Old regions: 434->437
[2026-05-23T04:51:15.427+0000][224.873s][gc,heap     ] GC(92) Archive regions: 2->2
[2026-05-23T04:51:15.427+0000][224.873s][gc,heap     ] GC(92) Humongous regions: 0->0
[2026-05-23T04:51:15.427+0000][224.873s][gc,metaspace] GC(92) Metaspace: 38563K(38976K)->38563K(38976K) NonClass: 34287K(34496K)->34287K(34496K) Class: 4275K(4480K)->4275K(4480K)
[2026-05-23T04:51:15.427+0000][224.873s][gc          ] GC(92) Pause Young (Normal) (G1 Evacuation Pause) 7837M->7098M(17600M) 152.451ms
[2026-05-23T04:51:15.427+0000][224.873s][gc,cpu      ] GC(92) User=0.58s Sys=0.01s Real=0.15s
[2026-05-23T04:51:18.959+0000][228.405s][gc,start    ] GC(93) Pause Young (Normal) (G1 Evacuation Pause)
[2026-05-23T04:51:18.959+0000][228.405s][gc,task     ] GC(93) Using 4 workers of 4 for evacuation
[2026-05-23T04:51:19.042+0000][228.488s][gc,phases   ] GC(93)   Pre Evacuate Collection Set: 0.11ms
[2026-05-23T04:51:19.042+0000][228.488s][gc,phases   ] GC(93)   Merge Heap Roots: 0.26ms
[2026-05-23T04:51:19.042+0000][228.488s][gc,phases   ] GC(93)   Evacuate Collection Set: 82.03ms
[2026-05-23T04:51:19.042+0000][228.488s][gc,phases   ] GC(93)   Post Evacuate Collection Set: 0.41ms
[2026-05-23T04:51:19.042+0000][228.488s][gc,phases   ] GC(93)   Other: 0.11ms
[2026-05-23T04:51:19.042+0000][228.488s][gc,heap     ] GC(93) Eden regions: 48->0(50)
[2026-05-23T04:51:19.042+0000][228.488s][gc,heap     ] GC(93) Survivor regions: 7->5(7)
[2026-05-23T04:51:19.042+0000][228.488s][gc,heap     ] GC(93) Old regions: 437->439
[2026-05-23T04:51:19.042+0000][228.488s][gc,heap     ] GC(93) Archive regions: 2->2
[2026-05-23T04:51:19.042+0000][228.488s][gc,heap     ] GC(93) Humongous regions: 0->0
[2026-05-23T04:51:19.042+0000][228.488s][gc,metaspace] GC(93) Metaspace: 38563K(38976K)->38563K(38976K) NonClass: 34287K(34496K)->34287K(34496K) Class: 4275K(4480K)->4275K(4480K)
[2026-05-23T04:51:19.042+0000][228.488s][gc          ] GC(93) Pause Young (Normal) (G1 Evacuation Pause) 7866M->7101M(17600M) 83.025ms
[2026-05-23T04:51:19.042+0000][228.488s][gc,cpu      ] GC(93) User=0.32s Sys=0.01s Real=0.08s
[2026-05-23T04:51:22.347+0000][231.793s][gc,start    ] GC(94) Pause Young (Normal) (G1 Evacuation Pause)
[2026-05-23T04:51:22.348+0000][231.793s][gc,task     ] GC(94) Using 4 workers of 4 for evacuation
[2026-05-23T04:51:22.391+0000][231.836s][gc,phases   ] GC(94)   Pre Evacuate Collection Set: 0.12ms
[2026-05-23T04:51:22.391+0000][231.837s][gc,phases   ] GC(94)   Merge Heap Roots: 0.19ms
[2026-05-23T04:51:22.391+0000][231.837s][gc,phases   ] GC(94)   Evacuate Collection Set: 42.06ms
[2026-05-23T04:51:22.391+0000][231.837s][gc,phases   ] GC(94)   Post Evacuate Collection Set: 0.45ms
[2026-05-23T04:51:22.391+0000][231.837s][gc,phases   ] GC(94)   Other: 0.51ms
[2026-05-23T04:51:22.391+0000][231.837s][gc,heap     ] GC(94) Eden regions: 50->0(76)
[2026-05-23T04:51:22.391+0000][231.837s][gc,heap     ] GC(94) Survivor regions: 5->2(7)
[2026-05-23T04:51:22.391+0000][231.837s][gc,heap     ] GC(94) Old regions: 439->441
[2026-05-23T04:51:22.391+0000][231.837s][gc,heap     ] GC(94) Archive regions: 2->2
[2026-05-23T04:51:22.391+0000][231.837s][gc,heap     ] GC(94) Humongous regions: 0->0
[2026-05-23T04:51:22.391+0000][231.837s][gc,metaspace] GC(94) Metaspace: 38563K(38976K)->38563K(38976K) NonClass: 34287K(34496K)->34287K(34496K) Class: 4275K(4480K)->4275K(4480K)
[2026-05-23T04:51:22.391+0000][231.837s][gc          ] GC(94) Pause Young (Normal) (G1 Evacuation Pause) 7901M->7096M(17600M) 43.425ms
[2026-05-23T04:51:22.391+0000][231.837s][gc,cpu      ] GC(94) User=0.16s Sys=0.01s Real=0.05s
[2026-05-23T04:51:26.742+0000][236.187s][gc,start    ] GC(95) Pause Young (Normal) (G1 Evacuation Pause)
[2026-05-23T04:51:26.742+0000][236.187s][gc,task     ] GC(95) Using 4 workers of 4 for evacuation
[2026-05-23T04:51:27.032+0000][236.478s][gc,mmu      ] GC(95) MMU target violated: 201.0ms (200.0ms/201.0ms)
[2026-05-23T04:51:27.032+0000][236.478s][gc,phases   ] GC(95)   Pre Evacuate Collection Set: 0.11ms
[2026-05-23T04:51:27.032+0000][236.478s][gc,phases   ] GC(95)   Merge Heap Roots: 0.22ms
[2026-05-23T04:51:27.032+0000][236.478s][gc,phases   ] GC(95)   Evacuate Collection Set: 289.30ms
[2026-05-23T04:51:27.032+0000][236.478s][gc,phases   ] GC(95)   Post Evacuate Collection Set: 0.85ms
[2026-05-23T04:51:27.032+0000][236.478s][gc,phases   ] GC(95)   Other: 0.20ms
[2026-05-23T04:51:27.032+0000][236.478s][gc,heap     ] GC(95) Eden regions: 76->0(45)
[2026-05-23T04:51:27.032+0000][236.478s][gc,heap     ] GC(95) Survivor regions: 2->10(10)
[2026-05-23T04:51:27.032+0000][236.478s][gc,heap     ] GC(95) Old regions: 441->448
[2026-05-23T04:51:27.032+0000][236.478s][gc,heap     ] GC(95) Archive regions: 2->2
[2026-05-23T04:51:27.032+0000][236.478s][gc,heap     ] GC(95) Humongous regions: 0->0
[2026-05-23T04:51:27.032+0000][236.478s][gc,metaspace] GC(95) Metaspace: 38574K(39040K)->38574K(39040K) NonClass: 34299K(34560K)->34299K(34560K) Class: 4275K(4480K)->4275K(4480K)
[2026-05-23T04:51:27.032+0000][236.478s][gc          ] GC(95) Pause Young (Normal) (G1 Evacuation Pause) 8312M->7337M(17600M) 290.732ms
[2026-05-23T04:51:27.032+0000][236.478s][gc,cpu      ] GC(95) User=1.12s Sys=0.03s Real=0.29s
[2026-05-23T04:51:32.075+0000][241.521s][gc,start    ] GC(96) Pause Young (Normal) (G1 Evacuation Pause)
[2026-05-23T04:51:32.076+0000][241.521s][gc,task     ] GC(96) Using 4 workers of 4 for evacuation
[2026-05-23T04:51:32.280+0000][241.726s][gc,mmu      ] GC(96) MMU target violated: 201.0ms (200.0ms/201.0ms)
[2026-05-23T04:51:32.280+0000][241.726s][gc,phases   ] GC(96)   Pre Evacuate Collection Set: 0.11ms
[2026-05-23T04:51:32.280+0000][241.726s][gc,phases   ] GC(96)   Merge Heap Roots: 3.17ms
[2026-05-23T04:51:32.280+0000][241.726s][gc,phases   ] GC(96)   Evacuate Collection Set: 200.01ms
[2026-05-23T04:51:32.280+0000][241.726s][gc,phases   ] GC(96)   Post Evacuate Collection Set: 1.08ms
[2026-05-23T04:51:32.280+0000][241.726s][gc,phases   ] GC(96)   Other: 0.53ms
[2026-05-23T04:51:32.280+0000][241.726s][gc,heap     ] GC(96) Eden regions: 45->0(48)
[2026-05-23T04:51:32.280+0000][241.726s][gc,heap     ] GC(96) Survivor regions: 10->7(7)
[2026-05-23T04:51:32.280+0000][241.726s][gc,heap     ] GC(96) Old regions: 448->455
[2026-05-23T04:51:32.280+0000][241.726s][gc,heap     ] GC(96) Archive regions: 2->2
[2026-05-23T04:51:32.280+0000][241.726s][gc,heap     ] GC(96) Humongous regions: 0->0
[2026-05-23T04:51:32.280+0000][241.726s][gc,metaspace] GC(96) Metaspace: 38574K(39040K)->38574K(39040K) NonClass: 34299K(34560K)->34299K(34560K) Class: 4275K(4480K)->4275K(4480K)
[2026-05-23T04:51:32.280+0000][241.726s][gc          ] GC(96) Pause Young (Normal) (G1 Evacuation Pause) 8057M->7395M(17600M) 204.966ms
[2026-05-23T04:51:32.280+0000][241.726s][gc,cpu      ] GC(96) User=0.79s Sys=0.02s Real=0.21s
[2026-05-23T04:51:35.946+0000][245.391s][gc,start    ] GC(97) Pause Young (Normal) (G1 Evacuation Pause)
[2026-05-23T04:51:35.946+0000][245.392s][gc,task     ] GC(97) Using 4 workers of 4 for evacuation
[2026-05-23T04:51:36.175+0000][245.621s][gc,mmu      ] GC(97) MMU target violated: 201.0ms (200.0ms/201.0ms)
[2026-05-23T04:51:36.175+0000][245.621s][gc,phases   ] GC(97)   Pre Evacuate Collection Set: 0.13ms
[2026-05-23T04:51:36.175+0000][245.621s][gc,phases   ] GC(97)   Merge Heap Roots: 2.42ms
[2026-05-23T04:51:36.175+0000][245.621s][gc,phases   ] GC(97)   Evacuate Collection Set: 225.39ms
[2026-05-23T04:51:36.175+0000][245.621s][gc,phases   ] GC(97)   Post Evacuate Collection Set: 0.75ms
[2026-05-23T04:51:36.175+0000][245.621s][gc,phases   ] GC(97)   Other: 0.54ms
[2026-05-23T04:51:36.175+0000][245.621s][gc,heap     ] GC(97) Eden regions: 48->0(48)
[2026-05-23T04:51:36.175+0000][245.621s][gc,heap     ] GC(97) Survivor regions: 7->7(7)
[2026-05-23T04:51:36.175+0000][245.621s][gc,heap     ] GC(97) Old regions: 455->458
[2026-05-23T04:51:36.175+0000][245.621s][gc,heap     ] GC(97) Archive regions: 2->2
[2026-05-23T04:51:36.175+0000][245.621s][gc,heap     ] GC(97) Humongous regions: 0->0
[2026-05-23T04:51:36.175+0000][245.621s][gc,metaspace] GC(97) Metaspace: 41245K(41792K)->41245K(41792K) NonClass: 36592K(36864K)->36592K(36864K) Class: 4652K(4928K)->4652K(4928K)
[2026-05-23T04:51:36.175+0000][245.621s][gc          ] GC(97) Pause Young (Normal) (G1 Evacuation Pause) 8163M->7445M(17600M) 229.280ms
[2026-05-23T04:51:36.175+0000][245.621s][gc,cpu      ] GC(97) User=0.90s Sys=0.00s Real=0.23s
[2026-05-23T04:51:39.134+0000][248.580s][gc,start    ] GC(98) Pause Young (Normal) (G1 Evacuation Pause)
[2026-05-23T04:51:39.134+0000][248.580s][gc,task     ] GC(98) Using 4 workers of 4 for evacuation
[2026-05-23T04:51:39.350+0000][248.796s][gc,mmu      ] GC(98) MMU target violated: 201.0ms (200.0ms/201.0ms)
[2026-05-23T04:51:39.350+0000][248.796s][gc,phases   ] GC(98)   Pre Evacuate Collection Set: 0.12ms
[2026-05-23T04:51:39.350+0000][248.796s][gc,phases   ] GC(98)   Merge Heap Roots: 0.58ms
[2026-05-23T04:51:39.350+0000][248.796s][gc,phases   ] GC(98)   Evacuate Collection Set: 214.29ms
[2026-05-23T04:51:39.350+0000][248.796s][gc,phases   ] GC(98)   Post Evacuate Collection Set: 0.65ms
[2026-05-23T04:51:39.350+0000][248.796s][gc,phases   ] GC(98)   Other: 0.52ms
[2026-05-23T04:51:39.350+0000][248.796s][gc,heap     ] GC(98) Eden regions: 48->0(49)
[2026-05-23T04:51:39.350+0000][248.796s][gc,heap     ] GC(98) Survivor regions: 7->6(7)
[2026-05-23T04:51:39.350+0000][248.796s][gc,heap     ] GC(98) Old regions: 458->465
[2026-05-23T04:51:39.350+0000][248.796s][gc,heap     ] GC(98) Archive regions: 2->2
[2026-05-23T04:51:39.350+0000][248.796s][gc,heap     ] GC(98) Humongous regions: 0->0
[2026-05-23T04:51:39.350+0000][248.796s][gc,metaspace] GC(98) Metaspace: 42055K(42560K)->42055K(42560K) NonClass: 37295K(37568K)->37295K(37568K) Class: 4760K(4992K)->4760K(4992K)
[2026-05-23T04:51:39.350+0000][248.796s][gc          ] GC(98) Pause Young (Normal) (G1 Evacuation Pause) 8213M->7538M(17600M) 216.205ms
[2026-05-23T04:51:39.350+0000][248.796s][gc,cpu      ] GC(98) User=0.83s Sys=0.02s Real=0.22s
[2026-05-23T04:51:42.304+0000][251.750s][gc,start    ] GC(99) Pause Young (Normal) (G1 Evacuation Pause)
[2026-05-23T04:51:42.304+0000][251.750s][gc,task     ] GC(99) Using 4 workers of 4 for evacuation
[2026-05-23T04:51:42.428+0000][251.874s][gc,phases   ] GC(99)   Pre Evacuate Collection Set: 0.12ms
[2026-05-23T04:51:42.428+0000][251.874s][gc,phases   ] GC(99)   Merge Heap Roots: 0.10ms
[2026-05-23T04:51:42.428+0000][251.874s][gc,phases   ] GC(99)   Evacuate Collection Set: 123.40ms
[2026-05-23T04:51:42.428+0000][251.874s][gc,phases   ] GC(99)   Post Evacuate Collection Set: 0.50ms
[2026-05-23T04:51:42.428+0000][251.874s][gc,phases   ] GC(99)   Other: 0.13ms
[2026-05-23T04:51:42.428+0000][251.874s][gc,heap     ] GC(99) Eden regions: 49->0(48)
[2026-05-23T04:51:42.428+0000][251.874s][gc,heap     ] GC(99) Survivor regions: 6->7(7)
[2026-05-23T04:51:42.428+0000][251.874s][gc,heap     ] GC(99) Old regions: 465->467
[2026-05-23T04:51:42.428+0000][251.874s][gc,heap     ] GC(99) Archive regions: 2->2
[2026-05-23T04:51:42.428+0000][251.874s][gc,heap     ] GC(99) Humongous regions: 0->0
[2026-05-23T04:51:42.428+0000][251.874s][gc,metaspace] GC(99) Metaspace: 42236K(42816K)->42236K(42816K) NonClass: 37452K(37760K)->37452K(37760K) Class: 4784K(5056K)->4784K(5056K)
[2026-05-23T04:51:42.428+0000][251.874s][gc          ] GC(99) Pause Young (Normal) (G1 Evacuation Pause) 8322M->7577M(17600M) 124.351ms
[2026-05-23T04:51:42.428+0000][251.874s][gc,cpu      ] GC(99) User=0.49s Sys=0.00s Real=0.12s
[2026-05-23T04:51:44.970+0000][254.415s][gc,start    ] GC(100) Pause Young (Normal) (G1 Evacuation Pause)
[2026-05-23T04:51:44.970+0000][254.415s][gc,task     ] GC(100) Using 4 workers of 4 for evacuation
[2026-05-23T04:51:45.194+0000][254.640s][gc,mmu      ] GC(100) MMU target violated: 201.0ms (200.0ms/201.0ms)
[2026-05-23T04:51:45.194+0000][254.640s][gc,phases   ] GC(100)   Pre Evacuate Collection Set: 0.12ms
[2026-05-23T04:51:45.194+0000][254.640s][gc,phases   ] GC(100)   Merge Heap Roots: 0.31ms
[2026-05-23T04:51:45.194+0000][254.640s][gc,phases   ] GC(100)   Evacuate Collection Set: 223.24ms
[2026-05-23T04:51:45.194+0000][254.640s][gc,phases   ] GC(100)   Post Evacuate Collection Set: 0.48ms
[2026-05-23T04:51:45.194+0000][254.640s][gc,phases   ] GC(100)   Other: 0.17ms
[2026-05-23T04:51:45.194+0000][254.640s][gc,heap     ] GC(100) Eden regions: 48->0(48)
[2026-05-23T04:51:45.194+0000][254.640s][gc,heap     ] GC(100) Survivor regions: 7->7(7)
[2026-05-23T04:51:45.194+0000][254.640s][gc,heap     ] GC(100) Old regions: 467->471
[2026-05-23T04:51:45.194+0000][254.640s][gc,heap     ] GC(100) Archive regions: 2->2
[2026-05-23T04:51:45.194+0000][254.640s][gc,heap     ] GC(100) Humongous regions: 0->0
[2026-05-23T04:51:45.194+0000][254.640s][gc,metaspace] GC(100) Metaspace: 42254K(42816K)->42254K(42816K) NonClass: 37469K(37760K)->37469K(37760K) Class: 4784K(5056K)->4784K(5056K)
[2026-05-23T04:51:45.194+0000][254.640s][gc          ] GC(100) Pause Young (Normal) (G1 Evacuation Pause) 8345M->7661M(17600M) 224.377ms
[2026-05-23T04:51:45.194+0000][254.640s][gc,cpu      ] GC(100) User=0.87s Sys=0.01s Real=0.22s
[2026-05-23T04:51:48.636+0000][258.082s][gc,start    ] GC(101) Pause Young (Normal) (G1 Evacuation Pause)
[2026-05-23T04:51:48.636+0000][258.082s][gc,task     ] GC(101) Using 4 workers of 4 for evacuation
[2026-05-23T04:51:48.722+0000][258.168s][gc,phases   ] GC(101)   Pre Evacuate Collection Set: 0.12ms
[2026-05-23T04:51:48.722+0000][258.168s][gc,phases   ] GC(101)   Merge Heap Roots: 0.56ms
[2026-05-23T04:51:48.722+0000][258.168s][gc,phases   ] GC(101)   Evacuate Collection Set: 84.59ms
[2026-05-23T04:51:48.722+0000][258.168s][gc,phases   ] GC(101)   Post Evacuate Collection Set: 0.55ms
[2026-05-23T04:51:48.722+0000][258.168s][gc,phases   ] GC(101)   Other: 0.51ms
[2026-05-23T04:51:48.722+0000][258.168s][gc,heap     ] GC(101) Eden regions: 48->0(51)
[2026-05-23T04:51:48.722+0000][258.168s][gc,heap     ] GC(101) Survivor regions: 7->4(7)
[2026-05-23T04:51:48.722+0000][258.168s][gc,heap     ] GC(101) Old regions: 471->473
[2026-05-23T04:51:48.722+0000][258.168s][gc,heap     ] GC(101) Archive regions: 2->2
[2026-05-23T04:51:48.722+0000][258.168s][gc,heap     ] GC(101) Humongous regions: 0->0
[2026-05-23T04:51:48.722+0000][258.168s][gc,metaspace] GC(101) Metaspace: 42267K(42816K)->42267K(42816K) NonClass: 37480K(37760K)->37480K(37760K) Class: 4787K(5056K)->4787K(5056K)
[2026-05-23T04:51:48.722+0000][258.168s][gc          ] GC(101) Pause Young (Normal) (G1 Evacuation Pause) 8429M->7636M(17600M) 86.430ms
[2026-05-23T04:51:48.722+0000][258.168s][gc,cpu      ] GC(101) User=0.33s Sys=0.01s Real=0.09s
[2026-05-23T04:51:51.465+0000][260.910s][gc,start    ] GC(102) Pause Young (Normal) (G1 Evacuation Pause)
[2026-05-23T04:51:51.465+0000][260.910s][gc,task     ] GC(102) Using 4 workers of 4 for evacuation
[2026-05-23T04:51:51.660+0000][261.105s][gc,phases   ] GC(102)   Pre Evacuate Collection Set: 0.13ms
[2026-05-23T04:51:51.660+0000][261.105s][gc,phases   ] GC(102)   Merge Heap Roots: 0.45ms
[2026-05-23T04:51:51.660+0000][261.105s][gc,phases   ] GC(102)   Evacuate Collection Set: 193.56ms
[2026-05-23T04:51:51.660+0000][261.105s][gc,phases   ] GC(102)   Post Evacuate Collection Set: 0.66ms
[2026-05-23T04:51:51.660+0000][261.105s][gc,phases   ] GC(102)   Other: 0.14ms
[2026-05-23T04:51:51.660+0000][261.105s][gc,heap     ] GC(102) Eden regions: 51->0(48)
[2026-05-23T04:51:51.660+0000][261.105s][gc,heap     ] GC(102) Survivor regions: 4->7(7)
[2026-05-23T04:51:51.660+0000][261.105s][gc,heap     ] GC(102) Old regions: 473->478
[2026-05-23T04:51:51.660+0000][261.105s][gc,heap     ] GC(102) Archive regions: 2->2
[2026-05-23T04:51:51.660+0000][261.105s][gc,heap     ] GC(102) Humongous regions: 0->0
[2026-05-23T04:51:51.660+0000][261.105s][gc,metaspace] GC(102) Metaspace: 42275K(42816K)->42275K(42816K) NonClass: 37488K(37760K)->37488K(37760K) Class: 4787K(5056K)->4787K(5056K)
[2026-05-23T04:51:51.660+0000][261.105s][gc          ] GC(102) Pause Young (Normal) (G1 Evacuation Pause) 8452M->7775M(17600M) 195.032ms
[2026-05-23T04:51:51.660+0000][261.105s][gc,cpu      ] GC(102) User=0.75s Sys=0.01s Real=0.20s
[2026-05-23T04:51:53.476+0000][262.922s][gc,start    ] GC(103) Pause Young (Normal) (G1 Evacuation Pause)
[2026-05-23T04:51:53.477+0000][262.922s][gc,task     ] GC(103) Using 4 workers of 4 for evacuation
[2026-05-23T04:51:53.839+0000][263.285s][gc,mmu      ] GC(103) MMU target violated: 201.0ms (200.0ms/201.0ms)
[2026-05-23T04:51:53.839+0000][263.285s][gc,phases   ] GC(103)   Pre Evacuate Collection Set: 0.12ms
[2026-05-23T04:51:53.839+0000][263.285s][gc,phases   ] GC(103)   Merge Heap Roots: 0.66ms
[2026-05-23T04:51:53.839+0000][263.285s][gc,phases   ] GC(103)   Evacuate Collection Set: 361.00ms
[2026-05-23T04:51:53.839+0000][263.285s][gc,phases   ] GC(103)   Post Evacuate Collection Set: 0.90ms
[2026-05-23T04:51:53.839+0000][263.285s][gc,phases   ] GC(103)   Other: 0.19ms
[2026-05-23T04:51:53.839+0000][263.285s][gc,heap     ] GC(103) Eden regions: 48->0(48)
[2026-05-23T04:51:53.839+0000][263.285s][gc,heap     ] GC(103) Survivor regions: 7->7(7)
[2026-05-23T04:51:53.839+0000][263.285s][gc,heap     ] GC(103) Old regions: 478->491
[2026-05-23T04:51:53.839+0000][263.285s][gc,heap     ] GC(103) Archive regions: 2->2
[2026-05-23T04:51:53.839+0000][263.285s][gc,heap     ] GC(103) Humongous regions: 0->0
[2026-05-23T04:51:53.839+0000][263.285s][gc,metaspace] GC(103) Metaspace: 42281K(42816K)->42281K(42816K) NonClass: 37493K(37760K)->37493K(37760K) Class: 4787K(5056K)->4787K(5056K)
[2026-05-23T04:51:53.839+0000][263.285s][gc          ] GC(103) Pause Young (Normal) (G1 Evacuation Pause) 8543M->7983M(17600M) 362.914ms
[2026-05-23T04:51:53.839+0000][263.285s][gc,cpu      ] GC(103) User=1.39s Sys=0.05s Real=0.37s
[2026-05-23T04:51:59.053+0000][268.499s][gc,start    ] GC(104) Pause Young (Normal) (G1 Evacuation Pause)
[2026-05-23T04:51:59.053+0000][268.499s][gc,task     ] GC(104) Using 4 workers of 4 for evacuation
[2026-05-23T04:51:59.260+0000][268.705s][gc,mmu      ] GC(104) MMU target violated: 201.0ms (200.0ms/201.0ms)
[2026-05-23T04:51:59.260+0000][268.705s][gc,phases   ] GC(104)   Pre Evacuate Collection Set: 0.13ms
[2026-05-23T04:51:59.260+0000][268.705s][gc,phases   ] GC(104)   Merge Heap Roots: 3.93ms
[2026-05-23T04:51:59.260+0000][268.705s][gc,phases   ] GC(104)   Evacuate Collection Set: 200.89ms
[2026-05-23T04:51:59.260+0000][268.705s][gc,phases   ] GC(104)   Post Evacuate Collection Set: 1.19ms
[2026-05-23T04:51:59.260+0000][268.705s][gc,phases   ] GC(104)   Other: 0.16ms
[2026-05-23T04:51:59.260+0000][268.705s][gc,heap     ] GC(104) Eden regions: 48->0(48)
[2026-05-23T04:51:59.260+0000][268.705s][gc,heap     ] GC(104) Survivor regions: 7->7(7)
[2026-05-23T04:51:59.260+0000][268.705s][gc,heap     ] GC(104) Old regions: 491->496
[2026-05-23T04:51:59.260+0000][268.705s][gc,heap     ] GC(104) Archive regions: 2->2
[2026-05-23T04:51:59.260+0000][268.705s][gc,heap     ] GC(104) Humongous regions: 0->0
[2026-05-23T04:51:59.260+0000][268.705s][gc,metaspace] GC(104) Metaspace: 42284K(42816K)->42284K(42816K) NonClass: 37496K(37760K)->37496K(37760K) Class: 4787K(5056K)->4787K(5056K)
[2026-05-23T04:51:59.260+0000][268.705s][gc          ] GC(104) Pause Young (Normal) (G1 Evacuation Pause) 8751M->8055M(17600M) 206.360ms
[2026-05-23T04:51:59.260+0000][268.705s][gc,cpu      ] GC(104) User=0.80s Sys=0.01s Real=0.21s
[2026-05-23T04:52:01.999+0000][271.445s][gc,start    ] GC(105) Pause Young (Concurrent Start) (G1 Evacuation Pause)
[2026-05-23T04:52:01.999+0000][271.445s][gc,task     ] GC(105) Using 4 workers of 4 for evacuation
[2026-05-23T04:52:02.253+0000][271.699s][gc,mmu      ] GC(105) MMU target violated: 201.0ms (200.0ms/201.0ms)
[2026-05-23T04:52:02.253+0000][271.699s][gc,phases   ] GC(105)   Pre Evacuate Collection Set: 0.16ms
[2026-05-23T04:52:02.253+0000][271.699s][gc,phases   ] GC(105)   Merge Heap Roots: 2.86ms
[2026-05-23T04:52:02.253+0000][271.699s][gc,phases   ] GC(105)   Evacuate Collection Set: 250.69ms
[2026-05-23T04:52:02.253+0000][271.699s][gc,phases   ] GC(105)   Post Evacuate Collection Set: 0.45ms
[2026-05-23T04:52:02.253+0000][271.699s][gc,phases   ] GC(105)   Other: 0.23ms
[2026-05-23T04:52:02.253+0000][271.699s][gc,heap     ] GC(105) Eden regions: 48->0(48)
[2026-05-23T04:52:02.253+0000][271.699s][gc,heap     ] GC(105) Survivor regions: 7->7(7)
[2026-05-23T04:52:02.253+0000][271.699s][gc,heap     ] GC(105) Old regions: 496->500
[2026-05-23T04:52:02.253+0000][271.699s][gc,heap     ] GC(105) Archive regions: 2->2
[2026-05-23T04:52:02.253+0000][271.699s][gc,heap     ] GC(105) Humongous regions: 0->0
[2026-05-23T04:52:02.253+0000][271.699s][gc,metaspace] GC(105) Metaspace: 42289K(42880K)->42289K(42880K) NonClass: 37502K(37824K)->37502K(37824K) Class: 4787K(5056K)->4787K(5056K)
[2026-05-23T04:52:02.253+0000][271.699s][gc          ] GC(105) Pause Young (Concurrent Start) (G1 Evacuation Pause) 8823M->8110M(17600M) 254.443ms
[2026-05-23T04:52:02.253+0000][271.699s][gc,cpu      ] GC(105) User=0.99s Sys=0.02s Real=0.25s
[2026-05-23T04:52:02.253+0000][271.699s][gc          ] GC(106) Concurrent Mark Cycle
[2026-05-23T04:52:02.253+0000][271.699s][gc,marking  ] GC(106) Concurrent Clear Claimed Marks
[2026-05-23T04:52:02.253+0000][271.699s][gc,marking  ] GC(106) Concurrent Clear Claimed Marks 0.042ms
[2026-05-23T04:52:02.253+0000][271.699s][gc,marking  ] GC(106) Concurrent Scan Root Regions
[2026-05-23T04:52:02.348+0000][271.793s][gc,marking  ] GC(106) Concurrent Scan Root Regions 94.283ms
[2026-05-23T04:52:02.348+0000][271.794s][gc,marking  ] GC(106) Concurrent Mark
[2026-05-23T04:52:02.348+0000][271.794s][gc,marking  ] GC(106) Concurrent Mark From Roots
[2026-05-23T04:52:02.348+0000][271.794s][gc,task     ] GC(106) Using 1 workers of 1 for marking
[2026-05-23T04:52:03.685+0000][273.131s][gc,marking  ] GC(106) Concurrent Mark From Roots 1337.216ms
[2026-05-23T04:52:03.685+0000][273.131s][gc,marking  ] GC(106) Concurrent Preclean
[2026-05-23T04:52:03.685+0000][273.131s][gc,marking  ] GC(106) Concurrent Preclean 0.093ms
[2026-05-23T04:52:03.685+0000][273.131s][gc,start    ] GC(106) Pause Remark
[2026-05-23T04:52:03.694+0000][273.140s][gc          ] GC(106) Pause Remark 8366M->2926M(9872M) 9.086ms
[2026-05-23T04:52:03.694+0000][273.140s][gc,cpu      ] GC(106) User=0.03s Sys=0.00s Real=0.01s
[2026-05-23T04:52:03.694+0000][273.140s][gc,marking  ] GC(106) Concurrent Mark 1346.677ms
[2026-05-23T04:52:03.695+0000][273.140s][gc,marking  ] GC(106) Concurrent Rebuild Remembered Sets
[2026-05-23T04:52:04.821+0000][274.267s][gc,marking  ] GC(106) Concurrent Rebuild Remembered Sets 1126.418ms
[2026-05-23T04:52:04.821+0000][274.267s][gc,start    ] GC(106) Pause Cleanup
[2026-05-23T04:52:04.821+0000][274.267s][gc          ] GC(106) Pause Cleanup 3262M->3262M(9872M) 0.331ms
[2026-05-23T04:52:04.821+0000][274.267s][gc,cpu      ] GC(106) User=0.00s Sys=0.00s Real=0.00s
[2026-05-23T04:52:04.822+0000][274.267s][gc,marking  ] GC(106) Concurrent Cleanup for Next Mark
[2026-05-23T04:52:04.853+0000][274.299s][gc,marking  ] GC(106) Concurrent Cleanup for Next Mark 31.841ms
[2026-05-23T04:52:04.853+0000][274.299s][gc          ] GC(106) Concurrent Mark Cycle 2600.044ms
[2026-05-23T04:52:05.288+0000][274.734s][gc,start    ] GC(107) Pause Young (Prepare Mixed) (G1 Evacuation Pause)
[2026-05-23T04:52:05.288+0000][274.734s][gc,task     ] GC(107) Using 4 workers of 4 for evacuation
[2026-05-23T04:52:05.445+0000][274.891s][gc,phases   ] GC(107)   Pre Evacuate Collection Set: 0.11ms
[2026-05-23T04:52:05.445+0000][274.891s][gc,phases   ] GC(107)   Merge Heap Roots: 0.46ms
[2026-05-23T04:52:05.445+0000][274.891s][gc,phases   ] GC(107)   Evacuate Collection Set: 155.68ms
[2026-05-23T04:52:05.445+0000][274.891s][gc,phases   ] GC(107)   Post Evacuate Collection Set: 0.58ms
[2026-05-23T04:52:05.445+0000][274.891s][gc,phases   ] GC(107)   Other: 0.13ms
[2026-05-23T04:52:05.445+0000][274.891s][gc,heap     ] GC(107) Eden regions: 48->0(23)
[2026-05-23T04:52:05.445+0000][274.891s][gc,heap     ] GC(107) Survivor regions: 7->7(7)
[2026-05-23T04:52:05.445+0000][274.891s][gc,heap     ] GC(107) Old regions: 160->164
[2026-05-23T04:52:05.445+0000][274.891s][gc,heap     ] GC(107) Archive regions: 2->2
[2026-05-23T04:52:05.445+0000][274.891s][gc,heap     ] GC(107) Humongous regions: 0->0
[2026-05-23T04:52:05.445+0000][274.891s][gc,metaspace] GC(107) Metaspace: 42291K(42880K)->42291K(42880K) NonClass: 37504K(37824K)->37504K(37824K) Class: 4787K(5056K)->4787K(5056K)
[2026-05-23T04:52:05.445+0000][274.891s][gc          ] GC(107) Pause Young (Prepare Mixed) (G1 Evacuation Pause) 3438M->2734M(9872M) 157.073ms
[2026-05-23T04:52:05.445+0000][274.891s][gc,cpu      ] GC(107) User=0.59s Sys=0.02s Real=0.16s
[2026-05-23T04:52:07.387+0000][276.833s][gc,start    ] GC(108) Pause Young (Mixed) (G1 Evacuation Pause)
[2026-05-23T04:52:07.387+0000][276.833s][gc,task     ] GC(108) Using 4 workers of 4 for evacuation
[2026-05-23T04:52:07.445+0000][276.891s][gc,phases   ] GC(108)   Pre Evacuate Collection Set: 0.12ms
[2026-05-23T04:52:07.445+0000][276.891s][gc,phases   ] GC(108)   Merge Heap Roots: 0.80ms
[2026-05-23T04:52:07.445+0000][276.891s][gc,phases   ] GC(108)   Evacuate Collection Set: 55.82ms
[2026-05-23T04:52:07.445+0000][276.891s][gc,phases   ] GC(108)   Post Evacuate Collection Set: 0.68ms
[2026-05-23T04:52:07.445+0000][276.891s][gc,phases   ] GC(108)   Other: 0.12ms
[2026-05-23T04:52:07.445+0000][276.891s][gc,heap     ] GC(108) Eden regions: 23->0(28)
[2026-05-23T04:52:07.445+0000][276.891s][gc,heap     ] GC(108) Survivor regions: 7->2(4)
[2026-05-23T04:52:07.445+0000][276.891s][gc,heap     ] GC(108) Old regions: 164->156
[2026-05-23T04:52:07.445+0000][276.891s][gc,heap     ] GC(108) Archive regions: 2->2
[2026-05-23T04:52:07.445+0000][276.891s][gc,heap     ] GC(108) Humongous regions: 0->0
[2026-05-23T04:52:07.445+0000][276.891s][gc,metaspace] GC(108) Metaspace: 42291K(42880K)->42291K(42880K) NonClass: 37504K(37824K)->37504K(37824K) Class: 4787K(5056K)->4787K(5056K)
[2026-05-23T04:52:07.445+0000][276.891s][gc          ] GC(108) Pause Young (Mixed) (G1 Evacuation Pause) 3102M->2521M(9872M) 57.613ms
[2026-05-23T04:52:07.445+0000][276.891s][gc,cpu      ] GC(108) User=0.22s Sys=0.00s Real=0.06s
[2026-05-23T04:52:09.064+0000][278.509s][gc,start    ] GC(109) Pause Young (Mixed) (G1 Evacuation Pause)
[2026-05-23T04:52:09.064+0000][278.509s][gc,task     ] GC(109) Using 4 workers of 4 for evacuation
[2026-05-23T04:52:09.139+0000][278.585s][gc,phases   ] GC(109)   Pre Evacuate Collection Set: 0.11ms
[2026-05-23T04:52:09.140+0000][278.585s][gc,phases   ] GC(109)   Merge Heap Roots: 0.56ms
[2026-05-23T04:52:09.140+0000][278.585s][gc,phases   ] GC(109)   Evacuate Collection Set: 74.53ms
[2026-05-23T04:52:09.140+0000][278.585s][gc,phases   ] GC(109)   Post Evacuate Collection Set: 0.62ms
[2026-05-23T04:52:09.140+0000][278.585s][gc,phases   ] GC(109)   Other: 0.12ms
[2026-05-23T04:52:09.140+0000][278.585s][gc,heap     ] GC(109) Eden regions: 28->0(26)
[2026-05-23T04:52:09.140+0000][278.585s][gc,heap     ] GC(109) Survivor regions: 2->4(4)
[2026-05-23T04:52:09.140+0000][278.585s][gc,heap     ] GC(109) Old regions: 156->145
[2026-05-23T04:52:09.140+0000][278.585s][gc,heap     ] GC(109) Archive regions: 2->2
[2026-05-23T04:52:09.140+0000][278.585s][gc,heap     ] GC(109) Humongous regions: 0->0
[2026-05-23T04:52:09.140+0000][278.585s][gc,metaspace] GC(109) Metaspace: 42291K(42880K)->42291K(42880K) NonClass: 37504K(37824K)->37504K(37824K) Class: 4787K(5056K)->4787K(5056K)
[2026-05-23T04:52:09.140+0000][278.585s][gc          ] GC(109) Pause Young (Mixed) (G1 Evacuation Pause) 2969M->2385M(9872M) 76.071ms
[2026-05-23T04:52:09.140+0000][278.585s][gc,cpu      ] GC(109) User=0.30s Sys=0.00s Real=0.08s
[2026-05-23T04:52:10.177+0000][279.623s][gc,start    ] GC(110) Pause Young (Mixed) (G1 Evacuation Pause)
[2026-05-23T04:52:10.177+0000][279.623s][gc,task     ] GC(110) Using 4 workers of 4 for evacuation
[2026-05-23T04:52:10.290+0000][279.736s][gc,phases   ] GC(110)   Pre Evacuate Collection Set: 0.13ms
[2026-05-23T04:52:10.290+0000][279.736s][gc,phases   ] GC(110)   Merge Heap Roots: 0.52ms
[2026-05-23T04:52:10.290+0000][279.736s][gc,phases   ] GC(110)   Evacuate Collection Set: 108.73ms
[2026-05-23T04:52:10.290+0000][279.736s][gc,phases   ] GC(110)   Merge Optional Heap Roots: 0.14ms
[2026-05-23T04:52:10.290+0000][279.736s][gc,phases   ] GC(110)   Evacuate Optional Collection Set: 1.99ms
[2026-05-23T04:52:10.290+0000][279.736s][gc,phases   ] GC(110)   Post Evacuate Collection Set: 0.77ms
[2026-05-23T04:52:10.290+0000][279.736s][gc,phases   ] GC(110)   Other: 0.14ms
[2026-05-23T04:52:10.290+0000][279.736s][gc,heap     ] GC(110) Eden regions: 26->0(26)
[2026-05-23T04:52:10.290+0000][279.736s][gc,heap     ] GC(110) Survivor regions: 4->4(4)
[2026-05-23T04:52:10.290+0000][279.736s][gc,heap     ] GC(110) Old regions: 145->133
[2026-05-23T04:52:10.290+0000][279.736s][gc,heap     ] GC(110) Archive regions: 2->2
[2026-05-23T04:52:10.290+0000][279.736s][gc,heap     ] GC(110) Humongous regions: 0->0
[2026-05-23T04:52:10.290+0000][279.736s][gc,metaspace] GC(110) Metaspace: 42296K(42880K)->42296K(42880K) NonClass: 37509K(37824K)->37509K(37824K) Class: 4787K(5056K)->4787K(5056K)
[2026-05-23T04:52:10.290+0000][279.736s][gc          ] GC(110) Pause Young (Mixed) (G1 Evacuation Pause) 2801M->2195M(9872M) 112.512ms
[2026-05-23T04:52:10.290+0000][279.736s][gc,cpu      ] GC(110) User=0.44s Sys=0.00s Real=0.12s
[2026-05-23T04:52:11.870+0000][281.316s][gc,start    ] GC(111) Pause Young (Mixed) (G1 Evacuation Pause)
[2026-05-23T04:52:11.871+0000][281.316s][gc,task     ] GC(111) Using 4 workers of 4 for evacuation
[2026-05-23T04:52:12.001+0000][281.447s][gc,phases   ] GC(111)   Pre Evacuate Collection Set: 0.11ms
[2026-05-23T04:52:12.001+0000][281.447s][gc,phases   ] GC(111)   Merge Heap Roots: 0.60ms
[2026-05-23T04:52:12.001+0000][281.447s][gc,phases   ] GC(111)   Evacuate Collection Set: 123.59ms
[2026-05-23T04:52:12.001+0000][281.447s][gc,phases   ] GC(111)   Merge Optional Heap Roots: 0.09ms
[2026-05-23T04:52:12.001+0000][281.447s][gc,phases   ] GC(111)   Evacuate Optional Collection Set: 2.19ms
[2026-05-23T04:52:12.001+0000][281.447s][gc,phases   ] GC(111)   Post Evacuate Collection Set: 3.75ms
[2026-05-23T04:52:12.001+0000][281.447s][gc,phases   ] GC(111)   Other: 0.16ms
[2026-05-23T04:52:12.001+0000][281.447s][gc,heap     ] GC(111) Eden regions: 26->0(36)
[2026-05-23T04:52:12.001+0000][281.447s][gc,heap     ] GC(111) Survivor regions: 4->4(4)
[2026-05-23T04:52:12.001+0000][281.447s][gc,heap     ] GC(111) Old regions: 133->125
[2026-05-23T04:52:12.001+0000][281.447s][gc,heap     ] GC(111) Archive regions: 2->2
[2026-05-23T04:52:12.001+0000][281.447s][gc,heap     ] GC(111) Humongous regions: 0->0
[2026-05-23T04:52:12.001+0000][281.447s][gc,metaspace] GC(111) Metaspace: 42296K(42880K)->42296K(42880K) NonClass: 37509K(37824K)->37509K(37824K) Class: 4787K(5056K)->4787K(5056K)
[2026-05-23T04:52:12.001+0000][281.447s][gc          ] GC(111) Pause Young (Mixed) (G1 Evacuation Pause) 2611M->2065M(12816M) 130.594ms
[2026-05-23T04:52:12.001+0000][281.447s][gc,cpu      ] GC(111) User=0.50s Sys=0.00s Real=0.13s
[2026-05-23T04:52:14.194+0000][283.640s][gc,start    ] GC(112) Pause Young (Mixed) (G1 Evacuation Pause)
[2026-05-23T04:52:14.194+0000][283.640s][gc,task     ] GC(112) Using 4 workers of 4 for evacuation
[2026-05-23T04:52:14.373+0000][283.819s][gc,phases   ] GC(112)   Pre Evacuate Collection Set: 0.13ms
[2026-05-23T04:52:14.373+0000][283.819s][gc,phases   ] GC(112)   Merge Heap Roots: 1.14ms
[2026-05-23T04:52:14.373+0000][283.819s][gc,phases   ] GC(112)   Evacuate Collection Set: 177.32ms
[2026-05-23T04:52:14.373+0000][283.819s][gc,phases   ] GC(112)   Post Evacuate Collection Set: 0.65ms
[2026-05-23T04:52:14.373+0000][283.819s][gc,phases   ] GC(112)   Other: 0.13ms
[2026-05-23T04:52:14.373+0000][283.819s][gc,heap     ] GC(112) Eden regions: 36->0(35)
[2026-05-23T04:52:14.373+0000][283.819s][gc,heap     ] GC(112) Survivor regions: 4->5(5)
[2026-05-23T04:52:14.373+0000][283.819s][gc,heap     ] GC(112) Old regions: 125->119
[2026-05-23T04:52:14.373+0000][283.819s][gc,heap     ] GC(112) Archive regions: 2->2
[2026-05-23T04:52:14.373+0000][283.819s][gc,heap     ] GC(112) Humongous regions: 0->0
[2026-05-23T04:52:14.373+0000][283.819s][gc,metaspace] GC(112) Metaspace: 42300K(42880K)->42300K(42880K) NonClass: 37512K(37824K)->37512K(37824K) Class: 4787K(5056K)->4787K(5056K)
[2026-05-23T04:52:14.373+0000][283.819s][gc          ] GC(112) Pause Young (Mixed) (G1 Evacuation Pause) 2641M->1997M(12816M) 179.474ms
[2026-05-23T04:52:14.373+0000][283.819s][gc,cpu      ] GC(112) User=0.69s Sys=0.01s Real=0.18s
[2026-05-23T04:52:16.858+0000][286.303s][gc,start    ] GC(113) Pause Young (Mixed) (G1 Evacuation Pause)
[2026-05-23T04:52:16.858+0000][286.303s][gc,task     ] GC(113) Using 4 workers of 4 for evacuation
[2026-05-23T04:52:17.047+0000][286.493s][gc,phases   ] GC(113)   Pre Evacuate Collection Set: 0.12ms
[2026-05-23T04:52:17.047+0000][286.493s][gc,phases   ] GC(113)   Merge Heap Roots: 0.50ms
[2026-05-23T04:52:17.047+0000][286.493s][gc,phases   ] GC(113)   Evacuate Collection Set: 188.10ms
[2026-05-23T04:52:17.047+0000][286.493s][gc,phases   ] GC(113)   Post Evacuate Collection Set: 0.71ms
[2026-05-23T04:52:17.047+0000][286.493s][gc,phases   ] GC(113)   Other: 0.11ms
[2026-05-23T04:52:17.047+0000][286.493s][gc,heap     ] GC(113) Eden regions: 35->0(35)
[2026-05-23T04:52:17.047+0000][286.493s][gc,heap     ] GC(113) Survivor regions: 5->5(5)
[2026-05-23T04:52:17.047+0000][286.493s][gc,heap     ] GC(113) Old regions: 119->114
[2026-05-23T04:52:17.047+0000][286.493s][gc,heap     ] GC(113) Archive regions: 2->2
[2026-05-23T04:52:17.047+0000][286.493s][gc,heap     ] GC(113) Humongous regions: 0->0
[2026-05-23T04:52:17.047+0000][286.493s][gc,metaspace] GC(113) Metaspace: 42302K(42880K)->42302K(42880K) NonClass: 37514K(37824K)->37514K(37824K) Class: 4787K(5056K)->4787K(5056K)
[2026-05-23T04:52:17.047+0000][286.493s][gc          ] GC(113) Pause Young (Mixed) (G1 Evacuation Pause) 2557M->1919M(12816M) 189.646ms
[2026-05-23T04:52:17.047+0000][286.493s][gc,cpu      ] GC(113) User=0.73s Sys=0.02s Real=0.19s
[2026-05-23T04:52:19.565+0000][289.011s][gc,start    ] GC(114) Pause Young (Mixed) (G1 Evacuation Pause)
[2026-05-23T04:52:19.565+0000][289.011s][gc,task     ] GC(114) Using 4 workers of 4 for evacuation
[2026-05-23T04:52:19.693+0000][289.139s][gc,phases   ] GC(114)   Pre Evacuate Collection Set: 0.12ms
[2026-05-23T04:52:19.693+0000][289.139s][gc,phases   ] GC(114)   Merge Heap Roots: 0.81ms
[2026-05-23T04:52:19.693+0000][289.139s][gc,phases   ] GC(114)   Evacuate Collection Set: 126.73ms
[2026-05-23T04:52:19.693+0000][289.139s][gc,phases   ] GC(114)   Post Evacuate Collection Set: 0.64ms
[2026-05-23T04:52:19.693+0000][289.139s][gc,phases   ] GC(114)   Other: 0.12ms
[2026-05-23T04:52:19.693+0000][289.139s][gc,heap     ] GC(114) Eden regions: 35->0(35)
[2026-05-23T04:52:19.693+0000][289.139s][gc,heap     ] GC(114) Survivor regions: 5->5(5)
[2026-05-23T04:52:19.693+0000][289.139s][gc,heap     ] GC(114) Old regions: 114->107
[2026-05-23T04:52:19.693+0000][289.139s][gc,heap     ] GC(114) Archive regions: 2->2
[2026-05-23T04:52:19.693+0000][289.139s][gc,heap     ] GC(114) Humongous regions: 0->0
[2026-05-23T04:52:19.693+0000][289.139s][gc,metaspace] GC(114) Metaspace: 42302K(42880K)->42302K(42880K) NonClass: 37514K(37824K)->37514K(37824K) Class: 4787K(5056K)->4787K(5056K)
[2026-05-23T04:52:19.693+0000][289.139s][gc          ] GC(114) Pause Young (Mixed) (G1 Evacuation Pause) 2479M->1807M(12816M) 128.514ms
[2026-05-23T04:52:19.693+0000][289.139s][gc,cpu      ] GC(114) User=0.51s Sys=0.00s Real=0.13s
[2026-05-23T04:52:20.982+0000][290.428s][gc,start    ] GC(115) Pause Young (Normal) (G1 Evacuation Pause)
[2026-05-23T04:52:20.982+0000][290.428s][gc,task     ] GC(115) Using 4 workers of 4 for evacuation
[2026-05-23T04:52:21.255+0000][290.701s][gc,mmu      ] GC(115) MMU target violated: 201.0ms (200.0ms/201.0ms)
[2026-05-23T04:52:21.255+0000][290.701s][gc,phases   ] GC(115)   Pre Evacuate Collection Set: 0.12ms
[2026-05-23T04:52:21.255+0000][290.701s][gc,phases   ] GC(115)   Merge Heap Roots: 0.37ms
[2026-05-23T04:52:21.255+0000][290.701s][gc,phases   ] GC(115)   Evacuate Collection Set: 271.98ms
[2026-05-23T04:52:21.255+0000][290.701s][gc,phases   ] GC(115)   Post Evacuate Collection Set: 0.82ms
[2026-05-23T04:52:21.255+0000][290.701s][gc,phases   ] GC(115)   Other: 0.18ms
[2026-05-23T04:52:21.255+0000][290.701s][gc,heap     ] GC(115) Eden regions: 35->0(35)
[2026-05-23T04:52:21.255+0000][290.701s][gc,heap     ] GC(115) Survivor regions: 5->5(5)
[2026-05-23T04:52:21.255+0000][290.701s][gc,heap     ] GC(115) Old regions: 107->120
[2026-05-23T04:52:21.256+0000][290.701s][gc,heap     ] GC(115) Archive regions: 2->2
[2026-05-23T04:52:21.256+0000][290.701s][gc,heap     ] GC(115) Humongous regions: 0->0
[2026-05-23T04:52:21.256+0000][290.701s][gc,metaspace] GC(115) Metaspace: 42303K(42880K)->42303K(42880K) NonClass: 37515K(37824K)->37515K(37824K) Class: 4787K(5056K)->4787K(5056K)
[2026-05-23T04:52:21.256+0000][290.701s][gc          ] GC(115) Pause Young (Normal) (G1 Evacuation Pause) 2367M->2009M(12816M) 273.538ms
[2026-05-23T04:52:21.256+0000][290.701s][gc,cpu      ] GC(115) User=1.07s Sys=0.00s Real=0.27s
[2026-05-23T04:52:22.345+0000][291.791s][gc,start    ] GC(116) Pause Young (Normal) (G1 Evacuation Pause)
[2026-05-23T04:52:22.345+0000][291.791s][gc,task     ] GC(116) Using 4 workers of 4 for evacuation
[2026-05-23T04:52:22.560+0000][292.006s][gc,mmu      ] GC(116) MMU target violated: 201.0ms (200.0ms/201.0ms)
[2026-05-23T04:52:22.560+0000][292.006s][gc,phases   ] GC(116)   Pre Evacuate Collection Set: 0.11ms
[2026-05-23T04:52:22.560+0000][292.006s][gc,phases   ] GC(116)   Merge Heap Roots: 1.97ms
[2026-05-23T04:52:22.560+0000][292.006s][gc,phases   ] GC(116)   Evacuate Collection Set: 212.32ms
[2026-05-23T04:52:22.560+0000][292.006s][gc,phases   ] GC(116)   Post Evacuate Collection Set: 0.79ms
[2026-05-23T04:52:22.560+0000][292.006s][gc,phases   ] GC(116)   Other: 0.16ms
[2026-05-23T04:52:22.560+0000][292.006s][gc,heap     ] GC(116) Eden regions: 35->0(35)
[2026-05-23T04:52:22.560+0000][292.006s][gc,heap     ] GC(116) Survivor regions: 5->5(5)
[2026-05-23T04:52:22.560+0000][292.006s][gc,heap     ] GC(116) Old regions: 120->127
[2026-05-23T04:52:22.560+0000][292.006s][gc,heap     ] GC(116) Archive regions: 2->2
[2026-05-23T04:52:22.560+0000][292.006s][gc,heap     ] GC(116) Humongous regions: 0->0
[2026-05-23T04:52:22.560+0000][292.006s][gc,metaspace] GC(116) Metaspace: 42303K(42880K)->42303K(42880K) NonClass: 37515K(37824K)->37515K(37824K) Class: 4787K(5056K)->4787K(5056K)
[2026-05-23T04:52:22.560+0000][292.006s][gc          ] GC(116) Pause Young (Normal) (G1 Evacuation Pause) 2569M->2127M(12816M) 215.410ms
[2026-05-23T04:52:22.560+0000][292.006s][gc,cpu      ] GC(116) User=0.85s Sys=0.01s Real=0.22s
[2026-05-23T04:52:27.818+0000][297.264s][gc,start    ] GC(117) Pause Young (Normal) (G1 Evacuation Pause)
[2026-05-23T04:52:27.818+0000][297.264s][gc,task     ] GC(117) Using 4 workers of 4 for evacuation
[2026-05-23T04:52:27.989+0000][297.435s][gc,phases   ] GC(117)   Pre Evacuate Collection Set: 0.12ms
[2026-05-23T04:52:27.989+0000][297.435s][gc,phases   ] GC(117)   Merge Heap Roots: 4.42ms
[2026-05-23T04:52:27.989+0000][297.435s][gc,phases   ] GC(117)   Evacuate Collection Set: 165.54ms
[2026-05-23T04:52:27.989+0000][297.435s][gc,phases   ] GC(117)   Post Evacuate Collection Set: 1.02ms
[2026-05-23T04:52:27.989+0000][297.435s][gc,phases   ] GC(117)   Other: 0.12ms
[2026-05-23T04:52:27.989+0000][297.435s][gc,heap     ] GC(117) Eden regions: 35->0(35)
[2026-05-23T04:52:27.989+0000][297.435s][gc,heap     ] GC(117) Survivor regions: 5->5(5)
[2026-05-23T04:52:27.989+0000][297.435s][gc,heap     ] GC(117) Old regions: 127->130
[2026-05-23T04:52:27.989+0000][297.435s][gc,heap     ] GC(117) Archive regions: 2->2
[2026-05-23T04:52:27.989+0000][297.435s][gc,heap     ] GC(117) Humongous regions: 0->0
[2026-05-23T04:52:27.989+0000][297.435s][gc,metaspace] GC(117) Metaspace: 42303K(42880K)->42303K(42880K) NonClass: 37515K(37824K)->37515K(37824K) Class: 4787K(5056K)->4787K(5056K)
[2026-05-23T04:52:27.989+0000][297.435s][gc          ] GC(117) Pause Young (Normal) (G1 Evacuation Pause) 2687M->2155M(12816M) 171.313ms
[2026-05-23T04:52:27.989+0000][297.435s][gc,cpu      ] GC(117) User=0.68s Sys=0.00s Real=0.18s
[2026-05-23T04:52:29.980+0000][299.426s][gc,start    ] GC(118) Pause Young (Normal) (G1 Evacuation Pause)
[2026-05-23T04:52:29.980+0000][299.426s][gc,task     ] GC(118) Using 4 workers of 4 for evacuation
[2026-05-23T04:52:30.162+0000][299.608s][gc,phases   ] GC(118)   Pre Evacuate Collection Set: 0.11ms
[2026-05-23T04:52:30.162+0000][299.608s][gc,phases   ] GC(118)   Merge Heap Roots: 2.70ms
[2026-05-23T04:52:30.162+0000][299.608s][gc,phases   ] GC(118)   Evacuate Collection Set: 178.62ms
[2026-05-23T04:52:30.162+0000][299.608s][gc,phases   ] GC(118)   Post Evacuate Collection Set: 0.40ms
[2026-05-23T04:52:30.162+0000][299.608s][gc,phases   ] GC(118)   Other: 0.13ms
[2026-05-23T04:52:30.162+0000][299.608s][gc,heap     ] GC(118) Eden regions: 35->0(39)
[2026-05-23T04:52:30.162+0000][299.608s][gc,heap     ] GC(118) Survivor regions: 5->1(5)
[2026-05-23T04:52:30.162+0000][299.608s][gc,heap     ] GC(118) Old regions: 130->133
[2026-05-23T04:52:30.162+0000][299.608s][gc,heap     ] GC(118) Archive regions: 2->2
[2026-05-23T04:52:30.162+0000][299.608s][gc,heap     ] GC(118) Humongous regions: 0->0
[2026-05-23T04:52:30.162+0000][299.608s][gc,metaspace] GC(118) Metaspace: 42303K(42880K)->42303K(42880K) NonClass: 37515K(37824K)->37515K(37824K) Class: 4787K(5056K)->4787K(5056K)
[2026-05-23T04:52:30.162+0000][299.608s][gc          ] GC(118) Pause Young (Normal) (G1 Evacuation Pause) 2715M->2154M(12816M) 182.077ms
[2026-05-23T04:52:30.162+0000][299.608s][gc,cpu      ] GC(118) User=0.72s Sys=0.00s Real=0.18s
[2026-05-23T04:52:32.525+0000][301.970s][gc,start    ] GC(119) Pause Young (Normal) (G1 Evacuation Pause)
[2026-05-23T04:52:32.525+0000][301.970s][gc,task     ] GC(119) Using 4 workers of 4 for evacuation
[2026-05-23T04:52:32.623+0000][302.068s][gc,phases   ] GC(119)   Pre Evacuate Collection Set: 0.12ms
[2026-05-23T04:52:32.623+0000][302.068s][gc,phases   ] GC(119)   Merge Heap Roots: 0.19ms
[2026-05-23T04:52:32.623+0000][302.068s][gc,phases   ] GC(119)   Evacuate Collection Set: 97.24ms
[2026-05-23T04:52:32.623+0000][302.068s][gc,phases   ] GC(119)   Post Evacuate Collection Set: 0.44ms
[2026-05-23T04:52:32.623+0000][302.068s][gc,phases   ] GC(119)   Other: 0.13ms
[2026-05-23T04:52:32.623+0000][302.068s][gc,heap     ] GC(119) Eden regions: 39->0(35)
[2026-05-23T04:52:32.623+0000][302.069s][gc,heap     ] GC(119) Survivor regions: 1->5(5)
[2026-05-23T04:52:32.623+0000][302.069s][gc,heap     ] GC(119) Old regions: 133->135
[2026-05-23T04:52:32.623+0000][302.069s][gc,heap     ] GC(119) Archive regions: 2->2
[2026-05-23T04:52:32.623+0000][302.069s][gc,heap     ] GC(119) Humongous regions: 0->0
[2026-05-23T04:52:32.623+0000][302.069s][gc,metaspace] GC(119) Metaspace: 42303K(42880K)->42303K(42880K) NonClass: 37515K(37824K)->37515K(37824K) Class: 4787K(5056K)->4787K(5056K)
[2026-05-23T04:52:32.623+0000][302.069s][gc          ] GC(119) Pause Young (Normal) (G1 Evacuation Pause) 2778M->2249M(12816M) 98.240ms
[2026-05-23T04:52:32.623+0000][302.069s][gc,cpu      ] GC(119) User=0.39s Sys=0.00s Real=0.10s
[2026-05-23T04:52:34.804+0000][304.250s][gc,start    ] GC(120) Pause Young (Normal) (G1 Evacuation Pause)
[2026-05-23T04:52:34.805+0000][304.250s][gc,task     ] GC(120) Using 4 workers of 4 for evacuation
[2026-05-23T04:52:34.887+0000][304.333s][gc,phases   ] GC(120)   Pre Evacuate Collection Set: 0.13ms
[2026-05-23T04:52:34.887+0000][304.333s][gc,phases   ] GC(120)   Merge Heap Roots: 0.34ms
[2026-05-23T04:52:34.887+0000][304.333s][gc,phases   ] GC(120)   Evacuate Collection Set: 81.09ms
[2026-05-23T04:52:34.887+0000][304.333s][gc,phases   ] GC(120)   Post Evacuate Collection Set: 0.46ms
[2026-05-23T04:52:34.887+0000][304.333s][gc,phases   ] GC(120)   Other: 0.51ms
[2026-05-23T04:52:34.887+0000][304.333s][gc,heap     ] GC(120) Eden regions: 35->0(37)
[2026-05-23T04:52:34.887+0000][304.333s][gc,heap     ] GC(120) Survivor regions: 5->3(5)
[2026-05-23T04:52:34.887+0000][304.333s][gc,heap     ] GC(120) Old regions: 135->136
[2026-05-23T04:52:34.887+0000][304.333s][gc,heap     ] GC(120) Archive regions: 2->2
[2026-05-23T04:52:34.887+0000][304.333s][gc,heap     ] GC(120) Humongous regions: 0->0
[2026-05-23T04:52:34.887+0000][304.333s][gc,metaspace] GC(120) Metaspace: 42303K(42880K)->42303K(42880K) NonClass: 37515K(37824K)->37515K(37824K) Class: 4787K(5056K)->4787K(5056K)
[2026-05-23T04:52:34.887+0000][304.333s][gc          ] GC(120) Pause Young (Normal) (G1 Evacuation Pause) 2809M->2229M(12816M) 82.616ms
[2026-05-23T04:52:34.887+0000][304.333s][gc,cpu      ] GC(120) User=0.32s Sys=0.00s Real=0.08s
[2026-05-23T04:52:36.863+0000][306.308s][gc,start    ] GC(121) Pause Young (Normal) (G1 Evacuation Pause)
[2026-05-23T04:52:36.863+0000][306.308s][gc,task     ] GC(121) Using 4 workers of 4 for evacuation
[2026-05-23T04:52:36.930+0000][306.376s][gc,phases   ] GC(121)   Pre Evacuate Collection Set: 0.12ms
[2026-05-23T04:52:36.930+0000][306.376s][gc,phases   ] GC(121)   Merge Heap Roots: 0.29ms
[2026-05-23T04:52:36.930+0000][306.376s][gc,phases   ] GC(121)   Evacuate Collection Set: 66.72ms
[2026-05-23T04:52:36.930+0000][306.376s][gc,phases   ] GC(121)   Post Evacuate Collection Set: 0.46ms
[2026-05-23T04:52:36.930+0000][306.376s][gc,phases   ] GC(121)   Other: 0.14ms
[2026-05-23T04:52:36.930+0000][306.376s][gc,heap     ] GC(121) Eden regions: 37->0(37)
[2026-05-23T04:52:36.930+0000][306.376s][gc,heap     ] GC(121) Survivor regions: 3->3(5)
[2026-05-23T04:52:36.930+0000][306.376s][gc,heap     ] GC(121) Old regions: 136->137
[2026-05-23T04:52:36.930+0000][306.376s][gc,heap     ] GC(121) Archive regions: 2->2
[2026-05-23T04:52:36.930+0000][306.376s][gc,heap     ] GC(121) Humongous regions: 0->0
[2026-05-23T04:52:36.930+0000][306.376s][gc,metaspace] GC(121) Metaspace: 42303K(42880K)->42303K(42880K) NonClass: 37516K(37824K)->37516K(37824K) Class: 4787K(5056K)->4787K(5056K)
[2026-05-23T04:52:36.930+0000][306.376s][gc          ] GC(121) Pause Young (Normal) (G1 Evacuation Pause) 2821M->2240M(12816M) 67.811ms
[2026-05-23T04:52:36.930+0000][306.376s][gc,cpu      ] GC(121) User=0.26s Sys=0.01s Real=0.07s
[2026-05-23T04:52:39.361+0000][308.807s][gc,start    ] GC(122) Pause Young (Normal) (G1 Evacuation Pause)
[2026-05-23T04:52:39.361+0000][308.807s][gc,task     ] GC(122) Using 4 workers of 4 for evacuation
[2026-05-23T04:52:39.407+0000][308.853s][gc,phases   ] GC(122)   Pre Evacuate Collection Set: 0.11ms
[2026-05-23T04:52:39.407+0000][308.853s][gc,phases   ] GC(122)   Merge Heap Roots: 0.20ms
[2026-05-23T04:52:39.407+0000][308.853s][gc,phases   ] GC(122)   Evacuate Collection Set: 45.31ms
[2026-05-23T04:52:39.407+0000][308.853s][gc,phases   ] GC(122)   Post Evacuate Collection Set: 0.43ms
[2026-05-23T04:52:39.407+0000][308.853s][gc,phases   ] GC(122)   Other: 0.13ms
[2026-05-23T04:52:39.407+0000][308.853s][gc,heap     ] GC(122) Eden regions: 37->0(36)
[2026-05-23T04:52:39.407+0000][308.853s][gc,heap     ] GC(122) Survivor regions: 3->4(5)
[2026-05-23T04:52:39.407+0000][308.853s][gc,heap     ] GC(122) Old regions: 137->137
[2026-05-23T04:52:39.407+0000][308.853s][gc,heap     ] GC(122) Archive regions: 2->2
[2026-05-23T04:52:39.407+0000][308.853s][gc,heap     ] GC(122) Humongous regions: 0->0
[2026-05-23T04:52:39.407+0000][308.853s][gc,metaspace] GC(122) Metaspace: 42303K(42880K)->42303K(42880K) NonClass: 37516K(37824K)->37516K(37824K) Class: 4787K(5056K)->4787K(5056K)
[2026-05-23T04:52:39.407+0000][308.853s][gc          ] GC(122) Pause Young (Normal) (G1 Evacuation Pause) 2832M->2253M(12816M) 46.272ms
[2026-05-23T04:52:39.407+0000][308.853s][gc,cpu      ] GC(122) User=0.18s Sys=0.00s Real=0.04s
[2026-05-23T04:52:41.692+0000][311.138s][gc,start    ] GC(123) Pause Young (Normal) (G1 Evacuation Pause)
[2026-05-23T04:52:41.692+0000][311.138s][gc,task     ] GC(123) Using 4 workers of 4 for evacuation
[2026-05-23T04:52:41.818+0000][311.264s][gc,phases   ] GC(123)   Pre Evacuate Collection Set: 0.11ms
[2026-05-23T04:52:41.818+0000][311.264s][gc,phases   ] GC(123)   Merge Heap Roots: 0.21ms
[2026-05-23T04:52:41.818+0000][311.264s][gc,phases   ] GC(123)   Evacuate Collection Set: 124.62ms
[2026-05-23T04:52:41.818+0000][311.264s][gc,phases   ] GC(123)   Post Evacuate Collection Set: 0.58ms
[2026-05-23T04:52:41.818+0000][311.264s][gc,phases   ] GC(123)   Other: 0.11ms
[2026-05-23T04:52:41.818+0000][311.264s][gc,heap     ] GC(123) Eden regions: 36->0(53)
[2026-05-23T04:52:41.818+0000][311.264s][gc,heap     ] GC(123) Survivor regions: 4->5(5)
[2026-05-23T04:52:41.818+0000][311.264s][gc,heap     ] GC(123) Old regions: 137->140
[2026-05-23T04:52:41.818+0000][311.264s][gc,heap     ] GC(123) Archive regions: 2->2
[2026-05-23T04:52:41.818+0000][311.264s][gc,heap     ] GC(123) Humongous regions: 0->0
[2026-05-23T04:52:41.818+0000][311.264s][gc,metaspace] GC(123) Metaspace: 42303K(42880K)->42303K(42880K) NonClass: 37516K(37824K)->37516K(37824K) Class: 4787K(5056K)->4787K(5056K)
[2026-05-23T04:52:41.818+0000][311.264s][gc          ] GC(123) Pause Young (Normal) (G1 Evacuation Pause) 2829M->2325M(12816M) 125.740ms
[2026-05-23T04:52:41.818+0000][311.264s][gc,cpu      ] GC(123) User=0.49s Sys=0.00s Real=0.12s
[2026-05-23T04:52:44.209+0000][313.655s][gc,start    ] GC(124) Pause Young (Normal) (G1 Evacuation Pause)
[2026-05-23T04:52:44.209+0000][313.655s][gc,task     ] GC(124) Using 4 workers of 4 for evacuation
[2026-05-23T04:52:44.369+0000][313.815s][gc,phases   ] GC(124)   Pre Evacuate Collection Set: 0.13ms
[2026-05-23T04:52:44.369+0000][313.815s][gc,phases   ] GC(124)   Merge Heap Roots: 1.46ms
[2026-05-23T04:52:44.369+0000][313.815s][gc,phases   ] GC(124)   Evacuate Collection Set: 157.87ms
[2026-05-23T04:52:44.369+0000][313.815s][gc,phases   ] GC(124)   Post Evacuate Collection Set: 0.63ms
[2026-05-23T04:52:44.369+0000][313.815s][gc,phases   ] GC(124)   Other: 0.11ms
[2026-05-23T04:52:44.369+0000][313.815s][gc,heap     ] GC(124) Eden regions: 35->0(35)
[2026-05-23T04:52:44.369+0000][313.815s][gc,heap     ] GC(124) Survivor regions: 5->5(5)
[2026-05-23T04:52:44.369+0000][313.815s][gc,heap     ] GC(124) Old regions: 140->145
[2026-05-23T04:52:44.369+0000][313.815s][gc,heap     ] GC(124) Archive regions: 2->2
[2026-05-23T04:52:44.369+0000][313.815s][gc,heap     ] GC(124) Humongous regions: 0->0
[2026-05-23T04:52:44.369+0000][313.815s][gc,metaspace] GC(124) Metaspace: 42303K(42880K)->42303K(42880K) NonClass: 37516K(37824K)->37516K(37824K) Class: 4787K(5056K)->4787K(5056K)
[2026-05-23T04:52:44.369+0000][313.815s][gc          ] GC(124) Pause Young (Normal) (G1 Evacuation Pause) 2885M->2415M(12816M) 160.307ms
[2026-05-23T04:52:44.369+0000][313.815s][gc,cpu      ] GC(124) User=0.64s Sys=0.00s Real=0.16s
[2026-05-23T04:52:47.028+0000][316.474s][gc,start    ] GC(125) Pause Young (Normal) (G1 Evacuation Pause)
[2026-05-23T04:52:47.028+0000][316.474s][gc,task     ] GC(125) Using 4 workers of 4 for evacuation
[2026-05-23T04:52:47.153+0000][316.598s][gc,phases   ] GC(125)   Pre Evacuate Collection Set: 0.13ms
[2026-05-23T04:52:47.153+0000][316.598s][gc,phases   ] GC(125)   Merge Heap Roots: 1.66ms
[2026-05-23T04:52:47.153+0000][316.598s][gc,phases   ] GC(125)   Evacuate Collection Set: 121.77ms
[2026-05-23T04:52:47.153+0000][316.598s][gc,phases   ] GC(125)   Post Evacuate Collection Set: 0.64ms
[2026-05-23T04:52:47.153+0000][316.598s][gc,phases   ] GC(125)   Other: 0.14ms
[2026-05-23T04:52:47.153+0000][316.598s][gc,heap     ] GC(125) Eden regions: 35->0(35)
[2026-05-23T04:52:47.153+0000][316.598s][gc,heap     ] GC(125) Survivor regions: 5->5(5)
[2026-05-23T04:52:47.153+0000][316.598s][gc,heap     ] GC(125) Old regions: 145->148
[2026-05-23T04:52:47.153+0000][316.598s][gc,heap     ] GC(125) Archive regions: 2->2
[2026-05-23T04:52:47.153+0000][316.598s][gc,heap     ] GC(125) Humongous regions: 0->0
[2026-05-23T04:52:47.153+0000][316.598s][gc,metaspace] GC(125) Metaspace: 42303K(42880K)->42303K(42880K) NonClass: 37516K(37824K)->37516K(37824K) Class: 4787K(5056K)->4787K(5056K)
[2026-05-23T04:52:47.153+0000][316.599s][gc          ] GC(125) Pause Young (Normal) (G1 Evacuation Pause) 2975M->2451M(12816M) 124.416ms
[2026-05-23T04:52:47.153+0000][316.599s][gc,cpu      ] GC(125) User=0.49s Sys=0.00s Real=0.13s
[2026-05-23T04:52:50.001+0000][319.447s][gc,start    ] GC(126) Pause Young (Normal) (G1 Evacuation Pause)
[2026-05-23T04:52:50.001+0000][319.447s][gc,task     ] GC(126) Using 4 workers of 4 for evacuation
[2026-05-23T04:52:50.088+0000][319.534s][gc,phases   ] GC(126)   Pre Evacuate Collection Set: 0.11ms
[2026-05-23T04:52:50.088+0000][319.534s][gc,phases   ] GC(126)   Merge Heap Roots: 1.08ms
[2026-05-23T04:52:50.088+0000][319.534s][gc,phases   ] GC(126)   Evacuate Collection Set: 85.27ms
[2026-05-23T04:52:50.088+0000][319.534s][gc,phases   ] GC(126)   Post Evacuate Collection Set: 0.49ms
[2026-05-23T04:52:50.088+0000][319.534s][gc,phases   ] GC(126)   Other: 0.13ms
[2026-05-23T04:52:50.088+0000][319.534s][gc,heap     ] GC(126) Eden regions: 35->0(36)
[2026-05-23T04:52:50.088+0000][319.534s][gc,heap     ] GC(126) Survivor regions: 5->4(5)
[2026-05-23T04:52:50.088+0000][319.534s][gc,heap     ] GC(126) Old regions: 148->150
[2026-05-23T04:52:50.088+0000][319.534s][gc,heap     ] GC(126) Archive regions: 2->2
[2026-05-23T04:52:50.088+0000][319.534s][gc,heap     ] GC(126) Humongous regions: 0->0
[2026-05-23T04:52:50.088+0000][319.534s][gc,metaspace] GC(126) Metaspace: 42303K(42880K)->42303K(42880K) NonClass: 37516K(37824K)->37516K(37824K) Class: 4787K(5056K)->4787K(5056K)
[2026-05-23T04:52:50.089+0000][319.534s][gc          ] GC(126) Pause Young (Normal) (G1 Evacuation Pause) 3011M->2473M(12816M) 87.180ms
[2026-05-23T04:52:50.089+0000][319.534s][gc,cpu      ] GC(126) User=0.34s Sys=0.00s Real=0.08s
[2026-05-23T04:52:51.519+0000][320.965s][gc,start    ] GC(127) Pause Young (Normal) (G1 Evacuation Pause)
[2026-05-23T04:52:51.519+0000][320.965s][gc,task     ] GC(127) Using 4 workers of 4 for evacuation
[2026-05-23T04:52:51.675+0000][321.121s][gc,phases   ] GC(127)   Pre Evacuate Collection Set: 0.13ms
[2026-05-23T04:52:51.675+0000][321.121s][gc,phases   ] GC(127)   Merge Heap Roots: 0.34ms
[2026-05-23T04:52:51.675+0000][321.121s][gc,phases   ] GC(127)   Evacuate Collection Set: 154.50ms
[2026-05-23T04:52:51.675+0000][321.121s][gc,phases   ] GC(127)   Post Evacuate Collection Set: 0.54ms
[2026-05-23T04:52:51.675+0000][321.121s][gc,phases   ] GC(127)   Other: 0.12ms
[2026-05-23T04:52:51.675+0000][321.121s][gc,heap     ] GC(127) Eden regions: 36->0(35)
[2026-05-23T04:52:51.675+0000][321.121s][gc,heap     ] GC(127) Survivor regions: 4->5(5)
[2026-05-23T04:52:51.675+0000][321.121s][gc,heap     ] GC(127) Old regions: 150->155
[2026-05-23T04:52:51.675+0000][321.121s][gc,heap     ] GC(127) Archive regions: 2->2
[2026-05-23T04:52:51.675+0000][321.121s][gc,heap     ] GC(127) Humongous regions: 0->0
[2026-05-23T04:52:51.675+0000][321.121s][gc,metaspace] GC(127) Metaspace: 42303K(42880K)->42303K(42880K) NonClass: 37516K(37824K)->37516K(37824K) Class: 4787K(5056K)->4787K(5056K)
[2026-05-23T04:52:51.675+0000][321.121s][gc          ] GC(127) Pause Young (Normal) (G1 Evacuation Pause) 3049M->2575M(12816M) 155.713ms
[2026-05-23T04:52:51.675+0000][321.121s][gc,cpu      ] GC(127) User=0.62s Sys=0.00s Real=0.15s
[2026-05-23T04:52:52.872+0000][322.318s][gc,start    ] GC(128) Pause Young (Normal) (G1 Evacuation Pause)
[2026-05-23T04:52:52.872+0000][322.318s][gc,task     ] GC(128) Using 4 workers of 4 for evacuation
[2026-05-23T04:52:53.106+0000][322.551s][gc,mmu      ] GC(128) MMU target violated: 201.0ms (200.0ms/201.0ms)
[2026-05-23T04:52:53.106+0000][322.552s][gc,phases   ] GC(128)   Pre Evacuate Collection Set: 0.12ms
[2026-05-23T04:52:53.106+0000][322.552s][gc,phases   ] GC(128)   Merge Heap Roots: 1.13ms
[2026-05-23T04:52:53.106+0000][322.552s][gc,phases   ] GC(128)   Evacuate Collection Set: 231.47ms
[2026-05-23T04:52:53.106+0000][322.552s][gc,phases   ] GC(128)   Post Evacuate Collection Set: 1.03ms
[2026-05-23T04:52:53.106+0000][322.552s][gc,phases   ] GC(128)   Other: 0.19ms
[2026-05-23T04:52:53.106+0000][322.552s][gc,heap     ] GC(128) Eden regions: 35->0(35)
[2026-05-23T04:52:53.106+0000][322.552s][gc,heap     ] GC(128) Survivor regions: 5->5(5)
[2026-05-23T04:52:53.106+0000][322.552s][gc,heap     ] GC(128) Old regions: 155->165
[2026-05-23T04:52:53.106+0000][322.552s][gc,heap     ] GC(128) Archive regions: 2->2
[2026-05-23T04:52:53.106+0000][322.552s][gc,heap     ] GC(128) Humongous regions: 0->0
[2026-05-23T04:52:53.106+0000][322.552s][gc,metaspace] GC(128) Metaspace: 42303K(42880K)->42303K(42880K) NonClass: 37516K(37824K)->37516K(37824K) Class: 4787K(5056K)->4787K(5056K)
[2026-05-23T04:52:53.106+0000][322.552s][gc          ] GC(128) Pause Young (Normal) (G1 Evacuation Pause) 3135M->2723M(12816M) 233.999ms
[2026-05-23T04:52:53.106+0000][322.552s][gc,cpu      ] GC(128) User=0.92s Sys=0.00s Real=0.23s
[2026-05-23T04:52:57.036+0000][326.482s][gc,start    ] GC(129) Pause Young (Normal) (G1 Evacuation Pause)
[2026-05-23T04:52:57.036+0000][326.482s][gc,task     ] GC(129) Using 4 workers of 4 for evacuation
[2026-05-23T04:52:57.193+0000][326.639s][gc,phases   ] GC(129)   Pre Evacuate Collection Set: 0.11ms
[2026-05-23T04:52:57.193+0000][326.639s][gc,phases   ] GC(129)   Merge Heap Roots: 3.06ms
[2026-05-23T04:52:57.193+0000][326.639s][gc,phases   ] GC(129)   Evacuate Collection Set: 153.29ms
[2026-05-23T04:52:57.193+0000][326.639s][gc,phases   ] GC(129)   Post Evacuate Collection Set: 0.90ms
[2026-05-23T04:52:57.193+0000][326.639s][gc,phases   ] GC(129)   Other: 0.13ms
[2026-05-23T04:52:57.193+0000][326.639s][gc,heap     ] GC(129) Eden regions: 35->0(35)
[2026-05-23T04:52:57.193+0000][326.639s][gc,heap     ] GC(129) Survivor regions: 5->5(5)
[2026-05-23T04:52:57.193+0000][326.639s][gc,heap     ] GC(129) Old regions: 165->167
[2026-05-23T04:52:57.193+0000][326.639s][gc,heap     ] GC(129) Archive regions: 2->2
[2026-05-23T04:52:57.193+0000][326.639s][gc,heap     ] GC(129) Humongous regions: 0->0
[2026-05-23T04:52:57.194+0000][326.639s][gc,metaspace] GC(129) Metaspace: 42305K(42880K)->42305K(42880K) NonClass: 37517K(37824K)->37517K(37824K) Class: 4787K(5056K)->4787K(5056K)
[2026-05-23T04:52:57.194+0000][326.639s][gc          ] GC(129) Pause Young (Normal) (G1 Evacuation Pause) 3283M->2767M(12816M) 157.604ms
[2026-05-23T04:52:57.194+0000][326.639s][gc,cpu      ] GC(129) User=0.61s Sys=0.00s Real=0.16s
[2026-05-23T04:52:58.585+0000][328.031s][gc,start    ] GC(130) Pause Young (Normal) (G1 Evacuation Pause)
[2026-05-23T04:52:58.585+0000][328.031s][gc,task     ] GC(130) Using 4 workers of 4 for evacuation
[2026-05-23T04:52:58.895+0000][328.341s][gc,mmu      ] GC(130) MMU target violated: 201.0ms (200.0ms/201.0ms)
[2026-05-23T04:52:58.895+0000][328.341s][gc,phases   ] GC(130)   Pre Evacuate Collection Set: 0.12ms
[2026-05-23T04:52:58.895+0000][328.341s][gc,phases   ] GC(130)   Merge Heap Roots: 2.34ms
[2026-05-23T04:52:58.895+0000][328.341s][gc,phases   ] GC(130)   Evacuate Collection Set: 306.66ms
[2026-05-23T04:52:58.895+0000][328.341s][gc,phases   ] GC(130)   Post Evacuate Collection Set: 0.71ms
[2026-05-23T04:52:58.895+0000][328.341s][gc,phases   ] GC(130)   Other: 0.18ms
[2026-05-23T04:52:58.895+0000][328.341s][gc,heap     ] GC(130) Eden regions: 35->0(35)
[2026-05-23T04:52:58.895+0000][328.341s][gc,heap     ] GC(130) Survivor regions: 5->5(5)
[2026-05-23T04:52:58.895+0000][328.341s][gc,heap     ] GC(130) Old regions: 167->176
[2026-05-23T04:52:58.895+0000][328.341s][gc,heap     ] GC(130) Archive regions: 2->2
[2026-05-23T04:52:58.895+0000][328.341s][gc,heap     ] GC(130) Humongous regions: 0->0
[2026-05-23T04:52:58.895+0000][328.341s][gc,metaspace] GC(130) Metaspace: 42305K(42880K)->42305K(42880K) NonClass: 37517K(37824K)->37517K(37824K) Class: 4787K(5056K)->4787K(5056K)
[2026-05-23T04:52:58.895+0000][328.341s][gc          ] GC(130) Pause Young (Normal) (G1 Evacuation Pause) 3327M->2907M(12816M) 310.075ms
[2026-05-23T04:52:58.895+0000][328.341s][gc,cpu      ] GC(130) User=1.21s Sys=0.00s Real=0.31s
[2026-05-23T04:53:02.454+0000][331.899s][gc,start    ] GC(131) Pause Young (Normal) (G1 Evacuation Pause)
[2026-05-23T04:53:02.454+0000][331.899s][gc,task     ] GC(131) Using 4 workers of 4 for evacuation
[2026-05-23T04:53:02.653+0000][332.099s][gc,phases   ] GC(131)   Pre Evacuate Collection Set: 0.11ms
[2026-05-23T04:53:02.653+0000][332.099s][gc,phases   ] GC(131)   Merge Heap Roots: 2.16ms
[2026-05-23T04:53:02.653+0000][332.099s][gc,phases   ] GC(131)   Evacuate Collection Set: 196.67ms
[2026-05-23T04:53:02.653+0000][332.099s][gc,phases   ] GC(131)   Post Evacuate Collection Set: 0.65ms
[2026-05-23T04:53:02.653+0000][332.099s][gc,phases   ] GC(131)   Other: 0.14ms
[2026-05-23T04:53:02.653+0000][332.099s][gc,heap     ] GC(131) Eden regions: 35->0(35)
[2026-05-23T04:53:02.653+0000][332.099s][gc,heap     ] GC(131) Survivor regions: 5->5(5)
[2026-05-23T04:53:02.653+0000][332.099s][gc,heap     ] GC(131) Old regions: 176->183
[2026-05-23T04:53:02.653+0000][332.099s][gc,heap     ] GC(131) Archive regions: 2->2
[2026-05-23T04:53:02.653+0000][332.099s][gc,heap     ] GC(131) Humongous regions: 0->0
[2026-05-23T04:53:02.653+0000][332.099s][gc,metaspace] GC(131) Metaspace: 42305K(42880K)->42305K(42880K) NonClass: 37517K(37824K)->37517K(37824K) Class: 4787K(5056K)->4787K(5056K)
[2026-05-23T04:53:02.653+0000][332.099s][gc          ] GC(131) Pause Young (Normal) (G1 Evacuation Pause) 3467M->3013M(12816M) 199.831ms
[2026-05-23T04:53:02.654+0000][332.099s][gc,cpu      ] GC(131) User=0.79s Sys=0.00s Real=0.20s
[2026-05-23T04:53:03.895+0000][333.341s][gc,start    ] GC(132) Pause Young (Normal) (G1 Evacuation Pause)
[2026-05-23T04:53:03.895+0000][333.341s][gc,task     ] GC(132) Using 4 workers of 4 for evacuation
[2026-05-23T04:53:04.134+0000][333.580s][gc,mmu      ] GC(132) MMU target violated: 201.0ms (200.0ms/201.0ms)
[2026-05-23T04:53:04.134+0000][333.580s][gc,phases   ] GC(132)   Pre Evacuate Collection Set: 0.10ms
[2026-05-23T04:53:04.134+0000][333.580s][gc,phases   ] GC(132)   Merge Heap Roots: 1.86ms
[2026-05-23T04:53:04.134+0000][333.580s][gc,phases   ] GC(132)   Evacuate Collection Set: 235.87ms
[2026-05-23T04:53:04.134+0000][333.580s][gc,phases   ] GC(132)   Post Evacuate Collection Set: 0.92ms
[2026-05-23T04:53:04.134+0000][333.580s][gc,phases   ] GC(132)   Other: 0.20ms
[2026-05-23T04:53:04.134+0000][333.580s][gc,heap     ] GC(132) Eden regions: 35->0(35)
[2026-05-23T04:53:04.134+0000][333.580s][gc,heap     ] GC(132) Survivor regions: 5->5(5)
[2026-05-23T04:53:04.134+0000][333.580s][gc,heap     ] GC(132) Old regions: 183->191
[2026-05-23T04:53:04.134+0000][333.580s][gc,heap     ] GC(132) Archive regions: 2->2
[2026-05-23T04:53:04.134+0000][333.580s][gc,heap     ] GC(132) Humongous regions: 0->0
[2026-05-23T04:53:04.134+0000][333.580s][gc,metaspace] GC(132) Metaspace: 42305K(42880K)->42305K(42880K) NonClass: 37517K(37824K)->37517K(37824K) Class: 4787K(5056K)->4787K(5056K)
[2026-05-23T04:53:04.134+0000][333.580s][gc          ] GC(132) Pause Young (Normal) (G1 Evacuation Pause) 3573M->3151M(12816M) 239.008ms
[2026-05-23T04:53:04.134+0000][333.580s][gc,cpu      ] GC(132) User=0.94s Sys=0.00s Real=0.24s
[2026-05-23T04:53:08.096+0000][337.541s][gc,start    ] GC(133) Pause Young (Normal) (G1 Evacuation Pause)
[2026-05-23T04:53:08.096+0000][337.541s][gc,task     ] GC(133) Using 4 workers of 4 for evacuation
[2026-05-23T04:53:08.294+0000][337.740s][gc,phases   ] GC(133)   Pre Evacuate Collection Set: 0.11ms
[2026-05-23T04:53:08.294+0000][337.740s][gc,phases   ] GC(133)   Merge Heap Roots: 3.45ms
[2026-05-23T04:53:08.294+0000][337.740s][gc,phases   ] GC(133)   Evacuate Collection Set: 191.43ms
[2026-05-23T04:53:08.294+0000][337.740s][gc,phases   ] GC(133)   Post Evacuate Collection Set: 3.45ms
[2026-05-23T04:53:08.294+0000][337.740s][gc,phases   ] GC(133)   Other: 0.13ms
[2026-05-23T04:53:08.294+0000][337.740s][gc,heap     ] GC(133) Eden regions: 35->0(42)
[2026-05-23T04:53:08.294+0000][337.740s][gc,heap     ] GC(133) Survivor regions: 5->5(5)
[2026-05-23T04:53:08.294+0000][337.740s][gc,heap     ] GC(133) Old regions: 191->196
[2026-05-23T04:53:08.294+0000][337.740s][gc,heap     ] GC(133) Archive regions: 2->2
[2026-05-23T04:53:08.294+0000][337.740s][gc,heap     ] GC(133) Humongous regions: 0->0
[2026-05-23T04:53:08.294+0000][337.740s][gc,metaspace] GC(133) Metaspace: 42305K(42880K)->42305K(42880K) NonClass: 37517K(37824K)->37517K(37824K) Class: 4787K(5056K)->4787K(5056K)
[2026-05-23T04:53:08.294+0000][337.740s][gc          ] GC(133) Pause Young (Normal) (G1 Evacuation Pause) 3711M->3222M(15088M) 198.661ms
[2026-05-23T04:53:08.294+0000][337.740s][gc,cpu      ] GC(133) User=0.77s Sys=0.00s Real=0.20s
[2026-05-23T04:53:11.480+0000][340.926s][gc,start    ] GC(134) Pause Young (Normal) (G1 Evacuation Pause)
[2026-05-23T04:53:11.480+0000][340.926s][gc,task     ] GC(134) Using 4 workers of 4 for evacuation
[2026-05-23T04:53:11.617+0000][341.062s][gc,phases   ] GC(134)   Pre Evacuate Collection Set: 0.13ms
[2026-05-23T04:53:11.617+0000][341.062s][gc,phases   ] GC(134)   Merge Heap Roots: 2.84ms
[2026-05-23T04:53:11.617+0000][341.062s][gc,phases   ] GC(134)   Evacuate Collection Set: 132.55ms
[2026-05-23T04:53:11.617+0000][341.062s][gc,phases   ] GC(134)   Post Evacuate Collection Set: 0.52ms
[2026-05-23T04:53:11.617+0000][341.062s][gc,phases   ] GC(134)   Other: 0.13ms
[2026-05-23T04:53:11.617+0000][341.062s][gc,heap     ] GC(134) Eden regions: 42->0(41)
[2026-05-23T04:53:11.617+0000][341.062s][gc,heap     ] GC(134) Survivor regions: 5->6(6)
[2026-05-23T04:53:11.617+0000][341.062s][gc,heap     ] GC(134) Old regions: 196->197
[2026-05-23T04:53:11.617+0000][341.062s][gc,heap     ] GC(134) Archive regions: 2->2
[2026-05-23T04:53:11.617+0000][341.062s][gc,heap     ] GC(134) Humongous regions: 0->0
[2026-05-23T04:53:11.617+0000][341.062s][gc,metaspace] GC(134) Metaspace: 42307K(42880K)->42307K(42880K) NonClass: 37519K(37824K)->37519K(37824K) Class: 4787K(5056K)->4787K(5056K)
[2026-05-23T04:53:11.617+0000][341.062s][gc          ] GC(134) Pause Young (Normal) (G1 Evacuation Pause) 3894M->3250M(15088M) 136.269ms
[2026-05-23T04:53:11.617+0000][341.062s][gc,cpu      ] GC(134) User=0.51s Sys=0.01s Real=0.13s
[2026-05-23T04:53:13.152+0000][342.598s][gc,start    ] GC(135) Pause Young (Normal) (G1 Evacuation Pause)
[2026-05-23T04:53:13.152+0000][342.598s][gc,task     ] GC(135) Using 4 workers of 4 for evacuation
[2026-05-23T04:53:13.441+0000][342.887s][gc,mmu      ] GC(135) MMU target violated: 201.0ms (200.0ms/201.0ms)
[2026-05-23T04:53:13.441+0000][342.887s][gc,phases   ] GC(135)   Pre Evacuate Collection Set: 0.11ms
[2026-05-23T04:53:13.441+0000][342.887s][gc,phases   ] GC(135)   Merge Heap Roots: 0.28ms
[2026-05-23T04:53:13.441+0000][342.887s][gc,phases   ] GC(135)   Evacuate Collection Set: 287.53ms
[2026-05-23T04:53:13.441+0000][342.887s][gc,phases   ] GC(135)   Post Evacuate Collection Set: 0.74ms
[2026-05-23T04:53:13.441+0000][342.887s][gc,phases   ] GC(135)   Other: 0.15ms
[2026-05-23T04:53:13.441+0000][342.887s][gc,heap     ] GC(135) Eden regions: 41->0(41)
[2026-05-23T04:53:13.441+0000][342.887s][gc,heap     ] GC(135) Survivor regions: 6->6(6)
[2026-05-23T04:53:13.441+0000][342.887s][gc,heap     ] GC(135) Old regions: 197->205
[2026-05-23T04:53:13.441+0000][342.887s][gc,heap     ] GC(135) Archive regions: 2->2
[2026-05-23T04:53:13.441+0000][342.887s][gc,heap     ] GC(135) Humongous regions: 0->0
[2026-05-23T04:53:13.441+0000][342.887s][gc,metaspace] GC(135) Metaspace: 42309K(42880K)->42309K(42880K) NonClass: 37522K(37824K)->37522K(37824K) Class: 4787K(5056K)->4787K(5056K)
[2026-05-23T04:53:13.441+0000][342.887s][gc          ] GC(135) Pause Young (Normal) (G1 Evacuation Pause) 3906M->3389M(15088M) 288.882ms
[2026-05-23T04:53:13.441+0000][342.887s][gc,cpu      ] GC(135) User=1.13s Sys=0.02s Real=0.29s
[2026-05-23T04:53:17.340+0000][346.786s][gc,start    ] GC(136) Pause Young (Normal) (G1 Evacuation Pause)
[2026-05-23T04:53:17.340+0000][346.786s][gc,task     ] GC(136) Using 4 workers of 4 for evacuation
[2026-05-23T04:53:17.504+0000][346.950s][gc,phases   ] GC(136)   Pre Evacuate Collection Set: 0.12ms
[2026-05-23T04:53:17.504+0000][346.950s][gc,phases   ] GC(136)   Merge Heap Roots: 1.73ms
[2026-05-23T04:53:17.504+0000][346.950s][gc,phases   ] GC(136)   Evacuate Collection Set: 161.13ms
[2026-05-23T04:53:17.504+0000][346.950s][gc,phases   ] GC(136)   Post Evacuate Collection Set: 0.57ms
[2026-05-23T04:53:17.504+0000][346.950s][gc,phases   ] GC(136)   Other: 0.15ms
[2026-05-23T04:53:17.504+0000][346.950s][gc,heap     ] GC(136) Eden regions: 41->0(41)
[2026-05-23T04:53:17.504+0000][346.950s][gc,heap     ] GC(136) Survivor regions: 6->6(6)
[2026-05-23T04:53:17.504+0000][346.950s][gc,heap     ] GC(136) Old regions: 205->209
[2026-05-23T04:53:17.504+0000][346.950s][gc,heap     ] GC(136) Archive regions: 2->2
[2026-05-23T04:53:17.504+0000][346.950s][gc,heap     ] GC(136) Humongous regions: 0->0
[2026-05-23T04:53:17.504+0000][346.950s][gc,metaspace] GC(136) Metaspace: 42309K(42880K)->42309K(42880K) NonClass: 37522K(37824K)->37522K(37824K) Class: 4787K(5056K)->4787K(5056K)
[2026-05-23T04:53:17.504+0000][346.950s][gc          ] GC(136) Pause Young (Normal) (G1 Evacuation Pause) 4045M->3455M(15088M) 163.791ms
[2026-05-23T04:53:17.504+0000][346.950s][gc,cpu      ] GC(136) User=0.64s Sys=0.00s Real=0.16s
[2026-05-23T04:53:20.326+0000][349.772s][gc,start    ] GC(137) Pause Young (Normal) (G1 Evacuation Pause)
[2026-05-23T04:53:20.326+0000][349.772s][gc,task     ] GC(137) Using 4 workers of 4 for evacuation
[2026-05-23T04:53:20.517+0000][349.963s][gc,phases   ] GC(137)   Pre Evacuate Collection Set: 0.11ms
[2026-05-23T04:53:20.518+0000][349.963s][gc,phases   ] GC(137)   Merge Heap Roots: 0.41ms
[2026-05-23T04:53:20.518+0000][349.963s][gc,phases   ] GC(137)   Evacuate Collection Set: 190.06ms
[2026-05-23T04:53:20.518+0000][349.963s][gc,phases   ] GC(137)   Post Evacuate Collection Set: 0.50ms
[2026-05-23T04:53:20.518+0000][349.963s][gc,phases   ] GC(137)   Other: 0.13ms
[2026-05-23T04:53:20.518+0000][349.963s][gc,heap     ] GC(137) Eden regions: 41->0(41)
[2026-05-23T04:53:20.518+0000][349.963s][gc,heap     ] GC(137) Survivor regions: 6->6(6)
[2026-05-23T04:53:20.518+0000][349.963s][gc,heap     ] GC(137) Old regions: 209->213
[2026-05-23T04:53:20.518+0000][349.963s][gc,heap     ] GC(137) Archive regions: 2->2
[2026-05-23T04:53:20.518+0000][349.963s][gc,heap     ] GC(137) Humongous regions: 0->0
[2026-05-23T04:53:20.518+0000][349.963s][gc,metaspace] GC(137) Metaspace: 42310K(42880K)->42310K(42880K) NonClass: 37522K(37824K)->37522K(37824K) Class: 4787K(5056K)->4787K(5056K)
[2026-05-23T04:53:20.518+0000][349.963s][gc          ] GC(137) Pause Young (Normal) (G1 Evacuation Pause) 4111M->3517M(15088M) 191.325ms
[2026-05-23T04:53:20.518+0000][349.963s][gc,cpu      ] GC(137) User=0.75s Sys=0.00s Real=0.19s
[2026-05-23T04:53:22.339+0000][351.785s][gc,start    ] GC(138) Pause Young (Normal) (G1 Evacuation Pause)
[2026-05-23T04:53:22.339+0000][351.785s][gc,task     ] GC(138) Using 4 workers of 4 for evacuation
[2026-05-23T04:53:22.700+0000][352.145s][gc,mmu      ] GC(138) MMU target violated: 201.0ms (200.0ms/201.0ms)
[2026-05-23T04:53:22.700+0000][352.146s][gc,phases   ] GC(138)   Pre Evacuate Collection Set: 0.11ms
[2026-05-23T04:53:22.700+0000][352.146s][gc,phases   ] GC(138)   Merge Heap Roots: 0.58ms
[2026-05-23T04:53:22.700+0000][352.146s][gc,phases   ] GC(138)   Evacuate Collection Set: 359.30ms
[2026-05-23T04:53:22.700+0000][352.146s][gc,phases   ] GC(138)   Post Evacuate Collection Set: 0.73ms
[2026-05-23T04:53:22.700+0000][352.146s][gc,phases   ] GC(138)   Other: 0.17ms
[2026-05-23T04:53:22.700+0000][352.146s][gc,heap     ] GC(138) Eden regions: 41->0(41)
[2026-05-23T04:53:22.700+0000][352.146s][gc,heap     ] GC(138) Survivor regions: 6->6(6)
[2026-05-23T04:53:22.700+0000][352.146s][gc,heap     ] GC(138) Old regions: 213->222
[2026-05-23T04:53:22.700+0000][352.146s][gc,heap     ] GC(138) Archive regions: 2->2
[2026-05-23T04:53:22.700+0000][352.146s][gc,heap     ] GC(138) Humongous regions: 0->0
[2026-05-23T04:53:22.700+0000][352.146s][gc,metaspace] GC(138) Metaspace: 42310K(42880K)->42310K(42880K) NonClass: 37522K(37824K)->37522K(37824K) Class: 4787K(5056K)->4787K(5056K)
[2026-05-23T04:53:22.700+0000][352.146s][gc          ] GC(138) Pause Young (Normal) (G1 Evacuation Pause) 4173M->3659M(15088M) 360.946ms
[2026-05-23T04:53:22.700+0000][352.146s][gc,cpu      ] GC(138) User=1.43s Sys=0.00s Real=0.36s
[2026-05-23T04:53:26.602+0000][356.048s][gc,start    ] GC(139) Pause Young (Normal) (G1 Evacuation Pause)
[2026-05-23T04:53:26.602+0000][356.048s][gc,task     ] GC(139) Using 4 workers of 4 for evacuation
[2026-05-23T04:53:26.812+0000][356.257s][gc,mmu      ] GC(139) MMU target violated: 201.0ms (200.0ms/201.0ms)
[2026-05-23T04:53:26.812+0000][356.258s][gc,phases   ] GC(139)   Pre Evacuate Collection Set: 0.11ms
[2026-05-23T04:53:26.812+0000][356.258s][gc,phases   ] GC(139)   Merge Heap Roots: 2.48ms
[2026-05-23T04:53:26.812+0000][356.258s][gc,phases   ] GC(139)   Evacuate Collection Set: 206.43ms
[2026-05-23T04:53:26.812+0000][356.258s][gc,phases   ] GC(139)   Post Evacuate Collection Set: 0.78ms
[2026-05-23T04:53:26.812+0000][356.258s][gc,phases   ] GC(139)   Other: 0.18ms
[2026-05-23T04:53:26.812+0000][356.258s][gc,heap     ] GC(139) Eden regions: 41->0(41)
[2026-05-23T04:53:26.812+0000][356.258s][gc,heap     ] GC(139) Survivor regions: 6->6(6)
[2026-05-23T04:53:26.812+0000][356.258s][gc,heap     ] GC(139) Old regions: 222->229
[2026-05-23T04:53:26.812+0000][356.258s][gc,heap     ] GC(139) Archive regions: 2->2
[2026-05-23T04:53:26.812+0000][356.258s][gc,heap     ] GC(139) Humongous regions: 0->0
[2026-05-23T04:53:26.812+0000][356.258s][gc,metaspace] GC(139) Metaspace: 42310K(42880K)->42310K(42880K) NonClass: 37522K(37824K)->37522K(37824K) Class: 4787K(5056K)->4787K(5056K)
[2026-05-23T04:53:26.812+0000][356.258s][gc          ] GC(139) Pause Young (Normal) (G1 Evacuation Pause) 4315M->3765M(15088M) 210.050ms
[2026-05-23T04:53:26.812+0000][356.258s][gc,cpu      ] GC(139) User=0.83s Sys=0.00s Real=0.21s
[2026-05-23T04:53:31.385+0000][360.831s][gc,start    ] GC(140) Pause Young (Normal) (G1 Evacuation Pause)
[2026-05-23T04:53:31.385+0000][360.831s][gc,task     ] GC(140) Using 4 workers of 4 for evacuation
[2026-05-23T04:53:31.538+0000][360.984s][gc,phases   ] GC(140)   Pre Evacuate Collection Set: 0.13ms
[2026-05-23T04:53:31.538+0000][360.984s][gc,phases   ] GC(140)   Merge Heap Roots: 2.56ms
[2026-05-23T04:53:31.538+0000][360.984s][gc,phases   ] GC(140)   Evacuate Collection Set: 149.46ms
[2026-05-23T04:53:31.538+0000][360.984s][gc,phases   ] GC(140)   Post Evacuate Collection Set: 0.82ms
[2026-05-23T04:53:31.538+0000][360.984s][gc,phases   ] GC(140)   Other: 0.14ms
[2026-05-23T04:53:31.538+0000][360.984s][gc,heap     ] GC(140) Eden regions: 41->0(41)
[2026-05-23T04:53:31.538+0000][360.984s][gc,heap     ] GC(140) Survivor regions: 6->6(6)
[2026-05-23T04:53:31.538+0000][360.984s][gc,heap     ] GC(140) Old regions: 229->232
[2026-05-23T04:53:31.538+0000][360.984s][gc,heap     ] GC(140) Archive regions: 2->2
[2026-05-23T04:53:31.538+0000][360.984s][gc,heap     ] GC(140) Humongous regions: 0->0
[2026-05-23T04:53:31.538+0000][360.984s][gc,metaspace] GC(140) Metaspace: 42310K(42880K)->42310K(42880K) NonClass: 37522K(37824K)->37522K(37824K) Class: 4787K(5056K)->4787K(5056K)
[2026-05-23T04:53:31.538+0000][360.984s][gc          ] GC(140) Pause Young (Normal) (G1 Evacuation Pause) 4421M->3821M(15088M) 153.202ms
[2026-05-23T04:53:31.538+0000][360.984s][gc,cpu      ] GC(140) User=0.60s Sys=0.00s Real=0.15s
[2026-05-23T04:53:33.863+0000][363.308s][gc,start    ] GC(141) Pause Young (Normal) (G1 Evacuation Pause)
[2026-05-23T04:53:33.863+0000][363.309s][gc,task     ] GC(141) Using 4 workers of 4 for evacuation
[2026-05-23T04:53:34.146+0000][363.592s][gc,mmu      ] GC(141) MMU target violated: 201.0ms (200.0ms/201.0ms)
[2026-05-23T04:53:34.146+0000][363.592s][gc,phases   ] GC(141)   Pre Evacuate Collection Set: 0.12ms
[2026-05-23T04:53:34.146+0000][363.592s][gc,phases   ] GC(141)   Merge Heap Roots: 1.17ms
[2026-05-23T04:53:34.146+0000][363.592s][gc,phases   ] GC(141)   Evacuate Collection Set: 281.30ms
[2026-05-23T04:53:34.146+0000][363.592s][gc,phases   ] GC(141)   Post Evacuate Collection Set: 0.65ms
[2026-05-23T04:53:34.146+0000][363.592s][gc,phases   ] GC(141)   Other: 0.18ms
[2026-05-23T04:53:34.146+0000][363.592s][gc,heap     ] GC(141) Eden regions: 41->0(41)
[2026-05-23T04:53:34.146+0000][363.592s][gc,heap     ] GC(141) Survivor regions: 6->6(6)
[2026-05-23T04:53:34.146+0000][363.592s][gc,heap     ] GC(141) Old regions: 232->241
[2026-05-23T04:53:34.146+0000][363.592s][gc,heap     ] GC(141) Archive regions: 2->2
[2026-05-23T04:53:34.146+0000][363.592s][gc,heap     ] GC(141) Humongous regions: 0->0
[2026-05-23T04:53:34.146+0000][363.592s][gc,metaspace] GC(141) Metaspace: 42310K(42880K)->42310K(42880K) NonClass: 37522K(37824K)->37522K(37824K) Class: 4787K(5056K)->4787K(5056K)
[2026-05-23T04:53:34.146+0000][363.592s][gc          ] GC(141) Pause Young (Normal) (G1 Evacuation Pause) 4477M->3967M(15088M) 283.489ms
[2026-05-23T04:53:34.146+0000][363.592s][gc,cpu      ] GC(141) User=1.12s Sys=0.00s Real=0.28s
[2026-05-23T04:53:39.002+0000][368.448s][gc,start    ] GC(142) Pause Young (Normal) (G1 Evacuation Pause)
[2026-05-23T04:53:39.002+0000][368.448s][gc,task     ] GC(142) Using 4 workers of 4 for evacuation
[2026-05-23T04:53:39.234+0000][368.680s][gc,mmu      ] GC(142) MMU target violated: 201.0ms (200.0ms/201.0ms)
[2026-05-23T04:53:39.234+0000][368.680s][gc,phases   ] GC(142)   Pre Evacuate Collection Set: 0.12ms
[2026-05-23T04:53:39.234+0000][368.680s][gc,phases   ] GC(142)   Merge Heap Roots: 2.69ms
[2026-05-23T04:53:39.234+0000][368.680s][gc,phases   ] GC(142)   Evacuate Collection Set: 227.87ms
[2026-05-23T04:53:39.234+0000][368.680s][gc,phases   ] GC(142)   Post Evacuate Collection Set: 1.02ms
[2026-05-23T04:53:39.234+0000][368.680s][gc,phases   ] GC(142)   Other: 0.57ms
[2026-05-23T04:53:39.234+0000][368.680s][gc,heap     ] GC(142) Eden regions: 41->0(41)
[2026-05-23T04:53:39.234+0000][368.680s][gc,heap     ] GC(142) Survivor regions: 6->6(6)
[2026-05-23T04:53:39.234+0000][368.680s][gc,heap     ] GC(142) Old regions: 241->249
[2026-05-23T04:53:39.234+0000][368.680s][gc,heap     ] GC(142) Archive regions: 2->2
[2026-05-23T04:53:39.234+0000][368.680s][gc,heap     ] GC(142) Humongous regions: 0->0
[2026-05-23T04:53:39.234+0000][368.680s][gc,metaspace] GC(142) Metaspace: 42310K(42880K)->42310K(42880K) NonClass: 37522K(37824K)->37522K(37824K) Class: 4787K(5056K)->4787K(5056K)
[2026-05-23T04:53:39.234+0000][368.680s][gc          ] GC(142) Pause Young (Normal) (G1 Evacuation Pause) 4623M->4085M(15088M) 232.348ms
[2026-05-23T04:53:39.234+0000][368.680s][gc,cpu      ] GC(142) User=0.91s Sys=0.01s Real=0.23s
[2026-05-23T04:53:42.100+0000][371.546s][gc,start    ] GC(143) Pause Young (Normal) (G1 Evacuation Pause)
[2026-05-23T04:53:42.100+0000][371.546s][gc,task     ] GC(143) Using 4 workers of 4 for evacuation
[2026-05-23T04:53:42.254+0000][371.700s][gc,phases   ] GC(143)   Pre Evacuate Collection Set: 0.11ms
[2026-05-23T04:53:42.254+0000][371.700s][gc,phases   ] GC(143)   Merge Heap Roots: 1.89ms
[2026-05-23T04:53:42.254+0000][371.700s][gc,phases   ] GC(143)   Evacuate Collection Set: 151.48ms
[2026-05-23T04:53:42.254+0000][371.700s][gc,phases   ] GC(143)   Post Evacuate Collection Set: 0.54ms
[2026-05-23T04:53:42.254+0000][371.700s][gc,phases   ] GC(143)   Other: 0.13ms
[2026-05-23T04:53:42.254+0000][371.700s][gc,heap     ] GC(143) Eden regions: 41->0(41)
[2026-05-23T04:53:42.254+0000][371.700s][gc,heap     ] GC(143) Survivor regions: 6->6(6)
[2026-05-23T04:53:42.254+0000][371.700s][gc,heap     ] GC(143) Old regions: 249->251
[2026-05-23T04:53:42.254+0000][371.700s][gc,heap     ] GC(143) Archive regions: 2->2
[2026-05-23T04:53:42.254+0000][371.700s][gc,heap     ] GC(143) Humongous regions: 0->0
[2026-05-23T04:53:42.254+0000][371.700s][gc,metaspace] GC(143) Metaspace: 42313K(42880K)->42313K(42880K) NonClass: 37525K(37824K)->37525K(37824K) Class: 4787K(5056K)->4787K(5056K)
[2026-05-23T04:53:42.254+0000][371.700s][gc          ] GC(143) Pause Young (Normal) (G1 Evacuation Pause) 4741M->4127M(15088M) 154.248ms
[2026-05-23T04:53:42.254+0000][371.700s][gc,cpu      ] GC(143) User=0.61s Sys=0.00s Real=0.15s
[2026-05-23T04:53:44.564+0000][374.010s][gc,start    ] GC(144) Pause Young (Normal) (G1 Evacuation Pause)
[2026-05-23T04:53:44.564+0000][374.010s][gc,task     ] GC(144) Using 4 workers of 4 for evacuation
[2026-05-23T04:53:44.807+0000][374.253s][gc,mmu      ] GC(144) MMU target violated: 201.0ms (200.0ms/201.0ms)
[2026-05-23T04:53:44.807+0000][374.253s][gc,phases   ] GC(144)   Pre Evacuate Collection Set: 0.12ms
[2026-05-23T04:53:44.807+0000][374.253s][gc,phases   ] GC(144)   Merge Heap Roots: 0.51ms
[2026-05-23T04:53:44.807+0000][374.253s][gc,phases   ] GC(144)   Evacuate Collection Set: 241.79ms
[2026-05-23T04:53:44.807+0000][374.253s][gc,phases   ] GC(144)   Post Evacuate Collection Set: 0.64ms
[2026-05-23T04:53:44.807+0000][374.253s][gc,phases   ] GC(144)   Other: 0.16ms
[2026-05-23T04:53:44.807+0000][374.253s][gc,heap     ] GC(144) Eden regions: 41->0(41)
[2026-05-23T04:53:44.807+0000][374.253s][gc,heap     ] GC(144) Survivor regions: 6->6(6)
[2026-05-23T04:53:44.807+0000][374.253s][gc,heap     ] GC(144) Old regions: 251->260
[2026-05-23T04:53:44.807+0000][374.253s][gc,heap     ] GC(144) Archive regions: 2->2
[2026-05-23T04:53:44.807+0000][374.253s][gc,heap     ] GC(144) Humongous regions: 0->0
[2026-05-23T04:53:44.807+0000][374.253s][gc,metaspace] GC(144) Metaspace: 42313K(42880K)->42313K(42880K) NonClass: 37525K(37824K)->37525K(37824K) Class: 4787K(5056K)->4787K(5056K)
[2026-05-23T04:53:44.807+0000][374.253s][gc          ] GC(144) Pause Young (Normal) (G1 Evacuation Pause) 4783M->4265M(15088M) 243.280ms
[2026-05-23T04:53:44.807+0000][374.253s][gc,cpu      ] GC(144) User=0.95s Sys=0.00s Real=0.24s
[2026-05-23T04:53:46.591+0000][376.036s][gc,start    ] GC(145) Pause Young (Normal) (G1 Evacuation Pause)
[2026-05-23T04:53:46.591+0000][376.036s][gc,task     ] GC(145) Using 4 workers of 4 for evacuation
[2026-05-23T04:53:46.837+0000][376.283s][gc,mmu      ] GC(145) MMU target violated: 201.0ms (200.0ms/201.0ms)
[2026-05-23T04:53:46.837+0000][376.283s][gc,phases   ] GC(145)   Pre Evacuate Collection Set: 0.11ms
[2026-05-23T04:53:46.837+0000][376.283s][gc,phases   ] GC(145)   Merge Heap Roots: 1.95ms
[2026-05-23T04:53:46.837+0000][376.283s][gc,phases   ] GC(145)   Evacuate Collection Set: 241.26ms
[2026-05-23T04:53:46.837+0000][376.283s][gc,phases   ] GC(145)   Post Evacuate Collection Set: 2.83ms
[2026-05-23T04:53:46.837+0000][376.283s][gc,phases   ] GC(145)   Other: 0.16ms
[2026-05-23T04:53:46.837+0000][376.283s][gc,heap     ] GC(145) Eden regions: 41->0(45)
[2026-05-23T04:53:46.837+0000][376.283s][gc,heap     ] GC(145) Survivor regions: 6->6(6)
[2026-05-23T04:53:46.837+0000][376.283s][gc,heap     ] GC(145) Old regions: 260->268
[2026-05-23T04:53:46.837+0000][376.283s][gc,heap     ] GC(145) Archive regions: 2->2
[2026-05-23T04:53:46.837+0000][376.283s][gc,heap     ] GC(145) Humongous regions: 0->0
[2026-05-23T04:53:46.837+0000][376.283s][gc,metaspace] GC(145) Metaspace: 42314K(42880K)->42314K(42880K) NonClass: 37526K(37824K)->37526K(37824K) Class: 4787K(5056K)->4787K(5056K)
[2026-05-23T04:53:46.837+0000][376.283s][gc          ] GC(145) Pause Young (Normal) (G1 Evacuation Pause) 4921M->4399M(16448M) 246.364ms
[2026-05-23T04:53:46.837+0000][376.283s][gc,cpu      ] GC(145) User=0.97s Sys=0.01s Real=0.24s
[2026-05-23T04:53:50.700+0000][380.146s][gc,start    ] GC(146) Pause Young (Normal) (G1 Evacuation Pause)
[2026-05-23T04:53:50.700+0000][380.146s][gc,task     ] GC(146) Using 4 workers of 4 for evacuation
[2026-05-23T04:53:50.961+0000][380.406s][gc,mmu      ] GC(146) MMU target violated: 201.0ms (200.0ms/201.0ms)
[2026-05-23T04:53:50.961+0000][380.406s][gc,phases   ] GC(146)   Pre Evacuate Collection Set: 0.11ms
[2026-05-23T04:53:50.961+0000][380.406s][gc,phases   ] GC(146)   Merge Heap Roots: 2.94ms
[2026-05-23T04:53:50.961+0000][380.406s][gc,phases   ] GC(146)   Evacuate Collection Set: 256.66ms
[2026-05-23T04:53:50.961+0000][380.406s][gc,phases   ] GC(146)   Post Evacuate Collection Set: 0.82ms
[2026-05-23T04:53:50.961+0000][380.406s][gc,phases   ] GC(146)   Other: 0.15ms
[2026-05-23T04:53:50.961+0000][380.406s][gc,heap     ] GC(146) Eden regions: 45->0(44)
[2026-05-23T04:53:50.961+0000][380.406s][gc,heap     ] GC(146) Survivor regions: 6->7(7)
[2026-05-23T04:53:50.961+0000][380.407s][gc,heap     ] GC(146) Old regions: 268->275
[2026-05-23T04:53:50.961+0000][380.407s][gc,heap     ] GC(146) Archive regions: 2->2
[2026-05-23T04:53:50.961+0000][380.407s][gc,heap     ] GC(146) Humongous regions: 0->0
[2026-05-23T04:53:50.961+0000][380.407s][gc,metaspace] GC(146) Metaspace: 42314K(42880K)->42314K(42880K) NonClass: 37526K(37824K)->37526K(37824K) Class: 4787K(5056K)->4787K(5056K)
[2026-05-23T04:53:50.961+0000][380.407s][gc          ] GC(146) Pause Young (Normal) (G1 Evacuation Pause) 5119M->4523M(16448M) 260.738ms
[2026-05-23T04:53:50.961+0000][380.407s][gc,cpu      ] GC(146) User=1.01s Sys=0.03s Real=0.26s
[2026-05-23T04:53:55.181+0000][384.627s][gc,start    ] GC(147) Pause Young (Normal) (G1 Evacuation Pause)
[2026-05-23T04:53:55.181+0000][384.627s][gc,task     ] GC(147) Using 4 workers of 4 for evacuation
[2026-05-23T04:53:55.414+0000][384.860s][gc,mmu      ] GC(147) MMU target violated: 201.0ms (200.0ms/201.0ms)
[2026-05-23T04:53:55.415+0000][384.860s][gc,phases   ] GC(147)   Pre Evacuate Collection Set: 0.11ms
[2026-05-23T04:53:55.415+0000][384.860s][gc,phases   ] GC(147)   Merge Heap Roots: 2.91ms
[2026-05-23T04:53:55.415+0000][384.860s][gc,phases   ] GC(147)   Evacuate Collection Set: 229.20ms
[2026-05-23T04:53:55.415+0000][384.860s][gc,phases   ] GC(147)   Post Evacuate Collection Set: 0.86ms
[2026-05-23T04:53:55.415+0000][384.860s][gc,phases   ] GC(147)   Other: 0.18ms
[2026-05-23T04:53:55.415+0000][384.860s][gc,heap     ] GC(147) Eden regions: 44->0(44)
[2026-05-23T04:53:55.415+0000][384.860s][gc,heap     ] GC(147) Survivor regions: 7->7(7)
[2026-05-23T04:53:55.415+0000][384.860s][gc,heap     ] GC(147) Old regions: 275->280
[2026-05-23T04:53:55.415+0000][384.860s][gc,heap     ] GC(147) Archive regions: 2->2
[2026-05-23T04:53:55.415+0000][384.860s][gc,heap     ] GC(147) Humongous regions: 0->0
[2026-05-23T04:53:55.415+0000][384.860s][gc,metaspace] GC(147) Metaspace: 42314K(42880K)->42314K(42880K) NonClass: 37526K(37824K)->37526K(37824K) Class: 4787K(5056K)->4787K(5056K)
[2026-05-23T04:53:55.415+0000][384.860s][gc          ] GC(147) Pause Young (Normal) (G1 Evacuation Pause) 5227M->4607M(16448M) 233.330ms
[2026-05-23T04:53:55.415+0000][384.860s][gc,cpu      ] GC(147) User=0.90s Sys=0.03s Real=0.23s
[2026-05-23T04:53:59.825+0000][389.271s][gc,start    ] GC(148) Pause Young (Normal) (G1 Evacuation Pause)
[2026-05-23T04:53:59.825+0000][389.271s][gc,task     ] GC(148) Using 4 workers of 4 for evacuation
[2026-05-23T04:54:00.011+0000][389.457s][gc,phases   ] GC(148)   Pre Evacuate Collection Set: 0.11ms
[2026-05-23T04:54:00.011+0000][389.457s][gc,phases   ] GC(148)   Merge Heap Roots: 1.83ms
[2026-05-23T04:54:00.011+0000][389.457s][gc,phases   ] GC(148)   Evacuate Collection Set: 182.90ms
[2026-05-23T04:54:00.011+0000][389.457s][gc,phases   ] GC(148)   Post Evacuate Collection Set: 0.81ms
[2026-05-23T04:54:00.011+0000][389.457s][gc,phases   ] GC(148)   Other: 0.13ms
[2026-05-23T04:54:00.011+0000][389.457s][gc,heap     ] GC(148) Eden regions: 44->0(44)
[2026-05-23T04:54:00.011+0000][389.457s][gc,heap     ] GC(148) Survivor regions: 7->7(7)
[2026-05-23T04:54:00.011+0000][389.457s][gc,heap     ] GC(148) Old regions: 280->284
[2026-05-23T04:54:00.011+0000][389.457s][gc,heap     ] GC(148) Archive regions: 2->2
[2026-05-23T04:54:00.011+0000][389.457s][gc,heap     ] GC(148) Humongous regions: 0->0
[2026-05-23T04:54:00.011+0000][389.457s][gc,metaspace] GC(148) Metaspace: 42314K(42880K)->42314K(42880K) NonClass: 37526K(37824K)->37526K(37824K) Class: 4787K(5056K)->4787K(5056K)
[2026-05-23T04:54:00.011+0000][389.457s][gc          ] GC(148) Pause Young (Normal) (G1 Evacuation Pause) 5311M->4671M(16448M) 185.890ms
[2026-05-23T04:54:00.011+0000][389.457s][gc,cpu      ] GC(148) User=0.73s Sys=0.00s Real=0.19s
[2026-05-23T04:54:05.109+0000][394.554s][gc,start    ] GC(149) Pause Young (Normal) (G1 Evacuation Pause)
[2026-05-23T04:54:05.109+0000][394.554s][gc,task     ] GC(149) Using 4 workers of 4 for evacuation
[2026-05-23T04:54:05.200+0000][394.646s][gc,phases   ] GC(149)   Pre Evacuate Collection Set: 0.12ms
[2026-05-23T04:54:05.201+0000][394.646s][gc,phases   ] GC(149)   Merge Heap Roots: 1.51ms
[2026-05-23T04:54:05.201+0000][394.646s][gc,phases   ] GC(149)   Evacuate Collection Set: 89.51ms
[2026-05-23T04:54:05.201+0000][394.646s][gc,phases   ] GC(149)   Post Evacuate Collection Set: 0.55ms
[2026-05-23T04:54:05.201+0000][394.646s][gc,phases   ] GC(149)   Other: 0.10ms
[2026-05-23T04:54:05.201+0000][394.646s][gc,heap     ] GC(149) Eden regions: 44->0(47)
[2026-05-23T04:54:05.201+0000][394.646s][gc,heap     ] GC(149) Survivor regions: 7->4(7)
[2026-05-23T04:54:05.201+0000][394.646s][gc,heap     ] GC(149) Old regions: 284->286
[2026-05-23T04:54:05.201+0000][394.646s][gc,heap     ] GC(149) Archive regions: 2->2
[2026-05-23T04:54:05.201+0000][394.646s][gc,heap     ] GC(149) Humongous regions: 0->0
[2026-05-23T04:54:05.201+0000][394.646s][gc,metaspace] GC(149) Metaspace: 42320K(42880K)->42320K(42880K) NonClass: 37531K(37824K)->37531K(37824K) Class: 4788K(5056K)->4788K(5056K)
[2026-05-23T04:54:05.201+0000][394.646s][gc          ] GC(149) Pause Young (Normal) (G1 Evacuation Pause) 5375M->4650M(16448M) 91.915ms
[2026-05-23T04:54:05.201+0000][394.646s][gc,cpu      ] GC(149) User=0.36s Sys=0.00s Real=0.09s
[2026-05-23T04:54:06.843+0000][396.289s][gc,start    ] GC(150) Pause Young (Normal) (G1 Evacuation Pause)
[2026-05-23T04:54:06.843+0000][396.289s][gc,task     ] GC(150) Using 4 workers of 4 for evacuation
[2026-05-23T04:54:07.117+0000][396.563s][gc,mmu      ] GC(150) MMU target violated: 201.0ms (200.0ms/201.0ms)
[2026-05-23T04:54:07.117+0000][396.563s][gc,phases   ] GC(150)   Pre Evacuate Collection Set: 0.12ms
[2026-05-23T04:54:07.117+0000][396.563s][gc,phases   ] GC(150)   Merge Heap Roots: 0.32ms
[2026-05-23T04:54:07.117+0000][396.563s][gc,phases   ] GC(150)   Evacuate Collection Set: 272.97ms
[2026-05-23T04:54:07.117+0000][396.563s][gc,phases   ] GC(150)   Post Evacuate Collection Set: 0.65ms
[2026-05-23T04:54:07.117+0000][396.563s][gc,phases   ] GC(150)   Other: 0.20ms
[2026-05-23T04:54:07.117+0000][396.563s][gc,heap     ] GC(150) Eden regions: 47->0(44)
[2026-05-23T04:54:07.117+0000][396.563s][gc,heap     ] GC(150) Survivor regions: 4->7(7)
[2026-05-23T04:54:07.117+0000][396.563s][gc,heap     ] GC(150) Old regions: 286->297
[2026-05-23T04:54:07.117+0000][396.563s][gc,heap     ] GC(150) Archive regions: 2->2
[2026-05-23T04:54:07.117+0000][396.563s][gc,heap     ] GC(150) Humongous regions: 0->0
[2026-05-23T04:54:07.117+0000][396.563s][gc,metaspace] GC(150) Metaspace: 42320K(42880K)->42320K(42880K) NonClass: 37531K(37824K)->37531K(37824K) Class: 4788K(5056K)->4788K(5056K)
[2026-05-23T04:54:07.117+0000][396.563s][gc          ] GC(150) Pause Young (Normal) (G1 Evacuation Pause) 5402M->4872M(16448M) 274.317ms
[2026-05-23T04:54:07.117+0000][396.563s][gc,cpu      ] GC(150) User=1.09s Sys=0.00s Real=0.27s
[2026-05-23T04:54:12.240+0000][401.686s][gc,start    ] GC(151) Pause Young (Normal) (G1 Evacuation Pause)
[2026-05-23T04:54:12.240+0000][401.686s][gc,task     ] GC(151) Using 4 workers of 4 for evacuation
[2026-05-23T04:54:12.400+0000][401.846s][gc,phases   ] GC(151)   Pre Evacuate Collection Set: 0.12ms
[2026-05-23T04:54:12.400+0000][401.846s][gc,phases   ] GC(151)   Merge Heap Roots: 2.70ms
[2026-05-23T04:54:12.400+0000][401.846s][gc,phases   ] GC(151)   Evacuate Collection Set: 156.23ms
[2026-05-23T04:54:12.400+0000][401.846s][gc,phases   ] GC(151)   Post Evacuate Collection Set: 1.01ms
[2026-05-23T04:54:12.400+0000][401.846s][gc,phases   ] GC(151)   Other: 0.12ms
[2026-05-23T04:54:12.400+0000][401.846s][gc,heap     ] GC(151) Eden regions: 44->0(46)
[2026-05-23T04:54:12.400+0000][401.846s][gc,heap     ] GC(151) Survivor regions: 7->5(7)
[2026-05-23T04:54:12.400+0000][401.846s][gc,heap     ] GC(151) Old regions: 297->301
[2026-05-23T04:54:12.400+0000][401.846s][gc,heap     ] GC(151) Archive regions: 2->2
[2026-05-23T04:54:12.400+0000][401.846s][gc,heap     ] GC(151) Humongous regions: 0->0
[2026-05-23T04:54:12.400+0000][401.846s][gc,metaspace] GC(151) Metaspace: 42320K(42880K)->42320K(42880K) NonClass: 37531K(37824K)->37531K(37824K) Class: 4788K(5056K)->4788K(5056K)
[2026-05-23T04:54:12.400+0000][401.846s][gc          ] GC(151) Pause Young (Normal) (G1 Evacuation Pause) 5576M->4910M(16448M) 160.272ms
[2026-05-23T04:54:12.400+0000][401.846s][gc,cpu      ] GC(151) User=0.62s Sys=0.00s Real=0.16s
[2026-05-23T04:54:15.098+0000][404.543s][gc,start    ] GC(152) Pause Young (Normal) (G1 Evacuation Pause)
[2026-05-23T04:54:15.098+0000][404.543s][gc,task     ] GC(152) Using 4 workers of 4 for evacuation
[2026-05-23T04:54:15.236+0000][404.682s][gc,phases   ] GC(152)   Pre Evacuate Collection Set: 0.11ms
[2026-05-23T04:54:15.236+0000][404.682s][gc,phases   ] GC(152)   Merge Heap Roots: 2.17ms
[2026-05-23T04:54:15.236+0000][404.682s][gc,phases   ] GC(152)   Evacuate Collection Set: 135.50ms
[2026-05-23T04:54:15.236+0000][404.682s][gc,phases   ] GC(152)   Post Evacuate Collection Set: 0.44ms
[2026-05-23T04:54:15.236+0000][404.682s][gc,phases   ] GC(152)   Other: 0.11ms
[2026-05-23T04:54:15.236+0000][404.682s][gc,heap     ] GC(152) Eden regions: 46->0(46)
[2026-05-23T04:54:15.236+0000][404.682s][gc,heap     ] GC(152) Survivor regions: 5->5(7)
[2026-05-23T04:54:15.236+0000][404.682s][gc,heap     ] GC(152) Old regions: 301->303
[2026-05-23T04:54:15.236+0000][404.682s][gc,heap     ] GC(152) Archive regions: 2->2
[2026-05-23T04:54:15.236+0000][404.682s][gc,heap     ] GC(152) Humongous regions: 0->0
[2026-05-23T04:54:15.236+0000][404.682s][gc,metaspace] GC(152) Metaspace: 42320K(42880K)->42320K(42880K) NonClass: 37531K(37824K)->37531K(37824K) Class: 4788K(5056K)->4788K(5056K)
[2026-05-23T04:54:15.236+0000][404.682s][gc          ] GC(152) Pause Young (Normal) (G1 Evacuation Pause) 5646M->4942M(16448M) 138.435ms
[2026-05-23T04:54:15.236+0000][404.682s][gc,cpu      ] GC(152) User=0.54s Sys=0.00s Real=0.14s
[2026-05-23T04:54:17.936+0000][407.382s][gc,start    ] GC(153) Pause Young (Normal) (G1 Evacuation Pause)
[2026-05-23T04:54:17.936+0000][407.382s][gc,task     ] GC(153) Using 4 workers of 4 for evacuation
[2026-05-23T04:54:17.989+0000][407.435s][gc,phases   ] GC(153)   Pre Evacuate Collection Set: 0.12ms
[2026-05-23T04:54:17.989+0000][407.435s][gc,phases   ] GC(153)   Merge Heap Roots: 0.23ms
[2026-05-23T04:54:17.989+0000][407.435s][gc,phases   ] GC(153)   Evacuate Collection Set: 52.04ms
[2026-05-23T04:54:17.989+0000][407.435s][gc,phases   ] GC(153)   Post Evacuate Collection Set: 0.50ms
[2026-05-23T04:54:17.989+0000][407.435s][gc,phases   ] GC(153)   Other: 0.13ms
[2026-05-23T04:54:17.989+0000][407.435s][gc,heap     ] GC(153) Eden regions: 46->0(47)
[2026-05-23T04:54:17.989+0000][407.435s][gc,heap     ] GC(153) Survivor regions: 5->4(7)
[2026-05-23T04:54:17.989+0000][407.435s][gc,heap     ] GC(153) Old regions: 303->304
[2026-05-23T04:54:17.989+0000][407.435s][gc,heap     ] GC(153) Archive regions: 2->2
[2026-05-23T04:54:17.989+0000][407.435s][gc,heap     ] GC(153) Humongous regions: 0->0
[2026-05-23T04:54:17.989+0000][407.435s][gc,metaspace] GC(153) Metaspace: 42320K(42880K)->42320K(42880K) NonClass: 37531K(37824K)->37531K(37824K) Class: 4788K(5056K)->4788K(5056K)
[2026-05-23T04:54:17.989+0000][407.435s][gc          ] GC(153) Pause Young (Normal) (G1 Evacuation Pause) 5678M->4932M(16448M) 53.119ms
[2026-05-23T04:54:17.989+0000][407.435s][gc,cpu      ] GC(153) User=0.20s Sys=0.00s Real=0.06s
[2026-05-23T04:54:21.238+0000][410.684s][gc,start    ] GC(154) Pause Young (Normal) (G1 Evacuation Pause)
[2026-05-23T04:54:21.238+0000][410.684s][gc,task     ] GC(154) Using 4 workers of 4 for evacuation
[2026-05-23T04:54:21.288+0000][410.733s][gc,phases   ] GC(154)   Pre Evacuate Collection Set: 0.11ms
[2026-05-23T04:54:21.288+0000][410.733s][gc,phases   ] GC(154)   Merge Heap Roots: 0.22ms
[2026-05-23T04:54:21.288+0000][410.733s][gc,phases   ] GC(154)   Evacuate Collection Set: 48.58ms
[2026-05-23T04:54:21.288+0000][410.733s][gc,phases   ] GC(154)   Post Evacuate Collection Set: 0.42ms
[2026-05-23T04:54:21.288+0000][410.733s][gc,phases   ] GC(154)   Other: 0.13ms
[2026-05-23T04:54:21.288+0000][410.733s][gc,heap     ] GC(154) Eden regions: 47->0(69)
[2026-05-23T04:54:21.288+0000][410.733s][gc,heap     ] GC(154) Survivor regions: 4->4(7)
[2026-05-23T04:54:21.288+0000][410.733s][gc,heap     ] GC(154) Old regions: 304->304
[2026-05-23T04:54:21.288+0000][410.733s][gc,heap     ] GC(154) Archive regions: 2->2
[2026-05-23T04:54:21.288+0000][410.733s][gc,heap     ] GC(154) Humongous regions: 0->0
[2026-05-23T04:54:21.288+0000][410.733s][gc,metaspace] GC(154) Metaspace: 42321K(42880K)->42321K(42880K) NonClass: 37532K(37824K)->37532K(37824K) Class: 4788K(5056K)->4788K(5056K)
[2026-05-23T04:54:21.288+0000][410.733s][gc          ] GC(154) Pause Young (Normal) (G1 Evacuation Pause) 5684M->4926M(16448M) 49.544ms
[2026-05-23T04:54:21.288+0000][410.733s][gc,cpu      ] GC(154) User=0.19s Sys=0.00s Real=0.05s
[2026-05-23T04:54:24.905+0000][414.351s][gc,start    ] GC(155) Pause Young (Normal) (G1 Evacuation Pause)
[2026-05-23T04:54:24.905+0000][414.351s][gc,task     ] GC(155) Using 4 workers of 4 for evacuation
[2026-05-23T04:54:25.052+0000][414.498s][gc,phases   ] GC(155)   Pre Evacuate Collection Set: 0.13ms
[2026-05-23T04:54:25.052+0000][414.498s][gc,phases   ] GC(155)   Merge Heap Roots: 0.23ms
[2026-05-23T04:54:25.052+0000][414.498s][gc,phases   ] GC(155)   Evacuate Collection Set: 145.84ms
[2026-05-23T04:54:25.052+0000][414.498s][gc,phases   ] GC(155)   Post Evacuate Collection Set: 0.57ms
[2026-05-23T04:54:25.052+0000][414.498s][gc,phases   ] GC(155)   Other: 0.11ms
[2026-05-23T04:54:25.052+0000][414.498s][gc,heap     ] GC(155) Eden regions: 69->0(47)
[2026-05-23T04:54:25.052+0000][414.498s][gc,heap     ] GC(155) Survivor regions: 4->10(10)
[2026-05-23T04:54:25.052+0000][414.498s][gc,heap     ] GC(155) Old regions: 304->304
[2026-05-23T04:54:25.052+0000][414.498s][gc,heap     ] GC(155) Archive regions: 2->2
[2026-05-23T04:54:25.052+0000][414.498s][gc,heap     ] GC(155) Humongous regions: 0->0
[2026-05-23T04:54:25.052+0000][414.498s][gc,metaspace] GC(155) Metaspace: 42321K(42880K)->42321K(42880K) NonClass: 37532K(37824K)->37532K(37824K) Class: 4788K(5056K)->4788K(5056K)
[2026-05-23T04:54:25.052+0000][414.498s][gc          ] GC(155) Pause Young (Normal) (G1 Evacuation Pause) 6030M->5033M(16448M) 146.996ms
[2026-05-23T04:54:25.052+0000][414.498s][gc,cpu      ] GC(155) User=0.55s Sys=0.03s Real=0.15s
[2026-05-23T04:54:28.197+0000][417.643s][gc,start    ] GC(156) Pause Young (Normal) (G1 Evacuation Pause)
[2026-05-23T04:54:28.197+0000][417.643s][gc,task     ] GC(156) Using 4 workers of 4 for evacuation
[2026-05-23T04:54:28.384+0000][417.830s][gc,phases   ] GC(156)   Pre Evacuate Collection Set: 0.13ms
[2026-05-23T04:54:28.385+0000][417.830s][gc,phases   ] GC(156)   Merge Heap Roots: 0.21ms
[2026-05-23T04:54:28.385+0000][417.830s][gc,phases   ] GC(156)   Evacuate Collection Set: 186.13ms
[2026-05-23T04:54:28.385+0000][417.830s][gc,phases   ] GC(156)   Post Evacuate Collection Set: 0.54ms
[2026-05-23T04:54:28.385+0000][417.830s][gc,phases   ] GC(156)   Other: 0.11ms
[2026-05-23T04:54:28.385+0000][417.830s][gc,heap     ] GC(156) Eden regions: 47->0(46)
[2026-05-23T04:54:28.385+0000][417.830s][gc,heap     ] GC(156) Survivor regions: 10->8(8)
[2026-05-23T04:54:28.385+0000][417.830s][gc,heap     ] GC(156) Old regions: 304->309
[2026-05-23T04:54:28.385+0000][417.830s][gc,heap     ] GC(156) Archive regions: 2->2
[2026-05-23T04:54:28.385+0000][417.830s][gc,heap     ] GC(156) Humongous regions: 0->0
[2026-05-23T04:54:28.385+0000][417.830s][gc,metaspace] GC(156) Metaspace: 42322K(42880K)->42322K(42880K) NonClass: 37533K(37824K)->37533K(37824K) Class: 4788K(5056K)->4788K(5056K)
[2026-05-23T04:54:28.385+0000][417.830s][gc          ] GC(156) Pause Young (Normal) (G1 Evacuation Pause) 5785M->5081M(16448M) 187.259ms
[2026-05-23T04:54:28.385+0000][417.830s][gc,cpu      ] GC(156) User=0.74s Sys=0.01s Real=0.19s
[2026-05-23T04:54:32.489+0000][421.935s][gc,start    ] GC(157) Pause Young (Normal) (G1 Evacuation Pause)
[2026-05-23T04:54:32.489+0000][421.935s][gc,task     ] GC(157) Using 4 workers of 4 for evacuation
[2026-05-23T04:54:32.747+0000][422.193s][gc,mmu      ] GC(157) MMU target violated: 201.0ms (200.0ms/201.0ms)
[2026-05-23T04:54:32.747+0000][422.193s][gc,phases   ] GC(157)   Pre Evacuate Collection Set: 0.11ms
[2026-05-23T04:54:32.747+0000][422.193s][gc,phases   ] GC(157)   Merge Heap Roots: 0.47ms
[2026-05-23T04:54:32.747+0000][422.193s][gc,phases   ] GC(157)   Evacuate Collection Set: 256.08ms
[2026-05-23T04:54:32.747+0000][422.193s][gc,phases   ] GC(157)   Post Evacuate Collection Set: 0.72ms
[2026-05-23T04:54:32.747+0000][422.193s][gc,phases   ] GC(157)   Other: 0.22ms
[2026-05-23T04:54:32.747+0000][422.193s][gc,heap     ] GC(157) Eden regions: 46->0(44)
[2026-05-23T04:54:32.747+0000][422.193s][gc,heap     ] GC(157) Survivor regions: 8->7(7)
[2026-05-23T04:54:32.747+0000][422.193s][gc,heap     ] GC(157) Old regions: 309->319
[2026-05-23T04:54:32.747+0000][422.193s][gc,heap     ] GC(157) Archive regions: 2->2
[2026-05-23T04:54:32.747+0000][422.193s][gc,heap     ] GC(157) Humongous regions: 0->0
[2026-05-23T04:54:32.747+0000][422.193s][gc,metaspace] GC(157) Metaspace: 42322K(42880K)->42322K(42880K) NonClass: 37533K(37824K)->37533K(37824K) Class: 4788K(5056K)->4788K(5056K)
[2026-05-23T04:54:32.747+0000][422.193s][gc          ] GC(157) Pause Young (Normal) (G1 Evacuation Pause) 5817M->5221M(16448M) 257.662ms
[2026-05-23T04:54:32.747+0000][422.193s][gc,cpu      ] GC(157) User=1.02s Sys=0.00s Real=0.25s
[2026-05-23T04:54:37.265+0000][426.710s][gc,start    ] GC(158) Pause Young (Normal) (G1 Evacuation Pause)
[2026-05-23T04:54:37.265+0000][426.710s][gc,task     ] GC(158) Using 4 workers of 4 for evacuation
[2026-05-23T04:54:37.483+0000][426.928s][gc,mmu      ] GC(158) MMU target violated: 201.0ms (200.0ms/201.0ms)
[2026-05-23T04:54:37.483+0000][426.928s][gc,phases   ] GC(158)   Pre Evacuate Collection Set: 0.15ms
[2026-05-23T04:54:37.483+0000][426.928s][gc,phases   ] GC(158)   Merge Heap Roots: 2.48ms
[2026-05-23T04:54:37.483+0000][426.928s][gc,phases   ] GC(158)   Evacuate Collection Set: 214.55ms
[2026-05-23T04:54:37.483+0000][426.928s][gc,phases   ] GC(158)   Post Evacuate Collection Set: 0.80ms
[2026-05-23T04:54:37.483+0000][426.928s][gc,phases   ] GC(158)   Other: 0.20ms
[2026-05-23T04:54:37.483+0000][426.928s][gc,heap     ] GC(158) Eden regions: 44->0(44)
[2026-05-23T04:54:37.483+0000][426.928s][gc,heap     ] GC(158) Survivor regions: 7->7(7)
[2026-05-23T04:54:37.483+0000][426.928s][gc,heap     ] GC(158) Old regions: 319->324
[2026-05-23T04:54:37.483+0000][426.928s][gc,heap     ] GC(158) Archive regions: 2->2
[2026-05-23T04:54:37.483+0000][426.928s][gc,heap     ] GC(158) Humongous regions: 0->0
[2026-05-23T04:54:37.483+0000][426.928s][gc,metaspace] GC(158) Metaspace: 42322K(42880K)->42322K(42880K) NonClass: 37533K(37824K)->37533K(37824K) Class: 4788K(5056K)->4788K(5056K)
[2026-05-23T04:54:37.483+0000][426.928s][gc          ] GC(158) Pause Young (Normal) (G1 Evacuation Pause) 5925M->5308M(16448M) 218.227ms
[2026-05-23T04:54:37.483+0000][426.929s][gc,cpu      ] GC(158) User=0.86s Sys=0.00s Real=0.22s
[2026-05-23T04:54:39.559+0000][429.004s][gc,start    ] GC(159) Pause Young (Normal) (G1 Evacuation Pause)
[2026-05-23T04:54:39.559+0000][429.005s][gc,task     ] GC(159) Using 4 workers of 4 for evacuation
[2026-05-23T04:54:39.849+0000][429.294s][gc,mmu      ] GC(159) MMU target violated: 201.0ms (200.0ms/201.0ms)
[2026-05-23T04:54:39.849+0000][429.294s][gc,phases   ] GC(159)   Pre Evacuate Collection Set: 0.11ms
[2026-05-23T04:54:39.849+0000][429.294s][gc,phases   ] GC(159)   Merge Heap Roots: 2.15ms
[2026-05-23T04:54:39.849+0000][429.294s][gc,phases   ] GC(159)   Evacuate Collection Set: 286.50ms
[2026-05-23T04:54:39.849+0000][429.294s][gc,phases   ] GC(159)   Post Evacuate Collection Set: 0.88ms
[2026-05-23T04:54:39.849+0000][429.294s][gc,phases   ] GC(159)   Other: 0.18ms
[2026-05-23T04:54:39.849+0000][429.294s][gc,heap     ] GC(159) Eden regions: 44->0(44)
[2026-05-23T04:54:39.849+0000][429.294s][gc,heap     ] GC(159) Survivor regions: 7->7(7)
[2026-05-23T04:54:39.849+0000][429.294s][gc,heap     ] GC(159) Old regions: 324->335
[2026-05-23T04:54:39.849+0000][429.294s][gc,heap     ] GC(159) Archive regions: 2->2
[2026-05-23T04:54:39.849+0000][429.294s][gc,heap     ] GC(159) Humongous regions: 0->0
[2026-05-23T04:54:39.849+0000][429.294s][gc,metaspace] GC(159) Metaspace: 42322K(42880K)->42322K(42880K) NonClass: 37533K(37824K)->37533K(37824K) Class: 4788K(5056K)->4788K(5056K)
[2026-05-23T04:54:39.849+0000][429.294s][gc          ] GC(159) Pause Young (Normal) (G1 Evacuation Pause) 6012M->5476M(16448M) 289.878ms
[2026-05-23T04:54:39.849+0000][429.294s][gc,cpu      ] GC(159) User=1.14s Sys=0.00s Real=0.29s
[2026-05-23T04:54:43.900+0000][433.346s][gc,start    ] GC(160) Pause Young (Normal) (G1 Evacuation Pause)
[2026-05-23T04:54:43.900+0000][433.346s][gc,task     ] GC(160) Using 4 workers of 4 for evacuation
[2026-05-23T04:54:44.139+0000][433.585s][gc,mmu      ] GC(160) MMU target violated: 201.0ms (200.0ms/201.0ms)
[2026-05-23T04:54:44.139+0000][433.585s][gc,phases   ] GC(160)   Pre Evacuate Collection Set: 0.13ms
[2026-05-23T04:54:44.139+0000][433.585s][gc,phases   ] GC(160)   Merge Heap Roots: 2.58ms
[2026-05-23T04:54:44.139+0000][433.585s][gc,phases   ] GC(160)   Evacuate Collection Set: 235.36ms
[2026-05-23T04:54:44.139+0000][433.585s][gc,phases   ] GC(160)   Post Evacuate Collection Set: 0.86ms
[2026-05-23T04:54:44.139+0000][433.585s][gc,phases   ] GC(160)   Other: 0.19ms
[2026-05-23T04:54:44.139+0000][433.585s][gc,heap     ] GC(160) Eden regions: 44->0(44)
[2026-05-23T04:54:44.139+0000][433.585s][gc,heap     ] GC(160) Survivor regions: 7->7(7)
[2026-05-23T04:54:44.139+0000][433.585s][gc,heap     ] GC(160) Old regions: 335->342
[2026-05-23T04:54:44.139+0000][433.585s][gc,heap     ] GC(160) Archive regions: 2->2
[2026-05-23T04:54:44.139+0000][433.585s][gc,heap     ] GC(160) Humongous regions: 0->0
[2026-05-23T04:54:44.139+0000][433.585s][gc,metaspace] GC(160) Metaspace: 42322K(42880K)->42322K(42880K) NonClass: 37533K(37824K)->37533K(37824K) Class: 4788K(5056K)->4788K(5056K)
[2026-05-23T04:54:44.139+0000][433.585s][gc          ] GC(160) Pause Young (Normal) (G1 Evacuation Pause) 6180M->5591M(16448M) 239.171ms
[2026-05-23T04:54:44.139+0000][433.585s][gc,cpu      ] GC(160) User=0.94s Sys=0.00s Real=0.24s
[2026-05-23T04:54:46.817+0000][436.263s][gc,start    ] GC(161) Pause Young (Normal) (G1 Evacuation Pause)
[2026-05-23T04:54:46.817+0000][436.263s][gc,task     ] GC(161) Using 4 workers of 4 for evacuation
[2026-05-23T04:54:47.092+0000][436.538s][gc,mmu      ] GC(161) MMU target violated: 201.0ms (200.0ms/201.0ms)
[2026-05-23T04:54:47.092+0000][436.538s][gc,phases   ] GC(161)   Pre Evacuate Collection Set: 0.11ms
[2026-05-23T04:54:47.092+0000][436.538s][gc,phases   ] GC(161)   Merge Heap Roots: 1.57ms
[2026-05-23T04:54:47.092+0000][436.538s][gc,phases   ] GC(161)   Evacuate Collection Set: 272.19ms
[2026-05-23T04:54:47.092+0000][436.538s][gc,phases   ] GC(161)   Post Evacuate Collection Set: 0.68ms
[2026-05-23T04:54:47.092+0000][436.538s][gc,phases   ] GC(161)   Other: 0.20ms
[2026-05-23T04:54:47.092+0000][436.538s][gc,heap     ] GC(161) Eden regions: 44->0(44)
[2026-05-23T04:54:47.092+0000][436.538s][gc,heap     ] GC(161) Survivor regions: 7->7(7)
[2026-05-23T04:54:47.092+0000][436.538s][gc,heap     ] GC(161) Old regions: 342->349
[2026-05-23T04:54:47.092+0000][436.538s][gc,heap     ] GC(161) Archive regions: 2->2
[2026-05-23T04:54:47.092+0000][436.538s][gc,heap     ] GC(161) Humongous regions: 0->0
[2026-05-23T04:54:47.092+0000][436.538s][gc,metaspace] GC(161) Metaspace: 42322K(42880K)->42322K(42880K) NonClass: 37533K(37824K)->37533K(37824K) Class: 4788K(5056K)->4788K(5056K)
[2026-05-23T04:54:47.092+0000][436.538s][gc          ] GC(161) Pause Young (Normal) (G1 Evacuation Pause) 6295M->5711M(16448M) 274.813ms
[2026-05-23T04:54:47.092+0000][436.538s][gc,cpu      ] GC(161) User=1.09s Sys=0.01s Real=0.28s
[2026-05-23T04:54:51.637+0000][441.083s][gc,start    ] GC(162) Pause Young (Normal) (G1 Evacuation Pause)
[2026-05-23T04:54:51.637+0000][441.083s][gc,task     ] GC(162) Using 4 workers of 4 for evacuation
[2026-05-23T04:54:51.918+0000][441.364s][gc,mmu      ] GC(162) MMU target violated: 201.0ms (200.0ms/201.0ms)
[2026-05-23T04:54:51.919+0000][441.364s][gc,phases   ] GC(162)   Pre Evacuate Collection Set: 0.14ms
[2026-05-23T04:54:51.919+0000][441.364s][gc,phases   ] GC(162)   Merge Heap Roots: 1.68ms
[2026-05-23T04:54:51.919+0000][441.364s][gc,phases   ] GC(162)   Evacuate Collection Set: 278.39ms
[2026-05-23T04:54:51.919+0000][441.364s][gc,phases   ] GC(162)   Post Evacuate Collection Set: 0.83ms
[2026-05-23T04:54:51.919+0000][441.364s][gc,phases   ] GC(162)   Other: 0.19ms
[2026-05-23T04:54:51.919+0000][441.364s][gc,heap     ] GC(162) Eden regions: 44->0(44)
[2026-05-23T04:54:51.919+0000][441.364s][gc,heap     ] GC(162) Survivor regions: 7->7(7)
[2026-05-23T04:54:51.919+0000][441.364s][gc,heap     ] GC(162) Old regions: 349->357
[2026-05-23T04:54:51.919+0000][441.364s][gc,heap     ] GC(162) Archive regions: 2->2
[2026-05-23T04:54:51.919+0000][441.364s][gc,heap     ] GC(162) Humongous regions: 0->0
[2026-05-23T04:54:51.919+0000][441.364s][gc,metaspace] GC(162) Metaspace: 42322K(42880K)->42322K(42880K) NonClass: 37533K(37824K)->37533K(37824K) Class: 4788K(5056K)->4788K(5056K)
[2026-05-23T04:54:51.919+0000][441.364s][gc          ] GC(162) Pause Young (Normal) (G1 Evacuation Pause) 6415M->5839M(16448M) 281.283ms
[2026-05-23T04:54:51.919+0000][441.364s][gc,cpu      ] GC(162) User=1.09s Sys=0.00s Real=0.29s
[2026-05-23T04:54:53.524+0000][442.970s][gc,start    ] GC(163) Pause Young (Normal) (G1 Evacuation Pause)
[2026-05-23T04:54:53.524+0000][442.970s][gc,task     ] GC(163) Using 4 workers of 4 for evacuation
[2026-05-23T04:54:53.821+0000][443.267s][gc,mmu      ] GC(163) MMU target violated: 201.0ms (200.0ms/201.0ms)
[2026-05-23T04:54:53.821+0000][443.267s][gc,phases   ] GC(163)   Pre Evacuate Collection Set: 0.12ms
[2026-05-23T04:54:53.821+0000][443.267s][gc,phases   ] GC(163)   Merge Heap Roots: 1.79ms
[2026-05-23T04:54:53.821+0000][443.267s][gc,phases   ] GC(163)   Evacuate Collection Set: 293.87ms
[2026-05-23T04:54:53.821+0000][443.267s][gc,phases   ] GC(163)   Post Evacuate Collection Set: 0.87ms
[2026-05-23T04:54:53.821+0000][443.267s][gc,phases   ] GC(163)   Other: 0.17ms
[2026-05-23T04:54:53.821+0000][443.267s][gc,heap     ] GC(163) Eden regions: 44->0(44)
[2026-05-23T04:54:53.821+0000][443.267s][gc,heap     ] GC(163) Survivor regions: 7->7(7)
[2026-05-23T04:54:53.821+0000][443.267s][gc,heap     ] GC(163) Old regions: 357->368
[2026-05-23T04:54:53.821+0000][443.267s][gc,heap     ] GC(163) Archive regions: 2->2
[2026-05-23T04:54:53.821+0000][443.267s][gc,heap     ] GC(163) Humongous regions: 0->0
[2026-05-23T04:54:53.821+0000][443.267s][gc,metaspace] GC(163) Metaspace: 42322K(42880K)->42322K(42880K) NonClass: 37533K(37824K)->37533K(37824K) Class: 4788K(5056K)->4788K(5056K)
[2026-05-23T04:54:53.821+0000][443.267s][gc          ] GC(163) Pause Young (Normal) (G1 Evacuation Pause) 6543M->6005M(16448M) 296.874ms
[2026-05-23T04:54:53.821+0000][443.267s][gc,cpu      ] GC(163) User=1.17s Sys=0.00s Real=0.30s
[2026-05-23T04:54:59.258+0000][448.703s][gc,start    ] GC(164) Pause Young (Normal) (G1 Evacuation Pause)
[2026-05-23T04:54:59.258+0000][448.703s][gc,task     ] GC(164) Using 4 workers of 4 for evacuation
[2026-05-23T04:54:59.410+0000][448.855s][gc,phases   ] GC(164)   Pre Evacuate Collection Set: 0.13ms
[2026-05-23T04:54:59.410+0000][448.855s][gc,phases   ] GC(164)   Merge Heap Roots: 3.13ms
[2026-05-23T04:54:59.410+0000][448.855s][gc,phases   ] GC(164)   Evacuate Collection Set: 147.46ms
[2026-05-23T04:54:59.410+0000][448.855s][gc,phases   ] GC(164)   Post Evacuate Collection Set: 1.02ms
[2026-05-23T04:54:59.410+0000][448.855s][gc,phases   ] GC(164)   Other: 0.16ms
[2026-05-23T04:54:59.410+0000][448.855s][gc,heap     ] GC(164) Eden regions: 44->0(45)
[2026-05-23T04:54:59.410+0000][448.855s][gc,heap     ] GC(164) Survivor regions: 7->6(7)
[2026-05-23T04:54:59.410+0000][448.855s][gc,heap     ] GC(164) Old regions: 368->369
[2026-05-23T04:54:59.410+0000][448.855s][gc,heap     ] GC(164) Archive regions: 2->2
[2026-05-23T04:54:59.410+0000][448.855s][gc,heap     ] GC(164) Humongous regions: 0->0
[2026-05-23T04:54:59.410+0000][448.855s][gc,metaspace] GC(164) Metaspace: 42322K(42880K)->42322K(42880K) NonClass: 37533K(37824K)->37533K(37824K) Class: 4788K(5056K)->4788K(5056K)
[2026-05-23T04:54:59.410+0000][448.855s][gc          ] GC(164) Pause Young (Normal) (G1 Evacuation Pause) 6709M->6005M(16448M) 151.985ms
[2026-05-23T04:54:59.410+0000][448.855s][gc,cpu      ] GC(164) User=0.60s Sys=0.00s Real=0.16s
[2026-05-23T04:55:02.291+0000][451.737s][gc,start    ] GC(165) Pause Young (Normal) (G1 Evacuation Pause)
[2026-05-23T04:55:02.291+0000][451.737s][gc,task     ] GC(165) Using 4 workers of 4 for evacuation
[2026-05-23T04:55:02.434+0000][451.880s][gc,phases   ] GC(165)   Pre Evacuate Collection Set: 0.13ms
[2026-05-23T04:55:02.434+0000][451.880s][gc,phases   ] GC(165)   Merge Heap Roots: 1.69ms
[2026-05-23T04:55:02.434+0000][451.880s][gc,phases   ] GC(165)   Evacuate Collection Set: 140.66ms
[2026-05-23T04:55:02.434+0000][451.880s][gc,phases   ] GC(165)   Post Evacuate Collection Set: 0.44ms
[2026-05-23T04:55:02.434+0000][451.880s][gc,phases   ] GC(165)   Other: 0.13ms
[2026-05-23T04:55:02.434+0000][451.880s][gc,heap     ] GC(165) Eden regions: 45->0(46)
[2026-05-23T04:55:02.434+0000][451.880s][gc,heap     ] GC(165) Survivor regions: 6->5(7)
[2026-05-23T04:55:02.434+0000][451.880s][gc,heap     ] GC(165) Old regions: 369->372
[2026-05-23T04:55:02.434+0000][451.880s][gc,heap     ] GC(165) Archive regions: 2->2
[2026-05-23T04:55:02.434+0000][451.880s][gc,heap     ] GC(165) Humongous regions: 0->0
[2026-05-23T04:55:02.434+0000][451.880s][gc,metaspace] GC(165) Metaspace: 42322K(42880K)->42322K(42880K) NonClass: 37533K(37824K)->37533K(37824K) Class: 4788K(5056K)->4788K(5056K)
[2026-05-23T04:55:02.434+0000][451.880s][gc          ] GC(165) Pause Young (Normal) (G1 Evacuation Pause) 6725M->6024M(16448M) 143.155ms
[2026-05-23T04:55:02.434+0000][451.880s][gc,cpu      ] GC(165) User=0.56s Sys=0.00s Real=0.14s
[2026-05-23T04:55:06.094+0000][455.540s][gc,start    ] GC(166) Pause Young (Normal) (G1 Evacuation Pause)
[2026-05-23T04:55:06.094+0000][455.540s][gc,task     ] GC(166) Using 4 workers of 4 for evacuation
[2026-05-23T04:55:06.144+0000][455.590s][gc,phases   ] GC(166)   Pre Evacuate Collection Set: 0.12ms
[2026-05-23T04:55:06.144+0000][455.590s][gc,phases   ] GC(166)   Merge Heap Roots: 0.23ms
[2026-05-23T04:55:06.144+0000][455.590s][gc,phases   ] GC(166)   Evacuate Collection Set: 49.10ms
[2026-05-23T04:55:06.144+0000][455.590s][gc,phases   ] GC(166)   Post Evacuate Collection Set: 0.50ms
[2026-05-23T04:55:06.144+0000][455.590s][gc,phases   ] GC(166)   Other: 0.11ms
[2026-05-23T04:55:06.144+0000][455.590s][gc,heap     ] GC(166) Eden regions: 46->0(48)
[2026-05-23T04:55:06.144+0000][455.590s][gc,heap     ] GC(166) Survivor regions: 5->3(7)
[2026-05-23T04:55:06.144+0000][455.590s][gc,heap     ] GC(166) Old regions: 372->373
[2026-05-23T04:55:06.144+0000][455.590s][gc,heap     ] GC(166) Archive regions: 2->2
[2026-05-23T04:55:06.144+0000][455.590s][gc,heap     ] GC(166) Humongous regions: 0->0
[2026-05-23T04:55:06.144+0000][455.590s][gc,metaspace] GC(166) Metaspace: 42323K(42880K)->42323K(42880K) NonClass: 37534K(37824K)->37534K(37824K) Class: 4788K(5056K)->4788K(5056K)
[2026-05-23T04:55:06.144+0000][455.590s][gc          ] GC(166) Pause Young (Normal) (G1 Evacuation Pause) 6760M->6021M(16448M) 50.168ms
[2026-05-23T04:55:06.144+0000][455.590s][gc,cpu      ] GC(166) User=0.20s Sys=0.00s Real=0.05s
[2026-05-23T04:55:09.603+0000][459.048s][gc,start    ] GC(167) Pause Young (Normal) (G1 Evacuation Pause)
[2026-05-23T04:55:09.603+0000][459.048s][gc,task     ] GC(167) Using 4 workers of 4 for evacuation
[2026-05-23T04:55:09.733+0000][459.179s][gc,phases   ] GC(167)   Pre Evacuate Collection Set: 0.12ms
[2026-05-23T04:55:09.733+0000][459.179s][gc,phases   ] GC(167)   Merge Heap Roots: 0.23ms
[2026-05-23T04:55:09.733+0000][459.179s][gc,phases   ] GC(167)   Evacuate Collection Set: 129.50ms
[2026-05-23T04:55:09.733+0000][459.179s][gc,phases   ] GC(167)   Post Evacuate Collection Set: 0.44ms
[2026-05-23T04:55:09.733+0000][459.179s][gc,phases   ] GC(167)   Other: 0.11ms
[2026-05-23T04:55:09.733+0000][459.179s][gc,heap     ] GC(167) Eden regions: 48->0(44)
[2026-05-23T04:55:09.733+0000][459.179s][gc,heap     ] GC(167) Survivor regions: 3->7(7)
[2026-05-23T04:55:09.733+0000][459.179s][gc,heap     ] GC(167) Old regions: 373->375
[2026-05-23T04:55:09.733+0000][459.179s][gc,heap     ] GC(167) Archive regions: 2->2
[2026-05-23T04:55:09.733+0000][459.179s][gc,heap     ] GC(167) Humongous regions: 0->0
[2026-05-23T04:55:09.733+0000][459.179s][gc,metaspace] GC(167) Metaspace: 42323K(42880K)->42323K(42880K) NonClass: 37534K(37824K)->37534K(37824K) Class: 4788K(5056K)->4788K(5056K)
[2026-05-23T04:55:09.733+0000][459.179s][gc          ] GC(167) Pause Young (Normal) (G1 Evacuation Pause) 6789M->6113M(16448M) 130.489ms
[2026-05-23T04:55:09.733+0000][459.179s][gc,cpu      ] GC(167) User=0.51s Sys=0.00s Real=0.13s
[2026-05-23T04:55:11.842+0000][461.288s][gc,start    ] GC(168) Pause Young (Normal) (G1 Evacuation Pause)
[2026-05-23T04:55:11.842+0000][461.288s][gc,task     ] GC(168) Using 4 workers of 4 for evacuation
[2026-05-23T04:55:11.989+0000][461.435s][gc,phases   ] GC(168)   Pre Evacuate Collection Set: 0.12ms
[2026-05-23T04:55:11.989+0000][461.435s][gc,phases   ] GC(168)   Merge Heap Roots: 0.27ms
[2026-05-23T04:55:11.989+0000][461.435s][gc,phases   ] GC(168)   Evacuate Collection Set: 145.95ms
[2026-05-23T04:55:11.989+0000][461.435s][gc,phases   ] GC(168)   Post Evacuate Collection Set: 0.60ms
[2026-05-23T04:55:11.989+0000][461.435s][gc,phases   ] GC(168)   Other: 0.14ms
[2026-05-23T04:55:11.989+0000][461.435s][gc,heap     ] GC(168) Eden regions: 44->0(44)
[2026-05-23T04:55:11.989+0000][461.435s][gc,heap     ] GC(168) Survivor regions: 7->7(7)
[2026-05-23T04:55:11.989+0000][461.435s][gc,heap     ] GC(168) Old regions: 375->377
[2026-05-23T04:55:11.989+0000][461.435s][gc,heap     ] GC(168) Archive regions: 2->2
[2026-05-23T04:55:11.989+0000][461.435s][gc,heap     ] GC(168) Humongous regions: 0->0
[2026-05-23T04:55:11.989+0000][461.435s][gc,metaspace] GC(168) Metaspace: 42323K(42880K)->42323K(42880K) NonClass: 37534K(37824K)->37534K(37824K) Class: 4788K(5056K)->4788K(5056K)
[2026-05-23T04:55:11.989+0000][461.435s][gc          ] GC(168) Pause Young (Normal) (G1 Evacuation Pause) 6817M->6159M(16448M) 147.179ms
[2026-05-23T04:55:11.989+0000][461.435s][gc,cpu      ] GC(168) User=0.59s Sys=0.00s Real=0.15s
[2026-05-23T04:55:14.874+0000][464.319s][gc,start    ] GC(169) Pause Young (Normal) (G1 Evacuation Pause)
[2026-05-23T04:55:14.874+0000][464.319s][gc,task     ] GC(169) Using 4 workers of 4 for evacuation
[2026-05-23T04:55:15.022+0000][464.467s][gc,phases   ] GC(169)   Pre Evacuate Collection Set: 0.12ms
[2026-05-23T04:55:15.022+0000][464.467s][gc,phases   ] GC(169)   Merge Heap Roots: 0.45ms
[2026-05-23T04:55:15.022+0000][464.467s][gc,phases   ] GC(169)   Evacuate Collection Set: 146.95ms
[2026-05-23T04:55:15.022+0000][464.467s][gc,phases   ] GC(169)   Post Evacuate Collection Set: 0.48ms
[2026-05-23T04:55:15.022+0000][464.468s][gc,phases   ] GC(169)   Other: 0.13ms
[2026-05-23T04:55:15.022+0000][464.468s][gc,heap     ] GC(169) Eden regions: 44->0(46)
[2026-05-23T04:55:15.022+0000][464.468s][gc,heap     ] GC(169) Survivor regions: 7->7(7)
[2026-05-23T04:55:15.022+0000][464.468s][gc,heap     ] GC(169) Old regions: 377->380
[2026-05-23T04:55:15.022+0000][464.468s][gc,heap     ] GC(169) Archive regions: 2->2
[2026-05-23T04:55:15.022+0000][464.468s][gc,heap     ] GC(169) Humongous regions: 0->0
[2026-05-23T04:55:15.022+0000][464.468s][gc,metaspace] GC(169) Metaspace: 42323K(42880K)->42323K(42880K) NonClass: 37534K(37824K)->37534K(37824K) Class: 4788K(5056K)->4788K(5056K)
[2026-05-23T04:55:15.022+0000][464.468s][gc          ] GC(169) Pause Young (Normal) (G1 Evacuation Pause) 6863M->6205M(16448M) 148.223ms
[2026-05-23T04:55:15.022+0000][464.468s][gc,cpu      ] GC(169) User=0.58s Sys=0.00s Real=0.15s
[2026-05-23T04:55:17.469+0000][466.915s][gc,start    ] GC(170) Pause Young (Normal) (G1 Evacuation Pause)
[2026-05-23T04:55:17.470+0000][466.915s][gc,task     ] GC(170) Using 4 workers of 4 for evacuation
[2026-05-23T04:55:17.739+0000][467.184s][gc,mmu      ] GC(170) MMU target violated: 201.0ms (200.0ms/201.0ms)
[2026-05-23T04:55:17.739+0000][467.185s][gc,phases   ] GC(170)   Pre Evacuate Collection Set: 0.11ms
[2026-05-23T04:55:17.739+0000][467.185s][gc,phases   ] GC(170)   Merge Heap Roots: 0.26ms
[2026-05-23T04:55:17.739+0000][467.185s][gc,phases   ] GC(170)   Evacuate Collection Set: 268.01ms
[2026-05-23T04:55:17.739+0000][467.185s][gc,phases   ] GC(170)   Post Evacuate Collection Set: 0.77ms
[2026-05-23T04:55:17.739+0000][467.185s][gc,phases   ] GC(170)   Other: 0.19ms
[2026-05-23T04:55:17.739+0000][467.185s][gc,heap     ] GC(170) Eden regions: 46->0(44)
[2026-05-23T04:55:17.739+0000][467.185s][gc,heap     ] GC(170) Survivor regions: 7->7(7)
[2026-05-23T04:55:17.739+0000][467.185s][gc,heap     ] GC(170) Old regions: 380->390
[2026-05-23T04:55:17.739+0000][467.185s][gc,heap     ] GC(170) Archive regions: 2->2
[2026-05-23T04:55:17.739+0000][467.185s][gc,heap     ] GC(170) Humongous regions: 0->0
[2026-05-23T04:55:17.739+0000][467.185s][gc,metaspace] GC(170) Metaspace: 42325K(42880K)->42325K(42880K) NonClass: 37536K(37824K)->37536K(37824K) Class: 4788K(5056K)->4788K(5056K)
[2026-05-23T04:55:17.739+0000][467.185s][gc          ] GC(170) Pause Young (Normal) (G1 Evacuation Pause) 6941M->6360M(16448M) 269.398ms
[2026-05-23T04:55:17.739+0000][467.185s][gc,cpu      ] GC(170) User=1.06s Sys=0.00s Real=0.27s
[2026-05-23T04:55:22.668+0000][472.113s][gc,start    ] GC(171) Pause Young (Normal) (G1 Evacuation Pause)
[2026-05-23T04:55:22.668+0000][472.113s][gc,task     ] GC(171) Using 4 workers of 4 for evacuation
[2026-05-23T04:55:22.866+0000][472.311s][gc,phases   ] GC(171)   Pre Evacuate Collection Set: 0.11ms
[2026-05-23T04:55:22.866+0000][472.311s][gc,phases   ] GC(171)   Merge Heap Roots: 2.78ms
[2026-05-23T04:55:22.866+0000][472.311s][gc,phases   ] GC(171)   Evacuate Collection Set: 194.19ms
[2026-05-23T04:55:22.866+0000][472.311s][gc,phases   ] GC(171)   Post Evacuate Collection Set: 0.84ms
[2026-05-23T04:55:22.866+0000][472.311s][gc,phases   ] GC(171)   Other: 0.13ms
[2026-05-23T04:55:22.866+0000][472.312s][gc,heap     ] GC(171) Eden regions: 44->0(44)
[2026-05-23T04:55:22.866+0000][472.312s][gc,heap     ] GC(171) Survivor regions: 7->7(7)
[2026-05-23T04:55:22.866+0000][472.312s][gc,heap     ] GC(171) Old regions: 390->395
[2026-05-23T04:55:22.866+0000][472.312s][gc,heap     ] GC(171) Archive regions: 2->2
[2026-05-23T04:55:22.866+0000][472.312s][gc,heap     ] GC(171) Humongous regions: 0->0
[2026-05-23T04:55:22.866+0000][472.312s][gc,metaspace] GC(171) Metaspace: 42325K(42880K)->42325K(42880K) NonClass: 37536K(37824K)->37536K(37824K) Class: 4788K(5056K)->4788K(5056K)
[2026-05-23T04:55:22.866+0000][472.312s][gc          ] GC(171) Pause Young (Normal) (G1 Evacuation Pause) 7064M->6438M(16448M) 198.165ms
[2026-05-23T04:55:22.866+0000][472.312s][gc,cpu      ] GC(171) User=0.78s Sys=0.00s Real=0.20s
[2026-05-23T04:55:25.877+0000][475.323s][gc,start    ] GC(172) Pause Young (Normal) (G1 Evacuation Pause)
[2026-05-23T04:55:25.877+0000][475.323s][gc,task     ] GC(172) Using 4 workers of 4 for evacuation
[2026-05-23T04:55:26.044+0000][475.490s][gc,phases   ] GC(172)   Pre Evacuate Collection Set: 0.12ms
[2026-05-23T04:55:26.044+0000][475.490s][gc,phases   ] GC(172)   Merge Heap Roots: 2.38ms
[2026-05-23T04:55:26.044+0000][475.490s][gc,phases   ] GC(172)   Evacuate Collection Set: 163.66ms
[2026-05-23T04:55:26.044+0000][475.490s][gc,phases   ] GC(172)   Post Evacuate Collection Set: 0.56ms
[2026-05-23T04:55:26.044+0000][475.490s][gc,phases   ] GC(172)   Other: 0.11ms
[2026-05-23T04:55:26.044+0000][475.490s][gc,heap     ] GC(172) Eden regions: 44->0(44)
[2026-05-23T04:55:26.044+0000][475.490s][gc,heap     ] GC(172) Survivor regions: 7->7(7)
[2026-05-23T04:55:26.044+0000][475.490s][gc,heap     ] GC(172) Old regions: 395->397
[2026-05-23T04:55:26.044+0000][475.490s][gc,heap     ] GC(172) Archive regions: 2->2
[2026-05-23T04:55:26.044+0000][475.490s][gc,heap     ] GC(172) Humongous regions: 0->0
[2026-05-23T04:55:26.044+0000][475.490s][gc,metaspace] GC(172) Metaspace: 42329K(42880K)->42329K(42880K) NonClass: 37540K(37824K)->37540K(37824K) Class: 4788K(5056K)->4788K(5056K)
[2026-05-23T04:55:26.044+0000][475.490s][gc          ] GC(172) Pause Young (Normal) (G1 Evacuation Pause) 7142M->6479M(16448M) 166.916ms
[2026-05-23T04:55:26.044+0000][475.490s][gc,cpu      ] GC(172) User=0.66s Sys=0.00s Real=0.17s
[2026-05-23T04:55:28.936+0000][478.382s][gc,start    ] GC(173) Pause Young (Normal) (G1 Evacuation Pause)
[2026-05-23T04:55:28.936+0000][478.382s][gc,task     ] GC(173) Using 4 workers of 4 for evacuation
[2026-05-23T04:55:29.104+0000][478.550s][gc,phases   ] GC(173)   Pre Evacuate Collection Set: 0.12ms
[2026-05-23T04:55:29.104+0000][478.550s][gc,phases   ] GC(173)   Merge Heap Roots: 0.53ms
[2026-05-23T04:55:29.104+0000][478.550s][gc,phases   ] GC(173)   Evacuate Collection Set: 166.63ms
[2026-05-23T04:55:29.104+0000][478.550s][gc,phases   ] GC(173)   Post Evacuate Collection Set: 0.63ms
[2026-05-23T04:55:29.104+0000][478.550s][gc,phases   ] GC(173)   Other: 0.11ms
[2026-05-23T04:55:29.104+0000][478.550s][gc,heap     ] GC(173) Eden regions: 44->0(48)
[2026-05-23T04:55:29.104+0000][478.550s][gc,heap     ] GC(173) Survivor regions: 7->3(7)
[2026-05-23T04:55:29.104+0000][478.550s][gc,heap     ] GC(173) Old regions: 397->404
[2026-05-23T04:55:29.104+0000][478.550s][gc,heap     ] GC(173) Archive regions: 2->2
[2026-05-23T04:55:29.104+0000][478.550s][gc,heap     ] GC(173) Humongous regions: 0->0
[2026-05-23T04:55:29.104+0000][478.550s][gc,metaspace] GC(173) Metaspace: 45592K(46272K)->45592K(46272K) NonClass: 40340K(40704K)->40340K(40704K) Class: 5251K(5568K)->5251K(5568K)
[2026-05-23T04:55:29.104+0000][478.550s][gc          ] GC(173) Pause Young (Normal) (G1 Evacuation Pause) 7183M->6527M(16448M) 168.102ms
[2026-05-23T04:55:29.104+0000][478.550s][gc,cpu      ] GC(173) User=0.67s Sys=0.00s Real=0.17s
[2026-05-23T04:55:31.790+0000][481.235s][gc,start    ] GC(174) Pause Young (Normal) (G1 Evacuation Pause)
[2026-05-23T04:55:31.790+0000][481.235s][gc,task     ] GC(174) Using 4 workers of 4 for evacuation
[2026-05-23T04:55:31.950+0000][481.396s][gc,phases   ] GC(174)   Pre Evacuate Collection Set: 0.11ms
[2026-05-23T04:55:31.950+0000][481.396s][gc,phases   ] GC(174)   Merge Heap Roots: 0.10ms
[2026-05-23T04:55:31.950+0000][481.396s][gc,phases   ] GC(174)   Evacuate Collection Set: 159.51ms
[2026-05-23T04:55:31.950+0000][481.396s][gc,phases   ] GC(174)   Post Evacuate Collection Set: 0.96ms
[2026-05-23T04:55:31.950+0000][481.396s][gc,phases   ] GC(174)   Other: 0.11ms
[2026-05-23T04:55:31.951+0000][481.396s][gc,heap     ] GC(174) Eden regions: 48->0(44)
[2026-05-23T04:55:31.951+0000][481.396s][gc,heap     ] GC(174) Survivor regions: 3->7(7)
[2026-05-23T04:55:31.951+0000][481.396s][gc,heap     ] GC(174) Old regions: 404->408
[2026-05-23T04:55:31.951+0000][481.396s][gc,heap     ] GC(174) Archive regions: 2->2
[2026-05-23T04:55:31.951+0000][481.396s][gc,heap     ] GC(174) Humongous regions: 0->0
[2026-05-23T04:55:31.951+0000][481.396s][gc,metaspace] GC(174) Metaspace: 45770K(46400K)->45770K(46400K) NonClass: 40495K(40832K)->40495K(40832K) Class: 5275K(5568K)->5275K(5568K)
[2026-05-23T04:55:31.951+0000][481.396s][gc          ] GC(174) Pause Young (Normal) (G1 Evacuation Pause) 7295M->6644M(16448M) 160.911ms
[2026-05-23T04:55:31.951+0000][481.396s][gc,cpu      ] GC(174) User=0.64s Sys=0.00s Real=0.16s
[2026-05-23T04:55:34.686+0000][484.132s][gc,start    ] GC(175) Pause Young (Normal) (G1 Evacuation Pause)
[2026-05-23T04:55:34.687+0000][484.132s][gc,task     ] GC(175) Using 4 workers of 4 for evacuation
[2026-05-23T04:55:34.821+0000][484.266s][gc,phases   ] GC(175)   Pre Evacuate Collection Set: 0.12ms
[2026-05-23T04:55:34.821+0000][484.266s][gc,phases   ] GC(175)   Merge Heap Roots: 0.66ms
[2026-05-23T04:55:34.821+0000][484.267s][gc,phases   ] GC(175)   Evacuate Collection Set: 132.79ms
[2026-05-23T04:55:34.821+0000][484.267s][gc,phases   ] GC(175)   Post Evacuate Collection Set: 0.60ms
[2026-05-23T04:55:34.821+0000][484.267s][gc,phases   ] GC(175)   Other: 0.14ms
[2026-05-23T04:55:34.821+0000][484.267s][gc,heap     ] GC(175) Eden regions: 44->0(44)
[2026-05-23T04:55:34.821+0000][484.267s][gc,heap     ] GC(175) Survivor regions: 7->7(7)
[2026-05-23T04:55:34.821+0000][484.267s][gc,heap     ] GC(175) Old regions: 408->410
[2026-05-23T04:55:34.821+0000][484.267s][gc,heap     ] GC(175) Archive regions: 2->2
[2026-05-23T04:55:34.821+0000][484.267s][gc,heap     ] GC(175) Humongous regions: 0->0
[2026-05-23T04:55:34.821+0000][484.267s][gc,metaspace] GC(175) Metaspace: 45787K(46400K)->45787K(46400K) NonClass: 40511K(40832K)->40511K(40832K) Class: 5275K(5568K)->5275K(5568K)
[2026-05-23T04:55:34.821+0000][484.267s][gc          ] GC(175) Pause Young (Normal) (G1 Evacuation Pause) 7348M->6674M(16448M) 134.398ms
[2026-05-23T04:55:34.821+0000][484.267s][gc,cpu      ] GC(175) User=0.52s Sys=0.00s Real=0.14s
[2026-05-23T04:55:37.228+0000][486.673s][gc,start    ] GC(176) Pause Young (Normal) (G1 Evacuation Pause)
[2026-05-23T04:55:37.228+0000][486.674s][gc,task     ] GC(176) Using 4 workers of 4 for evacuation
[2026-05-23T04:55:37.389+0000][486.835s][gc,phases   ] GC(176)   Pre Evacuate Collection Set: 0.11ms
[2026-05-23T04:55:37.389+0000][486.835s][gc,phases   ] GC(176)   Merge Heap Roots: 0.37ms
[2026-05-23T04:55:37.389+0000][486.835s][gc,phases   ] GC(176)   Evacuate Collection Set: 160.30ms
[2026-05-23T04:55:37.389+0000][486.835s][gc,phases   ] GC(176)   Post Evacuate Collection Set: 0.42ms
[2026-05-23T04:55:37.389+0000][486.835s][gc,phases   ] GC(176)   Other: 0.12ms
[2026-05-23T04:55:37.389+0000][486.835s][gc,heap     ] GC(176) Eden regions: 44->0(44)
[2026-05-23T04:55:37.389+0000][486.835s][gc,heap     ] GC(176) Survivor regions: 7->7(7)
[2026-05-23T04:55:37.389+0000][486.835s][gc,heap     ] GC(176) Old regions: 410->412
[2026-05-23T04:55:37.389+0000][486.835s][gc,heap     ] GC(176) Archive regions: 2->2
[2026-05-23T04:55:37.389+0000][486.835s][gc,heap     ] GC(176) Humongous regions: 0->0
[2026-05-23T04:55:37.389+0000][486.835s][gc,metaspace] GC(176) Metaspace: 45798K(46400K)->45798K(46400K) NonClass: 40521K(40832K)->40521K(40832K) Class: 5277K(5568K)->5277K(5568K)
[2026-05-23T04:55:37.389+0000][486.835s][gc          ] GC(176) Pause Young (Normal) (G1 Evacuation Pause) 7378M->6712M(16448M) 161.438ms
[2026-05-23T04:55:37.389+0000][486.835s][gc,cpu      ] GC(176) User=0.64s Sys=0.00s Real=0.17s
[2026-05-23T04:55:39.541+0000][488.987s][gc,start    ] GC(177) Pause Young (Normal) (G1 Evacuation Pause)
[2026-05-23T04:55:39.541+0000][488.987s][gc,task     ] GC(177) Using 4 workers of 4 for evacuation
[2026-05-23T04:55:39.658+0000][489.104s][gc,phases   ] GC(177)   Pre Evacuate Collection Set: 0.13ms
[2026-05-23T04:55:39.658+0000][489.104s][gc,phases   ] GC(177)   Merge Heap Roots: 0.19ms
[2026-05-23T04:55:39.658+0000][489.104s][gc,phases   ] GC(177)   Evacuate Collection Set: 115.81ms
[2026-05-23T04:55:39.658+0000][489.104s][gc,phases   ] GC(177)   Post Evacuate Collection Set: 0.44ms
[2026-05-23T04:55:39.658+0000][489.104s][gc,phases   ] GC(177)   Other: 0.11ms
[2026-05-23T04:55:39.658+0000][489.104s][gc,heap     ] GC(177) Eden regions: 44->0(44)
[2026-05-23T04:55:39.658+0000][489.104s][gc,heap     ] GC(177) Survivor regions: 7->7(7)
[2026-05-23T04:55:39.658+0000][489.104s][gc,heap     ] GC(177) Old regions: 412->414
[2026-05-23T04:55:39.658+0000][489.104s][gc,heap     ] GC(177) Archive regions: 2->2
[2026-05-23T04:55:39.658+0000][489.104s][gc,heap     ] GC(177) Humongous regions: 0->0
[2026-05-23T04:55:39.658+0000][489.104s][gc,metaspace] GC(177) Metaspace: 45808K(46400K)->45808K(46400K) NonClass: 40530K(40832K)->40530K(40832K) Class: 5278K(5568K)->5278K(5568K)
[2026-05-23T04:55:39.658+0000][489.104s][gc          ] GC(177) Pause Young (Normal) (G1 Evacuation Pause) 7416M->6739M(16448M) 116.791ms
[2026-05-23T04:55:39.658+0000][489.104s][gc,cpu      ] GC(177) User=0.45s Sys=0.00s Real=0.11s
[2026-05-23T04:55:42.152+0000][491.597s][gc,start    ] GC(178) Pause Young (Normal) (G1 Evacuation Pause)
[2026-05-23T04:55:42.152+0000][491.597s][gc,task     ] GC(178) Using 4 workers of 4 for evacuation
[2026-05-23T04:55:42.425+0000][491.871s][gc,mmu      ] GC(178) MMU target violated: 201.0ms (200.0ms/201.0ms)
[2026-05-23T04:55:42.425+0000][491.871s][gc,phases   ] GC(178)   Pre Evacuate Collection Set: 0.13ms
[2026-05-23T04:55:42.425+0000][491.871s][gc,phases   ] GC(178)   Merge Heap Roots: 0.16ms
[2026-05-23T04:55:42.425+0000][491.871s][gc,phases   ] GC(178)   Evacuate Collection Set: 272.15ms
[2026-05-23T04:55:42.425+0000][491.871s][gc,phases   ] GC(178)   Post Evacuate Collection Set: 0.72ms
[2026-05-23T04:55:42.425+0000][491.871s][gc,phases   ] GC(178)   Other: 0.19ms
[2026-05-23T04:55:42.425+0000][491.871s][gc,heap     ] GC(178) Eden regions: 44->0(44)
[2026-05-23T04:55:42.425+0000][491.871s][gc,heap     ] GC(178) Survivor regions: 7->7(7)
[2026-05-23T04:55:42.425+0000][491.871s][gc,heap     ] GC(178) Old regions: 414->425
[2026-05-23T04:55:42.425+0000][491.871s][gc,heap     ] GC(178) Archive regions: 2->2
[2026-05-23T04:55:42.425+0000][491.871s][gc,heap     ] GC(178) Humongous regions: 0->0
[2026-05-23T04:55:42.425+0000][491.871s][gc,metaspace] GC(178) Metaspace: 45812K(46400K)->45812K(46400K) NonClass: 40533K(40832K)->40533K(40832K) Class: 5278K(5568K)->5278K(5568K)
[2026-05-23T04:55:42.425+0000][491.871s][gc          ] GC(178) Pause Young (Normal) (G1 Evacuation Pause) 7443M->6924M(16448M) 273.386ms
[2026-05-23T04:55:42.425+0000][491.871s][gc,cpu      ] GC(178) User=1.08s Sys=0.00s Real=0.27s
[2026-05-23T04:55:43.865+0000][493.311s][gc,start    ] GC(179) Pause Young (Normal) (G1 Evacuation Pause)
[2026-05-23T04:55:43.865+0000][493.311s][gc,task     ] GC(179) Using 4 workers of 4 for evacuation
[2026-05-23T04:55:44.114+0000][493.560s][gc,mmu      ] GC(179) MMU target violated: 201.0ms (200.0ms/201.0ms)
[2026-05-23T04:55:44.114+0000][493.560s][gc,phases   ] GC(179)   Pre Evacuate Collection Set: 0.13ms
[2026-05-23T04:55:44.114+0000][493.560s][gc,phases   ] GC(179)   Merge Heap Roots: 1.65ms
[2026-05-23T04:55:44.114+0000][493.560s][gc,phases   ] GC(179)   Evacuate Collection Set: 246.77ms
[2026-05-23T04:55:44.114+0000][493.560s][gc,phases   ] GC(179)   Post Evacuate Collection Set: 0.88ms
[2026-05-23T04:55:44.115+0000][493.560s][gc,phases   ] GC(179)   Other: 0.17ms
[2026-05-23T04:55:44.115+0000][493.560s][gc,heap     ] GC(179) Eden regions: 44->0(44)
[2026-05-23T04:55:44.115+0000][493.560s][gc,heap     ] GC(179) Survivor regions: 7->7(7)
[2026-05-23T04:55:44.115+0000][493.560s][gc,heap     ] GC(179) Old regions: 425->434
[2026-05-23T04:55:44.115+0000][493.560s][gc,heap     ] GC(179) Archive regions: 2->2
[2026-05-23T04:55:44.115+0000][493.560s][gc,heap     ] GC(179) Humongous regions: 0->0
[2026-05-23T04:55:44.115+0000][493.560s][gc,metaspace] GC(179) Metaspace: 45812K(46400K)->45812K(46400K) NonClass: 40533K(40832K)->40533K(40832K) Class: 5278K(5568K)->5278K(5568K)
[2026-05-23T04:55:44.115+0000][493.560s][gc          ] GC(179) Pause Young (Normal) (G1 Evacuation Pause) 7628M->7057M(16448M) 249.672ms
[2026-05-23T04:55:44.115+0000][493.560s][gc,cpu      ] GC(179) User=0.98s Sys=0.00s Real=0.25s
[2026-05-23T04:55:48.672+0000][498.118s][gc,start    ] GC(180) Pause Young (Normal) (G1 Evacuation Pause)
[2026-05-23T04:55:48.672+0000][498.118s][gc,task     ] GC(180) Using 4 workers of 4 for evacuation
[2026-05-23T04:55:48.842+0000][498.288s][gc,phases   ] GC(180)   Pre Evacuate Collection Set: 0.12ms
[2026-05-23T04:55:48.843+0000][498.288s][gc,phases   ] GC(180)   Merge Heap Roots: 4.13ms
[2026-05-23T04:55:48.843+0000][498.288s][gc,phases   ] GC(180)   Evacuate Collection Set: 164.76ms
[2026-05-23T04:55:48.843+0000][498.288s][gc,phases   ] GC(180)   Post Evacuate Collection Set: 0.96ms
[2026-05-23T04:55:48.843+0000][498.288s][gc,phases   ] GC(180)   Other: 0.14ms
[2026-05-23T04:55:48.843+0000][498.288s][gc,heap     ] GC(180) Eden regions: 44->0(45)
[2026-05-23T04:55:48.843+0000][498.288s][gc,heap     ] GC(180) Survivor regions: 7->6(7)
[2026-05-23T04:55:48.843+0000][498.288s][gc,heap     ] GC(180) Old regions: 434->436
[2026-05-23T04:55:48.843+0000][498.288s][gc,heap     ] GC(180) Archive regions: 2->2
[2026-05-23T04:55:48.843+0000][498.288s][gc,heap     ] GC(180) Humongous regions: 0->0
[2026-05-23T04:55:48.843+0000][498.288s][gc,metaspace] GC(180) Metaspace: 45815K(46400K)->45815K(46400K) NonClass: 40537K(40832K)->40537K(40832K) Class: 5278K(5568K)->5278K(5568K)
[2026-05-23T04:55:48.843+0000][498.288s][gc          ] GC(180) Pause Young (Normal) (G1 Evacuation Pause) 7761M->7067M(16448M) 170.229ms
[2026-05-23T04:55:48.843+0000][498.288s][gc,cpu      ] GC(180) User=0.66s Sys=0.00s Real=0.17s
[2026-05-23T04:55:51.387+0000][500.833s][gc,start    ] GC(181) Pause Young (Normal) (G1 Evacuation Pause)
[2026-05-23T04:55:51.387+0000][500.833s][gc,task     ] GC(181) Using 4 workers of 4 for evacuation
[2026-05-23T04:55:51.613+0000][501.059s][gc,mmu      ] GC(181) MMU target violated: 201.0ms (200.0ms/201.0ms)
[2026-05-23T04:55:51.613+0000][501.059s][gc,phases   ] GC(181)   Pre Evacuate Collection Set: 0.12ms
[2026-05-23T04:55:51.613+0000][501.059s][gc,phases   ] GC(181)   Merge Heap Roots: 1.75ms
[2026-05-23T04:55:51.613+0000][501.059s][gc,phases   ] GC(181)   Evacuate Collection Set: 223.82ms
[2026-05-23T04:55:51.613+0000][501.059s][gc,phases   ] GC(181)   Post Evacuate Collection Set: 0.48ms
[2026-05-23T04:55:51.613+0000][501.059s][gc,phases   ] GC(181)   Other: 0.15ms
[2026-05-23T04:55:51.613+0000][501.059s][gc,heap     ] GC(181) Eden regions: 45->0(44)
[2026-05-23T04:55:51.613+0000][501.059s][gc,heap     ] GC(181) Survivor regions: 6->7(7)
[2026-05-23T04:55:51.613+0000][501.059s][gc,heap     ] GC(181) Old regions: 436->440
[2026-05-23T04:55:51.613+0000][501.059s][gc,heap     ] GC(181) Archive regions: 2->2
[2026-05-23T04:55:51.613+0000][501.059s][gc,heap     ] GC(181) Humongous regions: 0->0
[2026-05-23T04:55:51.613+0000][501.059s][gc,metaspace] GC(181) Metaspace: 45821K(46400K)->45821K(46400K) NonClass: 40542K(40832K)->40542K(40832K) Class: 5278K(5568K)->5278K(5568K)
[2026-05-23T04:55:51.613+0000][501.059s][gc          ] GC(181) Pause Young (Normal) (G1 Evacuation Pause) 7787M->7167M(16448M) 226.377ms
[2026-05-23T04:55:51.613+0000][501.059s][gc,cpu      ] GC(181) User=0.89s Sys=0.00s Real=0.23s
[2026-05-23T04:55:53.945+0000][503.391s][gc,start    ] GC(182) Pause Young (Normal) (G1 Evacuation Pause)
[2026-05-23T04:55:53.945+0000][503.391s][gc,task     ] GC(182) Using 4 workers of 4 for evacuation
[2026-05-23T04:55:54.188+0000][503.634s][gc,mmu      ] GC(182) MMU target violated: 201.0ms (200.0ms/201.0ms)
[2026-05-23T04:55:54.188+0000][503.634s][gc,phases   ] GC(182)   Pre Evacuate Collection Set: 0.11ms
[2026-05-23T04:55:54.188+0000][503.634s][gc,phases   ] GC(182)   Merge Heap Roots: 0.32ms
[2026-05-23T04:55:54.188+0000][503.634s][gc,phases   ] GC(182)   Evacuate Collection Set: 242.45ms
[2026-05-23T04:55:54.189+0000][503.634s][gc,phases   ] GC(182)   Post Evacuate Collection Set: 0.64ms
[2026-05-23T04:55:54.189+0000][503.634s][gc,phases   ] GC(182)   Other: 0.17ms
[2026-05-23T04:55:54.189+0000][503.634s][gc,heap     ] GC(182) Eden regions: 44->0(44)
[2026-05-23T04:55:54.189+0000][503.634s][gc,heap     ] GC(182) Survivor regions: 7->7(7)
[2026-05-23T04:55:54.189+0000][503.634s][gc,heap     ] GC(182) Old regions: 440->446
[2026-05-23T04:55:54.189+0000][503.634s][gc,heap     ] GC(182) Archive regions: 2->2
[2026-05-23T04:55:54.189+0000][503.634s][gc,heap     ] GC(182) Humongous regions: 0->0
[2026-05-23T04:55:54.189+0000][503.634s][gc,metaspace] GC(182) Metaspace: 45823K(46400K)->45823K(46400K) NonClass: 40544K(40832K)->40544K(40832K) Class: 5278K(5568K)->5278K(5568K)
[2026-05-23T04:55:54.189+0000][503.634s][gc          ] GC(182) Pause Young (Normal) (G1 Evacuation Pause) 7871M->7256M(16448M) 243.772ms
[2026-05-23T04:55:54.189+0000][503.634s][gc,cpu      ] GC(182) User=0.96s Sys=0.00s Real=0.25s
[2026-05-23T04:55:57.278+0000][506.723s][gc,start    ] GC(183) Pause Young (Normal) (G1 Evacuation Pause)
[2026-05-23T04:55:57.278+0000][506.723s][gc,task     ] GC(183) Using 4 workers of 4 for evacuation
[2026-05-23T04:55:57.356+0000][506.802s][gc,phases   ] GC(183)   Pre Evacuate Collection Set: 0.11ms
[2026-05-23T04:55:57.356+0000][506.802s][gc,phases   ] GC(183)   Merge Heap Roots: 1.13ms
[2026-05-23T04:55:57.356+0000][506.802s][gc,phases   ] GC(183)   Evacuate Collection Set: 76.65ms
[2026-05-23T04:55:57.356+0000][506.802s][gc,phases   ] GC(183)   Post Evacuate Collection Set: 0.65ms
[2026-05-23T04:55:57.356+0000][506.802s][gc,phases   ] GC(183)   Other: 0.11ms
[2026-05-23T04:55:57.356+0000][506.802s][gc,heap     ] GC(183) Eden regions: 44->0(48)
[2026-05-23T04:55:57.356+0000][506.802s][gc,heap     ] GC(183) Survivor regions: 7->3(7)
[2026-05-23T04:55:57.356+0000][506.802s][gc,heap     ] GC(183) Old regions: 446->449
[2026-05-23T04:55:57.356+0000][506.802s][gc,heap     ] GC(183) Archive regions: 2->2
[2026-05-23T04:55:57.356+0000][506.802s][gc,heap     ] GC(183) Humongous regions: 0->0
[2026-05-23T04:55:57.356+0000][506.802s][gc,metaspace] GC(183) Metaspace: 45823K(46400K)->45823K(46400K) NonClass: 40544K(40832K)->40544K(40832K) Class: 5278K(5568K)->5278K(5568K)
[2026-05-23T04:55:57.356+0000][506.802s][gc          ] GC(183) Pause Young (Normal) (G1 Evacuation Pause) 7960M->7236M(16448M) 78.752ms
[2026-05-23T04:55:57.356+0000][506.802s][gc,cpu      ] GC(183) User=0.30s Sys=0.00s Real=0.08s
[2026-05-23T04:56:00.013+0000][509.459s][gc,start    ] GC(184) Pause Young (Normal) (G1 Evacuation Pause)
[2026-05-23T04:56:00.013+0000][509.459s][gc,task     ] GC(184) Using 4 workers of 4 for evacuation
[2026-05-23T04:56:00.272+0000][509.718s][gc,mmu      ] GC(184) MMU target violated: 201.0ms (200.0ms/201.0ms)
[2026-05-23T04:56:00.272+0000][509.718s][gc,phases   ] GC(184)   Pre Evacuate Collection Set: 0.11ms
[2026-05-23T04:56:00.272+0000][509.718s][gc,phases   ] GC(184)   Merge Heap Roots: 0.66ms
[2026-05-23T04:56:00.272+0000][509.718s][gc,phases   ] GC(184)   Evacuate Collection Set: 257.17ms
[2026-05-23T04:56:00.272+0000][509.718s][gc,phases   ] GC(184)   Post Evacuate Collection Set: 0.63ms
[2026-05-23T04:56:00.272+0000][509.718s][gc,phases   ] GC(184)   Other: 0.55ms
[2026-05-23T04:56:00.272+0000][509.718s][gc,heap     ] GC(184) Eden regions: 48->0(44)
[2026-05-23T04:56:00.272+0000][509.718s][gc,heap     ] GC(184) Survivor regions: 3->7(7)
[2026-05-23T04:56:00.272+0000][509.718s][gc,heap     ] GC(184) Old regions: 449->452
[2026-05-23T04:56:00.272+0000][509.718s][gc,heap     ] GC(184) Archive regions: 2->2
[2026-05-23T04:56:00.272+0000][509.718s][gc,heap     ] GC(184) Humongous regions: 0->0
[2026-05-23T04:56:00.272+0000][509.718s][gc,metaspace] GC(184) Metaspace: 45828K(46400K)->45828K(46400K) NonClass: 40549K(40832K)->40549K(40832K) Class: 5278K(5568K)->5278K(5568K)
[2026-05-23T04:56:00.272+0000][509.718s][gc          ] GC(184) Pause Young (Normal) (G1 Evacuation Pause) 8004M->7348M(16448M) 259.166ms
[2026-05-23T04:56:00.272+0000][509.718s][gc,cpu      ] GC(184) User=1.03s Sys=0.00s Real=0.26s
[2026-05-23T04:56:02.807+0000][512.252s][gc,start    ] GC(185) Pause Young (Normal) (G1 Evacuation Pause)
[2026-05-23T04:56:02.807+0000][512.252s][gc,task     ] GC(185) Using 4 workers of 4 for evacuation
[2026-05-23T04:56:02.981+0000][512.426s][gc,phases   ] GC(185)   Pre Evacuate Collection Set: 0.12ms
[2026-05-23T04:56:02.981+0000][512.426s][gc,phases   ] GC(185)   Merge Heap Roots: 0.72ms
[2026-05-23T04:56:02.981+0000][512.426s][gc,phases   ] GC(185)   Evacuate Collection Set: 172.51ms
[2026-05-23T04:56:02.981+0000][512.426s][gc,phases   ] GC(185)   Post Evacuate Collection Set: 0.52ms
[2026-05-23T04:56:02.981+0000][512.426s][gc,phases   ] GC(185)   Other: 0.13ms
[2026-05-23T04:56:02.981+0000][512.426s][gc,heap     ] GC(185) Eden regions: 44->0(44)
[2026-05-23T04:56:02.981+0000][512.426s][gc,heap     ] GC(185) Survivor regions: 7->7(7)
[2026-05-23T04:56:02.981+0000][512.426s][gc,heap     ] GC(185) Old regions: 452->454
[2026-05-23T04:56:02.981+0000][512.427s][gc,heap     ] GC(185) Archive regions: 2->2
[2026-05-23T04:56:02.981+0000][512.427s][gc,heap     ] GC(185) Humongous regions: 0->0
[2026-05-23T04:56:02.981+0000][512.427s][gc,metaspace] GC(185) Metaspace: 45828K(46400K)->45828K(46400K) NonClass: 40549K(40832K)->40549K(40832K) Class: 5278K(5568K)->5278K(5568K)
[2026-05-23T04:56:02.981+0000][512.427s][gc          ] GC(185) Pause Young (Normal) (G1 Evacuation Pause) 8052M->7387M(16448M) 174.112ms
[2026-05-23T04:56:02.981+0000][512.427s][gc,cpu      ] GC(185) User=0.68s Sys=0.00s Real=0.18s
[2026-05-23T04:56:05.818+0000][515.263s][gc,start    ] GC(186) Pause Young (Normal) (G1 Evacuation Pause)
[2026-05-23T04:56:05.818+0000][515.264s][gc,task     ] GC(186) Using 4 workers of 4 for evacuation
[2026-05-23T04:56:05.976+0000][515.422s][gc,phases   ] GC(186)   Pre Evacuate Collection Set: 0.11ms
[2026-05-23T04:56:05.976+0000][515.422s][gc,phases   ] GC(186)   Merge Heap Roots: 0.21ms
[2026-05-23T04:56:05.976+0000][515.422s][gc,phases   ] GC(186)   Evacuate Collection Set: 157.20ms
[2026-05-23T04:56:05.976+0000][515.422s][gc,phases   ] GC(186)   Post Evacuate Collection Set: 0.49ms
[2026-05-23T04:56:05.976+0000][515.422s][gc,phases   ] GC(186)   Other: 0.13ms
[2026-05-23T04:56:05.976+0000][515.422s][gc,heap     ] GC(186) Eden regions: 44->0(44)
[2026-05-23T04:56:05.976+0000][515.422s][gc,heap     ] GC(186) Survivor regions: 7->7(7)
[2026-05-23T04:56:05.976+0000][515.422s][gc,heap     ] GC(186) Old regions: 454->458
[2026-05-23T04:56:05.976+0000][515.422s][gc,heap     ] GC(186) Archive regions: 2->2
[2026-05-23T04:56:05.976+0000][515.422s][gc,heap     ] GC(186) Humongous regions: 0->0
[2026-05-23T04:56:05.976+0000][515.422s][gc,metaspace] GC(186) Metaspace: 45830K(46400K)->45830K(46400K) NonClass: 40551K(40832K)->40551K(40832K) Class: 5278K(5568K)->5278K(5568K)
[2026-05-23T04:56:05.976+0000][515.422s][gc          ] GC(186) Pause Young (Normal) (G1 Evacuation Pause) 8091M->7445M(16448M) 158.226ms
[2026-05-23T04:56:05.976+0000][515.422s][gc,cpu      ] GC(186) User=0.62s Sys=0.00s Real=0.16s
[2026-05-23T04:56:08.691+0000][518.137s][gc,start    ] GC(187) Pause Young (Normal) (G1 Evacuation Pause)
[2026-05-23T04:56:08.691+0000][518.137s][gc,task     ] GC(187) Using 4 workers of 4 for evacuation
[2026-05-23T04:56:08.876+0000][518.322s][gc,phases   ] GC(187)   Pre Evacuate Collection Set: 0.16ms
[2026-05-23T04:56:08.876+0000][518.322s][gc,phases   ] GC(187)   Merge Heap Roots: 0.38ms
[2026-05-23T04:56:08.876+0000][518.322s][gc,phases   ] GC(187)   Evacuate Collection Set: 183.89ms
[2026-05-23T04:56:08.876+0000][518.322s][gc,phases   ] GC(187)   Post Evacuate Collection Set: 0.57ms
[2026-05-23T04:56:08.877+0000][518.322s][gc,phases   ] GC(187)   Other: 0.11ms
[2026-05-23T04:56:08.877+0000][518.322s][gc,heap     ] GC(187) Eden regions: 44->0(44)
[2026-05-23T04:56:08.877+0000][518.322s][gc,heap     ] GC(187) Survivor regions: 7->7(7)
[2026-05-23T04:56:08.877+0000][518.322s][gc,heap     ] GC(187) Old regions: 458->463
[2026-05-23T04:56:08.877+0000][518.322s][gc,heap     ] GC(187) Archive regions: 2->2
[2026-05-23T04:56:08.877+0000][518.322s][gc,heap     ] GC(187) Humongous regions: 0->0
[2026-05-23T04:56:08.877+0000][518.322s][gc,metaspace] GC(187) Metaspace: 45830K(46400K)->45830K(46400K) NonClass: 40551K(40832K)->40551K(40832K) Class: 5278K(5568K)->5278K(5568K)
[2026-05-23T04:56:08.877+0000][518.322s][gc          ] GC(187) Pause Young (Normal) (G1 Evacuation Pause) 8149M->7529M(16448M) 185.217ms
[2026-05-23T04:56:08.877+0000][518.322s][gc,cpu      ] GC(187) User=0.73s Sys=0.00s Real=0.18s
[2026-05-23T04:56:10.337+0000][519.783s][gc,start    ] GC(188) Pause Young (Normal) (G1 Evacuation Pause)
[2026-05-23T04:56:10.337+0000][519.783s][gc,task     ] GC(188) Using 4 workers of 4 for evacuation
[2026-05-23T04:56:10.636+0000][520.082s][gc,mmu      ] GC(188) MMU target violated: 201.0ms (200.0ms/201.0ms)
[2026-05-23T04:56:10.636+0000][520.082s][gc,phases   ] GC(188)   Pre Evacuate Collection Set: 0.11ms
[2026-05-23T04:56:10.636+0000][520.082s][gc,phases   ] GC(188)   Merge Heap Roots: 1.23ms
[2026-05-23T04:56:10.636+0000][520.082s][gc,phases   ] GC(188)   Evacuate Collection Set: 295.90ms
[2026-05-23T04:56:10.636+0000][520.082s][gc,phases   ] GC(188)   Post Evacuate Collection Set: 0.83ms
[2026-05-23T04:56:10.636+0000][520.082s][gc,phases   ] GC(188)   Other: 0.53ms
[2026-05-23T04:56:10.636+0000][520.082s][gc,heap     ] GC(188) Eden regions: 44->0(44)
[2026-05-23T04:56:10.636+0000][520.082s][gc,heap     ] GC(188) Survivor regions: 7->7(7)
[2026-05-23T04:56:10.636+0000][520.082s][gc,heap     ] GC(188) Old regions: 463->475
[2026-05-23T04:56:10.636+0000][520.082s][gc,heap     ] GC(188) Archive regions: 2->2
[2026-05-23T04:56:10.636+0000][520.082s][gc,heap     ] GC(188) Humongous regions: 0->0
[2026-05-23T04:56:10.636+0000][520.082s][gc,metaspace] GC(188) Metaspace: 45832K(46464K)->45832K(46464K) NonClass: 40553K(40896K)->40553K(40896K) Class: 5278K(5568K)->5278K(5568K)
[2026-05-23T04:56:10.636+0000][520.082s][gc          ] GC(188) Pause Young (Normal) (G1 Evacuation Pause) 8233M->7722M(16448M) 298.649ms
[2026-05-23T04:56:10.636+0000][520.082s][gc,cpu      ] GC(188) User=1.18s Sys=0.00s Real=0.30s
[2026-05-23T04:56:15.993+0000][525.439s][gc,start    ] GC(189) Pause Young (Normal) (G1 Evacuation Pause)
[2026-05-23T04:56:15.993+0000][525.439s][gc,task     ] GC(189) Using 4 workers of 4 for evacuation
[2026-05-23T04:56:16.148+0000][525.593s][gc,phases   ] GC(189)   Pre Evacuate Collection Set: 0.11ms
[2026-05-23T04:56:16.148+0000][525.593s][gc,phases   ] GC(189)   Merge Heap Roots: 4.13ms
[2026-05-23T04:56:16.148+0000][525.593s][gc,phases   ] GC(189)   Evacuate Collection Set: 148.00ms
[2026-05-23T04:56:16.148+0000][525.593s][gc,phases   ] GC(189)   Post Evacuate Collection Set: 2.01ms
[2026-05-23T04:56:16.148+0000][525.593s][gc,phases   ] GC(189)   Other: 0.12ms
[2026-05-23T04:56:16.148+0000][525.593s][gc,heap     ] GC(189) Eden regions: 44->0(48)
[2026-05-23T04:56:16.148+0000][525.593s][gc,heap     ] GC(189) Survivor regions: 7->5(7)
[2026-05-23T04:56:16.148+0000][525.593s][gc,heap     ] GC(189) Old regions: 475->478
[2026-05-23T04:56:16.148+0000][525.593s][gc,heap     ] GC(189) Archive regions: 2->2
[2026-05-23T04:56:16.148+0000][525.593s][gc,heap     ] GC(189) Humongous regions: 0->0
[2026-05-23T04:56:16.148+0000][525.593s][gc,metaspace] GC(189) Metaspace: 45832K(46464K)->45832K(46464K) NonClass: 40553K(40896K)->40553K(40896K) Class: 5278K(5568K)->5278K(5568K)
[2026-05-23T04:56:16.148+0000][525.593s][gc          ] GC(189) Pause Young (Normal) (G1 Evacuation Pause) 8426M->7730M(17120M) 154.456ms
[2026-05-23T04:56:16.148+0000][525.593s][gc,cpu      ] GC(189) User=0.60s Sys=0.00s Real=0.15s
[2026-05-23T04:56:18.618+0000][528.064s][gc,start    ] GC(190) Pause Young (Normal) (G1 Evacuation Pause)
[2026-05-23T04:56:18.618+0000][528.064s][gc,task     ] GC(190) Using 4 workers of 4 for evacuation
[2026-05-23T04:56:18.803+0000][528.249s][gc,phases   ] GC(190)   Pre Evacuate Collection Set: 0.12ms
[2026-05-23T04:56:18.803+0000][528.249s][gc,phases   ] GC(190)   Merge Heap Roots: 1.75ms
[2026-05-23T04:56:18.803+0000][528.249s][gc,phases   ] GC(190)   Evacuate Collection Set: 182.72ms
[2026-05-23T04:56:18.803+0000][528.249s][gc,phases   ] GC(190)   Post Evacuate Collection Set: 0.49ms
[2026-05-23T04:56:18.803+0000][528.249s][gc,phases   ] GC(190)   Other: 0.13ms
[2026-05-23T04:56:18.803+0000][528.249s][gc,heap     ] GC(190) Eden regions: 48->0(47)
[2026-05-23T04:56:18.803+0000][528.249s][gc,heap     ] GC(190) Survivor regions: 5->6(7)
[2026-05-23T04:56:18.803+0000][528.249s][gc,heap     ] GC(190) Old regions: 478->482
[2026-05-23T04:56:18.803+0000][528.249s][gc,heap     ] GC(190) Archive regions: 2->2
[2026-05-23T04:56:18.803+0000][528.249s][gc,heap     ] GC(190) Humongous regions: 0->0
[2026-05-23T04:56:18.803+0000][528.249s][gc,metaspace] GC(190) Metaspace: 45832K(46464K)->45832K(46464K) NonClass: 40553K(40896K)->40553K(40896K) Class: 5278K(5568K)->5278K(5568K)
[2026-05-23T04:56:18.803+0000][528.249s][gc          ] GC(190) Pause Young (Normal) (G1 Evacuation Pause) 8498M->7816M(17120M) 185.318ms
[2026-05-23T04:56:18.803+0000][528.249s][gc,cpu      ] GC(190) User=0.71s Sys=0.02s Real=0.19s
[2026-05-23T04:56:22.198+0000][531.644s][gc,start    ] GC(191) Pause Young (Normal) (G1 Evacuation Pause)
[2026-05-23T04:56:22.198+0000][531.644s][gc,task     ] GC(191) Using 4 workers of 4 for evacuation
[2026-05-23T04:56:22.230+0000][531.676s][gc,phases   ] GC(191)   Pre Evacuate Collection Set: 0.12ms
[2026-05-23T04:56:22.230+0000][531.676s][gc,phases   ] GC(191)   Merge Heap Roots: 0.21ms
[2026-05-23T04:56:22.230+0000][531.676s][gc,phases   ] GC(191)   Evacuate Collection Set: 30.95ms
[2026-05-23T04:56:22.230+0000][531.676s][gc,phases   ] GC(191)   Post Evacuate Collection Set: 0.51ms
[2026-05-23T04:56:22.230+0000][531.676s][gc,phases   ] GC(191)   Other: 0.11ms
[2026-05-23T04:56:22.230+0000][531.676s][gc,heap     ] GC(191) Eden regions: 47->0(50)
[2026-05-23T04:56:22.230+0000][531.676s][gc,heap     ] GC(191) Survivor regions: 6->3(7)
[2026-05-23T04:56:22.230+0000][531.676s][gc,heap     ] GC(191) Old regions: 482->483
[2026-05-23T04:56:22.230+0000][531.676s][gc,heap     ] GC(191) Archive regions: 2->2
[2026-05-23T04:56:22.230+0000][531.676s][gc,heap     ] GC(191) Humongous regions: 0->0
[2026-05-23T04:56:22.230+0000][531.676s][gc,metaspace] GC(191) Metaspace: 45832K(46464K)->45832K(46464K) NonClass: 40553K(40896K)->40553K(40896K) Class: 5278K(5568K)->5278K(5568K)
[2026-05-23T04:56:22.230+0000][531.676s][gc          ] GC(191) Pause Young (Normal) (G1 Evacuation Pause) 8568M->7772M(17120M) 31.987ms
[2026-05-23T04:56:22.230+0000][531.676s][gc,cpu      ] GC(191) User=0.12s Sys=0.00s Real=0.04s
[2026-05-23T04:56:24.654+0000][534.100s][gc,start    ] GC(192) Pause Young (Normal) (G1 Evacuation Pause)
[2026-05-23T04:56:24.654+0000][534.100s][gc,task     ] GC(192) Using 4 workers of 4 for evacuation
[2026-05-23T04:56:24.699+0000][534.145s][gc,phases   ] GC(192)   Pre Evacuate Collection Set: 0.13ms
[2026-05-23T04:56:24.699+0000][534.145s][gc,phases   ] GC(192)   Merge Heap Roots: 0.17ms
[2026-05-23T04:56:24.699+0000][534.145s][gc,phases   ] GC(192)   Evacuate Collection Set: 43.84ms
[2026-05-23T04:56:24.699+0000][534.145s][gc,phases   ] GC(192)   Post Evacuate Collection Set: 0.41ms
[2026-05-23T04:56:24.699+0000][534.145s][gc,phases   ] GC(192)   Other: 0.13ms
[2026-05-23T04:56:24.699+0000][534.145s][gc,heap     ] GC(192) Eden regions: 50->0(56)
[2026-05-23T04:56:24.699+0000][534.145s][gc,heap     ] GC(192) Survivor regions: 3->3(7)
[2026-05-23T04:56:24.699+0000][534.145s][gc,heap     ] GC(192) Old regions: 483->483
[2026-05-23T04:56:24.699+0000][534.145s][gc,heap     ] GC(192) Archive regions: 2->2
[2026-05-23T04:56:24.699+0000][534.145s][gc,heap     ] GC(192) Humongous regions: 0->0
[2026-05-23T04:56:24.699+0000][534.145s][gc,metaspace] GC(192) Metaspace: 45832K(46464K)->45832K(46464K) NonClass: 40553K(40896K)->40553K(40896K) Class: 5278K(5568K)->5278K(5568K)
[2026-05-23T04:56:24.699+0000][534.145s][gc          ] GC(192) Pause Young (Normal) (G1 Evacuation Pause) 8572M->7783M(17120M) 44.774ms
[2026-05-23T04:56:24.699+0000][534.145s][gc,cpu      ] GC(192) User=0.18s Sys=0.00s Real=0.05s
[2026-05-23T04:56:27.830+0000][537.276s][gc,start    ] GC(193) Pause Young (Normal) (G1 Evacuation Pause)
[2026-05-23T04:56:27.830+0000][537.276s][gc,task     ] GC(193) Using 4 workers of 4 for evacuation
[2026-05-23T04:56:27.990+0000][537.436s][gc,phases   ] GC(193)   Pre Evacuate Collection Set: 0.12ms
[2026-05-23T04:56:27.990+0000][537.436s][gc,phases   ] GC(193)   Merge Heap Roots: 0.21ms
[2026-05-23T04:56:27.990+0000][537.436s][gc,phases   ] GC(193)   Evacuate Collection Set: 159.47ms
[2026-05-23T04:56:27.990+0000][537.436s][gc,phases   ] GC(193)   Post Evacuate Collection Set: 0.47ms
[2026-05-23T04:56:27.990+0000][537.436s][gc,phases   ] GC(193)   Other: 0.11ms
[2026-05-23T04:56:27.990+0000][537.436s][gc,heap     ] GC(193) Eden regions: 56->0(45)
[2026-05-23T04:56:27.990+0000][537.436s][gc,heap     ] GC(193) Survivor regions: 3->8(8)
[2026-05-23T04:56:27.990+0000][537.436s][gc,heap     ] GC(193) Old regions: 483->485
[2026-05-23T04:56:27.990+0000][537.436s][gc,heap     ] GC(193) Archive regions: 2->2
[2026-05-23T04:56:27.990+0000][537.436s][gc,heap     ] GC(193) Humongous regions: 0->0
[2026-05-23T04:56:27.990+0000][537.436s][gc,metaspace] GC(193) Metaspace: 45832K(46464K)->45832K(46464K) NonClass: 40553K(40896K)->40553K(40896K) Class: 5278K(5568K)->5278K(5568K)
[2026-05-23T04:56:27.990+0000][537.436s][gc          ] GC(193) Pause Young (Normal) (G1 Evacuation Pause) 8679M->7903M(17120M) 160.496ms
[2026-05-23T04:56:27.991+0000][537.436s][gc,cpu      ] GC(193) User=0.61s Sys=0.02s Real=0.16s
[2026-05-23T04:56:31.446+0000][540.892s][gc,start    ] GC(194) Pause Young (Normal) (G1 Evacuation Pause)
[2026-05-23T04:56:31.446+0000][540.892s][gc,task     ] GC(194) Using 4 workers of 4 for evacuation
[2026-05-23T04:56:31.582+0000][541.028s][gc,phases   ] GC(194)   Pre Evacuate Collection Set: 0.13ms
[2026-05-23T04:56:31.582+0000][541.028s][gc,phases   ] GC(194)   Merge Heap Roots: 0.50ms
[2026-05-23T04:56:31.582+0000][541.028s][gc,phases   ] GC(194)   Evacuate Collection Set: 134.97ms
[2026-05-23T04:56:31.582+0000][541.028s][gc,phases   ] GC(194)   Post Evacuate Collection Set: 0.58ms
[2026-05-23T04:56:31.582+0000][541.028s][gc,phases   ] GC(194)   Other: 0.14ms
[2026-05-23T04:56:31.582+0000][541.028s][gc,heap     ] GC(194) Eden regions: 45->0(55)
[2026-05-23T04:56:31.582+0000][541.028s][gc,heap     ] GC(194) Survivor regions: 8->7(7)
[2026-05-23T04:56:31.582+0000][541.028s][gc,heap     ] GC(194) Old regions: 485->489
[2026-05-23T04:56:31.582+0000][541.028s][gc,heap     ] GC(194) Archive regions: 2->2
[2026-05-23T04:56:31.582+0000][541.028s][gc,heap     ] GC(194) Humongous regions: 0->0
[2026-05-23T04:56:31.582+0000][541.028s][gc,metaspace] GC(194) Metaspace: 45832K(46464K)->45832K(46464K) NonClass: 40553K(40896K)->40553K(40896K) Class: 5278K(5568K)->5278K(5568K)
[2026-05-23T04:56:31.582+0000][541.028s][gc          ] GC(194) Pause Young (Normal) (G1 Evacuation Pause) 8623M->7926M(17120M) 136.403ms
[2026-05-23T04:56:31.582+0000][541.028s][gc,cpu      ] GC(194) User=0.53s Sys=0.00s Real=0.14s
[2026-05-23T04:56:35.136+0000][544.582s][gc,start    ] GC(195) Pause Young (Normal) (G1 Evacuation Pause)
[2026-05-23T04:56:35.136+0000][544.582s][gc,task     ] GC(195) Using 4 workers of 4 for evacuation
[2026-05-23T04:56:35.321+0000][544.766s][gc,phases   ] GC(195)   Pre Evacuate Collection Set: 0.11ms
[2026-05-23T04:56:35.321+0000][544.766s][gc,phases   ] GC(195)   Merge Heap Roots: 0.68ms
[2026-05-23T04:56:35.321+0000][544.766s][gc,phases   ] GC(195)   Evacuate Collection Set: 182.77ms
[2026-05-23T04:56:35.321+0000][544.766s][gc,phases   ] GC(195)   Post Evacuate Collection Set: 0.57ms
[2026-05-23T04:56:35.321+0000][544.766s][gc,phases   ] GC(195)   Other: 0.12ms
[2026-05-23T04:56:35.321+0000][544.766s][gc,heap     ] GC(195) Eden regions: 55->0(46)
[2026-05-23T04:56:35.321+0000][544.766s][gc,heap     ] GC(195) Survivor regions: 7->8(8)
[2026-05-23T04:56:35.321+0000][544.766s][gc,heap     ] GC(195) Old regions: 489->492
[2026-05-23T04:56:35.321+0000][544.766s][gc,heap     ] GC(195) Archive regions: 2->2
[2026-05-23T04:56:35.321+0000][544.766s][gc,heap     ] GC(195) Humongous regions: 0->0
[2026-05-23T04:56:35.321+0000][544.766s][gc,metaspace] GC(195) Metaspace: 45832K(46464K)->45832K(46464K) NonClass: 40553K(40896K)->40553K(40896K) Class: 5278K(5568K)->5278K(5568K)
[2026-05-23T04:56:35.321+0000][544.766s][gc          ] GC(195) Pause Young (Normal) (G1 Evacuation Pause) 8806M->8010M(17120M) 184.331ms
[2026-05-23T04:56:35.321+0000][544.766s][gc,cpu      ] GC(195) User=0.73s Sys=0.00s Real=0.19s
[2026-05-23T04:56:38.187+0000][547.632s][gc,start    ] GC(196) Pause Young (Normal) (G1 Evacuation Pause)
[2026-05-23T04:56:38.187+0000][547.633s][gc,task     ] GC(196) Using 4 workers of 4 for evacuation
[2026-05-23T04:56:38.365+0000][547.811s][gc,phases   ] GC(196)   Pre Evacuate Collection Set: 0.13ms
[2026-05-23T04:56:38.366+0000][547.811s][gc,phases   ] GC(196)   Merge Heap Roots: 0.59ms
[2026-05-23T04:56:38.366+0000][547.811s][gc,phases   ] GC(196)   Evacuate Collection Set: 177.29ms
[2026-05-23T04:56:38.366+0000][547.811s][gc,phases   ] GC(196)   Post Evacuate Collection Set: 0.59ms
[2026-05-23T04:56:38.366+0000][547.811s][gc,phases   ] GC(196)   Other: 0.12ms
[2026-05-23T04:56:38.366+0000][547.811s][gc,heap     ] GC(196) Eden regions: 46->0(52)
[2026-05-23T04:56:38.366+0000][547.811s][gc,heap     ] GC(196) Survivor regions: 8->7(7)
[2026-05-23T04:56:38.366+0000][547.811s][gc,heap     ] GC(196) Old regions: 492->496
[2026-05-23T04:56:38.366+0000][547.811s][gc,heap     ] GC(196) Archive regions: 2->2
[2026-05-23T04:56:38.366+0000][547.811s][gc,heap     ] GC(196) Humongous regions: 0->0
[2026-05-23T04:56:38.366+0000][547.811s][gc,metaspace] GC(196) Metaspace: 45832K(46464K)->45832K(46464K) NonClass: 40553K(40896K)->40553K(40896K) Class: 5278K(5568K)->5278K(5568K)
[2026-05-23T04:56:38.366+0000][547.811s][gc          ] GC(196) Pause Young (Normal) (G1 Evacuation Pause) 8746M->8052M(17120M) 178.863ms
[2026-05-23T04:56:38.366+0000][547.811s][gc,cpu      ] GC(196) User=0.70s Sys=0.00s Real=0.18s
[2026-05-23T04:56:40.233+0000][549.678s][gc,start    ] GC(197) Pause Young (Normal) (G1 Evacuation Pause)
[2026-05-23T04:56:40.233+0000][549.679s][gc,task     ] GC(197) Using 4 workers of 4 for evacuation
[2026-05-23T04:56:40.607+0000][550.052s][gc,mmu      ] GC(197) MMU target violated: 201.0ms (200.0ms/201.0ms)
[2026-05-23T04:56:40.607+0000][550.052s][gc,phases   ] GC(197)   Pre Evacuate Collection Set: 0.11ms
[2026-05-23T04:56:40.607+0000][550.052s][gc,phases   ] GC(197)   Merge Heap Roots: 0.94ms
[2026-05-23T04:56:40.607+0000][550.052s][gc,phases   ] GC(197)   Evacuate Collection Set: 371.53ms
[2026-05-23T04:56:40.607+0000][550.052s][gc,phases   ] GC(197)   Post Evacuate Collection Set: 0.88ms
[2026-05-23T04:56:40.607+0000][550.052s][gc,phases   ] GC(197)   Other: 0.54ms
[2026-05-23T04:56:40.607+0000][550.052s][gc,heap     ] GC(197) Eden regions: 52->0(45)
[2026-05-23T04:56:40.607+0000][550.052s][gc,heap     ] GC(197) Survivor regions: 7->8(8)
[2026-05-23T04:56:40.607+0000][550.052s][gc,heap     ] GC(197) Old regions: 496->508
[2026-05-23T04:56:40.607+0000][550.052s][gc,heap     ] GC(197) Archive regions: 2->2
[2026-05-23T04:56:40.607+0000][550.052s][gc,heap     ] GC(197) Humongous regions: 0->0
[2026-05-23T04:56:40.607+0000][550.052s][gc,metaspace] GC(197) Metaspace: 45832K(46464K)->45832K(46464K) NonClass: 40553K(40896K)->40553K(40896K) Class: 5278K(5568K)->5278K(5568K)
[2026-05-23T04:56:40.607+0000][550.053s][gc          ] GC(197) Pause Young (Normal) (G1 Evacuation Pause) 8884M->8266M(17120M) 374.045ms
[2026-05-23T04:56:40.607+0000][550.053s][gc,cpu      ] GC(197) User=1.44s Sys=0.04s Real=0.37s
[2026-05-23T04:56:44.752+0000][554.198s][gc,start    ] GC(198) Pause Young (Normal) (G1 Evacuation Pause)
[2026-05-23T04:56:44.752+0000][554.198s][gc,task     ] GC(198) Using 4 workers of 4 for evacuation
[2026-05-23T04:56:44.994+0000][554.440s][gc,mmu      ] GC(198) MMU target violated: 201.0ms (200.0ms/201.0ms)
[2026-05-23T04:56:44.994+0000][554.440s][gc,phases   ] GC(198)   Pre Evacuate Collection Set: 0.13ms
[2026-05-23T04:56:44.994+0000][554.440s][gc,phases   ] GC(198)   Merge Heap Roots: 2.94ms
[2026-05-23T04:56:44.994+0000][554.440s][gc,phases   ] GC(198)   Evacuate Collection Set: 237.65ms
[2026-05-23T04:56:44.994+0000][554.440s][gc,phases   ] GC(198)   Post Evacuate Collection Set: 0.68ms
[2026-05-23T04:56:44.994+0000][554.440s][gc,phases   ] GC(198)   Other: 0.56ms
[2026-05-23T04:56:44.994+0000][554.440s][gc,heap     ] GC(198) Eden regions: 45->0(46)
[2026-05-23T04:56:44.994+0000][554.440s][gc,heap     ] GC(198) Survivor regions: 8->7(7)
[2026-05-23T04:56:44.994+0000][554.440s][gc,heap     ] GC(198) Old regions: 508->515
[2026-05-23T04:56:44.994+0000][554.440s][gc,heap     ] GC(198) Archive regions: 2->2
[2026-05-23T04:56:44.994+0000][554.440s][gc,heap     ] GC(198) Humongous regions: 0->0
[2026-05-23T04:56:44.994+0000][554.440s][gc,metaspace] GC(198) Metaspace: 45834K(46464K)->45834K(46464K) NonClass: 40555K(40896K)->40555K(40896K) Class: 5278K(5568K)->5278K(5568K)
[2026-05-23T04:56:44.994+0000][554.440s][gc          ] GC(198) Pause Young (Normal) (G1 Evacuation Pause) 8986M->8359M(17120M) 242.020ms
[2026-05-23T04:56:44.994+0000][554.440s][gc,cpu      ] GC(198) User=0.93s Sys=0.03s Real=0.24s
[2026-05-23T04:56:49.695+0000][559.141s][gc,start    ] GC(199) Pause Young (Normal) (G1 Evacuation Pause)
[2026-05-23T04:56:49.695+0000][559.141s][gc,task     ] GC(199) Using 4 workers of 4 for evacuation
[2026-05-23T04:56:49.873+0000][559.319s][gc,phases   ] GC(199)   Pre Evacuate Collection Set: 0.12ms
[2026-05-23T04:56:49.873+0000][559.319s][gc,phases   ] GC(199)   Merge Heap Roots: 1.49ms
[2026-05-23T04:56:49.873+0000][559.319s][gc,phases   ] GC(199)   Evacuate Collection Set: 175.76ms
[2026-05-23T04:56:49.873+0000][559.319s][gc,phases   ] GC(199)   Post Evacuate Collection Set: 0.60ms
[2026-05-23T04:56:49.873+0000][559.319s][gc,phases   ] GC(199)   Other: 0.12ms
[2026-05-23T04:56:49.873+0000][559.319s][gc,heap     ] GC(199) Eden regions: 46->0(46)
[2026-05-23T04:56:49.873+0000][559.319s][gc,heap     ] GC(199) Survivor regions: 7->7(7)
[2026-05-23T04:56:49.873+0000][559.319s][gc,heap     ] GC(199) Old regions: 515->518
[2026-05-23T04:56:49.873+0000][559.319s][gc,heap     ] GC(199) Archive regions: 2->2
[2026-05-23T04:56:49.873+0000][559.319s][gc,heap     ] GC(199) Humongous regions: 0->0
[2026-05-23T04:56:49.873+0000][559.319s][gc,metaspace] GC(199) Metaspace: 45834K(46464K)->45834K(46464K) NonClass: 40555K(40896K)->40555K(40896K) Class: 5278K(5568K)->5278K(5568K)
[2026-05-23T04:56:49.873+0000][559.319s][gc          ] GC(199) Pause Young (Normal) (G1 Evacuation Pause) 9095M->8415M(17120M) 178.180ms
[2026-05-23T04:56:49.873+0000][559.319s][gc,cpu      ] GC(199) User=0.69s Sys=0.01s Real=0.18s
[2026-05-23T04:56:51.584+0000][561.030s][gc,start    ] GC(200) Pause Young (Normal) (G1 Evacuation Pause)
[2026-05-23T04:56:51.584+0000][561.030s][gc,task     ] GC(200) Using 4 workers of 4 for evacuation
[2026-05-23T04:56:51.870+0000][561.316s][gc,mmu      ] GC(200) MMU target violated: 201.0ms (200.0ms/201.0ms)
[2026-05-23T04:56:51.870+0000][561.316s][gc,phases   ] GC(200)   Pre Evacuate Collection Set: 0.12ms
[2026-05-23T04:56:51.870+0000][561.316s][gc,phases   ] GC(200)   Merge Heap Roots: 0.90ms
[2026-05-23T04:56:51.870+0000][561.316s][gc,phases   ] GC(200)   Evacuate Collection Set: 283.81ms
[2026-05-23T04:56:51.870+0000][561.316s][gc,phases   ] GC(200)   Post Evacuate Collection Set: 0.77ms
[2026-05-23T04:56:51.870+0000][561.316s][gc,phases   ] GC(200)   Other: 0.54ms
[2026-05-23T04:56:51.870+0000][561.316s][gc,heap     ] GC(200) Eden regions: 46->0(46)
[2026-05-23T04:56:51.870+0000][561.316s][gc,heap     ] GC(200) Survivor regions: 7->7(7)
[2026-05-23T04:56:51.870+0000][561.316s][gc,heap     ] GC(200) Old regions: 518->530
[2026-05-23T04:56:51.870+0000][561.316s][gc,heap     ] GC(200) Archive regions: 2->2
[2026-05-23T04:56:51.870+0000][561.316s][gc,heap     ] GC(200) Humongous regions: 0->0
[2026-05-23T04:56:51.870+0000][561.316s][gc,metaspace] GC(200) Metaspace: 45834K(46464K)->45834K(46464K) NonClass: 40555K(40896K)->40555K(40896K) Class: 5278K(5568K)->5278K(5568K)
[2026-05-23T04:56:51.870+0000][561.316s][gc          ] GC(200) Pause Young (Normal) (G1 Evacuation Pause) 9151M->8598M(17120M) 286.198ms
[2026-05-23T04:56:51.870+0000][561.316s][gc,cpu      ] GC(200) User=1.09s Sys=0.04s Real=0.29s
[2026-05-23T04:56:56.069+0000][565.514s][gc,start    ] GC(201) Pause Young (Normal) (G1 Evacuation Pause)
[2026-05-23T04:56:56.069+0000][565.514s][gc,task     ] GC(201) Using 4 workers of 4 for evacuation
[2026-05-23T04:56:56.316+0000][565.762s][gc,mmu      ] GC(201) MMU target violated: 201.0ms (200.0ms/201.0ms)
[2026-05-23T04:56:56.316+0000][565.762s][gc,phases   ] GC(201)   Pre Evacuate Collection Set: 0.12ms
[2026-05-23T04:56:56.316+0000][565.762s][gc,phases   ] GC(201)   Merge Heap Roots: 2.85ms
[2026-05-23T04:56:56.316+0000][565.762s][gc,phases   ] GC(201)   Evacuate Collection Set: 243.67ms
[2026-05-23T04:56:56.316+0000][565.762s][gc,phases   ] GC(201)   Post Evacuate Collection Set: 0.62ms
[2026-05-23T04:56:56.316+0000][565.762s][gc,phases   ] GC(201)   Other: 0.56ms
[2026-05-23T04:56:56.316+0000][565.762s][gc,heap     ] GC(201) Eden regions: 46->0(46)
[2026-05-23T04:56:56.316+0000][565.762s][gc,heap     ] GC(201) Survivor regions: 7->7(7)
[2026-05-23T04:56:56.316+0000][565.762s][gc,heap     ] GC(201) Old regions: 530->537
[2026-05-23T04:56:56.316+0000][565.762s][gc,heap     ] GC(201) Archive regions: 2->2
[2026-05-23T04:56:56.316+0000][565.762s][gc,heap     ] GC(201) Humongous regions: 0->0
[2026-05-23T04:56:56.317+0000][565.762s][gc,metaspace] GC(201) Metaspace: 45834K(46464K)->45834K(46464K) NonClass: 40555K(40896K)->40555K(40896K) Class: 5278K(5568K)->5278K(5568K)
[2026-05-23T04:56:56.317+0000][565.762s][gc          ] GC(201) Pause Young (Normal) (G1 Evacuation Pause) 9334M->8711M(17120M) 247.859ms
[2026-05-23T04:56:56.317+0000][565.762s][gc,cpu      ] GC(201) User=0.96s Sys=0.02s Real=0.24s
[2026-05-23T04:56:59.213+0000][568.658s][gc,start    ] GC(202) Pause Young (Normal) (G1 Evacuation Pause)
[2026-05-23T04:56:59.213+0000][568.658s][gc,task     ] GC(202) Using 4 workers of 4 for evacuation
[2026-05-23T04:56:59.394+0000][568.840s][gc,phases   ] GC(202)   Pre Evacuate Collection Set: 0.11ms
[2026-05-23T04:56:59.394+0000][568.840s][gc,phases   ] GC(202)   Merge Heap Roots: 1.42ms
[2026-05-23T04:56:59.395+0000][568.840s][gc,phases   ] GC(202)   Evacuate Collection Set: 179.65ms
[2026-05-23T04:56:59.395+0000][568.840s][gc,phases   ] GC(202)   Post Evacuate Collection Set: 0.58ms
[2026-05-23T04:56:59.395+0000][568.840s][gc,phases   ] GC(202)   Other: 0.11ms
[2026-05-23T04:56:59.395+0000][568.840s][gc,heap     ] GC(202) Eden regions: 46->0(46)
[2026-05-23T04:56:59.395+0000][568.840s][gc,heap     ] GC(202) Survivor regions: 7->7(7)
[2026-05-23T04:56:59.395+0000][568.840s][gc,heap     ] GC(202) Old regions: 537->541
[2026-05-23T04:56:59.395+0000][568.840s][gc,heap     ] GC(202) Archive regions: 2->2
[2026-05-23T04:56:59.395+0000][568.840s][gc,heap     ] GC(202) Humongous regions: 0->0
[2026-05-23T04:56:59.395+0000][568.840s][gc,metaspace] GC(202) Metaspace: 45838K(46464K)->45838K(46464K) NonClass: 40559K(40896K)->40559K(40896K) Class: 5278K(5568K)->5278K(5568K)
[2026-05-23T04:56:59.395+0000][568.840s][gc          ] GC(202) Pause Young (Normal) (G1 Evacuation Pause) 9447M->8783M(17120M) 181.995ms
[2026-05-23T04:56:59.395+0000][568.840s][gc,cpu      ] GC(202) User=0.71s Sys=0.01s Real=0.18s
[2026-05-23T04:57:04.583+0000][574.029s][gc,start    ] GC(203) Pause Young (Normal) (G1 Evacuation Pause)
[2026-05-23T04:57:04.583+0000][574.029s][gc,task     ] GC(203) Using 4 workers of 4 for evacuation
[2026-05-23T04:57:04.790+0000][574.236s][gc,mmu      ] GC(203) MMU target violated: 201.0ms (200.0ms/201.0ms)
[2026-05-23T04:57:04.790+0000][574.236s][gc,phases   ] GC(203)   Pre Evacuate Collection Set: 0.12ms
[2026-05-23T04:57:04.790+0000][574.236s][gc,phases   ] GC(203)   Merge Heap Roots: 0.62ms
[2026-05-23T04:57:04.790+0000][574.236s][gc,phases   ] GC(203)   Evacuate Collection Set: 205.50ms
[2026-05-23T04:57:04.790+0000][574.236s][gc,phases   ] GC(203)   Post Evacuate Collection Set: 0.69ms
[2026-05-23T04:57:04.790+0000][574.236s][gc,phases   ] GC(203)   Other: 0.57ms
[2026-05-23T04:57:04.790+0000][574.236s][gc,heap     ] GC(203) Eden regions: 46->0(47)
[2026-05-23T04:57:04.790+0000][574.236s][gc,heap     ] GC(203) Survivor regions: 7->6(7)
[2026-05-23T04:57:04.790+0000][574.236s][gc,heap     ] GC(203) Old regions: 541->545
[2026-05-23T04:57:04.790+0000][574.236s][gc,heap     ] GC(203) Archive regions: 2->2
[2026-05-23T04:57:04.790+0000][574.236s][gc,heap     ] GC(203) Humongous regions: 0->0
[2026-05-23T04:57:04.790+0000][574.236s][gc,metaspace] GC(203) Metaspace: 45838K(46464K)->45838K(46464K) NonClass: 40559K(40896K)->40559K(40896K) Class: 5278K(5568K)->5278K(5568K)
[2026-05-23T04:57:04.791+0000][574.236s][gc          ] GC(203) Pause Young (Normal) (G1 Evacuation Pause) 9519M->8827M(17120M) 207.561ms
[2026-05-23T04:57:04.791+0000][574.236s][gc,cpu      ] GC(203) User=0.80s Sys=0.02s Real=0.21s
[2026-05-23T04:57:07.900+0000][577.345s][gc,start    ] GC(204) Pause Young (Normal) (G1 Evacuation Pause)
[2026-05-23T04:57:07.900+0000][577.345s][gc,task     ] GC(204) Using 4 workers of 4 for evacuation
[2026-05-23T04:57:08.172+0000][577.618s][gc,mmu      ] GC(204) MMU target violated: 201.0ms (200.0ms/201.0ms)
[2026-05-23T04:57:08.172+0000][577.618s][gc,phases   ] GC(204)   Pre Evacuate Collection Set: 0.11ms
[2026-05-23T04:57:08.172+0000][577.618s][gc,phases   ] GC(204)   Merge Heap Roots: 0.66ms
[2026-05-23T04:57:08.172+0000][577.618s][gc,phases   ] GC(204)   Evacuate Collection Set: 270.46ms
[2026-05-23T04:57:08.172+0000][577.618s][gc,phases   ] GC(204)   Post Evacuate Collection Set: 0.72ms
[2026-05-23T04:57:08.172+0000][577.618s][gc,phases   ] GC(204)   Other: 0.53ms
[2026-05-23T04:57:08.172+0000][577.618s][gc,heap     ] GC(204) Eden regions: 47->0(46)
[2026-05-23T04:57:08.172+0000][577.618s][gc,heap     ] GC(204) Survivor regions: 6->7(7)
[2026-05-23T04:57:08.172+0000][577.618s][gc,heap     ] GC(204) Old regions: 545->553
[2026-05-23T04:57:08.172+0000][577.618s][gc,heap     ] GC(204) Archive regions: 2->2
[2026-05-23T04:57:08.172+0000][577.618s][gc,heap     ] GC(204) Humongous regions: 0->0
[2026-05-23T04:57:08.172+0000][577.618s][gc,metaspace] GC(204) Metaspace: 45838K(46464K)->45838K(46464K) NonClass: 40559K(40896K)->40559K(40896K) Class: 5278K(5568K)->5278K(5568K)
[2026-05-23T04:57:08.172+0000][577.618s][gc          ] GC(204) Pause Young (Normal) (G1 Evacuation Pause) 9579M->8974M(17120M) 272.536ms
[2026-05-23T04:57:08.172+0000][577.618s][gc,cpu      ] GC(204) User=1.04s Sys=0.03s Real=0.27s
[2026-05-23T04:57:10.482+0000][579.928s][gc,start    ] GC(205) Pause Young (Normal) (G1 Evacuation Pause)
[2026-05-23T04:57:10.482+0000][579.928s][gc,task     ] GC(205) Using 4 workers of 4 for evacuation
[2026-05-23T04:57:10.725+0000][580.171s][gc,mmu      ] GC(205) MMU target violated: 201.0ms (200.0ms/201.0ms)
[2026-05-23T04:57:10.725+0000][580.171s][gc,phases   ] GC(205)   Pre Evacuate Collection Set: 0.11ms
[2026-05-23T04:57:10.725+0000][580.171s][gc,phases   ] GC(205)   Merge Heap Roots: 1.93ms
[2026-05-23T04:57:10.725+0000][580.171s][gc,phases   ] GC(205)   Evacuate Collection Set: 240.31ms
[2026-05-23T04:57:10.725+0000][580.171s][gc,phases   ] GC(205)   Post Evacuate Collection Set: 0.63ms
[2026-05-23T04:57:10.725+0000][580.171s][gc,phases   ] GC(205)   Other: 0.16ms
[2026-05-23T04:57:10.725+0000][580.171s][gc,heap     ] GC(205) Eden regions: 46->0(46)
[2026-05-23T04:57:10.725+0000][580.171s][gc,heap     ] GC(205) Survivor regions: 7->7(7)
[2026-05-23T04:57:10.725+0000][580.171s][gc,heap     ] GC(205) Old regions: 553->562
[2026-05-23T04:57:10.725+0000][580.171s][gc,heap     ] GC(205) Archive regions: 2->2
[2026-05-23T04:57:10.725+0000][580.171s][gc,heap     ] GC(205) Humongous regions: 0->0
[2026-05-23T04:57:10.725+0000][580.171s][gc,metaspace] GC(205) Metaspace: 45838K(46464K)->45838K(46464K) NonClass: 40559K(40896K)->40559K(40896K) Class: 5278K(5568K)->5278K(5568K)
[2026-05-23T04:57:10.725+0000][580.171s][gc          ] GC(205) Pause Young (Normal) (G1 Evacuation Pause) 9710M->9109M(17120M) 243.193ms
[2026-05-23T04:57:10.725+0000][580.171s][gc,cpu      ] GC(205) User=0.96s Sys=0.00s Real=0.24s
[2026-05-23T04:57:15.254+0000][584.700s][gc,start    ] GC(206) Pause Young (Normal) (G1 Evacuation Pause)
[2026-05-23T04:57:15.254+0000][584.700s][gc,task     ] GC(206) Using 4 workers of 4 for evacuation
[2026-05-23T04:57:15.505+0000][584.951s][gc,mmu      ] GC(206) MMU target violated: 201.0ms (200.0ms/201.0ms)
[2026-05-23T04:57:15.505+0000][584.951s][gc,phases   ] GC(206)   Pre Evacuate Collection Set: 0.13ms
[2026-05-23T04:57:15.505+0000][584.951s][gc,phases   ] GC(206)   Merge Heap Roots: 2.51ms
[2026-05-23T04:57:15.505+0000][584.951s][gc,phases   ] GC(206)   Evacuate Collection Set: 245.70ms
[2026-05-23T04:57:15.505+0000][584.951s][gc,phases   ] GC(206)   Post Evacuate Collection Set: 2.34ms
[2026-05-23T04:57:15.505+0000][584.951s][gc,phases   ] GC(206)   Other: 0.15ms
[2026-05-23T04:57:15.505+0000][584.951s][gc,heap     ] GC(206) Eden regions: 46->0(49)
[2026-05-23T04:57:15.505+0000][584.951s][gc,heap     ] GC(206) Survivor regions: 7->7(7)
[2026-05-23T04:57:15.505+0000][584.951s][gc,heap     ] GC(206) Old regions: 562->570
[2026-05-23T04:57:15.505+0000][584.951s][gc,heap     ] GC(206) Archive regions: 2->2
[2026-05-23T04:57:15.505+0000][584.951s][gc,heap     ] GC(206) Humongous regions: 0->0
[2026-05-23T04:57:15.505+0000][584.951s][gc,metaspace] GC(206) Metaspace: 45838K(46464K)->45838K(46464K) NonClass: 40559K(40896K)->40559K(40896K) Class: 5278K(5568K)->5278K(5568K)
[2026-05-23T04:57:15.505+0000][584.951s][gc          ] GC(206) Pause Young (Normal) (G1 Evacuation Pause) 9845M->9244M(17984M) 250.881ms
[2026-05-23T04:57:15.505+0000][584.951s][gc,cpu      ] GC(206) User=0.98s Sys=0.00s Real=0.25s
[2026-05-23T04:57:20.554+0000][590.000s][gc,start    ] GC(207) Pause Young (Normal) (G1 Evacuation Pause)
[2026-05-23T04:57:20.554+0000][590.000s][gc,task     ] GC(207) Using 4 workers of 4 for evacuation
[2026-05-23T04:57:20.740+0000][590.186s][gc,phases   ] GC(207)   Pre Evacuate Collection Set: 0.14ms
[2026-05-23T04:57:20.740+0000][590.186s][gc,phases   ] GC(207)   Merge Heap Roots: 2.86ms
[2026-05-23T04:57:20.740+0000][590.186s][gc,phases   ] GC(207)   Evacuate Collection Set: 182.06ms
[2026-05-23T04:57:20.740+0000][590.186s][gc,phases   ] GC(207)   Post Evacuate Collection Set: 0.79ms
[2026-05-23T04:57:20.740+0000][590.186s][gc,phases   ] GC(207)   Other: 0.13ms
[2026-05-23T04:57:20.740+0000][590.186s][gc,heap     ] GC(207) Eden regions: 49->0(49)
[2026-05-23T04:57:20.740+0000][590.186s][gc,heap     ] GC(207) Survivor regions: 7->7(7)
[2026-05-23T04:57:20.740+0000][590.186s][gc,heap     ] GC(207) Old regions: 570->573
[2026-05-23T04:57:20.740+0000][590.186s][gc,heap     ] GC(207) Archive regions: 2->2
[2026-05-23T04:57:20.740+0000][590.186s][gc,heap     ] GC(207) Humongous regions: 0->0
[2026-05-23T04:57:20.740+0000][590.186s][gc,metaspace] GC(207) Metaspace: 45838K(46464K)->45838K(46464K) NonClass: 40559K(40896K)->40559K(40896K) Class: 5278K(5568K)->5278K(5568K)
[2026-05-23T04:57:20.740+0000][590.186s][gc          ] GC(207) Pause Young (Normal) (G1 Evacuation Pause) 10028M->9292M(17984M) 186.088ms
[2026-05-23T04:57:20.740+0000][590.186s][gc,cpu      ] GC(207) User=0.70s Sys=0.02s Real=0.19s
[2026-05-23T04:57:24.002+0000][593.447s][gc,start    ] GC(208) Pause Young (Normal) (G1 Evacuation Pause)
[2026-05-23T04:57:24.002+0000][593.447s][gc,task     ] GC(208) Using 4 workers of 4 for evacuation
[2026-05-23T04:57:24.221+0000][593.666s][gc,mmu      ] GC(208) MMU target violated: 201.0ms (200.0ms/201.0ms)
[2026-05-23T04:57:24.221+0000][593.666s][gc,phases   ] GC(208)   Pre Evacuate Collection Set: 0.11ms
[2026-05-23T04:57:24.221+0000][593.666s][gc,phases   ] GC(208)   Merge Heap Roots: 2.18ms
[2026-05-23T04:57:24.221+0000][593.666s][gc,phases   ] GC(208)   Evacuate Collection Set: 216.03ms
[2026-05-23T04:57:24.221+0000][593.666s][gc,phases   ] GC(208)   Post Evacuate Collection Set: 0.64ms
[2026-05-23T04:57:24.221+0000][593.666s][gc,phases   ] GC(208)   Other: 0.17ms
[2026-05-23T04:57:24.221+0000][593.666s][gc,heap     ] GC(208) Eden regions: 49->0(49)
[2026-05-23T04:57:24.221+0000][593.666s][gc,heap     ] GC(208) Survivor regions: 7->7(7)
[2026-05-23T04:57:24.221+0000][593.666s][gc,heap     ] GC(208) Old regions: 573->579
[2026-05-23T04:57:24.221+0000][593.666s][gc,heap     ] GC(208) Archive regions: 2->2
[2026-05-23T04:57:24.221+0000][593.666s][gc,heap     ] GC(208) Humongous regions: 0->0
[2026-05-23T04:57:24.221+0000][593.666s][gc,metaspace] GC(208) Metaspace: 45838K(46464K)->45838K(46464K) NonClass: 40559K(40896K)->40559K(40896K) Class: 5278K(5568K)->5278K(5568K)
[2026-05-23T04:57:24.221+0000][593.666s][gc          ] GC(208) Pause Young (Normal) (G1 Evacuation Pause) 10076M->9388M(17984M) 219.188ms
[2026-05-23T04:57:24.221+0000][593.666s][gc,cpu      ] GC(208) User=0.83s Sys=0.03s Real=0.22s
[2026-05-23T04:57:29.763+0000][599.209s][gc,start    ] GC(209) Pause Young (Normal) (G1 Evacuation Pause)
[2026-05-23T04:57:29.764+0000][599.209s][gc,task     ] GC(209) Using 4 workers of 4 for evacuation
[2026-05-23T04:57:29.896+0000][599.342s][gc,phases   ] GC(209)   Pre Evacuate Collection Set: 0.13ms
[2026-05-23T04:57:29.896+0000][599.342s][gc,phases   ] GC(209)   Merge Heap Roots: 2.19ms
[2026-05-23T04:57:29.896+0000][599.342s][gc,phases   ] GC(209)   Evacuate Collection Set: 129.35ms
[2026-05-23T04:57:29.896+0000][599.342s][gc,phases   ] GC(209)   Post Evacuate Collection Set: 0.67ms
[2026-05-23T04:57:29.896+0000][599.342s][gc,phases   ] GC(209)   Other: 0.14ms
[2026-05-23T04:57:29.896+0000][599.342s][gc,heap     ] GC(209) Eden regions: 49->0(49)
[2026-05-23T04:57:29.896+0000][599.342s][gc,heap     ] GC(209) Survivor regions: 7->7(7)
[2026-05-23T04:57:29.896+0000][599.342s][gc,heap     ] GC(209) Old regions: 579->581
[2026-05-23T04:57:29.896+0000][599.342s][gc,heap     ] GC(209) Archive regions: 2->2
[2026-05-23T04:57:29.896+0000][599.342s][gc,heap     ] GC(209) Humongous regions: 0->0
[2026-05-23T04:57:29.896+0000][599.342s][gc,metaspace] GC(209) Metaspace: 45842K(46464K)->45842K(46464K) NonClass: 40563K(40896K)->40563K(40896K) Class: 5278K(5568K)->5278K(5568K)
[2026-05-23T04:57:29.896+0000][599.342s][gc          ] GC(209) Pause Young (Normal) (G1 Evacuation Pause) 10172M->9411M(17984M) 132.556ms
[2026-05-23T04:57:29.896+0000][599.342s][gc,cpu      ] GC(209) User=0.52s Sys=0.00s Real=0.13s
[2026-05-23T04:57:33.135+0000][602.580s][gc,start    ] GC(210) Pause Young (Normal) (G1 Evacuation Pause)
[2026-05-23T04:57:33.135+0000][602.580s][gc,task     ] GC(210) Using 4 workers of 4 for evacuation
[2026-05-23T04:57:33.321+0000][602.767s][gc,phases   ] GC(210)   Pre Evacuate Collection Set: 0.11ms
[2026-05-23T04:57:33.321+0000][602.767s][gc,phases   ] GC(210)   Merge Heap Roots: 1.53ms
[2026-05-23T04:57:33.321+0000][602.767s][gc,phases   ] GC(210)   Evacuate Collection Set: 184.30ms
[2026-05-23T04:57:33.321+0000][602.767s][gc,phases   ] GC(210)   Post Evacuate Collection Set: 0.74ms
[2026-05-23T04:57:33.321+0000][602.767s][gc,phases   ] GC(210)   Other: 0.13ms
[2026-05-23T04:57:33.321+0000][602.767s][gc,heap     ] GC(210) Eden regions: 49->0(49)
[2026-05-23T04:57:33.321+0000][602.767s][gc,heap     ] GC(210) Survivor regions: 7->7(7)
[2026-05-23T04:57:33.321+0000][602.767s][gc,heap     ] GC(210) Old regions: 581->586
[2026-05-23T04:57:33.321+0000][602.767s][gc,heap     ] GC(210) Archive regions: 2->2
[2026-05-23T04:57:33.321+0000][602.767s][gc,heap     ] GC(210) Humongous regions: 0->0
[2026-05-23T04:57:33.321+0000][602.767s][gc,metaspace] GC(210) Metaspace: 45842K(46464K)->45842K(46464K) NonClass: 40563K(40896K)->40563K(40896K) Class: 5278K(5568K)->5278K(5568K)
[2026-05-23T04:57:33.321+0000][602.767s][gc          ] GC(210) Pause Young (Normal) (G1 Evacuation Pause) 10195M->9495M(17984M) 186.898ms
[2026-05-23T04:57:33.321+0000][602.767s][gc,cpu      ] GC(210) User=0.73s Sys=0.00s Real=0.19s
[2026-05-23T04:57:35.602+0000][605.047s][gc,start    ] GC(211) Pause Young (Normal) (G1 Evacuation Pause)
[2026-05-23T04:57:35.602+0000][605.047s][gc,task     ] GC(211) Using 4 workers of 4 for evacuation
[2026-05-23T04:57:35.875+0000][605.321s][gc,mmu      ] GC(211) MMU target violated: 201.0ms (200.0ms/201.0ms)
[2026-05-23T04:57:35.875+0000][605.321s][gc,phases   ] GC(211)   Pre Evacuate Collection Set: 0.12ms
[2026-05-23T04:57:35.875+0000][605.321s][gc,phases   ] GC(211)   Merge Heap Roots: 2.42ms
[2026-05-23T04:57:35.875+0000][605.321s][gc,phases   ] GC(211)   Evacuate Collection Set: 269.80ms
[2026-05-23T04:57:35.875+0000][605.321s][gc,phases   ] GC(211)   Post Evacuate Collection Set: 0.87ms
[2026-05-23T04:57:35.875+0000][605.321s][gc,phases   ] GC(211)   Other: 0.53ms
[2026-05-23T04:57:35.875+0000][605.321s][gc,heap     ] GC(211) Eden regions: 49->0(49)
[2026-05-23T04:57:35.875+0000][605.321s][gc,heap     ] GC(211) Survivor regions: 7->7(7)
[2026-05-23T04:57:35.875+0000][605.321s][gc,heap     ] GC(211) Old regions: 586->595
[2026-05-23T04:57:35.875+0000][605.321s][gc,heap     ] GC(211) Archive regions: 2->2
[2026-05-23T04:57:35.875+0000][605.321s][gc,heap     ] GC(211) Humongous regions: 0->0
[2026-05-23T04:57:35.875+0000][605.321s][gc,metaspace] GC(211) Metaspace: 45842K(46464K)->45842K(46464K) NonClass: 40564K(40896K)->40564K(40896K) Class: 5278K(5568K)->5278K(5568K)
[2026-05-23T04:57:35.875+0000][605.321s][gc          ] GC(211) Pause Young (Normal) (G1 Evacuation Pause) 10279M->9644M(17984M) 273.776ms
[2026-05-23T04:57:35.875+0000][605.321s][gc,cpu      ] GC(211) User=1.06s Sys=0.01s Real=0.27s
[2026-05-23T04:57:39.848+0000][609.293s][gc,start    ] GC(212) Pause Young (Normal) (G1 Evacuation Pause)
[2026-05-23T04:57:39.848+0000][609.293s][gc,task     ] GC(212) Using 4 workers of 4 for evacuation
[2026-05-23T04:57:40.123+0000][609.568s][gc,mmu      ] GC(212) MMU target violated: 201.0ms (200.0ms/201.0ms)
[2026-05-23T04:57:40.123+0000][609.568s][gc,phases   ] GC(212)   Pre Evacuate Collection Set: 0.11ms
[2026-05-23T04:57:40.123+0000][609.568s][gc,phases   ] GC(212)   Merge Heap Roots: 3.15ms
[2026-05-23T04:57:40.123+0000][609.568s][gc,phases   ] GC(212)   Evacuate Collection Set: 270.16ms
[2026-05-23T04:57:40.123+0000][609.568s][gc,phases   ] GC(212)   Post Evacuate Collection Set: 0.99ms
[2026-05-23T04:57:40.123+0000][609.568s][gc,phases   ] GC(212)   Other: 0.51ms
[2026-05-23T04:57:40.123+0000][609.568s][gc,heap     ] GC(212) Eden regions: 49->0(49)
[2026-05-23T04:57:40.123+0000][609.568s][gc,heap     ] GC(212) Survivor regions: 7->7(7)
[2026-05-23T04:57:40.123+0000][609.568s][gc,heap     ] GC(212) Old regions: 595->603
[2026-05-23T04:57:40.123+0000][609.568s][gc,heap     ] GC(212) Archive regions: 2->2
[2026-05-23T04:57:40.123+0000][609.568s][gc,heap     ] GC(212) Humongous regions: 0->0
[2026-05-23T04:57:40.123+0000][609.568s][gc,metaspace] GC(212) Metaspace: 45842K(46464K)->45842K(46464K) NonClass: 40564K(40896K)->40564K(40896K) Class: 5278K(5568K)->5278K(5568K)
[2026-05-23T04:57:40.123+0000][609.568s][gc          ] GC(212) Pause Young (Normal) (G1 Evacuation Pause) 10428M->9772M(17984M) 274.987ms
[2026-05-23T04:57:40.123+0000][609.568s][gc,cpu      ] GC(212) User=1.04s Sys=0.04s Real=0.28s
[2026-05-23T04:57:44.631+0000][614.077s][gc,start    ] GC(213) Pause Young (Normal) (G1 Evacuation Pause)
[2026-05-23T04:57:44.631+0000][614.077s][gc,task     ] GC(213) Using 4 workers of 4 for evacuation
[2026-05-23T04:57:44.888+0000][614.334s][gc,mmu      ] GC(213) MMU target violated: 201.0ms (200.0ms/201.0ms)
[2026-05-23T04:57:44.888+0000][614.334s][gc,phases   ] GC(213)   Pre Evacuate Collection Set: 0.11ms
[2026-05-23T04:57:44.888+0000][614.334s][gc,phases   ] GC(213)   Merge Heap Roots: 3.29ms
[2026-05-23T04:57:44.888+0000][614.334s][gc,phases   ] GC(213)   Evacuate Collection Set: 252.63ms
[2026-05-23T04:57:44.888+0000][614.334s][gc,phases   ] GC(213)   Post Evacuate Collection Set: 0.89ms
[2026-05-23T04:57:44.888+0000][614.334s][gc,phases   ] GC(213)   Other: 0.15ms
[2026-05-23T04:57:44.888+0000][614.334s][gc,heap     ] GC(213) Eden regions: 49->0(49)
[2026-05-23T04:57:44.888+0000][614.334s][gc,heap     ] GC(213) Survivor regions: 7->7(7)
[2026-05-23T04:57:44.888+0000][614.334s][gc,heap     ] GC(213) Old regions: 603->609
[2026-05-23T04:57:44.888+0000][614.334s][gc,heap     ] GC(213) Archive regions: 2->2
[2026-05-23T04:57:44.888+0000][614.334s][gc,heap     ] GC(213) Humongous regions: 0->0
[2026-05-23T04:57:44.888+0000][614.334s][gc,metaspace] GC(213) Metaspace: 45842K(46464K)->45842K(46464K) NonClass: 40564K(40896K)->40564K(40896K) Class: 5278K(5568K)->5278K(5568K)
[2026-05-23T04:57:44.888+0000][614.334s][gc          ] GC(213) Pause Young (Normal) (G1 Evacuation Pause) 10556M->9871M(17984M) 257.124ms
[2026-05-23T04:57:44.888+0000][614.334s][gc,cpu      ] GC(213) User=0.98s Sys=0.03s Real=0.25s
[2026-05-23T04:57:49.210+0000][618.656s][gc,start    ] GC(214) Pause Young (Normal) (G1 Evacuation Pause)
[2026-05-23T04:57:49.210+0000][618.656s][gc,task     ] GC(214) Using 4 workers of 4 for evacuation
[2026-05-23T04:57:49.461+0000][618.907s][gc,mmu      ] GC(214) MMU target violated: 201.0ms (200.0ms/201.0ms)
[2026-05-23T04:57:49.461+0000][618.907s][gc,phases   ] GC(214)   Pre Evacuate Collection Set: 0.11ms
[2026-05-23T04:57:49.461+0000][618.907s][gc,phases   ] GC(214)   Merge Heap Roots: 2.92ms
[2026-05-23T04:57:49.461+0000][618.907s][gc,phases   ] GC(214)   Evacuate Collection Set: 246.36ms
[2026-05-23T04:57:49.461+0000][618.907s][gc,phases   ] GC(214)   Post Evacuate Collection Set: 1.00ms
[2026-05-23T04:57:49.461+0000][618.907s][gc,phases   ] GC(214)   Other: 0.50ms
[2026-05-23T04:57:49.461+0000][618.907s][gc,heap     ] GC(214) Eden regions: 49->0(49)
[2026-05-23T04:57:49.461+0000][618.907s][gc,heap     ] GC(214) Survivor regions: 7->7(7)
[2026-05-23T04:57:49.461+0000][618.907s][gc,heap     ] GC(214) Old regions: 609->615
[2026-05-23T04:57:49.461+0000][618.907s][gc,heap     ] GC(214) Archive regions: 2->2
[2026-05-23T04:57:49.461+0000][618.907s][gc,heap     ] GC(214) Humongous regions: 0->0
[2026-05-23T04:57:49.461+0000][618.907s][gc,metaspace] GC(214) Metaspace: 45842K(46464K)->45842K(46464K) NonClass: 40564K(40896K)->40564K(40896K) Class: 5278K(5568K)->5278K(5568K)
[2026-05-23T04:57:49.461+0000][618.907s][gc          ] GC(214) Pause Young (Normal) (G1 Evacuation Pause) 10655M->9966M(17984M) 250.944ms
[2026-05-23T04:57:49.461+0000][618.907s][gc,cpu      ] GC(214) User=0.96s Sys=0.03s Real=0.25s
[2026-05-23T04:57:54.227+0000][623.672s][gc,start    ] GC(215) Pause Young (Normal) (G1 Evacuation Pause)
[2026-05-23T04:57:54.227+0000][623.672s][gc,task     ] GC(215) Using 4 workers of 4 for evacuation
[2026-05-23T04:57:54.413+0000][623.859s][gc,phases   ] GC(215)   Pre Evacuate Collection Set: 0.13ms
[2026-05-23T04:57:54.413+0000][623.859s][gc,phases   ] GC(215)   Merge Heap Roots: 2.15ms
[2026-05-23T04:57:54.413+0000][623.859s][gc,phases   ] GC(215)   Evacuate Collection Set: 182.84ms
[2026-05-23T04:57:54.413+0000][623.859s][gc,phases   ] GC(215)   Post Evacuate Collection Set: 0.55ms
[2026-05-23T04:57:54.413+0000][623.859s][gc,phases   ] GC(215)   Other: 0.47ms
[2026-05-23T04:57:54.413+0000][623.859s][gc,heap     ] GC(215) Eden regions: 49->0(49)
[2026-05-23T04:57:54.413+0000][623.859s][gc,heap     ] GC(215) Survivor regions: 7->7(7)
[2026-05-23T04:57:54.413+0000][623.859s][gc,heap     ] GC(215) Old regions: 615->618
[2026-05-23T04:57:54.413+0000][623.859s][gc,heap     ] GC(215) Archive regions: 2->2
[2026-05-23T04:57:54.413+0000][623.859s][gc,heap     ] GC(215) Humongous regions: 0->0
[2026-05-23T04:57:54.413+0000][623.859s][gc,metaspace] GC(215) Metaspace: 45848K(46464K)->45848K(46464K) NonClass: 40568K(40896K)->40568K(40896K) Class: 5279K(5568K)->5279K(5568K)
[2026-05-23T04:57:54.413+0000][623.859s][gc          ] GC(215) Pause Young (Normal) (G1 Evacuation Pause) 10750M->10013M(17984M) 186.227ms
[2026-05-23T04:57:54.413+0000][623.859s][gc,cpu      ] GC(215) User=0.72s Sys=0.01s Real=0.19s
[2026-05-23T04:57:56.050+0000][625.496s][gc,start    ] GC(216) Pause Young (Normal) (G1 Evacuation Pause)
[2026-05-23T04:57:56.050+0000][625.496s][gc,task     ] GC(216) Using 4 workers of 4 for evacuation
[2026-05-23T04:57:56.496+0000][625.941s][gc,mmu      ] GC(216) MMU target violated: 201.0ms (200.0ms/201.0ms)
[2026-05-23T04:57:56.496+0000][625.941s][gc,phases   ] GC(216)   Pre Evacuate Collection Set: 0.13ms
[2026-05-23T04:57:56.496+0000][625.941s][gc,phases   ] GC(216)   Merge Heap Roots: 0.47ms
[2026-05-23T04:57:56.496+0000][625.941s][gc,phases   ] GC(216)   Evacuate Collection Set: 443.49ms
[2026-05-23T04:57:56.496+0000][625.941s][gc,phases   ] GC(216)   Post Evacuate Collection Set: 0.87ms
[2026-05-23T04:57:56.496+0000][625.941s][gc,phases   ] GC(216)   Other: 0.58ms
[2026-05-23T04:57:56.496+0000][625.941s][gc,heap     ] GC(216) Eden regions: 49->0(49)
[2026-05-23T04:57:56.496+0000][625.941s][gc,heap     ] GC(216) Survivor regions: 7->7(7)
[2026-05-23T04:57:56.496+0000][625.941s][gc,heap     ] GC(216) Old regions: 618->632
[2026-05-23T04:57:56.496+0000][625.941s][gc,heap     ] GC(216) Archive regions: 2->2
[2026-05-23T04:57:56.496+0000][625.941s][gc,heap     ] GC(216) Humongous regions: 0->0
[2026-05-23T04:57:56.496+0000][625.941s][gc,metaspace] GC(216) Metaspace: 45848K(46464K)->45848K(46464K) NonClass: 40568K(40896K)->40568K(40896K) Class: 5279K(5568K)->5279K(5568K)
[2026-05-23T04:57:56.496+0000][625.941s][gc          ] GC(216) Pause Young (Normal) (G1 Evacuation Pause) 10797M->10231M(17984M) 445.626ms
[2026-05-23T04:57:56.496+0000][625.941s][gc,cpu      ] GC(216) User=1.69s Sys=0.06s Real=0.44s
[2026-05-23T04:58:01.185+0000][630.630s][gc,start    ] GC(217) Pause Young (Normal) (G1 Evacuation Pause)
[2026-05-23T04:58:01.185+0000][630.630s][gc,task     ] GC(217) Using 4 workers of 4 for evacuation
[2026-05-23T04:58:01.427+0000][630.873s][gc,mmu      ] GC(217) MMU target violated: 201.0ms (200.0ms/201.0ms)
[2026-05-23T04:58:01.427+0000][630.873s][gc,phases   ] GC(217)   Pre Evacuate Collection Set: 0.13ms
[2026-05-23T04:58:01.427+0000][630.873s][gc,phases   ] GC(217)   Merge Heap Roots: 3.36ms
[2026-05-23T04:58:01.427+0000][630.873s][gc,phases   ] GC(217)   Evacuate Collection Set: 237.88ms
[2026-05-23T04:58:01.427+0000][630.873s][gc,phases   ] GC(217)   Post Evacuate Collection Set: 0.82ms
[2026-05-23T04:58:01.427+0000][630.873s][gc,phases   ] GC(217)   Other: 0.16ms
[2026-05-23T04:58:01.427+0000][630.873s][gc,heap     ] GC(217) Eden regions: 49->0(49)
[2026-05-23T04:58:01.427+0000][630.873s][gc,heap     ] GC(217) Survivor regions: 7->7(7)
[2026-05-23T04:58:01.427+0000][630.873s][gc,heap     ] GC(217) Old regions: 632->637
[2026-05-23T04:58:01.427+0000][630.873s][gc,heap     ] GC(217) Archive regions: 2->2
[2026-05-23T04:58:01.427+0000][630.873s][gc,heap     ] GC(217) Humongous regions: 0->0
[2026-05-23T04:58:01.427+0000][630.873s][gc,metaspace] GC(217) Metaspace: 45848K(46464K)->45848K(46464K) NonClass: 40568K(40896K)->40568K(40896K) Class: 5279K(5568K)->5279K(5568K)
[2026-05-23T04:58:01.427+0000][630.873s][gc          ] GC(217) Pause Young (Normal) (G1 Evacuation Pause) 11015M->10319M(17984M) 242.411ms
[2026-05-23T04:58:01.427+0000][630.873s][gc,cpu      ] GC(217) User=0.93s Sys=0.02s Real=0.24s
[2026-05-23T04:58:04.969+0000][634.414s][gc,start    ] GC(218) Pause Young (Normal) (G1 Evacuation Pause)
[2026-05-23T04:58:04.969+0000][634.414s][gc,task     ] GC(218) Using 4 workers of 4 for evacuation
[2026-05-23T04:58:05.113+0000][634.559s][gc,phases   ] GC(218)   Pre Evacuate Collection Set: 0.12ms
[2026-05-23T04:58:05.113+0000][634.559s][gc,phases   ] GC(218)   Merge Heap Roots: 1.17ms
[2026-05-23T04:58:05.113+0000][634.559s][gc,phases   ] GC(218)   Evacuate Collection Set: 142.37ms
[2026-05-23T04:58:05.113+0000][634.559s][gc,phases   ] GC(218)   Post Evacuate Collection Set: 0.46ms
[2026-05-23T04:58:05.113+0000][634.559s][gc,phases   ] GC(218)   Other: 0.49ms
[2026-05-23T04:58:05.113+0000][634.559s][gc,heap     ] GC(218) Eden regions: 49->0(54)
[2026-05-23T04:58:05.113+0000][634.559s][gc,heap     ] GC(218) Survivor regions: 7->2(7)
[2026-05-23T04:58:05.113+0000][634.559s][gc,heap     ] GC(218) Old regions: 637->639
[2026-05-23T04:58:05.113+0000][634.559s][gc,heap     ] GC(218) Archive regions: 2->2
[2026-05-23T04:58:05.113+0000][634.559s][gc,heap     ] GC(218) Humongous regions: 0->0
[2026-05-23T04:58:05.113+0000][634.559s][gc,metaspace] GC(218) Metaspace: 45848K(46464K)->45848K(46464K) NonClass: 40568K(40896K)->40568K(40896K) Class: 5279K(5568K)->5279K(5568K)
[2026-05-23T04:58:05.113+0000][634.559s][gc          ] GC(218) Pause Young (Normal) (G1 Evacuation Pause) 11103M->10266M(17984M) 144.684ms
[2026-05-23T04:58:05.113+0000][634.559s][gc,cpu      ] GC(218) User=0.56s Sys=0.01s Real=0.14s
[2026-05-23T04:58:08.186+0000][637.631s][gc,start    ] GC(219) Pause Young (Normal) (G1 Evacuation Pause)
[2026-05-23T04:58:08.186+0000][637.631s][gc,task     ] GC(219) Using 4 workers of 4 for evacuation
[2026-05-23T04:58:08.297+0000][637.742s][gc,phases   ] GC(219)   Pre Evacuate Collection Set: 0.11ms
[2026-05-23T04:58:08.297+0000][637.742s][gc,phases   ] GC(219)   Merge Heap Roots: 0.28ms
[2026-05-23T04:58:08.297+0000][637.742s][gc,phases   ] GC(219)   Evacuate Collection Set: 109.88ms
[2026-05-23T04:58:08.297+0000][637.742s][gc,phases   ] GC(219)   Post Evacuate Collection Set: 0.46ms
[2026-05-23T04:58:08.297+0000][637.742s][gc,phases   ] GC(219)   Other: 0.13ms
[2026-05-23T04:58:08.297+0000][637.742s][gc,heap     ] GC(219) Eden regions: 54->0(51)
[2026-05-23T04:58:08.297+0000][637.742s][gc,heap     ] GC(219) Survivor regions: 2->5(7)
[2026-05-23T04:58:08.297+0000][637.742s][gc,heap     ] GC(219) Old regions: 639->639
[2026-05-23T04:58:08.297+0000][637.742s][gc,heap     ] GC(219) Archive regions: 2->2
[2026-05-23T04:58:08.297+0000][637.742s][gc,heap     ] GC(219) Humongous regions: 0->0
[2026-05-23T04:58:08.297+0000][637.742s][gc,metaspace] GC(219) Metaspace: 45848K(46464K)->45848K(46464K) NonClass: 40568K(40896K)->40568K(40896K) Class: 5279K(5568K)->5279K(5568K)
[2026-05-23T04:58:08.297+0000][637.742s][gc          ] GC(219) Pause Young (Normal) (G1 Evacuation Pause) 11130M->10316M(17984M) 110.949ms
[2026-05-23T04:58:08.297+0000][637.742s][gc,cpu      ] GC(219) User=0.44s Sys=0.00s Real=0.11s
[2026-05-23T04:58:11.187+0000][640.633s][gc,start    ] GC(220) Pause Young (Normal) (G1 Evacuation Pause)
[2026-05-23T04:58:11.187+0000][640.633s][gc,task     ] GC(220) Using 4 workers of 4 for evacuation
[2026-05-23T04:58:11.269+0000][640.714s][gc,phases   ] GC(220)   Pre Evacuate Collection Set: 0.13ms
[2026-05-23T04:58:11.269+0000][640.714s][gc,phases   ] GC(220)   Merge Heap Roots: 0.25ms
[2026-05-23T04:58:11.269+0000][640.714s][gc,phases   ] GC(220)   Evacuate Collection Set: 79.99ms
[2026-05-23T04:58:11.269+0000][640.714s][gc,phases   ] GC(220)   Post Evacuate Collection Set: 0.53ms
[2026-05-23T04:58:11.269+0000][640.714s][gc,phases   ] GC(220)   Other: 0.32ms
[2026-05-23T04:58:11.269+0000][640.714s][gc,heap     ] GC(220) Eden regions: 51->0(51)
[2026-05-23T04:58:11.269+0000][640.714s][gc,heap     ] GC(220) Survivor regions: 5->5(7)
[2026-05-23T04:58:11.269+0000][640.714s][gc,heap     ] GC(220) Old regions: 639->642
[2026-05-23T04:58:11.269+0000][640.714s][gc,heap     ] GC(220) Archive regions: 2->2
[2026-05-23T04:58:11.269+0000][640.714s][gc,heap     ] GC(220) Humongous regions: 0->0
[2026-05-23T04:58:11.269+0000][640.714s][gc,metaspace] GC(220) Metaspace: 45848K(46464K)->45848K(46464K) NonClass: 40568K(40896K)->40568K(40896K) Class: 5279K(5568K)->5279K(5568K)
[2026-05-23T04:58:11.269+0000][640.714s][gc          ] GC(220) Pause Young (Normal) (G1 Evacuation Pause) 11132M->10341M(17984M) 81.305ms
[2026-05-23T04:58:11.269+0000][640.714s][gc,cpu      ] GC(220) User=0.31s Sys=0.01s Real=0.09s
[2026-05-23T04:58:14.671+0000][644.117s][gc,start    ] GC(221) Pause Young (Normal) (G1 Evacuation Pause)
[2026-05-23T04:58:14.672+0000][644.117s][gc,task     ] GC(221) Using 4 workers of 4 for evacuation
[2026-05-23T04:58:14.832+0000][644.278s][gc,phases   ] GC(221)   Pre Evacuate Collection Set: 0.12ms
[2026-05-23T04:58:14.832+0000][644.278s][gc,phases   ] GC(221)   Merge Heap Roots: 0.20ms
[2026-05-23T04:58:14.832+0000][644.278s][gc,phases   ] GC(221)   Evacuate Collection Set: 159.25ms
[2026-05-23T04:58:14.832+0000][644.278s][gc,phases   ] GC(221)   Post Evacuate Collection Set: 0.64ms
[2026-05-23T04:58:14.832+0000][644.278s][gc,phases   ] GC(221)   Other: 0.17ms
[2026-05-23T04:58:14.832+0000][644.278s][gc,heap     ] GC(221) Eden regions: 51->0(49)
[2026-05-23T04:58:14.832+0000][644.278s][gc,heap     ] GC(221) Survivor regions: 5->7(7)
[2026-05-23T04:58:14.832+0000][644.278s][gc,heap     ] GC(221) Old regions: 642->645
[2026-05-23T04:58:14.832+0000][644.278s][gc,heap     ] GC(221) Archive regions: 2->2
[2026-05-23T04:58:14.832+0000][644.278s][gc,heap     ] GC(221) Humongous regions: 0->0
[2026-05-23T04:58:14.832+0000][644.278s][gc,metaspace] GC(221) Metaspace: 45848K(46464K)->45848K(46464K) NonClass: 40568K(40896K)->40568K(40896K) Class: 5279K(5568K)->5279K(5568K)
[2026-05-23T04:58:14.832+0000][644.278s][gc          ] GC(221) Pause Young (Normal) (G1 Evacuation Pause) 11157M->10441M(17984M) 160.472ms
[2026-05-23T04:58:14.832+0000][644.278s][gc,cpu      ] GC(221) User=0.62s Sys=0.02s Real=0.16s
[2026-05-23T04:58:17.225+0000][646.671s][gc,start    ] GC(222) Pause Young (Normal) (G1 Evacuation Pause)
[2026-05-23T04:58:17.225+0000][646.671s][gc,task     ] GC(222) Using 4 workers of 4 for evacuation
[2026-05-23T04:58:17.492+0000][646.938s][gc,mmu      ] GC(222) MMU target violated: 201.0ms (200.0ms/201.0ms)
[2026-05-23T04:58:17.492+0000][646.938s][gc,phases   ] GC(222)   Pre Evacuate Collection Set: 0.13ms
[2026-05-23T04:58:17.492+0000][646.938s][gc,phases   ] GC(222)   Merge Heap Roots: 1.17ms
[2026-05-23T04:58:17.492+0000][646.938s][gc,phases   ] GC(222)   Evacuate Collection Set: 264.42ms
[2026-05-23T04:58:17.492+0000][646.938s][gc,phases   ] GC(222)   Post Evacuate Collection Set: 0.80ms
[2026-05-23T04:58:17.492+0000][646.938s][gc,phases   ] GC(222)   Other: 0.54ms
[2026-05-23T04:58:17.492+0000][646.938s][gc,heap     ] GC(222) Eden regions: 49->0(49)
[2026-05-23T04:58:17.492+0000][646.938s][gc,heap     ] GC(222) Survivor regions: 7->7(7)
[2026-05-23T04:58:17.492+0000][646.938s][gc,heap     ] GC(222) Old regions: 645->655
[2026-05-23T04:58:17.492+0000][646.938s][gc,heap     ] GC(222) Archive regions: 2->2
[2026-05-23T04:58:17.492+0000][646.938s][gc,heap     ] GC(222) Humongous regions: 0->0
[2026-05-23T04:58:17.492+0000][646.938s][gc,metaspace] GC(222) Metaspace: 45849K(46464K)->45849K(46464K) NonClass: 40569K(40896K)->40569K(40896K) Class: 5279K(5568K)->5279K(5568K)
[2026-05-23T04:58:17.492+0000][646.938s][gc          ] GC(222) Pause Young (Normal) (G1 Evacuation Pause) 11225M->10594M(17984M) 267.111ms
[2026-05-23T04:58:17.493+0000][646.938s][gc,cpu      ] GC(222) User=1.02s Sys=0.04s Real=0.27s
[2026-05-23T04:58:21.377+0000][650.823s][gc,start    ] GC(223) Pause Young (Normal) (G1 Evacuation Pause)
[2026-05-23T04:58:21.377+0000][650.823s][gc,task     ] GC(223) Using 4 workers of 4 for evacuation
[2026-05-23T04:58:21.647+0000][651.093s][gc,mmu      ] GC(223) MMU target violated: 201.0ms (200.0ms/201.0ms)
[2026-05-23T04:58:21.647+0000][651.093s][gc,phases   ] GC(223)   Pre Evacuate Collection Set: 0.11ms
[2026-05-23T04:58:21.647+0000][651.093s][gc,phases   ] GC(223)   Merge Heap Roots: 2.63ms
[2026-05-23T04:58:21.647+0000][651.093s][gc,phases   ] GC(223)   Evacuate Collection Set: 266.50ms
[2026-05-23T04:58:21.647+0000][651.093s][gc,phases   ] GC(223)   Post Evacuate Collection Set: 0.77ms
[2026-05-23T04:58:21.647+0000][651.093s][gc,phases   ] GC(223)   Other: 0.17ms
[2026-05-23T04:58:21.647+0000][651.093s][gc,heap     ] GC(223) Eden regions: 49->0(49)
[2026-05-23T04:58:21.647+0000][651.093s][gc,heap     ] GC(223) Survivor regions: 7->7(7)
[2026-05-23T04:58:21.647+0000][651.093s][gc,heap     ] GC(223) Old regions: 655->663
[2026-05-23T04:58:21.647+0000][651.093s][gc,heap     ] GC(223) Archive regions: 2->2
[2026-05-23T04:58:21.647+0000][651.093s][gc,heap     ] GC(223) Humongous regions: 0->0
[2026-05-23T04:58:21.648+0000][651.093s][gc,metaspace] GC(223) Metaspace: 45849K(46464K)->45849K(46464K) NonClass: 40569K(40896K)->40569K(40896K) Class: 5279K(5568K)->5279K(5568K)
[2026-05-23T04:58:21.648+0000][651.093s][gc          ] GC(223) Pause Young (Normal) (G1 Evacuation Pause) 11378M->10735M(17984M) 270.228ms
[2026-05-23T04:58:21.648+0000][651.093s][gc,cpu      ] GC(223) User=1.03s Sys=0.03s Real=0.27s
[2026-05-23T04:58:25.969+0000][655.415s][gc,start    ] GC(224) Pause Young (Normal) (G1 Evacuation Pause)
[2026-05-23T04:58:25.969+0000][655.415s][gc,task     ] GC(224) Using 4 workers of 4 for evacuation
[2026-05-23T04:58:26.243+0000][655.688s][gc,mmu      ] GC(224) MMU target violated: 201.0ms (200.0ms/201.0ms)
[2026-05-23T04:58:26.243+0000][655.689s][gc,phases   ] GC(224)   Pre Evacuate Collection Set: 0.14ms
[2026-05-23T04:58:26.243+0000][655.689s][gc,phases   ] GC(224)   Merge Heap Roots: 2.78ms
[2026-05-23T04:58:26.243+0000][655.689s][gc,phases   ] GC(224)   Evacuate Collection Set: 269.72ms
[2026-05-23T04:58:26.243+0000][655.689s][gc,phases   ] GC(224)   Post Evacuate Collection Set: 0.71ms
[2026-05-23T04:58:26.243+0000][655.689s][gc,phases   ] GC(224)   Other: 0.17ms
[2026-05-23T04:58:26.243+0000][655.689s][gc,heap     ] GC(224) Eden regions: 49->0(49)
[2026-05-23T04:58:26.243+0000][655.689s][gc,heap     ] GC(224) Survivor regions: 7->7(7)
[2026-05-23T04:58:26.243+0000][655.689s][gc,heap     ] GC(224) Old regions: 663->671
[2026-05-23T04:58:26.243+0000][655.689s][gc,heap     ] GC(224) Archive regions: 2->2
[2026-05-23T04:58:26.243+0000][655.689s][gc,heap     ] GC(224) Humongous regions: 0->0
[2026-05-23T04:58:26.243+0000][655.689s][gc,metaspace] GC(224) Metaspace: 45849K(46464K)->45849K(46464K) NonClass: 40569K(40896K)->40569K(40896K) Class: 5279K(5568K)->5279K(5568K)
[2026-05-23T04:58:26.243+0000][655.689s][gc          ] GC(224) Pause Young (Normal) (G1 Evacuation Pause) 11519M->10863M(17984M) 273.592ms
[2026-05-23T04:58:26.243+0000][655.689s][gc,cpu      ] GC(224) User=1.06s Sys=0.02s Real=0.27s
[2026-05-23T04:58:31.346+0000][660.791s][gc,start    ] GC(225) Pause Young (Normal) (G1 Evacuation Pause)
[2026-05-23T04:58:31.346+0000][660.792s][gc,task     ] GC(225) Using 4 workers of 4 for evacuation
[2026-05-23T04:58:31.536+0000][660.981s][gc,phases   ] GC(225)   Pre Evacuate Collection Set: 0.12ms
[2026-05-23T04:58:31.536+0000][660.981s][gc,phases   ] GC(225)   Merge Heap Roots: 2.52ms
[2026-05-23T04:58:31.536+0000][660.981s][gc,phases   ] GC(225)   Evacuate Collection Set: 186.38ms
[2026-05-23T04:58:31.536+0000][660.981s][gc,phases   ] GC(225)   Post Evacuate Collection Set: 0.71ms
[2026-05-23T04:58:31.536+0000][660.981s][gc,phases   ] GC(225)   Other: 0.11ms
[2026-05-23T04:58:31.536+0000][660.981s][gc,heap     ] GC(225) Eden regions: 49->0(49)
[2026-05-23T04:58:31.536+0000][660.981s][gc,heap     ] GC(225) Survivor regions: 7->7(7)
[2026-05-23T04:58:31.536+0000][660.981s][gc,heap     ] GC(225) Old regions: 671->675
[2026-05-23T04:58:31.536+0000][660.981s][gc,heap     ] GC(225) Archive regions: 2->2
[2026-05-23T04:58:31.536+0000][660.981s][gc,heap     ] GC(225) Humongous regions: 0->0
[2026-05-23T04:58:31.536+0000][660.981s][gc,metaspace] GC(225) Metaspace: 45849K(46464K)->45849K(46464K) NonClass: 40569K(40896K)->40569K(40896K) Class: 5279K(5568K)->5279K(5568K)
[2026-05-23T04:58:31.536+0000][660.981s][gc          ] GC(225) Pause Young (Normal) (G1 Evacuation Pause) 11647M->10927M(17984M) 189.942ms
[2026-05-23T04:58:31.536+0000][660.981s][gc,cpu      ] GC(225) User=0.72s Sys=0.02s Real=0.19s
[2026-05-23T04:58:34.811+0000][664.257s][gc,start    ] GC(226) Pause Young (Normal) (G1 Evacuation Pause)
[2026-05-23T04:58:34.811+0000][664.257s][gc,task     ] GC(226) Using 4 workers of 4 for evacuation
[2026-05-23T04:58:35.016+0000][664.462s][gc,mmu      ] GC(226) MMU target violated: 201.0ms (200.0ms/201.0ms)
[2026-05-23T04:58:35.016+0000][664.462s][gc,phases   ] GC(226)   Pre Evacuate Collection Set: 0.12ms
[2026-05-23T04:58:35.016+0000][664.462s][gc,phases   ] GC(226)   Merge Heap Roots: 1.07ms
[2026-05-23T04:58:35.016+0000][664.462s][gc,phases   ] GC(226)   Evacuate Collection Set: 202.94ms
[2026-05-23T04:58:35.016+0000][664.462s][gc,phases   ] GC(226)   Post Evacuate Collection Set: 0.61ms
[2026-05-23T04:58:35.017+0000][664.462s][gc,phases   ] GC(226)   Other: 0.55ms
[2026-05-23T04:58:35.017+0000][664.462s][gc,heap     ] GC(226) Eden regions: 49->0(49)
[2026-05-23T04:58:35.017+0000][664.462s][gc,heap     ] GC(226) Survivor regions: 7->7(7)
[2026-05-23T04:58:35.017+0000][664.462s][gc,heap     ] GC(226) Old regions: 675->681
[2026-05-23T04:58:35.017+0000][664.462s][gc,heap     ] GC(226) Archive regions: 2->2
[2026-05-23T04:58:35.017+0000][664.462s][gc,heap     ] GC(226) Humongous regions: 0->0
[2026-05-23T04:58:35.017+0000][664.462s][gc,metaspace] GC(226) Metaspace: 45849K(46464K)->45849K(46464K) NonClass: 40569K(40896K)->40569K(40896K) Class: 5279K(5568K)->5279K(5568K)
[2026-05-23T04:58:35.017+0000][664.462s][gc          ] GC(226) Pause Young (Normal) (G1 Evacuation Pause) 11711M->11018M(17984M) 205.368ms
[2026-05-23T04:58:35.017+0000][664.462s][gc,cpu      ] GC(226) User=0.79s Sys=0.03s Real=0.20s
[2026-05-23T04:58:39.826+0000][669.272s][gc,start    ] GC(227) Pause Young (Normal) (G1 Evacuation Pause)
[2026-05-23T04:58:39.826+0000][669.272s][gc,task     ] GC(227) Using 4 workers of 4 for evacuation
[2026-05-23T04:58:40.100+0000][669.546s][gc,mmu      ] GC(227) MMU target violated: 201.0ms (200.0ms/201.0ms)
[2026-05-23T04:58:40.100+0000][669.546s][gc,phases   ] GC(227)   Pre Evacuate Collection Set: 0.14ms
[2026-05-23T04:58:40.100+0000][669.546s][gc,phases   ] GC(227)   Merge Heap Roots: 1.70ms
[2026-05-23T04:58:40.100+0000][669.546s][gc,phases   ] GC(227)   Evacuate Collection Set: 270.33ms
[2026-05-23T04:58:40.100+0000][669.546s][gc,phases   ] GC(227)   Post Evacuate Collection Set: 0.98ms
[2026-05-23T04:58:40.100+0000][669.546s][gc,phases   ] GC(227)   Other: 0.53ms
[2026-05-23T04:58:40.100+0000][669.546s][gc,heap     ] GC(227) Eden regions: 49->0(49)
[2026-05-23T04:58:40.100+0000][669.546s][gc,heap     ] GC(227) Survivor regions: 7->7(7)
[2026-05-23T04:58:40.100+0000][669.546s][gc,heap     ] GC(227) Old regions: 681->691
[2026-05-23T04:58:40.100+0000][669.546s][gc,heap     ] GC(227) Archive regions: 2->2
[2026-05-23T04:58:40.100+0000][669.546s][gc,heap     ] GC(227) Humongous regions: 0->0
[2026-05-23T04:58:40.100+0000][669.546s][gc,metaspace] GC(227) Metaspace: 45849K(46464K)->45849K(46464K) NonClass: 40569K(40896K)->40569K(40896K) Class: 5279K(5568K)->5279K(5568K)
[2026-05-23T04:58:40.100+0000][669.546s][gc          ] GC(227) Pause Young (Normal) (G1 Evacuation Pause) 11802M->11171M(17984M) 273.739ms
[2026-05-23T04:58:40.100+0000][669.546s][gc,cpu      ] GC(227) User=1.06s Sys=0.03s Real=0.28s
[2026-05-23T04:58:41.914+0000][671.359s][gc,start    ] GC(228) Pause Young (Normal) (G1 Evacuation Pause)
[2026-05-23T04:58:41.914+0000][671.359s][gc,task     ] GC(228) Using 4 workers of 4 for evacuation
[2026-05-23T04:58:42.243+0000][671.688s][gc,mmu      ] GC(228) MMU target violated: 201.0ms (200.0ms/201.0ms)
[2026-05-23T04:58:42.243+0000][671.688s][gc,phases   ] GC(228)   Pre Evacuate Collection Set: 0.11ms
[2026-05-23T04:58:42.243+0000][671.688s][gc,phases   ] GC(228)   Merge Heap Roots: 2.51ms
[2026-05-23T04:58:42.243+0000][671.688s][gc,phases   ] GC(228)   Evacuate Collection Set: 324.95ms
[2026-05-23T04:58:42.243+0000][671.688s][gc,phases   ] GC(228)   Post Evacuate Collection Set: 1.06ms
[2026-05-23T04:58:42.243+0000][671.688s][gc,phases   ] GC(228)   Other: 0.52ms
[2026-05-23T04:58:42.243+0000][671.688s][gc,heap     ] GC(228) Eden regions: 49->0(49)
[2026-05-23T04:58:42.243+0000][671.689s][gc,heap     ] GC(228) Survivor regions: 7->7(7)
[2026-05-23T04:58:42.243+0000][671.689s][gc,heap     ] GC(228) Old regions: 691->702
[2026-05-23T04:58:42.243+0000][671.689s][gc,heap     ] GC(228) Archive regions: 2->2
[2026-05-23T04:58:42.243+0000][671.689s][gc,heap     ] GC(228) Humongous regions: 0->0
[2026-05-23T04:58:42.243+0000][671.689s][gc,metaspace] GC(228) Metaspace: 45849K(46464K)->45849K(46464K) NonClass: 40569K(40896K)->40569K(40896K) Class: 5279K(5568K)->5279K(5568K)
[2026-05-23T04:58:42.243+0000][671.689s][gc          ] GC(228) Pause Young (Normal) (G1 Evacuation Pause) 11955M->11356M(17984M) 329.216ms
[2026-05-23T04:58:42.243+0000][671.689s][gc,cpu      ] GC(228) User=1.27s Sys=0.04s Real=0.33s
[2026-05-23T04:58:47.583+0000][677.029s][gc,start    ] GC(229) Pause Young (Normal) (G1 Evacuation Pause)
[2026-05-23T04:58:47.584+0000][677.029s][gc,task     ] GC(229) Using 4 workers of 4 for evacuation
[2026-05-23T04:58:47.750+0000][677.195s][gc,phases   ] GC(229)   Pre Evacuate Collection Set: 0.12ms
[2026-05-23T04:58:47.750+0000][677.195s][gc,phases   ] GC(229)   Merge Heap Roots: 3.64ms
[2026-05-23T04:58:47.750+0000][677.195s][gc,phases   ] GC(229)   Evacuate Collection Set: 161.28ms
[2026-05-23T04:58:47.750+0000][677.195s][gc,phases   ] GC(229)   Post Evacuate Collection Set: 1.04ms
[2026-05-23T04:58:47.750+0000][677.195s][gc,phases   ] GC(229)   Other: 0.13ms
[2026-05-23T04:58:47.750+0000][677.195s][gc,heap     ] GC(229) Eden regions: 49->0(50)
[2026-05-23T04:58:47.750+0000][677.195s][gc,heap     ] GC(229) Survivor regions: 7->6(7)
[2026-05-23T04:58:47.750+0000][677.195s][gc,heap     ] GC(229) Old regions: 702->704
[2026-05-23T04:58:47.750+0000][677.195s][gc,heap     ] GC(229) Archive regions: 2->2
[2026-05-23T04:58:47.750+0000][677.195s][gc,heap     ] GC(229) Humongous regions: 0->0
[2026-05-23T04:58:47.750+0000][677.196s][gc,metaspace] GC(229) Metaspace: 45849K(46464K)->45849K(46464K) NonClass: 40569K(40896K)->40569K(40896K) Class: 5279K(5568K)->5279K(5568K)
[2026-05-23T04:58:47.750+0000][677.196s][gc          ] GC(229) Pause Young (Normal) (G1 Evacuation Pause) 12140M->11375M(17984M) 166.319ms
[2026-05-23T04:58:47.750+0000][677.196s][gc,cpu      ] GC(229) User=0.66s Sys=0.00s Real=0.17s
[2026-05-23T04:58:50.691+0000][680.136s][gc,start    ] GC(230) Pause Young (Normal) (G1 Evacuation Pause)
[2026-05-23T04:58:50.691+0000][680.136s][gc,task     ] GC(230) Using 4 workers of 4 for evacuation
[2026-05-23T04:58:51.030+0000][680.476s][gc,mmu      ] GC(230) MMU target violated: 201.0ms (200.0ms/201.0ms)
[2026-05-23T04:58:51.030+0000][680.476s][gc,phases   ] GC(230)   Pre Evacuate Collection Set: 0.11ms
[2026-05-23T04:58:51.030+0000][680.476s][gc,phases   ] GC(230)   Merge Heap Roots: 1.57ms
[2026-05-23T04:58:51.030+0000][680.476s][gc,phases   ] GC(230)   Evacuate Collection Set: 337.44ms
[2026-05-23T04:58:51.030+0000][680.476s][gc,phases   ] GC(230)   Post Evacuate Collection Set: 0.51ms
[2026-05-23T04:58:51.030+0000][680.476s][gc,phases   ] GC(230)   Other: 0.16ms
[2026-05-23T04:58:51.030+0000][680.476s][gc,heap     ] GC(230) Eden regions: 50->0(49)
[2026-05-23T04:58:51.030+0000][680.476s][gc,heap     ] GC(230) Survivor regions: 6->7(7)
[2026-05-23T04:58:51.030+0000][680.476s][gc,heap     ] GC(230) Old regions: 704->709
[2026-05-23T04:58:51.030+0000][680.476s][gc,heap     ] GC(230) Archive regions: 2->2
[2026-05-23T04:58:51.030+0000][680.476s][gc,heap     ] GC(230) Humongous regions: 0->0
[2026-05-23T04:58:51.030+0000][680.476s][gc,metaspace] GC(230) Metaspace: 45850K(46464K)->45850K(46464K) NonClass: 40570K(40896K)->40570K(40896K) Class: 5279K(5568K)->5279K(5568K)
[2026-05-23T04:58:51.030+0000][680.476s][gc          ] GC(230) Pause Young (Normal) (G1 Evacuation Pause) 12175M->11471M(17984M) 339.844ms
[2026-05-23T04:58:51.030+0000][680.476s][gc,cpu      ] GC(230) User=1.33s Sys=0.02s Real=0.34s
[2026-05-23T04:58:54.402+0000][683.848s][gc,start    ] GC(231) Pause Young (Normal) (G1 Evacuation Pause)
[2026-05-23T04:58:54.402+0000][683.848s][gc,task     ] GC(231) Using 4 workers of 4 for evacuation
[2026-05-23T04:58:54.607+0000][684.053s][gc,mmu      ] GC(231) MMU target violated: 201.0ms (200.0ms/201.0ms)
[2026-05-23T04:58:54.607+0000][684.053s][gc,phases   ] GC(231)   Pre Evacuate Collection Set: 0.12ms
[2026-05-23T04:58:54.607+0000][684.053s][gc,phases   ] GC(231)   Merge Heap Roots: 0.59ms
[2026-05-23T04:58:54.607+0000][684.053s][gc,phases   ] GC(231)   Evacuate Collection Set: 203.61ms
[2026-05-23T04:58:54.607+0000][684.053s][gc,phases   ] GC(231)   Post Evacuate Collection Set: 0.54ms
[2026-05-23T04:58:54.607+0000][684.053s][gc,phases   ] GC(231)   Other: 0.19ms
[2026-05-23T04:58:54.607+0000][684.053s][gc,heap     ] GC(231) Eden regions: 49->0(49)
[2026-05-23T04:58:54.607+0000][684.053s][gc,heap     ] GC(231) Survivor regions: 7->7(7)
[2026-05-23T04:58:54.607+0000][684.053s][gc,heap     ] GC(231) Old regions: 709->713
[2026-05-23T04:58:54.607+0000][684.053s][gc,heap     ] GC(231) Archive regions: 2->2
[2026-05-23T04:58:54.607+0000][684.053s][gc,heap     ] GC(231) Humongous regions: 0->0
[2026-05-23T04:58:54.607+0000][684.053s][gc,metaspace] GC(231) Metaspace: 45850K(46464K)->45850K(46464K) NonClass: 40570K(40896K)->40570K(40896K) Class: 5279K(5568K)->5279K(5568K)
[2026-05-23T04:58:54.607+0000][684.053s][gc          ] GC(231) Pause Young (Normal) (G1 Evacuation Pause) 12255M->11533M(17984M) 205.115ms
[2026-05-23T04:58:54.607+0000][684.053s][gc,cpu      ] GC(231) User=0.80s Sys=0.01s Real=0.20s
[2026-05-23T04:58:57.978+0000][687.423s][gc,start    ] GC(232) Pause Young (Normal) (G1 Evacuation Pause)
[2026-05-23T04:58:57.978+0000][687.424s][gc,task     ] GC(232) Using 4 workers of 4 for evacuation
[2026-05-23T04:58:58.217+0000][687.662s][gc,mmu      ] GC(232) MMU target violated: 201.0ms (200.0ms/201.0ms)
[2026-05-23T04:58:58.217+0000][687.662s][gc,phases   ] GC(232)   Pre Evacuate Collection Set: 0.11ms
[2026-05-23T04:58:58.217+0000][687.662s][gc,phases   ] GC(232)   Merge Heap Roots: 0.62ms
[2026-05-23T04:58:58.217+0000][687.662s][gc,phases   ] GC(232)   Evacuate Collection Set: 237.26ms
[2026-05-23T04:58:58.217+0000][687.662s][gc,phases   ] GC(232)   Post Evacuate Collection Set: 0.47ms
[2026-05-23T04:58:58.217+0000][687.662s][gc,phases   ] GC(232)   Other: 0.51ms
[2026-05-23T04:58:58.217+0000][687.662s][gc,heap     ] GC(232) Eden regions: 49->0(49)
[2026-05-23T04:58:58.217+0000][687.662s][gc,heap     ] GC(232) Survivor regions: 7->7(7)
[2026-05-23T04:58:58.217+0000][687.662s][gc,heap     ] GC(232) Old regions: 713->716
[2026-05-23T04:58:58.217+0000][687.662s][gc,heap     ] GC(232) Archive regions: 2->2
[2026-05-23T04:58:58.217+0000][687.662s][gc,heap     ] GC(232) Humongous regions: 0->0
[2026-05-23T04:58:58.217+0000][687.662s][gc,metaspace] GC(232) Metaspace: 45850K(46464K)->45850K(46464K) NonClass: 40570K(40896K)->40570K(40896K) Class: 5279K(5568K)->5279K(5568K)
[2026-05-23T04:58:58.217+0000][687.663s][gc          ] GC(232) Pause Young (Normal) (G1 Evacuation Pause) 12317M->11571M(17984M) 239.015ms
[2026-05-23T04:58:58.217+0000][687.663s][gc,cpu      ] GC(232) User=0.93s Sys=0.01s Real=0.24s
[2026-05-23T04:59:01.319+0000][690.765s][gc,start    ] GC(233) Pause Young (Normal) (G1 Evacuation Pause)
[2026-05-23T04:59:01.319+0000][690.765s][gc,task     ] GC(233) Using 4 workers of 4 for evacuation
[2026-05-23T04:59:01.435+0000][690.881s][gc,phases   ] GC(233)   Pre Evacuate Collection Set: 0.13ms
[2026-05-23T04:59:01.435+0000][690.881s][gc,phases   ] GC(233)   Merge Heap Roots: 0.28ms
[2026-05-23T04:59:01.435+0000][690.881s][gc,phases   ] GC(233)   Evacuate Collection Set: 115.10ms
[2026-05-23T04:59:01.435+0000][690.881s][gc,phases   ] GC(233)   Post Evacuate Collection Set: 0.42ms
[2026-05-23T04:59:01.435+0000][690.881s][gc,phases   ] GC(233)   Other: 0.11ms
[2026-05-23T04:59:01.435+0000][690.881s][gc,heap     ] GC(233) Eden regions: 49->0(51)
[2026-05-23T04:59:01.435+0000][690.881s][gc,heap     ] GC(233) Survivor regions: 7->5(7)
[2026-05-23T04:59:01.435+0000][690.881s][gc,heap     ] GC(233) Old regions: 716->718
[2026-05-23T04:59:01.435+0000][690.881s][gc,heap     ] GC(233) Archive regions: 2->2
[2026-05-23T04:59:01.435+0000][690.881s][gc,heap     ] GC(233) Humongous regions: 0->0
[2026-05-23T04:59:01.435+0000][690.881s][gc,metaspace] GC(233) Metaspace: 45850K(46464K)->45850K(46464K) NonClass: 40570K(40896K)->40570K(40896K) Class: 5279K(5568K)->5279K(5568K)
[2026-05-23T04:59:01.435+0000][690.881s][gc          ] GC(233) Pause Young (Normal) (G1 Evacuation Pause) 12355M->11577M(17984M) 116.143ms
[2026-05-23T04:59:01.435+0000][690.881s][gc,cpu      ] GC(233) User=0.45s Sys=0.01s Real=0.11s
[2026-05-23T04:59:04.883+0000][694.329s][gc,start    ] GC(234) Pause Young (Normal) (G1 Evacuation Pause)
[2026-05-23T04:59:04.883+0000][694.329s][gc,task     ] GC(234) Using 4 workers of 4 for evacuation
[2026-05-23T04:59:05.049+0000][694.495s][gc,phases   ] GC(234)   Pre Evacuate Collection Set: 0.13ms
[2026-05-23T04:59:05.049+0000][694.495s][gc,phases   ] GC(234)   Merge Heap Roots: 0.24ms
[2026-05-23T04:59:05.049+0000][694.495s][gc,phases   ] GC(234)   Evacuate Collection Set: 165.08ms
[2026-05-23T04:59:05.049+0000][694.495s][gc,phases   ] GC(234)   Post Evacuate Collection Set: 0.60ms
[2026-05-23T04:59:05.049+0000][694.495s][gc,phases   ] GC(234)   Other: 0.12ms
[2026-05-23T04:59:05.049+0000][694.495s][gc,heap     ] GC(234) Eden regions: 51->0(49)
[2026-05-23T04:59:05.049+0000][694.495s][gc,heap     ] GC(234) Survivor regions: 5->7(7)
[2026-05-23T04:59:05.049+0000][694.495s][gc,heap     ] GC(234) Old regions: 718->722
[2026-05-23T04:59:05.049+0000][694.495s][gc,heap     ] GC(234) Archive regions: 2->2
[2026-05-23T04:59:05.049+0000][694.495s][gc,heap     ] GC(234) Humongous regions: 0->0
[2026-05-23T04:59:05.050+0000][694.495s][gc,metaspace] GC(234) Metaspace: 45850K(46464K)->45850K(46464K) NonClass: 40570K(40896K)->40570K(40896K) Class: 5279K(5568K)->5279K(5568K)
[2026-05-23T04:59:05.050+0000][694.495s][gc          ] GC(234) Pause Young (Normal) (G1 Evacuation Pause) 12393M->11671M(17984M) 166.249ms
[2026-05-23T04:59:05.050+0000][694.495s][gc,cpu      ] GC(234) User=0.64s Sys=0.02s Real=0.17s
[2026-05-23T04:59:07.363+0000][696.809s][gc,start    ] GC(235) Pause Young (Normal) (G1 Evacuation Pause)
[2026-05-23T04:59:07.364+0000][696.809s][gc,task     ] GC(235) Using 4 workers of 4 for evacuation
[2026-05-23T04:59:07.652+0000][697.097s][gc,mmu      ] GC(235) MMU target violated: 201.0ms (200.0ms/201.0ms)
[2026-05-23T04:59:07.652+0000][697.097s][gc,phases   ] GC(235)   Pre Evacuate Collection Set: 0.11ms
[2026-05-23T04:59:07.652+0000][697.097s][gc,phases   ] GC(235)   Merge Heap Roots: 1.11ms
[2026-05-23T04:59:07.652+0000][697.097s][gc,phases   ] GC(235)   Evacuate Collection Set: 285.58ms
[2026-05-23T04:59:07.652+0000][697.097s][gc,phases   ] GC(235)   Post Evacuate Collection Set: 0.75ms
[2026-05-23T04:59:07.652+0000][697.097s][gc,phases   ] GC(235)   Other: 0.57ms
[2026-05-23T04:59:07.652+0000][697.097s][gc,heap     ] GC(235) Eden regions: 49->0(49)
[2026-05-23T04:59:07.652+0000][697.097s][gc,heap     ] GC(235) Survivor regions: 7->7(7)
[2026-05-23T04:59:07.652+0000][697.097s][gc,heap     ] GC(235) Old regions: 722->733
[2026-05-23T04:59:07.652+0000][697.097s][gc,heap     ] GC(235) Archive regions: 2->2
[2026-05-23T04:59:07.652+0000][697.097s][gc,heap     ] GC(235) Humongous regions: 0->0
[2026-05-23T04:59:07.652+0000][697.097s][gc,metaspace] GC(235) Metaspace: 45852K(46464K)->45852K(46464K) NonClass: 40572K(40896K)->40572K(40896K) Class: 5279K(5568K)->5279K(5568K)
[2026-05-23T04:59:07.652+0000][697.097s][gc          ] GC(235) Pause Young (Normal) (G1 Evacuation Pause) 12455M->11852M(17984M) 288.166ms
[2026-05-23T04:59:07.652+0000][697.097s][gc,cpu      ] GC(235) User=1.09s Sys=0.04s Real=0.29s
[2026-05-23T04:59:12.540+0000][701.985s][gc,start    ] GC(236) Pause Young (Normal) (G1 Evacuation Pause)
[2026-05-23T04:59:12.540+0000][701.985s][gc,task     ] GC(236) Using 4 workers of 4 for evacuation
[2026-05-23T04:59:12.735+0000][702.181s][gc,phases   ] GC(236)   Pre Evacuate Collection Set: 0.12ms
[2026-05-23T04:59:12.735+0000][702.181s][gc,phases   ] GC(236)   Merge Heap Roots: 3.13ms
[2026-05-23T04:59:12.735+0000][702.181s][gc,phases   ] GC(236)   Evacuate Collection Set: 191.12ms
[2026-05-23T04:59:12.735+0000][702.181s][gc,phases   ] GC(236)   Post Evacuate Collection Set: 0.90ms
[2026-05-23T04:59:12.735+0000][702.181s][gc,phases   ] GC(236)   Other: 0.46ms
[2026-05-23T04:59:12.735+0000][702.181s][gc,heap     ] GC(236) Eden regions: 49->0(49)
[2026-05-23T04:59:12.735+0000][702.181s][gc,heap     ] GC(236) Survivor regions: 7->7(7)
[2026-05-23T04:59:12.735+0000][702.181s][gc,heap     ] GC(236) Old regions: 733->738
[2026-05-23T04:59:12.735+0000][702.181s][gc,heap     ] GC(236) Archive regions: 2->2
[2026-05-23T04:59:12.735+0000][702.181s][gc,heap     ] GC(236) Humongous regions: 0->0
[2026-05-23T04:59:12.735+0000][702.181s][gc,metaspace] GC(236) Metaspace: 45852K(46464K)->45852K(46464K) NonClass: 40572K(40896K)->40572K(40896K) Class: 5279K(5568K)->5279K(5568K)
[2026-05-23T04:59:12.735+0000][702.181s][gc          ] GC(236) Pause Young (Normal) (G1 Evacuation Pause) 12636M->11927M(17984M) 195.813ms
[2026-05-23T04:59:12.735+0000][702.181s][gc,cpu      ] GC(236) User=0.75s Sys=0.02s Real=0.19s
[2026-05-23T04:59:15.923+0000][705.369s][gc,start    ] GC(237) Pause Young (Normal) (G1 Evacuation Pause)
[2026-05-23T04:59:15.923+0000][705.369s][gc,task     ] GC(237) Using 4 workers of 4 for evacuation
[2026-05-23T04:59:16.103+0000][705.549s][gc,phases   ] GC(237)   Pre Evacuate Collection Set: 0.12ms
[2026-05-23T04:59:16.104+0000][705.549s][gc,phases   ] GC(237)   Merge Heap Roots: 1.50ms
[2026-05-23T04:59:16.104+0000][705.549s][gc,phases   ] GC(237)   Evacuate Collection Set: 178.01ms
[2026-05-23T04:59:16.104+0000][705.549s][gc,phases   ] GC(237)   Post Evacuate Collection Set: 0.72ms
[2026-05-23T04:59:16.104+0000][705.549s][gc,phases   ] GC(237)   Other: 0.11ms
[2026-05-23T04:59:16.104+0000][705.549s][gc,heap     ] GC(237) Eden regions: 49->0(52)
[2026-05-23T04:59:16.104+0000][705.549s][gc,heap     ] GC(237) Survivor regions: 7->4(7)
[2026-05-23T04:59:16.104+0000][705.549s][gc,heap     ] GC(237) Old regions: 738->744
[2026-05-23T04:59:16.104+0000][705.549s][gc,heap     ] GC(237) Archive regions: 2->2
[2026-05-23T04:59:16.104+0000][705.549s][gc,heap     ] GC(237) Humongous regions: 0->0
[2026-05-23T04:59:16.104+0000][705.549s][gc,metaspace] GC(237) Metaspace: 48781K(49472K)->48781K(49472K) NonClass: 43040K(43392K)->43040K(43392K) Class: 5740K(6080K)->5740K(6080K)
[2026-05-23T04:59:16.104+0000][705.549s][gc          ] GC(237) Pause Young (Normal) (G1 Evacuation Pause) 12711M->11975M(17984M) 180.574ms
[2026-05-23T04:59:16.104+0000][705.549s][gc,cpu      ] GC(237) User=0.69s Sys=0.02s Real=0.18s
[2026-05-23T04:59:19.096+0000][708.542s][gc,start    ] GC(238) Pause Young (Normal) (G1 Evacuation Pause)
[2026-05-23T04:59:19.096+0000][708.542s][gc,task     ] GC(238) Using 4 workers of 4 for evacuation
[2026-05-23T04:59:19.358+0000][708.804s][gc,mmu      ] GC(238) MMU target violated: 201.0ms (200.0ms/201.0ms)
[2026-05-23T04:59:19.358+0000][708.804s][gc,phases   ] GC(238)   Pre Evacuate Collection Set: 0.11ms
[2026-05-23T04:59:19.358+0000][708.804s][gc,phases   ] GC(238)   Merge Heap Roots: 0.39ms
[2026-05-23T04:59:19.358+0000][708.804s][gc,phases   ] GC(238)   Evacuate Collection Set: 260.66ms
[2026-05-23T04:59:19.358+0000][708.804s][gc,phases   ] GC(238)   Post Evacuate Collection Set: 0.61ms
[2026-05-23T04:59:19.358+0000][708.804s][gc,phases   ] GC(238)   Other: 0.18ms
[2026-05-23T04:59:19.358+0000][708.804s][gc,heap     ] GC(238) Eden regions: 52->0(49)
[2026-05-23T04:59:19.358+0000][708.804s][gc,heap     ] GC(238) Survivor regions: 4->7(7)
[2026-05-23T04:59:19.358+0000][708.804s][gc,heap     ] GC(238) Old regions: 744->747
[2026-05-23T04:59:19.358+0000][708.804s][gc,heap     ] GC(238) Archive regions: 2->2
[2026-05-23T04:59:19.358+0000][708.804s][gc,heap     ] GC(238) Humongous regions: 0->0
[2026-05-23T04:59:19.358+0000][708.804s][gc,metaspace] GC(238) Metaspace: 48955K(49600K)->48955K(49600K) NonClass: 43191K(43520K)->43191K(43520K) Class: 5764K(6080K)->5764K(6080K)
[2026-05-23T04:59:19.358+0000][708.804s][gc          ] GC(238) Pause Young (Normal) (G1 Evacuation Pause) 12807M->12079M(17984M) 262.019ms
[2026-05-23T04:59:19.358+0000][708.804s][gc,cpu      ] GC(238) User=1.02s Sys=0.01s Real=0.26s
[2026-05-23T04:59:22.146+0000][711.591s][gc,start    ] GC(239) Pause Young (Normal) (G1 Evacuation Pause)
[2026-05-23T04:59:22.146+0000][711.591s][gc,task     ] GC(239) Using 4 workers of 4 for evacuation
[2026-05-23T04:59:22.334+0000][711.780s][gc,phases   ] GC(239)   Pre Evacuate Collection Set: 0.10ms
[2026-05-23T04:59:22.334+0000][711.780s][gc,phases   ] GC(239)   Merge Heap Roots: 0.32ms
[2026-05-23T04:59:22.334+0000][711.780s][gc,phases   ] GC(239)   Evacuate Collection Set: 187.25ms
[2026-05-23T04:59:22.334+0000][711.780s][gc,phases   ] GC(239)   Post Evacuate Collection Set: 0.45ms
[2026-05-23T04:59:22.334+0000][711.780s][gc,phases   ] GC(239)   Other: 0.48ms
[2026-05-23T04:59:22.334+0000][711.780s][gc,heap     ] GC(239) Eden regions: 49->0(49)
[2026-05-23T04:59:22.334+0000][711.780s][gc,heap     ] GC(239) Survivor regions: 7->7(7)
[2026-05-23T04:59:22.334+0000][711.780s][gc,heap     ] GC(239) Old regions: 747->750
[2026-05-23T04:59:22.334+0000][711.780s][gc,heap     ] GC(239) Archive regions: 2->2
[2026-05-23T04:59:22.334+0000][711.780s][gc,heap     ] GC(239) Humongous regions: 0->0
[2026-05-23T04:59:22.334+0000][711.780s][gc,metaspace] GC(239) Metaspace: 48973K(49728K)->48973K(49728K) NonClass: 43207K(43584K)->43207K(43584K) Class: 5765K(6144K)->5765K(6144K)
[2026-05-23T04:59:22.334+0000][711.780s][gc          ] GC(239) Pause Young (Normal) (G1 Evacuation Pause) 12863M->12122M(17984M) 188.695ms
[2026-05-23T04:59:22.334+0000][711.780s][gc,cpu      ] GC(239) User=0.74s Sys=0.01s Real=0.19s
[2026-05-23T04:59:25.651+0000][715.097s][gc,start    ] GC(240) Pause Young (Normal) (G1 Evacuation Pause)
[2026-05-23T04:59:25.651+0000][715.097s][gc,task     ] GC(240) Using 4 workers of 4 for evacuation
[2026-05-23T04:59:25.870+0000][715.316s][gc,mmu      ] GC(240) MMU target violated: 201.0ms (200.0ms/201.0ms)
[2026-05-23T04:59:25.870+0000][715.316s][gc,phases   ] GC(240)   Pre Evacuate Collection Set: 0.12ms
[2026-05-23T04:59:25.870+0000][715.316s][gc,phases   ] GC(240)   Merge Heap Roots: 0.34ms
[2026-05-23T04:59:25.870+0000][715.316s][gc,phases   ] GC(240)   Evacuate Collection Set: 217.97ms
[2026-05-23T04:59:25.870+0000][715.316s][gc,phases   ] GC(240)   Post Evacuate Collection Set: 0.46ms
[2026-05-23T04:59:25.870+0000][715.316s][gc,phases   ] GC(240)   Other: 0.15ms
[2026-05-23T04:59:25.870+0000][715.316s][gc,heap     ] GC(240) Eden regions: 49->0(49)
[2026-05-23T04:59:25.870+0000][715.316s][gc,heap     ] GC(240) Survivor regions: 7->7(7)
[2026-05-23T04:59:25.870+0000][715.316s][gc,heap     ] GC(240) Old regions: 750->755
[2026-05-23T04:59:25.870+0000][715.316s][gc,heap     ] GC(240) Archive regions: 2->2
[2026-05-23T04:59:25.870+0000][715.316s][gc,heap     ] GC(240) Humongous regions: 0->0
[2026-05-23T04:59:25.870+0000][715.316s][gc,metaspace] GC(240) Metaspace: 48986K(49728K)->48986K(49728K) NonClass: 43218K(43584K)->43218K(43584K) Class: 5767K(6144K)->5767K(6144K)
[2026-05-23T04:59:25.870+0000][715.316s][gc          ] GC(240) Pause Young (Normal) (G1 Evacuation Pause) 12906M->12193M(17984M) 219.101ms
[2026-05-23T04:59:25.870+0000][715.316s][gc,cpu      ] GC(240) User=0.86s Sys=0.01s Real=0.22s
[2026-05-23T04:59:28.561+0000][718.007s][gc,start    ] GC(241) Pause Young (Normal) (G1 Evacuation Pause)
[2026-05-23T04:59:28.561+0000][718.007s][gc,task     ] GC(241) Using 4 workers of 4 for evacuation
[2026-05-23T04:59:28.732+0000][718.178s][gc,phases   ] GC(241)   Pre Evacuate Collection Set: 0.11ms
[2026-05-23T04:59:28.732+0000][718.178s][gc,phases   ] GC(241)   Merge Heap Roots: 0.42ms
[2026-05-23T04:59:28.732+0000][718.178s][gc,phases   ] GC(241)   Evacuate Collection Set: 170.07ms
[2026-05-23T04:59:28.732+0000][718.178s][gc,phases   ] GC(241)   Post Evacuate Collection Set: 0.43ms
[2026-05-23T04:59:28.732+0000][718.178s][gc,phases   ] GC(241)   Other: 0.11ms
[2026-05-23T04:59:28.732+0000][718.178s][gc,heap     ] GC(241) Eden regions: 49->0(49)
[2026-05-23T04:59:28.732+0000][718.178s][gc,heap     ] GC(241) Survivor regions: 7->7(7)
[2026-05-23T04:59:28.732+0000][718.178s][gc,heap     ] GC(241) Old regions: 755->757
[2026-05-23T04:59:28.732+0000][718.178s][gc,heap     ] GC(241) Archive regions: 2->2
[2026-05-23T04:59:28.732+0000][718.178s][gc,heap     ] GC(241) Humongous regions: 0->0
[2026-05-23T04:59:28.732+0000][718.178s][gc,metaspace] GC(241) Metaspace: 48993K(49728K)->48993K(49728K) NonClass: 43225K(43584K)->43225K(43584K) Class: 5767K(6144K)->5767K(6144K)
[2026-05-23T04:59:28.732+0000][718.178s][gc          ] GC(241) Pause Young (Normal) (G1 Evacuation Pause) 12977M->12236M(17984M) 171.240ms
[2026-05-23T04:59:28.732+0000][718.178s][gc,cpu      ] GC(241) User=0.67s Sys=0.01s Real=0.17s
[2026-05-23T04:59:30.601+0000][720.047s][gc,start    ] GC(242) Pause Young (Normal) (G1 Evacuation Pause)
[2026-05-23T04:59:30.601+0000][720.047s][gc,task     ] GC(242) Using 4 workers of 4 for evacuation
[2026-05-23T04:59:30.949+0000][720.395s][gc,mmu      ] GC(242) MMU target violated: 201.0ms (200.0ms/201.0ms)
[2026-05-23T04:59:30.949+0000][720.395s][gc,phases   ] GC(242)   Pre Evacuate Collection Set: 0.11ms
[2026-05-23T04:59:30.949+0000][720.395s][gc,phases   ] GC(242)   Merge Heap Roots: 0.16ms
[2026-05-23T04:59:30.949+0000][720.395s][gc,phases   ] GC(242)   Evacuate Collection Set: 346.89ms
[2026-05-23T04:59:30.949+0000][720.395s][gc,phases   ] GC(242)   Post Evacuate Collection Set: 0.85ms
[2026-05-23T04:59:30.949+0000][720.395s][gc,phases   ] GC(242)   Other: 0.17ms
[2026-05-23T04:59:30.949+0000][720.395s][gc,heap     ] GC(242) Eden regions: 49->0(49)
[2026-05-23T04:59:30.949+0000][720.395s][gc,heap     ] GC(242) Survivor regions: 7->7(7)
[2026-05-23T04:59:30.949+0000][720.395s][gc,heap     ] GC(242) Old regions: 757->772
[2026-05-23T04:59:30.949+0000][720.395s][gc,heap     ] GC(242) Archive regions: 2->2
[2026-05-23T04:59:30.949+0000][720.395s][gc,heap     ] GC(242) Humongous regions: 0->0
[2026-05-23T04:59:30.949+0000][720.395s][gc,metaspace] GC(242) Metaspace: 48997K(49728K)->48997K(49728K) NonClass: 43229K(43584K)->43229K(43584K) Class: 5768K(6144K)->5768K(6144K)
[2026-05-23T04:59:30.949+0000][720.395s][gc          ] GC(242) Pause Young (Normal) (G1 Evacuation Pause) 13020M->12468M(17984M) 348.229ms
[2026-05-23T04:59:30.949+0000][720.395s][gc,cpu      ] GC(242) User=1.38s Sys=0.00s Real=0.35s
[2026-05-23T04:59:36.189+0000][725.635s][gc,start    ] GC(243) Pause Young (Normal) (G1 Evacuation Pause)
[2026-05-23T04:59:36.189+0000][725.635s][gc,task     ] GC(243) Using 4 workers of 4 for evacuation
[2026-05-23T04:59:36.445+0000][725.891s][gc,mmu      ] GC(243) MMU target violated: 201.0ms (200.0ms/201.0ms)
[2026-05-23T04:59:36.445+0000][725.891s][gc,phases   ] GC(243)   Pre Evacuate Collection Set: 0.11ms
[2026-05-23T04:59:36.445+0000][725.891s][gc,phases   ] GC(243)   Merge Heap Roots: 3.36ms
[2026-05-23T04:59:36.445+0000][725.891s][gc,phases   ] GC(243)   Evacuate Collection Set: 251.94ms
[2026-05-23T04:59:36.446+0000][725.891s][gc,phases   ] GC(243)   Post Evacuate Collection Set: 1.11ms
[2026-05-23T04:59:36.446+0000][725.891s][gc,phases   ] GC(243)   Other: 0.18ms
[2026-05-23T04:59:36.446+0000][725.891s][gc,heap     ] GC(243) Eden regions: 49->0(49)
[2026-05-23T04:59:36.446+0000][725.891s][gc,heap     ] GC(243) Survivor regions: 7->7(7)
[2026-05-23T04:59:36.446+0000][725.891s][gc,heap     ] GC(243) Old regions: 772->779
[2026-05-23T04:59:36.446+0000][725.891s][gc,heap     ] GC(243) Archive regions: 2->2
[2026-05-23T04:59:36.446+0000][725.891s][gc,heap     ] GC(243) Humongous regions: 0->0
[2026-05-23T04:59:36.446+0000][725.891s][gc,metaspace] GC(243) Metaspace: 49001K(49728K)->49001K(49728K) NonClass: 43232K(43584K)->43232K(43584K) Class: 5768K(6144K)->5768K(6144K)
[2026-05-23T04:59:36.446+0000][725.891s][gc          ] GC(243) Pause Young (Normal) (G1 Evacuation Pause) 13252M->12579M(17984M) 256.774ms
[2026-05-23T04:59:36.446+0000][725.891s][gc,cpu      ] GC(243) User=1.01s Sys=0.01s Real=0.25s
[2026-05-23T04:59:39.280+0000][728.726s][gc,start    ] GC(244) Pause Young (Normal) (G1 Evacuation Pause)
[2026-05-23T04:59:39.280+0000][728.726s][gc,task     ] GC(244) Using 4 workers of 4 for evacuation
[2026-05-23T04:59:39.471+0000][728.917s][gc,phases   ] GC(244)   Pre Evacuate Collection Set: 0.13ms
[2026-05-23T04:59:39.471+0000][728.917s][gc,phases   ] GC(244)   Merge Heap Roots: 2.81ms
[2026-05-23T04:59:39.471+0000][728.917s][gc,phases   ] GC(244)   Evacuate Collection Set: 187.08ms
[2026-05-23T04:59:39.471+0000][728.917s][gc,phases   ] GC(244)   Post Evacuate Collection Set: 0.44ms
[2026-05-23T04:59:39.471+0000][728.917s][gc,phases   ] GC(244)   Other: 0.49ms
[2026-05-23T04:59:39.471+0000][728.917s][gc,heap     ] GC(244) Eden regions: 49->0(49)
[2026-05-23T04:59:39.471+0000][728.917s][gc,heap     ] GC(244) Survivor regions: 7->7(7)
[2026-05-23T04:59:39.471+0000][728.917s][gc,heap     ] GC(244) Old regions: 779->782
[2026-05-23T04:59:39.471+0000][728.917s][gc,heap     ] GC(244) Archive regions: 2->2
[2026-05-23T04:59:39.471+0000][728.917s][gc,heap     ] GC(244) Humongous regions: 0->0
[2026-05-23T04:59:39.471+0000][728.917s][gc,metaspace] GC(244) Metaspace: 49006K(49728K)->49006K(49728K) NonClass: 43238K(43584K)->43238K(43584K) Class: 5768K(6144K)->5768K(6144K)
[2026-05-23T04:59:39.471+0000][728.917s][gc          ] GC(244) Pause Young (Normal) (G1 Evacuation Pause) 13363M->12618M(17984M) 191.028ms
[2026-05-23T04:59:39.471+0000][728.917s][gc,cpu      ] GC(244) User=0.74s Sys=0.01s Real=0.19s
[2026-05-23T04:59:42.065+0000][731.511s][gc,start    ] GC(245) Pause Young (Normal) (G1 Evacuation Pause)
[2026-05-23T04:59:42.065+0000][731.511s][gc,task     ] GC(245) Using 4 workers of 4 for evacuation
[2026-05-23T04:59:42.215+0000][731.660s][gc,phases   ] GC(245)   Pre Evacuate Collection Set: 0.14ms
[2026-05-23T04:59:42.215+0000][731.660s][gc,phases   ] GC(245)   Merge Heap Roots: 0.20ms
[2026-05-23T04:59:42.215+0000][731.660s][gc,phases   ] GC(245)   Evacuate Collection Set: 148.09ms
[2026-05-23T04:59:42.215+0000][731.660s][gc,phases   ] GC(245)   Post Evacuate Collection Set: 0.50ms
[2026-05-23T04:59:42.215+0000][731.660s][gc,phases   ] GC(245)   Other: 0.47ms
[2026-05-23T04:59:42.215+0000][731.661s][gc,heap     ] GC(245) Eden regions: 49->0(49)
[2026-05-23T04:59:42.215+0000][731.661s][gc,heap     ] GC(245) Survivor regions: 7->7(7)
[2026-05-23T04:59:42.215+0000][731.661s][gc,heap     ] GC(245) Old regions: 782->786
[2026-05-23T04:59:42.215+0000][731.661s][gc,heap     ] GC(245) Archive regions: 2->2
[2026-05-23T04:59:42.215+0000][731.661s][gc,heap     ] GC(245) Humongous regions: 0->0
[2026-05-23T04:59:42.215+0000][731.661s][gc,metaspace] GC(245) Metaspace: 49008K(49728K)->49008K(49728K) NonClass: 43239K(43584K)->43239K(43584K) Class: 5768K(6144K)->5768K(6144K)
[2026-05-23T04:59:42.215+0000][731.661s][gc          ] GC(245) Pause Young (Normal) (G1 Evacuation Pause) 13402M->12690M(17984M) 149.480ms
[2026-05-23T04:59:42.215+0000][731.661s][gc,cpu      ] GC(245) User=0.58s Sys=0.02s Real=0.15s
[2026-05-23T04:59:45.712+0000][735.158s][gc,start    ] GC(246) Pause Young (Normal) (G1 Evacuation Pause)
[2026-05-23T04:59:45.712+0000][735.158s][gc,task     ] GC(246) Using 4 workers of 4 for evacuation
[2026-05-23T04:59:45.797+0000][735.243s][gc,phases   ] GC(246)   Pre Evacuate Collection Set: 0.14ms
[2026-05-23T04:59:45.797+0000][735.243s][gc,phases   ] GC(246)   Merge Heap Roots: 0.37ms
[2026-05-23T04:59:45.797+0000][735.243s][gc,phases   ] GC(246)   Evacuate Collection Set: 83.67ms
[2026-05-23T04:59:45.797+0000][735.243s][gc,phases   ] GC(246)   Post Evacuate Collection Set: 0.55ms
[2026-05-23T04:59:45.797+0000][735.243s][gc,phases   ] GC(246)   Other: 0.11ms
[2026-05-23T04:59:45.797+0000][735.243s][gc,heap     ] GC(246) Eden regions: 49->0(53)
[2026-05-23T04:59:45.797+0000][735.243s][gc,heap     ] GC(246) Survivor regions: 7->3(7)
[2026-05-23T04:59:45.797+0000][735.243s][gc,heap     ] GC(246) Old regions: 786->787
[2026-05-23T04:59:45.797+0000][735.243s][gc,heap     ] GC(246) Archive regions: 2->2
[2026-05-23T04:59:45.797+0000][735.243s][gc,heap     ] GC(246) Humongous regions: 0->0
[2026-05-23T04:59:45.797+0000][735.243s][gc,metaspace] GC(246) Metaspace: 49008K(49728K)->49008K(49728K) NonClass: 43239K(43584K)->43239K(43584K) Class: 5768K(6144K)->5768K(6144K)
[2026-05-23T04:59:45.797+0000][735.243s][gc          ] GC(246) Pause Young (Normal) (G1 Evacuation Pause) 13474M->12645M(17984M) 84.919ms
[2026-05-23T04:59:45.797+0000][735.243s][gc,cpu      ] GC(246) User=0.32s Sys=0.00s Real=0.08s
[2026-05-23T04:59:48.629+0000][738.074s][gc,start    ] GC(247) Pause Young (Normal) (G1 Evacuation Pause)
[2026-05-23T04:59:48.629+0000][738.074s][gc,task     ] GC(247) Using 4 workers of 4 for evacuation
[2026-05-23T04:59:48.813+0000][738.259s][gc,phases   ] GC(247)   Pre Evacuate Collection Set: 0.12ms
[2026-05-23T04:59:48.813+0000][738.259s][gc,phases   ] GC(247)   Merge Heap Roots: 0.41ms
[2026-05-23T04:59:48.813+0000][738.259s][gc,phases   ] GC(247)   Evacuate Collection Set: 183.66ms
[2026-05-23T04:59:48.813+0000][738.259s][gc,phases   ] GC(247)   Post Evacuate Collection Set: 0.51ms
[2026-05-23T04:59:48.813+0000][738.259s][gc,phases   ] GC(247)   Other: 0.15ms
[2026-05-23T04:59:48.813+0000][738.259s][gc,heap     ] GC(247) Eden regions: 53->0(49)
[2026-05-23T04:59:48.813+0000][738.259s][gc,heap     ] GC(247) Survivor regions: 3->7(7)
[2026-05-23T04:59:48.813+0000][738.259s][gc,heap     ] GC(247) Old regions: 787->788
[2026-05-23T04:59:48.813+0000][738.259s][gc,heap     ] GC(247) Archive regions: 2->2
[2026-05-23T04:59:48.813+0000][738.259s][gc,heap     ] GC(247) Humongous regions: 0->0
[2026-05-23T04:59:48.813+0000][738.259s][gc,metaspace] GC(247) Metaspace: 49014K(49728K)->49014K(49728K) NonClass: 43245K(43584K)->43245K(43584K) Class: 5768K(6144K)->5768K(6144K)
[2026-05-23T04:59:48.813+0000][738.259s][gc          ] GC(247) Pause Young (Normal) (G1 Evacuation Pause) 13493M->12721M(17984M) 184.952ms
[2026-05-23T04:59:48.813+0000][738.259s][gc,cpu      ] GC(247) User=0.71s Sys=0.01s Real=0.19s
[2026-05-23T04:59:51.454+0000][740.900s][gc,start    ] GC(248) Pause Young (Normal) (G1 Evacuation Pause)
[2026-05-23T04:59:51.454+0000][740.900s][gc,task     ] GC(248) Using 4 workers of 4 for evacuation
[2026-05-23T04:59:51.667+0000][741.113s][gc,mmu      ] GC(248) MMU target violated: 201.0ms (200.0ms/201.0ms)
[2026-05-23T04:59:51.667+0000][741.113s][gc,phases   ] GC(248)   Pre Evacuate Collection Set: 0.14ms
[2026-05-23T04:59:51.667+0000][741.113s][gc,phases   ] GC(248)   Merge Heap Roots: 0.38ms
[2026-05-23T04:59:51.667+0000][741.113s][gc,phases   ] GC(248)   Evacuate Collection Set: 211.64ms
[2026-05-23T04:59:51.667+0000][741.113s][gc,phases   ] GC(248)   Post Evacuate Collection Set: 0.69ms
[2026-05-23T04:59:51.667+0000][741.113s][gc,phases   ] GC(248)   Other: 0.16ms
[2026-05-23T04:59:51.667+0000][741.113s][gc,heap     ] GC(248) Eden regions: 49->0(49)
[2026-05-23T04:59:51.667+0000][741.113s][gc,heap     ] GC(248) Survivor regions: 7->7(7)
[2026-05-23T04:59:51.667+0000][741.113s][gc,heap     ] GC(248) Old regions: 788->794
[2026-05-23T04:59:51.667+0000][741.113s][gc,heap     ] GC(248) Archive regions: 2->2
[2026-05-23T04:59:51.667+0000][741.113s][gc,heap     ] GC(248) Humongous regions: 0->0
[2026-05-23T04:59:51.667+0000][741.113s][gc,metaspace] GC(248) Metaspace: 49014K(49728K)->49014K(49728K) NonClass: 43245K(43584K)->43245K(43584K) Class: 5768K(6144K)->5768K(6144K)
[2026-05-23T04:59:51.667+0000][741.113s][gc          ] GC(248) Pause Young (Normal) (G1 Evacuation Pause) 13505M->12821M(17984M) 213.060ms
[2026-05-23T04:59:51.667+0000][741.113s][gc,cpu      ] GC(248) User=0.80s Sys=0.03s Real=0.21s
[2026-05-23T04:59:54.698+0000][744.143s][gc,start    ] GC(249) Pause Young (Normal) (G1 Evacuation Pause)
[2026-05-23T04:59:54.698+0000][744.143s][gc,task     ] GC(249) Using 4 workers of 4 for evacuation
[2026-05-23T04:59:54.895+0000][744.341s][gc,phases   ] GC(249)   Pre Evacuate Collection Set: 0.12ms
[2026-05-23T04:59:54.895+0000][744.341s][gc,phases   ] GC(249)   Merge Heap Roots: 2.10ms
[2026-05-23T04:59:54.895+0000][744.341s][gc,phases   ] GC(249)   Evacuate Collection Set: 194.43ms
[2026-05-23T04:59:54.895+0000][744.341s][gc,phases   ] GC(249)   Post Evacuate Collection Set: 0.59ms
[2026-05-23T04:59:54.895+0000][744.341s][gc,phases   ] GC(249)   Other: 0.49ms
[2026-05-23T04:59:54.895+0000][744.341s][gc,heap     ] GC(249) Eden regions: 49->0(49)
[2026-05-23T04:59:54.895+0000][744.341s][gc,heap     ] GC(249) Survivor regions: 7->7(7)
[2026-05-23T04:59:54.895+0000][744.341s][gc,heap     ] GC(249) Old regions: 794->799
[2026-05-23T04:59:54.895+0000][744.341s][gc,heap     ] GC(249) Archive regions: 2->2
[2026-05-23T04:59:54.895+0000][744.341s][gc,heap     ] GC(249) Humongous regions: 0->0
[2026-05-23T04:59:54.895+0000][744.341s][gc,metaspace] GC(249) Metaspace: 49016K(49728K)->49016K(49728K) NonClass: 43247K(43584K)->43247K(43584K) Class: 5768K(6144K)->5768K(6144K)
[2026-05-23T04:59:54.896+0000][744.341s][gc          ] GC(249) Pause Young (Normal) (G1 Evacuation Pause) 13605M->12911M(17984M) 197.839ms
[2026-05-23T04:59:54.896+0000][744.341s][gc,cpu      ] GC(249) User=0.77s Sys=0.02s Real=0.20s
[2026-05-23T04:59:57.330+0000][746.776s][gc,start    ] GC(250) Pause Young (Normal) (G1 Evacuation Pause)
[2026-05-23T04:59:57.330+0000][746.776s][gc,task     ] GC(250) Using 4 workers of 4 for evacuation
[2026-05-23T04:59:57.646+0000][747.092s][gc,mmu      ] GC(250) MMU target violated: 201.0ms (200.0ms/201.0ms)
[2026-05-23T04:59:57.646+0000][747.092s][gc,phases   ] GC(250)   Pre Evacuate Collection Set: 0.11ms
[2026-05-23T04:59:57.646+0000][747.092s][gc,phases   ] GC(250)   Merge Heap Roots: 1.60ms
[2026-05-23T04:59:57.646+0000][747.092s][gc,phases   ] GC(250)   Evacuate Collection Set: 313.24ms
[2026-05-23T04:59:57.646+0000][747.092s][gc,phases   ] GC(250)   Post Evacuate Collection Set: 0.82ms
[2026-05-23T04:59:57.646+0000][747.092s][gc,phases   ] GC(250)   Other: 0.55ms
[2026-05-23T04:59:57.646+0000][747.092s][gc,heap     ] GC(250) Eden regions: 49->0(49)
[2026-05-23T04:59:57.646+0000][747.092s][gc,heap     ] GC(250) Survivor regions: 7->7(7)
[2026-05-23T04:59:57.646+0000][747.092s][gc,heap     ] GC(250) Old regions: 799->812
[2026-05-23T04:59:57.646+0000][747.092s][gc,heap     ] GC(250) Archive regions: 2->2
[2026-05-23T04:59:57.646+0000][747.092s][gc,heap     ] GC(250) Humongous regions: 0->0
[2026-05-23T04:59:57.646+0000][747.092s][gc,metaspace] GC(250) Metaspace: 49017K(49728K)->49017K(49728K) NonClass: 43248K(43584K)->43248K(43584K) Class: 5768K(6144K)->5768K(6144K)
[2026-05-23T04:59:57.646+0000][747.092s][gc          ] GC(250) Pause Young (Normal) (G1 Evacuation Pause) 13695M->13112M(17984M) 316.383ms
[2026-05-23T04:59:57.646+0000][747.092s][gc,cpu      ] GC(250) User=1.20s Sys=0.05s Real=0.31s
[2026-05-23T04:59:59.247+0000][748.693s][gc,start    ] GC(251) Pause Young (Normal) (G1 Evacuation Pause)
[2026-05-23T04:59:59.247+0000][748.693s][gc,task     ] GC(251) Using 4 workers of 4 for evacuation
[2026-05-23T04:59:59.595+0000][749.041s][gc,mmu      ] GC(251) MMU target violated: 201.0ms (200.0ms/201.0ms)
[2026-05-23T04:59:59.595+0000][749.041s][gc,phases   ] GC(251)   Pre Evacuate Collection Set: 0.11ms
[2026-05-23T04:59:59.595+0000][749.041s][gc,phases   ] GC(251)   Merge Heap Roots: 3.07ms
[2026-05-23T04:59:59.595+0000][749.041s][gc,phases   ] GC(251)   Evacuate Collection Set: 343.51ms
[2026-05-23T04:59:59.595+0000][749.041s][gc,phases   ] GC(251)   Post Evacuate Collection Set: 1.06ms
[2026-05-23T04:59:59.595+0000][749.041s][gc,phases   ] GC(251)   Other: 0.17ms
[2026-05-23T04:59:59.595+0000][749.041s][gc,heap     ] GC(251) Eden regions: 49->0(49)
[2026-05-23T04:59:59.595+0000][749.041s][gc,heap     ] GC(251) Survivor regions: 7->7(7)
[2026-05-23T04:59:59.595+0000][749.041s][gc,heap     ] GC(251) Old regions: 812->825
[2026-05-23T04:59:59.595+0000][749.041s][gc,heap     ] GC(251) Archive regions: 2->2
[2026-05-23T04:59:59.595+0000][749.041s][gc,heap     ] GC(251) Humongous regions: 0->0
[2026-05-23T04:59:59.595+0000][749.041s][gc,metaspace] GC(251) Metaspace: 49017K(49728K)->49017K(49728K) NonClass: 43248K(43584K)->43248K(43584K) Class: 5768K(6144K)->5768K(6144K)
[2026-05-23T04:59:59.595+0000][749.041s][gc          ] GC(251) Pause Young (Normal) (G1 Evacuation Pause) 13896M->13319M(17984M) 347.975ms
[2026-05-23T04:59:59.595+0000][749.041s][gc,cpu      ] GC(251) User=1.34s Sys=0.04s Real=0.35s
[2026-05-23T05:00:05.061+0000][754.507s][gc,start    ] GC(252) Pause Young (Normal) (G1 Evacuation Pause)
[2026-05-23T05:00:05.062+0000][754.507s][gc,task     ] GC(252) Using 4 workers of 4 for evacuation
[2026-05-23T05:00:05.267+0000][754.713s][gc,mmu      ] GC(252) MMU target violated: 201.0ms (200.0ms/201.0ms)
[2026-05-23T05:00:05.267+0000][754.713s][gc,phases   ] GC(252)   Pre Evacuate Collection Set: 0.12ms
[2026-05-23T05:00:05.267+0000][754.713s][gc,phases   ] GC(252)   Merge Heap Roots: 4.28ms
[2026-05-23T05:00:05.267+0000][754.713s][gc,phases   ] GC(252)   Evacuate Collection Set: 199.68ms
[2026-05-23T05:00:05.267+0000][754.713s][gc,phases   ] GC(252)   Post Evacuate Collection Set: 1.20ms
[2026-05-23T05:00:05.267+0000][754.713s][gc,phases   ] GC(252)   Other: 0.56ms
[2026-05-23T05:00:05.267+0000][754.713s][gc,heap     ] GC(252) Eden regions: 49->0(49)
[2026-05-23T05:00:05.267+0000][754.713s][gc,heap     ] GC(252) Survivor regions: 7->7(7)
[2026-05-23T05:00:05.267+0000][754.713s][gc,heap     ] GC(252) Old regions: 825->827
[2026-05-23T05:00:05.267+0000][754.713s][gc,heap     ] GC(252) Archive regions: 2->2
[2026-05-23T05:00:05.267+0000][754.713s][gc,heap     ] GC(252) Humongous regions: 0->0
[2026-05-23T05:00:05.267+0000][754.713s][gc,metaspace] GC(252) Metaspace: 49017K(49728K)->49017K(49728K) NonClass: 43248K(43584K)->43248K(43584K) Class: 5768K(6144K)->5768K(6144K)
[2026-05-23T05:00:05.267+0000][754.713s][gc          ] GC(252) Pause Young (Normal) (G1 Evacuation Pause) 14103M->13343M(17984M) 205.905ms
[2026-05-23T05:00:05.267+0000][754.713s][gc,cpu      ] GC(252) User=0.81s Sys=0.01s Real=0.20s
[2026-05-23T05:00:08.089+0000][757.534s][gc,start    ] GC(253) Pause Young (Normal) (G1 Evacuation Pause)
[2026-05-23T05:00:08.089+0000][757.534s][gc,task     ] GC(253) Using 4 workers of 4 for evacuation
[2026-05-23T05:00:08.322+0000][757.768s][gc,mmu      ] GC(253) MMU target violated: 201.0ms (200.0ms/201.0ms)
[2026-05-23T05:00:08.323+0000][757.768s][gc,phases   ] GC(253)   Pre Evacuate Collection Set: 0.11ms
[2026-05-23T05:00:08.323+0000][757.768s][gc,phases   ] GC(253)   Merge Heap Roots: 2.59ms
[2026-05-23T05:00:08.323+0000][757.768s][gc,phases   ] GC(253)   Evacuate Collection Set: 230.64ms
[2026-05-23T05:00:08.323+0000][757.768s][gc,phases   ] GC(253)   Post Evacuate Collection Set: 0.45ms
[2026-05-23T05:00:08.323+0000][757.768s][gc,phases   ] GC(253)   Other: 0.17ms
[2026-05-23T05:00:08.323+0000][757.768s][gc,heap     ] GC(253) Eden regions: 49->0(49)
[2026-05-23T05:00:08.323+0000][757.768s][gc,heap     ] GC(253) Survivor regions: 7->7(7)
[2026-05-23T05:00:08.323+0000][757.768s][gc,heap     ] GC(253) Old regions: 827->830
[2026-05-23T05:00:08.323+0000][757.768s][gc,heap     ] GC(253) Archive regions: 2->2
[2026-05-23T05:00:08.323+0000][757.768s][gc,heap     ] GC(253) Humongous regions: 0->0
[2026-05-23T05:00:08.323+0000][757.768s][gc,metaspace] GC(253) Metaspace: 49017K(49728K)->49017K(49728K) NonClass: 43248K(43584K)->43248K(43584K) Class: 5768K(6144K)->5768K(6144K)
[2026-05-23T05:00:08.323+0000][757.768s][gc          ] GC(253) Pause Young (Normal) (G1 Evacuation Pause) 14127M->13400M(17984M) 234.017ms
[2026-05-23T05:00:08.323+0000][757.768s][gc,cpu      ] GC(253) User=0.91s Sys=0.01s Real=0.23s
[2026-05-23T05:00:11.377+0000][760.822s][gc,start    ] GC(254) Pause Young (Normal) (G1 Evacuation Pause)
[2026-05-23T05:00:11.377+0000][760.822s][gc,task     ] GC(254) Using 4 workers of 4 for evacuation
[2026-05-23T05:00:11.493+0000][760.939s][gc,phases   ] GC(254)   Pre Evacuate Collection Set: 0.11ms
[2026-05-23T05:00:11.493+0000][760.939s][gc,phases   ] GC(254)   Merge Heap Roots: 0.31ms
[2026-05-23T05:00:11.493+0000][760.939s][gc,phases   ] GC(254)   Evacuate Collection Set: 115.81ms
[2026-05-23T05:00:11.493+0000][760.939s][gc,phases   ] GC(254)   Post Evacuate Collection Set: 0.43ms
[2026-05-23T05:00:11.493+0000][760.939s][gc,phases   ] GC(254)   Other: 0.13ms
[2026-05-23T05:00:11.493+0000][760.939s][gc,heap     ] GC(254) Eden regions: 49->0(53)
[2026-05-23T05:00:11.493+0000][760.939s][gc,heap     ] GC(254) Survivor regions: 7->3(7)
[2026-05-23T05:00:11.493+0000][760.939s][gc,heap     ] GC(254) Old regions: 830->831
[2026-05-23T05:00:11.493+0000][760.939s][gc,heap     ] GC(254) Archive regions: 2->2
[2026-05-23T05:00:11.493+0000][760.939s][gc,heap     ] GC(254) Humongous regions: 0->0
[2026-05-23T05:00:11.493+0000][760.939s][gc,metaspace] GC(254) Metaspace: 49017K(49728K)->49017K(49728K) NonClass: 43248K(43584K)->43248K(43584K) Class: 5768K(6144K)->5768K(6144K)
[2026-05-23T05:00:11.493+0000][760.939s][gc          ] GC(254) Pause Young (Normal) (G1 Evacuation Pause) 14184M->13354M(17984M) 116.879ms
[2026-05-23T05:00:11.493+0000][760.939s][gc,cpu      ] GC(254) User=0.45s Sys=0.00s Real=0.12s
[2026-05-23T05:00:14.500+0000][763.945s][gc,start    ] GC(255) Pause Young (Normal) (G1 Evacuation Pause)
[2026-05-23T05:00:14.500+0000][763.945s][gc,task     ] GC(255) Using 4 workers of 4 for evacuation
[2026-05-23T05:00:14.571+0000][764.016s][gc,phases   ] GC(255)   Pre Evacuate Collection Set: 0.13ms
[2026-05-23T05:00:14.571+0000][764.016s][gc,phases   ] GC(255)   Merge Heap Roots: 0.26ms
[2026-05-23T05:00:14.571+0000][764.016s][gc,phases   ] GC(255)   Evacuate Collection Set: 70.26ms
[2026-05-23T05:00:14.571+0000][764.016s][gc,phases   ] GC(255)   Post Evacuate Collection Set: 0.47ms
[2026-05-23T05:00:14.571+0000][764.017s][gc,phases   ] GC(255)   Other: 0.11ms
[2026-05-23T05:00:14.571+0000][764.017s][gc,heap     ] GC(255) Eden regions: 53->0(52)
[2026-05-23T05:00:14.571+0000][764.017s][gc,heap     ] GC(255) Survivor regions: 3->4(7)
[2026-05-23T05:00:14.571+0000][764.017s][gc,heap     ] GC(255) Old regions: 831->831
[2026-05-23T05:00:14.571+0000][764.017s][gc,heap     ] GC(255) Archive regions: 2->2
[2026-05-23T05:00:14.571+0000][764.017s][gc,heap     ] GC(255) Humongous regions: 0->0
[2026-05-23T05:00:14.571+0000][764.017s][gc,metaspace] GC(255) Metaspace: 49017K(49728K)->49017K(49728K) NonClass: 43248K(43584K)->43248K(43584K) Class: 5768K(6144K)->5768K(6144K)
[2026-05-23T05:00:14.571+0000][764.017s][gc          ] GC(255) Pause Young (Normal) (G1 Evacuation Pause) 14202M->13369M(17984M) 71.331ms
[2026-05-23T05:00:14.571+0000][764.017s][gc,cpu      ] GC(255) User=0.28s Sys=0.00s Real=0.07s
[2026-05-23T05:00:17.747+0000][767.193s][gc,start    ] GC(256) Pause Young (Normal) (G1 Evacuation Pause)
[2026-05-23T05:00:17.747+0000][767.193s][gc,task     ] GC(256) Using 4 workers of 4 for evacuation
[2026-05-23T05:00:17.859+0000][767.305s][gc,phases   ] GC(256)   Pre Evacuate Collection Set: 0.12ms
[2026-05-23T05:00:17.859+0000][767.305s][gc,phases   ] GC(256)   Merge Heap Roots: 0.30ms
[2026-05-23T05:00:17.859+0000][767.305s][gc,phases   ] GC(256)   Evacuate Collection Set: 110.75ms
[2026-05-23T05:00:17.859+0000][767.305s][gc,phases   ] GC(256)   Post Evacuate Collection Set: 0.44ms
[2026-05-23T05:00:17.859+0000][767.305s][gc,phases   ] GC(256)   Other: 0.13ms
[2026-05-23T05:00:17.859+0000][767.305s][gc,heap     ] GC(256) Eden regions: 52->0(49)
[2026-05-23T05:00:17.859+0000][767.305s][gc,heap     ] GC(256) Survivor regions: 4->7(7)
[2026-05-23T05:00:17.859+0000][767.305s][gc,heap     ] GC(256) Old regions: 831->832
[2026-05-23T05:00:17.859+0000][767.305s][gc,heap     ] GC(256) Archive regions: 2->2
[2026-05-23T05:00:17.859+0000][767.305s][gc,heap     ] GC(256) Humongous regions: 0->0
[2026-05-23T05:00:17.859+0000][767.305s][gc,metaspace] GC(256) Metaspace: 49017K(49728K)->49017K(49728K) NonClass: 43248K(43584K)->43248K(43584K) Class: 5768K(6144K)->5768K(6144K)
[2026-05-23T05:00:17.859+0000][767.305s][gc          ] GC(256) Pause Young (Normal) (G1 Evacuation Pause) 14201M->13430M(17984M) 111.820ms
[2026-05-23T05:00:17.859+0000][767.305s][gc,cpu      ] GC(256) User=0.43s Sys=0.01s Real=0.12s
[2026-05-23T05:00:21.714+0000][771.159s][gc,start    ] GC(257) Pause Young (Normal) (G1 Evacuation Pause)
[2026-05-23T05:00:21.714+0000][771.159s][gc,task     ] GC(257) Using 4 workers of 4 for evacuation
[2026-05-23T05:00:21.922+0000][771.368s][gc,mmu      ] GC(257) MMU target violated: 201.0ms (200.0ms/201.0ms)
[2026-05-23T05:00:21.922+0000][771.368s][gc,phases   ] GC(257)   Pre Evacuate Collection Set: 0.12ms
[2026-05-23T05:00:21.922+0000][771.368s][gc,phases   ] GC(257)   Merge Heap Roots: 0.28ms
[2026-05-23T05:00:21.922+0000][771.368s][gc,phases   ] GC(257)   Evacuate Collection Set: 207.68ms
[2026-05-23T05:00:21.922+0000][771.368s][gc,phases   ] GC(257)   Post Evacuate Collection Set: 0.55ms
[2026-05-23T05:00:21.922+0000][771.368s][gc,phases   ] GC(257)   Other: 0.19ms
[2026-05-23T05:00:21.922+0000][771.368s][gc,heap     ] GC(257) Eden regions: 49->0(49)
[2026-05-23T05:00:21.922+0000][771.368s][gc,heap     ] GC(257) Survivor regions: 7->7(7)
[2026-05-23T05:00:21.922+0000][771.368s][gc,heap     ] GC(257) Old regions: 832->838
[2026-05-23T05:00:21.922+0000][771.368s][gc,heap     ] GC(257) Archive regions: 2->2
[2026-05-23T05:00:21.922+0000][771.368s][gc,heap     ] GC(257) Humongous regions: 0->0
[2026-05-23T05:00:21.922+0000][771.368s][gc,metaspace] GC(257) Metaspace: 49017K(49728K)->49017K(49728K) NonClass: 43248K(43584K)->43248K(43584K) Class: 5768K(6144K)->5768K(6144K)
[2026-05-23T05:00:21.922+0000][771.368s][gc          ] GC(257) Pause Young (Normal) (G1 Evacuation Pause) 14214M->13523M(17984M) 208.869ms
[2026-05-23T05:00:21.922+0000][771.368s][gc,cpu      ] GC(257) User=0.77s Sys=0.05s Real=0.21s
[2026-05-23T05:00:25.358+0000][774.803s][gc,start    ] GC(258) Pause Young (Normal) (G1 Evacuation Pause)
[2026-05-23T05:00:25.358+0000][774.804s][gc,task     ] GC(258) Using 4 workers of 4 for evacuation
[2026-05-23T05:00:25.460+0000][774.905s][gc,phases   ] GC(258)   Pre Evacuate Collection Set: 0.12ms
[2026-05-23T05:00:25.460+0000][774.905s][gc,phases   ] GC(258)   Merge Heap Roots: 1.68ms
[2026-05-23T05:00:25.460+0000][774.905s][gc,phases   ] GC(258)   Evacuate Collection Set: 98.97ms
[2026-05-23T05:00:25.460+0000][774.905s][gc,phases   ] GC(258)   Post Evacuate Collection Set: 0.65ms
[2026-05-23T05:00:25.460+0000][774.905s][gc,phases   ] GC(258)   Other: 0.48ms
[2026-05-23T05:00:25.460+0000][774.905s][gc,heap     ] GC(258) Eden regions: 49->0(51)
[2026-05-23T05:00:25.460+0000][774.905s][gc,heap     ] GC(258) Survivor regions: 7->5(7)
[2026-05-23T05:00:25.460+0000][774.905s][gc,heap     ] GC(258) Old regions: 838->840
[2026-05-23T05:00:25.460+0000][774.905s][gc,heap     ] GC(258) Archive regions: 2->2
[2026-05-23T05:00:25.460+0000][774.905s][gc,heap     ] GC(258) Humongous regions: 0->0
[2026-05-23T05:00:25.460+0000][774.905s][gc,metaspace] GC(258) Metaspace: 49017K(49728K)->49017K(49728K) NonClass: 43248K(43584K)->43248K(43584K) Class: 5768K(6144K)->5768K(6144K)
[2026-05-23T05:00:25.460+0000][774.905s][gc          ] GC(258) Pause Young (Normal) (G1 Evacuation Pause) 14307M->13530M(17984M) 102.017ms
[2026-05-23T05:00:25.460+0000][774.906s][gc,cpu      ] GC(258) User=0.39s Sys=0.01s Real=0.11s
[2026-05-23T05:00:27.322+0000][776.768s][gc,start    ] GC(259) Pause Young (Normal) (G1 Evacuation Pause)
[2026-05-23T05:00:27.323+0000][776.768s][gc,task     ] GC(259) Using 4 workers of 4 for evacuation
[2026-05-23T05:00:27.634+0000][777.080s][gc,mmu      ] GC(259) MMU target violated: 201.0ms (200.0ms/201.0ms)
[2026-05-23T05:00:27.634+0000][777.080s][gc,phases   ] GC(259)   Pre Evacuate Collection Set: 0.11ms
[2026-05-23T05:00:27.634+0000][777.080s][gc,phases   ] GC(259)   Merge Heap Roots: 0.36ms
[2026-05-23T05:00:27.634+0000][777.080s][gc,phases   ] GC(259)   Evacuate Collection Set: 310.01ms
[2026-05-23T05:00:27.634+0000][777.080s][gc,phases   ] GC(259)   Post Evacuate Collection Set: 0.76ms
[2026-05-23T05:00:27.634+0000][777.080s][gc,phases   ] GC(259)   Other: 0.56ms
[2026-05-23T05:00:27.634+0000][777.080s][gc,heap     ] GC(259) Eden regions: 51->0(49)
[2026-05-23T05:00:27.634+0000][777.080s][gc,heap     ] GC(259) Survivor regions: 5->7(7)
[2026-05-23T05:00:27.634+0000][777.080s][gc,heap     ] GC(259) Old regions: 840->849
[2026-05-23T05:00:27.634+0000][777.080s][gc,heap     ] GC(259) Archive regions: 2->2
[2026-05-23T05:00:27.634+0000][777.080s][gc,heap     ] GC(259) Humongous regions: 0->0
[2026-05-23T05:00:27.634+0000][777.080s][gc,metaspace] GC(259) Metaspace: 49017K(49728K)->49017K(49728K) NonClass: 43248K(43584K)->43248K(43584K) Class: 5768K(6144K)->5768K(6144K)
[2026-05-23T05:00:27.634+0000][777.080s][gc          ] GC(259) Pause Young (Normal) (G1 Evacuation Pause) 14346M->13702M(17984M) 311.852ms
[2026-05-23T05:00:27.634+0000][777.080s][gc,cpu      ] GC(259) User=1.20s Sys=0.03s Real=0.31s
[2026-05-23T05:00:32.494+0000][781.940s][gc,start    ] GC(260) Pause Young (Normal) (G1 Evacuation Pause)
[2026-05-23T05:00:32.494+0000][781.940s][gc,task     ] GC(260) Using 4 workers of 4 for evacuation
[2026-05-23T05:00:32.645+0000][782.091s][gc,phases   ] GC(260)   Pre Evacuate Collection Set: 0.12ms
[2026-05-23T05:00:32.645+0000][782.091s][gc,phases   ] GC(260)   Merge Heap Roots: 2.63ms
[2026-05-23T05:00:32.645+0000][782.091s][gc,phases   ] GC(260)   Evacuate Collection Set: 147.33ms
[2026-05-23T05:00:32.645+0000][782.091s][gc,phases   ] GC(260)   Post Evacuate Collection Set: 0.82ms
[2026-05-23T05:00:32.646+0000][782.091s][gc,phases   ] GC(260)   Other: 0.50ms
[2026-05-23T05:00:32.646+0000][782.091s][gc,heap     ] GC(260) Eden regions: 49->0(49)
[2026-05-23T05:00:32.646+0000][782.091s][gc,heap     ] GC(260) Survivor regions: 7->7(7)
[2026-05-23T05:00:32.646+0000][782.091s][gc,heap     ] GC(260) Old regions: 849->852
[2026-05-23T05:00:32.646+0000][782.091s][gc,heap     ] GC(260) Archive regions: 2->2
[2026-05-23T05:00:32.646+0000][782.091s][gc,heap     ] GC(260) Humongous regions: 0->0
[2026-05-23T05:00:32.646+0000][782.091s][gc,metaspace] GC(260) Metaspace: 49019K(49728K)->49019K(49728K) NonClass: 43250K(43584K)->43250K(43584K) Class: 5768K(6144K)->5768K(6144K)
[2026-05-23T05:00:32.646+0000][782.091s][gc          ] GC(260) Pause Young (Normal) (G1 Evacuation Pause) 14486M->13744M(17984M) 151.516ms
[2026-05-23T05:00:32.646+0000][782.091s][gc,cpu      ] GC(260) User=0.58s Sys=0.01s Real=0.15s
[2026-05-23T05:00:34.430+0000][783.876s][gc,start    ] GC(261) Pause Young (Normal) (G1 Evacuation Pause)
[2026-05-23T05:00:34.430+0000][783.876s][gc,task     ] GC(261) Using 4 workers of 4 for evacuation
[2026-05-23T05:00:34.760+0000][784.206s][gc,mmu      ] GC(261) MMU target violated: 201.0ms (200.0ms/201.0ms)
[2026-05-23T05:00:34.760+0000][784.206s][gc,phases   ] GC(261)   Pre Evacuate Collection Set: 0.15ms
[2026-05-23T05:00:34.760+0000][784.206s][gc,phases   ] GC(261)   Merge Heap Roots: 1.12ms
[2026-05-23T05:00:34.760+0000][784.206s][gc,phases   ] GC(261)   Evacuate Collection Set: 326.92ms
[2026-05-23T05:00:34.760+0000][784.206s][gc,phases   ] GC(261)   Post Evacuate Collection Set: 0.83ms
[2026-05-23T05:00:34.760+0000][784.206s][gc,phases   ] GC(261)   Other: 0.55ms
[2026-05-23T05:00:34.760+0000][784.206s][gc,heap     ] GC(261) Eden regions: 49->0(49)
[2026-05-23T05:00:34.760+0000][784.206s][gc,heap     ] GC(261) Survivor regions: 7->7(7)
[2026-05-23T05:00:34.760+0000][784.206s][gc,heap     ] GC(261) Old regions: 852->863
[2026-05-23T05:00:34.760+0000][784.206s][gc,heap     ] GC(261) Archive regions: 2->2
[2026-05-23T05:00:34.760+0000][784.206s][gc,heap     ] GC(261) Humongous regions: 0->0
[2026-05-23T05:00:34.760+0000][784.206s][gc,metaspace] GC(261) Metaspace: 49019K(49728K)->49019K(49728K) NonClass: 43250K(43584K)->43250K(43584K) Class: 5768K(6144K)->5768K(6144K)
[2026-05-23T05:00:34.760+0000][784.206s][gc          ] GC(261) Pause Young (Normal) (G1 Evacuation Pause) 14528M->13929M(17984M) 329.623ms
[2026-05-23T05:00:34.760+0000][784.206s][gc,cpu      ] GC(261) User=1.27s Sys=0.04s Real=0.33s
[2026-05-23T05:00:38.146+0000][787.591s][gc,start    ] GC(262) Pause Young (Normal) (G1 Evacuation Pause)
[2026-05-23T05:00:38.146+0000][787.592s][gc,task     ] GC(262) Using 4 workers of 4 for evacuation
[2026-05-23T05:00:38.433+0000][787.879s][gc,mmu      ] GC(262) MMU target violated: 201.0ms (200.0ms/201.0ms)
[2026-05-23T05:00:38.433+0000][787.879s][gc,phases   ] GC(262)   Pre Evacuate Collection Set: 0.12ms
[2026-05-23T05:00:38.433+0000][787.879s][gc,phases   ] GC(262)   Merge Heap Roots: 2.78ms
[2026-05-23T05:00:38.433+0000][787.879s][gc,phases   ] GC(262)   Evacuate Collection Set: 282.70ms
[2026-05-23T05:00:38.433+0000][787.879s][gc,phases   ] GC(262)   Post Evacuate Collection Set: 1.18ms
[2026-05-23T05:00:38.433+0000][787.879s][gc,phases   ] GC(262)   Other: 0.53ms
[2026-05-23T05:00:38.433+0000][787.879s][gc,heap     ] GC(262) Eden regions: 49->0(49)
[2026-05-23T05:00:38.433+0000][787.879s][gc,heap     ] GC(262) Survivor regions: 7->7(7)
[2026-05-23T05:00:38.433+0000][787.879s][gc,heap     ] GC(262) Old regions: 863->873
[2026-05-23T05:00:38.433+0000][787.879s][gc,heap     ] GC(262) Archive regions: 2->2
[2026-05-23T05:00:38.433+0000][787.879s][gc,heap     ] GC(262) Humongous regions: 0->0
[2026-05-23T05:00:38.433+0000][787.879s][gc,metaspace] GC(262) Metaspace: 49019K(49728K)->49019K(49728K) NonClass: 43250K(43584K)->43250K(43584K) Class: 5768K(6144K)->5768K(6144K)
[2026-05-23T05:00:38.433+0000][787.879s][gc          ] GC(262) Pause Young (Normal) (G1 Evacuation Pause) 14713M->14086M(17984M) 287.355ms
[2026-05-23T05:00:38.433+0000][787.879s][gc,cpu      ] GC(262) User=1.10s Sys=0.03s Real=0.29s
[2026-05-23T05:00:43.207+0000][792.653s][gc,start    ] GC(263) Pause Young (Normal) (G1 Evacuation Pause)
[2026-05-23T05:00:43.208+0000][792.653s][gc,task     ] GC(263) Using 4 workers of 4 for evacuation
[2026-05-23T05:00:43.454+0000][792.900s][gc,mmu      ] GC(263) MMU target violated: 201.0ms (200.0ms/201.0ms)
[2026-05-23T05:00:43.454+0000][792.900s][gc,phases   ] GC(263)   Pre Evacuate Collection Set: 0.13ms
[2026-05-23T05:00:43.454+0000][792.900s][gc,phases   ] GC(263)   Merge Heap Roots: 3.47ms
[2026-05-23T05:00:43.454+0000][792.900s][gc,phases   ] GC(263)   Evacuate Collection Set: 242.09ms
[2026-05-23T05:00:43.454+0000][792.900s][gc,phases   ] GC(263)   Post Evacuate Collection Set: 0.77ms
[2026-05-23T05:00:43.455+0000][792.900s][gc,phases   ] GC(263)   Other: 0.56ms
[2026-05-23T05:00:43.455+0000][792.900s][gc,heap     ] GC(263) Eden regions: 49->0(49)
[2026-05-23T05:00:43.455+0000][792.900s][gc,heap     ] GC(263) Survivor regions: 7->7(7)
[2026-05-23T05:00:43.455+0000][792.900s][gc,heap     ] GC(263) Old regions: 873->879
[2026-05-23T05:00:43.455+0000][792.900s][gc,heap     ] GC(263) Archive regions: 2->2
[2026-05-23T05:00:43.455+0000][792.900s][gc,heap     ] GC(263) Humongous regions: 0->0
[2026-05-23T05:00:43.455+0000][792.900s][gc,metaspace] GC(263) Metaspace: 49019K(49728K)->49019K(49728K) NonClass: 43250K(43584K)->43250K(43584K) Class: 5768K(6144K)->5768K(6144K)
[2026-05-23T05:00:43.455+0000][792.900s][gc          ] GC(263) Pause Young (Normal) (G1 Evacuation Pause) 14870M->14190M(17984M) 247.091ms
[2026-05-23T05:00:43.455+0000][792.900s][gc,cpu      ] GC(263) User=0.94s Sys=0.02s Real=0.25s
[2026-05-23T05:00:46.635+0000][796.081s][gc,start    ] GC(264) Pause Young (Normal) (G1 Evacuation Pause)
[2026-05-23T05:00:46.635+0000][796.081s][gc,task     ] GC(264) Using 4 workers of 4 for evacuation
[2026-05-23T05:00:46.835+0000][796.280s][gc,phases   ] GC(264)   Pre Evacuate Collection Set: 0.11ms
[2026-05-23T05:00:46.835+0000][796.280s][gc,phases   ] GC(264)   Merge Heap Roots: 2.17ms
[2026-05-23T05:00:46.835+0000][796.280s][gc,phases   ] GC(264)   Evacuate Collection Set: 196.10ms
[2026-05-23T05:00:46.835+0000][796.280s][gc,phases   ] GC(264)   Post Evacuate Collection Set: 0.50ms
[2026-05-23T05:00:46.835+0000][796.280s][gc,phases   ] GC(264)   Other: 0.46ms
[2026-05-23T05:00:46.835+0000][796.280s][gc,heap     ] GC(264) Eden regions: 49->0(49)
[2026-05-23T05:00:46.835+0000][796.280s][gc,heap     ] GC(264) Survivor regions: 7->7(7)
[2026-05-23T05:00:46.835+0000][796.280s][gc,heap     ] GC(264) Old regions: 879->883
[2026-05-23T05:00:46.835+0000][796.280s][gc,heap     ] GC(264) Archive regions: 2->2
[2026-05-23T05:00:46.835+0000][796.280s][gc,heap     ] GC(264) Humongous regions: 0->0
[2026-05-23T05:00:46.835+0000][796.280s][gc,metaspace] GC(264) Metaspace: 49023K(49728K)->49023K(49728K) NonClass: 43254K(43584K)->43254K(43584K) Class: 5768K(6144K)->5768K(6144K)
[2026-05-23T05:00:46.835+0000][796.280s][gc          ] GC(264) Pause Young (Normal) (G1 Evacuation Pause) 14974M->14255M(17984M) 199.445ms
[2026-05-23T05:00:46.835+0000][796.280s][gc,cpu      ] GC(264) User=0.78s Sys=0.02s Real=0.20s
[2026-05-23T05:00:52.216+0000][801.662s][gc,start    ] GC(265) Pause Young (Normal) (G1 Evacuation Pause)
[2026-05-23T05:00:52.216+0000][801.662s][gc,task     ] GC(265) Using 4 workers of 4 for evacuation
[2026-05-23T05:00:52.465+0000][801.911s][gc,mmu      ] GC(265) MMU target violated: 201.0ms (200.0ms/201.0ms)
[2026-05-23T05:00:52.465+0000][801.911s][gc,phases   ] GC(265)   Pre Evacuate Collection Set: 0.14ms
[2026-05-23T05:00:52.465+0000][801.911s][gc,phases   ] GC(265)   Merge Heap Roots: 0.45ms
[2026-05-23T05:00:52.465+0000][801.911s][gc,phases   ] GC(265)   Evacuate Collection Set: 248.24ms
[2026-05-23T05:00:52.465+0000][801.911s][gc,phases   ] GC(265)   Post Evacuate Collection Set: 0.48ms
[2026-05-23T05:00:52.465+0000][801.911s][gc,phases   ] GC(265)   Other: 0.17ms
[2026-05-23T05:00:52.465+0000][801.911s][gc,heap     ] GC(265) Eden regions: 49->0(52)
[2026-05-23T05:00:52.465+0000][801.911s][gc,heap     ] GC(265) Survivor regions: 7->4(7)
[2026-05-23T05:00:52.465+0000][801.911s][gc,heap     ] GC(265) Old regions: 883->886
[2026-05-23T05:00:52.465+0000][801.911s][gc,heap     ] GC(265) Archive regions: 2->2
[2026-05-23T05:00:52.465+0000][801.911s][gc,heap     ] GC(265) Humongous regions: 0->0
[2026-05-23T05:00:52.465+0000][801.911s][gc,metaspace] GC(265) Metaspace: 49023K(49728K)->49023K(49728K) NonClass: 43254K(43584K)->43254K(43584K) Class: 5768K(6144K)->5768K(6144K)
[2026-05-23T05:00:52.465+0000][801.911s][gc          ] GC(265) Pause Young (Normal) (G1 Evacuation Pause) 15039M->14251M(17984M) 249.527ms
[2026-05-23T05:00:52.465+0000][801.911s][gc,cpu      ] GC(265) User=0.97s Sys=0.01s Real=0.25s
[2026-05-23T05:00:55.796+0000][805.242s][gc,start    ] GC(266) Pause Young (Normal) (G1 Evacuation Pause)
[2026-05-23T05:00:55.796+0000][805.242s][gc,task     ] GC(266) Using 4 workers of 4 for evacuation
[2026-05-23T05:00:55.984+0000][805.430s][gc,phases   ] GC(266)   Pre Evacuate Collection Set: 0.12ms
[2026-05-23T05:00:55.984+0000][805.430s][gc,phases   ] GC(266)   Merge Heap Roots: 0.47ms
[2026-05-23T05:00:55.984+0000][805.430s][gc,phases   ] GC(266)   Evacuate Collection Set: 186.83ms
[2026-05-23T05:00:55.984+0000][805.430s][gc,phases   ] GC(266)   Post Evacuate Collection Set: 0.58ms
[2026-05-23T05:00:55.984+0000][805.430s][gc,phases   ] GC(266)   Other: 0.13ms
[2026-05-23T05:00:55.984+0000][805.430s][gc,heap     ] GC(266) Eden regions: 52->0(49)
[2026-05-23T05:00:55.984+0000][805.430s][gc,heap     ] GC(266) Survivor regions: 4->7(7)
[2026-05-23T05:00:55.984+0000][805.430s][gc,heap     ] GC(266) Old regions: 886->887
[2026-05-23T05:00:55.984+0000][805.430s][gc,heap     ] GC(266) Archive regions: 2->2
[2026-05-23T05:00:55.984+0000][805.430s][gc,heap     ] GC(266) Humongous regions: 0->0
[2026-05-23T05:00:55.984+0000][805.430s][gc,metaspace] GC(266) Metaspace: 49023K(49728K)->49023K(49728K) NonClass: 43255K(43584K)->43255K(43584K) Class: 5768K(6144K)->5768K(6144K)
[2026-05-23T05:00:55.984+0000][805.430s][gc          ] GC(266) Pause Young (Normal) (G1 Evacuation Pause) 15083M->14319M(17984M) 188.242ms
[2026-05-23T05:00:55.984+0000][805.430s][gc,cpu      ] GC(266) User=0.74s Sys=0.01s Real=0.19s
[2026-05-23T05:00:58.155+0000][807.600s][gc,start    ] GC(267) Pause Young (Normal) (G1 Evacuation Pause)
[2026-05-23T05:00:58.155+0000][807.600s][gc,task     ] GC(267) Using 4 workers of 4 for evacuation
[2026-05-23T05:00:58.472+0000][807.918s][gc,mmu      ] GC(267) MMU target violated: 201.0ms (200.0ms/201.0ms)
[2026-05-23T05:00:58.472+0000][807.918s][gc,phases   ] GC(267)   Pre Evacuate Collection Set: 0.12ms
[2026-05-23T05:00:58.472+0000][807.918s][gc,phases   ] GC(267)   Merge Heap Roots: 0.39ms
[2026-05-23T05:00:58.472+0000][807.918s][gc,phases   ] GC(267)   Evacuate Collection Set: 316.35ms
[2026-05-23T05:00:58.472+0000][807.918s][gc,phases   ] GC(267)   Post Evacuate Collection Set: 0.66ms
[2026-05-23T05:00:58.472+0000][807.918s][gc,phases   ] GC(267)   Other: 0.19ms
[2026-05-23T05:00:58.472+0000][807.918s][gc,heap     ] GC(267) Eden regions: 49->0(49)
[2026-05-23T05:00:58.472+0000][807.918s][gc,heap     ] GC(267) Survivor regions: 7->7(7)
[2026-05-23T05:00:58.472+0000][807.918s][gc,heap     ] GC(267) Old regions: 887->898
[2026-05-23T05:00:58.472+0000][807.918s][gc,heap     ] GC(267) Archive regions: 2->2
[2026-05-23T05:00:58.472+0000][807.918s][gc,heap     ] GC(267) Humongous regions: 0->0
[2026-05-23T05:00:58.472+0000][807.918s][gc,metaspace] GC(267) Metaspace: 49023K(49728K)->49023K(49728K) NonClass: 43255K(43584K)->43255K(43584K) Class: 5768K(6144K)->5768K(6144K)
[2026-05-23T05:00:58.472+0000][807.918s][gc          ] GC(267) Pause Young (Normal) (G1 Evacuation Pause) 15103M->14480M(17984M) 317.760ms
[2026-05-23T05:00:58.472+0000][807.918s][gc,cpu      ] GC(267) User=1.26s Sys=0.00s Real=0.32s
[2026-05-23T05:01:02.636+0000][812.081s][gc,start    ] GC(268) Pause Young (Normal) (G1 Evacuation Pause)
[2026-05-23T05:01:02.636+0000][812.081s][gc,task     ] GC(268) Using 4 workers of 4 for evacuation
[2026-05-23T05:01:02.891+0000][812.337s][gc,mmu      ] GC(268) MMU target violated: 201.0ms (200.0ms/201.0ms)
[2026-05-23T05:01:02.891+0000][812.337s][gc,phases   ] GC(268)   Pre Evacuate Collection Set: 0.11ms
[2026-05-23T05:01:02.891+0000][812.337s][gc,phases   ] GC(268)   Merge Heap Roots: 3.29ms
[2026-05-23T05:01:02.891+0000][812.337s][gc,phases   ] GC(268)   Evacuate Collection Set: 250.87ms
[2026-05-23T05:01:02.891+0000][812.337s][gc,phases   ] GC(268)   Post Evacuate Collection Set: 0.83ms
[2026-05-23T05:01:02.891+0000][812.337s][gc,phases   ] GC(268)   Other: 0.14ms
[2026-05-23T05:01:02.891+0000][812.337s][gc,heap     ] GC(268) Eden regions: 49->0(49)
[2026-05-23T05:01:02.891+0000][812.337s][gc,heap     ] GC(268) Survivor regions: 7->7(7)
[2026-05-23T05:01:02.891+0000][812.337s][gc,heap     ] GC(268) Old regions: 898->906
[2026-05-23T05:01:02.891+0000][812.337s][gc,heap     ] GC(268) Archive regions: 2->2
[2026-05-23T05:01:02.891+0000][812.337s][gc,heap     ] GC(268) Humongous regions: 0->0
[2026-05-23T05:01:02.891+0000][812.337s][gc,metaspace] GC(268) Metaspace: 49023K(49728K)->49023K(49728K) NonClass: 43255K(43584K)->43255K(43584K) Class: 5768K(6144K)->5768K(6144K)
[2026-05-23T05:01:02.891+0000][812.337s][gc          ] GC(268) Pause Young (Normal) (G1 Evacuation Pause) 15264M->14614M(17984M) 255.303ms
[2026-05-23T05:01:02.891+0000][812.337s][gc,cpu      ] GC(268) User=1.00s Sys=0.00s Real=0.26s
[2026-05-23T05:01:08.189+0000][817.635s][gc,start    ] GC(269) Pause Young (Normal) (G1 Evacuation Pause)
[2026-05-23T05:01:08.189+0000][817.635s][gc,task     ] GC(269) Using 4 workers of 4 for evacuation
[2026-05-23T05:01:08.350+0000][817.796s][gc,phases   ] GC(269)   Pre Evacuate Collection Set: 0.11ms
[2026-05-23T05:01:08.350+0000][817.796s][gc,phases   ] GC(269)   Merge Heap Roots: 3.02ms
[2026-05-23T05:01:08.350+0000][817.796s][gc,phases   ] GC(269)   Evacuate Collection Set: 157.04ms
[2026-05-23T05:01:08.350+0000][817.796s][gc,phases   ] GC(269)   Post Evacuate Collection Set: 0.79ms
[2026-05-23T05:01:08.350+0000][817.796s][gc,phases   ] GC(269)   Other: 0.12ms
[2026-05-23T05:01:08.350+0000][817.796s][gc,heap     ] GC(269) Eden regions: 49->0(49)
[2026-05-23T05:01:08.350+0000][817.796s][gc,heap     ] GC(269) Survivor regions: 7->7(7)
[2026-05-23T05:01:08.350+0000][817.796s][gc,heap     ] GC(269) Old regions: 906->909
[2026-05-23T05:01:08.350+0000][817.796s][gc,heap     ] GC(269) Archive regions: 2->2
[2026-05-23T05:01:08.350+0000][817.796s][gc,heap     ] GC(269) Humongous regions: 0->0
[2026-05-23T05:01:08.350+0000][817.796s][gc,metaspace] GC(269) Metaspace: 49023K(49728K)->49023K(49728K) NonClass: 43255K(43584K)->43255K(43584K) Class: 5768K(6144K)->5768K(6144K)
[2026-05-23T05:01:08.350+0000][817.796s][gc          ] GC(269) Pause Young (Normal) (G1 Evacuation Pause) 15398M->14651M(17984M) 161.186ms
[2026-05-23T05:01:08.350+0000][817.796s][gc,cpu      ] GC(269) User=0.64s Sys=0.00s Real=0.16s
[2026-05-23T05:01:10.695+0000][820.141s][gc,start    ] GC(270) Pause Young (Normal) (G1 Evacuation Pause)
[2026-05-23T05:01:10.696+0000][820.141s][gc,task     ] GC(270) Using 4 workers of 4 for evacuation
[2026-05-23T05:01:10.942+0000][820.388s][gc,mmu      ] GC(270) MMU target violated: 201.0ms (200.0ms/201.0ms)
[2026-05-23T05:01:10.942+0000][820.388s][gc,phases   ] GC(270)   Pre Evacuate Collection Set: 0.11ms
[2026-05-23T05:01:10.942+0000][820.388s][gc,phases   ] GC(270)   Merge Heap Roots: 2.37ms
[2026-05-23T05:01:10.942+0000][820.388s][gc,phases   ] GC(270)   Evacuate Collection Set: 243.36ms
[2026-05-23T05:01:10.942+0000][820.388s][gc,phases   ] GC(270)   Post Evacuate Collection Set: 0.71ms
[2026-05-23T05:01:10.942+0000][820.388s][gc,phases   ] GC(270)   Other: 0.18ms
[2026-05-23T05:01:10.942+0000][820.388s][gc,heap     ] GC(270) Eden regions: 49->0(49)
[2026-05-23T05:01:10.942+0000][820.388s][gc,heap     ] GC(270) Survivor regions: 7->7(7)
[2026-05-23T05:01:10.942+0000][820.388s][gc,heap     ] GC(270) Old regions: 909->916
[2026-05-23T05:01:10.942+0000][820.388s][gc,heap     ] GC(270) Archive regions: 2->2
[2026-05-23T05:01:10.942+0000][820.388s][gc,heap     ] GC(270) Humongous regions: 0->0
[2026-05-23T05:01:10.942+0000][820.388s][gc,metaspace] GC(270) Metaspace: 49023K(49728K)->49023K(49728K) NonClass: 43255K(43584K)->43255K(43584K) Class: 5768K(6144K)->5768K(6144K)
[2026-05-23T05:01:10.942+0000][820.388s][gc          ] GC(270) Pause Young (Normal) (G1 Evacuation Pause) 15435M->14779M(17984M) 246.796ms
[2026-05-23T05:01:10.942+0000][820.388s][gc,cpu      ] GC(270) User=0.97s Sys=0.00s Real=0.25s
[2026-05-23T05:01:15.610+0000][825.056s][gc,start    ] GC(271) Pause Young (Normal) (G1 Evacuation Pause)
[2026-05-23T05:01:15.610+0000][825.056s][gc,task     ] GC(271) Using 4 workers of 4 for evacuation
[2026-05-23T05:01:15.805+0000][825.251s][gc,phases   ] GC(271)   Pre Evacuate Collection Set: 0.11ms
[2026-05-23T05:01:15.805+0000][825.251s][gc,phases   ] GC(271)   Merge Heap Roots: 2.56ms
[2026-05-23T05:01:15.805+0000][825.251s][gc,phases   ] GC(271)   Evacuate Collection Set: 190.37ms
[2026-05-23T05:01:15.805+0000][825.251s][gc,phases   ] GC(271)   Post Evacuate Collection Set: 1.97ms
[2026-05-23T05:01:15.805+0000][825.251s][gc,phases   ] GC(271)   Other: 0.11ms
[2026-05-23T05:01:15.805+0000][825.251s][gc,heap     ] GC(271) Eden regions: 49->0(51)
[2026-05-23T05:01:15.805+0000][825.251s][gc,heap     ] GC(271) Survivor regions: 7->7(7)
[2026-05-23T05:01:15.805+0000][825.251s][gc,heap     ] GC(271) Old regions: 916->920
[2026-05-23T05:01:15.805+0000][825.251s][gc,heap     ] GC(271) Archive regions: 2->2
[2026-05-23T05:01:15.805+0000][825.251s][gc,heap     ] GC(271) Humongous regions: 0->0
[2026-05-23T05:01:15.805+0000][825.251s][gc,metaspace] GC(271) Metaspace: 49027K(49728K)->49027K(49728K) NonClass: 43258K(43584K)->43258K(43584K) Class: 5768K(6144K)->5768K(6144K)
[2026-05-23T05:01:15.805+0000][825.251s][gc          ] GC(271) Pause Young (Normal) (G1 Evacuation Pause) 15563M->14847M(18624M) 195.195ms
[2026-05-23T05:01:15.805+0000][825.251s][gc,cpu      ] GC(271) User=0.76s Sys=0.01s Real=0.19s
[2026-05-23T05:01:18.871+0000][828.316s][gc,start    ] GC(272) Pause Young (Normal) (G1 Evacuation Pause)
[2026-05-23T05:01:18.871+0000][828.316s][gc,task     ] GC(272) Using 4 workers of 4 for evacuation
[2026-05-23T05:01:19.145+0000][828.590s][gc,mmu      ] GC(272) MMU target violated: 201.0ms (200.0ms/201.0ms)
[2026-05-23T05:01:19.145+0000][828.590s][gc,phases   ] GC(272)   Pre Evacuate Collection Set: 0.14ms
[2026-05-23T05:01:19.145+0000][828.590s][gc,phases   ] GC(272)   Merge Heap Roots: 2.13ms
[2026-05-23T05:01:19.145+0000][828.590s][gc,phases   ] GC(272)   Evacuate Collection Set: 270.41ms
[2026-05-23T05:01:19.145+0000][828.590s][gc,phases   ] GC(272)   Post Evacuate Collection Set: 0.71ms
[2026-05-23T05:01:19.145+0000][828.590s][gc,phases   ] GC(272)   Other: 0.58ms
[2026-05-23T05:01:19.145+0000][828.590s][gc,heap     ] GC(272) Eden regions: 51->0(50)
[2026-05-23T05:01:19.145+0000][828.590s][gc,heap     ] GC(272) Survivor regions: 7->8(8)
[2026-05-23T05:01:19.145+0000][828.590s][gc,heap     ] GC(272) Old regions: 920->929
[2026-05-23T05:01:19.145+0000][828.590s][gc,heap     ] GC(272) Archive regions: 2->2
[2026-05-23T05:01:19.145+0000][828.590s][gc,heap     ] GC(272) Humongous regions: 0->0
[2026-05-23T05:01:19.145+0000][828.590s][gc,metaspace] GC(272) Metaspace: 49027K(49728K)->49027K(49728K) NonClass: 43258K(43584K)->43258K(43584K) Class: 5768K(6144K)->5768K(6144K)
[2026-05-23T05:01:19.145+0000][828.590s][gc          ] GC(272) Pause Young (Normal) (G1 Evacuation Pause) 15663M->14999M(18624M) 274.016ms
[2026-05-23T05:01:19.145+0000][828.590s][gc,cpu      ] GC(272) User=1.06s Sys=0.03s Real=0.27s
[2026-05-23T05:01:21.222+0000][830.668s][gc,start    ] GC(273) Pause Young (Normal) (G1 Evacuation Pause)
[2026-05-23T05:01:21.222+0000][830.668s][gc,task     ] GC(273) Using 4 workers of 4 for evacuation
[2026-05-23T05:01:21.555+0000][831.000s][gc,mmu      ] GC(273) MMU target violated: 201.0ms (200.0ms/201.0ms)
[2026-05-23T05:01:21.555+0000][831.000s][gc,phases   ] GC(273)   Pre Evacuate Collection Set: 0.13ms
[2026-05-23T05:01:21.555+0000][831.000s][gc,phases   ] GC(273)   Merge Heap Roots: 2.50ms
[2026-05-23T05:01:21.555+0000][831.000s][gc,phases   ] GC(273)   Evacuate Collection Set: 328.44ms
[2026-05-23T05:01:21.555+0000][831.000s][gc,phases   ] GC(273)   Post Evacuate Collection Set: 0.93ms
[2026-05-23T05:01:21.555+0000][831.000s][gc,phases   ] GC(273)   Other: 0.18ms
[2026-05-23T05:01:21.555+0000][831.000s][gc,heap     ] GC(273) Eden regions: 50->0(50)
[2026-05-23T05:01:21.555+0000][831.000s][gc,heap     ] GC(273) Survivor regions: 8->8(8)
[2026-05-23T05:01:21.555+0000][831.000s][gc,heap     ] GC(273) Old regions: 929->939
[2026-05-23T05:01:21.555+0000][831.000s][gc,heap     ] GC(273) Archive regions: 2->2
[2026-05-23T05:01:21.555+0000][831.000s][gc,heap     ] GC(273) Humongous regions: 0->0
[2026-05-23T05:01:21.555+0000][831.000s][gc,metaspace] GC(273) Metaspace: 49028K(49792K)->49028K(49792K) NonClass: 43259K(43648K)->43259K(43648K) Class: 5768K(6144K)->5768K(6144K)
[2026-05-23T05:01:21.555+0000][831.000s][gc          ] GC(273) Pause Young (Normal) (G1 Evacuation Pause) 15799M->15167M(18624M) 332.230ms
[2026-05-23T05:01:21.555+0000][831.000s][gc,cpu      ] GC(273) User=1.28s Sys=0.04s Real=0.33s
[2026-05-23T05:01:25.177+0000][834.623s][gc,start    ] GC(274) Pause Young (Normal) (G1 Evacuation Pause)
[2026-05-23T05:01:25.177+0000][834.623s][gc,task     ] GC(274) Using 4 workers of 4 for evacuation
[2026-05-23T05:01:25.499+0000][834.945s][gc,mmu      ] GC(274) MMU target violated: 201.0ms (200.0ms/201.0ms)
[2026-05-23T05:01:25.499+0000][834.945s][gc,phases   ] GC(274)   Pre Evacuate Collection Set: 0.11ms
[2026-05-23T05:01:25.499+0000][834.945s][gc,phases   ] GC(274)   Merge Heap Roots: 3.53ms
[2026-05-23T05:01:25.499+0000][834.945s][gc,phases   ] GC(274)   Evacuate Collection Set: 317.48ms
[2026-05-23T05:01:25.499+0000][834.945s][gc,phases   ] GC(274)   Post Evacuate Collection Set: 1.06ms
[2026-05-23T05:01:25.499+0000][834.945s][gc,phases   ] GC(274)   Other: 0.17ms
[2026-05-23T05:01:25.499+0000][834.945s][gc,heap     ] GC(274) Eden regions: 50->0(50)
[2026-05-23T05:01:25.499+0000][834.945s][gc,heap     ] GC(274) Survivor regions: 8->8(8)
[2026-05-23T05:01:25.499+0000][834.945s][gc,heap     ] GC(274) Old regions: 939->948
[2026-05-23T05:01:25.499+0000][834.945s][gc,heap     ] GC(274) Archive regions: 2->2
[2026-05-23T05:01:25.499+0000][834.945s][gc,heap     ] GC(274) Humongous regions: 0->0
[2026-05-23T05:01:25.499+0000][834.945s][gc,metaspace] GC(274) Metaspace: 49028K(49792K)->49028K(49792K) NonClass: 43259K(43648K)->43259K(43648K) Class: 5768K(6144K)->5768K(6144K)
[2026-05-23T05:01:25.499+0000][834.945s][gc          ] GC(274) Pause Young (Normal) (G1 Evacuation Pause) 15967M->15311M(18624M) 322.413ms
[2026-05-23T05:01:25.499+0000][834.945s][gc,cpu      ] GC(274) User=1.25s Sys=0.02s Real=0.33s
[2026-05-23T05:01:29.297+0000][838.743s][gc,start    ] GC(275) Pause Young (Normal) (G1 Evacuation Pause)
[2026-05-23T05:01:29.297+0000][838.743s][gc,task     ] GC(275) Using 4 workers of 4 for evacuation
[2026-05-23T05:01:29.621+0000][839.067s][gc,mmu      ] GC(275) MMU target violated: 201.0ms (200.0ms/201.0ms)
[2026-05-23T05:01:29.621+0000][839.067s][gc,phases   ] GC(275)   Pre Evacuate Collection Set: 0.13ms
[2026-05-23T05:01:29.621+0000][839.067s][gc,phases   ] GC(275)   Merge Heap Roots: 3.71ms
[2026-05-23T05:01:29.621+0000][839.067s][gc,phases   ] GC(275)   Evacuate Collection Set: 318.79ms
[2026-05-23T05:01:29.621+0000][839.067s][gc,phases   ] GC(275)   Post Evacuate Collection Set: 1.09ms
[2026-05-23T05:01:29.621+0000][839.067s][gc,phases   ] GC(275)   Other: 0.17ms
[2026-05-23T05:01:29.621+0000][839.067s][gc,heap     ] GC(275) Eden regions: 50->0(50)
[2026-05-23T05:01:29.621+0000][839.067s][gc,heap     ] GC(275) Survivor regions: 8->8(8)
[2026-05-23T05:01:29.621+0000][839.067s][gc,heap     ] GC(275) Old regions: 948->956
[2026-05-23T05:01:29.621+0000][839.067s][gc,heap     ] GC(275) Archive regions: 2->2
[2026-05-23T05:01:29.621+0000][839.067s][gc,heap     ] GC(275) Humongous regions: 0->0
[2026-05-23T05:01:29.621+0000][839.067s][gc,metaspace] GC(275) Metaspace: 49028K(49792K)->49028K(49792K) NonClass: 43259K(43648K)->43259K(43648K) Class: 5768K(6144K)->5768K(6144K)
[2026-05-23T05:01:29.621+0000][839.067s][gc          ] GC(275) Pause Young (Normal) (G1 Evacuation Pause) 16111M->15439M(18624M) 323.955ms
[2026-05-23T05:01:29.621+0000][839.067s][gc,cpu      ] GC(275) User=1.28s Sys=0.00s Real=0.33s
[2026-05-23T05:01:32.988+0000][842.433s][gc,start    ] GC(276) Pause Young (Normal) (G1 Evacuation Pause)
[2026-05-23T05:01:32.988+0000][842.433s][gc,task     ] GC(276) Using 4 workers of 4 for evacuation
[2026-05-23T05:01:33.297+0000][842.743s][gc,mmu      ] GC(276) MMU target violated: 201.0ms (200.0ms/201.0ms)
[2026-05-23T05:01:33.297+0000][842.743s][gc,phases   ] GC(276)   Pre Evacuate Collection Set: 0.11ms
[2026-05-23T05:01:33.297+0000][842.743s][gc,phases   ] GC(276)   Merge Heap Roots: 3.17ms
[2026-05-23T05:01:33.297+0000][842.743s][gc,phases   ] GC(276)   Evacuate Collection Set: 304.77ms
[2026-05-23T05:01:33.297+0000][842.743s][gc,phases   ] GC(276)   Post Evacuate Collection Set: 1.53ms
[2026-05-23T05:01:33.297+0000][842.743s][gc,phases   ] GC(276)   Other: 0.15ms
[2026-05-23T05:01:33.297+0000][842.743s][gc,heap     ] GC(276) Eden regions: 50->0(51)
[2026-05-23T05:01:33.297+0000][842.743s][gc,heap     ] GC(276) Survivor regions: 8->8(8)
[2026-05-23T05:01:33.297+0000][842.743s][gc,heap     ] GC(276) Old regions: 956->965
[2026-05-23T05:01:33.297+0000][842.743s][gc,heap     ] GC(276) Archive regions: 2->2
[2026-05-23T05:01:33.297+0000][842.743s][gc,heap     ] GC(276) Humongous regions: 0->0
[2026-05-23T05:01:33.297+0000][842.743s][gc,metaspace] GC(276) Metaspace: 49034K(49792K)->49034K(49792K) NonClass: 43264K(43648K)->43264K(43648K) Class: 5769K(6144K)->5769K(6144K)
[2026-05-23T05:01:33.297+0000][842.743s][gc          ] GC(276) Pause Young (Normal) (G1 Evacuation Pause) 16239M->15580M(18912M) 309.777ms
[2026-05-23T05:01:33.297+0000][842.743s][gc,cpu      ] GC(276) User=1.21s Sys=0.00s Real=0.31s
[2026-05-23T05:01:37.240+0000][846.686s][gc,start    ] GC(277) Pause Young (Normal) (G1 Evacuation Pause)
[2026-05-23T05:01:37.240+0000][846.686s][gc,task     ] GC(277) Using 4 workers of 4 for evacuation
[2026-05-23T05:01:37.522+0000][846.968s][gc,mmu      ] GC(277) MMU target violated: 201.0ms (200.0ms/201.0ms)
[2026-05-23T05:01:37.522+0000][846.968s][gc,phases   ] GC(277)   Pre Evacuate Collection Set: 0.14ms
[2026-05-23T05:01:37.522+0000][846.968s][gc,phases   ] GC(277)   Merge Heap Roots: 2.27ms
[2026-05-23T05:01:37.522+0000][846.968s][gc,phases   ] GC(277)   Evacuate Collection Set: 278.79ms
[2026-05-23T05:01:37.522+0000][846.968s][gc,phases   ] GC(277)   Post Evacuate Collection Set: 0.79ms
[2026-05-23T05:01:37.522+0000][846.968s][gc,phases   ] GC(277)   Other: 0.17ms
[2026-05-23T05:01:37.522+0000][846.968s][gc,heap     ] GC(277) Eden regions: 51->0(51)
[2026-05-23T05:01:37.522+0000][846.968s][gc,heap     ] GC(277) Survivor regions: 8->8(8)
[2026-05-23T05:01:37.522+0000][846.968s][gc,heap     ] GC(277) Old regions: 965->972
[2026-05-23T05:01:37.522+0000][846.968s][gc,heap     ] GC(277) Archive regions: 2->2
[2026-05-23T05:01:37.522+0000][846.968s][gc,heap     ] GC(277) Humongous regions: 0->0
[2026-05-23T05:01:37.522+0000][846.968s][gc,metaspace] GC(277) Metaspace: 49034K(49792K)->49034K(49792K) NonClass: 43264K(43648K)->43264K(43648K) Class: 5769K(6144K)->5769K(6144K)
[2026-05-23T05:01:37.522+0000][846.968s][gc          ] GC(277) Pause Young (Normal) (G1 Evacuation Pause) 16396M->15692M(18912M) 282.212ms
[2026-05-23T05:01:37.522+0000][846.968s][gc,cpu      ] GC(277) User=1.12s Sys=0.00s Real=0.28s
[2026-05-23T05:01:43.076+0000][852.521s][gc,start    ] GC(278) Pause Young (Normal) (G1 Evacuation Pause)
[2026-05-23T05:01:43.076+0000][852.521s][gc,task     ] GC(278) Using 4 workers of 4 for evacuation
[2026-05-23T05:01:43.382+0000][852.828s][gc,mmu      ] GC(278) MMU target violated: 201.0ms (200.0ms/201.0ms)
[2026-05-23T05:01:43.382+0000][852.828s][gc,phases   ] GC(278)   Pre Evacuate Collection Set: 0.12ms
[2026-05-23T05:01:43.382+0000][852.828s][gc,phases   ] GC(278)   Merge Heap Roots: 2.12ms
[2026-05-23T05:01:43.382+0000][852.828s][gc,phases   ] GC(278)   Evacuate Collection Set: 302.93ms
[2026-05-23T05:01:43.382+0000][852.828s][gc,phases   ] GC(278)   Post Evacuate Collection Set: 0.94ms
[2026-05-23T05:01:43.382+0000][852.828s][gc,phases   ] GC(278)   Other: 0.17ms
[2026-05-23T05:01:43.382+0000][852.828s][gc,heap     ] GC(278) Eden regions: 51->0(51)
[2026-05-23T05:01:43.382+0000][852.828s][gc,heap     ] GC(278) Survivor regions: 8->8(8)
[2026-05-23T05:01:43.382+0000][852.828s][gc,heap     ] GC(278) Old regions: 972->980
[2026-05-23T05:01:43.382+0000][852.828s][gc,heap     ] GC(278) Archive regions: 2->2
[2026-05-23T05:01:43.382+0000][852.828s][gc,heap     ] GC(278) Humongous regions: 0->0
[2026-05-23T05:01:43.382+0000][852.828s][gc,metaspace] GC(278) Metaspace: 49034K(49792K)->49034K(49792K) NonClass: 43264K(43648K)->43264K(43648K) Class: 5769K(6144K)->5769K(6144K)
[2026-05-23T05:01:43.382+0000][852.828s][gc          ] GC(278) Pause Young (Normal) (G1 Evacuation Pause) 16508M->15813M(18912M) 306.341ms
[2026-05-23T05:01:43.382+0000][852.828s][gc,cpu      ] GC(278) User=1.22s Sys=0.00s Real=0.31s
[2026-05-23T05:01:46.321+0000][855.767s][gc,start    ] GC(279) Pause Young (Normal) (G1 Evacuation Pause)
[2026-05-23T05:01:46.321+0000][855.767s][gc,task     ] GC(279) Using 4 workers of 4 for evacuation
[2026-05-23T05:01:46.460+0000][855.906s][gc,phases   ] GC(279)   Pre Evacuate Collection Set: 0.12ms
[2026-05-23T05:01:46.460+0000][855.906s][gc,phases   ] GC(279)   Merge Heap Roots: 2.39ms
[2026-05-23T05:01:46.460+0000][855.906s][gc,phases   ] GC(279)   Evacuate Collection Set: 135.89ms
[2026-05-23T05:01:46.460+0000][855.906s][gc,phases   ] GC(279)   Post Evacuate Collection Set: 0.41ms
[2026-05-23T05:01:46.460+0000][855.906s][gc,phases   ] GC(279)   Other: 0.10ms
[2026-05-23T05:01:46.460+0000][855.906s][gc,heap     ] GC(279) Eden regions: 51->0(53)
[2026-05-23T05:01:46.460+0000][855.906s][gc,heap     ] GC(279) Survivor regions: 8->6(8)
[2026-05-23T05:01:46.460+0000][855.906s][gc,heap     ] GC(279) Old regions: 980->982
[2026-05-23T05:01:46.460+0000][855.906s][gc,heap     ] GC(279) Archive regions: 2->2
[2026-05-23T05:01:46.460+0000][855.906s][gc,heap     ] GC(279) Humongous regions: 0->0
[2026-05-23T05:01:46.460+0000][855.906s][gc,metaspace] GC(279) Metaspace: 49034K(49792K)->49034K(49792K) NonClass: 43264K(43648K)->43264K(43648K) Class: 5769K(6144K)->5769K(6144K)
[2026-05-23T05:01:46.460+0000][855.906s][gc          ] GC(279) Pause Young (Normal) (G1 Evacuation Pause) 16629M->15813M(18912M) 138.998ms
[2026-05-23T05:01:46.460+0000][855.906s][gc,cpu      ] GC(279) User=0.55s Sys=0.00s Real=0.14s
[2026-05-23T05:01:49.341+0000][858.786s][gc,start    ] GC(280) Pause Young (Normal) (G1 Evacuation Pause)
[2026-05-23T05:01:49.341+0000][858.786s][gc,task     ] GC(280) Using 4 workers of 4 for evacuation
[2026-05-23T05:01:49.429+0000][858.875s][gc,phases   ] GC(280)   Pre Evacuate Collection Set: 0.12ms
[2026-05-23T05:01:49.429+0000][858.875s][gc,phases   ] GC(280)   Merge Heap Roots: 0.20ms
[2026-05-23T05:01:49.429+0000][858.875s][gc,phases   ] GC(280)   Evacuate Collection Set: 87.66ms
[2026-05-23T05:01:49.429+0000][858.875s][gc,phases   ] GC(280)   Post Evacuate Collection Set: 0.44ms
[2026-05-23T05:01:49.429+0000][858.875s][gc,phases   ] GC(280)   Other: 0.13ms
[2026-05-23T05:01:49.429+0000][858.875s][gc,heap     ] GC(280) Eden regions: 53->0(52)
[2026-05-23T05:01:49.429+0000][858.875s][gc,heap     ] GC(280) Survivor regions: 6->7(8)
[2026-05-23T05:01:49.429+0000][858.875s][gc,heap     ] GC(280) Old regions: 982->983
[2026-05-23T05:01:49.429+0000][858.875s][gc,heap     ] GC(280) Archive regions: 2->2
[2026-05-23T05:01:49.429+0000][858.875s][gc,heap     ] GC(280) Humongous regions: 0->0
[2026-05-23T05:01:49.429+0000][858.875s][gc,metaspace] GC(280) Metaspace: 49034K(49792K)->49034K(49792K) NonClass: 43264K(43648K)->43264K(43648K) Class: 5769K(6144K)->5769K(6144K)
[2026-05-23T05:01:49.429+0000][858.875s][gc          ] GC(280) Pause Young (Normal) (G1 Evacuation Pause) 16661M->15842M(18912M) 88.637ms
[2026-05-23T05:01:49.429+0000][858.875s][gc,cpu      ] GC(280) User=0.35s Sys=0.00s Real=0.09s
[2026-05-23T05:01:52.681+0000][862.127s][gc,start    ] GC(281) Pause Young (Normal) (G1 Evacuation Pause)
[2026-05-23T05:01:52.681+0000][862.127s][gc,task     ] GC(281) Using 4 workers of 4 for evacuation
[2026-05-23T05:01:52.726+0000][862.171s][gc,phases   ] GC(281)   Pre Evacuate Collection Set: 0.14ms
[2026-05-23T05:01:52.726+0000][862.171s][gc,phases   ] GC(281)   Merge Heap Roots: 0.20ms
[2026-05-23T05:01:52.726+0000][862.171s][gc,phases   ] GC(281)   Evacuate Collection Set: 43.26ms
[2026-05-23T05:01:52.726+0000][862.171s][gc,phases   ] GC(281)   Post Evacuate Collection Set: 0.39ms
[2026-05-23T05:01:52.726+0000][862.171s][gc,phases   ] GC(281)   Other: 0.13ms
[2026-05-23T05:01:52.726+0000][862.171s][gc,heap     ] GC(281) Eden regions: 52->0(56)
[2026-05-23T05:01:52.726+0000][862.171s][gc,heap     ] GC(281) Survivor regions: 7->3(8)
[2026-05-23T05:01:52.726+0000][862.171s][gc,heap     ] GC(281) Old regions: 983->984
[2026-05-23T05:01:52.726+0000][862.171s][gc,heap     ] GC(281) Archive regions: 2->2
[2026-05-23T05:01:52.726+0000][862.171s][gc,heap     ] GC(281) Humongous regions: 0->0
[2026-05-23T05:01:52.726+0000][862.171s][gc,metaspace] GC(281) Metaspace: 49034K(49792K)->49034K(49792K) NonClass: 43264K(43648K)->43264K(43648K) Class: 5769K(6144K)->5769K(6144K)
[2026-05-23T05:01:52.726+0000][862.171s][gc          ] GC(281) Pause Young (Normal) (G1 Evacuation Pause) 16674M->15794M(18912M) 44.212ms
[2026-05-23T05:01:52.726+0000][862.171s][gc,cpu      ] GC(281) User=0.17s Sys=0.00s Real=0.04s
[2026-05-23T05:01:55.714+0000][865.159s][gc,start    ] GC(282) Pause Young (Normal) (G1 Evacuation Pause)
[2026-05-23T05:01:55.714+0000][865.159s][gc,task     ] GC(282) Using 4 workers of 4 for evacuation
[2026-05-23T05:01:55.842+0000][865.287s][gc,phases   ] GC(282)   Pre Evacuate Collection Set: 0.12ms
[2026-05-23T05:01:55.842+0000][865.287s][gc,phases   ] GC(282)   Merge Heap Roots: 0.21ms
[2026-05-23T05:01:55.842+0000][865.287s][gc,phases   ] GC(282)   Evacuate Collection Set: 126.97ms
[2026-05-23T05:01:55.842+0000][865.287s][gc,phases   ] GC(282)   Post Evacuate Collection Set: 0.47ms
[2026-05-23T05:01:55.842+0000][865.287s][gc,phases   ] GC(282)   Other: 0.11ms
[2026-05-23T05:01:55.842+0000][865.287s][gc,heap     ] GC(282) Eden regions: 56->0(51)
[2026-05-23T05:01:55.842+0000][865.287s][gc,heap     ] GC(282) Survivor regions: 3->8(8)
[2026-05-23T05:01:55.842+0000][865.287s][gc,heap     ] GC(282) Old regions: 984->985
[2026-05-23T05:01:55.842+0000][865.287s][gc,heap     ] GC(282) Archive regions: 2->2
[2026-05-23T05:01:55.842+0000][865.287s][gc,heap     ] GC(282) Humongous regions: 0->0
[2026-05-23T05:01:55.842+0000][865.287s][gc,metaspace] GC(282) Metaspace: 49034K(49792K)->49034K(49792K) NonClass: 43264K(43648K)->43264K(43648K) Class: 5769K(6144K)->5769K(6144K)
[2026-05-23T05:01:55.842+0000][865.287s][gc          ] GC(282) Pause Young (Normal) (G1 Evacuation Pause) 16690M->15894M(18912M) 127.965ms
[2026-05-23T05:01:55.842+0000][865.287s][gc,cpu      ] GC(282) User=0.50s Sys=0.00s Real=0.13s
[2026-05-23T05:01:59.160+0000][868.606s][gc,start    ] GC(283) Pause Young (Normal) (G1 Evacuation Pause)
[2026-05-23T05:01:59.160+0000][868.606s][gc,task     ] GC(283) Using 4 workers of 4 for evacuation
[2026-05-23T05:01:59.382+0000][868.827s][gc,mmu      ] GC(283) MMU target violated: 201.0ms (200.0ms/201.0ms)
[2026-05-23T05:01:59.382+0000][868.827s][gc,phases   ] GC(283)   Pre Evacuate Collection Set: 0.12ms
[2026-05-23T05:01:59.382+0000][868.827s][gc,phases   ] GC(283)   Merge Heap Roots: 0.31ms
[2026-05-23T05:01:59.382+0000][868.827s][gc,phases   ] GC(283)   Evacuate Collection Set: 220.57ms
[2026-05-23T05:01:59.382+0000][868.827s][gc,phases   ] GC(283)   Post Evacuate Collection Set: 0.52ms
[2026-05-23T05:01:59.382+0000][868.827s][gc,phases   ] GC(283)   Other: 0.15ms
[2026-05-23T05:01:59.382+0000][868.827s][gc,heap     ] GC(283) Eden regions: 51->0(51)
[2026-05-23T05:01:59.382+0000][868.827s][gc,heap     ] GC(283) Survivor regions: 8->8(8)
[2026-05-23T05:01:59.382+0000][868.827s][gc,heap     ] GC(283) Old regions: 985->991
[2026-05-23T05:01:59.382+0000][868.827s][gc,heap     ] GC(283) Archive regions: 2->2
[2026-05-23T05:01:59.382+0000][868.827s][gc,heap     ] GC(283) Humongous regions: 0->0
[2026-05-23T05:01:59.382+0000][868.827s][gc,metaspace] GC(283) Metaspace: 49035K(49792K)->49035K(49792K) NonClass: 43265K(43648K)->43265K(43648K) Class: 5769K(6144K)->5769K(6144K)
[2026-05-23T05:01:59.382+0000][868.827s][gc          ] GC(283) Pause Young (Normal) (G1 Evacuation Pause) 16710M->15996M(18912M) 221.737ms
[2026-05-23T05:01:59.382+0000][868.827s][gc,cpu      ] GC(283) User=0.87s Sys=0.00s Real=0.22s
[2026-05-23T05:02:04.085+0000][873.531s][gc,start    ] GC(284) Pause Young (Normal) (G1 Evacuation Pause)
[2026-05-23T05:02:04.086+0000][873.531s][gc,task     ] GC(284) Using 4 workers of 4 for evacuation
[2026-05-23T05:02:04.309+0000][873.755s][gc,mmu      ] GC(284) MMU target violated: 201.0ms (200.0ms/201.0ms)
[2026-05-23T05:02:04.309+0000][873.755s][gc,phases   ] GC(284)   Pre Evacuate Collection Set: 0.12ms
[2026-05-23T05:02:04.309+0000][873.755s][gc,phases   ] GC(284)   Merge Heap Roots: 0.53ms
[2026-05-23T05:02:04.309+0000][873.755s][gc,phases   ] GC(284)   Evacuate Collection Set: 221.99ms
[2026-05-23T05:02:04.309+0000][873.755s][gc,phases   ] GC(284)   Post Evacuate Collection Set: 0.58ms
[2026-05-23T05:02:04.309+0000][873.755s][gc,phases   ] GC(284)   Other: 0.21ms
[2026-05-23T05:02:04.309+0000][873.755s][gc,heap     ] GC(284) Eden regions: 51->0(51)
[2026-05-23T05:02:04.309+0000][873.755s][gc,heap     ] GC(284) Survivor regions: 8->8(8)
[2026-05-23T05:02:04.309+0000][873.755s][gc,heap     ] GC(284) Old regions: 991->997
[2026-05-23T05:02:04.309+0000][873.755s][gc,heap     ] GC(284) Archive regions: 2->2
[2026-05-23T05:02:04.309+0000][873.755s][gc,heap     ] GC(284) Humongous regions: 0->0
[2026-05-23T05:02:04.309+0000][873.755s][gc,metaspace] GC(284) Metaspace: 49035K(49792K)->49035K(49792K) NonClass: 43265K(43648K)->43265K(43648K) Class: 5769K(6144K)->5769K(6144K)
[2026-05-23T05:02:04.309+0000][873.755s][gc          ] GC(284) Pause Young (Normal) (G1 Evacuation Pause) 16812M->16087M(18912M) 223.481ms
[2026-05-23T05:02:04.309+0000][873.755s][gc,cpu      ] GC(284) User=0.88s Sys=0.00s Real=0.23s
[2026-05-23T05:02:09.235+0000][878.681s][gc,start    ] GC(285) Pause Young (Normal) (G1 Evacuation Pause)
[2026-05-23T05:02:09.235+0000][878.681s][gc,task     ] GC(285) Using 4 workers of 4 for evacuation
[2026-05-23T05:02:09.580+0000][879.026s][gc,mmu      ] GC(285) MMU target violated: 201.0ms (200.0ms/201.0ms)
[2026-05-23T05:02:09.580+0000][879.026s][gc,phases   ] GC(285)   Pre Evacuate Collection Set: 0.12ms
[2026-05-23T05:02:09.580+0000][879.026s][gc,phases   ] GC(285)   Merge Heap Roots: 1.45ms
[2026-05-23T05:02:09.580+0000][879.026s][gc,phases   ] GC(285)   Evacuate Collection Set: 342.74ms
[2026-05-23T05:02:09.580+0000][879.026s][gc,phases   ] GC(285)   Post Evacuate Collection Set: 0.75ms
[2026-05-23T05:02:09.580+0000][879.026s][gc,phases   ] GC(285)   Other: 0.18ms
[2026-05-23T05:02:09.580+0000][879.026s][gc,heap     ] GC(285) Eden regions: 51->0(51)
[2026-05-23T05:02:09.580+0000][879.026s][gc,heap     ] GC(285) Survivor regions: 8->8(8)
[2026-05-23T05:02:09.580+0000][879.026s][gc,heap     ] GC(285) Old regions: 997->1004
[2026-05-23T05:02:09.580+0000][879.026s][gc,heap     ] GC(285) Archive regions: 2->2
[2026-05-23T05:02:09.580+0000][879.026s][gc,heap     ] GC(285) Humongous regions: 0->0
[2026-05-23T05:02:09.580+0000][879.026s][gc,metaspace] GC(285) Metaspace: 49035K(49792K)->49035K(49792K) NonClass: 43265K(43648K)->43265K(43648K) Class: 5769K(6144K)->5769K(6144K)
[2026-05-23T05:02:09.580+0000][879.026s][gc          ] GC(285) Pause Young (Normal) (G1 Evacuation Pause) 16903M->16199M(18912M) 345.295ms
[2026-05-23T05:02:09.580+0000][879.026s][gc,cpu      ] GC(285) User=1.35s Sys=0.00s Real=0.35s
[2026-05-23T05:02:14.404+0000][883.850s][gc,start    ] GC(286) Pause Young (Normal) (G1 Evacuation Pause)
[2026-05-23T05:02:14.404+0000][883.850s][gc,task     ] GC(286) Using 4 workers of 4 for evacuation
[2026-05-23T05:02:14.592+0000][884.037s][gc,phases   ] GC(286)   Pre Evacuate Collection Set: 0.12ms
[2026-05-23T05:02:14.592+0000][884.037s][gc,phases   ] GC(286)   Merge Heap Roots: 1.81ms
[2026-05-23T05:02:14.592+0000][884.037s][gc,phases   ] GC(286)   Evacuate Collection Set: 184.77ms
[2026-05-23T05:02:14.592+0000][884.037s][gc,phases   ] GC(286)   Post Evacuate Collection Set: 0.61ms
[2026-05-23T05:02:14.592+0000][884.037s][gc,phases   ] GC(286)   Other: 0.13ms
[2026-05-23T05:02:14.592+0000][884.037s][gc,heap     ] GC(286) Eden regions: 51->0(51)
[2026-05-23T05:02:14.592+0000][884.037s][gc,heap     ] GC(286) Survivor regions: 8->8(8)
[2026-05-23T05:02:14.592+0000][884.037s][gc,heap     ] GC(286) Old regions: 1004->1007
[2026-05-23T05:02:14.592+0000][884.037s][gc,heap     ] GC(286) Archive regions: 2->2
[2026-05-23T05:02:14.592+0000][884.037s][gc,heap     ] GC(286) Humongous regions: 0->0
[2026-05-23T05:02:14.592+0000][884.037s][gc,metaspace] GC(286) Metaspace: 49036K(49792K)->49036K(49792K) NonClass: 43266K(43648K)->43266K(43648K) Class: 5769K(6144K)->5769K(6144K)
[2026-05-23T05:02:14.592+0000][884.037s][gc          ] GC(286) Pause Young (Normal) (G1 Evacuation Pause) 17015M->16255M(18912M) 187.535ms
[2026-05-23T05:02:14.592+0000][884.037s][gc,cpu      ] GC(286) User=0.74s Sys=0.00s Real=0.19s
[2026-05-23T05:02:18.438+0000][887.884s][gc,start    ] GC(287) Pause Young (Normal) (G1 Evacuation Pause)
[2026-05-23T05:02:18.438+0000][887.884s][gc,task     ] GC(287) Using 4 workers of 4 for evacuation
[2026-05-23T05:02:18.694+0000][888.140s][gc,mmu      ] GC(287) MMU target violated: 201.0ms (200.0ms/201.0ms)
[2026-05-23T05:02:18.694+0000][888.140s][gc,phases   ] GC(287)   Pre Evacuate Collection Set: 0.12ms
[2026-05-23T05:02:18.694+0000][888.140s][gc,phases   ] GC(287)   Merge Heap Roots: 0.99ms
[2026-05-23T05:02:18.694+0000][888.140s][gc,phases   ] GC(287)   Evacuate Collection Set: 254.47ms
[2026-05-23T05:02:18.694+0000][888.140s][gc,phases   ] GC(287)   Post Evacuate Collection Set: 0.53ms
[2026-05-23T05:02:18.694+0000][888.140s][gc,phases   ] GC(287)   Other: 0.14ms
[2026-05-23T05:02:18.694+0000][888.140s][gc,heap     ] GC(287) Eden regions: 51->0(51)
[2026-05-23T05:02:18.694+0000][888.140s][gc,heap     ] GC(287) Survivor regions: 8->8(8)
[2026-05-23T05:02:18.694+0000][888.140s][gc,heap     ] GC(287) Old regions: 1007->1012
[2026-05-23T05:02:18.694+0000][888.140s][gc,heap     ] GC(287) Archive regions: 2->2
[2026-05-23T05:02:18.694+0000][888.140s][gc,heap     ] GC(287) Humongous regions: 0->0
[2026-05-23T05:02:18.694+0000][888.140s][gc,metaspace] GC(287) Metaspace: 49036K(49792K)->49036K(49792K) NonClass: 43266K(43648K)->43266K(43648K) Class: 5769K(6144K)->5769K(6144K)
[2026-05-23T05:02:18.694+0000][888.140s][gc          ] GC(287) Pause Young (Normal) (G1 Evacuation Pause) 17071M->16323M(18912M) 256.306ms
[2026-05-23T05:02:18.694+0000][888.140s][gc,cpu      ] GC(287) User=1.01s Sys=0.00s Real=0.26s
[2026-05-23T05:02:21.024+0000][890.470s][gc,start    ] GC(288) Pause Young (Normal) (G1 Evacuation Pause)
[2026-05-23T05:02:21.024+0000][890.470s][gc,task     ] GC(288) Using 4 workers of 4 for evacuation
[2026-05-23T05:02:21.389+0000][890.834s][gc,mmu      ] GC(288) MMU target violated: 201.0ms (200.0ms/201.0ms)
[2026-05-23T05:02:21.389+0000][890.834s][gc,phases   ] GC(288)   Pre Evacuate Collection Set: 0.12ms
[2026-05-23T05:02:21.389+0000][890.834s][gc,phases   ] GC(288)   Merge Heap Roots: 0.47ms
[2026-05-23T05:02:21.389+0000][890.834s][gc,phases   ] GC(288)   Evacuate Collection Set: 362.99ms
[2026-05-23T05:02:21.389+0000][890.834s][gc,phases   ] GC(288)   Post Evacuate Collection Set: 0.81ms
[2026-05-23T05:02:21.389+0000][890.834s][gc,phases   ] GC(288)   Other: 0.15ms
[2026-05-23T05:02:21.389+0000][890.834s][gc,heap     ] GC(288) Eden regions: 51->0(51)
[2026-05-23T05:02:21.389+0000][890.834s][gc,heap     ] GC(288) Survivor regions: 8->8(8)
[2026-05-23T05:02:21.389+0000][890.834s][gc,heap     ] GC(288) Old regions: 1012->1022
[2026-05-23T05:02:21.389+0000][890.834s][gc,heap     ] GC(288) Archive regions: 2->2
[2026-05-23T05:02:21.389+0000][890.834s][gc,heap     ] GC(288) Humongous regions: 0->0
[2026-05-23T05:02:21.389+0000][890.834s][gc,metaspace] GC(288) Metaspace: 49036K(49792K)->49036K(49792K) NonClass: 43266K(43648K)->43266K(43648K) Class: 5769K(6144K)->5769K(6144K)
[2026-05-23T05:02:21.389+0000][890.834s][gc          ] GC(288) Pause Young (Normal) (G1 Evacuation Pause) 17139M->16495M(18912M) 364.599ms
[2026-05-23T05:02:21.389+0000][890.834s][gc,cpu      ] GC(288) User=1.44s Sys=0.00s Real=0.37s
[2026-05-23T05:02:24.548+0000][893.994s][gc,start    ] GC(289) Pause Young (Normal) (G1 Evacuation Pause)
[2026-05-23T05:02:24.548+0000][893.994s][gc,task     ] GC(289) Using 4 workers of 4 for evacuation
[2026-05-23T05:02:24.870+0000][894.316s][gc,mmu      ] GC(289) MMU target violated: 201.0ms (200.0ms/201.0ms)
[2026-05-23T05:02:24.870+0000][894.316s][gc,phases   ] GC(289)   Pre Evacuate Collection Set: 0.12ms
[2026-05-23T05:02:24.870+0000][894.316s][gc,phases   ] GC(289)   Merge Heap Roots: 2.26ms
[2026-05-23T05:02:24.870+0000][894.316s][gc,phases   ] GC(289)   Evacuate Collection Set: 318.34ms
[2026-05-23T05:02:24.870+0000][894.316s][gc,phases   ] GC(289)   Post Evacuate Collection Set: 1.03ms
[2026-05-23T05:02:24.870+0000][894.316s][gc,phases   ] GC(289)   Other: 0.17ms
[2026-05-23T05:02:24.870+0000][894.316s][gc,heap     ] GC(289) Eden regions: 51->0(51)
[2026-05-23T05:02:24.870+0000][894.316s][gc,heap     ] GC(289) Survivor regions: 8->8(8)
[2026-05-23T05:02:24.870+0000][894.316s][gc,heap     ] GC(289) Old regions: 1022->1034
[2026-05-23T05:02:24.870+0000][894.316s][gc,heap     ] GC(289) Archive regions: 2->2
[2026-05-23T05:02:24.870+0000][894.316s][gc,heap     ] GC(289) Humongous regions: 0->0
[2026-05-23T05:02:24.870+0000][894.316s][gc,metaspace] GC(289) Metaspace: 49036K(49792K)->49036K(49792K) NonClass: 43266K(43648K)->43266K(43648K) Class: 5769K(6144K)->5769K(6144K)
[2026-05-23T05:02:24.870+0000][894.316s][gc          ] GC(289) Pause Young (Normal) (G1 Evacuation Pause) 17311M->16678M(18912M) 321.993ms
[2026-05-23T05:02:24.870+0000][894.316s][gc,cpu      ] GC(289) User=1.28s Sys=0.00s Real=0.33s
[2026-05-23T05:02:30.424+0000][899.870s][gc,start    ] GC(290) Pause Young (Concurrent Start) (G1 Evacuation Pause)
[2026-05-23T05:02:30.424+0000][899.870s][gc,task     ] GC(290) Using 4 workers of 4 for evacuation
[2026-05-23T05:02:30.603+0000][900.048s][gc,phases   ] GC(290)   Pre Evacuate Collection Set: 0.15ms
[2026-05-23T05:02:30.603+0000][900.048s][gc,phases   ] GC(290)   Merge Heap Roots: 4.38ms
[2026-05-23T05:02:30.603+0000][900.048s][gc,phases   ] GC(290)   Evacuate Collection Set: 172.58ms
[2026-05-23T05:02:30.603+0000][900.048s][gc,phases   ] GC(290)   Post Evacuate Collection Set: 1.12ms
[2026-05-23T05:02:30.603+0000][900.048s][gc,phases   ] GC(290)   Other: 0.20ms
[2026-05-23T05:02:30.603+0000][900.048s][gc,heap     ] GC(290) Eden regions: 51->0(54)
[2026-05-23T05:02:30.603+0000][900.048s][gc,heap     ] GC(290) Survivor regions: 8->5(8)
[2026-05-23T05:02:30.603+0000][900.048s][gc,heap     ] GC(290) Old regions: 1034->1039
[2026-05-23T05:02:30.603+0000][900.048s][gc,heap     ] GC(290) Archive regions: 2->2
[2026-05-23T05:02:30.603+0000][900.048s][gc,heap     ] GC(290) Humongous regions: 0->0
[2026-05-23T05:02:30.603+0000][900.048s][gc,metaspace] GC(290) Metaspace: 49036K(49792K)->49036K(49792K) NonClass: 43266K(43648K)->43266K(43648K) Class: 5769K(6144K)->5769K(6144K)
[2026-05-23T05:02:30.603+0000][900.048s][gc          ] GC(290) Pause Young (Concurrent Start) (G1 Evacuation Pause) 17494M->16708M(18912M) 178.513ms
[2026-05-23T05:02:30.603+0000][900.048s][gc,cpu      ] GC(290) User=0.70s Sys=0.00s Real=0.18s
[2026-05-23T05:02:30.603+0000][900.048s][gc          ] GC(291) Concurrent Mark Cycle
[2026-05-23T05:02:30.603+0000][900.048s][gc,marking  ] GC(291) Concurrent Clear Claimed Marks
[2026-05-23T05:02:30.603+0000][900.048s][gc,marking  ] GC(291) Concurrent Clear Claimed Marks 0.047ms
[2026-05-23T05:02:30.603+0000][900.048s][gc,marking  ] GC(291) Concurrent Scan Root Regions
[2026-05-23T05:02:30.727+0000][900.173s][gc,marking  ] GC(291) Concurrent Scan Root Regions 124.575ms
[2026-05-23T05:02:30.727+0000][900.173s][gc,marking  ] GC(291) Concurrent Mark
[2026-05-23T05:02:30.727+0000][900.173s][gc,marking  ] GC(291) Concurrent Mark From Roots
[2026-05-23T05:02:30.727+0000][900.173s][gc,task     ] GC(291) Using 1 workers of 1 for marking
[2026-05-23T05:02:32.059+0000][901.505s][gc,marking  ] GC(291) Concurrent Mark From Roots 1331.530ms
[2026-05-23T05:02:32.059+0000][901.505s][gc,marking  ] GC(291) Concurrent Preclean
[2026-05-23T05:02:32.059+0000][901.505s][gc,marking  ] GC(291) Concurrent Preclean 0.080ms
[2026-05-23T05:02:32.059+0000][901.505s][gc,start    ] GC(291) Pause Remark
[2026-05-23T05:02:32.078+0000][901.524s][gc          ] GC(291) Pause Remark 17084M->4428M(14880M) 18.628ms
[2026-05-23T05:02:32.078+0000][901.524s][gc,cpu      ] GC(291) User=0.06s Sys=0.00s Real=0.01s
[2026-05-23T05:02:32.078+0000][901.524s][gc,marking  ] GC(291) Concurrent Mark 1350.517ms
[2026-05-23T05:02:32.078+0000][901.524s][gc,marking  ] GC(291) Concurrent Rebuild Remembered Sets
[2026-05-23T05:02:33.211+0000][902.656s][gc,marking  ] GC(291) Concurrent Rebuild Remembered Sets 1132.574ms
[2026-05-23T05:02:33.211+0000][902.656s][gc,start    ] GC(291) Pause Cleanup
[2026-05-23T05:02:33.211+0000][902.657s][gc          ] GC(291) Pause Cleanup 4564M->4564M(14880M) 0.407ms
[2026-05-23T05:02:33.211+0000][902.657s][gc,cpu      ] GC(291) User=0.00s Sys=0.00s Real=0.00s
[2026-05-23T05:02:33.211+0000][902.657s][gc,marking  ] GC(291) Concurrent Cleanup for Next Mark
[2026-05-23T05:02:33.274+0000][902.719s][gc,marking  ] GC(291) Concurrent Cleanup for Next Mark 62.409ms
[2026-05-23T05:02:33.274+0000][902.719s][gc          ] GC(291) Concurrent Mark Cycle 2670.919ms
[2026-05-23T05:02:34.050+0000][903.496s][gc,start    ] GC(292) Pause Young (Prepare Mixed) (G1 Evacuation Pause)
[2026-05-23T05:02:34.050+0000][903.496s][gc,task     ] GC(292) Using 4 workers of 4 for evacuation
[2026-05-23T05:02:34.239+0000][903.685s][gc,phases   ] GC(292)   Pre Evacuate Collection Set: 0.13ms
[2026-05-23T05:02:34.239+0000][903.685s][gc,phases   ] GC(292)   Merge Heap Roots: 2.18ms
[2026-05-23T05:02:34.239+0000][903.685s][gc,phases   ] GC(292)   Evacuate Collection Set: 186.15ms
[2026-05-23T05:02:34.239+0000][903.685s][gc,phases   ] GC(292)   Post Evacuate Collection Set: 0.58ms
[2026-05-23T05:02:34.239+0000][903.685s][gc,phases   ] GC(292)   Other: 0.12ms
[2026-05-23T05:02:34.239+0000][903.685s][gc,heap     ] GC(292) Eden regions: 54->0(38)
[2026-05-23T05:02:34.239+0000][903.685s][gc,heap     ] GC(292) Survivor regions: 5->8(8)
[2026-05-23T05:02:34.239+0000][903.685s][gc,heap     ] GC(292) Old regions: 248->253
[2026-05-23T05:02:34.239+0000][903.685s][gc,heap     ] GC(292) Archive regions: 2->2
[2026-05-23T05:02:34.239+0000][903.685s][gc,heap     ] GC(292) Humongous regions: 0->0
[2026-05-23T05:02:34.239+0000][903.685s][gc,metaspace] GC(292) Metaspace: 43643K(45312K)->43643K(45312K) NonClass: 38855K(40064K)->38855K(40064K) Class: 4787K(5248K)->4787K(5248K)
[2026-05-23T05:02:34.239+0000][903.685s][gc          ] GC(292) Pause Young (Prepare Mixed) (G1 Evacuation Pause) 4916M->4172M(14880M) 189.273ms
[2026-05-23T05:02:34.239+0000][903.685s][gc,cpu      ] GC(292) User=0.74s Sys=0.00s Real=0.19s
[2026-05-23T05:02:37.178+0000][906.624s][gc,start    ] GC(293) Pause Young (Mixed) (G1 Evacuation Pause)
[2026-05-23T05:02:37.178+0000][906.624s][gc,task     ] GC(293) Using 4 workers of 4 for evacuation
[2026-05-23T05:02:37.389+0000][906.835s][gc,mmu      ] GC(293) MMU target violated: 201.0ms (200.0ms/201.0ms)
[2026-05-23T05:02:37.390+0000][906.835s][gc,phases   ] GC(293)   Pre Evacuate Collection Set: 0.11ms
[2026-05-23T05:02:37.390+0000][906.835s][gc,phases   ] GC(293)   Merge Heap Roots: 0.74ms
[2026-05-23T05:02:37.390+0000][906.835s][gc,phases   ] GC(293)   Evacuate Collection Set: 209.69ms
[2026-05-23T05:02:37.390+0000][906.835s][gc,phases   ] GC(293)   Post Evacuate Collection Set: 0.57ms
[2026-05-23T05:02:37.390+0000][906.835s][gc,phases   ] GC(293)   Other: 0.19ms
[2026-05-23T05:02:37.390+0000][906.835s][gc,heap     ] GC(293) Eden regions: 38->0(41)
[2026-05-23T05:02:37.390+0000][906.835s][gc,heap     ] GC(293) Survivor regions: 8->5(6)
[2026-05-23T05:02:37.390+0000][906.835s][gc,heap     ] GC(293) Old regions: 253->236
[2026-05-23T05:02:37.390+0000][906.835s][gc,heap     ] GC(293) Archive regions: 2->2
[2026-05-23T05:02:37.390+0000][906.835s][gc,heap     ] GC(293) Humongous regions: 0->0
[2026-05-23T05:02:37.390+0000][906.835s][gc,metaspace] GC(293) Metaspace: 43643K(45312K)->43643K(45312K) NonClass: 38855K(40064K)->38855K(40064K) Class: 4787K(5248K)->4787K(5248K)
[2026-05-23T05:02:37.390+0000][906.835s][gc          ] GC(293) Pause Young (Mixed) (G1 Evacuation Pause) 4780M->3854M(14880M) 211.382ms
[2026-05-23T05:02:37.390+0000][906.835s][gc,cpu      ] GC(293) User=0.83s Sys=0.00s Real=0.22s
[2026-05-23T05:02:40.547+0000][909.993s][gc,start    ] GC(294) Pause Young (Mixed) (G1 Evacuation Pause)
[2026-05-23T05:02:40.547+0000][909.993s][gc,task     ] GC(294) Using 4 workers of 4 for evacuation
[2026-05-23T05:02:40.724+0000][910.170s][gc,phases   ] GC(294)   Pre Evacuate Collection Set: 0.12ms
[2026-05-23T05:02:40.724+0000][910.170s][gc,phases   ] GC(294)   Merge Heap Roots: 0.39ms
[2026-05-23T05:02:40.724+0000][910.170s][gc,phases   ] GC(294)   Evacuate Collection Set: 175.65ms
[2026-05-23T05:02:40.724+0000][910.170s][gc,phases   ] GC(294)   Post Evacuate Collection Set: 0.58ms
[2026-05-23T05:02:40.724+0000][910.170s][gc,phases   ] GC(294)   Other: 0.11ms
[2026-05-23T05:02:40.724+0000][910.170s][gc,heap     ] GC(294) Eden regions: 41->0(40)
[2026-05-23T05:02:40.724+0000][910.170s][gc,heap     ] GC(294) Survivor regions: 5->6(6)
[2026-05-23T05:02:40.724+0000][910.170s][gc,heap     ] GC(294) Old regions: 236->220
[2026-05-23T05:02:40.724+0000][910.170s][gc,heap     ] GC(294) Archive regions: 2->2
[2026-05-23T05:02:40.724+0000][910.170s][gc,heap     ] GC(294) Humongous regions: 0->0
[2026-05-23T05:02:40.724+0000][910.170s][gc,metaspace] GC(294) Metaspace: 43643K(45312K)->43643K(45312K) NonClass: 38855K(40064K)->38855K(40064K) Class: 4787K(5248K)->4787K(5248K)
[2026-05-23T05:02:40.724+0000][910.170s][gc          ] GC(294) Pause Young (Mixed) (G1 Evacuation Pause) 4510M->3611M(14880M) 176.942ms
[2026-05-23T05:02:40.724+0000][910.170s][gc,cpu      ] GC(294) User=0.70s Sys=0.00s Real=0.18s
[2026-05-23T05:02:42.667+0000][912.113s][gc,start    ] GC(295) Pause Young (Mixed) (G1 Evacuation Pause)
[2026-05-23T05:02:42.667+0000][912.113s][gc,task     ] GC(295) Using 4 workers of 4 for evacuation
[2026-05-23T05:02:42.799+0000][912.245s][gc,phases   ] GC(295)   Pre Evacuate Collection Set: 0.12ms
[2026-05-23T05:02:42.799+0000][912.245s][gc,phases   ] GC(295)   Merge Heap Roots: 0.48ms
[2026-05-23T05:02:42.799+0000][912.245s][gc,phases   ] GC(295)   Evacuate Collection Set: 131.09ms
[2026-05-23T05:02:42.799+0000][912.245s][gc,phases   ] GC(295)   Post Evacuate Collection Set: 0.54ms
[2026-05-23T05:02:42.799+0000][912.245s][gc,phases   ] GC(295)   Other: 0.11ms
[2026-05-23T05:02:42.799+0000][912.245s][gc,heap     ] GC(295) Eden regions: 40->0(40)
[2026-05-23T05:02:42.799+0000][912.245s][gc,heap     ] GC(295) Survivor regions: 6->6(6)
[2026-05-23T05:02:42.799+0000][912.245s][gc,heap     ] GC(295) Old regions: 220->204
[2026-05-23T05:02:42.799+0000][912.245s][gc,heap     ] GC(295) Archive regions: 2->2
[2026-05-23T05:02:42.799+0000][912.245s][gc,heap     ] GC(295) Humongous regions: 0->0
[2026-05-23T05:02:42.799+0000][912.245s][gc,metaspace] GC(295) Metaspace: 43643K(45312K)->43643K(45312K) NonClass: 38855K(40064K)->38855K(40064K) Class: 4787K(5248K)->4787K(5248K)
[2026-05-23T05:02:42.799+0000][912.245s][gc          ] GC(295) Pause Young (Mixed) (G1 Evacuation Pause) 4251M->3356M(14880M) 132.437ms
[2026-05-23T05:02:42.799+0000][912.245s][gc,cpu      ] GC(295) User=0.52s Sys=0.00s Real=0.14s
[2026-05-23T05:02:45.147+0000][914.593s][gc,start    ] GC(296) Pause Young (Mixed) (G1 Evacuation Pause)
[2026-05-23T05:02:45.147+0000][914.593s][gc,task     ] GC(296) Using 4 workers of 4 for evacuation
[2026-05-23T05:02:45.303+0000][914.749s][gc,phases   ] GC(296)   Pre Evacuate Collection Set: 0.13ms
[2026-05-23T05:02:45.303+0000][914.749s][gc,phases   ] GC(296)   Merge Heap Roots: 0.37ms
[2026-05-23T05:02:45.303+0000][914.749s][gc,phases   ] GC(296)   Evacuate Collection Set: 155.47ms
[2026-05-23T05:02:45.303+0000][914.749s][gc,phases   ] GC(296)   Post Evacuate Collection Set: 0.58ms
[2026-05-23T05:02:45.304+0000][914.749s][gc,phases   ] GC(296)   Other: 0.11ms
[2026-05-23T05:02:45.304+0000][914.749s][gc,heap     ] GC(296) Eden regions: 40->0(40)
[2026-05-23T05:02:45.304+0000][914.749s][gc,heap     ] GC(296) Survivor regions: 6->6(6)
[2026-05-23T05:02:45.304+0000][914.749s][gc,heap     ] GC(296) Old regions: 204->188
[2026-05-23T05:02:45.304+0000][914.749s][gc,heap     ] GC(296) Archive regions: 2->2
[2026-05-23T05:02:45.304+0000][914.749s][gc,heap     ] GC(296) Humongous regions: 0->0
[2026-05-23T05:02:45.304+0000][914.749s][gc,metaspace] GC(296) Metaspace: 43643K(45312K)->43643K(45312K) NonClass: 38855K(40064K)->38855K(40064K) Class: 4787K(5248K)->4787K(5248K)
[2026-05-23T05:02:45.304+0000][914.749s][gc          ] GC(296) Pause Young (Mixed) (G1 Evacuation Pause) 3996M->3111M(14880M) 156.769ms
[2026-05-23T05:02:45.304+0000][914.749s][gc,cpu      ] GC(296) User=0.61s Sys=0.00s Real=0.16s
[2026-05-23T05:02:47.917+0000][917.363s][gc,start    ] GC(297) Pause Young (Mixed) (G1 Evacuation Pause)
[2026-05-23T05:02:47.917+0000][917.363s][gc,task     ] GC(297) Using 4 workers of 4 for evacuation
[2026-05-23T05:02:48.123+0000][917.569s][gc,mmu      ] GC(297) MMU target violated: 201.0ms (200.0ms/201.0ms)
[2026-05-23T05:02:48.123+0000][917.569s][gc,phases   ] GC(297)   Pre Evacuate Collection Set: 0.12ms
[2026-05-23T05:02:48.123+0000][917.569s][gc,phases   ] GC(297)   Merge Heap Roots: 0.68ms
[2026-05-23T05:02:48.123+0000][917.569s][gc,phases   ] GC(297)   Evacuate Collection Set: 204.26ms
[2026-05-23T05:02:48.123+0000][917.569s][gc,phases   ] GC(297)   Post Evacuate Collection Set: 0.68ms
[2026-05-23T05:02:48.123+0000][917.569s][gc,phases   ] GC(297)   Other: 0.17ms
[2026-05-23T05:02:48.123+0000][917.569s][gc,heap     ] GC(297) Eden regions: 40->0(40)
[2026-05-23T05:02:48.123+0000][917.569s][gc,heap     ] GC(297) Survivor regions: 6->6(6)
[2026-05-23T05:02:48.123+0000][917.569s][gc,heap     ] GC(297) Old regions: 188->175
[2026-05-23T05:02:48.123+0000][917.569s][gc,heap     ] GC(297) Archive regions: 2->2
[2026-05-23T05:02:48.123+0000][917.569s][gc,heap     ] GC(297) Humongous regions: 0->0
[2026-05-23T05:02:48.123+0000][917.569s][gc,metaspace] GC(297) Metaspace: 43643K(45312K)->43643K(45312K) NonClass: 38855K(40064K)->38855K(40064K) Class: 4787K(5248K)->4787K(5248K)
[2026-05-23T05:02:48.123+0000][917.569s][gc          ] GC(297) Pause Young (Mixed) (G1 Evacuation Pause) 3751M->2895M(14880M) 205.969ms
[2026-05-23T05:02:48.123+0000][917.569s][gc,cpu      ] GC(297) User=0.81s Sys=0.00s Real=0.21s
[2026-05-23T05:02:50.055+0000][919.500s][gc,start    ] GC(298) Pause Young (Mixed) (G1 Evacuation Pause)
[2026-05-23T05:02:50.055+0000][919.501s][gc,task     ] GC(298) Using 4 workers of 4 for evacuation
[2026-05-23T05:02:50.299+0000][919.745s][gc,mmu      ] GC(298) MMU target violated: 201.0ms (200.0ms/201.0ms)
[2026-05-23T05:02:50.300+0000][919.745s][gc,phases   ] GC(298)   Pre Evacuate Collection Set: 0.12ms
[2026-05-23T05:02:50.300+0000][919.745s][gc,phases   ] GC(298)   Merge Heap Roots: 1.44ms
[2026-05-23T05:02:50.300+0000][919.745s][gc,phases   ] GC(298)   Evacuate Collection Set: 242.16ms
[2026-05-23T05:02:50.300+0000][919.745s][gc,phases   ] GC(298)   Post Evacuate Collection Set: 0.85ms
[2026-05-23T05:02:50.300+0000][919.745s][gc,phases   ] GC(298)   Other: 0.17ms
[2026-05-23T05:02:50.300+0000][919.745s][gc,heap     ] GC(298) Eden regions: 40->0(40)
[2026-05-23T05:02:50.300+0000][919.745s][gc,heap     ] GC(298) Survivor regions: 6->6(6)
[2026-05-23T05:02:50.300+0000][919.745s][gc,heap     ] GC(298) Old regions: 175->165
[2026-05-23T05:02:50.300+0000][919.745s][gc,heap     ] GC(298) Archive regions: 2->2
[2026-05-23T05:02:50.300+0000][919.745s][gc,heap     ] GC(298) Humongous regions: 0->0
[2026-05-23T05:02:50.300+0000][919.745s][gc,metaspace] GC(298) Metaspace: 43645K(45312K)->43645K(45312K) NonClass: 38857K(40064K)->38857K(40064K) Class: 4787K(5248K)->4787K(5248K)
[2026-05-23T05:02:50.300+0000][919.745s][gc          ] GC(298) Pause Young (Mixed) (G1 Evacuation Pause) 3535M->2743M(14880M) 244.823ms
[2026-05-23T05:02:50.300+0000][919.745s][gc,cpu      ] GC(298) User=0.97s Sys=0.00s Real=0.25s
[2026-05-23T05:02:54.649+0000][924.094s][gc,start    ] GC(299) Pause Young (Mixed) (G1 Evacuation Pause)
[2026-05-23T05:02:54.649+0000][924.095s][gc,task     ] GC(299) Using 4 workers of 4 for evacuation
[2026-05-23T05:02:54.825+0000][924.270s][gc,phases   ] GC(299)   Pre Evacuate Collection Set: 0.12ms
[2026-05-23T05:02:54.825+0000][924.270s][gc,phases   ] GC(299)   Merge Heap Roots: 2.91ms
[2026-05-23T05:02:54.825+0000][924.270s][gc,phases   ] GC(299)   Evacuate Collection Set: 169.21ms
[2026-05-23T05:02:54.825+0000][924.270s][gc,phases   ] GC(299)   Post Evacuate Collection Set: 3.57ms
[2026-05-23T05:02:54.825+0000][924.270s][gc,phases   ] GC(299)   Other: 0.13ms
[2026-05-23T05:02:54.825+0000][924.270s][gc,heap     ] GC(299) Eden regions: 40->0(44)
[2026-05-23T05:02:54.825+0000][924.270s][gc,heap     ] GC(299) Survivor regions: 6->6(6)
[2026-05-23T05:02:54.825+0000][924.270s][gc,heap     ] GC(299) Old regions: 165->150
[2026-05-23T05:02:54.825+0000][924.270s][gc,heap     ] GC(299) Archive regions: 2->2
[2026-05-23T05:02:54.825+0000][924.270s][gc,heap     ] GC(299) Humongous regions: 0->0
[2026-05-23T05:02:54.825+0000][924.270s][gc,metaspace] GC(299) Metaspace: 43645K(45312K)->43645K(45312K) NonClass: 38857K(40064K)->38857K(40064K) Class: 4787K(5248K)->4787K(5248K)
[2026-05-23T05:02:54.825+0000][924.270s][gc          ] GC(299) Pause Young (Mixed) (G1 Evacuation Pause) 3383M->2503M(16256M) 176.020ms
[2026-05-23T05:02:54.825+0000][924.270s][gc,cpu      ] GC(299) User=0.69s Sys=0.00s Real=0.17s
[2026-05-23T05:02:56.113+0000][925.559s][gc,heap,exit] Heap
[2026-05-23T05:02:56.113+0000][925.559s][gc,heap,exit]  garbage-first heap   total 16646144K, used 2940852K [0x0000000200000000, 0x0000000800000000)
[2026-05-23T05:02:56.113+0000][925.559s][gc,heap,exit]   region size 16384K, 29 young (475136K), 6 survivors (98304K)
[2026-05-23T05:02:56.113+0000][925.559s][gc,heap,exit]  Metaspace       used 43724K, committed 45376K, reserved 1114112K
[2026-05-23T05:02:56.113+0000][925.559s][gc,heap,exit]   class space    used 4799K, committed 5248K, reserved 1048576K
