[2026-05-23T02:35:07.965+0000][0.003s][gc] Using G1
[2026-05-23T02:35:07.971+0000][0.009s][gc,init] Version: 17.0.19+10-LTS (release)
[2026-05-23T02:35:07.971+0000][0.009s][gc,init] CPUs: 4 total, 4 available
[2026-05-23T02:35:07.971+0000][0.009s][gc,init] Memory: 31461M
[2026-05-23T02:35:07.971+0000][0.009s][gc,init] Large Page Support: Disabled
[2026-05-23T02:35:07.971+0000][0.009s][gc,init] NUMA Support: Disabled
[2026-05-23T02:35:07.971+0000][0.009s][gc,init] Compressed Oops: Enabled (Zero based)
[2026-05-23T02:35:07.971+0000][0.009s][gc,init] Heap Region Size: 16M
[2026-05-23T02:35:07.971+0000][0.009s][gc,init] Heap Min Capacity: 4G
[2026-05-23T02:35:07.971+0000][0.009s][gc,init] Heap Initial Capacity: 4G
[2026-05-23T02:35:07.971+0000][0.009s][gc,init] Heap Max Capacity: 24G
[2026-05-23T02:35:07.971+0000][0.009s][gc,init] Pre-touch: Disabled
[2026-05-23T02:35:07.971+0000][0.009s][gc,init] Parallel Workers: 4
[2026-05-23T02:35:07.971+0000][0.009s][gc,init] Concurrent Workers: 1
[2026-05-23T02:35:07.971+0000][0.009s][gc,init] Concurrent Refinement Workers: 4
[2026-05-23T02:35:07.971+0000][0.009s][gc,init] Periodic GC: Disabled
[2026-05-23T02:35:07.979+0000][0.017s][gc,metaspace] CDS archive(s) mapped at: [0x00007f5e77000000-0x00007f5e77bca000-0x00007f5e77bca000), size 12361728, SharedBaseAddress: 0x00007f5e77000000, ArchiveRelocationMode: 1.
[2026-05-23T02:35:07.979+0000][0.017s][gc,metaspace] Compressed class space mapped at: 0x00007f5e78000000-0x00007f5eb8000000, reserved size: 1073741824
[2026-05-23T02:35:07.979+0000][0.017s][gc,metaspace] Narrow klass base: 0x00007f5e77000000, Narrow klass shift: 0, Narrow klass range: 0x100000000
[2026-05-23T02:37:04.186+0000][116.224s][gc,heap,exit] Heap
[2026-05-23T02:37:04.186+0000][116.224s][gc,heap,exit]  garbage-first heap   total 4227072K, used 73324K [0x0000000200000000, 0x0000000800000000)
[2026-05-23T02:37:04.186+0000][116.224s][gc,heap,exit]   region size 16384K, 4 young (65536K), 0 survivors (0K)
[2026-05-23T02:37:04.186+0000][116.224s][gc,heap,exit]  Metaspace       used 4493K, committed 4672K, reserved 1114112K
[2026-05-23T02:37:04.186+0000][116.224s][gc,heap,exit]   class space    used 467K, committed 576K, reserved 1048576K
