[2026-02-10T21:57:06.062+0530] Using G1
[2026-02-10T21:57:06.069+0530] Version: 17.0.12+8-LTS-286 (release)
[2026-02-10T21:57:06.069+0530] CPUs: 8 total, 4 available
[2026-02-10T21:57:06.069+0530] Memory: 7914M
[2026-02-10T21:57:06.069+0530] Large Page Support: Disabled
[2026-02-10T21:57:06.069+0530] NUMA Support: Disabled
[2026-02-10T21:57:06.069+0530] Compressed Oops: Enabled (32-bit)
[2026-02-10T21:57:06.069+0530] Heap Region Size: 1M
[2026-02-10T21:57:06.069+0530] Heap Min Capacity: 512M
[2026-02-10T21:57:06.069+0530] Heap Initial Capacity: 512M
[2026-02-10T21:57:06.069+0530] Heap Max Capacity: 512M
[2026-02-10T21:57:06.069+0530] Pre-touch: Disabled
[2026-02-10T21:57:06.069+0530] Parallel Workers: 4
[2026-02-10T21:57:06.069+0530] Concurrent Workers: 1
[2026-02-10T21:57:06.069+0530] Concurrent Refinement Workers: 4
[2026-02-10T21:57:06.069+0530] Periodic GC: Disabled
[2026-02-10T21:57:06.084+0530] CDS archive(s) mapped at: [0x000001bb80000000-0x000001bb80bd0000-0x000001bb80bd0000), size 12386304, SharedBaseAddress: 0x000001bb80000000, ArchiveRelocationMode: 1.
[2026-02-10T21:57:06.084+0530] Compressed class space mapped at: 0x000001bb81000000-0x000001bbc1000000, reserved size: 1073741824
[2026-02-10T21:57:06.084+0530] Narrow klass base: 0x000001bb80000000, Narrow klass shift: 0, Narrow klass range: 0x100000000
[2026-02-10T21:57:06.971+0530] GC(0) Pause Young (Normal) (G1 Evacuation Pause)
[2026-02-10T21:57:06.972+0530] GC(0) Using 4 workers of 4 for evacuation
[2026-02-10T21:57:06.987+0530] GC(0)   Pre Evacuate Collection Set: 0.1ms
[2026-02-10T21:57:06.987+0530] GC(0)   Merge Heap Roots: 0.1ms
[2026-02-10T21:57:06.987+0530] GC(0)   Evacuate Collection Set: 13.5ms
[2026-02-10T21:57:06.987+0530] GC(0)   Post Evacuate Collection Set: 0.4ms
[2026-02-10T21:57:06.987+0530] GC(0)   Other: 0.4ms
[2026-02-10T21:57:06.987+0530] GC(0) Eden regions: 25->0(21)
[2026-02-10T21:57:06.987+0530] GC(0) Survivor regions: 0->4(4)
[2026-02-10T21:57:06.987+0530] GC(0) Old regions: 0->4
[2026-02-10T21:57:06.987+0530] GC(0) Archive regions: 0->0
[2026-02-10T21:57:06.987+0530] GC(0) Humongous regions: 5->5
[2026-02-10T21:57:06.987+0530] GC(0) Metaspace: 5435K(5568K)->5435K(5568K) NonClass: 4865K(4928K)->4865K(4928K) Class: 570K(640K)->570K(640K)
[2026-02-10T21:57:06.987+0530] GC(0) Pause Young (Normal) (G1 Evacuation Pause) 30M->12M(512M) 14.857ms
[2026-02-10T21:57:06.987+0530] GC(0) User=0.02s Sys=0.02s Real=0.02s
[2026-02-10T21:57:07.558+0530] GC(1) Pause Young (Normal) (G1 Evacuation Pause)
[2026-02-10T21:57:07.559+0530] GC(1) Using 4 workers of 4 for evacuation
[2026-02-10T21:57:07.569+0530] GC(1)   Pre Evacuate Collection Set: 0.1ms
[2026-02-10T21:57:07.570+0530] GC(1)   Merge Heap Roots: 0.1ms
[2026-02-10T21:57:07.570+0530] GC(1)   Evacuate Collection Set: 9.2ms
[2026-02-10T21:57:07.570+0530] GC(1)   Post Evacuate Collection Set: 0.7ms
[2026-02-10T21:57:07.570+0530] GC(1)   Other: 0.2ms
[2026-02-10T21:57:07.570+0530] GC(1) Eden regions: 21->0(23)
[2026-02-10T21:57:07.570+0530] GC(1) Survivor regions: 4->2(4)
[2026-02-10T21:57:07.570+0530] GC(1) Old regions: 4->8
[2026-02-10T21:57:07.570+0530] GC(1) Archive regions: 0->0
[2026-02-10T21:57:07.570+0530] GC(1) Humongous regions: 5->5
[2026-02-10T21:57:07.570+0530] GC(1) Metaspace: 11728K(11968K)->11728K(11968K) NonClass: 10397K(10496K)->10397K(10496K) Class: 1330K(1472K)->1330K(1472K)
[2026-02-10T21:57:07.570+0530] GC(1) Pause Young (Normal) (G1 Evacuation Pause) 33M->14M(512M) 11.099ms
[2026-02-10T21:57:07.570+0530] GC(1) User=0.05s Sys=0.02s Real=0.01s
[2026-02-10T21:57:07.965+0530] GC(2) Pause Young (Normal) (G1 Evacuation Pause)
[2026-02-10T21:57:07.965+0530] GC(2) Using 4 workers of 4 for evacuation
[2026-02-10T21:57:07.973+0530] GC(2)   Pre Evacuate Collection Set: 0.2ms
[2026-02-10T21:57:07.973+0530] GC(2)   Merge Heap Roots: 0.1ms
[2026-02-10T21:57:07.973+0530] GC(2)   Evacuate Collection Set: 7.3ms
[2026-02-10T21:57:07.973+0530] GC(2)   Post Evacuate Collection Set: 0.6ms
[2026-02-10T21:57:07.973+0530] GC(2)   Other: 0.2ms
[2026-02-10T21:57:07.973+0530] GC(2) Eden regions: 23->0(37)
[2026-02-10T21:57:07.973+0530] GC(2) Survivor regions: 2->4(4)
[2026-02-10T21:57:07.973+0530] GC(2) Old regions: 8->14
[2026-02-10T21:57:07.973+0530] GC(2) Archive regions: 0->0
[2026-02-10T21:57:07.973+0530] GC(2) Humongous regions: 5->5
[2026-02-10T21:57:07.973+0530] GC(2) Metaspace: 14705K(15040K)->14705K(15040K) NonClass: 13037K(13248K)->13037K(13248K) Class: 1668K(1792K)->1668K(1792K)
[2026-02-10T21:57:07.973+0530] GC(2) Pause Young (Normal) (G1 Evacuation Pause) 37M->23M(512M) 8.663ms
[2026-02-10T21:57:07.973+0530] GC(2) User=0.06s Sys=0.00s Real=0.01s
[2026-02-10T21:57:08.862+0530] GC(3) Pause Young (Normal) (G1 Evacuation Pause)
[2026-02-10T21:57:08.862+0530] GC(3) Using 4 workers of 4 for evacuation
[2026-02-10T21:57:08.872+0530] GC(3)   Pre Evacuate Collection Set: 0.1ms
[2026-02-10T21:57:08.872+0530] GC(3)   Merge Heap Roots: 0.1ms
[2026-02-10T21:57:08.872+0530] GC(3)   Evacuate Collection Set: 10.0ms
[2026-02-10T21:57:08.872+0530] GC(3)   Post Evacuate Collection Set: 0.5ms
[2026-02-10T21:57:08.872+0530] GC(3)   Other: 0.2ms
[2026-02-10T21:57:08.872+0530] GC(3) Eden regions: 37->0(177)
[2026-02-10T21:57:08.872+0530] GC(3) Survivor regions: 4->6(6)
[2026-02-10T21:57:08.872+0530] GC(3) Old regions: 14->16
[2026-02-10T21:57:08.872+0530] GC(3) Archive regions: 0->0
[2026-02-10T21:57:08.872+0530] GC(3) Humongous regions: 5->5
[2026-02-10T21:57:08.872+0530] GC(3) Metaspace: 20580K(20928K)->20580K(20928K) NonClass: 18457K(18624K)->18457K(18624K) Class: 2122K(2304K)->2122K(2304K)
[2026-02-10T21:57:08.874+0530] GC(3) Pause Young (Normal) (G1 Evacuation Pause) 60M->25M(512M) 11.084ms
[2026-02-10T21:57:08.874+0530] GC(3) User=0.00s Sys=0.00s Real=0.01s
[2026-02-10T21:57:09.173+0530] GC(4) Pause Young (Concurrent Start) (Metadata GC Threshold)
[2026-02-10T21:57:09.173+0530] GC(4) Using 4 workers of 4 for evacuation
[2026-02-10T21:57:09.184+0530] GC(4)   Pre Evacuate Collection Set: 0.2ms
[2026-02-10T21:57:09.184+0530] GC(4)   Merge Heap Roots: 0.1ms
[2026-02-10T21:57:09.184+0530] GC(4)   Evacuate Collection Set: 8.7ms
[2026-02-10T21:57:09.184+0530] GC(4)   Post Evacuate Collection Set: 0.6ms
[2026-02-10T21:57:09.184+0530] GC(4)   Other: 0.3ms
[2026-02-10T21:57:09.184+0530] GC(4) Eden regions: 3->0(100)
[2026-02-10T21:57:09.184+0530] GC(4) Survivor regions: 6->6(23)
[2026-02-10T21:57:09.184+0530] GC(4) Old regions: 16->16
[2026-02-10T21:57:09.184+0530] GC(4) Archive regions: 0->0
[2026-02-10T21:57:09.184+0530] GC(4) Humongous regions: 5->5
[2026-02-10T21:57:09.184+0530] GC(4) Metaspace: 21229K(21504K)->21229K(21504K) NonClass: 19064K(19200K)->19064K(19200K) Class: 2165K(2304K)->2165K(2304K)
[2026-02-10T21:57:09.184+0530] GC(4) Pause Young (Concurrent Start) (Metadata GC Threshold) 27M->25M(512M) 10.393ms
[2026-02-10T21:57:09.184+0530] GC(4) User=0.03s Sys=0.02s Real=0.01s
[2026-02-10T21:57:09.184+0530] GC(5) Concurrent Mark Cycle
[2026-02-10T21:57:09.184+0530] GC(5) Concurrent Clear Claimed Marks
[2026-02-10T21:57:09.184+0530] GC(5) Concurrent Clear Claimed Marks 0.050ms
[2026-02-10T21:57:09.184+0530] GC(5) Concurrent Scan Root Regions
[2026-02-10T21:57:09.190+0530] GC(5) Concurrent Scan Root Regions 5.257ms
[2026-02-10T21:57:09.190+0530] GC(5) Concurrent Mark
[2026-02-10T21:57:09.190+0530] GC(5) Concurrent Mark From Roots
[2026-02-10T21:57:09.190+0530] GC(5) Using 1 workers of 1 for marking
[2026-02-10T21:57:09.243+0530] GC(5) Concurrent Mark From Roots 52.773ms
[2026-02-10T21:57:09.243+0530] GC(5) Concurrent Preclean
[2026-02-10T21:57:09.243+0530] GC(5) Concurrent Preclean 0.122ms
[2026-02-10T21:57:09.258+0530] GC(5) Pause Remark
[2026-02-10T21:57:09.269+0530] GC(5) Pause Remark 26M->26M(512M) 11.950ms
[2026-02-10T21:57:09.270+0530] GC(5) User=0.03s Sys=0.02s Real=0.01s
[2026-02-10T21:57:09.273+0530] GC(5) Concurrent Mark 83.185ms
[2026-02-10T21:57:09.273+0530] GC(5) Concurrent Rebuild Remembered Sets
[2026-02-10T21:57:09.290+0530] GC(5) Concurrent Rebuild Remembered Sets 16.776ms
[2026-02-10T21:57:09.303+0530] GC(5) Pause Cleanup
[2026-02-10T21:57:09.306+0530] GC(5) Pause Cleanup 26M->26M(512M) 2.728ms
[2026-02-10T21:57:09.308+0530] GC(5) User=0.00s Sys=0.00s Real=0.01s
[2026-02-10T21:57:09.308+0530] GC(5) Concurrent Cleanup for Next Mark
[2026-02-10T21:57:09.313+0530] GC(5) Concurrent Cleanup for Next Mark 4.888ms
[2026-02-10T21:57:09.314+0530] GC(5) Concurrent Mark Cycle 129.265ms
[2026-02-10T21:57:12.342+0530] GC(6) Pause Young (Normal) (G1 Evacuation Pause)
[2026-02-10T21:57:12.342+0530] GC(6) Using 4 workers of 4 for evacuation
[2026-02-10T21:57:12.360+0530] GC(6)   Pre Evacuate Collection Set: 0.1ms
[2026-02-10T21:57:12.360+0530] GC(6)   Merge Heap Roots: 0.1ms
[2026-02-10T21:57:12.360+0530] GC(6)   Evacuate Collection Set: 14.7ms
[2026-02-10T21:57:12.360+0530] GC(6)   Post Evacuate Collection Set: 2.3ms
[2026-02-10T21:57:12.360+0530] GC(6)   Other: 0.2ms
[2026-02-10T21:57:12.360+0530] GC(6) Eden regions: 100->0(297)
[2026-02-10T21:57:12.360+0530] GC(6) Survivor regions: 6->10(14)
[2026-02-10T21:57:12.360+0530] GC(6) Old regions: 16->16
[2026-02-10T21:57:12.360+0530] GC(6) Archive regions: 0->0
[2026-02-10T21:57:12.360+0530] GC(6) Humongous regions: 5->5
[2026-02-10T21:57:12.360+0530] GC(6) Metaspace: 34726K(35264K)->34726K(35264K) NonClass: 30866K(31104K)->30866K(31104K) Class: 3860K(4160K)->3860K(4160K)
[2026-02-10T21:57:12.360+0530] GC(6) Pause Young (Normal) (G1 Evacuation Pause) 125M->29M(512M) 17.469ms
[2026-02-10T21:57:12.360+0530] GC(6) User=0.05s Sys=0.02s Real=0.02s
[2026-02-10T21:57:13.087+0530] GC(7) Pause Young (Concurrent Start) (Metadata GC Threshold)
[2026-02-10T21:57:13.087+0530] GC(7) Using 4 workers of 4 for evacuation
[2026-02-10T21:57:13.102+0530] GC(7)   Pre Evacuate Collection Set: 0.2ms
[2026-02-10T21:57:13.102+0530] GC(7)   Merge Heap Roots: 0.1ms
[2026-02-10T21:57:13.102+0530] GC(7)   Evacuate Collection Set: 13.9ms
[2026-02-10T21:57:13.102+0530] GC(7)   Post Evacuate Collection Set: 1.2ms
[2026-02-10T21:57:13.102+0530] GC(7)   Other: 0.3ms
[2026-02-10T21:57:13.102+0530] GC(7) Eden regions: 8->0(287)
[2026-02-10T21:57:13.102+0530] GC(7) Survivor regions: 10->10(39)
[2026-02-10T21:57:13.102+0530] GC(7) Old regions: 16->16
[2026-02-10T21:57:13.102+0530] GC(7) Archive regions: 0->0
[2026-02-10T21:57:13.102+0530] GC(7) Humongous regions: 5->5
[2026-02-10T21:57:13.102+0530] GC(7) Metaspace: 35562K(36096K)->35562K(36096K) NonClass: 31618K(31872K)->31618K(31872K) Class: 3943K(4224K)->3943K(4224K)
[2026-02-10T21:57:13.102+0530] GC(7) Pause Young (Concurrent Start) (Metadata GC Threshold) 37M->30M(512M) 15.981ms
[2026-02-10T21:57:13.102+0530] GC(7) User=0.06s Sys=0.00s Real=0.02s
[2026-02-10T21:57:13.102+0530] GC(8) Concurrent Mark Cycle
[2026-02-10T21:57:13.103+0530] GC(8) Concurrent Clear Claimed Marks
[2026-02-10T21:57:13.103+0530] GC(8) Concurrent Clear Claimed Marks 0.058ms
[2026-02-10T21:57:13.103+0530] GC(8) Concurrent Scan Root Regions
[2026-02-10T21:57:13.115+0530] GC(8) Concurrent Scan Root Regions 11.772ms
[2026-02-10T21:57:13.115+0530] GC(8) Concurrent Mark
[2026-02-10T21:57:13.115+0530] GC(8) Concurrent Mark From Roots
[2026-02-10T21:57:13.115+0530] GC(8) Using 1 workers of 1 for marking
[2026-02-10T21:57:13.149+0530] GC(8) Concurrent Mark From Roots 33.574ms
[2026-02-10T21:57:13.149+0530] GC(8) Concurrent Preclean
[2026-02-10T21:57:13.149+0530] GC(8) Concurrent Preclean 0.107ms
[2026-02-10T21:57:13.149+0530] GC(8) Pause Remark
[2026-02-10T21:57:13.154+0530] GC(8) Pause Remark 31M->31M(512M) 5.239ms
[2026-02-10T21:57:13.154+0530] GC(8) User=0.00s Sys=0.00s Real=0.01s
[2026-02-10T21:57:13.155+0530] GC(8) Concurrent Mark 39.499ms
[2026-02-10T21:57:13.155+0530] GC(8) Concurrent Rebuild Remembered Sets
[2026-02-10T21:57:13.167+0530] GC(8) Concurrent Rebuild Remembered Sets 13.235ms
[2026-02-10T21:57:13.168+0530] GC(8) Pause Cleanup
[2026-02-10T21:57:13.168+0530] GC(8) Pause Cleanup 31M->31M(512M) 0.164ms
[2026-02-10T21:57:13.168+0530] GC(8) User=0.00s Sys=0.00s Real=0.00s
[2026-02-10T21:57:13.169+0530] GC(8) Concurrent Cleanup for Next Mark
[2026-02-10T21:57:13.174+0530] GC(8) Concurrent Cleanup for Next Mark 4.047ms
[2026-02-10T21:57:13.174+0530] GC(8) Concurrent Mark Cycle 70.886ms
[2026-02-10T21:57:15.994+0530] Heap
[2026-02-10T21:57:15.994+0530]  garbage-first heap   total 524288K, used 166986K [0x00000000e0000000, 0x0000000100000000)
[2026-02-10T21:57:15.994+0530]   region size 1024K, 143 young (146432K), 10 survivors (10240K)
[2026-02-10T21:57:15.994+0530]  Metaspace       used 36844K, committed 37376K, reserved 1114112K
[2026-02-10T21:57:15.994+0530]   class space    used 4011K, committed 4288K, reserved 1048576K
