[2026-02-10T17:34:36.376+0530] Using G1
[2026-02-10T17:34:36.379+0530] Version: 17.0.12+8-LTS-286 (release)
[2026-02-10T17:34:36.379+0530] CPUs: 8 total, 4 available
[2026-02-10T17:34:36.379+0530] Memory: 7914M
[2026-02-10T17:34:36.379+0530] Large Page Support: Disabled
[2026-02-10T17:34:36.379+0530] NUMA Support: Disabled
[2026-02-10T17:34:36.379+0530] Compressed Oops: Enabled (32-bit)
[2026-02-10T17:34:36.379+0530] Heap Region Size: 1M
[2026-02-10T17:34:36.379+0530] Heap Min Capacity: 128M
[2026-02-10T17:34:36.379+0530] Heap Initial Capacity: 128M
[2026-02-10T17:34:36.379+0530] Heap Max Capacity: 128M
[2026-02-10T17:34:36.379+0530] Pre-touch: Disabled
[2026-02-10T17:34:36.379+0530] Parallel Workers: 4
[2026-02-10T17:34:36.380+0530] Concurrent Workers: 1
[2026-02-10T17:34:36.380+0530] Concurrent Refinement Workers: 4
[2026-02-10T17:34:36.380+0530] Periodic GC: Disabled
[2026-02-10T17:34:36.395+0530] CDS archive(s) mapped at: [0x000001b817000000-0x000001b817bd0000-0x000001b817bd0000), size 12386304, SharedBaseAddress: 0x000001b817000000, ArchiveRelocationMode: 1.
[2026-02-10T17:34:36.395+0530] Compressed class space mapped at: 0x000001b818000000-0x000001b858000000, reserved size: 1073741824
[2026-02-10T17:34:36.395+0530] Narrow klass base: 0x000001b817000000, Narrow klass shift: 0, Narrow klass range: 0x100000000
[2026-02-10T17:34:36.992+0530] GC(0) Pause Young (Normal) (G1 Evacuation Pause)
[2026-02-10T17:34:36.992+0530] GC(0) Using 3 workers of 4 for evacuation
[2026-02-10T17:34:36.999+0530] GC(0)   Pre Evacuate Collection Set: 0.0ms
[2026-02-10T17:34:36.999+0530] GC(0)   Merge Heap Roots: 0.0ms
[2026-02-10T17:34:36.999+0530] GC(0)   Evacuate Collection Set: 5.6ms
[2026-02-10T17:34:36.999+0530] GC(0)   Post Evacuate Collection Set: 0.5ms
[2026-02-10T17:34:36.999+0530] GC(0)   Other: 0.3ms
[2026-02-10T17:34:36.999+0530] GC(0) Eden regions: 13->0(13)
[2026-02-10T17:34:36.999+0530] GC(0) Survivor regions: 0->2(2)
[2026-02-10T17:34:36.999+0530] GC(0) Old regions: 0->3
[2026-02-10T17:34:36.999+0530] GC(0) Archive regions: 0->0
[2026-02-10T17:34:36.999+0530] GC(0) Humongous regions: 5->5
[2026-02-10T17:34:36.999+0530] GC(0) Metaspace: 4449K(4672K)->4449K(4672K) NonClass: 3969K(4096K)->3969K(4096K) Class: 480K(576K)->480K(576K)
[2026-02-10T17:34:36.999+0530] GC(0) Pause Young (Normal) (G1 Evacuation Pause) 18M->9M(128M) 6.647ms
[2026-02-10T17:34:36.999+0530] GC(0) User=0.00s Sys=0.00s Real=0.01s
[2026-02-10T17:34:37.178+0530] GC(1) Pause Young (Normal) (G1 Evacuation Pause)
[2026-02-10T17:34:37.178+0530] GC(1) Using 3 workers of 4 for evacuation
[2026-02-10T17:34:37.188+0530] GC(1)   Pre Evacuate Collection Set: 0.1ms
[2026-02-10T17:34:37.188+0530] GC(1)   Merge Heap Roots: 0.1ms
[2026-02-10T17:34:37.188+0530] GC(1)   Evacuate Collection Set: 10.6ms
[2026-02-10T17:34:37.188+0530] GC(1)   Post Evacuate Collection Set: 0.3ms
[2026-02-10T17:34:37.188+0530] GC(1)   Other: 0.2ms
[2026-02-10T17:34:37.188+0530] GC(1) Eden regions: 13->0(18)
[2026-02-10T17:34:37.189+0530] GC(1) Survivor regions: 2->2(2)
[2026-02-10T17:34:37.189+0530] GC(1) Old regions: 3->6
[2026-02-10T17:34:37.189+0530] GC(1) Archive regions: 0->0
[2026-02-10T17:34:37.189+0530] GC(1) Humongous regions: 5->5
[2026-02-10T17:34:37.189+0530] GC(1) Metaspace: 6001K(6144K)->6001K(6144K) NonClass: 5344K(5440K)->5344K(5440K) Class: 657K(704K)->657K(704K)
[2026-02-10T17:34:37.189+0530] GC(1) Pause Young (Normal) (G1 Evacuation Pause) 22M->12M(128M) 11.376ms
[2026-02-10T17:34:37.189+0530] GC(1) User=0.05s Sys=0.02s Real=0.01s
[2026-02-10T17:34:37.688+0530] GC(2) Pause Young (Normal) (G1 Evacuation Pause)
[2026-02-10T17:34:37.688+0530] GC(2) Using 3 workers of 4 for evacuation
[2026-02-10T17:34:37.696+0530] GC(2)   Pre Evacuate Collection Set: 0.1ms
[2026-02-10T17:34:37.696+0530] GC(2)   Merge Heap Roots: 0.1ms
[2026-02-10T17:34:37.696+0530] GC(2)   Evacuate Collection Set: 6.2ms
[2026-02-10T17:34:37.696+0530] GC(2)   Post Evacuate Collection Set: 0.5ms
[2026-02-10T17:34:37.696+0530] GC(2)   Other: 0.2ms
[2026-02-10T17:34:37.696+0530] GC(2) Eden regions: 18->0(70)
[2026-02-10T17:34:37.696+0530] GC(2) Survivor regions: 2->2(3)
[2026-02-10T17:34:37.696+0530] GC(2) Old regions: 6->8
[2026-02-10T17:34:37.696+0530] GC(2) Archive regions: 0->0
[2026-02-10T17:34:37.696+0530] GC(2) Humongous regions: 5->5
[2026-02-10T17:34:37.696+0530] GC(2) Metaspace: 11399K(11584K)->11399K(11584K) NonClass: 10112K(10176K)->10112K(10176K) Class: 1287K(1408K)->1287K(1408K)
[2026-02-10T17:34:37.696+0530] GC(2) Pause Young (Normal) (G1 Evacuation Pause) 30M->14M(128M) 7.481ms
[2026-02-10T17:34:37.696+0530] GC(2) User=0.00s Sys=0.00s Real=0.01s
[2026-02-10T17:34:39.130+0530] GC(3) Pause Young (Concurrent Start) (Metadata GC Threshold)
[2026-02-10T17:34:39.130+0530] GC(3) Using 3 workers of 4 for evacuation
[2026-02-10T17:34:39.140+0530] GC(3)   Pre Evacuate Collection Set: 0.1ms
[2026-02-10T17:34:39.140+0530] GC(3)   Merge Heap Roots: 0.0ms
[2026-02-10T17:34:39.140+0530] GC(3)   Evacuate Collection Set: 9.8ms
[2026-02-10T17:34:39.140+0530] GC(3)   Post Evacuate Collection Set: 0.5ms
[2026-02-10T17:34:39.140+0530] GC(3)   Other: 0.2ms
[2026-02-10T17:34:39.140+0530] GC(3) Eden regions: 63->0(56)
[2026-02-10T17:34:39.140+0530] GC(3) Survivor regions: 2->9(9)
[2026-02-10T17:34:39.140+0530] GC(3) Old regions: 8->12
[2026-02-10T17:34:39.140+0530] GC(3) Archive regions: 0->0
[2026-02-10T17:34:39.140+0530] GC(3) Humongous regions: 5->5
[2026-02-10T17:34:39.140+0530] GC(3) Metaspace: 21246K(21504K)->21246K(21504K) NonClass: 19080K(19200K)->19080K(19200K) Class: 2165K(2304K)->2165K(2304K)
[2026-02-10T17:34:39.140+0530] GC(3) Pause Young (Concurrent Start) (Metadata GC Threshold) 77M->25M(128M) 10.855ms
[2026-02-10T17:34:39.140+0530] GC(3) User=0.05s Sys=0.02s Real=0.01s
[2026-02-10T17:34:39.140+0530] GC(4) Concurrent Mark Cycle
[2026-02-10T17:34:39.140+0530] GC(4) Concurrent Clear Claimed Marks
[2026-02-10T17:34:39.140+0530] GC(4) Concurrent Clear Claimed Marks 0.045ms
[2026-02-10T17:34:39.140+0530] GC(4) Concurrent Scan Root Regions
[2026-02-10T17:34:39.146+0530] GC(4) Concurrent Scan Root Regions 4.447ms
[2026-02-10T17:34:39.146+0530] GC(4) Concurrent Mark
[2026-02-10T17:34:39.146+0530] GC(4) Concurrent Mark From Roots
[2026-02-10T17:34:39.146+0530] GC(4) Using 1 workers of 1 for marking
[2026-02-10T17:34:39.168+0530] GC(4) Concurrent Mark From Roots 22.135ms
[2026-02-10T17:34:39.168+0530] GC(4) Concurrent Preclean
[2026-02-10T17:34:39.168+0530] GC(4) Concurrent Preclean 0.063ms
[2026-02-10T17:34:39.168+0530] GC(4) Pause Remark
[2026-02-10T17:34:39.172+0530] GC(4) Pause Remark 26M->26M(128M) 4.642ms
[2026-02-10T17:34:39.172+0530] GC(4) User=0.00s Sys=0.03s Real=0.00s
[2026-02-10T17:34:39.172+0530] GC(4) Concurrent Mark 27.533ms
[2026-02-10T17:34:39.172+0530] GC(4) Concurrent Rebuild Remembered Sets
[2026-02-10T17:34:39.182+0530] GC(4) Concurrent Rebuild Remembered Sets 9.954ms
[2026-02-10T17:34:39.184+0530] GC(4) Pause Cleanup
[2026-02-10T17:34:39.184+0530] GC(4) Pause Cleanup 26M->26M(128M) 0.104ms
[2026-02-10T17:34:39.184+0530] GC(4) User=0.00s Sys=0.00s Real=0.00s
[2026-02-10T17:34:39.185+0530] GC(4) Concurrent Cleanup for Next Mark
[2026-02-10T17:34:39.187+0530] GC(4) Concurrent Cleanup for Next Mark 0.857ms
[2026-02-10T17:34:39.187+0530] GC(4) Concurrent Mark Cycle 45.730ms
[2026-02-10T17:34:40.922+0530] GC(5) Pause Young (Prepare Mixed) (G1 Evacuation Pause)
[2026-02-10T17:34:40.922+0530] GC(5) Using 3 workers of 4 for evacuation
[2026-02-10T17:34:40.939+0530] GC(5)   Pre Evacuate Collection Set: 0.1ms
[2026-02-10T17:34:40.940+0530] GC(5)   Merge Heap Roots: 0.1ms
[2026-02-10T17:34:40.940+0530] GC(5)   Evacuate Collection Set: 15.7ms
[2026-02-10T17:34:40.940+0530] GC(5)   Post Evacuate Collection Set: 0.6ms
[2026-02-10T17:34:40.940+0530] GC(5)   Other: 0.2ms
[2026-02-10T17:34:40.940+0530] GC(5) Eden regions: 56->0(2)
[2026-02-10T17:34:40.940+0530] GC(5) Survivor regions: 9->4(9)
[2026-02-10T17:34:40.940+0530] GC(5) Old regions: 12->20
[2026-02-10T17:34:40.940+0530] GC(5) Archive regions: 0->0
[2026-02-10T17:34:40.940+0530] GC(5) Humongous regions: 5->5
[2026-02-10T17:34:40.940+0530] GC(5) Metaspace: 27626K(28096K)->27626K(28096K) NonClass: 24664K(24960K)->24664K(24960K) Class: 2962K(3136K)->2962K(3136K)
[2026-02-10T17:34:40.940+0530] GC(5) Pause Young (Prepare Mixed) (G1 Evacuation Pause) 81M->28M(128M) 17.011ms
[2026-02-10T17:34:40.940+0530] GC(5) User=0.05s Sys=0.02s Real=0.02s
[2026-02-10T17:34:40.964+0530] GC(6) Pause Young (Mixed) (G1 Evacuation Pause)
[2026-02-10T17:34:40.964+0530] GC(6) Using 3 workers of 4 for evacuation
[2026-02-10T17:34:40.970+0530] GC(6)   Pre Evacuate Collection Set: 0.1ms
[2026-02-10T17:34:40.970+0530] GC(6)   Merge Heap Roots: 0.1ms
[2026-02-10T17:34:40.970+0530] GC(6)   Evacuate Collection Set: 6.9ms
[2026-02-10T17:34:40.970+0530] GC(6)   Post Evacuate Collection Set: 0.3ms
[2026-02-10T17:34:40.970+0530] GC(6)   Other: 0.2ms
[2026-02-10T17:34:40.970+0530] GC(6) Eden regions: 2->0(55)
[2026-02-10T17:34:40.970+0530] GC(6) Survivor regions: 4->1(1)
[2026-02-10T17:34:40.970+0530] GC(6) Old regions: 20->23
[2026-02-10T17:34:40.970+0530] GC(6) Archive regions: 0->0
[2026-02-10T17:34:40.970+0530] GC(6) Humongous regions: 5->5
[2026-02-10T17:34:40.970+0530] GC(6) Metaspace: 27699K(28224K)->27699K(28224K) NonClass: 24724K(25024K)->24724K(25024K) Class: 2975K(3200K)->2975K(3200K)
[2026-02-10T17:34:40.970+0530] GC(6) Pause Young (Mixed) (G1 Evacuation Pause) 30M->28M(128M) 7.675ms
[2026-02-10T17:34:40.970+0530] GC(6) User=0.05s Sys=0.02s Real=0.01s
[2026-02-10T17:34:41.978+0530] GC(7) Pause Young (Concurrent Start) (Metadata GC Threshold)
[2026-02-10T17:34:41.978+0530] GC(7) Using 3 workers of 4 for evacuation
[2026-02-10T17:34:41.986+0530] GC(7)   Pre Evacuate Collection Set: 0.1ms
[2026-02-10T17:34:41.986+0530] GC(7)   Merge Heap Roots: 0.1ms
[2026-02-10T17:34:41.986+0530] GC(7)   Evacuate Collection Set: 7.8ms
[2026-02-10T17:34:41.986+0530] GC(7)   Post Evacuate Collection Set: 0.4ms
[2026-02-10T17:34:41.986+0530] GC(7)   Other: 0.2ms
[2026-02-10T17:34:41.986+0530] GC(7) Eden regions: 49->0(59)
[2026-02-10T17:34:41.986+0530] GC(7) Survivor regions: 1->3(7)
[2026-02-10T17:34:41.986+0530] GC(7) Old regions: 23->23
[2026-02-10T17:34:41.986+0530] GC(7) Archive regions: 0->0
[2026-02-10T17:34:41.986+0530] GC(7) Humongous regions: 5->5
[2026-02-10T17:34:41.986+0530] GC(7) Metaspace: 35549K(36096K)->35549K(36096K) NonClass: 31612K(31872K)->31612K(31872K) Class: 3936K(4224K)->3936K(4224K)
[2026-02-10T17:34:41.986+0530] GC(7) Pause Young (Concurrent Start) (Metadata GC Threshold) 77M->30M(128M) 8.830ms
[2026-02-10T17:34:41.986+0530] GC(7) User=0.05s Sys=0.02s Real=0.01s
[2026-02-10T17:34:41.986+0530] GC(8) Concurrent Mark Cycle
[2026-02-10T17:34:41.986+0530] GC(8) Concurrent Clear Claimed Marks
[2026-02-10T17:34:41.986+0530] GC(8) Concurrent Clear Claimed Marks 0.049ms
[2026-02-10T17:34:41.986+0530] GC(8) Concurrent Scan Root Regions
[2026-02-10T17:34:41.992+0530] GC(8) Concurrent Scan Root Regions 4.631ms
[2026-02-10T17:34:41.992+0530] GC(8) Concurrent Mark
[2026-02-10T17:34:41.992+0530] GC(8) Concurrent Mark From Roots
[2026-02-10T17:34:41.992+0530] GC(8) Using 1 workers of 1 for marking
[2026-02-10T17:34:42.033+0530] GC(8) Concurrent Mark From Roots 40.938ms
[2026-02-10T17:34:42.033+0530] GC(8) Concurrent Preclean
[2026-02-10T17:34:42.033+0530] GC(8) Concurrent Preclean 0.087ms
[2026-02-10T17:34:42.033+0530] GC(8) Pause Remark
[2026-02-10T17:34:42.044+0530] GC(8) Pause Remark 31M->31M(128M) 11.809ms
[2026-02-10T17:34:42.044+0530] GC(8) User=0.00s Sys=0.00s Real=0.01s
[2026-02-10T17:34:42.044+0530] GC(8) Concurrent Mark 53.612ms
[2026-02-10T17:34:42.044+0530] GC(8) Concurrent Rebuild Remembered Sets
[2026-02-10T17:34:42.063+0530] GC(8) Concurrent Rebuild Remembered Sets 17.816ms
[2026-02-10T17:34:42.063+0530] GC(8) Pause Cleanup
[2026-02-10T17:34:42.063+0530] GC(8) Pause Cleanup 31M->31M(128M) 0.102ms
[2026-02-10T17:34:42.063+0530] GC(8) User=0.00s Sys=0.00s Real=0.00s
[2026-02-10T17:34:42.063+0530] GC(8) Concurrent Cleanup for Next Mark
[2026-02-10T17:34:42.063+0530] GC(8) Concurrent Cleanup for Next Mark 0.813ms
[2026-02-10T17:34:42.063+0530] GC(8) Concurrent Mark Cycle 77.454ms
[2026-02-10T17:34:43.840+0530] GC(9) Pause Young (Normal) (G1 Evacuation Pause)
[2026-02-10T17:34:43.840+0530] GC(9) Using 3 workers of 4 for evacuation
[2026-02-10T17:34:43.853+0530] GC(9)   Pre Evacuate Collection Set: 0.0ms
[2026-02-10T17:34:43.853+0530] GC(9)   Merge Heap Roots: 0.1ms
[2026-02-10T17:34:43.853+0530] GC(9)   Evacuate Collection Set: 12.2ms
[2026-02-10T17:34:43.853+0530] GC(9)   Post Evacuate Collection Set: 0.5ms
[2026-02-10T17:34:43.853+0530] GC(9)   Other: 0.2ms
[2026-02-10T17:34:43.853+0530] GC(9) Eden regions: 59->0(56)
[2026-02-10T17:34:43.853+0530] GC(9) Survivor regions: 3->8(8)
[2026-02-10T17:34:43.853+0530] GC(9) Old regions: 23->24
[2026-02-10T17:34:43.853+0530] GC(9) Archive regions: 0->0
[2026-02-10T17:34:43.853+0530] GC(9) Humongous regions: 5->5
[2026-02-10T17:34:43.853+0530] GC(9) Metaspace: 36621K(37184K)->36621K(37184K) NonClass: 32637K(32960K)->32637K(32960K) Class: 3983K(4224K)->3983K(4224K)
[2026-02-10T17:34:43.854+0530] GC(9) Pause Young (Normal) (G1 Evacuation Pause) 89M->36M(128M) 13.174ms
[2026-02-10T17:34:43.854+0530] GC(9) User=0.05s Sys=0.02s Real=0.01s
[2026-02-10T17:34:44.465+0530] GC(10) Pause Young (Normal) (G1 Evacuation Pause)
[2026-02-10T17:34:44.465+0530] GC(10) Using 3 workers of 4 for evacuation
[2026-02-10T17:34:44.493+0530] GC(10)   Pre Evacuate Collection Set: 0.0ms
[2026-02-10T17:34:44.494+0530] GC(10)   Merge Heap Roots: 0.1ms
[2026-02-10T17:34:44.494+0530] GC(10)   Evacuate Collection Set: 27.3ms
[2026-02-10T17:34:44.494+0530] GC(10)   Post Evacuate Collection Set: 0.4ms
[2026-02-10T17:34:44.494+0530] GC(10)   Other: 0.1ms
[2026-02-10T17:34:44.494+0530] GC(10) Eden regions: 56->0(51)
[2026-02-10T17:34:44.494+0530] GC(10) Survivor regions: 8->8(8)
[2026-02-10T17:34:44.494+0530] GC(10) Old regions: 24->33
[2026-02-10T17:34:44.494+0530] GC(10) Archive regions: 0->0
[2026-02-10T17:34:44.494+0530] GC(10) Humongous regions: 5->5
[2026-02-10T17:34:44.494+0530] GC(10) Metaspace: 36705K(37184K)->36705K(37184K) NonClass: 32716K(32960K)->32716K(32960K) Class: 3988K(4224K)->3988K(4224K)
[2026-02-10T17:34:44.494+0530] GC(10) Pause Young (Normal) (G1 Evacuation Pause) 92M->45M(128M) 28.151ms
[2026-02-10T17:34:44.494+0530] GC(10) User=0.11s Sys=0.02s Real=0.03s
[2026-02-10T17:34:44.654+0530] Heap
[2026-02-10T17:34:44.654+0530]  garbage-first heap   total 131072K, used 63796K [0x00000000f8000000, 0x0000000100000000)
[2026-02-10T17:34:44.654+0530]   region size 1024K, 26 young (26624K), 8 survivors (8192K)
[2026-02-10T17:34:44.654+0530]  Metaspace       used 36781K, committed 37248K, reserved 1114112K
[2026-02-10T17:34:44.654+0530]   class space    used 3996K, committed 4224K, reserved 1048576K
