[2026-02-10T21:57:16.188+0530] Using G1
[2026-02-10T21:57:16.191+0530] Version: 17.0.12+8-LTS-286 (release)
[2026-02-10T21:57:16.191+0530] CPUs: 8 total, 4 available
[2026-02-10T21:57:16.191+0530] Memory: 7914M
[2026-02-10T21:57:16.191+0530] Large Page Support: Disabled
[2026-02-10T21:57:16.191+0530] NUMA Support: Disabled
[2026-02-10T21:57:16.191+0530] Compressed Oops: Enabled (32-bit)
[2026-02-10T21:57:16.191+0530] Heap Region Size: 1M
[2026-02-10T21:57:16.191+0530] Heap Min Capacity: 512M
[2026-02-10T21:57:16.191+0530] Heap Initial Capacity: 512M
[2026-02-10T21:57:16.191+0530] Heap Max Capacity: 512M
[2026-02-10T21:57:16.191+0530] Pre-touch: Disabled
[2026-02-10T21:57:16.191+0530] Parallel Workers: 4
[2026-02-10T21:57:16.197+0530] Concurrent Workers: 1
[2026-02-10T21:57:16.197+0530] Concurrent Refinement Workers: 4
[2026-02-10T21:57:16.197+0530] Periodic GC: Disabled
[2026-02-10T21:57:16.209+0530] CDS archive(s) mapped at: [0x0000023900000000-0x0000023900bd0000-0x0000023900bd0000), size 12386304, SharedBaseAddress: 0x0000023900000000, ArchiveRelocationMode: 1.
[2026-02-10T21:57:16.209+0530] Compressed class space mapped at: 0x0000023901000000-0x0000023941000000, reserved size: 1073741824
[2026-02-10T21:57:16.209+0530] Narrow klass base: 0x0000023900000000, Narrow klass shift: 0, Narrow klass range: 0x100000000
[2026-02-10T21:57:17.071+0530] GC(0) Pause Young (Normal) (G1 Evacuation Pause)
[2026-02-10T21:57:17.072+0530] GC(0) Using 4 workers of 4 for evacuation
[2026-02-10T21:57:17.085+0530] GC(0)   Pre Evacuate Collection Set: 0.1ms
[2026-02-10T21:57:17.085+0530] GC(0)   Merge Heap Roots: 0.1ms
[2026-02-10T21:57:17.085+0530] GC(0)   Evacuate Collection Set: 12.8ms
[2026-02-10T21:57:17.085+0530] GC(0)   Post Evacuate Collection Set: 0.6ms
[2026-02-10T21:57:17.085+0530] GC(0)   Other: 0.4ms
[2026-02-10T21:57:17.085+0530] GC(0) Eden regions: 25->0(21)
[2026-02-10T21:57:17.085+0530] GC(0) Survivor regions: 0->4(4)
[2026-02-10T21:57:17.085+0530] GC(0) Old regions: 0->4
[2026-02-10T21:57:17.085+0530] GC(0) Archive regions: 0->0
[2026-02-10T21:57:17.085+0530] GC(0) Humongous regions: 5->5
[2026-02-10T21:57:17.085+0530] GC(0) Metaspace: 5408K(5568K)->5408K(5568K) NonClass: 4838K(4928K)->4838K(4928K) Class: 570K(640K)->570K(640K)
[2026-02-10T21:57:17.085+0530] GC(0) Pause Young (Normal) (G1 Evacuation Pause) 30M->12M(512M) 14.138ms
[2026-02-10T21:57:17.085+0530] GC(0) User=0.02s Sys=0.00s Real=0.01s
[2026-02-10T21:57:17.881+0530] GC(1) Pause Young (Normal) (G1 Evacuation Pause)
[2026-02-10T21:57:17.881+0530] GC(1) Using 4 workers of 4 for evacuation
[2026-02-10T21:57:17.892+0530] GC(1)   Pre Evacuate Collection Set: 0.2ms
[2026-02-10T21:57:17.892+0530] GC(1)   Merge Heap Roots: 0.2ms
[2026-02-10T21:57:17.892+0530] GC(1)   Evacuate Collection Set: 10.2ms
[2026-02-10T21:57:17.892+0530] GC(1)   Post Evacuate Collection Set: 0.6ms
[2026-02-10T21:57:17.892+0530] GC(1)   Other: 0.2ms
[2026-02-10T21:57:17.892+0530] GC(1) Eden regions: 21->0(24)
[2026-02-10T21:57:17.892+0530] GC(1) Survivor regions: 4->2(4)
[2026-02-10T21:57:17.892+0530] GC(1) Old regions: 4->8
[2026-02-10T21:57:17.892+0530] GC(1) Archive regions: 0->0
[2026-02-10T21:57:17.892+0530] GC(1) Humongous regions: 5->5
[2026-02-10T21:57:17.892+0530] GC(1) Metaspace: 11698K(11968K)->11698K(11968K) NonClass: 10371K(10496K)->10371K(10496K) Class: 1326K(1472K)->1326K(1472K)
[2026-02-10T21:57:17.892+0530] GC(1) Pause Young (Normal) (G1 Evacuation Pause) 33M->14M(512M) 11.414ms
[2026-02-10T21:57:17.892+0530] GC(1) User=0.00s Sys=0.00s Real=0.01s
[2026-02-10T21:57:18.358+0530] GC(2) Pause Young (Normal) (G1 Evacuation Pause)
[2026-02-10T21:57:18.358+0530] GC(2) Using 4 workers of 4 for evacuation
[2026-02-10T21:57:18.371+0530] GC(2)   Pre Evacuate Collection Set: 0.1ms
[2026-02-10T21:57:18.371+0530] GC(2)   Merge Heap Roots: 0.1ms
[2026-02-10T21:57:18.371+0530] GC(2)   Evacuate Collection Set: 11.9ms
[2026-02-10T21:57:18.371+0530] GC(2)   Post Evacuate Collection Set: 0.4ms
[2026-02-10T21:57:18.371+0530] GC(2)   Other: 0.2ms
[2026-02-10T21:57:18.371+0530] GC(2) Eden regions: 24->0(37)
[2026-02-10T21:57:18.371+0530] GC(2) Survivor regions: 2->4(4)
[2026-02-10T21:57:18.371+0530] GC(2) Old regions: 8->14
[2026-02-10T21:57:18.371+0530] GC(2) Archive regions: 0->0
[2026-02-10T21:57:18.371+0530] GC(2) Humongous regions: 5->5
[2026-02-10T21:57:18.371+0530] GC(2) Metaspace: 14777K(15040K)->14777K(15040K) NonClass: 13115K(13248K)->13115K(13248K) Class: 1662K(1792K)->1662K(1792K)
[2026-02-10T21:57:18.371+0530] GC(2) Pause Young (Normal) (G1 Evacuation Pause) 38M->22M(512M) 12.947ms
[2026-02-10T21:57:18.371+0530] GC(2) User=0.05s Sys=0.02s Real=0.01s
[2026-02-10T21:57:19.184+0530] GC(3) Pause Young (Concurrent Start) (Metadata GC Threshold)
[2026-02-10T21:57:19.184+0530] GC(3) Using 4 workers of 4 for evacuation
[2026-02-10T21:57:19.192+0530] GC(3)   Pre Evacuate Collection Set: 0.7ms
[2026-02-10T21:57:19.192+0530] GC(3)   Merge Heap Roots: 0.1ms
[2026-02-10T21:57:19.192+0530] GC(3)   Evacuate Collection Set: 6.6ms
[2026-02-10T21:57:19.192+0530] GC(3)   Post Evacuate Collection Set: 0.3ms
[2026-02-10T21:57:19.192+0530] GC(3)   Other: 0.5ms
[2026-02-10T21:57:19.192+0530] GC(3) Eden regions: 37->0(145)
[2026-02-10T21:57:19.192+0530] GC(3) Survivor regions: 4->3(6)
[2026-02-10T21:57:19.192+0530] GC(3) Old regions: 14->18
[2026-02-10T21:57:19.192+0530] GC(3) Archive regions: 0->0
[2026-02-10T21:57:19.192+0530] GC(3) Humongous regions: 5->5
[2026-02-10T21:57:19.192+0530] GC(3) Metaspace: 21233K(21504K)->21233K(21504K) NonClass: 19066K(19200K)->19066K(19200K) Class: 2167K(2304K)->2167K(2304K)
[2026-02-10T21:57:19.192+0530] GC(3) Pause Young (Concurrent Start) (Metadata GC Threshold) 59M->25M(512M) 8.378ms
[2026-02-10T21:57:19.192+0530] GC(3) User=0.03s Sys=0.03s Real=0.01s
[2026-02-10T21:57:19.192+0530] GC(4) Concurrent Mark Cycle
[2026-02-10T21:57:19.192+0530] GC(4) Concurrent Clear Claimed Marks
[2026-02-10T21:57:19.192+0530] GC(4) Concurrent Clear Claimed Marks 0.037ms
[2026-02-10T21:57:19.192+0530] GC(4) Concurrent Scan Root Regions
[2026-02-10T21:57:19.195+0530] GC(4) Concurrent Scan Root Regions 3.546ms
[2026-02-10T21:57:19.196+0530] GC(4) Concurrent Mark
[2026-02-10T21:57:19.196+0530] GC(4) Concurrent Mark From Roots
[2026-02-10T21:57:19.196+0530] GC(4) Using 1 workers of 1 for marking
[2026-02-10T21:57:19.222+0530] GC(4) Concurrent Mark From Roots 26.055ms
[2026-02-10T21:57:19.222+0530] GC(4) Concurrent Preclean
[2026-02-10T21:57:19.222+0530] GC(4) Concurrent Preclean 0.110ms
[2026-02-10T21:57:19.223+0530] GC(4) Pause Remark
[2026-02-10T21:57:19.228+0530] GC(4) Pause Remark 25M->25M(512M) 4.522ms
[2026-02-10T21:57:19.228+0530] GC(4) User=0.00s Sys=0.00s Real=0.00s
[2026-02-10T21:57:19.228+0530] GC(4) Concurrent Mark 31.501ms
[2026-02-10T21:57:19.228+0530] GC(4) Concurrent Rebuild Remembered Sets
[2026-02-10T21:57:19.242+0530] GC(4) Concurrent Rebuild Remembered Sets 14.047ms
[2026-02-10T21:57:19.242+0530] GC(4) Pause Cleanup
[2026-02-10T21:57:19.242+0530] GC(4) Pause Cleanup 25M->25M(512M) 0.129ms
[2026-02-10T21:57:19.242+0530] GC(4) User=0.00s Sys=0.00s Real=0.00s
[2026-02-10T21:57:19.242+0530] GC(4) Concurrent Cleanup for Next Mark
[2026-02-10T21:57:19.246+0530] GC(4) Concurrent Cleanup for Next Mark 3.317ms
[2026-02-10T21:57:19.246+0530] GC(4) Concurrent Mark Cycle 53.088ms
[2026-02-10T21:57:22.169+0530] GC(5) Pause Young (Concurrent Start) (Metadata GC Threshold)
[2026-02-10T21:57:22.169+0530] GC(5) Using 4 workers of 4 for evacuation
[2026-02-10T21:57:22.179+0530] GC(5)   Pre Evacuate Collection Set: 0.1ms
[2026-02-10T21:57:22.179+0530] GC(5)   Merge Heap Roots: 0.1ms
[2026-02-10T21:57:22.179+0530] GC(5)   Evacuate Collection Set: 9.7ms
[2026-02-10T21:57:22.179+0530] GC(5)   Post Evacuate Collection Set: 0.6ms
[2026-02-10T21:57:22.179+0530] GC(5)   Other: 0.2ms
[2026-02-10T21:57:22.179+0530] GC(5) Eden regions: 107->0(221)
[2026-02-10T21:57:22.179+0530] GC(5) Survivor regions: 3->7(19)
[2026-02-10T21:57:22.179+0530] GC(5) Old regions: 18->18
[2026-02-10T21:57:22.179+0530] GC(5) Archive regions: 0->0
[2026-02-10T21:57:22.179+0530] GC(5) Humongous regions: 5->5
[2026-02-10T21:57:22.179+0530] GC(5) Metaspace: 35545K(36096K)->35545K(36096K) NonClass: 31609K(31872K)->31609K(31872K) Class: 3936K(4224K)->3936K(4224K)
[2026-02-10T21:57:22.179+0530] GC(5) Pause Young (Concurrent Start) (Metadata GC Threshold) 132M->30M(512M) 11.020ms
[2026-02-10T21:57:22.179+0530] GC(5) User=0.05s Sys=0.02s Real=0.01s
[2026-02-10T21:57:22.179+0530] GC(6) Concurrent Mark Cycle
[2026-02-10T21:57:22.179+0530] GC(6) Concurrent Clear Claimed Marks
[2026-02-10T21:57:22.179+0530] GC(6) Concurrent Clear Claimed Marks 0.042ms
[2026-02-10T21:57:22.179+0530] GC(6) Concurrent Scan Root Regions
[2026-02-10T21:57:22.188+0530] GC(6) Concurrent Scan Root Regions 8.082ms
[2026-02-10T21:57:22.188+0530] GC(6) Concurrent Mark
[2026-02-10T21:57:22.188+0530] GC(6) Concurrent Mark From Roots
[2026-02-10T21:57:22.188+0530] GC(6) Using 1 workers of 1 for marking
[2026-02-10T21:57:22.218+0530] GC(6) Concurrent Mark From Roots 30.044ms
[2026-02-10T21:57:22.218+0530] GC(6) Concurrent Preclean
[2026-02-10T21:57:22.218+0530] GC(6) Concurrent Preclean 0.058ms
[2026-02-10T21:57:22.218+0530] GC(6) Pause Remark
[2026-02-10T21:57:22.234+0530] GC(6) Pause Remark 30M->30M(512M) 15.824ms
[2026-02-10T21:57:22.235+0530] GC(6) User=0.05s Sys=0.00s Real=0.02s
[2026-02-10T21:57:22.239+0530] GC(6) Concurrent Mark 50.514ms
[2026-02-10T21:57:22.239+0530] GC(6) Concurrent Rebuild Remembered Sets
[2026-02-10T21:57:22.251+0530] GC(6) Concurrent Rebuild Remembered Sets 11.890ms
[2026-02-10T21:57:22.252+0530] GC(6) Pause Cleanup
[2026-02-10T21:57:22.252+0530] GC(6) Pause Cleanup 31M->31M(512M) 0.187ms
[2026-02-10T21:57:22.252+0530] GC(6) User=0.00s Sys=0.00s Real=0.00s
[2026-02-10T21:57:22.252+0530] GC(6) Concurrent Cleanup for Next Mark
[2026-02-10T21:57:22.255+0530] GC(6) Concurrent Cleanup for Next Mark 3.168ms
[2026-02-10T21:57:22.255+0530] GC(6) Concurrent Mark Cycle 75.498ms
[2026-02-10T21:57:26.477+0530] Heap
[2026-02-10T21:57:26.477+0530]  garbage-first heap   total 524288K, used 165378K [0x00000000e0000000, 0x0000000100000000)
[2026-02-10T21:57:26.477+0530]   region size 1024K, 139 young (142336K), 7 survivors (7168K)
[2026-02-10T21:57:26.478+0530]  Metaspace       used 36720K, committed 37184K, reserved 1114112K
[2026-02-10T21:57:26.478+0530]   class space    used 3993K, committed 4224K, reserved 1048576K
