[2026-02-10T17:34:54.219+0530] Using G1
[2026-02-10T17:34:54.223+0530] Version: 17.0.12+8-LTS-286 (release)
[2026-02-10T17:34:54.223+0530] CPUs: 8 total, 4 available
[2026-02-10T17:34:54.223+0530] Memory: 7914M
[2026-02-10T17:34:54.223+0530] Large Page Support: Disabled
[2026-02-10T17:34:54.223+0530] NUMA Support: Disabled
[2026-02-10T17:34:54.223+0530] Compressed Oops: Enabled (32-bit)
[2026-02-10T17:34:54.223+0530] Heap Region Size: 1M
[2026-02-10T17:34:54.223+0530] Heap Min Capacity: 128M
[2026-02-10T17:34:54.223+0530] Heap Initial Capacity: 128M
[2026-02-10T17:34:54.223+0530] Heap Max Capacity: 128M
[2026-02-10T17:34:54.223+0530] Pre-touch: Disabled
[2026-02-10T17:34:54.223+0530] Parallel Workers: 4
[2026-02-10T17:34:54.224+0530] Concurrent Workers: 1
[2026-02-10T17:34:54.224+0530] Concurrent Refinement Workers: 4
[2026-02-10T17:34:54.224+0530] Periodic GC: Disabled
[2026-02-10T17:34:54.240+0530] CDS archive(s) mapped at: [0x0000021a57000000-0x0000021a57bd0000-0x0000021a57bd0000), size 12386304, SharedBaseAddress: 0x0000021a57000000, ArchiveRelocationMode: 1.
[2026-02-10T17:34:54.240+0530] Compressed class space mapped at: 0x0000021a58000000-0x0000021a98000000, reserved size: 1073741824
[2026-02-10T17:34:54.240+0530] Narrow klass base: 0x0000021a57000000, Narrow klass shift: 0, Narrow klass range: 0x100000000
[2026-02-10T17:34:54.870+0530] GC(0) Pause Young (Normal) (G1 Evacuation Pause)
[2026-02-10T17:34:54.870+0530] GC(0) Using 3 workers of 4 for evacuation
[2026-02-10T17:34:54.877+0530] GC(0)   Pre Evacuate Collection Set: 0.1ms
[2026-02-10T17:34:54.877+0530] GC(0)   Merge Heap Roots: 0.0ms
[2026-02-10T17:34:54.877+0530] GC(0)   Evacuate Collection Set: 6.5ms
[2026-02-10T17:34:54.877+0530] GC(0)   Post Evacuate Collection Set: 0.6ms
[2026-02-10T17:34:54.877+0530] GC(0)   Other: 0.4ms
[2026-02-10T17:34:54.877+0530] GC(0) Eden regions: 13->0(13)
[2026-02-10T17:34:54.877+0530] GC(0) Survivor regions: 0->2(2)
[2026-02-10T17:34:54.877+0530] GC(0) Old regions: 0->3
[2026-02-10T17:34:54.877+0530] GC(0) Archive regions: 0->0
[2026-02-10T17:34:54.877+0530] GC(0) Humongous regions: 5->5
[2026-02-10T17:34:54.877+0530] GC(0) Metaspace: 4436K(4672K)->4436K(4672K) NonClass: 3956K(4096K)->3956K(4096K) Class: 480K(576K)->480K(576K)
[2026-02-10T17:34:54.877+0530] GC(0) Pause Young (Normal) (G1 Evacuation Pause) 18M->9M(128M) 7.720ms
[2026-02-10T17:34:54.877+0530] GC(0) User=0.02s Sys=0.03s Real=0.01s
[2026-02-10T17:34:55.082+0530] GC(1) Pause Young (Normal) (G1 Evacuation Pause)
[2026-02-10T17:34:55.082+0530] GC(1) Using 3 workers of 4 for evacuation
[2026-02-10T17:34:55.092+0530] GC(1)   Pre Evacuate Collection Set: 0.1ms
[2026-02-10T17:34:55.092+0530] GC(1)   Merge Heap Roots: 0.1ms
[2026-02-10T17:34:55.092+0530] GC(1)   Evacuate Collection Set: 9.6ms
[2026-02-10T17:34:55.092+0530] GC(1)   Post Evacuate Collection Set: 0.4ms
[2026-02-10T17:34:55.092+0530] GC(1)   Other: 0.2ms
[2026-02-10T17:34:55.092+0530] GC(1) Eden regions: 13->0(17)
[2026-02-10T17:34:55.092+0530] GC(1) Survivor regions: 2->2(2)
[2026-02-10T17:34:55.092+0530] GC(1) Old regions: 3->6
[2026-02-10T17:34:55.092+0530] GC(1) Archive regions: 0->0
[2026-02-10T17:34:55.092+0530] GC(1) Humongous regions: 5->5
[2026-02-10T17:34:55.092+0530] GC(1) Metaspace: 5999K(6144K)->5999K(6144K) NonClass: 5341K(5440K)->5341K(5440K) Class: 657K(704K)->657K(704K)
[2026-02-10T17:34:55.092+0530] GC(1) Pause Young (Normal) (G1 Evacuation Pause) 22M->12M(128M) 10.634ms
[2026-02-10T17:34:55.092+0530] GC(1) User=0.02s Sys=0.03s Real=0.01s
[2026-02-10T17:34:55.503+0530] GC(2) Pause Young (Normal) (G1 Evacuation Pause)
[2026-02-10T17:34:55.503+0530] GC(2) Using 3 workers of 4 for evacuation
[2026-02-10T17:34:55.508+0530] GC(2)   Pre Evacuate Collection Set: 0.1ms
[2026-02-10T17:34:55.508+0530] GC(2)   Merge Heap Roots: 0.1ms
[2026-02-10T17:34:55.508+0530] GC(2)   Evacuate Collection Set: 5.3ms
[2026-02-10T17:34:55.508+0530] GC(2)   Post Evacuate Collection Set: 0.3ms
[2026-02-10T17:34:55.508+0530] GC(2)   Other: 0.2ms
[2026-02-10T17:34:55.508+0530] GC(2) Eden regions: 17->0(70)
[2026-02-10T17:34:55.509+0530] GC(2) Survivor regions: 2->2(3)
[2026-02-10T17:34:55.509+0530] GC(2) Old regions: 6->8
[2026-02-10T17:34:55.509+0530] GC(2) Archive regions: 0->0
[2026-02-10T17:34:55.509+0530] GC(2) Humongous regions: 5->5
[2026-02-10T17:34:55.509+0530] GC(2) Metaspace: 11081K(11264K)->11081K(11264K) NonClass: 9831K(9920K)->9831K(9920K) Class: 1249K(1344K)->1249K(1344K)
[2026-02-10T17:34:55.509+0530] GC(2) Pause Young (Normal) (G1 Evacuation Pause) 29M->14M(128M) 6.281ms
[2026-02-10T17:34:55.509+0530] GC(2) User=0.00s Sys=0.00s Real=0.01s
[2026-02-10T17:34:56.783+0530] GC(3) Pause Young (Concurrent Start) (Metadata GC Threshold)
[2026-02-10T17:34:56.783+0530] GC(3) Using 3 workers of 4 for evacuation
[2026-02-10T17:34:56.798+0530] GC(3)   Pre Evacuate Collection Set: 0.1ms
[2026-02-10T17:34:56.798+0530] GC(3)   Merge Heap Roots: 0.1ms
[2026-02-10T17:34:56.798+0530] GC(3)   Evacuate Collection Set: 12.5ms
[2026-02-10T17:34:56.798+0530] GC(3)   Post Evacuate Collection Set: 0.4ms
[2026-02-10T17:34:56.798+0530] GC(3)   Other: 0.2ms
[2026-02-10T17:34:56.798+0530] GC(3) Eden regions: 64->0(54)
[2026-02-10T17:34:56.798+0530] GC(3) Survivor regions: 2->9(9)
[2026-02-10T17:34:56.798+0530] GC(3) Old regions: 8->12
[2026-02-10T17:34:56.798+0530] GC(3) Archive regions: 0->0
[2026-02-10T17:34:56.798+0530] GC(3) Humongous regions: 5->5
[2026-02-10T17:34:56.798+0530] GC(3) Metaspace: 21255K(21504K)->21255K(21504K) NonClass: 19080K(19200K)->19080K(19200K) Class: 2174K(2304K)->2174K(2304K)
[2026-02-10T17:34:56.798+0530] GC(3) Pause Young (Concurrent Start) (Metadata GC Threshold) 78M->25M(128M) 13.460ms
[2026-02-10T17:34:56.798+0530] GC(3) User=0.05s Sys=0.00s Real=0.02s
[2026-02-10T17:34:56.798+0530] GC(4) Concurrent Mark Cycle
[2026-02-10T17:34:56.798+0530] GC(4) Concurrent Clear Claimed Marks
[2026-02-10T17:34:56.798+0530] GC(4) Concurrent Clear Claimed Marks 0.036ms
[2026-02-10T17:34:56.798+0530] GC(4) Concurrent Scan Root Regions
[2026-02-10T17:34:56.802+0530] GC(4) Concurrent Scan Root Regions 4.694ms
[2026-02-10T17:34:56.802+0530] GC(4) Concurrent Mark
[2026-02-10T17:34:56.802+0530] GC(4) Concurrent Mark From Roots
[2026-02-10T17:34:56.802+0530] GC(4) Using 1 workers of 1 for marking
[2026-02-10T17:34:56.826+0530] GC(4) Concurrent Mark From Roots 23.128ms
[2026-02-10T17:34:56.826+0530] GC(4) Concurrent Preclean
[2026-02-10T17:34:56.826+0530] GC(4) Concurrent Preclean 0.065ms
[2026-02-10T17:34:56.826+0530] GC(4) Pause Remark
[2026-02-10T17:34:56.829+0530] GC(4) Pause Remark 26M->26M(128M) 2.848ms
[2026-02-10T17:34:56.829+0530] GC(4) User=0.06s Sys=0.00s Real=0.00s
[2026-02-10T17:34:56.829+0530] GC(4) Concurrent Mark 26.346ms
[2026-02-10T17:34:56.829+0530] GC(4) Concurrent Rebuild Remembered Sets
[2026-02-10T17:34:56.845+0530] GC(4) Concurrent Rebuild Remembered Sets 16.407ms
[2026-02-10T17:34:56.845+0530] GC(4) Pause Cleanup
[2026-02-10T17:34:56.845+0530] GC(4) Pause Cleanup 26M->26M(128M) 0.094ms
[2026-02-10T17:34:56.845+0530] GC(4) User=0.00s Sys=0.00s Real=0.00s
[2026-02-10T17:34:56.845+0530] GC(4) Concurrent Cleanup for Next Mark
[2026-02-10T17:34:56.847+0530] GC(4) Concurrent Cleanup for Next Mark 1.275ms
[2026-02-10T17:34:56.847+0530] GC(4) Concurrent Mark Cycle 49.368ms
[2026-02-10T17:34:58.341+0530] GC(5) Pause Young (Normal) (G1 Evacuation Pause)
[2026-02-10T17:34:58.341+0530] GC(5) Using 3 workers of 4 for evacuation
[2026-02-10T17:34:58.356+0530] GC(5)   Pre Evacuate Collection Set: 0.1ms
[2026-02-10T17:34:58.356+0530] GC(5)   Merge Heap Roots: 0.1ms
[2026-02-10T17:34:58.356+0530] GC(5)   Evacuate Collection Set: 13.7ms
[2026-02-10T17:34:58.356+0530] GC(5)   Post Evacuate Collection Set: 0.5ms
[2026-02-10T17:34:58.356+0530] GC(5)   Other: 0.2ms
[2026-02-10T17:34:58.356+0530] GC(5) Eden regions: 54->0(55)
[2026-02-10T17:34:58.356+0530] GC(5) Survivor regions: 9->3(8)
[2026-02-10T17:34:58.356+0530] GC(5) Old regions: 12->21
[2026-02-10T17:34:58.356+0530] GC(5) Archive regions: 0->0
[2026-02-10T17:34:58.356+0530] GC(5) Humongous regions: 5->5
[2026-02-10T17:34:58.356+0530] GC(5) Metaspace: 27617K(28032K)->27617K(28032K) NonClass: 24656K(24896K)->24656K(24896K) Class: 2960K(3136K)->2960K(3136K)
[2026-02-10T17:34:58.356+0530] GC(5) Pause Young (Normal) (G1 Evacuation Pause) 79M->28M(128M) 14.854ms
[2026-02-10T17:34:58.356+0530] GC(5) User=0.03s Sys=0.03s Real=0.01s
[2026-02-10T17:34:59.400+0530] GC(6) Pause Young (Concurrent Start) (Metadata GC Threshold)
[2026-02-10T17:34:59.400+0530] GC(6) Using 3 workers of 4 for evacuation
[2026-02-10T17:34:59.409+0530] GC(6)   Pre Evacuate Collection Set: 0.1ms
[2026-02-10T17:34:59.409+0530] GC(6)   Merge Heap Roots: 0.1ms
[2026-02-10T17:34:59.409+0530] GC(6)   Evacuate Collection Set: 7.6ms
[2026-02-10T17:34:59.409+0530] GC(6)   Post Evacuate Collection Set: 0.6ms
[2026-02-10T17:34:59.409+0530] GC(6)   Other: 0.2ms
[2026-02-10T17:34:59.409+0530] GC(6) Eden regions: 53->0(58)
[2026-02-10T17:34:59.409+0530] GC(6) Survivor regions: 3->6(8)
[2026-02-10T17:34:59.409+0530] GC(6) Old regions: 21->21
[2026-02-10T17:34:59.409+0530] GC(6) Archive regions: 0->0
[2026-02-10T17:34:59.409+0530] GC(6) Humongous regions: 5->5
[2026-02-10T17:34:59.409+0530] GC(6) Metaspace: 35634K(36160K)->35634K(36160K) NonClass: 31696K(31936K)->31696K(31936K) Class: 3938K(4224K)->3938K(4224K)
[2026-02-10T17:34:59.409+0530] GC(6) Pause Young (Concurrent Start) (Metadata GC Threshold) 80M->30M(128M) 8.686ms
[2026-02-10T17:34:59.409+0530] GC(6) User=0.03s Sys=0.02s Real=0.01s
[2026-02-10T17:34:59.409+0530] GC(7) Concurrent Mark Cycle
[2026-02-10T17:34:59.409+0530] GC(7) Concurrent Clear Claimed Marks
[2026-02-10T17:34:59.409+0530] GC(7) Concurrent Clear Claimed Marks 0.044ms
[2026-02-10T17:34:59.409+0530] GC(7) Concurrent Scan Root Regions
[2026-02-10T17:34:59.415+0530] GC(7) Concurrent Scan Root Regions 6.513ms
[2026-02-10T17:34:59.415+0530] GC(7) Concurrent Mark
[2026-02-10T17:34:59.415+0530] GC(7) Concurrent Mark From Roots
[2026-02-10T17:34:59.415+0530] GC(7) Using 1 workers of 1 for marking
[2026-02-10T17:34:59.446+0530] GC(7) Concurrent Mark From Roots 30.771ms
[2026-02-10T17:34:59.446+0530] GC(7) Concurrent Preclean
[2026-02-10T17:34:59.446+0530] GC(7) Concurrent Preclean 0.096ms
[2026-02-10T17:34:59.447+0530] GC(7) Pause Remark
[2026-02-10T17:34:59.457+0530] GC(7) Pause Remark 31M->31M(128M) 11.013ms
[2026-02-10T17:34:59.457+0530] GC(7) User=0.05s Sys=0.02s Real=0.01s
[2026-02-10T17:34:59.459+0530] GC(7) Concurrent Mark 43.282ms
[2026-02-10T17:34:59.460+0530] GC(7) Concurrent Rebuild Remembered Sets
[2026-02-10T17:34:59.475+0530] GC(7) Concurrent Rebuild Remembered Sets 14.925ms
[2026-02-10T17:34:59.475+0530] GC(7) Pause Cleanup
[2026-02-10T17:34:59.475+0530] GC(7) Pause Cleanup 31M->31M(128M) 0.093ms
[2026-02-10T17:34:59.475+0530] GC(7) User=0.00s Sys=0.00s Real=0.00s
[2026-02-10T17:34:59.475+0530] GC(7) Concurrent Cleanup for Next Mark
[2026-02-10T17:34:59.476+0530] GC(7) Concurrent Cleanup for Next Mark 0.864ms
[2026-02-10T17:34:59.476+0530] GC(7) Concurrent Mark Cycle 66.161ms
[2026-02-10T17:35:01.508+0530] GC(8) Pause Young (Normal) (G1 Evacuation Pause)
[2026-02-10T17:35:01.509+0530] GC(8) Using 3 workers of 4 for evacuation
[2026-02-10T17:35:01.523+0530] GC(8)   Pre Evacuate Collection Set: 0.1ms
[2026-02-10T17:35:01.523+0530] GC(8)   Merge Heap Roots: 0.1ms
[2026-02-10T17:35:01.523+0530] GC(8)   Evacuate Collection Set: 14.2ms
[2026-02-10T17:35:01.523+0530] GC(8)   Post Evacuate Collection Set: 0.4ms
[2026-02-10T17:35:01.523+0530] GC(8)   Other: 0.2ms
[2026-02-10T17:35:01.523+0530] GC(8) Eden regions: 58->0(55)
[2026-02-10T17:35:01.523+0530] GC(8) Survivor regions: 6->8(8)
[2026-02-10T17:35:01.523+0530] GC(8) Old regions: 21->24
[2026-02-10T17:35:01.523+0530] GC(8) Archive regions: 0->0
[2026-02-10T17:35:01.523+0530] GC(8) Humongous regions: 5->5
[2026-02-10T17:35:01.523+0530] GC(8) Metaspace: 36654K(37184K)->36654K(37184K) NonClass: 32670K(32960K)->32670K(32960K) Class: 3983K(4224K)->3983K(4224K)
[2026-02-10T17:35:01.523+0530] GC(8) Pause Young (Normal) (G1 Evacuation Pause) 88M->36M(128M) 15.143ms
[2026-02-10T17:35:01.523+0530] GC(8) User=0.05s Sys=0.00s Real=0.02s
[2026-02-10T17:35:02.200+0530] GC(9) Pause Young (Normal) (G1 Evacuation Pause)
[2026-02-10T17:35:02.200+0530] GC(9) Using 3 workers of 4 for evacuation
[2026-02-10T17:35:02.228+0530] GC(9)   Pre Evacuate Collection Set: 0.1ms
[2026-02-10T17:35:02.228+0530] GC(9)   Merge Heap Roots: 0.1ms
[2026-02-10T17:35:02.228+0530] GC(9)   Evacuate Collection Set: 27.3ms
[2026-02-10T17:35:02.228+0530] GC(9)   Post Evacuate Collection Set: 0.4ms
[2026-02-10T17:35:02.228+0530] GC(9)   Other: 0.2ms
[2026-02-10T17:35:02.228+0530] GC(9) Eden regions: 55->0(50)
[2026-02-10T17:35:02.228+0530] GC(9) Survivor regions: 8->8(8)
[2026-02-10T17:35:02.228+0530] GC(9) Old regions: 24->33
[2026-02-10T17:35:02.228+0530] GC(9) Archive regions: 0->0
[2026-02-10T17:35:02.228+0530] GC(9) Humongous regions: 5->5
[2026-02-10T17:35:02.228+0530] GC(9) Metaspace: 36737K(37248K)->36737K(37248K) NonClass: 32748K(33024K)->32748K(33024K) Class: 3988K(4224K)->3988K(4224K)
[2026-02-10T17:35:02.228+0530] GC(9) Pause Young (Normal) (G1 Evacuation Pause) 91M->45M(128M) 28.199ms
[2026-02-10T17:35:02.228+0530] GC(9) User=0.11s Sys=0.02s Real=0.03s
[2026-02-10T17:35:02.409+0530] Heap
[2026-02-10T17:35:02.410+0530]  garbage-first heap   total 131072K, used 62447K [0x00000000f8000000, 0x0000000100000000)
[2026-02-10T17:35:02.410+0530]   region size 1024K, 24 young (24576K), 8 survivors (8192K)
[2026-02-10T17:35:02.410+0530]  Metaspace       used 36817K, committed 37312K, reserved 1114112K
[2026-02-10T17:35:02.410+0530]   class space    used 3997K, committed 4224K, reserved 1048576K
