[2026-02-10T17:35:46.373+0530] Using G1
[2026-02-10T17:35:46.376+0530] Version: 17.0.12+8-LTS-286 (release)
[2026-02-10T17:35:46.376+0530] CPUs: 8 total, 4 available
[2026-02-10T17:35:46.376+0530] Memory: 7914M
[2026-02-10T17:35:46.376+0530] Large Page Support: Disabled
[2026-02-10T17:35:46.376+0530] NUMA Support: Disabled
[2026-02-10T17:35:46.376+0530] Compressed Oops: Enabled (32-bit)
[2026-02-10T17:35:46.376+0530] Heap Region Size: 1M
[2026-02-10T17:35:46.376+0530] Heap Min Capacity: 128M
[2026-02-10T17:35:46.376+0530] Heap Initial Capacity: 128M
[2026-02-10T17:35:46.376+0530] Heap Max Capacity: 128M
[2026-02-10T17:35:46.376+0530] Pre-touch: Disabled
[2026-02-10T17:35:46.376+0530] Parallel Workers: 4
[2026-02-10T17:35:46.376+0530] Concurrent Workers: 1
[2026-02-10T17:35:46.376+0530] Concurrent Refinement Workers: 4
[2026-02-10T17:35:46.376+0530] Periodic GC: Disabled
[2026-02-10T17:35:46.392+0530] CDS archive(s) mapped at: [0x000002803b000000-0x000002803bbd0000-0x000002803bbd0000), size 12386304, SharedBaseAddress: 0x000002803b000000, ArchiveRelocationMode: 1.
[2026-02-10T17:35:46.392+0530] Compressed class space mapped at: 0x000002803c000000-0x000002807c000000, reserved size: 1073741824
[2026-02-10T17:35:46.392+0530] Narrow klass base: 0x000002803b000000, Narrow klass shift: 0, Narrow klass range: 0x100000000
[2026-02-10T17:35:47.028+0530] GC(0) Pause Young (Normal) (G1 Evacuation Pause)
[2026-02-10T17:35:47.028+0530] GC(0) Using 3 workers of 4 for evacuation
[2026-02-10T17:35:47.036+0530] GC(0)   Pre Evacuate Collection Set: 0.2ms
[2026-02-10T17:35:47.036+0530] GC(0)   Merge Heap Roots: 0.1ms
[2026-02-10T17:35:47.036+0530] GC(0)   Evacuate Collection Set: 6.9ms
[2026-02-10T17:35:47.036+0530] GC(0)   Post Evacuate Collection Set: 0.6ms
[2026-02-10T17:35:47.036+0530] GC(0)   Other: 0.7ms
[2026-02-10T17:35:47.036+0530] GC(0) Eden regions: 13->0(13)
[2026-02-10T17:35:47.036+0530] GC(0) Survivor regions: 0->2(2)
[2026-02-10T17:35:47.036+0530] GC(0) Old regions: 0->3
[2026-02-10T17:35:47.036+0530] GC(0) Archive regions: 0->0
[2026-02-10T17:35:47.036+0530] GC(0) Humongous regions: 5->5
[2026-02-10T17:35:47.036+0530] GC(0) Metaspace: 4453K(4672K)->4453K(4672K) NonClass: 3973K(4096K)->3973K(4096K) Class: 480K(576K)->480K(576K)
[2026-02-10T17:35:47.036+0530] GC(0) Pause Young (Normal) (G1 Evacuation Pause) 18M->9M(128M) 8.728ms
[2026-02-10T17:35:47.036+0530] GC(0) User=0.03s Sys=0.03s Real=0.01s
[2026-02-10T17:35:47.259+0530] GC(1) Pause Young (Normal) (G1 Evacuation Pause)
[2026-02-10T17:35:47.259+0530] GC(1) Using 3 workers of 4 for evacuation
[2026-02-10T17:35:47.267+0530] GC(1)   Pre Evacuate Collection Set: 0.1ms
[2026-02-10T17:35:47.267+0530] GC(1)   Merge Heap Roots: 0.1ms
[2026-02-10T17:35:47.267+0530] GC(1)   Evacuate Collection Set: 7.7ms
[2026-02-10T17:35:47.267+0530] GC(1)   Post Evacuate Collection Set: 0.4ms
[2026-02-10T17:35:47.267+0530] GC(1)   Other: 0.1ms
[2026-02-10T17:35:47.267+0530] GC(1) Eden regions: 13->0(18)
[2026-02-10T17:35:47.267+0530] GC(1) Survivor regions: 2->2(2)
[2026-02-10T17:35:47.267+0530] GC(1) Old regions: 3->6
[2026-02-10T17:35:47.267+0530] GC(1) Archive regions: 0->0
[2026-02-10T17:35:47.267+0530] GC(1) Humongous regions: 5->5
[2026-02-10T17:35:47.267+0530] GC(1) Metaspace: 6004K(6144K)->6004K(6144K) NonClass: 5346K(5440K)->5346K(5440K) Class: 657K(704K)->657K(704K)
[2026-02-10T17:35:47.267+0530] GC(1) Pause Young (Normal) (G1 Evacuation Pause) 22M->12M(128M) 8.613ms
[2026-02-10T17:35:47.267+0530] GC(1) User=0.05s Sys=0.02s Real=0.01s
[2026-02-10T17:35:47.730+0530] GC(2) Pause Young (Normal) (G1 Evacuation Pause)
[2026-02-10T17:35:47.730+0530] GC(2) Using 3 workers of 4 for evacuation
[2026-02-10T17:35:47.735+0530] GC(2)   Pre Evacuate Collection Set: 0.1ms
[2026-02-10T17:35:47.735+0530] GC(2)   Merge Heap Roots: 0.0ms
[2026-02-10T17:35:47.735+0530] GC(2)   Evacuate Collection Set: 4.6ms
[2026-02-10T17:35:47.735+0530] GC(2)   Post Evacuate Collection Set: 0.3ms
[2026-02-10T17:35:47.735+0530] GC(2)   Other: 0.1ms
[2026-02-10T17:35:47.735+0530] GC(2) Eden regions: 18->0(70)
[2026-02-10T17:35:47.735+0530] GC(2) Survivor regions: 2->2(3)
[2026-02-10T17:35:47.735+0530] GC(2) Old regions: 6->8
[2026-02-10T17:35:47.735+0530] GC(2) Archive regions: 0->0
[2026-02-10T17:35:47.735+0530] GC(2) Humongous regions: 5->5
[2026-02-10T17:35:47.736+0530] GC(2) Metaspace: 11394K(11584K)->11394K(11584K) NonClass: 10112K(10176K)->10112K(10176K) Class: 1282K(1408K)->1282K(1408K)
[2026-02-10T17:35:47.736+0530] GC(2) Pause Young (Normal) (G1 Evacuation Pause) 30M->14M(128M) 5.361ms
[2026-02-10T17:35:47.736+0530] GC(2) User=0.03s Sys=0.03s Real=0.01s
[2026-02-10T17:35:49.214+0530] GC(3) Pause Young (Concurrent Start) (Metadata GC Threshold)
[2026-02-10T17:35:49.214+0530] GC(3) Using 3 workers of 4 for evacuation
[2026-02-10T17:35:49.226+0530] GC(3)   Pre Evacuate Collection Set: 0.1ms
[2026-02-10T17:35:49.226+0530] GC(3)   Merge Heap Roots: 0.1ms
[2026-02-10T17:35:49.226+0530] GC(3)   Evacuate Collection Set: 11.3ms
[2026-02-10T17:35:49.226+0530] GC(3)   Post Evacuate Collection Set: 0.5ms
[2026-02-10T17:35:49.226+0530] GC(3)   Other: 0.3ms
[2026-02-10T17:35:49.226+0530] GC(3) Eden regions: 63->0(55)
[2026-02-10T17:35:49.226+0530] GC(3) Survivor regions: 2->9(9)
[2026-02-10T17:35:49.226+0530] GC(3) Old regions: 8->13
[2026-02-10T17:35:49.226+0530] GC(3) Archive regions: 0->0
[2026-02-10T17:35:49.226+0530] GC(3) Humongous regions: 5->5
[2026-02-10T17:35:49.226+0530] GC(3) Metaspace: 21234K(21504K)->21234K(21504K) NonClass: 19068K(19200K)->19068K(19200K) Class: 2165K(2304K)->2165K(2304K)
[2026-02-10T17:35:49.226+0530] GC(3) Pause Young (Concurrent Start) (Metadata GC Threshold) 77M->26M(128M) 12.517ms
[2026-02-10T17:35:49.226+0530] GC(3) User=0.02s Sys=0.03s Real=0.01s
[2026-02-10T17:35:49.226+0530] GC(4) Concurrent Mark Cycle
[2026-02-10T17:35:49.226+0530] GC(4) Concurrent Clear Claimed Marks
[2026-02-10T17:35:49.226+0530] GC(4) Concurrent Clear Claimed Marks 0.043ms
[2026-02-10T17:35:49.226+0530] GC(4) Concurrent Scan Root Regions
[2026-02-10T17:35:49.232+0530] GC(4) Concurrent Scan Root Regions 5.690ms
[2026-02-10T17:35:49.232+0530] GC(4) Concurrent Mark
[2026-02-10T17:35:49.232+0530] GC(4) Concurrent Mark From Roots
[2026-02-10T17:35:49.232+0530] GC(4) Using 1 workers of 1 for marking
[2026-02-10T17:35:49.263+0530] GC(4) Concurrent Mark From Roots 30.388ms
[2026-02-10T17:35:49.263+0530] GC(4) Concurrent Preclean
[2026-02-10T17:35:49.263+0530] GC(4) Concurrent Preclean 0.091ms
[2026-02-10T17:35:49.263+0530] GC(4) Pause Remark
[2026-02-10T17:35:49.267+0530] GC(4) Pause Remark 26M->26M(128M) 3.483ms
[2026-02-10T17:35:49.267+0530] GC(4) User=0.03s Sys=0.03s Real=0.00s
[2026-02-10T17:35:49.267+0530] GC(4) Concurrent Mark 34.494ms
[2026-02-10T17:35:49.267+0530] GC(4) Concurrent Rebuild Remembered Sets
[2026-02-10T17:35:49.282+0530] GC(4) Concurrent Rebuild Remembered Sets 14.442ms
[2026-02-10T17:35:49.282+0530] GC(4) Pause Cleanup
[2026-02-10T17:35:49.282+0530] GC(4) Pause Cleanup 26M->26M(128M) 0.139ms
[2026-02-10T17:35:49.282+0530] GC(4) User=0.00s Sys=0.00s Real=0.00s
[2026-02-10T17:35:49.283+0530] GC(4) Concurrent Cleanup for Next Mark
[2026-02-10T17:35:49.284+0530] GC(4) Concurrent Cleanup for Next Mark 1.089ms
[2026-02-10T17:35:49.284+0530] GC(4) Concurrent Mark Cycle 56.506ms
[2026-02-10T17:35:50.485+0530] GC(5) Pause Young (Normal) (G1 Evacuation Pause)
[2026-02-10T17:35:50.485+0530] GC(5) Using 3 workers of 4 for evacuation
[2026-02-10T17:35:50.505+0530] GC(5)   Pre Evacuate Collection Set: 0.1ms
[2026-02-10T17:35:50.505+0530] GC(5)   Merge Heap Roots: 0.1ms
[2026-02-10T17:35:50.505+0530] GC(5)   Evacuate Collection Set: 19.0ms
[2026-02-10T17:35:50.505+0530] GC(5)   Post Evacuate Collection Set: 0.6ms
[2026-02-10T17:35:50.505+0530] GC(5)   Other: 0.2ms
[2026-02-10T17:35:50.505+0530] GC(5) Eden regions: 55->0(55)
[2026-02-10T17:35:50.505+0530] GC(5) Survivor regions: 9->4(8)
[2026-02-10T17:35:50.505+0530] GC(5) Old regions: 13->21
[2026-02-10T17:35:50.505+0530] GC(5) Archive regions: 0->0
[2026-02-10T17:35:50.505+0530] GC(5) Humongous regions: 5->5
[2026-02-10T17:35:50.505+0530] GC(5) Metaspace: 27588K(28096K)->27588K(28096K) NonClass: 24623K(24896K)->24623K(24896K) Class: 2964K(3200K)->2964K(3200K)
[2026-02-10T17:35:50.505+0530] GC(5) Pause Young (Normal) (G1 Evacuation Pause) 81M->28M(128M) 20.199ms
[2026-02-10T17:35:50.505+0530] GC(5) User=0.06s Sys=0.00s Real=0.02s
[2026-02-10T17:35:51.543+0530] GC(6) Pause Young (Concurrent Start) (Metadata GC Threshold)
[2026-02-10T17:35:51.543+0530] GC(6) Using 3 workers of 4 for evacuation
[2026-02-10T17:35:51.551+0530] GC(6)   Pre Evacuate Collection Set: 0.1ms
[2026-02-10T17:35:51.551+0530] GC(6)   Merge Heap Roots: 0.1ms
[2026-02-10T17:35:51.551+0530] GC(6)   Evacuate Collection Set: 7.5ms
[2026-02-10T17:35:51.551+0530] GC(6)   Post Evacuate Collection Set: 0.4ms
[2026-02-10T17:35:51.551+0530] GC(6)   Other: 0.2ms
[2026-02-10T17:35:51.551+0530] GC(6) Eden regions: 52->0(58)
[2026-02-10T17:35:51.551+0530] GC(6) Survivor regions: 4->6(8)
[2026-02-10T17:35:51.551+0530] GC(6) Old regions: 21->21
[2026-02-10T17:35:51.551+0530] GC(6) Archive regions: 0->0
[2026-02-10T17:35:51.551+0530] GC(6) Humongous regions: 5->5
[2026-02-10T17:35:51.551+0530] GC(6) Metaspace: 35592K(36096K)->35592K(36096K) NonClass: 31652K(31872K)->31652K(31872K) Class: 3940K(4224K)->3940K(4224K)
[2026-02-10T17:35:51.551+0530] GC(6) Pause Young (Concurrent Start) (Metadata GC Threshold) 80M->31M(128M) 8.418ms
[2026-02-10T17:35:51.551+0530] GC(6) User=0.06s Sys=0.00s Real=0.01s
[2026-02-10T17:35:51.551+0530] GC(7) Concurrent Mark Cycle
[2026-02-10T17:35:51.552+0530] GC(7) Concurrent Clear Claimed Marks
[2026-02-10T17:35:51.552+0530] GC(7) Concurrent Clear Claimed Marks 0.030ms
[2026-02-10T17:35:51.552+0530] GC(7) Concurrent Scan Root Regions
[2026-02-10T17:35:51.560+0530] GC(7) Concurrent Scan Root Regions 7.697ms
[2026-02-10T17:35:51.560+0530] GC(7) Concurrent Mark
[2026-02-10T17:35:51.560+0530] GC(7) Concurrent Mark From Roots
[2026-02-10T17:35:51.560+0530] GC(7) Using 1 workers of 1 for marking
[2026-02-10T17:35:51.595+0530] GC(7) Concurrent Mark From Roots 35.508ms
[2026-02-10T17:35:51.595+0530] GC(7) Concurrent Preclean
[2026-02-10T17:35:51.595+0530] GC(7) Concurrent Preclean 0.091ms
[2026-02-10T17:35:51.595+0530] GC(7) Pause Remark
[2026-02-10T17:35:51.606+0530] GC(7) Pause Remark 32M->32M(128M) 11.673ms
[2026-02-10T17:35:51.608+0530] GC(7) User=0.00s Sys=0.00s Real=0.01s
[2026-02-10T17:35:51.608+0530] GC(7) Concurrent Mark 47.691ms
[2026-02-10T17:35:51.608+0530] GC(7) Concurrent Rebuild Remembered Sets
[2026-02-10T17:35:51.623+0530] GC(7) Concurrent Rebuild Remembered Sets 15.221ms
[2026-02-10T17:35:51.623+0530] GC(7) Pause Cleanup
[2026-02-10T17:35:51.623+0530] GC(7) Pause Cleanup 32M->32M(128M) 0.098ms
[2026-02-10T17:35:51.623+0530] GC(7) User=0.00s Sys=0.00s Real=0.00s
[2026-02-10T17:35:51.623+0530] GC(7) Concurrent Cleanup for Next Mark
[2026-02-10T17:35:51.624+0530] GC(7) Concurrent Cleanup for Next Mark 0.846ms
[2026-02-10T17:35:51.624+0530] GC(7) Concurrent Mark Cycle 72.038ms
[2026-02-10T17:35:53.123+0530] GC(8) Pause Young (Normal) (G1 Evacuation Pause)
[2026-02-10T17:35:53.124+0530] GC(8) Using 3 workers of 4 for evacuation
[2026-02-10T17:35:53.142+0530] GC(8)   Pre Evacuate Collection Set: 0.1ms
[2026-02-10T17:35:53.142+0530] GC(8)   Merge Heap Roots: 0.1ms
[2026-02-10T17:35:53.142+0530] GC(8)   Evacuate Collection Set: 17.8ms
[2026-02-10T17:35:53.142+0530] GC(8)   Post Evacuate Collection Set: 0.6ms
[2026-02-10T17:35:53.142+0530] GC(8)   Other: 0.2ms
[2026-02-10T17:35:53.142+0530] GC(8) Eden regions: 58->0(55)
[2026-02-10T17:35:53.142+0530] GC(8) Survivor regions: 6->8(8)
[2026-02-10T17:35:53.142+0530] GC(8) Old regions: 21->25
[2026-02-10T17:35:53.142+0530] GC(8) Archive regions: 0->0
[2026-02-10T17:35:53.142+0530] GC(8) Humongous regions: 5->5
[2026-02-10T17:35:53.142+0530] GC(8) Metaspace: 36578K(37120K)->36578K(37120K) NonClass: 32595K(32896K)->32595K(32896K) Class: 3983K(4224K)->3983K(4224K)
[2026-02-10T17:35:53.143+0530] GC(8) Pause Young (Normal) (G1 Evacuation Pause) 89M->37M(128M) 18.955ms
[2026-02-10T17:35:53.143+0530] GC(8) User=0.08s Sys=0.00s Real=0.02s
[2026-02-10T17:35:54.657+0530] GC(9) Pause Young (Normal) (G1 Evacuation Pause)
[2026-02-10T17:35:54.657+0530] GC(9) Using 3 workers of 4 for evacuation
[2026-02-10T17:35:54.691+0530] GC(9)   Pre Evacuate Collection Set: 0.1ms
[2026-02-10T17:35:54.691+0530] GC(9)   Merge Heap Roots: 0.1ms
[2026-02-10T17:35:54.691+0530] GC(9)   Evacuate Collection Set: 32.7ms
[2026-02-10T17:35:54.691+0530] GC(9)   Post Evacuate Collection Set: 0.8ms
[2026-02-10T17:35:54.691+0530] GC(9)   Other: 0.2ms
[2026-02-10T17:35:54.691+0530] GC(9) Eden regions: 55->0(50)
[2026-02-10T17:35:54.691+0530] GC(9) Survivor regions: 8->8(8)
[2026-02-10T17:35:54.692+0530] GC(9) Old regions: 25->33
[2026-02-10T17:35:54.692+0530] GC(9) Archive regions: 0->0
[2026-02-10T17:35:54.692+0530] GC(9) Humongous regions: 5->5
[2026-02-10T17:35:54.692+0530] GC(9) Metaspace: 36667K(37184K)->36667K(37184K) NonClass: 32678K(32960K)->32678K(32960K) Class: 3989K(4224K)->3989K(4224K)
[2026-02-10T17:35:54.692+0530] GC(9) Pause Young (Normal) (G1 Evacuation Pause) 92M->45M(128M) 34.103ms
[2026-02-10T17:35:54.692+0530] GC(9) User=0.08s Sys=0.00s Real=0.03s
[2026-02-10T17:35:54.917+0530] Heap
[2026-02-10T17:35:54.917+0530]  garbage-first heap   total 131072K, used 65903K [0x00000000f8000000, 0x0000000100000000)
[2026-02-10T17:35:54.917+0530]   region size 1024K, 27 young (27648K), 8 survivors (8192K)
[2026-02-10T17:35:54.917+0530]  Metaspace       used 36750K, committed 37248K, reserved 1114112K
[2026-02-10T17:35:54.917+0530]   class space    used 3998K, committed 4224K, reserved 1048576K
