[2026-02-10T21:58:36.605+0530] Using G1
[2026-02-10T21:58:36.613+0530] Version: 17.0.12+8-LTS-286 (release)
[2026-02-10T21:58:36.613+0530] CPUs: 8 total, 4 available
[2026-02-10T21:58:36.613+0530] Memory: 7914M
[2026-02-10T21:58:36.613+0530] Large Page Support: Disabled
[2026-02-10T21:58:36.613+0530] NUMA Support: Disabled
[2026-02-10T21:58:36.613+0530] Compressed Oops: Enabled (32-bit)
[2026-02-10T21:58:36.613+0530] Heap Region Size: 1M
[2026-02-10T21:58:36.614+0530] Heap Min Capacity: 512M
[2026-02-10T21:58:36.614+0530] Heap Initial Capacity: 512M
[2026-02-10T21:58:36.615+0530] Heap Max Capacity: 512M
[2026-02-10T21:58:36.615+0530] Pre-touch: Disabled
[2026-02-10T21:58:36.615+0530] Parallel Workers: 4
[2026-02-10T21:58:36.618+0530] Concurrent Workers: 1
[2026-02-10T21:58:36.618+0530] Concurrent Refinement Workers: 4
[2026-02-10T21:58:36.618+0530] Periodic GC: Disabled
[2026-02-10T21:58:36.635+0530] CDS archive(s) mapped at: [0x000001c300000000-0x000001c300bd0000-0x000001c300bd0000), size 12386304, SharedBaseAddress: 0x000001c300000000, ArchiveRelocationMode: 1.
[2026-02-10T21:58:36.635+0530] Compressed class space mapped at: 0x000001c301000000-0x000001c341000000, reserved size: 1073741824
[2026-02-10T21:58:36.635+0530] Narrow klass base: 0x000001c300000000, Narrow klass shift: 0, Narrow klass range: 0x100000000
[2026-02-10T21:58:38.047+0530] GC(0) Pause Young (Normal) (G1 Evacuation Pause)
[2026-02-10T21:58:38.048+0530] GC(0) Using 4 workers of 4 for evacuation
[2026-02-10T21:58:38.126+0530] GC(0)   Pre Evacuate Collection Set: 0.1ms
[2026-02-10T21:58:38.126+0530] GC(0)   Merge Heap Roots: 0.1ms
[2026-02-10T21:58:38.126+0530] GC(0)   Evacuate Collection Set: 77.7ms
[2026-02-10T21:58:38.126+0530] GC(0)   Post Evacuate Collection Set: 0.8ms
[2026-02-10T21:58:38.127+0530] GC(0)   Other: 0.7ms
[2026-02-10T21:58:38.127+0530] GC(0) Eden regions: 25->0(21)
[2026-02-10T21:58:38.127+0530] GC(0) Survivor regions: 0->4(4)
[2026-02-10T21:58:38.127+0530] GC(0) Old regions: 0->4
[2026-02-10T21:58:38.127+0530] GC(0) Archive regions: 0->0
[2026-02-10T21:58:38.127+0530] GC(0) Humongous regions: 5->5
[2026-02-10T21:58:38.127+0530] GC(0) Metaspace: 5556K(5760K)->5556K(5760K) NonClass: 4970K(5056K)->4970K(5056K) Class: 586K(704K)->586K(704K)
[2026-02-10T21:58:38.127+0530] GC(0) Pause Young (Normal) (G1 Evacuation Pause) 30M->12M(512M) 79.676ms
[2026-02-10T21:58:38.127+0530] GC(0) User=0.05s Sys=0.03s Real=0.08s
[2026-02-10T21:58:38.708+0530] GC(1) Pause Young (Normal) (G1 Evacuation Pause)
[2026-02-10T21:58:38.708+0530] GC(1) Using 4 workers of 4 for evacuation
[2026-02-10T21:58:38.719+0530] GC(1)   Pre Evacuate Collection Set: 0.1ms
[2026-02-10T21:58:38.719+0530] GC(1)   Merge Heap Roots: 0.1ms
[2026-02-10T21:58:38.719+0530] GC(1)   Evacuate Collection Set: 10.2ms
[2026-02-10T21:58:38.719+0530] GC(1)   Post Evacuate Collection Set: 0.5ms
[2026-02-10T21:58:38.719+0530] GC(1)   Other: 0.1ms
[2026-02-10T21:58:38.719+0530] GC(1) Eden regions: 21->0(24)
[2026-02-10T21:58:38.719+0530] GC(1) Survivor regions: 4->2(4)
[2026-02-10T21:58:38.720+0530] GC(1) Old regions: 4->8
[2026-02-10T21:58:38.720+0530] GC(1) Archive regions: 0->0
[2026-02-10T21:58:38.720+0530] GC(1) Humongous regions: 5->5
[2026-02-10T21:58:38.720+0530] GC(1) Metaspace: 11722K(11968K)->11722K(11968K) NonClass: 10392K(10496K)->10392K(10496K) Class: 1330K(1472K)->1330K(1472K)
[2026-02-10T21:58:38.720+0530] GC(1) Pause Young (Normal) (G1 Evacuation Pause) 33M->14M(512M) 11.330ms
[2026-02-10T21:58:38.720+0530] GC(1) User=0.00s Sys=0.00s Real=0.01s
[2026-02-10T21:58:39.172+0530] GC(2) Pause Young (Normal) (G1 Evacuation Pause)
[2026-02-10T21:58:39.172+0530] GC(2) Using 4 workers of 4 for evacuation
[2026-02-10T21:58:39.183+0530] GC(2)   Pre Evacuate Collection Set: 0.1ms
[2026-02-10T21:58:39.183+0530] GC(2)   Merge Heap Roots: 0.0ms
[2026-02-10T21:58:39.183+0530] GC(2)   Evacuate Collection Set: 10.1ms
[2026-02-10T21:58:39.183+0530] GC(2)   Post Evacuate Collection Set: 0.4ms
[2026-02-10T21:58:39.184+0530] GC(2)   Other: 0.2ms
[2026-02-10T21:58:39.184+0530] GC(2) Eden regions: 24->0(37)
[2026-02-10T21:58:39.184+0530] GC(2) Survivor regions: 2->4(4)
[2026-02-10T21:58:39.184+0530] GC(2) Old regions: 8->15
[2026-02-10T21:58:39.184+0530] GC(2) Archive regions: 0->0
[2026-02-10T21:58:39.184+0530] GC(2) Humongous regions: 5->5
[2026-02-10T21:58:39.184+0530] GC(2) Metaspace: 14780K(15040K)->14780K(15040K) NonClass: 13119K(13248K)->13119K(13248K) Class: 1661K(1792K)->1661K(1792K)
[2026-02-10T21:58:39.184+0530] GC(2) Pause Young (Normal) (G1 Evacuation Pause) 38M->23M(512M) 11.284ms
[2026-02-10T21:58:39.184+0530] GC(2) User=0.05s Sys=0.02s Real=0.01s
[2026-02-10T21:58:39.935+0530] GC(3) Pause Young (Normal) (G1 Evacuation Pause)
[2026-02-10T21:58:39.935+0530] GC(3) Using 4 workers of 4 for evacuation
[2026-02-10T21:58:39.943+0530] GC(3)   Pre Evacuate Collection Set: 0.1ms
[2026-02-10T21:58:39.943+0530] GC(3)   Merge Heap Roots: 0.1ms
[2026-02-10T21:58:39.943+0530] GC(3)   Evacuate Collection Set: 6.1ms
[2026-02-10T21:58:39.943+0530] GC(3)   Post Evacuate Collection Set: 0.4ms
[2026-02-10T21:58:39.943+0530] GC(3)   Other: 0.2ms
[2026-02-10T21:58:39.943+0530] GC(3) Eden regions: 37->0(192)
[2026-02-10T21:58:39.943+0530] GC(3) Survivor regions: 4->6(6)
[2026-02-10T21:58:39.943+0530] GC(3) Old regions: 15->16
[2026-02-10T21:58:39.943+0530] GC(3) Archive regions: 0->0
[2026-02-10T21:58:39.943+0530] GC(3) Humongous regions: 5->5
[2026-02-10T21:58:39.943+0530] GC(3) Metaspace: 21192K(21504K)->21192K(21504K) NonClass: 19030K(19200K)->19030K(19200K) Class: 2161K(2304K)->2161K(2304K)
[2026-02-10T21:58:39.943+0530] GC(3) Pause Young (Normal) (G1 Evacuation Pause) 60M->25M(512M) 7.039ms
[2026-02-10T21:58:39.943+0530] GC(3) User=0.06s Sys=0.00s Real=0.01s
[2026-02-10T21:58:39.955+0530] GC(4) Pause Young (Concurrent Start) (Metadata GC Threshold)
[2026-02-10T21:58:39.955+0530] GC(4) Using 4 workers of 4 for evacuation
[2026-02-10T21:58:39.960+0530] GC(4)   Pre Evacuate Collection Set: 0.1ms
[2026-02-10T21:58:39.960+0530] GC(4)   Merge Heap Roots: 0.1ms
[2026-02-10T21:58:39.960+0530] GC(4)   Evacuate Collection Set: 4.0ms
[2026-02-10T21:58:39.960+0530] GC(4)   Post Evacuate Collection Set: 0.4ms
[2026-02-10T21:58:39.960+0530] GC(4)   Other: 0.3ms
[2026-02-10T21:58:39.960+0530] GC(4) Eden regions: 1->0(301)
[2026-02-10T21:58:39.960+0530] GC(4) Survivor regions: 6->6(25)
[2026-02-10T21:58:39.960+0530] GC(4) Old regions: 16->16
[2026-02-10T21:58:39.960+0530] GC(4) Archive regions: 0->0
[2026-02-10T21:58:39.960+0530] GC(4) Humongous regions: 5->5
[2026-02-10T21:58:39.960+0530] GC(4) Metaspace: 21244K(21504K)->21244K(21504K) NonClass: 19077K(19200K)->19077K(19200K) Class: 2167K(2304K)->2167K(2304K)
[2026-02-10T21:58:39.960+0530] GC(4) Pause Young (Concurrent Start) (Metadata GC Threshold) 26M->25M(512M) 5.113ms
[2026-02-10T21:58:39.960+0530] GC(4) User=0.03s Sys=0.03s Real=0.01s
[2026-02-10T21:58:39.960+0530] GC(5) Concurrent Mark Cycle
[2026-02-10T21:58:39.960+0530] GC(5) Concurrent Clear Claimed Marks
[2026-02-10T21:58:39.960+0530] GC(5) Concurrent Clear Claimed Marks 0.033ms
[2026-02-10T21:58:39.960+0530] GC(5) Concurrent Scan Root Regions
[2026-02-10T21:58:39.964+0530] GC(5) Concurrent Scan Root Regions 3.706ms
[2026-02-10T21:58:39.964+0530] GC(5) Concurrent Mark
[2026-02-10T21:58:39.964+0530] GC(5) Concurrent Mark From Roots
[2026-02-10T21:58:39.964+0530] GC(5) Using 1 workers of 1 for marking
[2026-02-10T21:58:39.994+0530] GC(5) Concurrent Mark From Roots 29.984ms
[2026-02-10T21:58:39.995+0530] GC(5) Concurrent Preclean
[2026-02-10T21:58:39.995+0530] GC(5) Concurrent Preclean 0.108ms
[2026-02-10T21:58:39.995+0530] GC(5) Pause Remark
[2026-02-10T21:58:40.000+0530] GC(5) Pause Remark 26M->26M(512M) 4.854ms
[2026-02-10T21:58:40.000+0530] GC(5) User=0.00s Sys=0.00s Real=0.01s
[2026-02-10T21:58:40.000+0530] GC(5) Concurrent Mark 35.755ms
[2026-02-10T21:58:40.000+0530] GC(5) Concurrent Rebuild Remembered Sets
[2026-02-10T21:58:40.014+0530] GC(5) Concurrent Rebuild Remembered Sets 14.293ms
[2026-02-10T21:58:40.014+0530] GC(5) Pause Cleanup
[2026-02-10T21:58:40.015+0530] GC(5) Pause Cleanup 26M->26M(512M) 0.285ms
[2026-02-10T21:58:40.015+0530] GC(5) User=0.00s Sys=0.00s Real=0.00s
[2026-02-10T21:58:40.015+0530] GC(5) Concurrent Cleanup for Next Mark
[2026-02-10T21:58:40.019+0530] GC(5) Concurrent Cleanup for Next Mark 3.861ms
[2026-02-10T21:58:40.019+0530] GC(5) Concurrent Mark Cycle 58.501ms
[2026-02-10T21:58:43.283+0530] GC(6) Pause Young (Concurrent Start) (Metadata GC Threshold)
[2026-02-10T21:58:43.284+0530] GC(6) Using 4 workers of 4 for evacuation
[2026-02-10T21:58:43.295+0530] GC(6)   Pre Evacuate Collection Set: 0.1ms
[2026-02-10T21:58:43.295+0530] GC(6)   Merge Heap Roots: 0.1ms
[2026-02-10T21:58:43.295+0530] GC(6)   Evacuate Collection Set: 11.2ms
[2026-02-10T21:58:43.295+0530] GC(6)   Post Evacuate Collection Set: 0.6ms
[2026-02-10T21:58:43.295+0530] GC(6)   Other: 0.2ms
[2026-02-10T21:58:43.295+0530] GC(6) Eden regions: 107->0(297)
[2026-02-10T21:58:43.295+0530] GC(6) Survivor regions: 6->10(39)
[2026-02-10T21:58:43.295+0530] GC(6) Old regions: 16->16
[2026-02-10T21:58:43.295+0530] GC(6) Archive regions: 0->0
[2026-02-10T21:58:43.295+0530] GC(6) Humongous regions: 5->5
[2026-02-10T21:58:43.295+0530] GC(6) Metaspace: 35539K(36096K)->35539K(36096K) NonClass: 31612K(31872K)->31612K(31872K) Class: 3927K(4224K)->3927K(4224K)
[2026-02-10T21:58:43.295+0530] GC(6) Pause Young (Concurrent Start) (Metadata GC Threshold) 132M->30M(512M) 12.512ms
[2026-02-10T21:58:43.295+0530] GC(6) User=0.03s Sys=0.00s Real=0.01s
[2026-02-10T21:58:43.295+0530] GC(7) Concurrent Mark Cycle
[2026-02-10T21:58:43.296+0530] GC(7) Concurrent Clear Claimed Marks
[2026-02-10T21:58:43.296+0530] GC(7) Concurrent Clear Claimed Marks 0.044ms
[2026-02-10T21:58:43.296+0530] GC(7) Concurrent Scan Root Regions
[2026-02-10T21:58:43.307+0530] GC(7) Concurrent Scan Root Regions 11.348ms
[2026-02-10T21:58:43.307+0530] GC(7) Concurrent Mark
[2026-02-10T21:58:43.307+0530] GC(7) Concurrent Mark From Roots
[2026-02-10T21:58:43.307+0530] GC(7) Using 1 workers of 1 for marking
[2026-02-10T21:58:43.337+0530] GC(7) Concurrent Mark From Roots 29.963ms
[2026-02-10T21:58:43.337+0530] GC(7) Concurrent Preclean
[2026-02-10T21:58:43.337+0530] GC(7) Concurrent Preclean 0.090ms
[2026-02-10T21:58:43.338+0530] GC(7) Pause Remark
[2026-02-10T21:58:43.342+0530] GC(7) Pause Remark 32M->32M(512M) 4.809ms
[2026-02-10T21:58:43.342+0530] GC(7) User=0.00s Sys=0.00s Real=0.00s
[2026-02-10T21:58:43.343+0530] GC(7) Concurrent Mark 35.387ms
[2026-02-10T21:58:43.343+0530] GC(7) Concurrent Rebuild Remembered Sets
[2026-02-10T21:58:43.355+0530] GC(7) Concurrent Rebuild Remembered Sets 12.260ms
[2026-02-10T21:58:43.355+0530] GC(7) Pause Cleanup
[2026-02-10T21:58:43.355+0530] GC(7) Pause Cleanup 33M->33M(512M) 0.180ms
[2026-02-10T21:58:43.355+0530] GC(7) User=0.00s Sys=0.00s Real=0.00s
[2026-02-10T21:58:43.356+0530] GC(7) Concurrent Cleanup for Next Mark
[2026-02-10T21:58:43.361+0530] GC(7) Concurrent Cleanup for Next Mark 5.951ms
[2026-02-10T21:58:43.362+0530] GC(7) Concurrent Mark Cycle 65.929ms
[2026-02-10T21:58:46.296+0530] Heap
[2026-02-10T21:58:46.296+0530]  garbage-first heap   total 524288K, used 168591K [0x00000000e0000000, 0x0000000100000000)
[2026-02-10T21:58:46.296+0530]   region size 1024K, 145 young (148480K), 10 survivors (10240K)
[2026-02-10T21:58:46.296+0530]  Metaspace       used 37017K, committed 37632K, reserved 1114112K
[2026-02-10T21:58:46.296+0530]   class space    used 4001K, committed 4288K, reserved 1048576K
