[2026-02-10T21:59:16.184+0530] Using G1
[2026-02-10T21:59:16.191+0530] Version: 17.0.12+8-LTS-286 (release)
[2026-02-10T21:59:16.192+0530] CPUs: 8 total, 4 available
[2026-02-10T21:59:16.192+0530] Memory: 7914M
[2026-02-10T21:59:16.192+0530] Large Page Support: Disabled
[2026-02-10T21:59:16.192+0530] NUMA Support: Disabled
[2026-02-10T21:59:16.192+0530] Compressed Oops: Enabled (32-bit)
[2026-02-10T21:59:16.192+0530] Heap Region Size: 1M
[2026-02-10T21:59:16.192+0530] Heap Min Capacity: 512M
[2026-02-10T21:59:16.192+0530] Heap Initial Capacity: 512M
[2026-02-10T21:59:16.192+0530] Heap Max Capacity: 512M
[2026-02-10T21:59:16.192+0530] Pre-touch: Disabled
[2026-02-10T21:59:16.192+0530] Parallel Workers: 4
[2026-02-10T21:59:16.193+0530] Concurrent Workers: 1
[2026-02-10T21:59:16.193+0530] Concurrent Refinement Workers: 4
[2026-02-10T21:59:16.193+0530] Periodic GC: Disabled
[2026-02-10T21:59:16.208+0530] CDS archive(s) mapped at: [0x000001b7b6000000-0x000001b7b6bd0000-0x000001b7b6bd0000), size 12386304, SharedBaseAddress: 0x000001b7b6000000, ArchiveRelocationMode: 1.
[2026-02-10T21:59:16.208+0530] Compressed class space mapped at: 0x000001b7b7000000-0x000001b7f7000000, reserved size: 1073741824
[2026-02-10T21:59:16.208+0530] Narrow klass base: 0x000001b7b6000000, Narrow klass shift: 0, Narrow klass range: 0x100000000
[2026-02-10T21:59:17.252+0530] GC(0) Pause Young (Normal) (G1 Evacuation Pause)
[2026-02-10T21:59:17.252+0530] GC(0) Using 4 workers of 4 for evacuation
[2026-02-10T21:59:17.266+0530] GC(0)   Pre Evacuate Collection Set: 0.1ms
[2026-02-10T21:59:17.266+0530] GC(0)   Merge Heap Roots: 0.1ms
[2026-02-10T21:59:17.266+0530] GC(0)   Evacuate Collection Set: 12.7ms
[2026-02-10T21:59:17.266+0530] GC(0)   Post Evacuate Collection Set: 0.6ms
[2026-02-10T21:59:17.266+0530] GC(0)   Other: 0.7ms
[2026-02-10T21:59:17.266+0530] GC(0) Eden regions: 25->0(21)
[2026-02-10T21:59:17.266+0530] GC(0) Survivor regions: 0->4(4)
[2026-02-10T21:59:17.266+0530] GC(0) Old regions: 0->4
[2026-02-10T21:59:17.266+0530] GC(0) Archive regions: 0->0
[2026-02-10T21:59:17.266+0530] GC(0) Humongous regions: 5->5
[2026-02-10T21:59:17.266+0530] GC(0) Metaspace: 5440K(5632K)->5440K(5632K) NonClass: 4869K(4992K)->4869K(4992K) Class: 570K(640K)->570K(640K)
[2026-02-10T21:59:17.266+0530] GC(0) Pause Young (Normal) (G1 Evacuation Pause) 30M->12M(512M) 14.452ms
[2026-02-10T21:59:17.266+0530] GC(0) User=0.05s Sys=0.00s Real=0.01s
[2026-02-10T21:59:18.009+0530] GC(1) Pause Young (Normal) (G1 Evacuation Pause)
[2026-02-10T21:59:18.009+0530] GC(1) Using 4 workers of 4 for evacuation
[2026-02-10T21:59:18.019+0530] GC(1)   Pre Evacuate Collection Set: 0.1ms
[2026-02-10T21:59:18.019+0530] GC(1)   Merge Heap Roots: 0.1ms
[2026-02-10T21:59:18.019+0530] GC(1)   Evacuate Collection Set: 8.9ms
[2026-02-10T21:59:18.019+0530] GC(1)   Post Evacuate Collection Set: 0.6ms
[2026-02-10T21:59:18.019+0530] GC(1)   Other: 0.1ms
[2026-02-10T21:59:18.019+0530] GC(1) Eden regions: 21->0(23)
[2026-02-10T21:59:18.019+0530] GC(1) Survivor regions: 4->2(4)
[2026-02-10T21:59:18.019+0530] GC(1) Old regions: 4->8
[2026-02-10T21:59:18.019+0530] GC(1) Archive regions: 0->0
[2026-02-10T21:59:18.019+0530] GC(1) Humongous regions: 5->5
[2026-02-10T21:59:18.019+0530] GC(1) Metaspace: 11726K(11968K)->11726K(11968K) NonClass: 10395K(10496K)->10395K(10496K) Class: 1331K(1472K)->1331K(1472K)
[2026-02-10T21:59:18.019+0530] GC(1) Pause Young (Normal) (G1 Evacuation Pause) 33M->14M(512M) 10.038ms
[2026-02-10T21:59:18.019+0530] GC(1) User=0.05s Sys=0.02s Real=0.01s
[2026-02-10T21:59:18.440+0530] GC(2) Pause Young (Normal) (G1 Evacuation Pause)
[2026-02-10T21:59:18.440+0530] GC(2) Using 4 workers of 4 for evacuation
[2026-02-10T21:59:18.450+0530] GC(2)   Pre Evacuate Collection Set: 0.1ms
[2026-02-10T21:59:18.450+0530] GC(2)   Merge Heap Roots: 0.1ms
[2026-02-10T21:59:18.450+0530] GC(2)   Evacuate Collection Set: 9.4ms
[2026-02-10T21:59:18.451+0530] GC(2)   Post Evacuate Collection Set: 0.3ms
[2026-02-10T21:59:18.451+0530] GC(2)   Other: 0.2ms
[2026-02-10T21:59:18.451+0530] GC(2) Eden regions: 23->0(36)
[2026-02-10T21:59:18.451+0530] GC(2) Survivor regions: 2->4(4)
[2026-02-10T21:59:18.451+0530] GC(2) Old regions: 8->15
[2026-02-10T21:59:18.451+0530] GC(2) Archive regions: 0->0
[2026-02-10T21:59:18.451+0530] GC(2) Humongous regions: 5->5
[2026-02-10T21:59:18.451+0530] GC(2) Metaspace: 14718K(14976K)->14718K(14976K) NonClass: 13064K(13184K)->13064K(13184K) Class: 1653K(1792K)->1653K(1792K)
[2026-02-10T21:59:18.451+0530] GC(2) Pause Young (Normal) (G1 Evacuation Pause) 37M->23M(512M) 10.371ms
[2026-02-10T21:59:18.451+0530] GC(2) User=0.02s Sys=0.00s Real=0.01s
[2026-02-10T21:59:19.579+0530] GC(3) Pause Young (Normal) (G1 Evacuation Pause)
[2026-02-10T21:59:19.579+0530] GC(3) Using 4 workers of 4 for evacuation
[2026-02-10T21:59:19.588+0530] GC(3)   Pre Evacuate Collection Set: 0.1ms
[2026-02-10T21:59:19.588+0530] GC(3)   Merge Heap Roots: 0.1ms
[2026-02-10T21:59:19.588+0530] GC(3)   Evacuate Collection Set: 8.1ms
[2026-02-10T21:59:19.588+0530] GC(3)   Post Evacuate Collection Set: 0.4ms
[2026-02-10T21:59:19.588+0530] GC(3)   Other: 0.3ms
[2026-02-10T21:59:19.588+0530] GC(3) Eden regions: 36->0(186)
[2026-02-10T21:59:19.588+0530] GC(3) Survivor regions: 4->3(5)
[2026-02-10T21:59:19.588+0530] GC(3) Old regions: 15->19
[2026-02-10T21:59:19.588+0530] GC(3) Archive regions: 0->0
[2026-02-10T21:59:19.588+0530] GC(3) Humongous regions: 5->5
[2026-02-10T21:59:19.588+0530] GC(3) Metaspace: 20732K(21056K)->20732K(21056K) NonClass: 18622K(18752K)->18622K(18752K) Class: 2109K(2304K)->2109K(2304K)
[2026-02-10T21:59:19.588+0530] GC(3) Pause Young (Normal) (G1 Evacuation Pause) 59M->25M(512M) 9.192ms
[2026-02-10T21:59:19.588+0530] GC(3) User=0.06s Sys=0.00s Real=0.01s
[2026-02-10T21:59:19.833+0530] GC(4) Pause Young (Concurrent Start) (Metadata GC Threshold)
[2026-02-10T21:59:19.833+0530] GC(4) Using 4 workers of 4 for evacuation
[2026-02-10T21:59:19.839+0530] GC(4)   Pre Evacuate Collection Set: 0.1ms
[2026-02-10T21:59:19.839+0530] GC(4)   Merge Heap Roots: 0.1ms
[2026-02-10T21:59:19.839+0530] GC(4)   Evacuate Collection Set: 4.3ms
[2026-02-10T21:59:19.839+0530] GC(4)   Post Evacuate Collection Set: 0.4ms
[2026-02-10T21:59:19.839+0530] GC(4)   Other: 0.3ms
[2026-02-10T21:59:19.839+0530] GC(4) Eden regions: 3->0(106)
[2026-02-10T21:59:19.839+0530] GC(4) Survivor regions: 3->3(24)
[2026-02-10T21:59:19.839+0530] GC(4) Old regions: 19->19
[2026-02-10T21:59:19.839+0530] GC(4) Archive regions: 0->0
[2026-02-10T21:59:19.839+0530] GC(4) Humongous regions: 5->5
[2026-02-10T21:59:19.839+0530] GC(4) Metaspace: 21229K(21504K)->21229K(21504K) NonClass: 19068K(19200K)->19068K(19200K) Class: 2160K(2304K)->2160K(2304K)
[2026-02-10T21:59:19.839+0530] GC(4) Pause Young (Concurrent Start) (Metadata GC Threshold) 28M->26M(512M) 5.566ms
[2026-02-10T21:59:19.839+0530] GC(4) User=0.00s Sys=0.00s Real=0.01s
[2026-02-10T21:59:19.839+0530] GC(5) Concurrent Mark Cycle
[2026-02-10T21:59:19.839+0530] GC(5) Concurrent Clear Claimed Marks
[2026-02-10T21:59:19.839+0530] GC(5) Concurrent Clear Claimed Marks 0.036ms
[2026-02-10T21:59:19.839+0530] GC(5) Concurrent Scan Root Regions
[2026-02-10T21:59:19.843+0530] GC(5) Concurrent Scan Root Regions 3.952ms
[2026-02-10T21:59:19.844+0530] GC(5) Concurrent Mark
[2026-02-10T21:59:19.844+0530] GC(5) Concurrent Mark From Roots
[2026-02-10T21:59:19.844+0530] GC(5) Using 1 workers of 1 for marking
[2026-02-10T21:59:19.882+0530] GC(5) Concurrent Mark From Roots 38.251ms
[2026-02-10T21:59:19.882+0530] GC(5) Concurrent Preclean
[2026-02-10T21:59:19.883+0530] GC(5) Concurrent Preclean 0.106ms
[2026-02-10T21:59:19.883+0530] GC(5) Pause Remark
[2026-02-10T21:59:19.892+0530] GC(5) Pause Remark 26M->26M(512M) 9.668ms
[2026-02-10T21:59:19.892+0530] GC(5) User=0.00s Sys=0.00s Real=0.01s
[2026-02-10T21:59:19.899+0530] GC(5) Concurrent Mark 55.461ms
[2026-02-10T21:59:19.899+0530] GC(5) Concurrent Rebuild Remembered Sets
[2026-02-10T21:59:19.916+0530] GC(5) Concurrent Rebuild Remembered Sets 16.549ms
[2026-02-10T21:59:19.934+0530] GC(5) Pause Cleanup
[2026-02-10T21:59:19.935+0530] GC(5) Pause Cleanup 26M->26M(512M) 0.511ms
[2026-02-10T21:59:19.935+0530] GC(5) User=0.00s Sys=0.00s Real=0.00s
[2026-02-10T21:59:19.936+0530] GC(5) Concurrent Cleanup for Next Mark
[2026-02-10T21:59:19.940+0530] GC(5) Concurrent Cleanup for Next Mark 4.121ms
[2026-02-10T21:59:19.940+0530] GC(5) Concurrent Mark Cycle 100.408ms
[2026-02-10T21:59:22.404+0530] GC(6) Pause Young (Concurrent Start) (Metadata GC Threshold)
[2026-02-10T21:59:22.404+0530] GC(6) Using 4 workers of 4 for evacuation
[2026-02-10T21:59:22.417+0530] GC(6)   Pre Evacuate Collection Set: 0.1ms
[2026-02-10T21:59:22.417+0530] GC(6)   Merge Heap Roots: 0.1ms
[2026-02-10T21:59:22.417+0530] GC(6)   Evacuate Collection Set: 12.8ms
[2026-02-10T21:59:22.417+0530] GC(6)   Post Evacuate Collection Set: 0.7ms
[2026-02-10T21:59:22.417+0530] GC(6)   Other: 0.2ms
[2026-02-10T21:59:22.417+0530] GC(6) Eden regions: 106->0(288)
[2026-02-10T21:59:22.418+0530] GC(6) Survivor regions: 3->7(14)
[2026-02-10T21:59:22.418+0530] GC(6) Old regions: 19->19
[2026-02-10T21:59:22.418+0530] GC(6) Archive regions: 0->0
[2026-02-10T21:59:22.418+0530] GC(6) Humongous regions: 5->5
[2026-02-10T21:59:22.418+0530] GC(6) Metaspace: 35427K(35968K)->35427K(35968K) NonClass: 31509K(31808K)->31509K(31808K) Class: 3917K(4160K)->3917K(4160K)
[2026-02-10T21:59:22.418+0530] GC(6) Pause Young (Concurrent Start) (Metadata GC Threshold) 131M->30M(512M) 14.309ms
[2026-02-10T21:59:22.418+0530] GC(6) User=0.06s Sys=0.00s Real=0.01s
[2026-02-10T21:59:22.418+0530] GC(7) Concurrent Mark Cycle
[2026-02-10T21:59:22.418+0530] GC(7) Concurrent Clear Claimed Marks
[2026-02-10T21:59:22.418+0530] GC(7) Concurrent Clear Claimed Marks 0.051ms
[2026-02-10T21:59:22.418+0530] GC(7) Concurrent Scan Root Regions
[2026-02-10T21:59:22.428+0530] GC(7) Concurrent Scan Root Regions 10.003ms
[2026-02-10T21:59:22.428+0530] GC(7) Concurrent Mark
[2026-02-10T21:59:22.428+0530] GC(7) Concurrent Mark From Roots
[2026-02-10T21:59:22.428+0530] GC(7) Using 1 workers of 1 for marking
[2026-02-10T21:59:22.467+0530] GC(7) Concurrent Mark From Roots 39.158ms
[2026-02-10T21:59:22.467+0530] GC(7) Concurrent Preclean
[2026-02-10T21:59:22.467+0530] GC(7) Concurrent Preclean 0.099ms
[2026-02-10T21:59:22.468+0530] GC(7) Pause Remark
[2026-02-10T21:59:22.474+0530] GC(7) Pause Remark 33M->33M(512M) 6.563ms
[2026-02-10T21:59:22.474+0530] GC(7) User=0.03s Sys=0.00s Real=0.01s
[2026-02-10T21:59:22.474+0530] GC(7) Concurrent Mark 46.237ms
[2026-02-10T21:59:22.474+0530] GC(7) Concurrent Rebuild Remembered Sets
[2026-02-10T21:59:22.491+0530] GC(7) Concurrent Rebuild Remembered Sets 16.422ms
[2026-02-10T21:59:22.491+0530] GC(7) Pause Cleanup
[2026-02-10T21:59:22.491+0530] GC(7) Pause Cleanup 33M->33M(512M) 0.150ms
[2026-02-10T21:59:22.491+0530] GC(7) User=0.00s Sys=0.00s Real=0.00s
[2026-02-10T21:59:22.491+0530] GC(7) Concurrent Cleanup for Next Mark
[2026-02-10T21:59:22.495+0530] GC(7) Concurrent Cleanup for Next Mark 4.009ms
[2026-02-10T21:59:22.495+0530] GC(7) Concurrent Mark Cycle 77.630ms
[2026-02-10T21:59:26.151+0530] Heap
[2026-02-10T21:59:26.151+0530]  garbage-first heap   total 524288K, used 166774K [0x00000000e0000000, 0x0000000100000000)
[2026-02-10T21:59:26.151+0530]   region size 1024K, 140 young (143360K), 7 survivors (7168K)
[2026-02-10T21:59:26.151+0530]  Metaspace       used 36832K, committed 37312K, reserved 1114112K
[2026-02-10T21:59:26.151+0530]   class space    used 3990K, committed 4224K, reserved 1048576K
