[2026-02-10T17:35:02.710+0530] Using G1
[2026-02-10T17:35:02.713+0530] Version: 17.0.12+8-LTS-286 (release)
[2026-02-10T17:35:02.713+0530] CPUs: 8 total, 4 available
[2026-02-10T17:35:02.714+0530] Memory: 7914M
[2026-02-10T17:35:02.714+0530] Large Page Support: Disabled
[2026-02-10T17:35:02.714+0530] NUMA Support: Disabled
[2026-02-10T17:35:02.714+0530] Compressed Oops: Enabled (32-bit)
[2026-02-10T17:35:02.714+0530] Heap Region Size: 1M
[2026-02-10T17:35:02.714+0530] Heap Min Capacity: 128M
[2026-02-10T17:35:02.714+0530] Heap Initial Capacity: 128M
[2026-02-10T17:35:02.714+0530] Heap Max Capacity: 128M
[2026-02-10T17:35:02.714+0530] Pre-touch: Disabled
[2026-02-10T17:35:02.714+0530] Parallel Workers: 4
[2026-02-10T17:35:02.714+0530] Concurrent Workers: 1
[2026-02-10T17:35:02.714+0530] Concurrent Refinement Workers: 4
[2026-02-10T17:35:02.714+0530] Periodic GC: Disabled
[2026-02-10T17:35:02.735+0530] CDS archive(s) mapped at: [0x000001bb83000000-0x000001bb83bd0000-0x000001bb83bd0000), size 12386304, SharedBaseAddress: 0x000001bb83000000, ArchiveRelocationMode: 1.
[2026-02-10T17:35:02.735+0530] Compressed class space mapped at: 0x000001bb84000000-0x000001bbc4000000, reserved size: 1073741824
[2026-02-10T17:35:02.736+0530] Narrow klass base: 0x000001bb83000000, Narrow klass shift: 0, Narrow klass range: 0x100000000
[2026-02-10T17:35:03.573+0530] GC(0) Pause Young (Normal) (G1 Evacuation Pause)
[2026-02-10T17:35:03.573+0530] GC(0) Using 3 workers of 4 for evacuation
[2026-02-10T17:35:03.580+0530] GC(0)   Pre Evacuate Collection Set: 0.1ms
[2026-02-10T17:35:03.580+0530] GC(0)   Merge Heap Roots: 0.0ms
[2026-02-10T17:35:03.580+0530] GC(0)   Evacuate Collection Set: 6.6ms
[2026-02-10T17:35:03.580+0530] GC(0)   Post Evacuate Collection Set: 0.6ms
[2026-02-10T17:35:03.581+0530] GC(0)   Other: 0.4ms
[2026-02-10T17:35:03.581+0530] GC(0) Eden regions: 13->0(13)
[2026-02-10T17:35:03.581+0530] GC(0) Survivor regions: 0->2(2)
[2026-02-10T17:35:03.581+0530] GC(0) Old regions: 0->3
[2026-02-10T17:35:03.581+0530] GC(0) Archive regions: 0->0
[2026-02-10T17:35:03.581+0530] GC(0) Humongous regions: 5->5
[2026-02-10T17:35:03.581+0530] GC(0) Metaspace: 4449K(4672K)->4449K(4672K) NonClass: 3969K(4096K)->3969K(4096K) Class: 480K(576K)->480K(576K)
[2026-02-10T17:35:03.581+0530] GC(0) Pause Young (Normal) (G1 Evacuation Pause) 18M->9M(128M) 7.968ms
[2026-02-10T17:35:03.581+0530] GC(0) User=0.03s Sys=0.02s Real=0.01s
[2026-02-10T17:35:03.807+0530] GC(1) Pause Young (Normal) (G1 Evacuation Pause)
[2026-02-10T17:35:03.807+0530] GC(1) Using 3 workers of 4 for evacuation
[2026-02-10T17:35:03.817+0530] GC(1)   Pre Evacuate Collection Set: 0.1ms
[2026-02-10T17:35:03.817+0530] GC(1)   Merge Heap Roots: 0.1ms
[2026-02-10T17:35:03.817+0530] GC(1)   Evacuate Collection Set: 9.0ms
[2026-02-10T17:35:03.817+0530] GC(1)   Post Evacuate Collection Set: 0.4ms
[2026-02-10T17:35:03.817+0530] GC(1)   Other: 0.2ms
[2026-02-10T17:35:03.817+0530] GC(1) Eden regions: 13->0(18)
[2026-02-10T17:35:03.817+0530] GC(1) Survivor regions: 2->2(2)
[2026-02-10T17:35:03.817+0530] GC(1) Old regions: 3->6
[2026-02-10T17:35:03.817+0530] GC(1) Archive regions: 0->0
[2026-02-10T17:35:03.817+0530] GC(1) Humongous regions: 5->5
[2026-02-10T17:35:03.817+0530] GC(1) Metaspace: 6001K(6144K)->6001K(6144K) NonClass: 5343K(5440K)->5343K(5440K) Class: 657K(704K)->657K(704K)
[2026-02-10T17:35:03.817+0530] GC(1) Pause Young (Normal) (G1 Evacuation Pause) 22M->12M(128M) 9.945ms
[2026-02-10T17:35:03.817+0530] GC(1) User=0.03s Sys=0.03s Real=0.01s
[2026-02-10T17:35:04.252+0530] GC(2) Pause Young (Normal) (G1 Evacuation Pause)
[2026-02-10T17:35:04.252+0530] GC(2) Using 3 workers of 4 for evacuation
[2026-02-10T17:35:04.259+0530] GC(2)   Pre Evacuate Collection Set: 0.0ms
[2026-02-10T17:35:04.259+0530] GC(2)   Merge Heap Roots: 0.0ms
[2026-02-10T17:35:04.259+0530] GC(2)   Evacuate Collection Set: 5.0ms
[2026-02-10T17:35:04.259+0530] GC(2)   Post Evacuate Collection Set: 0.3ms
[2026-02-10T17:35:04.259+0530] GC(2)   Other: 0.1ms
[2026-02-10T17:35:04.259+0530] GC(2) Eden regions: 18->0(70)
[2026-02-10T17:35:04.259+0530] GC(2) Survivor regions: 2->2(3)
[2026-02-10T17:35:04.259+0530] GC(2) Old regions: 6->8
[2026-02-10T17:35:04.259+0530] GC(2) Archive regions: 0->0
[2026-02-10T17:35:04.259+0530] GC(2) Humongous regions: 5->5
[2026-02-10T17:35:04.259+0530] GC(2) Metaspace: 11345K(11584K)->11345K(11584K) NonClass: 10064K(10176K)->10064K(10176K) Class: 1281K(1408K)->1281K(1408K)
[2026-02-10T17:35:04.259+0530] GC(2) Pause Young (Normal) (G1 Evacuation Pause) 30M->14M(128M) 5.885ms
[2026-02-10T17:35:04.259+0530] GC(2) User=0.00s Sys=0.00s Real=0.01s
[2026-02-10T17:35:05.652+0530] GC(3) Pause Young (Concurrent Start) (Metadata GC Threshold)
[2026-02-10T17:35:05.652+0530] GC(3) Using 3 workers of 4 for evacuation
[2026-02-10T17:35:05.663+0530] GC(3)   Pre Evacuate Collection Set: 0.1ms
[2026-02-10T17:35:05.663+0530] GC(3)   Merge Heap Roots: 0.1ms
[2026-02-10T17:35:05.663+0530] GC(3)   Evacuate Collection Set: 10.2ms
[2026-02-10T17:35:05.663+0530] GC(3)   Post Evacuate Collection Set: 0.5ms
[2026-02-10T17:35:05.663+0530] GC(3)   Other: 0.2ms
[2026-02-10T17:35:05.663+0530] GC(3) Eden regions: 63->0(55)
[2026-02-10T17:35:05.663+0530] GC(3) Survivor regions: 2->9(9)
[2026-02-10T17:35:05.663+0530] GC(3) Old regions: 8->12
[2026-02-10T17:35:05.663+0530] GC(3) Archive regions: 0->0
[2026-02-10T17:35:05.663+0530] GC(3) Humongous regions: 5->5
[2026-02-10T17:35:05.663+0530] GC(3) Metaspace: 21234K(21504K)->21234K(21504K) NonClass: 19068K(19200K)->19068K(19200K) Class: 2166K(2304K)->2166K(2304K)
[2026-02-10T17:35:05.664+0530] GC(3) Pause Young (Concurrent Start) (Metadata GC Threshold) 76M->25M(128M) 11.310ms
[2026-02-10T17:35:05.664+0530] GC(3) User=0.06s Sys=0.00s Real=0.01s
[2026-02-10T17:35:05.664+0530] GC(4) Concurrent Mark Cycle
[2026-02-10T17:35:05.664+0530] GC(4) Concurrent Clear Claimed Marks
[2026-02-10T17:35:05.664+0530] GC(4) Concurrent Clear Claimed Marks 0.036ms
[2026-02-10T17:35:05.664+0530] GC(4) Concurrent Scan Root Regions
[2026-02-10T17:35:05.668+0530] GC(4) Concurrent Scan Root Regions 4.734ms
[2026-02-10T17:35:05.668+0530] GC(4) Concurrent Mark
[2026-02-10T17:35:05.668+0530] GC(4) Concurrent Mark From Roots
[2026-02-10T17:35:05.668+0530] GC(4) Using 1 workers of 1 for marking
[2026-02-10T17:35:05.688+0530] GC(4) Concurrent Mark From Roots 20.390ms
[2026-02-10T17:35:05.688+0530] GC(4) Concurrent Preclean
[2026-02-10T17:35:05.688+0530] GC(4) Concurrent Preclean 0.070ms
[2026-02-10T17:35:05.690+0530] GC(4) Pause Remark
[2026-02-10T17:35:05.692+0530] GC(4) Pause Remark 26M->26M(128M) 2.818ms
[2026-02-10T17:35:05.692+0530] GC(4) User=0.00s Sys=0.00s Real=0.00s
[2026-02-10T17:35:05.692+0530] GC(4) Concurrent Mark 23.625ms
[2026-02-10T17:35:05.692+0530] GC(4) Concurrent Rebuild Remembered Sets
[2026-02-10T17:35:05.704+0530] GC(4) Concurrent Rebuild Remembered Sets 12.245ms
[2026-02-10T17:35:05.704+0530] GC(4) Pause Cleanup
[2026-02-10T17:35:05.704+0530] GC(4) Pause Cleanup 26M->26M(128M) 0.074ms
[2026-02-10T17:35:05.704+0530] GC(4) User=0.00s Sys=0.00s Real=0.00s
[2026-02-10T17:35:05.706+0530] GC(4) Concurrent Cleanup for Next Mark
[2026-02-10T17:35:05.707+0530] GC(4) Concurrent Cleanup for Next Mark 0.910ms
[2026-02-10T17:35:05.707+0530] GC(4) Concurrent Mark Cycle 43.275ms
[2026-02-10T17:35:06.896+0530] GC(5) Pause Young (Normal) (G1 Evacuation Pause)
[2026-02-10T17:35:06.896+0530] GC(5) Using 3 workers of 4 for evacuation
[2026-02-10T17:35:06.912+0530] GC(5)   Pre Evacuate Collection Set: 0.1ms
[2026-02-10T17:35:06.912+0530] GC(5)   Merge Heap Roots: 0.1ms
[2026-02-10T17:35:06.912+0530] GC(5)   Evacuate Collection Set: 14.6ms
[2026-02-10T17:35:06.912+0530] GC(5)   Post Evacuate Collection Set: 0.4ms
[2026-02-10T17:35:06.912+0530] GC(5)   Other: 0.2ms
[2026-02-10T17:35:06.912+0530] GC(5) Eden regions: 55->0(55)
[2026-02-10T17:35:06.912+0530] GC(5) Survivor regions: 9->3(8)
[2026-02-10T17:35:06.912+0530] GC(5) Old regions: 12->21
[2026-02-10T17:35:06.912+0530] GC(5) Archive regions: 0->0
[2026-02-10T17:35:06.912+0530] GC(5) Humongous regions: 5->5
[2026-02-10T17:35:06.912+0530] GC(5) Metaspace: 27436K(27840K)->27436K(27840K) NonClass: 24484K(24704K)->24484K(24704K) Class: 2952K(3136K)->2952K(3136K)
[2026-02-10T17:35:06.912+0530] GC(5) Pause Young (Normal) (G1 Evacuation Pause) 80M->28M(128M) 15.660ms
[2026-02-10T17:35:06.912+0530] GC(5) User=0.00s Sys=0.05s Real=0.02s
[2026-02-10T17:35:08.573+0530] GC(6) Pause Young (Concurrent Start) (Metadata GC Threshold)
[2026-02-10T17:35:08.574+0530] GC(6) Using 3 workers of 4 for evacuation
[2026-02-10T17:35:08.584+0530] GC(6)   Pre Evacuate Collection Set: 0.1ms
[2026-02-10T17:35:08.584+0530] GC(6)   Merge Heap Roots: 0.1ms
[2026-02-10T17:35:08.584+0530] GC(6)   Evacuate Collection Set: 9.5ms
[2026-02-10T17:35:08.584+0530] GC(6)   Post Evacuate Collection Set: 0.6ms
[2026-02-10T17:35:08.584+0530] GC(6)   Other: 0.2ms
[2026-02-10T17:35:08.584+0530] GC(6) Eden regions: 52->0(58)
[2026-02-10T17:35:08.584+0530] GC(6) Survivor regions: 3->6(8)
[2026-02-10T17:35:08.584+0530] GC(6) Old regions: 21->21
[2026-02-10T17:35:08.584+0530] GC(6) Archive regions: 0->0
[2026-02-10T17:35:08.584+0530] GC(6) Humongous regions: 5->5
[2026-02-10T17:35:08.584+0530] GC(6) Metaspace: 35631K(36160K)->35631K(36160K) NonClass: 31698K(31936K)->31698K(31936K) Class: 3932K(4224K)->3932K(4224K)
[2026-02-10T17:35:08.584+0530] GC(6) Pause Young (Concurrent Start) (Metadata GC Threshold) 79M->30M(128M) 10.776ms
[2026-02-10T17:35:08.584+0530] GC(6) User=0.06s Sys=0.00s Real=0.01s
[2026-02-10T17:35:08.584+0530] GC(7) Concurrent Mark Cycle
[2026-02-10T17:35:08.584+0530] GC(7) Concurrent Clear Claimed Marks
[2026-02-10T17:35:08.584+0530] GC(7) Concurrent Clear Claimed Marks 0.055ms
[2026-02-10T17:35:08.584+0530] GC(7) Concurrent Scan Root Regions
[2026-02-10T17:35:08.593+0530] GC(7) Concurrent Scan Root Regions 8.651ms
[2026-02-10T17:35:08.593+0530] GC(7) Concurrent Mark
[2026-02-10T17:35:08.593+0530] GC(7) Concurrent Mark From Roots
[2026-02-10T17:35:08.593+0530] GC(7) Using 1 workers of 1 for marking
[2026-02-10T17:35:08.634+0530] GC(7) Concurrent Mark From Roots 40.114ms
[2026-02-10T17:35:08.634+0530] GC(7) Concurrent Preclean
[2026-02-10T17:35:08.634+0530] GC(7) Concurrent Preclean 0.113ms
[2026-02-10T17:35:08.634+0530] GC(7) Pause Remark
[2026-02-10T17:35:08.645+0530] GC(7) Pause Remark 31M->31M(128M) 10.764ms
[2026-02-10T17:35:08.645+0530] GC(7) User=0.05s Sys=0.02s Real=0.01s
[2026-02-10T17:35:08.645+0530] GC(7) Concurrent Mark 51.590ms
[2026-02-10T17:35:08.645+0530] GC(7) Concurrent Rebuild Remembered Sets
[2026-02-10T17:35:08.662+0530] GC(7) Concurrent Rebuild Remembered Sets 17.235ms
[2026-02-10T17:35:08.662+0530] GC(7) Pause Cleanup
[2026-02-10T17:35:08.662+0530] GC(7) Pause Cleanup 31M->31M(128M) 0.124ms
[2026-02-10T17:35:08.662+0530] GC(7) User=0.00s Sys=0.00s Real=0.00s
[2026-02-10T17:35:08.662+0530] GC(7) Concurrent Cleanup for Next Mark
[2026-02-10T17:35:08.663+0530] GC(7) Concurrent Cleanup for Next Mark 1.365ms
[2026-02-10T17:35:08.663+0530] GC(7) Concurrent Mark Cycle 79.563ms
[2026-02-10T17:35:10.737+0530] GC(8) Pause Young (Normal) (G1 Evacuation Pause)
[2026-02-10T17:35:10.737+0530] GC(8) Using 3 workers of 4 for evacuation
[2026-02-10T17:35:10.756+0530] GC(8)   Pre Evacuate Collection Set: 0.1ms
[2026-02-10T17:35:10.756+0530] GC(8)   Merge Heap Roots: 0.1ms
[2026-02-10T17:35:10.756+0530] GC(8)   Evacuate Collection Set: 18.8ms
[2026-02-10T17:35:10.756+0530] GC(8)   Post Evacuate Collection Set: 0.5ms
[2026-02-10T17:35:10.756+0530] GC(8)   Other: 0.2ms
[2026-02-10T17:35:10.756+0530] GC(8) Eden regions: 58->0(55)
[2026-02-10T17:35:10.756+0530] GC(8) Survivor regions: 6->8(8)
[2026-02-10T17:35:10.756+0530] GC(8) Old regions: 21->24
[2026-02-10T17:35:10.756+0530] GC(8) Archive regions: 0->0
[2026-02-10T17:35:10.756+0530] GC(8) Humongous regions: 5->5
[2026-02-10T17:35:10.756+0530] GC(8) Metaspace: 36662K(37120K)->36662K(37120K) NonClass: 32681K(32896K)->32681K(32896K) Class: 3981K(4224K)->3981K(4224K)
[2026-02-10T17:35:10.756+0530] GC(8) Pause Young (Normal) (G1 Evacuation Pause) 88M->36M(128M) 19.833ms
[2026-02-10T17:35:10.756+0530] GC(8) User=0.05s Sys=0.02s Real=0.02s
[2026-02-10T17:35:11.476+0530] GC(9) Pause Young (Normal) (G1 Evacuation Pause)
[2026-02-10T17:35:11.476+0530] GC(9) Using 3 workers of 4 for evacuation
[2026-02-10T17:35:11.499+0530] GC(9)   Pre Evacuate Collection Set: 0.1ms
[2026-02-10T17:35:11.499+0530] GC(9)   Merge Heap Roots: 0.1ms
[2026-02-10T17:35:11.499+0530] GC(9)   Evacuate Collection Set: 23.0ms
[2026-02-10T17:35:11.499+0530] GC(9)   Post Evacuate Collection Set: 0.3ms
[2026-02-10T17:35:11.499+0530] GC(9)   Other: 0.2ms
[2026-02-10T17:35:11.499+0530] GC(9) Eden regions: 55->0(51)
[2026-02-10T17:35:11.499+0530] GC(9) Survivor regions: 8->8(8)
[2026-02-10T17:35:11.499+0530] GC(9) Old regions: 24->32
[2026-02-10T17:35:11.499+0530] GC(9) Archive regions: 0->0
[2026-02-10T17:35:11.499+0530] GC(9) Humongous regions: 5->5
[2026-02-10T17:35:11.499+0530] GC(9) Metaspace: 36745K(37184K)->36745K(37184K) NonClass: 32759K(32960K)->32759K(32960K) Class: 3986K(4224K)->3986K(4224K)
[2026-02-10T17:35:11.499+0530] GC(9) Pause Young (Normal) (G1 Evacuation Pause) 91M->45M(128M) 23.822ms
[2026-02-10T17:35:11.499+0530] GC(9) User=0.09s Sys=0.00s Real=0.02s
[2026-02-10T17:35:11.693+0530] Heap
[2026-02-10T17:35:11.693+0530]  garbage-first heap   total 131072K, used 64300K [0x00000000f8000000, 0x0000000100000000)
[2026-02-10T17:35:11.693+0530]   region size 1024K, 26 young (26624K), 8 survivors (8192K)
[2026-02-10T17:35:11.693+0530]  Metaspace       used 36824K, committed 37312K, reserved 1114112K
[2026-02-10T17:35:11.693+0530]   class space    used 3993K, committed 4224K, reserved 1048576K
