[2026-02-10T21:57:45.380+0530] Using G1
[2026-02-10T21:57:45.386+0530] Version: 17.0.12+8-LTS-286 (release)
[2026-02-10T21:57:45.386+0530] CPUs: 8 total, 4 available
[2026-02-10T21:57:45.386+0530] Memory: 7914M
[2026-02-10T21:57:45.386+0530] Large Page Support: Disabled
[2026-02-10T21:57:45.386+0530] NUMA Support: Disabled
[2026-02-10T21:57:45.386+0530] Compressed Oops: Enabled (32-bit)
[2026-02-10T21:57:45.386+0530] Heap Region Size: 1M
[2026-02-10T21:57:45.386+0530] Heap Min Capacity: 512M
[2026-02-10T21:57:45.386+0530] Heap Initial Capacity: 512M
[2026-02-10T21:57:45.386+0530] Heap Max Capacity: 512M
[2026-02-10T21:57:45.386+0530] Pre-touch: Disabled
[2026-02-10T21:57:45.386+0530] Parallel Workers: 4
[2026-02-10T21:57:45.386+0530] Concurrent Workers: 1
[2026-02-10T21:57:45.386+0530] Concurrent Refinement Workers: 4
[2026-02-10T21:57:45.386+0530] Periodic GC: Disabled
[2026-02-10T21:57:45.401+0530] CDS archive(s) mapped at: [0x0000021111000000-0x0000021111bd0000-0x0000021111bd0000), size 12386304, SharedBaseAddress: 0x0000021111000000, ArchiveRelocationMode: 1.
[2026-02-10T21:57:45.402+0530] Compressed class space mapped at: 0x0000021112000000-0x0000021152000000, reserved size: 1073741824
[2026-02-10T21:57:45.402+0530] Narrow klass base: 0x0000021111000000, Narrow klass shift: 0, Narrow klass range: 0x100000000
[2026-02-10T21:57:46.235+0530] GC(0) Pause Young (Normal) (G1 Evacuation Pause)
[2026-02-10T21:57:46.235+0530] GC(0) Using 4 workers of 4 for evacuation
[2026-02-10T21:57:46.248+0530] GC(0)   Pre Evacuate Collection Set: 0.1ms
[2026-02-10T21:57:46.248+0530] GC(0)   Merge Heap Roots: 0.1ms
[2026-02-10T21:57:46.248+0530] GC(0)   Evacuate Collection Set: 12.2ms
[2026-02-10T21:57:46.248+0530] GC(0)   Post Evacuate Collection Set: 0.5ms
[2026-02-10T21:57:46.248+0530] GC(0)   Other: 0.4ms
[2026-02-10T21:57:46.248+0530] GC(0) Eden regions: 25->0(21)
[2026-02-10T21:57:46.248+0530] GC(0) Survivor regions: 0->4(4)
[2026-02-10T21:57:46.248+0530] GC(0) Old regions: 0->4
[2026-02-10T21:57:46.248+0530] GC(0) Archive regions: 0->0
[2026-02-10T21:57:46.248+0530] GC(0) Humongous regions: 5->5
[2026-02-10T21:57:46.248+0530] GC(0) Metaspace: 5420K(5568K)->5420K(5568K) NonClass: 4850K(4928K)->4850K(4928K) Class: 570K(640K)->570K(640K)
[2026-02-10T21:57:46.248+0530] GC(0) Pause Young (Normal) (G1 Evacuation Pause) 30M->12M(512M) 13.420ms
[2026-02-10T21:57:46.249+0530] GC(0) User=0.03s Sys=0.03s Real=0.01s
[2026-02-10T21:57:46.878+0530] GC(1) Pause Young (Normal) (G1 Evacuation Pause)
[2026-02-10T21:57:46.878+0530] GC(1) Using 4 workers of 4 for evacuation
[2026-02-10T21:57:46.885+0530] GC(1)   Pre Evacuate Collection Set: 0.1ms
[2026-02-10T21:57:46.885+0530] GC(1)   Merge Heap Roots: 0.1ms
[2026-02-10T21:57:46.885+0530] GC(1)   Evacuate Collection Set: 7.0ms
[2026-02-10T21:57:46.885+0530] GC(1)   Post Evacuate Collection Set: 0.5ms
[2026-02-10T21:57:46.885+0530] GC(1)   Other: 0.1ms
[2026-02-10T21:57:46.885+0530] GC(1) Eden regions: 21->0(24)
[2026-02-10T21:57:46.885+0530] GC(1) Survivor regions: 4->2(4)
[2026-02-10T21:57:46.885+0530] GC(1) Old regions: 4->8
[2026-02-10T21:57:46.885+0530] GC(1) Archive regions: 0->0
[2026-02-10T21:57:46.885+0530] GC(1) Humongous regions: 5->5
[2026-02-10T21:57:46.885+0530] GC(1) Metaspace: 11730K(11968K)->11730K(11968K) NonClass: 10400K(10496K)->10400K(10496K) Class: 1330K(1472K)->1330K(1472K)
[2026-02-10T21:57:46.885+0530] GC(1) Pause Young (Normal) (G1 Evacuation Pause) 33M->14M(512M) 8.159ms
[2026-02-10T21:57:46.885+0530] GC(1) User=0.00s Sys=0.00s Real=0.01s
[2026-02-10T21:57:47.310+0530] GC(2) Pause Young (Normal) (G1 Evacuation Pause)
[2026-02-10T21:57:47.310+0530] GC(2) Using 4 workers of 4 for evacuation
[2026-02-10T21:57:47.322+0530] GC(2)   Pre Evacuate Collection Set: 0.1ms
[2026-02-10T21:57:47.322+0530] GC(2)   Merge Heap Roots: 0.1ms
[2026-02-10T21:57:47.322+0530] GC(2)   Evacuate Collection Set: 11.3ms
[2026-02-10T21:57:47.322+0530] GC(2)   Post Evacuate Collection Set: 0.5ms
[2026-02-10T21:57:47.322+0530] GC(2)   Other: 0.2ms
[2026-02-10T21:57:47.322+0530] GC(2) Eden regions: 24->0(37)
[2026-02-10T21:57:47.322+0530] GC(2) Survivor regions: 2->4(4)
[2026-02-10T21:57:47.322+0530] GC(2) Old regions: 8->15
[2026-02-10T21:57:47.322+0530] GC(2) Archive regions: 0->0
[2026-02-10T21:57:47.322+0530] GC(2) Humongous regions: 5->5
[2026-02-10T21:57:47.322+0530] GC(2) Metaspace: 14793K(15040K)->14793K(15040K) NonClass: 13128K(13248K)->13128K(13248K) Class: 1664K(1792K)->1664K(1792K)
[2026-02-10T21:57:47.322+0530] GC(2) Pause Young (Normal) (G1 Evacuation Pause) 38M->23M(512M) 12.531ms
[2026-02-10T21:57:47.322+0530] GC(2) User=0.03s Sys=0.02s Real=0.01s
[2026-02-10T21:57:48.524+0530] GC(3) Pause Young (Normal) (G1 Evacuation Pause)
[2026-02-10T21:57:48.524+0530] GC(3) Using 4 workers of 4 for evacuation
[2026-02-10T21:57:48.532+0530] GC(3)   Pre Evacuate Collection Set: 0.1ms
[2026-02-10T21:57:48.532+0530] GC(3)   Merge Heap Roots: 0.1ms
[2026-02-10T21:57:48.533+0530] GC(3)   Evacuate Collection Set: 7.2ms
[2026-02-10T21:57:48.533+0530] GC(3)   Post Evacuate Collection Set: 0.5ms
[2026-02-10T21:57:48.533+0530] GC(3)   Other: 0.2ms
[2026-02-10T21:57:48.533+0530] GC(3) Eden regions: 37->0(165)
[2026-02-10T21:57:48.533+0530] GC(3) Survivor regions: 4->3(6)
[2026-02-10T21:57:48.533+0530] GC(3) Old regions: 15->19
[2026-02-10T21:57:48.533+0530] GC(3) Archive regions: 0->0
[2026-02-10T21:57:48.533+0530] GC(3) Humongous regions: 5->5
[2026-02-10T21:57:48.533+0530] GC(3) Metaspace: 21160K(21440K)->21160K(21440K) NonClass: 18999K(19136K)->18999K(19136K) Class: 2160K(2304K)->2160K(2304K)
[2026-02-10T21:57:48.533+0530] GC(3) Pause Young (Normal) (G1 Evacuation Pause) 60M->26M(512M) 8.318ms
[2026-02-10T21:57:48.533+0530] GC(3) User=0.00s Sys=0.00s Real=0.01s
[2026-02-10T21:57:48.542+0530] GC(4) Pause Young (Concurrent Start) (Metadata GC Threshold)
[2026-02-10T21:57:48.542+0530] GC(4) Using 4 workers of 4 for evacuation
[2026-02-10T21:57:48.548+0530] GC(4)   Pre Evacuate Collection Set: 0.1ms
[2026-02-10T21:57:48.548+0530] GC(4)   Merge Heap Roots: 0.1ms
[2026-02-10T21:57:48.548+0530] GC(4)   Evacuate Collection Set: 5.0ms
[2026-02-10T21:57:48.548+0530] GC(4)   Post Evacuate Collection Set: 0.3ms
[2026-02-10T21:57:48.548+0530] GC(4)   Other: 0.2ms
[2026-02-10T21:57:48.548+0530] GC(4) Eden regions: 1->0(302)
[2026-02-10T21:57:48.548+0530] GC(4) Survivor regions: 3->3(21)
[2026-02-10T21:57:48.548+0530] GC(4) Old regions: 19->19
[2026-02-10T21:57:48.548+0530] GC(4) Archive regions: 0->0
[2026-02-10T21:57:48.548+0530] GC(4) Humongous regions: 5->5
[2026-02-10T21:57:48.548+0530] GC(4) Metaspace: 21240K(21504K)->21240K(21504K) NonClass: 19074K(19200K)->19074K(19200K) Class: 2166K(2304K)->2166K(2304K)
[2026-02-10T21:57:48.548+0530] GC(4) Pause Young (Concurrent Start) (Metadata GC Threshold) 26M->26M(512M) 6.235ms
[2026-02-10T21:57:48.548+0530] GC(4) User=0.00s Sys=0.00s Real=0.01s
[2026-02-10T21:57:48.548+0530] GC(5) Concurrent Mark Cycle
[2026-02-10T21:57:48.548+0530] GC(5) Concurrent Clear Claimed Marks
[2026-02-10T21:57:48.548+0530] GC(5) Concurrent Clear Claimed Marks 0.036ms
[2026-02-10T21:57:48.548+0530] GC(5) Concurrent Scan Root Regions
[2026-02-10T21:57:48.551+0530] GC(5) Concurrent Scan Root Regions 2.499ms
[2026-02-10T21:57:48.551+0530] GC(5) Concurrent Mark
[2026-02-10T21:57:48.551+0530] GC(5) Concurrent Mark From Roots
[2026-02-10T21:57:48.551+0530] GC(5) Using 1 workers of 1 for marking
[2026-02-10T21:57:48.578+0530] GC(5) Concurrent Mark From Roots 27.651ms
[2026-02-10T21:57:48.578+0530] GC(5) Concurrent Preclean
[2026-02-10T21:57:48.578+0530] GC(5) Concurrent Preclean 0.116ms
[2026-02-10T21:57:48.579+0530] GC(5) Pause Remark
[2026-02-10T21:57:48.587+0530] GC(5) Pause Remark 26M->26M(512M) 8.252ms
[2026-02-10T21:57:48.587+0530] GC(5) User=0.00s Sys=0.05s Real=0.01s
[2026-02-10T21:57:48.587+0530] GC(5) Concurrent Mark 36.801ms
[2026-02-10T21:57:48.587+0530] GC(5) Concurrent Rebuild Remembered Sets
[2026-02-10T21:57:48.603+0530] GC(5) Concurrent Rebuild Remembered Sets 14.824ms
[2026-02-10T21:57:48.603+0530] GC(5) Pause Cleanup
[2026-02-10T21:57:48.603+0530] GC(5) Pause Cleanup 26M->26M(512M) 0.290ms
[2026-02-10T21:57:48.603+0530] GC(5) User=0.00s Sys=0.00s Real=0.00s
[2026-02-10T21:57:48.603+0530] GC(5) Concurrent Cleanup for Next Mark
[2026-02-10T21:57:48.606+0530] GC(5) Concurrent Cleanup for Next Mark 3.166ms
[2026-02-10T21:57:48.606+0530] GC(5) Concurrent Mark Cycle 58.141ms
[2026-02-10T21:57:51.370+0530] GC(6) Pause Young (Concurrent Start) (Metadata GC Threshold)
[2026-02-10T21:57:51.370+0530] GC(6) Using 4 workers of 4 for evacuation
[2026-02-10T21:57:51.380+0530] GC(6)   Pre Evacuate Collection Set: 0.1ms
[2026-02-10T21:57:51.380+0530] GC(6)   Merge Heap Roots: 0.1ms
[2026-02-10T21:57:51.380+0530] GC(6)   Evacuate Collection Set: 9.1ms
[2026-02-10T21:57:51.380+0530] GC(6)   Post Evacuate Collection Set: 0.5ms
[2026-02-10T21:57:51.380+0530] GC(6)   Other: 0.2ms
[2026-02-10T21:57:51.380+0530] GC(6) Eden regions: 107->0(300)
[2026-02-10T21:57:51.380+0530] GC(6) Survivor regions: 3->7(39)
[2026-02-10T21:57:51.380+0530] GC(6) Old regions: 19->19
[2026-02-10T21:57:51.380+0530] GC(6) Archive regions: 0->0
[2026-02-10T21:57:51.380+0530] GC(6) Humongous regions: 5->5
[2026-02-10T21:57:51.380+0530] GC(6) Metaspace: 35489K(35968K)->35489K(35968K) NonClass: 31566K(31808K)->31566K(31808K) Class: 3923K(4160K)->3923K(4160K)
[2026-02-10T21:57:51.380+0530] GC(6) Pause Young (Concurrent Start) (Metadata GC Threshold) 132M->30M(512M) 10.282ms
[2026-02-10T21:57:51.380+0530] GC(6) User=0.05s Sys=0.02s Real=0.01s
[2026-02-10T21:57:51.380+0530] GC(7) Concurrent Mark Cycle
[2026-02-10T21:57:51.380+0530] GC(7) Concurrent Clear Claimed Marks
[2026-02-10T21:57:51.380+0530] GC(7) Concurrent Clear Claimed Marks 0.041ms
[2026-02-10T21:57:51.380+0530] GC(7) Concurrent Scan Root Regions
[2026-02-10T21:57:51.389+0530] GC(7) Concurrent Scan Root Regions 8.788ms
[2026-02-10T21:57:51.389+0530] GC(7) Concurrent Mark
[2026-02-10T21:57:51.389+0530] GC(7) Concurrent Mark From Roots
[2026-02-10T21:57:51.389+0530] GC(7) Using 1 workers of 1 for marking
[2026-02-10T21:57:51.420+0530] GC(7) Concurrent Mark From Roots 31.348ms
[2026-02-10T21:57:51.421+0530] GC(7) Concurrent Preclean
[2026-02-10T21:57:51.421+0530] GC(7) Concurrent Preclean 0.109ms
[2026-02-10T21:57:51.421+0530] GC(7) Pause Remark
[2026-02-10T21:57:51.428+0530] GC(7) Pause Remark 33M->33M(512M) 6.806ms
[2026-02-10T21:57:51.428+0530] GC(7) User=0.05s Sys=0.02s Real=0.01s
[2026-02-10T21:57:51.428+0530] GC(7) Concurrent Mark 38.607ms
[2026-02-10T21:57:51.428+0530] GC(7) Concurrent Rebuild Remembered Sets
[2026-02-10T21:57:51.444+0530] GC(7) Concurrent Rebuild Remembered Sets 15.619ms
[2026-02-10T21:57:51.444+0530] GC(7) Pause Cleanup
[2026-02-10T21:57:51.444+0530] GC(7) Pause Cleanup 33M->33M(512M) 0.163ms
[2026-02-10T21:57:51.444+0530] GC(7) User=0.00s Sys=0.00s Real=0.00s
[2026-02-10T21:57:51.444+0530] GC(7) Concurrent Cleanup for Next Mark
[2026-02-10T21:57:51.448+0530] GC(7) Concurrent Cleanup for Next Mark 3.391ms
[2026-02-10T21:57:51.448+0530] GC(7) Concurrent Mark Cycle 67.105ms
[2026-02-10T21:57:54.835+0530] Heap
[2026-02-10T21:57:54.836+0530]  garbage-first heap   total 524288K, used 166899K [0x00000000e0000000, 0x0000000100000000)
[2026-02-10T21:57:54.836+0530]   region size 1024K, 140 young (143360K), 7 survivors (7168K)
[2026-02-10T21:57:54.836+0530]  Metaspace       used 36910K, committed 37376K, reserved 1114112K
[2026-02-10T21:57:54.836+0530]   class space    used 3995K, committed 4224K, reserved 1048576K
