[2026-02-10T17:35:29.336+0530] Using G1
[2026-02-10T17:35:29.339+0530] Version: 17.0.12+8-LTS-286 (release)
[2026-02-10T17:35:29.339+0530] CPUs: 8 total, 4 available
[2026-02-10T17:35:29.339+0530] Memory: 7914M
[2026-02-10T17:35:29.340+0530] Large Page Support: Disabled
[2026-02-10T17:35:29.340+0530] NUMA Support: Disabled
[2026-02-10T17:35:29.340+0530] Compressed Oops: Enabled (32-bit)
[2026-02-10T17:35:29.340+0530] Heap Region Size: 1M
[2026-02-10T17:35:29.340+0530] Heap Min Capacity: 128M
[2026-02-10T17:35:29.340+0530] Heap Initial Capacity: 128M
[2026-02-10T17:35:29.340+0530] Heap Max Capacity: 128M
[2026-02-10T17:35:29.340+0530] Pre-touch: Disabled
[2026-02-10T17:35:29.340+0530] Parallel Workers: 4
[2026-02-10T17:35:29.341+0530] Concurrent Workers: 1
[2026-02-10T17:35:29.341+0530] Concurrent Refinement Workers: 4
[2026-02-10T17:35:29.341+0530] Periodic GC: Disabled
[2026-02-10T17:35:29.356+0530] CDS archive(s) mapped at: [0x000002781a000000-0x000002781abd0000-0x000002781abd0000), size 12386304, SharedBaseAddress: 0x000002781a000000, ArchiveRelocationMode: 1.
[2026-02-10T17:35:29.356+0530] Compressed class space mapped at: 0x000002781b000000-0x000002785b000000, reserved size: 1073741824
[2026-02-10T17:35:29.356+0530] Narrow klass base: 0x000002781a000000, Narrow klass shift: 0, Narrow klass range: 0x100000000
[2026-02-10T17:35:29.988+0530] GC(0) Pause Young (Normal) (G1 Evacuation Pause)
[2026-02-10T17:35:29.990+0530] GC(0) Using 3 workers of 4 for evacuation
[2026-02-10T17:35:29.998+0530] GC(0)   Pre Evacuate Collection Set: 0.1ms
[2026-02-10T17:35:29.999+0530] GC(0)   Merge Heap Roots: 0.1ms
[2026-02-10T17:35:29.999+0530] GC(0)   Evacuate Collection Set: 8.3ms
[2026-02-10T17:35:29.999+0530] GC(0)   Post Evacuate Collection Set: 0.6ms
[2026-02-10T17:35:29.999+0530] GC(0)   Other: 0.4ms
[2026-02-10T17:35:29.999+0530] GC(0) Eden regions: 13->0(13)
[2026-02-10T17:35:29.999+0530] GC(0) Survivor regions: 0->2(2)
[2026-02-10T17:35:29.999+0530] GC(0) Old regions: 0->3
[2026-02-10T17:35:29.999+0530] GC(0) Archive regions: 0->0
[2026-02-10T17:35:29.999+0530] GC(0) Humongous regions: 5->5
[2026-02-10T17:35:29.999+0530] GC(0) Metaspace: 4453K(4672K)->4453K(4672K) NonClass: 3973K(4096K)->3973K(4096K) Class: 480K(576K)->480K(576K)
[2026-02-10T17:35:29.999+0530] GC(0) Pause Young (Normal) (G1 Evacuation Pause) 18M->9M(128M) 9.706ms
[2026-02-10T17:35:29.999+0530] GC(0) User=0.00s Sys=0.00s Real=0.01s
[2026-02-10T17:35:30.273+0530] GC(1) Pause Young (Normal) (G1 Evacuation Pause)
[2026-02-10T17:35:30.273+0530] GC(1) Using 3 workers of 4 for evacuation
[2026-02-10T17:35:30.282+0530] GC(1)   Pre Evacuate Collection Set: 0.1ms
[2026-02-10T17:35:30.282+0530] GC(1)   Merge Heap Roots: 0.1ms
[2026-02-10T17:35:30.282+0530] GC(1)   Evacuate Collection Set: 8.2ms
[2026-02-10T17:35:30.282+0530] GC(1)   Post Evacuate Collection Set: 0.3ms
[2026-02-10T17:35:30.282+0530] GC(1)   Other: 0.1ms
[2026-02-10T17:35:30.282+0530] GC(1) Eden regions: 13->0(18)
[2026-02-10T17:35:30.282+0530] GC(1) Survivor regions: 2->2(2)
[2026-02-10T17:35:30.282+0530] GC(1) Old regions: 3->6
[2026-02-10T17:35:30.282+0530] GC(1) Archive regions: 0->0
[2026-02-10T17:35:30.282+0530] GC(1) Humongous regions: 5->5
[2026-02-10T17:35:30.282+0530] GC(1) Metaspace: 6005K(6144K)->6005K(6144K) NonClass: 5347K(5440K)->5347K(5440K) Class: 657K(704K)->657K(704K)
[2026-02-10T17:35:30.282+0530] GC(1) Pause Young (Normal) (G1 Evacuation Pause) 22M->12M(128M) 9.034ms
[2026-02-10T17:35:30.282+0530] GC(1) User=0.03s Sys=0.03s Real=0.01s
[2026-02-10T17:35:30.753+0530] GC(2) Pause Young (Normal) (G1 Evacuation Pause)
[2026-02-10T17:35:30.753+0530] GC(2) Using 3 workers of 4 for evacuation
[2026-02-10T17:35:30.761+0530] GC(2)   Pre Evacuate Collection Set: 0.1ms
[2026-02-10T17:35:30.761+0530] GC(2)   Merge Heap Roots: 0.1ms
[2026-02-10T17:35:30.761+0530] GC(2)   Evacuate Collection Set: 7.4ms
[2026-02-10T17:35:30.761+0530] GC(2)   Post Evacuate Collection Set: 0.4ms
[2026-02-10T17:35:30.761+0530] GC(2)   Other: 0.2ms
[2026-02-10T17:35:30.761+0530] GC(2) Eden regions: 18->0(70)
[2026-02-10T17:35:30.762+0530] GC(2) Survivor regions: 2->2(3)
[2026-02-10T17:35:30.762+0530] GC(2) Old regions: 6->8
[2026-02-10T17:35:30.762+0530] GC(2) Archive regions: 0->0
[2026-02-10T17:35:30.762+0530] GC(2) Humongous regions: 5->5
[2026-02-10T17:35:30.762+0530] GC(2) Metaspace: 11411K(11584K)->11411K(11584K) NonClass: 10124K(10176K)->10124K(10176K) Class: 1287K(1408K)->1287K(1408K)
[2026-02-10T17:35:30.762+0530] GC(2) Pause Young (Normal) (G1 Evacuation Pause) 30M->14M(128M) 8.460ms
[2026-02-10T17:35:30.762+0530] GC(2) User=0.00s Sys=0.00s Real=0.01s
[2026-02-10T17:35:32.088+0530] GC(3) Pause Young (Concurrent Start) (Metadata GC Threshold)
[2026-02-10T17:35:32.088+0530] GC(3) Using 3 workers of 4 for evacuation
[2026-02-10T17:35:32.097+0530] GC(3)   Pre Evacuate Collection Set: 0.1ms
[2026-02-10T17:35:32.097+0530] GC(3)   Merge Heap Roots: 0.1ms
[2026-02-10T17:35:32.097+0530] GC(3)   Evacuate Collection Set: 9.1ms
[2026-02-10T17:35:32.097+0530] GC(3)   Post Evacuate Collection Set: 0.4ms
[2026-02-10T17:35:32.097+0530] GC(3)   Other: 0.2ms
[2026-02-10T17:35:32.097+0530] GC(3) Eden regions: 63->0(55)
[2026-02-10T17:35:32.097+0530] GC(3) Survivor regions: 2->9(9)
[2026-02-10T17:35:32.097+0530] GC(3) Old regions: 8->12
[2026-02-10T17:35:32.097+0530] GC(3) Archive regions: 0->0
[2026-02-10T17:35:32.097+0530] GC(3) Humongous regions: 5->5
[2026-02-10T17:35:32.097+0530] GC(3) Metaspace: 21232K(21504K)->21232K(21504K) NonClass: 19068K(19200K)->19068K(19200K) Class: 2164K(2304K)->2164K(2304K)
[2026-02-10T17:35:32.097+0530] GC(3) Pause Young (Concurrent Start) (Metadata GC Threshold) 77M->25M(128M) 10.083ms
[2026-02-10T17:35:32.097+0530] GC(3) User=0.03s Sys=0.03s Real=0.01s
[2026-02-10T17:35:32.097+0530] GC(4) Concurrent Mark Cycle
[2026-02-10T17:35:32.097+0530] GC(4) Concurrent Clear Claimed Marks
[2026-02-10T17:35:32.097+0530] GC(4) Concurrent Clear Claimed Marks 0.032ms
[2026-02-10T17:35:32.097+0530] GC(4) Concurrent Scan Root Regions
[2026-02-10T17:35:32.103+0530] GC(4) Concurrent Scan Root Regions 4.831ms
[2026-02-10T17:35:32.103+0530] GC(4) Concurrent Mark
[2026-02-10T17:35:32.103+0530] GC(4) Concurrent Mark From Roots
[2026-02-10T17:35:32.103+0530] GC(4) Using 1 workers of 1 for marking
[2026-02-10T17:35:32.125+0530] GC(4) Concurrent Mark From Roots 22.751ms
[2026-02-10T17:35:32.125+0530] GC(4) Concurrent Preclean
[2026-02-10T17:35:32.125+0530] GC(4) Concurrent Preclean 0.067ms
[2026-02-10T17:35:32.125+0530] GC(4) Pause Remark
[2026-02-10T17:35:32.129+0530] GC(4) Pause Remark 26M->26M(128M) 3.590ms
[2026-02-10T17:35:32.129+0530] GC(4) User=0.00s Sys=0.00s Real=0.00s
[2026-02-10T17:35:32.129+0530] GC(4) Concurrent Mark 26.974ms
[2026-02-10T17:35:32.129+0530] GC(4) Concurrent Rebuild Remembered Sets
[2026-02-10T17:35:32.144+0530] GC(4) Concurrent Rebuild Remembered Sets 14.405ms
[2026-02-10T17:35:32.144+0530] GC(4) Pause Cleanup
[2026-02-10T17:35:32.144+0530] GC(4) Pause Cleanup 26M->26M(128M) 0.081ms
[2026-02-10T17:35:32.144+0530] GC(4) User=0.00s Sys=0.00s Real=0.00s
[2026-02-10T17:35:32.144+0530] GC(4) Concurrent Cleanup for Next Mark
[2026-02-10T17:35:32.145+0530] GC(4) Concurrent Cleanup for Next Mark 0.899ms
[2026-02-10T17:35:32.145+0530] GC(4) Concurrent Mark Cycle 47.804ms
[2026-02-10T17:35:33.357+0530] GC(5) Pause Young (Normal) (G1 Evacuation Pause)
[2026-02-10T17:35:33.357+0530] GC(5) Using 3 workers of 4 for evacuation
[2026-02-10T17:35:33.373+0530] GC(5)   Pre Evacuate Collection Set: 0.1ms
[2026-02-10T17:35:33.373+0530] GC(5)   Merge Heap Roots: 0.1ms
[2026-02-10T17:35:33.373+0530] GC(5)   Evacuate Collection Set: 15.1ms
[2026-02-10T17:35:33.373+0530] GC(5)   Post Evacuate Collection Set: 0.5ms
[2026-02-10T17:35:33.373+0530] GC(5)   Other: 0.2ms
[2026-02-10T17:35:33.373+0530] GC(5) Eden regions: 55->0(54)
[2026-02-10T17:35:33.373+0530] GC(5) Survivor regions: 9->4(8)
[2026-02-10T17:35:33.373+0530] GC(5) Old regions: 12->21
[2026-02-10T17:35:33.373+0530] GC(5) Archive regions: 0->0
[2026-02-10T17:35:33.373+0530] GC(5) Humongous regions: 5->5
[2026-02-10T17:35:33.373+0530] GC(5) Metaspace: 27484K(27968K)->27484K(27968K) NonClass: 24519K(24768K)->24519K(24768K) Class: 2965K(3200K)->2965K(3200K)
[2026-02-10T17:35:33.373+0530] GC(5) Pause Young (Normal) (G1 Evacuation Pause) 80M->28M(128M) 16.154ms
[2026-02-10T17:35:33.373+0530] GC(5) User=0.06s Sys=0.00s Real=0.02s
[2026-02-10T17:35:34.389+0530] GC(6) Pause Young (Concurrent Start) (Metadata GC Threshold)
[2026-02-10T17:35:34.389+0530] GC(6) Using 3 workers of 4 for evacuation
[2026-02-10T17:35:34.397+0530] GC(6)   Pre Evacuate Collection Set: 0.1ms
[2026-02-10T17:35:34.397+0530] GC(6)   Merge Heap Roots: 0.1ms
[2026-02-10T17:35:34.397+0530] GC(6)   Evacuate Collection Set: 7.0ms
[2026-02-10T17:35:34.397+0530] GC(6)   Post Evacuate Collection Set: 0.4ms
[2026-02-10T17:35:34.397+0530] GC(6)   Other: 0.1ms
[2026-02-10T17:35:34.397+0530] GC(6) Eden regions: 52->0(58)
[2026-02-10T17:35:34.397+0530] GC(6) Survivor regions: 4->6(8)
[2026-02-10T17:35:34.397+0530] GC(6) Old regions: 21->21
[2026-02-10T17:35:34.397+0530] GC(6) Archive regions: 0->0
[2026-02-10T17:35:34.397+0530] GC(6) Humongous regions: 5->5
[2026-02-10T17:35:34.397+0530] GC(6) Metaspace: 35642K(36160K)->35642K(36160K) NonClass: 31702K(31936K)->31702K(31936K) Class: 3940K(4224K)->3940K(4224K)
[2026-02-10T17:35:34.397+0530] GC(6) Pause Young (Concurrent Start) (Metadata GC Threshold) 80M->30M(128M) 7.843ms
[2026-02-10T17:35:34.398+0530] GC(6) User=0.00s Sys=0.00s Real=0.01s
[2026-02-10T17:35:34.398+0530] GC(7) Concurrent Mark Cycle
[2026-02-10T17:35:34.398+0530] GC(7) Concurrent Clear Claimed Marks
[2026-02-10T17:35:34.398+0530] GC(7) Concurrent Clear Claimed Marks 0.041ms
[2026-02-10T17:35:34.398+0530] GC(7) Concurrent Scan Root Regions
[2026-02-10T17:35:34.404+0530] GC(7) Concurrent Scan Root Regions 6.837ms
[2026-02-10T17:35:34.404+0530] GC(7) Concurrent Mark
[2026-02-10T17:35:34.404+0530] GC(7) Concurrent Mark From Roots
[2026-02-10T17:35:34.404+0530] GC(7) Using 1 workers of 1 for marking
[2026-02-10T17:35:34.436+0530] GC(7) Concurrent Mark From Roots 31.787ms
[2026-02-10T17:35:34.436+0530] GC(7) Concurrent Preclean
[2026-02-10T17:35:34.436+0530] GC(7) Concurrent Preclean 0.092ms
[2026-02-10T17:35:34.436+0530] GC(7) Pause Remark
[2026-02-10T17:35:34.446+0530] GC(7) Pause Remark 31M->31M(128M) 9.858ms
[2026-02-10T17:35:34.446+0530] GC(7) User=0.00s Sys=0.00s Real=0.01s
[2026-02-10T17:35:34.447+0530] GC(7) Concurrent Mark 42.814ms
[2026-02-10T17:35:34.447+0530] GC(7) Concurrent Rebuild Remembered Sets
[2026-02-10T17:35:34.464+0530] GC(7) Concurrent Rebuild Remembered Sets 17.356ms
[2026-02-10T17:35:34.473+0530] GC(7) Pause Cleanup
[2026-02-10T17:35:34.473+0530] GC(7) Pause Cleanup 31M->31M(128M) 0.109ms
[2026-02-10T17:35:34.473+0530] GC(7) User=0.00s Sys=0.00s Real=0.00s
[2026-02-10T17:35:34.473+0530] GC(7) Concurrent Cleanup for Next Mark
[2026-02-10T17:35:34.474+0530] GC(7) Concurrent Cleanup for Next Mark 0.856ms
[2026-02-10T17:35:34.474+0530] GC(7) Concurrent Mark Cycle 76.551ms
[2026-02-10T17:35:35.776+0530] GC(8) Pause Young (Normal) (G1 Evacuation Pause)
[2026-02-10T17:35:35.776+0530] GC(8) Using 3 workers of 4 for evacuation
[2026-02-10T17:35:35.795+0530] GC(8)   Pre Evacuate Collection Set: 0.1ms
[2026-02-10T17:35:35.795+0530] GC(8)   Merge Heap Roots: 0.1ms
[2026-02-10T17:35:35.795+0530] GC(8)   Evacuate Collection Set: 17.9ms
[2026-02-10T17:35:35.795+0530] GC(8)   Post Evacuate Collection Set: 0.5ms
[2026-02-10T17:35:35.795+0530] GC(8)   Other: 0.2ms
[2026-02-10T17:35:35.795+0530] GC(8) Eden regions: 58->0(54)
[2026-02-10T17:35:35.795+0530] GC(8) Survivor regions: 6->8(8)
[2026-02-10T17:35:35.795+0530] GC(8) Old regions: 21->25
[2026-02-10T17:35:35.795+0530] GC(8) Archive regions: 0->0
[2026-02-10T17:35:35.795+0530] GC(8) Humongous regions: 5->5
[2026-02-10T17:35:35.795+0530] GC(8) Metaspace: 36510K(36992K)->36510K(36992K) NonClass: 32530K(32768K)->32530K(32768K) Class: 3980K(4224K)->3980K(4224K)
[2026-02-10T17:35:35.795+0530] GC(8) Pause Young (Normal) (G1 Evacuation Pause) 88M->37M(128M) 18.979ms
[2026-02-10T17:35:35.795+0530] GC(8) User=0.05s Sys=0.02s Real=0.02s
[2026-02-10T17:35:36.509+0530] GC(9) Pause Young (Normal) (G1 Evacuation Pause)
[2026-02-10T17:35:36.509+0530] GC(9) Using 3 workers of 4 for evacuation
[2026-02-10T17:35:36.532+0530] GC(9)   Pre Evacuate Collection Set: 0.1ms
[2026-02-10T17:35:36.532+0530] GC(9)   Merge Heap Roots: 0.1ms
[2026-02-10T17:35:36.532+0530] GC(9)   Evacuate Collection Set: 23.0ms
[2026-02-10T17:35:36.532+0530] GC(9)   Post Evacuate Collection Set: 0.4ms
[2026-02-10T17:35:36.532+0530] GC(9)   Other: 0.2ms
[2026-02-10T17:35:36.532+0530] GC(9) Eden regions: 54->0(50)
[2026-02-10T17:35:36.532+0530] GC(9) Survivor regions: 8->8(8)
[2026-02-10T17:35:36.532+0530] GC(9) Old regions: 25->33
[2026-02-10T17:35:36.532+0530] GC(9) Archive regions: 0->0
[2026-02-10T17:35:36.532+0530] GC(9) Humongous regions: 5->5
[2026-02-10T17:35:36.532+0530] GC(9) Metaspace: 36595K(37056K)->36595K(37056K) NonClass: 32609K(32832K)->32609K(32832K) Class: 3986K(4224K)->3986K(4224K)
[2026-02-10T17:35:36.532+0530] GC(9) Pause Young (Normal) (G1 Evacuation Pause) 91M->45M(128M) 23.804ms
[2026-02-10T17:35:36.532+0530] GC(9) User=0.09s Sys=0.02s Real=0.02s
[2026-02-10T17:35:36.735+0530] Heap
[2026-02-10T17:35:36.735+0530]  garbage-first heap   total 131072K, used 65519K [0x00000000f8000000, 0x0000000100000000)
[2026-02-10T17:35:36.735+0530]   region size 1024K, 27 young (27648K), 8 survivors (8192K)
[2026-02-10T17:35:36.735+0530]  Metaspace       used 36678K, committed 37184K, reserved 1114112K
[2026-02-10T17:35:36.735+0530]   class space    used 3994K, committed 4224K, reserved 1048576K
