[2026-02-10T21:56:53.988+0530] Using G1
[2026-02-10T21:56:53.996+0530] Version: 17.0.12+8-LTS-286 (release)
[2026-02-10T21:56:53.996+0530] CPUs: 8 total, 4 available
[2026-02-10T21:56:53.996+0530] Memory: 7914M
[2026-02-10T21:56:53.996+0530] Large Page Support: Disabled
[2026-02-10T21:56:53.996+0530] NUMA Support: Disabled
[2026-02-10T21:56:53.996+0530] Compressed Oops: Enabled (32-bit)
[2026-02-10T21:56:53.996+0530] Heap Region Size: 1M
[2026-02-10T21:56:53.996+0530] Heap Min Capacity: 512M
[2026-02-10T21:56:53.996+0530] Heap Initial Capacity: 512M
[2026-02-10T21:56:53.996+0530] Heap Max Capacity: 512M
[2026-02-10T21:56:53.996+0530] Pre-touch: Disabled
[2026-02-10T21:56:53.996+0530] Parallel Workers: 4
[2026-02-10T21:56:53.997+0530] Concurrent Workers: 1
[2026-02-10T21:56:53.997+0530] Concurrent Refinement Workers: 4
[2026-02-10T21:56:53.997+0530] Periodic GC: Disabled
[2026-02-10T21:56:54.014+0530] CDS archive(s) mapped at: [0x0000017b00000000-0x0000017b00bd0000-0x0000017b00bd0000), size 12386304, SharedBaseAddress: 0x0000017b00000000, ArchiveRelocationMode: 1.
[2026-02-10T21:56:54.014+0530] Compressed class space mapped at: 0x0000017b01000000-0x0000017b41000000, reserved size: 1073741824
[2026-02-10T21:56:54.014+0530] Narrow klass base: 0x0000017b00000000, Narrow klass shift: 0, Narrow klass range: 0x100000000
[2026-02-10T21:56:54.904+0530] GC(0) Pause Young (Normal) (G1 Evacuation Pause)
[2026-02-10T21:56:54.904+0530] GC(0) Using 4 workers of 4 for evacuation
[2026-02-10T21:56:54.923+0530] GC(0)   Pre Evacuate Collection Set: 0.1ms
[2026-02-10T21:56:54.923+0530] GC(0)   Merge Heap Roots: 0.1ms
[2026-02-10T21:56:54.923+0530] GC(0)   Evacuate Collection Set: 16.9ms
[2026-02-10T21:56:54.923+0530] GC(0)   Post Evacuate Collection Set: 0.9ms
[2026-02-10T21:56:54.923+0530] GC(0)   Other: 1.5ms
[2026-02-10T21:56:54.923+0530] GC(0) Eden regions: 25->0(21)
[2026-02-10T21:56:54.923+0530] GC(0) Survivor regions: 0->4(4)
[2026-02-10T21:56:54.923+0530] GC(0) Old regions: 0->4
[2026-02-10T21:56:54.923+0530] GC(0) Archive regions: 0->0
[2026-02-10T21:56:54.923+0530] GC(0) Humongous regions: 5->5
[2026-02-10T21:56:54.923+0530] GC(0) Metaspace: 5430K(5632K)->5430K(5632K) NonClass: 4860K(4992K)->4860K(4992K) Class: 570K(640K)->570K(640K)
[2026-02-10T21:56:54.924+0530] GC(0) Pause Young (Normal) (G1 Evacuation Pause) 30M->12M(512M) 20.437ms
[2026-02-10T21:56:54.924+0530] GC(0) User=0.05s Sys=0.05s Real=0.02s
[2026-02-10T21:56:55.669+0530] GC(1) Pause Young (Normal) (G1 Evacuation Pause)
[2026-02-10T21:56:55.669+0530] GC(1) Using 4 workers of 4 for evacuation
[2026-02-10T21:56:55.682+0530] GC(1)   Pre Evacuate Collection Set: 0.1ms
[2026-02-10T21:56:55.682+0530] GC(1)   Merge Heap Roots: 0.1ms
[2026-02-10T21:56:55.682+0530] GC(1)   Evacuate Collection Set: 12.0ms
[2026-02-10T21:56:55.682+0530] GC(1)   Post Evacuate Collection Set: 0.7ms
[2026-02-10T21:56:55.682+0530] GC(1)   Other: 0.1ms
[2026-02-10T21:56:55.682+0530] GC(1) Eden regions: 21->0(24)
[2026-02-10T21:56:55.682+0530] GC(1) Survivor regions: 4->2(4)
[2026-02-10T21:56:55.682+0530] GC(1) Old regions: 4->8
[2026-02-10T21:56:55.682+0530] GC(1) Archive regions: 0->0
[2026-02-10T21:56:55.682+0530] GC(1) Humongous regions: 5->5
[2026-02-10T21:56:55.682+0530] GC(1) Metaspace: 11732K(11968K)->11732K(11968K) NonClass: 10402K(10496K)->10402K(10496K) Class: 1330K(1472K)->1330K(1472K)
[2026-02-10T21:56:55.682+0530] GC(1) Pause Young (Normal) (G1 Evacuation Pause) 33M->14M(512M) 13.267ms
[2026-02-10T21:56:55.682+0530] GC(1) User=0.03s Sys=0.03s Real=0.01s
[2026-02-10T21:56:56.336+0530] GC(2) Pause Young (Normal) (G1 Evacuation Pause)
[2026-02-10T21:56:56.337+0530] GC(2) Using 4 workers of 4 for evacuation
[2026-02-10T21:56:56.347+0530] GC(2)   Pre Evacuate Collection Set: 0.2ms
[2026-02-10T21:56:56.347+0530] GC(2)   Merge Heap Roots: 0.1ms
[2026-02-10T21:56:56.347+0530] GC(2)   Evacuate Collection Set: 10.0ms
[2026-02-10T21:56:56.348+0530] GC(2)   Post Evacuate Collection Set: 0.5ms
[2026-02-10T21:56:56.348+0530] GC(2)   Other: 0.2ms
[2026-02-10T21:56:56.348+0530] GC(2) Eden regions: 24->0(37)
[2026-02-10T21:56:56.348+0530] GC(2) Survivor regions: 2->4(4)
[2026-02-10T21:56:56.348+0530] GC(2) Old regions: 8->14
[2026-02-10T21:56:56.348+0530] GC(2) Archive regions: 0->0
[2026-02-10T21:56:56.348+0530] GC(2) Humongous regions: 5->5
[2026-02-10T21:56:56.348+0530] GC(2) Metaspace: 14746K(15040K)->14746K(15040K) NonClass: 13082K(13248K)->13082K(13248K) Class: 1663K(1792K)->1663K(1792K)
[2026-02-10T21:56:56.348+0530] GC(2) Pause Young (Normal) (G1 Evacuation Pause) 38M->22M(512M) 11.510ms
[2026-02-10T21:56:56.348+0530] GC(2) User=0.03s Sys=0.03s Real=0.01s
[2026-02-10T21:56:57.774+0530] GC(3) Pause Young (Normal) (G1 Evacuation Pause)
[2026-02-10T21:56:57.774+0530] GC(3) Using 4 workers of 4 for evacuation
[2026-02-10T21:56:57.783+0530] GC(3)   Pre Evacuate Collection Set: 0.1ms
[2026-02-10T21:56:57.783+0530] GC(3)   Merge Heap Roots: 0.1ms
[2026-02-10T21:56:57.783+0530] GC(3)   Evacuate Collection Set: 7.2ms
[2026-02-10T21:56:57.783+0530] GC(3)   Post Evacuate Collection Set: 0.6ms
[2026-02-10T21:56:57.783+0530] GC(3)   Other: 0.2ms
[2026-02-10T21:56:57.783+0530] GC(3) Eden regions: 37->0(181)
[2026-02-10T21:56:57.783+0530] GC(3) Survivor regions: 4->3(6)
[2026-02-10T21:56:57.783+0530] GC(3) Old regions: 14->19
[2026-02-10T21:56:57.783+0530] GC(3) Archive regions: 0->0
[2026-02-10T21:56:57.783+0530] GC(3) Humongous regions: 5->5
[2026-02-10T21:56:57.783+0530] GC(3) Metaspace: 21060K(21376K)->21060K(21376K) NonClass: 18902K(19072K)->18902K(19072K) Class: 2157K(2304K)->2157K(2304K)
[2026-02-10T21:56:57.783+0530] GC(3) Pause Young (Normal) (G1 Evacuation Pause) 59M->25M(512M) 8.538ms
[2026-02-10T21:56:57.783+0530] GC(3) User=0.00s Sys=0.00s Real=0.01s
[2026-02-10T21:56:57.809+0530] GC(4) Pause Young (Concurrent Start) (Metadata GC Threshold)
[2026-02-10T21:56:57.809+0530] GC(4) Using 4 workers of 4 for evacuation
[2026-02-10T21:56:57.814+0530] GC(4)   Pre Evacuate Collection Set: 0.1ms
[2026-02-10T21:56:57.814+0530] GC(4)   Merge Heap Roots: 0.1ms
[2026-02-10T21:56:57.814+0530] GC(4)   Evacuate Collection Set: 4.2ms
[2026-02-10T21:56:57.814+0530] GC(4)   Post Evacuate Collection Set: 0.3ms
[2026-02-10T21:56:57.814+0530] GC(4)   Other: 0.4ms
[2026-02-10T21:56:57.814+0530] GC(4) Eden regions: 1->0(213)
[2026-02-10T21:56:57.814+0530] GC(4) Survivor regions: 3->3(23)
[2026-02-10T21:56:57.814+0530] GC(4) Old regions: 19->19
[2026-02-10T21:56:57.814+0530] GC(4) Archive regions: 0->0
[2026-02-10T21:56:57.814+0530] GC(4) Humongous regions: 5->5
[2026-02-10T21:56:57.814+0530] GC(4) Metaspace: 21230K(21504K)->21230K(21504K) NonClass: 19059K(19200K)->19059K(19200K) Class: 2170K(2304K)->2170K(2304K)
[2026-02-10T21:56:57.814+0530] GC(4) Pause Young (Concurrent Start) (Metadata GC Threshold) 26M->25M(512M) 5.346ms
[2026-02-10T21:56:57.814+0530] GC(4) User=0.00s Sys=0.00s Real=0.00s
[2026-02-10T21:56:57.814+0530] GC(5) Concurrent Mark Cycle
[2026-02-10T21:56:57.814+0530] GC(5) Concurrent Clear Claimed Marks
[2026-02-10T21:56:57.814+0530] GC(5) Concurrent Clear Claimed Marks 0.029ms
[2026-02-10T21:56:57.814+0530] GC(5) Concurrent Scan Root Regions
[2026-02-10T21:56:57.817+0530] GC(5) Concurrent Scan Root Regions 3.160ms
[2026-02-10T21:56:57.817+0530] GC(5) Concurrent Mark
[2026-02-10T21:56:57.817+0530] GC(5) Concurrent Mark From Roots
[2026-02-10T21:56:57.817+0530] GC(5) Using 1 workers of 1 for marking
[2026-02-10T21:56:57.845+0530] GC(5) Concurrent Mark From Roots 27.930ms
[2026-02-10T21:56:57.845+0530] GC(5) Concurrent Preclean
[2026-02-10T21:56:57.845+0530] GC(5) Concurrent Preclean 0.095ms
[2026-02-10T21:56:57.846+0530] GC(5) Pause Remark
[2026-02-10T21:56:57.855+0530] GC(5) Pause Remark 26M->26M(512M) 9.730ms
[2026-02-10T21:56:57.855+0530] GC(5) User=0.03s Sys=0.03s Real=0.01s
[2026-02-10T21:56:57.856+0530] GC(5) Concurrent Mark 38.724ms
[2026-02-10T21:56:57.856+0530] GC(5) Concurrent Rebuild Remembered Sets
[2026-02-10T21:56:57.869+0530] GC(5) Concurrent Rebuild Remembered Sets 12.437ms
[2026-02-10T21:56:57.869+0530] GC(5) Pause Cleanup
[2026-02-10T21:56:57.869+0530] GC(5) Pause Cleanup 26M->26M(512M) 0.244ms
[2026-02-10T21:56:57.869+0530] GC(5) User=0.00s Sys=0.00s Real=0.00s
[2026-02-10T21:56:57.869+0530] GC(5) Concurrent Cleanup for Next Mark
[2026-02-10T21:56:57.873+0530] GC(5) Concurrent Cleanup for Next Mark 3.711ms
[2026-02-10T21:56:57.873+0530] GC(5) Concurrent Mark Cycle 58.755ms
[2026-02-10T21:57:01.890+0530] GC(6) Pause Young (Concurrent Start) (Metadata GC Threshold)
[2026-02-10T21:57:01.890+0530] GC(6) Using 4 workers of 4 for evacuation
[2026-02-10T21:57:01.902+0530] GC(6)   Pre Evacuate Collection Set: 0.1ms
[2026-02-10T21:57:01.902+0530] GC(6)   Merge Heap Roots: 0.1ms
[2026-02-10T21:57:01.902+0530] GC(6)   Evacuate Collection Set: 9.8ms
[2026-02-10T21:57:01.902+0530] GC(6)   Post Evacuate Collection Set: 0.9ms
[2026-02-10T21:57:01.902+0530] GC(6)   Other: 0.2ms
[2026-02-10T21:57:01.902+0530] GC(6) Eden regions: 108->0(300)
[2026-02-10T21:57:01.902+0530] GC(6) Survivor regions: 3->7(27)
[2026-02-10T21:57:01.902+0530] GC(6) Old regions: 19->19
[2026-02-10T21:57:01.902+0530] GC(6) Archive regions: 0->0
[2026-02-10T21:57:01.902+0530] GC(6) Humongous regions: 5->5
[2026-02-10T21:57:01.902+0530] GC(6) Metaspace: 35704K(36160K)->35704K(36160K) NonClass: 31776K(32000K)->31776K(32000K) Class: 3928K(4160K)->3928K(4160K)
[2026-02-10T21:57:01.902+0530] GC(6) Pause Young (Concurrent Start) (Metadata GC Threshold) 133M->30M(512M) 11.365ms
[2026-02-10T21:57:01.902+0530] GC(6) User=0.05s Sys=0.02s Real=0.01s
[2026-02-10T21:57:01.902+0530] GC(7) Concurrent Mark Cycle
[2026-02-10T21:57:01.902+0530] GC(7) Concurrent Clear Claimed Marks
[2026-02-10T21:57:01.902+0530] GC(7) Concurrent Clear Claimed Marks 0.049ms
[2026-02-10T21:57:01.902+0530] GC(7) Concurrent Scan Root Regions
[2026-02-10T21:57:01.911+0530] GC(7) Concurrent Scan Root Regions 9.150ms
[2026-02-10T21:57:01.911+0530] GC(7) Concurrent Mark
[2026-02-10T21:57:01.911+0530] GC(7) Concurrent Mark From Roots
[2026-02-10T21:57:01.911+0530] GC(7) Using 1 workers of 1 for marking
[2026-02-10T21:57:01.942+0530] GC(7) Concurrent Mark From Roots 30.116ms
[2026-02-10T21:57:01.942+0530] GC(7) Concurrent Preclean
[2026-02-10T21:57:01.942+0530] GC(7) Concurrent Preclean 0.100ms
[2026-02-10T21:57:01.942+0530] GC(7) Pause Remark
[2026-02-10T21:57:01.948+0530] GC(7) Pause Remark 31M->31M(512M) 6.048ms
[2026-02-10T21:57:01.948+0530] GC(7) User=0.00s Sys=0.00s Real=0.01s
[2026-02-10T21:57:01.948+0530] GC(7) Concurrent Mark 37.315ms
[2026-02-10T21:57:01.948+0530] GC(7) Concurrent Rebuild Remembered Sets
[2026-02-10T21:57:01.963+0530] GC(7) Concurrent Rebuild Remembered Sets 14.139ms
[2026-02-10T21:57:01.963+0530] GC(7) Pause Cleanup
[2026-02-10T21:57:01.964+0530] GC(7) Pause Cleanup 31M->31M(512M) 0.182ms
[2026-02-10T21:57:01.964+0530] GC(7) User=0.00s Sys=0.00s Real=0.00s
[2026-02-10T21:57:01.964+0530] GC(7) Concurrent Cleanup for Next Mark
[2026-02-10T21:57:01.969+0530] GC(7) Concurrent Cleanup for Next Mark 4.845ms
[2026-02-10T21:57:01.969+0530] GC(7) Concurrent Mark Cycle 66.780ms
[2026-02-10T21:57:05.693+0530] Heap
[2026-02-10T21:57:05.693+0530]  garbage-first heap   total 524288K, used 166985K [0x00000000e0000000, 0x0000000100000000)
[2026-02-10T21:57:05.693+0530]   region size 1024K, 141 young (144384K), 7 survivors (7168K)
[2026-02-10T21:57:05.693+0530]  Metaspace       used 36842K, committed 37312K, reserved 1114112K
[2026-02-10T21:57:05.693+0530]   class space    used 3992K, committed 4224K, reserved 1048576K
