[2026-02-10T17:36:59.592+0530] Using G1
[2026-02-10T17:36:59.595+0530] Version: 17.0.12+8-LTS-286 (release)
[2026-02-10T17:36:59.595+0530] CPUs: 8 total, 4 available
[2026-02-10T17:36:59.595+0530] Memory: 7914M
[2026-02-10T17:36:59.595+0530] Large Page Support: Disabled
[2026-02-10T17:36:59.595+0530] NUMA Support: Disabled
[2026-02-10T17:36:59.595+0530] Compressed Oops: Enabled (32-bit)
[2026-02-10T17:36:59.595+0530] Heap Region Size: 1M
[2026-02-10T17:36:59.595+0530] Heap Min Capacity: 256M
[2026-02-10T17:36:59.595+0530] Heap Initial Capacity: 256M
[2026-02-10T17:36:59.595+0530] Heap Max Capacity: 256M
[2026-02-10T17:36:59.595+0530] Pre-touch: Disabled
[2026-02-10T17:36:59.595+0530] Parallel Workers: 4
[2026-02-10T17:36:59.596+0530] Concurrent Workers: 1
[2026-02-10T17:36:59.596+0530] Concurrent Refinement Workers: 4
[2026-02-10T17:36:59.596+0530] Periodic GC: Disabled
[2026-02-10T17:36:59.609+0530] CDS archive(s) mapped at: [0x000001e9d6000000-0x000001e9d6bd0000-0x000001e9d6bd0000), size 12386304, SharedBaseAddress: 0x000001e9d6000000, ArchiveRelocationMode: 1.
[2026-02-10T17:36:59.609+0530] Compressed class space mapped at: 0x000001e9d7000000-0x000001ea17000000, reserved size: 1073741824
[2026-02-10T17:36:59.609+0530] Narrow klass base: 0x000001e9d6000000, Narrow klass shift: 0, Narrow klass range: 0x100000000
[2026-02-10T17:37:00.276+0530] GC(0) Pause Young (Normal) (G1 Evacuation Pause)
[2026-02-10T17:37:00.276+0530] GC(0) Using 4 workers of 4 for evacuation
[2026-02-10T17:37:00.284+0530] GC(0)   Pre Evacuate Collection Set: 0.1ms
[2026-02-10T17:37:00.284+0530] GC(0)   Merge Heap Roots: 0.1ms
[2026-02-10T17:37:00.284+0530] GC(0)   Evacuate Collection Set: 6.3ms
[2026-02-10T17:37:00.284+0530] GC(0)   Post Evacuate Collection Set: 0.4ms
[2026-02-10T17:37:00.284+0530] GC(0)   Other: 0.5ms
[2026-02-10T17:37:00.284+0530] GC(0) Eden regions: 13->0(13)
[2026-02-10T17:37:00.284+0530] GC(0) Survivor regions: 0->2(2)
[2026-02-10T17:37:00.284+0530] GC(0) Old regions: 0->3
[2026-02-10T17:37:00.284+0530] GC(0) Archive regions: 0->0
[2026-02-10T17:37:00.284+0530] GC(0) Humongous regions: 5->5
[2026-02-10T17:37:00.284+0530] GC(0) Metaspace: 4444K(4672K)->4444K(4672K) NonClass: 3964K(4096K)->3964K(4096K) Class: 480K(576K)->480K(576K)
[2026-02-10T17:37:00.284+0530] GC(0) Pause Young (Normal) (G1 Evacuation Pause) 18M->9M(256M) 7.673ms
[2026-02-10T17:37:00.284+0530] GC(0) User=0.03s Sys=0.03s Real=0.01s
[2026-02-10T17:37:00.480+0530] GC(1) Pause Young (Normal) (G1 Evacuation Pause)
[2026-02-10T17:37:00.480+0530] GC(1) Using 4 workers of 4 for evacuation
[2026-02-10T17:37:00.488+0530] GC(1)   Pre Evacuate Collection Set: 0.1ms
[2026-02-10T17:37:00.488+0530] GC(1)   Merge Heap Roots: 0.1ms
[2026-02-10T17:37:00.488+0530] GC(1)   Evacuate Collection Set: 8.0ms
[2026-02-10T17:37:00.488+0530] GC(1)   Post Evacuate Collection Set: 0.3ms
[2026-02-10T17:37:00.488+0530] GC(1)   Other: 0.2ms
[2026-02-10T17:37:00.488+0530] GC(1) Eden regions: 13->0(18)
[2026-02-10T17:37:00.488+0530] GC(1) Survivor regions: 2->2(2)
[2026-02-10T17:37:00.488+0530] GC(1) Old regions: 3->6
[2026-02-10T17:37:00.488+0530] GC(1) Archive regions: 0->0
[2026-02-10T17:37:00.488+0530] GC(1) Humongous regions: 5->5
[2026-02-10T17:37:00.490+0530] GC(1) Metaspace: 6002K(6144K)->6002K(6144K) NonClass: 5344K(5440K)->5344K(5440K) Class: 657K(704K)->657K(704K)
[2026-02-10T17:37:00.490+0530] GC(1) Pause Young (Normal) (G1 Evacuation Pause) 22M->12M(256M) 8.795ms
[2026-02-10T17:37:00.490+0530] GC(1) User=0.03s Sys=0.03s Real=0.01s
[2026-02-10T17:37:00.955+0530] GC(2) Pause Young (Normal) (G1 Evacuation Pause)
[2026-02-10T17:37:00.955+0530] GC(2) Using 4 workers of 4 for evacuation
[2026-02-10T17:37:00.960+0530] GC(2)   Pre Evacuate Collection Set: 0.1ms
[2026-02-10T17:37:00.960+0530] GC(2)   Merge Heap Roots: 0.1ms
[2026-02-10T17:37:00.960+0530] GC(2)   Evacuate Collection Set: 4.4ms
[2026-02-10T17:37:00.960+0530] GC(2)   Post Evacuate Collection Set: 0.4ms
[2026-02-10T17:37:00.961+0530] GC(2)   Other: 0.2ms
[2026-02-10T17:37:00.961+0530] GC(2) Eden regions: 18->0(93)
[2026-02-10T17:37:00.961+0530] GC(2) Survivor regions: 2->2(3)
[2026-02-10T17:37:00.961+0530] GC(2) Old regions: 6->9
[2026-02-10T17:37:00.961+0530] GC(2) Archive regions: 0->0
[2026-02-10T17:37:00.961+0530] GC(2) Humongous regions: 5->5
[2026-02-10T17:37:00.961+0530] GC(2) Metaspace: 11389K(11584K)->11389K(11584K) NonClass: 10107K(10176K)->10107K(10176K) Class: 1282K(1408K)->1282K(1408K)
[2026-02-10T17:37:00.961+0530] GC(2) Pause Young (Normal) (G1 Evacuation Pause) 30M->14M(256M) 5.516ms
[2026-02-10T17:37:00.961+0530] GC(2) User=0.00s Sys=0.00s Real=0.01s
[2026-02-10T17:37:02.189+0530] GC(3) Pause Young (Concurrent Start) (Metadata GC Threshold)
[2026-02-10T17:37:02.189+0530] GC(3) Using 4 workers of 4 for evacuation
[2026-02-10T17:37:02.199+0530] GC(3)   Pre Evacuate Collection Set: 0.1ms
[2026-02-10T17:37:02.199+0530] GC(3)   Merge Heap Roots: 0.1ms
[2026-02-10T17:37:02.199+0530] GC(3)   Evacuate Collection Set: 8.7ms
[2026-02-10T17:37:02.199+0530] GC(3)   Post Evacuate Collection Set: 0.5ms
[2026-02-10T17:37:02.199+0530] GC(3)   Other: 0.3ms
[2026-02-10T17:37:02.199+0530] GC(3) Eden regions: 64->0(106)
[2026-02-10T17:37:02.199+0530] GC(3) Survivor regions: 2->12(12)
[2026-02-10T17:37:02.199+0530] GC(3) Old regions: 9->9
[2026-02-10T17:37:02.199+0530] GC(3) Archive regions: 0->0
[2026-02-10T17:37:02.199+0530] GC(3) Humongous regions: 5->5
[2026-02-10T17:37:02.199+0530] GC(3) Metaspace: 21221K(21504K)->21221K(21504K) NonClass: 19048K(19200K)->19048K(19200K) Class: 2172K(2304K)->2172K(2304K)
[2026-02-10T17:37:02.199+0530] GC(3) Pause Young (Concurrent Start) (Metadata GC Threshold) 78M->25M(256M) 9.854ms
[2026-02-10T17:37:02.199+0530] GC(3) User=0.00s Sys=0.00s Real=0.01s
[2026-02-10T17:37:02.199+0530] GC(4) Concurrent Mark Cycle
[2026-02-10T17:37:02.199+0530] GC(4) Concurrent Clear Claimed Marks
[2026-02-10T17:37:02.199+0530] GC(4) Concurrent Clear Claimed Marks 0.030ms
[2026-02-10T17:37:02.199+0530] GC(4) Concurrent Scan Root Regions
[2026-02-10T17:37:02.203+0530] GC(4) Concurrent Scan Root Regions 4.590ms
[2026-02-10T17:37:02.203+0530] GC(4) Concurrent Mark
[2026-02-10T17:37:02.203+0530] GC(4) Concurrent Mark From Roots
[2026-02-10T17:37:02.203+0530] GC(4) Using 1 workers of 1 for marking
[2026-02-10T17:37:02.226+0530] GC(4) Concurrent Mark From Roots 22.342ms
[2026-02-10T17:37:02.226+0530] GC(4) Concurrent Preclean
[2026-02-10T17:37:02.226+0530] GC(4) Concurrent Preclean 0.067ms
[2026-02-10T17:37:02.226+0530] GC(4) Pause Remark
[2026-02-10T17:37:02.230+0530] GC(4) Pause Remark 26M->26M(256M) 3.495ms
[2026-02-10T17:37:02.230+0530] GC(4) User=0.00s Sys=0.00s Real=0.00s
[2026-02-10T17:37:02.230+0530] GC(4) Concurrent Mark 26.227ms
[2026-02-10T17:37:02.230+0530] GC(4) Concurrent Rebuild Remembered Sets
[2026-02-10T17:37:02.241+0530] GC(4) Concurrent Rebuild Remembered Sets 10.376ms
[2026-02-10T17:37:02.241+0530] GC(4) Pause Cleanup
[2026-02-10T17:37:02.241+0530] GC(4) Pause Cleanup 26M->26M(256M) 0.100ms
[2026-02-10T17:37:02.241+0530] GC(4) User=0.00s Sys=0.00s Real=0.00s
[2026-02-10T17:37:02.241+0530] GC(4) Concurrent Cleanup for Next Mark
[2026-02-10T17:37:02.242+0530] GC(4) Concurrent Cleanup for Next Mark 1.657ms
[2026-02-10T17:37:02.242+0530] GC(4) Concurrent Mark Cycle 43.578ms
[2026-02-10T17:37:06.403+0530] GC(5) Pause Young (Concurrent Start) (Metadata GC Threshold)
[2026-02-10T17:37:06.403+0530] GC(5) Using 4 workers of 4 for evacuation
[2026-02-10T17:37:06.421+0530] GC(5)   Pre Evacuate Collection Set: 0.1ms
[2026-02-10T17:37:06.421+0530] GC(5)   Merge Heap Roots: 0.1ms
[2026-02-10T17:37:06.421+0530] GC(5)   Evacuate Collection Set: 16.2ms
[2026-02-10T17:37:06.421+0530] GC(5)   Post Evacuate Collection Set: 1.0ms
[2026-02-10T17:37:06.421+0530] GC(5)   Other: 0.3ms
[2026-02-10T17:37:06.421+0530] GC(5) Eden regions: 106->0(147)
[2026-02-10T17:37:06.421+0530] GC(5) Survivor regions: 12->6(15)
[2026-02-10T17:37:06.421+0530] GC(5) Old regions: 9->21
[2026-02-10T17:37:06.421+0530] GC(5) Archive regions: 0->0
[2026-02-10T17:37:06.421+0530] GC(5) Humongous regions: 5->5
[2026-02-10T17:37:06.421+0530] GC(5) Metaspace: 35477K(35968K)->35477K(35968K) NonClass: 31546K(31808K)->31546K(31808K) Class: 3930K(4160K)->3930K(4160K)
[2026-02-10T17:37:06.421+0530] GC(5) Pause Young (Concurrent Start) (Metadata GC Threshold) 131M->30M(256M) 18.175ms
[2026-02-10T17:37:06.421+0530] GC(5) User=0.08s Sys=0.03s Real=0.02s
[2026-02-10T17:37:06.421+0530] GC(6) Concurrent Mark Cycle
[2026-02-10T17:37:06.421+0530] GC(6) Concurrent Clear Claimed Marks
[2026-02-10T17:37:06.421+0530] GC(6) Concurrent Clear Claimed Marks 0.051ms
[2026-02-10T17:37:06.421+0530] GC(6) Concurrent Scan Root Regions
[2026-02-10T17:37:06.433+0530] GC(6) Concurrent Scan Root Regions 12.583ms
[2026-02-10T17:37:06.433+0530] GC(6) Concurrent Mark
[2026-02-10T17:37:06.433+0530] GC(6) Concurrent Mark From Roots
[2026-02-10T17:37:06.433+0530] GC(6) Using 1 workers of 1 for marking
[2026-02-10T17:37:06.463+0530] GC(6) Concurrent Mark From Roots 28.742ms
[2026-02-10T17:37:06.463+0530] GC(6) Concurrent Preclean
[2026-02-10T17:37:06.463+0530] GC(6) Concurrent Preclean 0.074ms
[2026-02-10T17:37:06.463+0530] GC(6) Pause Remark
[2026-02-10T17:37:06.469+0530] GC(6) Pause Remark 31M->31M(256M) 5.936ms
[2026-02-10T17:37:06.469+0530] GC(6) User=0.05s Sys=0.02s Real=0.01s
[2026-02-10T17:37:06.469+0530] GC(6) Concurrent Mark 35.196ms
[2026-02-10T17:37:06.469+0530] GC(6) Concurrent Rebuild Remembered Sets
[2026-02-10T17:37:06.488+0530] GC(6) Concurrent Rebuild Remembered Sets 18.772ms
[2026-02-10T17:37:06.488+0530] GC(6) Pause Cleanup
[2026-02-10T17:37:06.488+0530] GC(6) Pause Cleanup 31M->31M(256M) 0.126ms
[2026-02-10T17:37:06.488+0530] GC(6) User=0.00s Sys=0.00s Real=0.00s
[2026-02-10T17:37:06.488+0530] GC(6) Concurrent Cleanup for Next Mark
[2026-02-10T17:37:06.492+0530] GC(6) Concurrent Cleanup for Next Mark 3.580ms
[2026-02-10T17:37:06.492+0530] GC(6) Concurrent Mark Cycle 71.266ms
[2026-02-10T17:37:11.188+0530] Heap
[2026-02-10T17:37:11.188+0530]  garbage-first heap   total 262144K, used 166222K [0x00000000f0000000, 0x0000000100000000)
[2026-02-10T17:37:11.189+0530]   region size 1024K, 138 young (141312K), 6 survivors (6144K)
[2026-02-10T17:37:11.189+0530]  Metaspace       used 36755K, committed 37248K, reserved 1114112K
[2026-02-10T17:37:11.189+0530]   class space    used 3997K, committed 4224K, reserved 1048576K
