[2026-02-10T21:59:06.468+0530] Using G1
[2026-02-10T21:59:06.472+0530] Version: 17.0.12+8-LTS-286 (release)
[2026-02-10T21:59:06.472+0530] CPUs: 8 total, 4 available
[2026-02-10T21:59:06.472+0530] Memory: 7914M
[2026-02-10T21:59:06.472+0530] Large Page Support: Disabled
[2026-02-10T21:59:06.472+0530] NUMA Support: Disabled
[2026-02-10T21:59:06.472+0530] Compressed Oops: Enabled (32-bit)
[2026-02-10T21:59:06.472+0530] Heap Region Size: 1M
[2026-02-10T21:59:06.472+0530] Heap Min Capacity: 512M
[2026-02-10T21:59:06.472+0530] Heap Initial Capacity: 512M
[2026-02-10T21:59:06.472+0530] Heap Max Capacity: 512M
[2026-02-10T21:59:06.472+0530] Pre-touch: Disabled
[2026-02-10T21:59:06.472+0530] Parallel Workers: 4
[2026-02-10T21:59:06.473+0530] Concurrent Workers: 1
[2026-02-10T21:59:06.473+0530] Concurrent Refinement Workers: 4
[2026-02-10T21:59:06.473+0530] Periodic GC: Disabled
[2026-02-10T21:59:06.487+0530] CDS archive(s) mapped at: [0x000001ed17000000-0x000001ed17bd0000-0x000001ed17bd0000), size 12386304, SharedBaseAddress: 0x000001ed17000000, ArchiveRelocationMode: 1.
[2026-02-10T21:59:06.487+0530] Compressed class space mapped at: 0x000001ed18000000-0x000001ed58000000, reserved size: 1073741824
[2026-02-10T21:59:06.487+0530] Narrow klass base: 0x000001ed17000000, Narrow klass shift: 0, Narrow klass range: 0x100000000
[2026-02-10T21:59:07.433+0530] GC(0) Pause Young (Normal) (G1 Evacuation Pause)
[2026-02-10T21:59:07.433+0530] GC(0) Using 4 workers of 4 for evacuation
[2026-02-10T21:59:07.451+0530] GC(0)   Pre Evacuate Collection Set: 0.1ms
[2026-02-10T21:59:07.451+0530] GC(0)   Merge Heap Roots: 0.1ms
[2026-02-10T21:59:07.451+0530] GC(0)   Evacuate Collection Set: 17.3ms
[2026-02-10T21:59:07.451+0530] GC(0)   Post Evacuate Collection Set: 0.6ms
[2026-02-10T21:59:07.451+0530] GC(0)   Other: 0.4ms
[2026-02-10T21:59:07.451+0530] GC(0) Eden regions: 25->0(21)
[2026-02-10T21:59:07.451+0530] GC(0) Survivor regions: 0->4(4)
[2026-02-10T21:59:07.451+0530] GC(0) Old regions: 0->4
[2026-02-10T21:59:07.451+0530] GC(0) Archive regions: 0->0
[2026-02-10T21:59:07.451+0530] GC(0) Humongous regions: 5->5
[2026-02-10T21:59:07.451+0530] GC(0) Metaspace: 5417K(5568K)->5417K(5568K) NonClass: 4847K(4928K)->4847K(4928K) Class: 570K(640K)->570K(640K)
[2026-02-10T21:59:07.451+0530] GC(0) Pause Young (Normal) (G1 Evacuation Pause) 30M->12M(512M) 18.655ms
[2026-02-10T21:59:07.451+0530] GC(0) User=0.03s Sys=0.03s Real=0.02s
[2026-02-10T21:59:08.058+0530] GC(1) Pause Young (Normal) (G1 Evacuation Pause)
[2026-02-10T21:59:08.058+0530] GC(1) Using 4 workers of 4 for evacuation
[2026-02-10T21:59:08.068+0530] GC(1)   Pre Evacuate Collection Set: 0.1ms
[2026-02-10T21:59:08.068+0530] GC(1)   Merge Heap Roots: 0.1ms
[2026-02-10T21:59:08.068+0530] GC(1)   Evacuate Collection Set: 8.6ms
[2026-02-10T21:59:08.068+0530] GC(1)   Post Evacuate Collection Set: 0.5ms
[2026-02-10T21:59:08.068+0530] GC(1)   Other: 0.1ms
[2026-02-10T21:59:08.068+0530] GC(1) Eden regions: 21->0(24)
[2026-02-10T21:59:08.068+0530] GC(1) Survivor regions: 4->2(4)
[2026-02-10T21:59:08.068+0530] GC(1) Old regions: 4->8
[2026-02-10T21:59:08.068+0530] GC(1) Archive regions: 0->0
[2026-02-10T21:59:08.068+0530] GC(1) Humongous regions: 5->5
[2026-02-10T21:59:08.068+0530] GC(1) Metaspace: 11717K(11968K)->11717K(11968K) NonClass: 10387K(10496K)->10387K(10496K) Class: 1330K(1472K)->1330K(1472K)
[2026-02-10T21:59:08.068+0530] GC(1) Pause Young (Normal) (G1 Evacuation Pause) 33M->14M(512M) 9.617ms
[2026-02-10T21:59:08.068+0530] GC(1) User=0.06s Sys=0.00s Real=0.01s
[2026-02-10T21:59:08.564+0530] GC(2) Pause Young (Normal) (G1 Evacuation Pause)
[2026-02-10T21:59:08.564+0530] GC(2) Using 4 workers of 4 for evacuation
[2026-02-10T21:59:08.574+0530] GC(2)   Pre Evacuate Collection Set: 0.1ms
[2026-02-10T21:59:08.574+0530] GC(2)   Merge Heap Roots: 0.1ms
[2026-02-10T21:59:08.574+0530] GC(2)   Evacuate Collection Set: 8.7ms
[2026-02-10T21:59:08.574+0530] GC(2)   Post Evacuate Collection Set: 0.5ms
[2026-02-10T21:59:08.574+0530] GC(2)   Other: 0.3ms
[2026-02-10T21:59:08.574+0530] GC(2) Eden regions: 24->0(37)
[2026-02-10T21:59:08.574+0530] GC(2) Survivor regions: 2->4(4)
[2026-02-10T21:59:08.574+0530] GC(2) Old regions: 8->15
[2026-02-10T21:59:08.574+0530] GC(2) Archive regions: 0->0
[2026-02-10T21:59:08.574+0530] GC(2) Humongous regions: 5->5
[2026-02-10T21:59:08.574+0530] GC(2) Metaspace: 14778K(15040K)->14778K(15040K) NonClass: 13119K(13248K)->13119K(13248K) Class: 1658K(1792K)->1658K(1792K)
[2026-02-10T21:59:08.574+0530] GC(2) Pause Young (Normal) (G1 Evacuation Pause) 38M->23M(512M) 10.223ms
[2026-02-10T21:59:08.574+0530] GC(2) User=0.05s Sys=0.02s Real=0.01s
[2026-02-10T21:59:10.244+0530] GC(3) Pause Young (Normal) (G1 Evacuation Pause)
[2026-02-10T21:59:10.244+0530] GC(3) Using 4 workers of 4 for evacuation
[2026-02-10T21:59:10.253+0530] GC(3)   Pre Evacuate Collection Set: 0.1ms
[2026-02-10T21:59:10.253+0530] GC(3)   Merge Heap Roots: 0.1ms
[2026-02-10T21:59:10.253+0530] GC(3)   Evacuate Collection Set: 8.1ms
[2026-02-10T21:59:10.253+0530] GC(3)   Post Evacuate Collection Set: 0.4ms
[2026-02-10T21:59:10.253+0530] GC(3)   Other: 0.2ms
[2026-02-10T21:59:10.253+0530] GC(3) Eden regions: 37->0(211)
[2026-02-10T21:59:10.253+0530] GC(3) Survivor regions: 4->3(6)
[2026-02-10T21:59:10.253+0530] GC(3) Old regions: 15->19
[2026-02-10T21:59:10.253+0530] GC(3) Archive regions: 0->0
[2026-02-10T21:59:10.253+0530] GC(3) Humongous regions: 5->5
[2026-02-10T21:59:10.253+0530] GC(3) Metaspace: 20928K(21312K)->20928K(21312K) NonClass: 18792K(19008K)->18792K(19008K) Class: 2136K(2304K)->2136K(2304K)
[2026-02-10T21:59:10.253+0530] GC(3) Pause Young (Normal) (G1 Evacuation Pause) 60M->26M(512M) 9.058ms
[2026-02-10T21:59:10.253+0530] GC(3) User=0.06s Sys=0.00s Real=0.01s
[2026-02-10T21:59:10.308+0530] GC(4) Pause Young (Concurrent Start) (Metadata GC Threshold)
[2026-02-10T21:59:10.308+0530] GC(4) Using 4 workers of 4 for evacuation
[2026-02-10T21:59:10.312+0530] GC(4)   Pre Evacuate Collection Set: 0.1ms
[2026-02-10T21:59:10.312+0530] GC(4)   Merge Heap Roots: 0.1ms
[2026-02-10T21:59:10.312+0530] GC(4)   Evacuate Collection Set: 2.9ms
[2026-02-10T21:59:10.312+0530] GC(4)   Post Evacuate Collection Set: 0.3ms
[2026-02-10T21:59:10.312+0530] GC(4)   Other: 0.3ms
[2026-02-10T21:59:10.312+0530] GC(4) Eden regions: 2->0(234)
[2026-02-10T21:59:10.312+0530] GC(4) Survivor regions: 3->3(27)
[2026-02-10T21:59:10.312+0530] GC(4) Old regions: 19->19
[2026-02-10T21:59:10.312+0530] GC(4) Archive regions: 0->0
[2026-02-10T21:59:10.312+0530] GC(4) Humongous regions: 5->5
[2026-02-10T21:59:10.312+0530] GC(4) Metaspace: 21236K(21504K)->21236K(21504K) NonClass: 19075K(19200K)->19075K(19200K) Class: 2160K(2304K)->2160K(2304K)
[2026-02-10T21:59:10.312+0530] GC(4) Pause Young (Concurrent Start) (Metadata GC Threshold) 27M->26M(512M) 3.838ms
[2026-02-10T21:59:10.312+0530] GC(4) User=0.00s Sys=0.00s Real=0.00s
[2026-02-10T21:59:10.312+0530] GC(5) Concurrent Mark Cycle
[2026-02-10T21:59:10.312+0530] GC(5) Concurrent Clear Claimed Marks
[2026-02-10T21:59:10.312+0530] GC(5) Concurrent Clear Claimed Marks 0.025ms
[2026-02-10T21:59:10.312+0530] GC(5) Concurrent Scan Root Regions
[2026-02-10T21:59:10.314+0530] GC(5) Concurrent Scan Root Regions 2.712ms
[2026-02-10T21:59:10.314+0530] GC(5) Concurrent Mark
[2026-02-10T21:59:10.314+0530] GC(5) Concurrent Mark From Roots
[2026-02-10T21:59:10.314+0530] GC(5) Using 1 workers of 1 for marking
[2026-02-10T21:59:10.344+0530] GC(5) Concurrent Mark From Roots 29.618ms
[2026-02-10T21:59:10.344+0530] GC(5) Concurrent Preclean
[2026-02-10T21:59:10.344+0530] GC(5) Concurrent Preclean 0.088ms
[2026-02-10T21:59:10.346+0530] GC(5) Pause Remark
[2026-02-10T21:59:10.355+0530] GC(5) Pause Remark 26M->26M(512M) 9.890ms
[2026-02-10T21:59:10.355+0530] GC(5) User=0.05s Sys=0.00s Real=0.01s
[2026-02-10T21:59:10.357+0530] GC(5) Concurrent Mark 41.790ms
[2026-02-10T21:59:10.357+0530] GC(5) Concurrent Rebuild Remembered Sets
[2026-02-10T21:59:10.374+0530] GC(5) Concurrent Rebuild Remembered Sets 17.319ms
[2026-02-10T21:59:10.374+0530] GC(5) Pause Cleanup
[2026-02-10T21:59:10.374+0530] GC(5) Pause Cleanup 26M->26M(512M) 0.271ms
[2026-02-10T21:59:10.374+0530] GC(5) User=0.00s Sys=0.00s Real=0.00s
[2026-02-10T21:59:10.375+0530] GC(5) Concurrent Cleanup for Next Mark
[2026-02-10T21:59:10.378+0530] GC(5) Concurrent Cleanup for Next Mark 3.342ms
[2026-02-10T21:59:10.378+0530] GC(5) Concurrent Mark Cycle 66.127ms
[2026-02-10T21:59:12.974+0530] GC(6) Pause Young (Concurrent Start) (Metadata GC Threshold)
[2026-02-10T21:59:12.974+0530] GC(6) Using 4 workers of 4 for evacuation
[2026-02-10T21:59:12.987+0530] GC(6)   Pre Evacuate Collection Set: 0.2ms
[2026-02-10T21:59:12.987+0530] GC(6)   Merge Heap Roots: 0.1ms
[2026-02-10T21:59:12.987+0530] GC(6)   Evacuate Collection Set: 12.8ms
[2026-02-10T21:59:12.987+0530] GC(6)   Post Evacuate Collection Set: 0.9ms
[2026-02-10T21:59:12.987+0530] GC(6)   Other: 0.3ms
[2026-02-10T21:59:12.987+0530] GC(6) Eden regions: 108->0(300)
[2026-02-10T21:59:12.987+0530] GC(6) Survivor regions: 3->7(30)
[2026-02-10T21:59:12.987+0530] GC(6) Old regions: 19->19
[2026-02-10T21:59:12.987+0530] GC(6) Archive regions: 0->0
[2026-02-10T21:59:12.987+0530] GC(6) Humongous regions: 5->5
[2026-02-10T21:59:12.987+0530] GC(6) Metaspace: 35623K(36096K)->35623K(36096K) NonClass: 31692K(31872K)->31692K(31872K) Class: 3930K(4224K)->3930K(4224K)
[2026-02-10T21:59:12.988+0530] GC(6) Pause Young (Concurrent Start) (Metadata GC Threshold) 133M->30M(512M) 14.642ms
[2026-02-10T21:59:12.988+0530] GC(6) User=0.02s Sys=0.05s Real=0.01s
[2026-02-10T21:59:12.988+0530] GC(7) Concurrent Mark Cycle
[2026-02-10T21:59:12.988+0530] GC(7) Concurrent Clear Claimed Marks
[2026-02-10T21:59:12.988+0530] GC(7) Concurrent Clear Claimed Marks 0.061ms
[2026-02-10T21:59:12.988+0530] GC(7) Concurrent Scan Root Regions
[2026-02-10T21:59:12.999+0530] GC(7) Concurrent Scan Root Regions 11.005ms
[2026-02-10T21:59:12.999+0530] GC(7) Concurrent Mark
[2026-02-10T21:59:12.999+0530] GC(7) Concurrent Mark From Roots
[2026-02-10T21:59:12.999+0530] GC(7) Using 1 workers of 1 for marking
[2026-02-10T21:59:13.034+0530] GC(7) Concurrent Mark From Roots 34.442ms
[2026-02-10T21:59:13.034+0530] GC(7) Concurrent Preclean
[2026-02-10T21:59:13.034+0530] GC(7) Concurrent Preclean 0.104ms
[2026-02-10T21:59:13.035+0530] GC(7) Pause Remark
[2026-02-10T21:59:13.038+0530] GC(7) Pause Remark 31M->31M(512M) 4.221ms
[2026-02-10T21:59:13.038+0530] GC(7) User=0.00s Sys=0.00s Real=0.00s
[2026-02-10T21:59:13.038+0530] GC(7) Concurrent Mark 39.442ms
[2026-02-10T21:59:13.038+0530] GC(7) Concurrent Rebuild Remembered Sets
[2026-02-10T21:59:13.055+0530] GC(7) Concurrent Rebuild Remembered Sets 15.606ms
[2026-02-10T21:59:13.055+0530] GC(7) Pause Cleanup
[2026-02-10T21:59:13.055+0530] GC(7) Pause Cleanup 31M->31M(512M) 0.196ms
[2026-02-10T21:59:13.055+0530] GC(7) User=0.00s Sys=0.00s Real=0.00s
[2026-02-10T21:59:13.055+0530] GC(7) Concurrent Cleanup for Next Mark
[2026-02-10T21:59:13.059+0530] GC(7) Concurrent Cleanup for Next Mark 4.066ms
[2026-02-10T21:59:13.059+0530] GC(7) Concurrent Mark Cycle 70.983ms
[2026-02-10T21:59:15.990+0530] Heap
[2026-02-10T21:59:15.990+0530]  garbage-first heap   total 524288K, used 165989K [0x00000000e0000000, 0x0000000100000000)
[2026-02-10T21:59:15.990+0530]   region size 1024K, 139 young (142336K), 7 survivors (7168K)
[2026-02-10T21:59:15.990+0530]  Metaspace       used 36771K, committed 37248K, reserved 1114112K
[2026-02-10T21:59:15.990+0530]   class space    used 3993K, committed 4288K, reserved 1048576K
