[2026-02-10T21:58:04.445+0530] Using G1
[2026-02-10T21:58:04.448+0530] Version: 17.0.12+8-LTS-286 (release)
[2026-02-10T21:58:04.448+0530] CPUs: 8 total, 4 available
[2026-02-10T21:58:04.448+0530] Memory: 7914M
[2026-02-10T21:58:04.448+0530] Large Page Support: Disabled
[2026-02-10T21:58:04.448+0530] NUMA Support: Disabled
[2026-02-10T21:58:04.448+0530] Compressed Oops: Enabled (32-bit)
[2026-02-10T21:58:04.448+0530] Heap Region Size: 1M
[2026-02-10T21:58:04.448+0530] Heap Min Capacity: 512M
[2026-02-10T21:58:04.448+0530] Heap Initial Capacity: 512M
[2026-02-10T21:58:04.448+0530] Heap Max Capacity: 512M
[2026-02-10T21:58:04.448+0530] Pre-touch: Disabled
[2026-02-10T21:58:04.448+0530] Parallel Workers: 4
[2026-02-10T21:58:04.452+0530] Concurrent Workers: 1
[2026-02-10T21:58:04.452+0530] Concurrent Refinement Workers: 4
[2026-02-10T21:58:04.452+0530] Periodic GC: Disabled
[2026-02-10T21:58:04.460+0530] CDS archive(s) mapped at: [0x0000015e22000000-0x0000015e22bd0000-0x0000015e22bd0000), size 12386304, SharedBaseAddress: 0x0000015e22000000, ArchiveRelocationMode: 1.
[2026-02-10T21:58:04.460+0530] Compressed class space mapped at: 0x0000015e23000000-0x0000015e63000000, reserved size: 1073741824
[2026-02-10T21:58:04.460+0530] Narrow klass base: 0x0000015e22000000, Narrow klass shift: 0, Narrow klass range: 0x100000000
[2026-02-10T21:58:05.483+0530] GC(0) Pause Young (Normal) (G1 Evacuation Pause)
[2026-02-10T21:58:05.483+0530] GC(0) Using 4 workers of 4 for evacuation
[2026-02-10T21:58:05.496+0530] GC(0)   Pre Evacuate Collection Set: 0.1ms
[2026-02-10T21:58:05.496+0530] GC(0)   Merge Heap Roots: 0.1ms
[2026-02-10T21:58:05.496+0530] GC(0)   Evacuate Collection Set: 11.7ms
[2026-02-10T21:58:05.496+0530] GC(0)   Post Evacuate Collection Set: 0.7ms
[2026-02-10T21:58:05.496+0530] GC(0)   Other: 0.7ms
[2026-02-10T21:58:05.496+0530] GC(0) Eden regions: 25->0(21)
[2026-02-10T21:58:05.496+0530] GC(0) Survivor regions: 0->4(4)
[2026-02-10T21:58:05.496+0530] GC(0) Old regions: 0->4
[2026-02-10T21:58:05.496+0530] GC(0) Archive regions: 0->0
[2026-02-10T21:58:05.496+0530] GC(0) Humongous regions: 5->5
[2026-02-10T21:58:05.496+0530] GC(0) Metaspace: 5437K(5632K)->5437K(5632K) NonClass: 4866K(4992K)->4866K(4992K) Class: 570K(640K)->570K(640K)
[2026-02-10T21:58:05.497+0530] GC(0) Pause Young (Normal) (G1 Evacuation Pause) 30M->12M(512M) 13.657ms
[2026-02-10T21:58:05.497+0530] GC(0) User=0.02s Sys=0.05s Real=0.01s
[2026-02-10T21:58:06.062+0530] GC(1) Pause Young (Normal) (G1 Evacuation Pause)
[2026-02-10T21:58:06.062+0530] GC(1) Using 4 workers of 4 for evacuation
[2026-02-10T21:58:06.070+0530] GC(1)   Pre Evacuate Collection Set: 0.1ms
[2026-02-10T21:58:06.070+0530] GC(1)   Merge Heap Roots: 0.1ms
[2026-02-10T21:58:06.070+0530] GC(1)   Evacuate Collection Set: 7.5ms
[2026-02-10T21:58:06.070+0530] GC(1)   Post Evacuate Collection Set: 0.6ms
[2026-02-10T21:58:06.070+0530] GC(1)   Other: 0.2ms
[2026-02-10T21:58:06.070+0530] GC(1) Eden regions: 21->0(26)
[2026-02-10T21:58:06.070+0530] GC(1) Survivor regions: 4->2(4)
[2026-02-10T21:58:06.070+0530] GC(1) Old regions: 4->8
[2026-02-10T21:58:06.071+0530] GC(1) Archive regions: 0->0
[2026-02-10T21:58:06.071+0530] GC(1) Humongous regions: 5->5
[2026-02-10T21:58:06.071+0530] GC(1) Metaspace: 11719K(11968K)->11719K(11968K) NonClass: 10389K(10496K)->10389K(10496K) Class: 1330K(1472K)->1330K(1472K)
[2026-02-10T21:58:06.071+0530] GC(1) Pause Young (Normal) (G1 Evacuation Pause) 33M->14M(512M) 8.654ms
[2026-02-10T21:58:06.071+0530] GC(1) User=0.06s Sys=0.00s Real=0.01s
[2026-02-10T21:58:06.502+0530] GC(2) Pause Young (Normal) (G1 Evacuation Pause)
[2026-02-10T21:58:06.502+0530] GC(2) Using 4 workers of 4 for evacuation
[2026-02-10T21:58:06.514+0530] GC(2)   Pre Evacuate Collection Set: 0.1ms
[2026-02-10T21:58:06.514+0530] GC(2)   Merge Heap Roots: 0.1ms
[2026-02-10T21:58:06.514+0530] GC(2)   Evacuate Collection Set: 10.5ms
[2026-02-10T21:58:06.514+0530] GC(2)   Post Evacuate Collection Set: 0.5ms
[2026-02-10T21:58:06.514+0530] GC(2)   Other: 0.2ms
[2026-02-10T21:58:06.514+0530] GC(2) Eden regions: 26->0(71)
[2026-02-10T21:58:06.514+0530] GC(2) Survivor regions: 2->4(4)
[2026-02-10T21:58:06.514+0530] GC(2) Old regions: 8->15
[2026-02-10T21:58:06.514+0530] GC(2) Archive regions: 0->0
[2026-02-10T21:58:06.514+0530] GC(2) Humongous regions: 5->5
[2026-02-10T21:58:06.514+0530] GC(2) Metaspace: 14898K(15168K)->14898K(15168K) NonClass: 13220K(13376K)->13220K(13376K) Class: 1677K(1792K)->1677K(1792K)
[2026-02-10T21:58:06.514+0530] GC(2) Pause Young (Normal) (G1 Evacuation Pause) 40M->23M(512M) 11.687ms
[2026-02-10T21:58:06.515+0530] GC(2) User=0.02s Sys=0.00s Real=0.01s
[2026-02-10T21:58:07.227+0530] GC(3) Pause Young (Concurrent Start) (Metadata GC Threshold)
[2026-02-10T21:58:07.227+0530] GC(3) Using 4 workers of 4 for evacuation
[2026-02-10T21:58:07.235+0530] GC(3)   Pre Evacuate Collection Set: 0.1ms
[2026-02-10T21:58:07.235+0530] GC(3)   Merge Heap Roots: 0.1ms
[2026-02-10T21:58:07.235+0530] GC(3)   Evacuate Collection Set: 7.3ms
[2026-02-10T21:58:07.235+0530] GC(3)   Post Evacuate Collection Set: 0.4ms
[2026-02-10T21:58:07.235+0530] GC(3)   Other: 0.2ms
[2026-02-10T21:58:07.235+0530] GC(3) Eden regions: 36->0(163)
[2026-02-10T21:58:07.235+0530] GC(3) Survivor regions: 4->7(10)
[2026-02-10T21:58:07.235+0530] GC(3) Old regions: 15->15
[2026-02-10T21:58:07.235+0530] GC(3) Archive regions: 0->0
[2026-02-10T21:58:07.235+0530] GC(3) Humongous regions: 5->5
[2026-02-10T21:58:07.235+0530] GC(3) Metaspace: 21252K(21504K)->21252K(21504K) NonClass: 19079K(19200K)->19079K(19200K) Class: 2173K(2304K)->2173K(2304K)
[2026-02-10T21:58:07.235+0530] GC(3) Pause Young (Concurrent Start) (Metadata GC Threshold) 59M->25M(512M) 8.160ms
[2026-02-10T21:58:07.235+0530] GC(3) User=0.00s Sys=0.00s Real=0.01s
[2026-02-10T21:58:07.236+0530] GC(4) Concurrent Mark Cycle
[2026-02-10T21:58:07.236+0530] GC(4) Concurrent Clear Claimed Marks
[2026-02-10T21:58:07.236+0530] GC(4) Concurrent Clear Claimed Marks 0.034ms
[2026-02-10T21:58:07.236+0530] GC(4) Concurrent Scan Root Regions
[2026-02-10T21:58:07.239+0530] GC(4) Concurrent Scan Root Regions 3.896ms
[2026-02-10T21:58:07.240+0530] GC(4) Concurrent Mark
[2026-02-10T21:58:07.240+0530] GC(4) Concurrent Mark From Roots
[2026-02-10T21:58:07.240+0530] GC(4) Using 1 workers of 1 for marking
[2026-02-10T21:58:07.266+0530] GC(4) Concurrent Mark From Roots 25.512ms
[2026-02-10T21:58:07.266+0530] GC(4) Concurrent Preclean
[2026-02-10T21:58:07.266+0530] GC(4) Concurrent Preclean 0.083ms
[2026-02-10T21:58:07.266+0530] GC(4) Pause Remark
[2026-02-10T21:58:07.271+0530] GC(4) Pause Remark 26M->26M(512M) 4.585ms
[2026-02-10T21:58:07.271+0530] GC(4) User=0.05s Sys=0.02s Real=0.00s
[2026-02-10T21:58:07.271+0530] GC(4) Concurrent Mark 30.773ms
[2026-02-10T21:58:07.271+0530] GC(4) Concurrent Rebuild Remembered Sets
[2026-02-10T21:58:07.287+0530] GC(4) Concurrent Rebuild Remembered Sets 16.544ms
[2026-02-10T21:58:07.288+0530] GC(4) Pause Cleanup
[2026-02-10T21:58:07.288+0530] GC(4) Pause Cleanup 26M->26M(512M) 0.160ms
[2026-02-10T21:58:07.288+0530] GC(4) User=0.00s Sys=0.00s Real=0.00s
[2026-02-10T21:58:07.288+0530] GC(4) Concurrent Cleanup for Next Mark
[2026-02-10T21:58:07.292+0530] GC(4) Concurrent Cleanup for Next Mark 3.336ms
[2026-02-10T21:58:07.292+0530] GC(4) Concurrent Mark Cycle 56.190ms
[2026-02-10T21:58:09.605+0530] GC(5) Pause Young (Prepare Mixed) (Metadata GC Threshold)
[2026-02-10T21:58:09.605+0530] GC(5) Using 4 workers of 4 for evacuation
[2026-02-10T21:58:09.620+0530] GC(5)   Pre Evacuate Collection Set: 0.1ms
[2026-02-10T21:58:09.620+0530] GC(5)   Merge Heap Roots: 0.1ms
[2026-02-10T21:58:09.620+0530] GC(5)   Evacuate Collection Set: 14.9ms
[2026-02-10T21:58:09.620+0530] GC(5)   Post Evacuate Collection Set: 0.8ms
[2026-02-10T21:58:09.620+0530] GC(5)   Other: 0.3ms
[2026-02-10T21:58:09.620+0530] GC(5) Eden regions: 107->0(14)
[2026-02-10T21:58:09.620+0530] GC(5) Survivor regions: 7->11(23)
[2026-02-10T21:58:09.620+0530] GC(5) Old regions: 15->15
[2026-02-10T21:58:09.620+0530] GC(5) Archive regions: 0->0
[2026-02-10T21:58:09.621+0530] GC(5) Humongous regions: 5->5
[2026-02-10T21:58:09.621+0530] GC(5) Metaspace: 35577K(36096K)->35577K(36096K) NonClass: 31634K(31872K)->31634K(31872K) Class: 3942K(4224K)->3942K(4224K)
[2026-02-10T21:58:09.621+0530] GC(5) Pause Young (Prepare Mixed) (Metadata GC Threshold) 132M->30M(512M) 16.545ms
[2026-02-10T21:58:09.621+0530] GC(5) User=0.03s Sys=0.03s Real=0.02s
[2026-02-10T21:58:10.108+0530] GC(6) Pause Young (Mixed) (Metadata GC Threshold)
[2026-02-10T21:58:10.109+0530] GC(6) Using 4 workers of 4 for evacuation
[2026-02-10T21:58:10.130+0530] GC(6)   Pre Evacuate Collection Set: 0.2ms
[2026-02-10T21:58:10.130+0530] GC(6)   Merge Heap Roots: 0.2ms
[2026-02-10T21:58:10.130+0530] GC(6)   Evacuate Collection Set: 20.6ms
[2026-02-10T21:58:10.130+0530] GC(6)   Post Evacuate Collection Set: 0.8ms
[2026-02-10T21:58:10.130+0530] GC(6)   Other: 0.3ms
[2026-02-10T21:58:10.130+0530] GC(6) Eden regions: 3->0(305)
[2026-02-10T21:58:10.130+0530] GC(6) Survivor regions: 11->2(4)
[2026-02-10T21:58:10.130+0530] GC(6) Old regions: 15->25
[2026-02-10T21:58:10.130+0530] GC(6) Archive regions: 0->0
[2026-02-10T21:58:10.131+0530] GC(6) Humongous regions: 5->5
[2026-02-10T21:58:10.131+0530] GC(6) Metaspace: 35897K(36416K)->35897K(36416K) NonClass: 31939K(32192K)->31939K(32192K) Class: 3958K(4224K)->3958K(4224K)
[2026-02-10T21:58:10.131+0530] GC(6) Pause Young (Mixed) (Metadata GC Threshold) 32M->30M(512M) 22.480ms
[2026-02-10T21:58:10.131+0530] GC(6) User=0.08s Sys=0.03s Real=0.02s
[2026-02-10T21:58:11.311+0530] GC(7) Pause Young (Concurrent Start) (Metadata GC Threshold)
[2026-02-10T21:58:11.311+0530] GC(7) Using 4 workers of 4 for evacuation
[2026-02-10T21:58:11.314+0530] GC(7)   Pre Evacuate Collection Set: 0.1ms
[2026-02-10T21:58:11.315+0530] GC(7)   Merge Heap Roots: 0.1ms
[2026-02-10T21:58:11.315+0530] GC(7)   Evacuate Collection Set: 2.2ms
[2026-02-10T21:58:11.315+0530] GC(7)   Post Evacuate Collection Set: 0.6ms
[2026-02-10T21:58:11.315+0530] GC(7)   Other: 0.3ms
[2026-02-10T21:58:11.315+0530] GC(7) Eden regions: 6->0(306)
[2026-02-10T21:58:11.315+0530] GC(7) Survivor regions: 2->1(39)
[2026-02-10T21:58:11.315+0530] GC(7) Old regions: 25->25
[2026-02-10T21:58:11.315+0530] GC(7) Archive regions: 0->0
[2026-02-10T21:58:11.315+0530] GC(7) Humongous regions: 5->5
[2026-02-10T21:58:11.315+0530] GC(7) Metaspace: 36273K(36736K)->36273K(36736K) NonClass: 32291K(32512K)->32291K(32512K) Class: 3982K(4224K)->3982K(4224K)
[2026-02-10T21:58:11.315+0530] GC(7) Pause Young (Concurrent Start) (Metadata GC Threshold) 36M->30M(512M) 3.661ms
[2026-02-10T21:58:11.315+0530] GC(7) User=0.00s Sys=0.00s Real=0.00s
[2026-02-10T21:58:11.315+0530] GC(8) Concurrent Mark Cycle
[2026-02-10T21:58:11.315+0530] GC(8) Concurrent Clear Claimed Marks
[2026-02-10T21:58:11.315+0530] GC(8) Concurrent Clear Claimed Marks 0.049ms
[2026-02-10T21:58:11.315+0530] GC(8) Concurrent Scan Root Regions
[2026-02-10T21:58:11.318+0530] GC(8) Concurrent Scan Root Regions 2.550ms
[2026-02-10T21:58:11.318+0530] GC(8) Concurrent Mark
[2026-02-10T21:58:11.318+0530] GC(8) Concurrent Mark From Roots
[2026-02-10T21:58:11.318+0530] GC(8) Using 1 workers of 1 for marking
[2026-02-10T21:58:11.392+0530] GC(8) Concurrent Mark From Roots 74.275ms
[2026-02-10T21:58:11.392+0530] GC(8) Concurrent Preclean
[2026-02-10T21:58:11.392+0530] GC(8) Concurrent Preclean 0.105ms
[2026-02-10T21:58:11.426+0530] GC(8) Pause Remark
[2026-02-10T21:58:11.454+0530] GC(8) Pause Remark 30M->30M(512M) 27.941ms
[2026-02-10T21:58:11.454+0530] GC(8) User=0.03s Sys=0.00s Real=0.03s
[2026-02-10T21:58:11.507+0530] GC(8) Concurrent Mark 189.121ms
[2026-02-10T21:58:11.507+0530] GC(8) Concurrent Rebuild Remembered Sets
[2026-02-10T21:58:11.537+0530] GC(8) Concurrent Rebuild Remembered Sets 30.482ms
[2026-02-10T21:58:11.538+0530] GC(8) Pause Cleanup
[2026-02-10T21:58:11.538+0530] GC(8) Pause Cleanup 30M->30M(512M) 0.214ms
[2026-02-10T21:58:11.538+0530] GC(8) User=0.00s Sys=0.00s Real=0.00s
[2026-02-10T21:58:11.538+0530] GC(8) Concurrent Cleanup for Next Mark
[2026-02-10T21:58:11.544+0530] GC(8) Concurrent Cleanup for Next Mark 6.176ms
[2026-02-10T21:58:11.545+0530] GC(8) Concurrent Mark Cycle 229.580ms
[2026-02-10T21:58:16.328+0530] Heap
[2026-02-10T21:58:16.328+0530]  garbage-first heap   total 524288K, used 159662K [0x00000000e0000000, 0x0000000100000000)
[2026-02-10T21:58:16.328+0530]   region size 1024K, 127 young (130048K), 1 survivors (1024K)
[2026-02-10T21:58:16.328+0530]  Metaspace       used 36699K, committed 37184K, reserved 1114112K
[2026-02-10T21:58:16.328+0530]   class space    used 3997K, committed 4224K, reserved 1048576K
