[2026-02-10T17:37:11.542+0530] Using G1
[2026-02-10T17:37:11.547+0530] Version: 17.0.12+8-LTS-286 (release)
[2026-02-10T17:37:11.547+0530] CPUs: 8 total, 4 available
[2026-02-10T17:37:11.547+0530] Memory: 7914M
[2026-02-10T17:37:11.547+0530] Large Page Support: Disabled
[2026-02-10T17:37:11.547+0530] NUMA Support: Disabled
[2026-02-10T17:37:11.549+0530] Compressed Oops: Enabled (32-bit)
[2026-02-10T17:37:11.549+0530] Heap Region Size: 1M
[2026-02-10T17:37:11.549+0530] Heap Min Capacity: 256M
[2026-02-10T17:37:11.549+0530] Heap Initial Capacity: 256M
[2026-02-10T17:37:11.549+0530] Heap Max Capacity: 256M
[2026-02-10T17:37:11.549+0530] Pre-touch: Disabled
[2026-02-10T17:37:11.549+0530] Parallel Workers: 4
[2026-02-10T17:37:11.549+0530] Concurrent Workers: 1
[2026-02-10T17:37:11.549+0530] Concurrent Refinement Workers: 4
[2026-02-10T17:37:11.549+0530] Periodic GC: Disabled
[2026-02-10T17:37:11.567+0530] CDS archive(s) mapped at: [0x000002a558000000-0x000002a558bd0000-0x000002a558bd0000), size 12386304, SharedBaseAddress: 0x000002a558000000, ArchiveRelocationMode: 1.
[2026-02-10T17:37:11.569+0530] Compressed class space mapped at: 0x000002a559000000-0x000002a599000000, reserved size: 1073741824
[2026-02-10T17:37:11.569+0530] Narrow klass base: 0x000002a558000000, Narrow klass shift: 0, Narrow klass range: 0x100000000
[2026-02-10T17:37:12.559+0530] GC(0) Pause Young (Normal) (G1 Evacuation Pause)
[2026-02-10T17:37:12.559+0530] GC(0) Using 4 workers of 4 for evacuation
[2026-02-10T17:37:12.566+0530] GC(0)   Pre Evacuate Collection Set: 0.1ms
[2026-02-10T17:37:12.566+0530] GC(0)   Merge Heap Roots: 0.1ms
[2026-02-10T17:37:12.566+0530] GC(0)   Evacuate Collection Set: 6.7ms
[2026-02-10T17:37:12.566+0530] GC(0)   Post Evacuate Collection Set: 0.5ms
[2026-02-10T17:37:12.566+0530] GC(0)   Other: 0.5ms
[2026-02-10T17:37:12.566+0530] GC(0) Eden regions: 13->0(13)
[2026-02-10T17:37:12.566+0530] GC(0) Survivor regions: 0->2(2)
[2026-02-10T17:37:12.566+0530] GC(0) Old regions: 0->3
[2026-02-10T17:37:12.566+0530] GC(0) Archive regions: 0->0
[2026-02-10T17:37:12.566+0530] GC(0) Humongous regions: 5->5
[2026-02-10T17:37:12.567+0530] GC(0) Metaspace: 4451K(4672K)->4451K(4672K) NonClass: 3971K(4096K)->3971K(4096K) Class: 480K(576K)->480K(576K)
[2026-02-10T17:37:12.567+0530] GC(0) Pause Young (Normal) (G1 Evacuation Pause) 18M->9M(256M) 8.223ms
[2026-02-10T17:37:12.567+0530] GC(0) User=0.00s Sys=0.06s Real=0.01s
[2026-02-10T17:37:12.851+0530] GC(1) Pause Young (Normal) (G1 Evacuation Pause)
[2026-02-10T17:37:12.851+0530] GC(1) Using 4 workers of 4 for evacuation
[2026-02-10T17:37:12.863+0530] GC(1)   Pre Evacuate Collection Set: 0.1ms
[2026-02-10T17:37:12.863+0530] GC(1)   Merge Heap Roots: 0.1ms
[2026-02-10T17:37:12.863+0530] GC(1)   Evacuate Collection Set: 11.6ms
[2026-02-10T17:37:12.863+0530] GC(1)   Post Evacuate Collection Set: 0.4ms
[2026-02-10T17:37:12.863+0530] GC(1)   Other: 0.3ms
[2026-02-10T17:37:12.863+0530] GC(1) Eden regions: 13->0(19)
[2026-02-10T17:37:12.863+0530] GC(1) Survivor regions: 2->2(2)
[2026-02-10T17:37:12.863+0530] GC(1) Old regions: 3->6
[2026-02-10T17:37:12.863+0530] GC(1) Archive regions: 0->0
[2026-02-10T17:37:12.864+0530] GC(1) Humongous regions: 5->5
[2026-02-10T17:37:12.864+0530] GC(1) Metaspace: 6005K(6144K)->6005K(6144K) NonClass: 5347K(5440K)->5347K(5440K) Class: 657K(704K)->657K(704K)
[2026-02-10T17:37:12.864+0530] GC(1) Pause Young (Normal) (G1 Evacuation Pause) 22M->12M(256M) 12.755ms
[2026-02-10T17:37:12.864+0530] GC(1) User=0.05s Sys=0.02s Real=0.01s
[2026-02-10T17:37:13.910+0530] GC(2) Pause Young (Normal) (G1 Evacuation Pause)
[2026-02-10T17:37:13.910+0530] GC(2) Using 4 workers of 4 for evacuation
[2026-02-10T17:37:13.915+0530] GC(2)   Pre Evacuate Collection Set: 0.1ms
[2026-02-10T17:37:13.916+0530] GC(2)   Merge Heap Roots: 0.1ms
[2026-02-10T17:37:13.916+0530] GC(2)   Evacuate Collection Set: 5.8ms
[2026-02-10T17:37:13.916+0530] GC(2)   Post Evacuate Collection Set: 0.4ms
[2026-02-10T17:37:13.916+0530] GC(2)   Other: 0.1ms
[2026-02-10T17:37:13.916+0530] GC(2) Eden regions: 19->0(95)
[2026-02-10T17:37:13.916+0530] GC(2) Survivor regions: 2->2(3)
[2026-02-10T17:37:13.916+0530] GC(2) Old regions: 6->8
[2026-02-10T17:37:13.916+0530] GC(2) Archive regions: 0->0
[2026-02-10T17:37:13.916+0530] GC(2) Humongous regions: 5->5
[2026-02-10T17:37:13.916+0530] GC(2) Metaspace: 11720K(11968K)->11720K(11968K) NonClass: 10396K(10496K)->10396K(10496K) Class: 1324K(1472K)->1324K(1472K)
[2026-02-10T17:37:13.916+0530] GC(2) Pause Young (Normal) (G1 Evacuation Pause) 31M->14M(256M) 6.809ms
[2026-02-10T17:37:13.916+0530] GC(2) User=0.00s Sys=0.00s Real=0.01s
[2026-02-10T17:37:16.374+0530] GC(3) Pause Young (Concurrent Start) (Metadata GC Threshold)
[2026-02-10T17:37:16.374+0530] GC(3) Using 4 workers of 4 for evacuation
[2026-02-10T17:37:16.386+0530] GC(3)   Pre Evacuate Collection Set: 0.1ms
[2026-02-10T17:37:16.386+0530] GC(3)   Merge Heap Roots: 0.1ms
[2026-02-10T17:37:16.386+0530] GC(3)   Evacuate Collection Set: 11.0ms
[2026-02-10T17:37:16.386+0530] GC(3)   Post Evacuate Collection Set: 0.6ms
[2026-02-10T17:37:16.386+0530] GC(3)   Other: 0.3ms
[2026-02-10T17:37:16.386+0530] GC(3) Eden regions: 62->0(71)
[2026-02-10T17:37:16.386+0530] GC(3) Survivor regions: 2->13(13)
[2026-02-10T17:37:16.386+0530] GC(3) Old regions: 8->8
[2026-02-10T17:37:16.386+0530] GC(3) Archive regions: 0->0
[2026-02-10T17:37:16.386+0530] GC(3) Humongous regions: 5->5
[2026-02-10T17:37:16.386+0530] GC(3) Metaspace: 21228K(21504K)->21228K(21504K) NonClass: 19072K(19200K)->19072K(19200K) Class: 2156K(2304K)->2156K(2304K)
[2026-02-10T17:37:16.386+0530] GC(3) Pause Young (Concurrent Start) (Metadata GC Threshold) 75M->25M(256M) 12.488ms
[2026-02-10T17:37:16.386+0530] GC(3) User=0.00s Sys=0.00s Real=0.01s
[2026-02-10T17:37:16.386+0530] GC(4) Concurrent Mark Cycle
[2026-02-10T17:37:16.386+0530] GC(4) Concurrent Clear Claimed Marks
[2026-02-10T17:37:16.387+0530] GC(4) Concurrent Clear Claimed Marks 0.043ms
[2026-02-10T17:37:16.387+0530] GC(4) Concurrent Scan Root Regions
[2026-02-10T17:37:16.392+0530] GC(4) Concurrent Scan Root Regions 5.644ms
[2026-02-10T17:37:16.392+0530] GC(4) Concurrent Mark
[2026-02-10T17:37:16.392+0530] GC(4) Concurrent Mark From Roots
[2026-02-10T17:37:16.392+0530] GC(4) Using 1 workers of 1 for marking
[2026-02-10T17:37:16.420+0530] GC(4) Concurrent Mark From Roots 27.480ms
[2026-02-10T17:37:16.420+0530] GC(4) Concurrent Preclean
[2026-02-10T17:37:16.420+0530] GC(4) Concurrent Preclean 0.088ms
[2026-02-10T17:37:16.420+0530] GC(4) Pause Remark
[2026-02-10T17:37:16.425+0530] GC(4) Pause Remark 25M->25M(256M) 4.998ms
[2026-02-10T17:37:16.425+0530] GC(4) User=0.05s Sys=0.00s Real=0.00s
[2026-02-10T17:37:16.425+0530] GC(4) Concurrent Mark 33.319ms
[2026-02-10T17:37:16.425+0530] GC(4) Concurrent Rebuild Remembered Sets
[2026-02-10T17:37:16.438+0530] GC(4) Concurrent Rebuild Remembered Sets 13.123ms
[2026-02-10T17:37:16.439+0530] GC(4) Pause Cleanup
[2026-02-10T17:37:16.439+0530] GC(4) Pause Cleanup 25M->25M(256M) 0.138ms
[2026-02-10T17:37:16.439+0530] GC(4) User=0.00s Sys=0.00s Real=0.00s
[2026-02-10T17:37:16.440+0530] GC(4) Concurrent Cleanup for Next Mark
[2026-02-10T17:37:16.442+0530] GC(4) Concurrent Cleanup for Next Mark 3.139ms
[2026-02-10T17:37:16.442+0530] GC(4) Concurrent Mark Cycle 56.389ms
[2026-02-10T17:37:18.705+0530] GC(5) Pause Young (Normal) (G1 Evacuation Pause)
[2026-02-10T17:37:18.705+0530] GC(5) Using 4 workers of 4 for evacuation
[2026-02-10T17:37:18.719+0530] GC(5)   Pre Evacuate Collection Set: 0.1ms
[2026-02-10T17:37:18.719+0530] GC(5)   Merge Heap Roots: 0.1ms
[2026-02-10T17:37:18.719+0530] GC(5)   Evacuate Collection Set: 13.7ms
[2026-02-10T17:37:18.719+0530] GC(5)   Post Evacuate Collection Set: 0.5ms
[2026-02-10T17:37:18.719+0530] GC(5)   Other: 0.2ms
[2026-02-10T17:37:18.719+0530] GC(5) Eden regions: 71->0(149)
[2026-02-10T17:37:18.719+0530] GC(5) Survivor regions: 13->4(11)
[2026-02-10T17:37:18.719+0530] GC(5) Old regions: 8->20
[2026-02-10T17:37:18.719+0530] GC(5) Archive regions: 0->0
[2026-02-10T17:37:18.719+0530] GC(5) Humongous regions: 5->5
[2026-02-10T17:37:18.720+0530] GC(5) Metaspace: 27899K(28352K)->27899K(28352K) NonClass: 24906K(25152K)->24906K(25152K) Class: 2993K(3200K)->2993K(3200K)
[2026-02-10T17:37:18.720+0530] GC(5) Pause Young (Normal) (G1 Evacuation Pause) 96M->27M(256M) 14.840ms
[2026-02-10T17:37:18.720+0530] GC(5) User=0.03s Sys=0.03s Real=0.02s
[2026-02-10T17:37:19.598+0530] GC(6) Pause Young (Concurrent Start) (Metadata GC Threshold)
[2026-02-10T17:37:19.598+0530] GC(6) Using 4 workers of 4 for evacuation
[2026-02-10T17:37:19.604+0530] GC(6)   Pre Evacuate Collection Set: 0.1ms
[2026-02-10T17:37:19.604+0530] GC(6)   Merge Heap Roots: 0.1ms
[2026-02-10T17:37:19.604+0530] GC(6)   Evacuate Collection Set: 5.5ms
[2026-02-10T17:37:19.604+0530] GC(6)   Post Evacuate Collection Set: 0.5ms
[2026-02-10T17:37:19.605+0530] GC(6)   Other: 0.2ms
[2026-02-10T17:37:19.605+0530] GC(6) Eden regions: 38->0(147)
[2026-02-10T17:37:19.605+0530] GC(6) Survivor regions: 4->6(20)
[2026-02-10T17:37:19.605+0530] GC(6) Old regions: 20->20
[2026-02-10T17:37:19.605+0530] GC(6) Archive regions: 0->0
[2026-02-10T17:37:19.605+0530] GC(6) Humongous regions: 5->5
[2026-02-10T17:37:19.605+0530] GC(6) Metaspace: 35442K(35968K)->35442K(35968K) NonClass: 31506K(31744K)->31506K(31744K) Class: 3936K(4224K)->3936K(4224K)
[2026-02-10T17:37:19.605+0530] GC(6) Pause Young (Concurrent Start) (Metadata GC Threshold) 65M->29M(256M) 6.588ms
[2026-02-10T17:37:19.605+0530] GC(6) User=0.00s Sys=0.00s Real=0.01s
[2026-02-10T17:37:19.605+0530] GC(7) Concurrent Mark Cycle
[2026-02-10T17:37:19.605+0530] GC(7) Concurrent Clear Claimed Marks
[2026-02-10T17:37:19.605+0530] GC(7) Concurrent Clear Claimed Marks 0.046ms
[2026-02-10T17:37:19.605+0530] GC(7) Concurrent Scan Root Regions
[2026-02-10T17:37:19.613+0530] GC(7) Concurrent Scan Root Regions 8.074ms
[2026-02-10T17:37:19.613+0530] GC(7) Concurrent Mark
[2026-02-10T17:37:19.613+0530] GC(7) Concurrent Mark From Roots
[2026-02-10T17:37:19.613+0530] GC(7) Using 1 workers of 1 for marking
[2026-02-10T17:37:19.649+0530] GC(7) Concurrent Mark From Roots 35.814ms
[2026-02-10T17:37:19.649+0530] GC(7) Concurrent Preclean
[2026-02-10T17:37:19.649+0530] GC(7) Concurrent Preclean 0.081ms
[2026-02-10T17:37:19.649+0530] GC(7) Pause Remark
[2026-02-10T17:37:19.661+0530] GC(7) Pause Remark 30M->30M(256M) 11.456ms
[2026-02-10T17:37:19.661+0530] GC(7) User=0.05s Sys=0.00s Real=0.01s
[2026-02-10T17:37:19.661+0530] GC(7) Concurrent Mark 47.833ms
[2026-02-10T17:37:19.661+0530] GC(7) Concurrent Rebuild Remembered Sets
[2026-02-10T17:37:19.675+0530] GC(7) Concurrent Rebuild Remembered Sets 14.432ms
[2026-02-10T17:37:19.675+0530] GC(7) Pause Cleanup
[2026-02-10T17:37:19.676+0530] GC(7) Pause Cleanup 30M->30M(256M) 0.136ms
[2026-02-10T17:37:19.676+0530] GC(7) User=0.00s Sys=0.00s Real=0.00s
[2026-02-10T17:37:19.677+0530] GC(7) Concurrent Cleanup for Next Mark
[2026-02-10T17:37:19.680+0530] GC(7) Concurrent Cleanup for Next Mark 2.567ms
[2026-02-10T17:37:19.680+0530] GC(7) Concurrent Mark Cycle 75.176ms
[2026-02-10T17:37:23.371+0530] Heap
[2026-02-10T17:37:23.371+0530]  garbage-first heap   total 262144K, used 163782K [0x00000000f0000000, 0x0000000100000000)
[2026-02-10T17:37:23.371+0530]   region size 1024K, 137 young (140288K), 6 survivors (6144K)
[2026-02-10T17:37:23.371+0530]  Metaspace       used 36716K, committed 37184K, reserved 1114112K
[2026-02-10T17:37:23.371+0530]   class space    used 3998K, committed 4224K, reserved 1048576K
