[2026-02-10T17:35:55.176+0530] Using G1
[2026-02-10T17:35:55.179+0530] Version: 17.0.12+8-LTS-286 (release)
[2026-02-10T17:35:55.179+0530] CPUs: 8 total, 4 available
[2026-02-10T17:35:55.179+0530] Memory: 7914M
[2026-02-10T17:35:55.179+0530] Large Page Support: Disabled
[2026-02-10T17:35:55.179+0530] NUMA Support: Disabled
[2026-02-10T17:35:55.179+0530] Compressed Oops: Enabled (32-bit)
[2026-02-10T17:35:55.179+0530] Heap Region Size: 1M
[2026-02-10T17:35:55.179+0530] Heap Min Capacity: 128M
[2026-02-10T17:35:55.179+0530] Heap Initial Capacity: 128M
[2026-02-10T17:35:55.179+0530] Heap Max Capacity: 128M
[2026-02-10T17:35:55.179+0530] Pre-touch: Disabled
[2026-02-10T17:35:55.179+0530] Parallel Workers: 4
[2026-02-10T17:35:55.179+0530] Concurrent Workers: 1
[2026-02-10T17:35:55.179+0530] Concurrent Refinement Workers: 4
[2026-02-10T17:35:55.179+0530] Periodic GC: Disabled
[2026-02-10T17:35:55.194+0530] CDS archive(s) mapped at: [0x0000023797000000-0x0000023797bd0000-0x0000023797bd0000), size 12386304, SharedBaseAddress: 0x0000023797000000, ArchiveRelocationMode: 1.
[2026-02-10T17:35:55.194+0530] Compressed class space mapped at: 0x0000023798000000-0x00000237d8000000, reserved size: 1073741824
[2026-02-10T17:35:55.194+0530] Narrow klass base: 0x0000023797000000, Narrow klass shift: 0, Narrow klass range: 0x100000000
[2026-02-10T17:35:55.788+0530] GC(0) Pause Young (Normal) (G1 Evacuation Pause)
[2026-02-10T17:35:55.788+0530] GC(0) Using 3 workers of 4 for evacuation
[2026-02-10T17:35:55.795+0530] GC(0)   Pre Evacuate Collection Set: 0.1ms
[2026-02-10T17:35:55.795+0530] GC(0)   Merge Heap Roots: 0.1ms
[2026-02-10T17:35:55.795+0530] GC(0)   Evacuate Collection Set: 5.7ms
[2026-02-10T17:35:55.795+0530] GC(0)   Post Evacuate Collection Set: 0.5ms
[2026-02-10T17:35:55.795+0530] GC(0)   Other: 0.3ms
[2026-02-10T17:35:55.795+0530] GC(0) Eden regions: 13->0(13)
[2026-02-10T17:35:55.795+0530] GC(0) Survivor regions: 0->2(2)
[2026-02-10T17:35:55.795+0530] GC(0) Old regions: 0->3
[2026-02-10T17:35:55.795+0530] GC(0) Archive regions: 0->0
[2026-02-10T17:35:55.795+0530] GC(0) Humongous regions: 5->5
[2026-02-10T17:35:55.795+0530] GC(0) Metaspace: 4447K(4672K)->4447K(4672K) NonClass: 3967K(4096K)->3967K(4096K) Class: 480K(576K)->480K(576K)
[2026-02-10T17:35:55.795+0530] GC(0) Pause Young (Normal) (G1 Evacuation Pause) 18M->9M(128M) 6.923ms
[2026-02-10T17:35:55.795+0530] GC(0) User=0.00s Sys=0.00s Real=0.01s
[2026-02-10T17:35:55.979+0530] GC(1) Pause Young (Normal) (G1 Evacuation Pause)
[2026-02-10T17:35:55.979+0530] GC(1) Using 3 workers of 4 for evacuation
[2026-02-10T17:35:55.988+0530] GC(1)   Pre Evacuate Collection Set: 0.1ms
[2026-02-10T17:35:55.988+0530] GC(1)   Merge Heap Roots: 0.1ms
[2026-02-10T17:35:55.988+0530] GC(1)   Evacuate Collection Set: 8.1ms
[2026-02-10T17:35:55.988+0530] GC(1)   Post Evacuate Collection Set: 0.3ms
[2026-02-10T17:35:55.988+0530] GC(1)   Other: 0.2ms
[2026-02-10T17:35:55.988+0530] GC(1) Eden regions: 13->0(18)
[2026-02-10T17:35:55.988+0530] GC(1) Survivor regions: 2->2(2)
[2026-02-10T17:35:55.988+0530] GC(1) Old regions: 3->6
[2026-02-10T17:35:55.988+0530] GC(1) Archive regions: 0->0
[2026-02-10T17:35:55.988+0530] GC(1) Humongous regions: 5->5
[2026-02-10T17:35:55.988+0530] GC(1) Metaspace: 5998K(6144K)->5998K(6144K) NonClass: 5340K(5440K)->5340K(5440K) Class: 657K(704K)->657K(704K)
[2026-02-10T17:35:55.988+0530] GC(1) Pause Young (Normal) (G1 Evacuation Pause) 22M->12M(128M) 8.880ms
[2026-02-10T17:35:55.988+0530] GC(1) User=0.05s Sys=0.02s Real=0.01s
[2026-02-10T17:35:56.426+0530] GC(2) Pause Young (Normal) (G1 Evacuation Pause)
[2026-02-10T17:35:56.426+0530] GC(2) Using 3 workers of 4 for evacuation
[2026-02-10T17:35:56.431+0530] GC(2)   Pre Evacuate Collection Set: 0.0ms
[2026-02-10T17:35:56.431+0530] GC(2)   Merge Heap Roots: 0.0ms
[2026-02-10T17:35:56.431+0530] GC(2)   Evacuate Collection Set: 4.7ms
[2026-02-10T17:35:56.431+0530] GC(2)   Post Evacuate Collection Set: 0.3ms
[2026-02-10T17:35:56.431+0530] GC(2)   Other: 0.1ms
[2026-02-10T17:35:56.431+0530] GC(2) Eden regions: 18->0(70)
[2026-02-10T17:35:56.431+0530] GC(2) Survivor regions: 2->2(3)
[2026-02-10T17:35:56.431+0530] GC(2) Old regions: 6->8
[2026-02-10T17:35:56.431+0530] GC(2) Archive regions: 0->0
[2026-02-10T17:35:56.431+0530] GC(2) Humongous regions: 5->5
[2026-02-10T17:35:56.431+0530] GC(2) Metaspace: 11356K(11584K)->11356K(11584K) NonClass: 10074K(10176K)->10074K(10176K) Class: 1282K(1408K)->1282K(1408K)
[2026-02-10T17:35:56.431+0530] GC(2) Pause Young (Normal) (G1 Evacuation Pause) 30M->14M(128M) 5.532ms
[2026-02-10T17:35:56.431+0530] GC(2) User=0.00s Sys=0.00s Real=0.00s
[2026-02-10T17:35:58.066+0530] GC(3) Pause Young (Concurrent Start) (Metadata GC Threshold)
[2026-02-10T17:35:58.066+0530] GC(3) Using 3 workers of 4 for evacuation
[2026-02-10T17:35:58.079+0530] GC(3)   Pre Evacuate Collection Set: 0.1ms
[2026-02-10T17:35:58.079+0530] GC(3)   Merge Heap Roots: 0.1ms
[2026-02-10T17:35:58.079+0530] GC(3)   Evacuate Collection Set: 11.8ms
[2026-02-10T17:35:58.079+0530] GC(3)   Post Evacuate Collection Set: 0.7ms
[2026-02-10T17:35:58.079+0530] GC(3)   Other: 0.3ms
[2026-02-10T17:35:58.079+0530] GC(3) Eden regions: 63->0(56)
[2026-02-10T17:35:58.079+0530] GC(3) Survivor regions: 2->9(9)
[2026-02-10T17:35:58.079+0530] GC(3) Old regions: 8->12
[2026-02-10T17:35:58.079+0530] GC(3) Archive regions: 0->0
[2026-02-10T17:35:58.080+0530] GC(3) Humongous regions: 5->5
[2026-02-10T17:35:58.080+0530] GC(3) Metaspace: 21243K(21504K)->21243K(21504K) NonClass: 19083K(19200K)->19083K(19200K) Class: 2159K(2304K)->2159K(2304K)
[2026-02-10T17:35:58.080+0530] GC(3) Pause Young (Concurrent Start) (Metadata GC Threshold) 77M->26M(128M) 13.303ms
[2026-02-10T17:35:58.080+0530] GC(3) User=0.06s Sys=0.00s Real=0.01s
[2026-02-10T17:35:58.080+0530] GC(4) Concurrent Mark Cycle
[2026-02-10T17:35:58.080+0530] GC(4) Concurrent Clear Claimed Marks
[2026-02-10T17:35:58.080+0530] GC(4) Concurrent Clear Claimed Marks 0.055ms
[2026-02-10T17:35:58.080+0530] GC(4) Concurrent Scan Root Regions
[2026-02-10T17:35:58.086+0530] GC(4) Concurrent Scan Root Regions 5.698ms
[2026-02-10T17:35:58.086+0530] GC(4) Concurrent Mark
[2026-02-10T17:35:58.086+0530] GC(4) Concurrent Mark From Roots
[2026-02-10T17:35:58.086+0530] GC(4) Using 1 workers of 1 for marking
[2026-02-10T17:35:58.116+0530] GC(4) Concurrent Mark From Roots 30.029ms
[2026-02-10T17:35:58.116+0530] GC(4) Concurrent Preclean
[2026-02-10T17:35:58.116+0530] GC(4) Concurrent Preclean 0.095ms
[2026-02-10T17:35:58.116+0530] GC(4) Pause Remark
[2026-02-10T17:35:58.120+0530] GC(4) Pause Remark 26M->26M(128M) 3.833ms
[2026-02-10T17:35:58.120+0530] GC(4) User=0.00s Sys=0.00s Real=0.00s
[2026-02-10T17:35:58.120+0530] GC(4) Concurrent Mark 34.491ms
[2026-02-10T17:35:58.120+0530] GC(4) Concurrent Rebuild Remembered Sets
[2026-02-10T17:35:58.137+0530] GC(4) Concurrent Rebuild Remembered Sets 15.776ms
[2026-02-10T17:35:58.137+0530] GC(4) Pause Cleanup
[2026-02-10T17:35:58.137+0530] GC(4) Pause Cleanup 26M->26M(128M) 0.099ms
[2026-02-10T17:35:58.137+0530] GC(4) User=0.00s Sys=0.00s Real=0.00s
[2026-02-10T17:35:58.138+0530] GC(4) Concurrent Cleanup for Next Mark
[2026-02-10T17:35:58.139+0530] GC(4) Concurrent Cleanup for Next Mark 1.126ms
[2026-02-10T17:35:58.139+0530] GC(4) Concurrent Mark Cycle 58.725ms
[2026-02-10T17:35:59.822+0530] GC(5) Pause Young (Normal) (G1 Evacuation Pause)
[2026-02-10T17:35:59.822+0530] GC(5) Using 3 workers of 4 for evacuation
[2026-02-10T17:35:59.834+0530] GC(5)   Pre Evacuate Collection Set: 0.1ms
[2026-02-10T17:35:59.834+0530] GC(5)   Merge Heap Roots: 0.1ms
[2026-02-10T17:35:59.834+0530] GC(5)   Evacuate Collection Set: 10.6ms
[2026-02-10T17:35:59.834+0530] GC(5)   Post Evacuate Collection Set: 0.7ms
[2026-02-10T17:35:59.834+0530] GC(5)   Other: 0.2ms
[2026-02-10T17:35:59.834+0530] GC(5) Eden regions: 56->0(54)
[2026-02-10T17:35:59.834+0530] GC(5) Survivor regions: 9->4(9)
[2026-02-10T17:35:59.834+0530] GC(5) Old regions: 12->21
[2026-02-10T17:35:59.834+0530] GC(5) Archive regions: 0->0
[2026-02-10T17:35:59.834+0530] GC(5) Humongous regions: 5->5
[2026-02-10T17:35:59.834+0530] GC(5) Metaspace: 27643K(28096K)->27643K(28096K) NonClass: 24681K(24896K)->24681K(24896K) Class: 2962K(3200K)->2962K(3200K)
[2026-02-10T17:35:59.834+0530] GC(5) Pause Young (Normal) (G1 Evacuation Pause) 82M->28M(128M) 11.816ms
[2026-02-10T17:35:59.834+0530] GC(5) User=0.05s Sys=0.00s Real=0.01s
[2026-02-10T17:36:01.765+0530] GC(6) Pause Young (Concurrent Start) (Metadata GC Threshold)
[2026-02-10T17:36:01.765+0530] GC(6) Using 3 workers of 4 for evacuation
[2026-02-10T17:36:01.775+0530] GC(6)   Pre Evacuate Collection Set: 0.1ms
[2026-02-10T17:36:01.775+0530] GC(6)   Merge Heap Roots: 0.1ms
[2026-02-10T17:36:01.775+0530] GC(6)   Evacuate Collection Set: 8.3ms
[2026-02-10T17:36:01.775+0530] GC(6)   Post Evacuate Collection Set: 0.4ms
[2026-02-10T17:36:01.775+0530] GC(6)   Other: 0.2ms
[2026-02-10T17:36:01.775+0530] GC(6) Eden regions: 51->0(58)
[2026-02-10T17:36:01.775+0530] GC(6) Survivor regions: 4->6(8)
[2026-02-10T17:36:01.775+0530] GC(6) Old regions: 21->21
[2026-02-10T17:36:01.775+0530] GC(6) Archive regions: 0->0
[2026-02-10T17:36:01.775+0530] GC(6) Humongous regions: 5->5
[2026-02-10T17:36:01.775+0530] GC(6) Metaspace: 35616K(36096K)->35616K(36096K) NonClass: 31689K(31936K)->31689K(31936K) Class: 3927K(4160K)->3927K(4160K)
[2026-02-10T17:36:01.775+0530] GC(6) Pause Young (Concurrent Start) (Metadata GC Threshold) 78M->31M(128M) 9.309ms
[2026-02-10T17:36:01.775+0530] GC(6) User=0.00s Sys=0.00s Real=0.01s
[2026-02-10T17:36:01.775+0530] GC(7) Concurrent Mark Cycle
[2026-02-10T17:36:01.775+0530] GC(7) Concurrent Clear Claimed Marks
[2026-02-10T17:36:01.775+0530] GC(7) Concurrent Clear Claimed Marks 0.038ms
[2026-02-10T17:36:01.775+0530] GC(7) Concurrent Scan Root Regions
[2026-02-10T17:36:01.782+0530] GC(7) Concurrent Scan Root Regions 7.022ms
[2026-02-10T17:36:01.782+0530] GC(7) Concurrent Mark
[2026-02-10T17:36:01.782+0530] GC(7) Concurrent Mark From Roots
[2026-02-10T17:36:01.782+0530] GC(7) Using 1 workers of 1 for marking
[2026-02-10T17:36:01.815+0530] GC(7) Concurrent Mark From Roots 33.627ms
[2026-02-10T17:36:01.815+0530] GC(7) Concurrent Preclean
[2026-02-10T17:36:01.815+0530] GC(7) Concurrent Preclean 0.042ms
[2026-02-10T17:36:01.815+0530] GC(7) Pause Remark
[2026-02-10T17:36:01.826+0530] GC(7) Pause Remark 32M->32M(128M) 9.771ms
[2026-02-10T17:36:01.826+0530] GC(7) User=0.00s Sys=0.00s Real=0.01s
[2026-02-10T17:36:01.826+0530] GC(7) Concurrent Mark 43.752ms
[2026-02-10T17:36:01.826+0530] GC(7) Concurrent Rebuild Remembered Sets
[2026-02-10T17:36:01.839+0530] GC(7) Concurrent Rebuild Remembered Sets 13.103ms
[2026-02-10T17:36:01.839+0530] GC(7) Pause Cleanup
[2026-02-10T17:36:01.839+0530] GC(7) Pause Cleanup 32M->32M(128M) 0.092ms
[2026-02-10T17:36:01.839+0530] GC(7) User=0.00s Sys=0.00s Real=0.00s
[2026-02-10T17:36:01.839+0530] GC(7) Concurrent Cleanup for Next Mark
[2026-02-10T17:36:01.840+0530] GC(7) Concurrent Cleanup for Next Mark 1.030ms
[2026-02-10T17:36:01.840+0530] GC(7) Concurrent Mark Cycle 65.474ms
[2026-02-10T17:36:03.253+0530] GC(8) Pause Young (Normal) (G1 Evacuation Pause)
[2026-02-10T17:36:03.253+0530] GC(8) Using 3 workers of 4 for evacuation
[2026-02-10T17:36:03.273+0530] GC(8)   Pre Evacuate Collection Set: 0.0ms
[2026-02-10T17:36:03.273+0530] GC(8)   Merge Heap Roots: 0.1ms
[2026-02-10T17:36:03.273+0530] GC(8)   Evacuate Collection Set: 18.4ms
[2026-02-10T17:36:03.273+0530] GC(8)   Post Evacuate Collection Set: 0.6ms
[2026-02-10T17:36:03.273+0530] GC(8)   Other: 0.2ms
[2026-02-10T17:36:03.273+0530] GC(8) Eden regions: 58->0(55)
[2026-02-10T17:36:03.273+0530] GC(8) Survivor regions: 6->8(8)
[2026-02-10T17:36:03.273+0530] GC(8) Old regions: 21->25
[2026-02-10T17:36:03.273+0530] GC(8) Archive regions: 0->0
[2026-02-10T17:36:03.273+0530] GC(8) Humongous regions: 5->5
[2026-02-10T17:36:03.273+0530] GC(8) Metaspace: 36730K(37248K)->36730K(37248K) NonClass: 32757K(33024K)->32757K(33024K) Class: 3973K(4224K)->3973K(4224K)
[2026-02-10T17:36:03.273+0530] GC(8) Pause Young (Normal) (G1 Evacuation Pause) 89M->37M(128M) 19.532ms
[2026-02-10T17:36:03.273+0530] GC(8) User=0.06s Sys=0.00s Real=0.02s
[2026-02-10T17:36:03.967+0530] GC(9) Pause Young (Normal) (G1 Evacuation Pause)
[2026-02-10T17:36:03.967+0530] GC(9) Using 3 workers of 4 for evacuation
[2026-02-10T17:36:03.994+0530] GC(9)   Pre Evacuate Collection Set: 0.1ms
[2026-02-10T17:36:03.994+0530] GC(9)   Merge Heap Roots: 0.1ms
[2026-02-10T17:36:03.994+0530] GC(9)   Evacuate Collection Set: 26.3ms
[2026-02-10T17:36:03.994+0530] GC(9)   Post Evacuate Collection Set: 0.8ms
[2026-02-10T17:36:03.994+0530] GC(9)   Other: 0.1ms
[2026-02-10T17:36:03.994+0530] GC(9) Eden regions: 55->0(50)
[2026-02-10T17:36:03.994+0530] GC(9) Survivor regions: 8->8(8)
[2026-02-10T17:36:03.994+0530] GC(9) Old regions: 25->33
[2026-02-10T17:36:03.994+0530] GC(9) Archive regions: 0->0
[2026-02-10T17:36:03.994+0530] GC(9) Humongous regions: 5->5
[2026-02-10T17:36:03.995+0530] GC(9) Metaspace: 36816K(37312K)->36816K(37312K) NonClass: 32836K(33088K)->32836K(33088K) Class: 3979K(4224K)->3979K(4224K)
[2026-02-10T17:36:03.995+0530] GC(9) Pause Young (Normal) (G1 Evacuation Pause) 92M->45M(128M) 27.649ms
[2026-02-10T17:36:03.995+0530] GC(9) User=0.09s Sys=0.00s Real=0.03s
[2026-02-10T17:36:04.195+0530] Heap
[2026-02-10T17:36:04.195+0530]  garbage-first heap   total 131072K, used 66205K [0x00000000f8000000, 0x0000000100000000)
[2026-02-10T17:36:04.195+0530]   region size 1024K, 28 young (28672K), 8 survivors (8192K)
[2026-02-10T17:36:04.195+0530]  Metaspace       used 36897K, committed 37376K, reserved 1114112K
[2026-02-10T17:36:04.195+0530]   class space    used 3987K, committed 4224K, reserved 1048576K
