[2026-02-10T17:38:48.361+0530] Using G1
[2026-02-10T17:38:48.364+0530] Version: 17.0.12+8-LTS-286 (release)
[2026-02-10T17:38:48.364+0530] CPUs: 8 total, 4 available
[2026-02-10T17:38:48.364+0530] Memory: 7914M
[2026-02-10T17:38:48.364+0530] Large Page Support: Disabled
[2026-02-10T17:38:48.364+0530] NUMA Support: Disabled
[2026-02-10T17:38:48.364+0530] Compressed Oops: Enabled (32-bit)
[2026-02-10T17:38:48.364+0530] Heap Region Size: 1M
[2026-02-10T17:38:48.364+0530] Heap Min Capacity: 256M
[2026-02-10T17:38:48.364+0530] Heap Initial Capacity: 256M
[2026-02-10T17:38:48.364+0530] Heap Max Capacity: 256M
[2026-02-10T17:38:48.364+0530] Pre-touch: Disabled
[2026-02-10T17:38:48.364+0530] Parallel Workers: 4
[2026-02-10T17:38:48.364+0530] Concurrent Workers: 1
[2026-02-10T17:38:48.364+0530] Concurrent Refinement Workers: 4
[2026-02-10T17:38:48.364+0530] Periodic GC: Disabled
[2026-02-10T17:38:48.378+0530] CDS archive(s) mapped at: [0x000001bb8f000000-0x000001bb8fbd0000-0x000001bb8fbd0000), size 12386304, SharedBaseAddress: 0x000001bb8f000000, ArchiveRelocationMode: 1.
[2026-02-10T17:38:48.378+0530] Compressed class space mapped at: 0x000001bb90000000-0x000001bbd0000000, reserved size: 1073741824
[2026-02-10T17:38:48.378+0530] Narrow klass base: 0x000001bb8f000000, Narrow klass shift: 0, Narrow klass range: 0x100000000
[2026-02-10T17:38:49.074+0530] GC(0) Pause Young (Normal) (G1 Evacuation Pause)
[2026-02-10T17:38:49.074+0530] GC(0) Using 4 workers of 4 for evacuation
[2026-02-10T17:38:49.082+0530] GC(0)   Pre Evacuate Collection Set: 0.1ms
[2026-02-10T17:38:49.082+0530] GC(0)   Merge Heap Roots: 0.1ms
[2026-02-10T17:38:49.082+0530] GC(0)   Evacuate Collection Set: 6.5ms
[2026-02-10T17:38:49.082+0530] GC(0)   Post Evacuate Collection Set: 0.4ms
[2026-02-10T17:38:49.082+0530] GC(0)   Other: 0.6ms
[2026-02-10T17:38:49.082+0530] GC(0) Eden regions: 13->0(13)
[2026-02-10T17:38:49.082+0530] GC(0) Survivor regions: 0->2(2)
[2026-02-10T17:38:49.082+0530] GC(0) Old regions: 0->3
[2026-02-10T17:38:49.082+0530] GC(0) Archive regions: 0->0
[2026-02-10T17:38:49.082+0530] GC(0) Humongous regions: 5->5
[2026-02-10T17:38:49.082+0530] GC(0) Metaspace: 4461K(4672K)->4461K(4672K) NonClass: 3981K(4096K)->3981K(4096K) Class: 480K(576K)->480K(576K)
[2026-02-10T17:38:49.082+0530] GC(0) Pause Young (Normal) (G1 Evacuation Pause) 18M->9M(256M) 7.894ms
[2026-02-10T17:38:49.082+0530] GC(0) User=0.02s Sys=0.03s Real=0.01s
[2026-02-10T17:38:49.282+0530] GC(1) Pause Young (Normal) (G1 Evacuation Pause)
[2026-02-10T17:38:49.282+0530] GC(1) Using 4 workers of 4 for evacuation
[2026-02-10T17:38:49.291+0530] GC(1)   Pre Evacuate Collection Set: 0.1ms
[2026-02-10T17:38:49.291+0530] GC(1)   Merge Heap Roots: 0.1ms
[2026-02-10T17:38:49.291+0530] GC(1)   Evacuate Collection Set: 8.9ms
[2026-02-10T17:38:49.291+0530] GC(1)   Post Evacuate Collection Set: 0.3ms
[2026-02-10T17:38:49.291+0530] GC(1)   Other: 0.1ms
[2026-02-10T17:38:49.291+0530] GC(1) Eden regions: 13->0(18)
[2026-02-10T17:38:49.291+0530] GC(1) Survivor regions: 2->2(2)
[2026-02-10T17:38:49.291+0530] GC(1) Old regions: 3->6
[2026-02-10T17:38:49.291+0530] GC(1) Archive regions: 0->0
[2026-02-10T17:38:49.291+0530] GC(1) Humongous regions: 5->5
[2026-02-10T17:38:49.291+0530] GC(1) Metaspace: 5999K(6144K)->5999K(6144K) NonClass: 5341K(5440K)->5341K(5440K) Class: 657K(704K)->657K(704K)
[2026-02-10T17:38:49.291+0530] GC(1) Pause Young (Normal) (G1 Evacuation Pause) 22M->12M(256M) 9.712ms
[2026-02-10T17:38:49.291+0530] GC(1) User=0.00s Sys=0.00s Real=0.01s
[2026-02-10T17:38:49.788+0530] GC(2) Pause Young (Normal) (G1 Evacuation Pause)
[2026-02-10T17:38:49.788+0530] GC(2) Using 4 workers of 4 for evacuation
[2026-02-10T17:38:49.793+0530] GC(2)   Pre Evacuate Collection Set: 0.1ms
[2026-02-10T17:38:49.793+0530] GC(2)   Merge Heap Roots: 0.1ms
[2026-02-10T17:38:49.793+0530] GC(2)   Evacuate Collection Set: 4.6ms
[2026-02-10T17:38:49.793+0530] GC(2)   Post Evacuate Collection Set: 0.4ms
[2026-02-10T17:38:49.793+0530] GC(2)   Other: 0.2ms
[2026-02-10T17:38:49.793+0530] GC(2) Eden regions: 18->0(93)
[2026-02-10T17:38:49.794+0530] GC(2) Survivor regions: 2->2(3)
[2026-02-10T17:38:49.794+0530] GC(2) Old regions: 6->9
[2026-02-10T17:38:49.794+0530] GC(2) Archive regions: 0->0
[2026-02-10T17:38:49.794+0530] GC(2) Humongous regions: 5->5
[2026-02-10T17:38:49.794+0530] GC(2) Metaspace: 11352K(11584K)->11352K(11584K) NonClass: 10070K(10176K)->10070K(10176K) Class: 1281K(1408K)->1281K(1408K)
[2026-02-10T17:38:49.794+0530] GC(2) Pause Young (Normal) (G1 Evacuation Pause) 30M->14M(256M) 5.745ms
[2026-02-10T17:38:49.794+0530] GC(2) User=0.00s Sys=0.00s Real=0.01s
[2026-02-10T17:38:51.695+0530] GC(3) Pause Young (Concurrent Start) (Metadata GC Threshold)
[2026-02-10T17:38:51.695+0530] GC(3) Using 4 workers of 4 for evacuation
[2026-02-10T17:38:51.706+0530] GC(3)   Pre Evacuate Collection Set: 0.1ms
[2026-02-10T17:38:51.706+0530] GC(3)   Merge Heap Roots: 0.1ms
[2026-02-10T17:38:51.706+0530] GC(3)   Evacuate Collection Set: 9.6ms
[2026-02-10T17:38:51.706+0530] GC(3)   Post Evacuate Collection Set: 0.7ms
[2026-02-10T17:38:51.706+0530] GC(3)   Other: 0.3ms
[2026-02-10T17:38:51.706+0530] GC(3) Eden regions: 64->0(97)
[2026-02-10T17:38:51.706+0530] GC(3) Survivor regions: 2->12(12)
[2026-02-10T17:38:51.706+0530] GC(3) Old regions: 9->10
[2026-02-10T17:38:51.706+0530] GC(3) Archive regions: 0->0
[2026-02-10T17:38:51.706+0530] GC(3) Humongous regions: 5->5
[2026-02-10T17:38:51.706+0530] GC(3) Metaspace: 21262K(21504K)->21262K(21504K) NonClass: 19090K(19200K)->19090K(19200K) Class: 2172K(2304K)->2172K(2304K)
[2026-02-10T17:38:51.706+0530] GC(3) Pause Young (Concurrent Start) (Metadata GC Threshold) 78M->26M(256M) 11.045ms
[2026-02-10T17:38:51.706+0530] GC(3) User=0.05s Sys=0.00s Real=0.01s
[2026-02-10T17:38:51.706+0530] GC(4) Concurrent Mark Cycle
[2026-02-10T17:38:51.706+0530] GC(4) Concurrent Clear Claimed Marks
[2026-02-10T17:38:51.706+0530] GC(4) Concurrent Clear Claimed Marks 0.043ms
[2026-02-10T17:38:51.706+0530] GC(4) Concurrent Scan Root Regions
[2026-02-10T17:38:51.712+0530] GC(4) Concurrent Scan Root Regions 5.344ms
[2026-02-10T17:38:51.712+0530] GC(4) Concurrent Mark
[2026-02-10T17:38:51.712+0530] GC(4) Concurrent Mark From Roots
[2026-02-10T17:38:51.712+0530] GC(4) Using 1 workers of 1 for marking
[2026-02-10T17:38:51.736+0530] GC(4) Concurrent Mark From Roots 24.444ms
[2026-02-10T17:38:51.736+0530] GC(4) Concurrent Preclean
[2026-02-10T17:38:51.737+0530] GC(4) Concurrent Preclean 0.070ms
[2026-02-10T17:38:51.737+0530] GC(4) Pause Remark
[2026-02-10T17:38:51.742+0530] GC(4) Pause Remark 26M->26M(256M) 4.757ms
[2026-02-10T17:38:51.742+0530] GC(4) User=0.00s Sys=0.00s Real=0.01s
[2026-02-10T17:38:51.743+0530] GC(4) Concurrent Mark 30.455ms
[2026-02-10T17:38:51.743+0530] GC(4) Concurrent Rebuild Remembered Sets
[2026-02-10T17:38:51.757+0530] GC(4) Concurrent Rebuild Remembered Sets 14.844ms
[2026-02-10T17:38:51.757+0530] GC(4) Pause Cleanup
[2026-02-10T17:38:51.757+0530] GC(4) Pause Cleanup 26M->26M(256M) 0.113ms
[2026-02-10T17:38:51.757+0530] GC(4) User=0.00s Sys=0.00s Real=0.00s
[2026-02-10T17:38:51.759+0530] GC(4) Concurrent Cleanup for Next Mark
[2026-02-10T17:38:51.761+0530] GC(4) Concurrent Cleanup for Next Mark 2.021ms
[2026-02-10T17:38:51.761+0530] GC(4) Concurrent Mark Cycle 54.300ms
[2026-02-10T17:38:54.484+0530] GC(5) Pause Young (Normal) (G1 Evacuation Pause)
[2026-02-10T17:38:54.484+0530] GC(5) Using 4 workers of 4 for evacuation
[2026-02-10T17:38:54.504+0530] GC(5)   Pre Evacuate Collection Set: 0.1ms
[2026-02-10T17:38:54.504+0530] GC(5)   Merge Heap Roots: 0.1ms
[2026-02-10T17:38:54.504+0530] GC(5)   Evacuate Collection Set: 18.4ms
[2026-02-10T17:38:54.504+0530] GC(5)   Post Evacuate Collection Set: 0.8ms
[2026-02-10T17:38:54.504+0530] GC(5)   Other: 0.2ms
[2026-02-10T17:38:54.504+0530] GC(5) Eden regions: 105->0(136)
[2026-02-10T17:38:54.504+0530] GC(5) Survivor regions: 12->6(15)
[2026-02-10T17:38:54.504+0530] GC(5) Old regions: 10->21
[2026-02-10T17:38:54.504+0530] GC(5) Archive regions: 0->0
[2026-02-10T17:38:54.504+0530] GC(5) Humongous regions: 5->5
[2026-02-10T17:38:54.504+0530] GC(5) Metaspace: 35127K(35648K)->35127K(35648K) NonClass: 31231K(31488K)->31231K(31488K) Class: 3896K(4160K)->3896K(4160K)
[2026-02-10T17:38:54.504+0530] GC(5) Pause Young (Normal) (G1 Evacuation Pause) 131M->30M(256M) 19.864ms
[2026-02-10T17:38:54.504+0530] GC(5) User=0.05s Sys=0.02s Real=0.02s
[2026-02-10T17:38:55.240+0530] GC(6) Pause Young (Concurrent Start) (Metadata GC Threshold)
[2026-02-10T17:38:55.240+0530] GC(6) Using 4 workers of 4 for evacuation
[2026-02-10T17:38:55.251+0530] GC(6)   Pre Evacuate Collection Set: 0.2ms
[2026-02-10T17:38:55.251+0530] GC(6)   Merge Heap Roots: 0.1ms
[2026-02-10T17:38:55.251+0530] GC(6)   Evacuate Collection Set: 10.2ms
[2026-02-10T17:38:55.251+0530] GC(6)   Post Evacuate Collection Set: 0.5ms
[2026-02-10T17:38:55.251+0530] GC(6)   Other: 0.3ms
[2026-02-10T17:38:55.251+0530] GC(6) Eden regions: 3->0(147)
[2026-02-10T17:38:55.251+0530] GC(6) Survivor regions: 6->6(18)
[2026-02-10T17:38:55.251+0530] GC(6) Old regions: 21->21
[2026-02-10T17:38:55.251+0530] GC(6) Archive regions: 0->0
[2026-02-10T17:38:55.251+0530] GC(6) Humongous regions: 5->5
[2026-02-10T17:38:55.252+0530] GC(6) Metaspace: 35624K(36160K)->35624K(36160K) NonClass: 31686K(31936K)->31686K(31936K) Class: 3938K(4224K)->3938K(4224K)
[2026-02-10T17:38:55.252+0530] GC(6) Pause Young (Concurrent Start) (Metadata GC Threshold) 33M->30M(256M) 11.577ms
[2026-02-10T17:38:55.252+0530] GC(6) User=0.06s Sys=0.00s Real=0.01s
[2026-02-10T17:38:55.252+0530] GC(7) Concurrent Mark Cycle
[2026-02-10T17:38:55.252+0530] GC(7) Concurrent Clear Claimed Marks
[2026-02-10T17:38:55.252+0530] GC(7) Concurrent Clear Claimed Marks 0.053ms
[2026-02-10T17:38:55.252+0530] GC(7) Concurrent Scan Root Regions
[2026-02-10T17:38:55.262+0530] GC(7) Concurrent Scan Root Regions 9.645ms
[2026-02-10T17:38:55.262+0530] GC(7) Concurrent Mark
[2026-02-10T17:38:55.262+0530] GC(7) Concurrent Mark From Roots
[2026-02-10T17:38:55.262+0530] GC(7) Using 1 workers of 1 for marking
[2026-02-10T17:38:55.309+0530] GC(7) Concurrent Mark From Roots 47.646ms
[2026-02-10T17:38:55.309+0530] GC(7) Concurrent Preclean
[2026-02-10T17:38:55.309+0530] GC(7) Concurrent Preclean 0.109ms
[2026-02-10T17:38:55.309+0530] GC(7) Pause Remark
[2026-02-10T17:38:55.332+0530] GC(7) Pause Remark 31M->31M(256M) 21.684ms
[2026-02-10T17:38:55.332+0530] GC(7) User=0.05s Sys=0.03s Real=0.02s
[2026-02-10T17:38:55.332+0530] GC(7) Concurrent Mark 70.318ms
[2026-02-10T17:38:55.332+0530] GC(7) Concurrent Rebuild Remembered Sets
[2026-02-10T17:38:55.354+0530] GC(7) Concurrent Rebuild Remembered Sets 22.530ms
[2026-02-10T17:38:55.355+0530] GC(7) Pause Cleanup
[2026-02-10T17:38:55.356+0530] GC(7) Pause Cleanup 31M->31M(256M) 0.215ms
[2026-02-10T17:38:55.356+0530] GC(7) User=0.00s Sys=0.00s Real=0.00s
[2026-02-10T17:38:55.356+0530] GC(7) Concurrent Cleanup for Next Mark
[2026-02-10T17:38:55.359+0530] GC(7) Concurrent Cleanup for Next Mark 2.796ms
[2026-02-10T17:38:55.359+0530] GC(7) Concurrent Mark Cycle 107.019ms
[2026-02-10T17:38:58.453+0530] Heap
[2026-02-10T17:38:58.453+0530]  garbage-first heap   total 262144K, used 167249K [0x00000000f0000000, 0x0000000100000000)
[2026-02-10T17:38:58.453+0530]   region size 1024K, 139 young (142336K), 6 survivors (6144K)
[2026-02-10T17:38:58.453+0530]  Metaspace       used 36853K, committed 37376K, reserved 1114112K
[2026-02-10T17:38:58.453+0530]   class space    used 4000K, committed 4288K, reserved 1048576K
