[2026-02-10T17:35:11.907+0530] Using G1
[2026-02-10T17:35:11.909+0530] Version: 17.0.12+8-LTS-286 (release)
[2026-02-10T17:35:11.910+0530] CPUs: 8 total, 4 available
[2026-02-10T17:35:11.910+0530] Memory: 7914M
[2026-02-10T17:35:11.910+0530] Large Page Support: Disabled
[2026-02-10T17:35:11.910+0530] NUMA Support: Disabled
[2026-02-10T17:35:11.910+0530] Compressed Oops: Enabled (32-bit)
[2026-02-10T17:35:11.910+0530] Heap Region Size: 1M
[2026-02-10T17:35:11.910+0530] Heap Min Capacity: 128M
[2026-02-10T17:35:11.910+0530] Heap Initial Capacity: 128M
[2026-02-10T17:35:11.910+0530] Heap Max Capacity: 128M
[2026-02-10T17:35:11.910+0530] Pre-touch: Disabled
[2026-02-10T17:35:11.910+0530] Parallel Workers: 4
[2026-02-10T17:35:11.910+0530] Concurrent Workers: 1
[2026-02-10T17:35:11.910+0530] Concurrent Refinement Workers: 4
[2026-02-10T17:35:11.910+0530] Periodic GC: Disabled
[2026-02-10T17:35:11.925+0530] CDS archive(s) mapped at: [0x000001462a000000-0x000001462abd0000-0x000001462abd0000), size 12386304, SharedBaseAddress: 0x000001462a000000, ArchiveRelocationMode: 1.
[2026-02-10T17:35:11.925+0530] Compressed class space mapped at: 0x000001462b000000-0x000001466b000000, reserved size: 1073741824
[2026-02-10T17:35:11.925+0530] Narrow klass base: 0x000001462a000000, Narrow klass shift: 0, Narrow klass range: 0x100000000
[2026-02-10T17:35:12.552+0530] GC(0) Pause Young (Normal) (G1 Evacuation Pause)
[2026-02-10T17:35:12.552+0530] GC(0) Using 3 workers of 4 for evacuation
[2026-02-10T17:35:12.561+0530] GC(0)   Pre Evacuate Collection Set: 0.1ms
[2026-02-10T17:35:12.561+0530] GC(0)   Merge Heap Roots: 0.1ms
[2026-02-10T17:35:12.561+0530] GC(0)   Evacuate Collection Set: 7.7ms
[2026-02-10T17:35:12.561+0530] GC(0)   Post Evacuate Collection Set: 0.5ms
[2026-02-10T17:35:12.561+0530] GC(0)   Other: 0.4ms
[2026-02-10T17:35:12.561+0530] GC(0) Eden regions: 13->0(13)
[2026-02-10T17:35:12.561+0530] GC(0) Survivor regions: 0->2(2)
[2026-02-10T17:35:12.561+0530] GC(0) Old regions: 0->3
[2026-02-10T17:35:12.561+0530] GC(0) Archive regions: 0->0
[2026-02-10T17:35:12.561+0530] GC(0) Humongous regions: 5->5
[2026-02-10T17:35:12.561+0530] GC(0) Metaspace: 4444K(4672K)->4444K(4672K) NonClass: 3963K(4096K)->3963K(4096K) Class: 480K(576K)->480K(576K)
[2026-02-10T17:35:12.561+0530] GC(0) Pause Young (Normal) (G1 Evacuation Pause) 18M->9M(128M) 8.912ms
[2026-02-10T17:35:12.561+0530] GC(0) User=0.00s Sys=0.00s Real=0.01s
[2026-02-10T17:35:12.759+0530] GC(1) Pause Young (Normal) (G1 Evacuation Pause)
[2026-02-10T17:35:12.759+0530] GC(1) Using 3 workers of 4 for evacuation
[2026-02-10T17:35:12.771+0530] GC(1)   Pre Evacuate Collection Set: 0.0ms
[2026-02-10T17:35:12.771+0530] GC(1)   Merge Heap Roots: 0.1ms
[2026-02-10T17:35:12.771+0530] GC(1)   Evacuate Collection Set: 11.8ms
[2026-02-10T17:35:12.771+0530] GC(1)   Post Evacuate Collection Set: 0.3ms
[2026-02-10T17:35:12.771+0530] GC(1)   Other: 0.1ms
[2026-02-10T17:35:12.771+0530] GC(1) Eden regions: 13->0(17)
[2026-02-10T17:35:12.771+0530] GC(1) Survivor regions: 2->2(2)
[2026-02-10T17:35:12.771+0530] GC(1) Old regions: 3->6
[2026-02-10T17:35:12.771+0530] GC(1) Archive regions: 0->0
[2026-02-10T17:35:12.771+0530] GC(1) Humongous regions: 5->5
[2026-02-10T17:35:12.771+0530] GC(1) Metaspace: 5998K(6144K)->5998K(6144K) NonClass: 5340K(5440K)->5340K(5440K) Class: 657K(704K)->657K(704K)
[2026-02-10T17:35:12.771+0530] GC(1) Pause Young (Normal) (G1 Evacuation Pause) 22M->12M(128M) 12.502ms
[2026-02-10T17:35:12.771+0530] GC(1) User=0.03s Sys=0.03s Real=0.01s
[2026-02-10T17:35:13.191+0530] GC(2) Pause Young (Normal) (G1 Evacuation Pause)
[2026-02-10T17:35:13.191+0530] GC(2) Using 3 workers of 4 for evacuation
[2026-02-10T17:35:13.195+0530] GC(2)   Pre Evacuate Collection Set: 0.0ms
[2026-02-10T17:35:13.195+0530] GC(2)   Merge Heap Roots: 0.0ms
[2026-02-10T17:35:13.195+0530] GC(2)   Evacuate Collection Set: 4.4ms
[2026-02-10T17:35:13.196+0530] GC(2)   Post Evacuate Collection Set: 0.3ms
[2026-02-10T17:35:13.196+0530] GC(2)   Other: 0.2ms
[2026-02-10T17:35:13.196+0530] GC(2) Eden regions: 17->0(70)
[2026-02-10T17:35:13.196+0530] GC(2) Survivor regions: 2->2(3)
[2026-02-10T17:35:13.196+0530] GC(2) Old regions: 6->8
[2026-02-10T17:35:13.196+0530] GC(2) Archive regions: 0->0
[2026-02-10T17:35:13.196+0530] GC(2) Humongous regions: 5->5
[2026-02-10T17:35:13.196+0530] GC(2) Metaspace: 11078K(11264K)->11078K(11264K) NonClass: 9829K(9920K)->9829K(9920K) Class: 1249K(1344K)->1249K(1344K)
[2026-02-10T17:35:13.196+0530] GC(2) Pause Young (Normal) (G1 Evacuation Pause) 29M->14M(128M) 5.287ms
[2026-02-10T17:35:13.196+0530] GC(2) User=0.00s Sys=0.00s Real=0.01s
[2026-02-10T17:35:14.427+0530] GC(3) Pause Young (Concurrent Start) (Metadata GC Threshold)
[2026-02-10T17:35:14.427+0530] GC(3) Using 3 workers of 4 for evacuation
[2026-02-10T17:35:14.438+0530] GC(3)   Pre Evacuate Collection Set: 0.1ms
[2026-02-10T17:35:14.438+0530] GC(3)   Merge Heap Roots: 0.1ms
[2026-02-10T17:35:14.438+0530] GC(3)   Evacuate Collection Set: 10.7ms
[2026-02-10T17:35:14.438+0530] GC(3)   Post Evacuate Collection Set: 0.5ms
[2026-02-10T17:35:14.438+0530] GC(3)   Other: 0.2ms
[2026-02-10T17:35:14.438+0530] GC(3) Eden regions: 65->0(55)
[2026-02-10T17:35:14.438+0530] GC(3) Survivor regions: 2->9(9)
[2026-02-10T17:35:14.438+0530] GC(3) Old regions: 8->12
[2026-02-10T17:35:14.438+0530] GC(3) Archive regions: 0->0
[2026-02-10T17:35:14.438+0530] GC(3) Humongous regions: 5->5
[2026-02-10T17:35:14.438+0530] GC(3) Metaspace: 21225K(21504K)->21225K(21504K) NonClass: 19048K(19200K)->19048K(19200K) Class: 2176K(2304K)->2176K(2304K)
[2026-02-10T17:35:14.438+0530] GC(3) Pause Young (Concurrent Start) (Metadata GC Threshold) 78M->25M(128M) 11.777ms
[2026-02-10T17:35:14.438+0530] GC(3) User=0.06s Sys=0.00s Real=0.01s
[2026-02-10T17:35:14.439+0530] GC(4) Concurrent Mark Cycle
[2026-02-10T17:35:14.439+0530] GC(4) Concurrent Clear Claimed Marks
[2026-02-10T17:35:14.439+0530] GC(4) Concurrent Clear Claimed Marks 0.069ms
[2026-02-10T17:35:14.439+0530] GC(4) Concurrent Scan Root Regions
[2026-02-10T17:35:14.447+0530] GC(4) Concurrent Scan Root Regions 7.397ms
[2026-02-10T17:35:14.447+0530] GC(4) Concurrent Mark
[2026-02-10T17:35:14.447+0530] GC(4) Concurrent Mark From Roots
[2026-02-10T17:35:14.447+0530] GC(4) Using 1 workers of 1 for marking
[2026-02-10T17:35:14.472+0530] GC(4) Concurrent Mark From Roots 25.801ms
[2026-02-10T17:35:14.473+0530] GC(4) Concurrent Preclean
[2026-02-10T17:35:14.473+0530] GC(4) Concurrent Preclean 0.055ms
[2026-02-10T17:35:14.473+0530] GC(4) Pause Remark
[2026-02-10T17:35:14.480+0530] GC(4) Pause Remark 26M->26M(128M) 7.671ms
[2026-02-10T17:35:14.481+0530] GC(4) User=0.00s Sys=0.00s Real=0.01s
[2026-02-10T17:35:14.483+0530] GC(4) Concurrent Mark 36.328ms
[2026-02-10T17:35:14.483+0530] GC(4) Concurrent Rebuild Remembered Sets
[2026-02-10T17:35:14.497+0530] GC(4) Concurrent Rebuild Remembered Sets 13.583ms
[2026-02-10T17:35:14.497+0530] GC(4) Pause Cleanup
[2026-02-10T17:35:14.497+0530] GC(4) Pause Cleanup 26M->26M(128M) 0.117ms
[2026-02-10T17:35:14.497+0530] GC(4) User=0.00s Sys=0.00s Real=0.00s
[2026-02-10T17:35:14.497+0530] GC(4) Concurrent Cleanup for Next Mark
[2026-02-10T17:35:14.498+0530] GC(4) Concurrent Cleanup for Next Mark 0.972ms
[2026-02-10T17:35:14.498+0530] GC(4) Concurrent Mark Cycle 59.010ms
[2026-02-10T17:35:15.962+0530] GC(5) Pause Young (Normal) (G1 Evacuation Pause)
[2026-02-10T17:35:15.962+0530] GC(5) Using 3 workers of 4 for evacuation
[2026-02-10T17:35:15.988+0530] GC(5)   Pre Evacuate Collection Set: 0.1ms
[2026-02-10T17:35:15.988+0530] GC(5)   Merge Heap Roots: 0.1ms
[2026-02-10T17:35:15.988+0530] GC(5)   Evacuate Collection Set: 24.7ms
[2026-02-10T17:35:15.988+0530] GC(5)   Post Evacuate Collection Set: 0.6ms
[2026-02-10T17:35:15.988+0530] GC(5)   Other: 0.2ms
[2026-02-10T17:35:15.988+0530] GC(5) Eden regions: 55->0(55)
[2026-02-10T17:35:15.988+0530] GC(5) Survivor regions: 9->4(8)
[2026-02-10T17:35:15.988+0530] GC(5) Old regions: 12->21
[2026-02-10T17:35:15.988+0530] GC(5) Archive regions: 0->0
[2026-02-10T17:35:15.988+0530] GC(5) Humongous regions: 5->5
[2026-02-10T17:35:15.989+0530] GC(5) Metaspace: 27484K(28032K)->27484K(28032K) NonClass: 24525K(24832K)->24525K(24832K) Class: 2958K(3200K)->2958K(3200K)
[2026-02-10T17:35:15.989+0530] GC(5) Pause Young (Normal) (G1 Evacuation Pause) 80M->28M(128M) 26.035ms
[2026-02-10T17:35:15.989+0530] GC(5) User=0.09s Sys=0.03s Real=0.03s
[2026-02-10T17:35:17.037+0530] GC(6) Pause Young (Concurrent Start) (Metadata GC Threshold)
[2026-02-10T17:35:17.037+0530] GC(6) Using 3 workers of 4 for evacuation
[2026-02-10T17:35:17.056+0530] GC(6)   Pre Evacuate Collection Set: 0.1ms
[2026-02-10T17:35:17.056+0530] GC(6)   Merge Heap Roots: 0.1ms
[2026-02-10T17:35:17.056+0530] GC(6)   Evacuate Collection Set: 17.9ms
[2026-02-10T17:35:17.056+0530] GC(6)   Post Evacuate Collection Set: 0.4ms
[2026-02-10T17:35:17.056+0530] GC(6)   Other: 0.2ms
[2026-02-10T17:35:17.056+0530] GC(6) Eden regions: 52->0(58)
[2026-02-10T17:35:17.056+0530] GC(6) Survivor regions: 4->6(8)
[2026-02-10T17:35:17.056+0530] GC(6) Old regions: 21->21
[2026-02-10T17:35:17.056+0530] GC(6) Archive regions: 0->0
[2026-02-10T17:35:17.056+0530] GC(6) Humongous regions: 5->5
[2026-02-10T17:35:17.056+0530] GC(6) Metaspace: 35522K(36096K)->35522K(36096K) NonClass: 31590K(31872K)->31590K(31872K) Class: 3932K(4224K)->3932K(4224K)
[2026-02-10T17:35:17.056+0530] GC(6) Pause Young (Concurrent Start) (Metadata GC Threshold) 79M->30M(128M) 18.817ms
[2026-02-10T17:35:17.056+0530] GC(6) User=0.02s Sys=0.00s Real=0.02s
[2026-02-10T17:35:17.056+0530] GC(7) Concurrent Mark Cycle
[2026-02-10T17:35:17.056+0530] GC(7) Concurrent Clear Claimed Marks
[2026-02-10T17:35:17.057+0530] GC(7) Concurrent Clear Claimed Marks 0.045ms
[2026-02-10T17:35:17.057+0530] GC(7) Concurrent Scan Root Regions
[2026-02-10T17:35:17.064+0530] GC(7) Concurrent Scan Root Regions 6.539ms
[2026-02-10T17:35:17.064+0530] GC(7) Concurrent Mark
[2026-02-10T17:35:17.064+0530] GC(7) Concurrent Mark From Roots
[2026-02-10T17:35:17.064+0530] GC(7) Using 1 workers of 1 for marking
[2026-02-10T17:35:17.093+0530] GC(7) Concurrent Mark From Roots 30.363ms
[2026-02-10T17:35:17.093+0530] GC(7) Concurrent Preclean
[2026-02-10T17:35:17.094+0530] GC(7) Concurrent Preclean 0.065ms
[2026-02-10T17:35:17.094+0530] GC(7) Pause Remark
[2026-02-10T17:35:17.103+0530] GC(7) Pause Remark 31M->31M(128M) 8.251ms
[2026-02-10T17:35:17.103+0530] GC(7) User=0.00s Sys=0.00s Real=0.01s
[2026-02-10T17:35:17.103+0530] GC(7) Concurrent Mark 39.037ms
[2026-02-10T17:35:17.103+0530] GC(7) Concurrent Rebuild Remembered Sets
[2026-02-10T17:35:17.117+0530] GC(7) Concurrent Rebuild Remembered Sets 14.377ms
[2026-02-10T17:35:17.117+0530] GC(7) Pause Cleanup
[2026-02-10T17:35:17.117+0530] GC(7) Pause Cleanup 31M->31M(128M) 0.087ms
[2026-02-10T17:35:17.117+0530] GC(7) User=0.00s Sys=0.00s Real=0.00s
[2026-02-10T17:35:17.117+0530] GC(7) Concurrent Cleanup for Next Mark
[2026-02-10T17:35:17.118+0530] GC(7) Concurrent Cleanup for Next Mark 0.775ms
[2026-02-10T17:35:17.118+0530] GC(7) Concurrent Mark Cycle 61.401ms
[2026-02-10T17:35:18.496+0530] GC(8) Pause Young (Normal) (G1 Evacuation Pause)
[2026-02-10T17:35:18.496+0530] GC(8) Using 3 workers of 4 for evacuation
[2026-02-10T17:35:18.514+0530] GC(8)   Pre Evacuate Collection Set: 0.1ms
[2026-02-10T17:35:18.514+0530] GC(8)   Merge Heap Roots: 0.1ms
[2026-02-10T17:35:18.514+0530] GC(8)   Evacuate Collection Set: 17.3ms
[2026-02-10T17:35:18.514+0530] GC(8)   Post Evacuate Collection Set: 0.5ms
[2026-02-10T17:35:18.514+0530] GC(8)   Other: 0.1ms
[2026-02-10T17:35:18.514+0530] GC(8) Eden regions: 58->0(56)
[2026-02-10T17:35:18.514+0530] GC(8) Survivor regions: 6->8(8)
[2026-02-10T17:35:18.514+0530] GC(8) Old regions: 21->24
[2026-02-10T17:35:18.514+0530] GC(8) Archive regions: 0->0
[2026-02-10T17:35:18.514+0530] GC(8) Humongous regions: 5->5
[2026-02-10T17:35:18.514+0530] GC(8) Metaspace: 36538K(37056K)->36538K(37056K) NonClass: 32555K(32832K)->32555K(32832K) Class: 3982K(4224K)->3982K(4224K)
[2026-02-10T17:35:18.514+0530] GC(8) Pause Young (Normal) (G1 Evacuation Pause) 88M->36M(128M) 18.221ms
[2026-02-10T17:35:18.514+0530] GC(8) User=0.09s Sys=0.03s Real=0.02s
[2026-02-10T17:35:19.278+0530] GC(9) Pause Young (Normal) (G1 Evacuation Pause)
[2026-02-10T17:35:19.278+0530] GC(9) Using 3 workers of 4 for evacuation
[2026-02-10T17:35:19.315+0530] GC(9)   Pre Evacuate Collection Set: 0.1ms
[2026-02-10T17:35:19.315+0530] GC(9)   Merge Heap Roots: 0.1ms
[2026-02-10T17:35:19.315+0530] GC(9)   Evacuate Collection Set: 36.6ms
[2026-02-10T17:35:19.315+0530] GC(9)   Post Evacuate Collection Set: 0.5ms
[2026-02-10T17:35:19.315+0530] GC(9)   Other: 0.2ms
[2026-02-10T17:35:19.315+0530] GC(9) Eden regions: 56->0(51)
[2026-02-10T17:35:19.315+0530] GC(9) Survivor regions: 8->8(8)
[2026-02-10T17:35:19.315+0530] GC(9) Old regions: 24->33
[2026-02-10T17:35:19.315+0530] GC(9) Archive regions: 0->0
[2026-02-10T17:35:19.315+0530] GC(9) Humongous regions: 5->5
[2026-02-10T17:35:19.315+0530] GC(9) Metaspace: 36626K(37120K)->36626K(37120K) NonClass: 32638K(32896K)->32638K(32896K) Class: 3987K(4224K)->3987K(4224K)
[2026-02-10T17:35:19.315+0530] GC(9) Pause Young (Normal) (G1 Evacuation Pause) 92M->45M(128M) 37.774ms
[2026-02-10T17:35:19.316+0530] GC(9) User=0.11s Sys=0.02s Real=0.04s
[2026-02-10T17:35:20.107+0530] Heap
[2026-02-10T17:35:20.107+0530]  garbage-first heap   total 131072K, used 64886K [0x00000000f8000000, 0x0000000100000000)
[2026-02-10T17:35:20.107+0530]   region size 1024K, 26 young (26624K), 8 survivors (8192K)
[2026-02-10T17:35:20.107+0530]  Metaspace       used 36705K, committed 37248K, reserved 1114112K
[2026-02-10T17:35:20.107+0530]   class space    used 3992K, committed 4224K, reserved 1048576K
