[2026-02-10T21:58:16.640+0530] Using G1
[2026-02-10T21:58:16.648+0530] Version: 17.0.12+8-LTS-286 (release)
[2026-02-10T21:58:16.648+0530] CPUs: 8 total, 4 available
[2026-02-10T21:58:16.648+0530] Memory: 7914M
[2026-02-10T21:58:16.648+0530] Large Page Support: Disabled
[2026-02-10T21:58:16.649+0530] NUMA Support: Disabled
[2026-02-10T21:58:16.649+0530] Compressed Oops: Enabled (32-bit)
[2026-02-10T21:58:16.649+0530] Heap Region Size: 1M
[2026-02-10T21:58:16.649+0530] Heap Min Capacity: 512M
[2026-02-10T21:58:16.649+0530] Heap Initial Capacity: 512M
[2026-02-10T21:58:16.649+0530] Heap Max Capacity: 512M
[2026-02-10T21:58:16.649+0530] Pre-touch: Disabled
[2026-02-10T21:58:16.649+0530] Parallel Workers: 4
[2026-02-10T21:58:16.649+0530] Concurrent Workers: 1
[2026-02-10T21:58:16.649+0530] Concurrent Refinement Workers: 4
[2026-02-10T21:58:16.649+0530] Periodic GC: Disabled
[2026-02-10T21:58:16.666+0530] CDS archive(s) mapped at: [0x0000014842000000-0x0000014842bd0000-0x0000014842bd0000), size 12386304, SharedBaseAddress: 0x0000014842000000, ArchiveRelocationMode: 1.
[2026-02-10T21:58:16.666+0530] Compressed class space mapped at: 0x0000014843000000-0x0000014883000000, reserved size: 1073741824
[2026-02-10T21:58:16.666+0530] Narrow klass base: 0x0000014842000000, Narrow klass shift: 0, Narrow klass range: 0x100000000
[2026-02-10T21:58:17.668+0530] GC(0) Pause Young (Normal) (G1 Evacuation Pause)
[2026-02-10T21:58:17.668+0530] GC(0) Using 4 workers of 4 for evacuation
[2026-02-10T21:58:17.684+0530] GC(0)   Pre Evacuate Collection Set: 0.1ms
[2026-02-10T21:58:17.684+0530] GC(0)   Merge Heap Roots: 0.1ms
[2026-02-10T21:58:17.684+0530] GC(0)   Evacuate Collection Set: 14.7ms
[2026-02-10T21:58:17.684+0530] GC(0)   Post Evacuate Collection Set: 0.5ms
[2026-02-10T21:58:17.684+0530] GC(0)   Other: 0.5ms
[2026-02-10T21:58:17.684+0530] GC(0) Eden regions: 25->0(21)
[2026-02-10T21:58:17.684+0530] GC(0) Survivor regions: 0->4(4)
[2026-02-10T21:58:17.684+0530] GC(0) Old regions: 0->4
[2026-02-10T21:58:17.684+0530] GC(0) Archive regions: 0->0
[2026-02-10T21:58:17.684+0530] GC(0) Humongous regions: 5->5
[2026-02-10T21:58:17.684+0530] GC(0) Metaspace: 5588K(5760K)->5588K(5760K) NonClass: 4995K(5056K)->4995K(5056K) Class: 593K(704K)->593K(704K)
[2026-02-10T21:58:17.684+0530] GC(0) Pause Young (Normal) (G1 Evacuation Pause) 30M->12M(512M) 16.051ms
[2026-02-10T21:58:17.684+0530] GC(0) User=0.03s Sys=0.03s Real=0.02s
[2026-02-10T21:58:18.312+0530] GC(1) Pause Young (Normal) (G1 Evacuation Pause)
[2026-02-10T21:58:18.312+0530] GC(1) Using 4 workers of 4 for evacuation
[2026-02-10T21:58:18.321+0530] GC(1)   Pre Evacuate Collection Set: 0.1ms
[2026-02-10T21:58:18.321+0530] GC(1)   Merge Heap Roots: 0.1ms
[2026-02-10T21:58:18.321+0530] GC(1)   Evacuate Collection Set: 8.6ms
[2026-02-10T21:58:18.321+0530] GC(1)   Post Evacuate Collection Set: 0.5ms
[2026-02-10T21:58:18.321+0530] GC(1)   Other: 0.1ms
[2026-02-10T21:58:18.321+0530] GC(1) Eden regions: 21->0(23)
[2026-02-10T21:58:18.321+0530] GC(1) Survivor regions: 4->2(4)
[2026-02-10T21:58:18.321+0530] GC(1) Old regions: 4->8
[2026-02-10T21:58:18.321+0530] GC(1) Archive regions: 0->0
[2026-02-10T21:58:18.321+0530] GC(1) Humongous regions: 5->5
[2026-02-10T21:58:18.321+0530] GC(1) Metaspace: 11738K(11968K)->11738K(11968K) NonClass: 10407K(10496K)->10407K(10496K) Class: 1331K(1472K)->1331K(1472K)
[2026-02-10T21:58:18.321+0530] GC(1) Pause Young (Normal) (G1 Evacuation Pause) 33M->14M(512M) 9.594ms
[2026-02-10T21:58:18.321+0530] GC(1) User=0.03s Sys=0.03s Real=0.01s
[2026-02-10T21:58:18.830+0530] GC(2) Pause Young (Normal) (G1 Evacuation Pause)
[2026-02-10T21:58:18.830+0530] GC(2) Using 4 workers of 4 for evacuation
[2026-02-10T21:58:18.845+0530] GC(2)   Pre Evacuate Collection Set: 0.1ms
[2026-02-10T21:58:18.845+0530] GC(2)   Merge Heap Roots: 0.1ms
[2026-02-10T21:58:18.845+0530] GC(2)   Evacuate Collection Set: 14.1ms
[2026-02-10T21:58:18.845+0530] GC(2)   Post Evacuate Collection Set: 0.6ms
[2026-02-10T21:58:18.846+0530] GC(2)   Other: 0.3ms
[2026-02-10T21:58:18.846+0530] GC(2) Eden regions: 23->0(36)
[2026-02-10T21:58:18.846+0530] GC(2) Survivor regions: 2->4(4)
[2026-02-10T21:58:18.846+0530] GC(2) Old regions: 8->15
[2026-02-10T21:58:18.846+0530] GC(2) Archive regions: 0->0
[2026-02-10T21:58:18.846+0530] GC(2) Humongous regions: 5->5
[2026-02-10T21:58:18.846+0530] GC(2) Metaspace: 14716K(14976K)->14716K(14976K) NonClass: 13062K(13184K)->13062K(13184K) Class: 1654K(1792K)->1654K(1792K)
[2026-02-10T21:58:18.846+0530] GC(2) Pause Young (Normal) (G1 Evacuation Pause) 37M->23M(512M) 15.660ms
[2026-02-10T21:58:18.846+0530] GC(2) User=0.03s Sys=0.00s Real=0.02s
[2026-02-10T21:58:19.546+0530] GC(3) Pause Young (Normal) (G1 Evacuation Pause)
[2026-02-10T21:58:19.546+0530] GC(3) Using 4 workers of 4 for evacuation
[2026-02-10T21:58:19.552+0530] GC(3)   Pre Evacuate Collection Set: 0.1ms
[2026-02-10T21:58:19.552+0530] GC(3)   Merge Heap Roots: 0.1ms
[2026-02-10T21:58:19.552+0530] GC(3)   Evacuate Collection Set: 4.9ms
[2026-02-10T21:58:19.552+0530] GC(3)   Post Evacuate Collection Set: 0.3ms
[2026-02-10T21:58:19.552+0530] GC(3)   Other: 0.1ms
[2026-02-10T21:58:19.552+0530] GC(3) Eden regions: 36->0(187)
[2026-02-10T21:58:19.552+0530] GC(3) Survivor regions: 4->2(5)
[2026-02-10T21:58:19.552+0530] GC(3) Old regions: 15->19
[2026-02-10T21:58:19.552+0530] GC(3) Archive regions: 0->0
[2026-02-10T21:58:19.552+0530] GC(3) Humongous regions: 5->5
[2026-02-10T21:58:19.552+0530] GC(3) Metaspace: 20130K(20544K)->20130K(20544K) NonClass: 18033K(18240K)->18033K(18240K) Class: 2097K(2304K)->2097K(2304K)
[2026-02-10T21:58:19.552+0530] GC(3) Pause Young (Normal) (G1 Evacuation Pause) 59M->25M(512M) 5.641ms
[2026-02-10T21:58:19.552+0530] GC(3) User=0.03s Sys=0.03s Real=0.01s
[2026-02-10T21:58:19.724+0530] GC(4) Pause Young (Concurrent Start) (Metadata GC Threshold)
[2026-02-10T21:58:19.724+0530] GC(4) Using 4 workers of 4 for evacuation
[2026-02-10T21:58:19.726+0530] GC(4)   Pre Evacuate Collection Set: 0.1ms
[2026-02-10T21:58:19.726+0530] GC(4)   Merge Heap Roots: 0.1ms
[2026-02-10T21:58:19.726+0530] GC(4)   Evacuate Collection Set: 2.4ms
[2026-02-10T21:58:19.726+0530] GC(4)   Post Evacuate Collection Set: 0.3ms
[2026-02-10T21:58:19.726+0530] GC(4)   Other: 0.2ms
[2026-02-10T21:58:19.726+0530] GC(4) Eden regions: 4->0(121)
[2026-02-10T21:58:19.726+0530] GC(4) Survivor regions: 2->3(24)
[2026-02-10T21:58:19.726+0530] GC(4) Old regions: 19->19
[2026-02-10T21:58:19.726+0530] GC(4) Archive regions: 0->0
[2026-02-10T21:58:19.726+0530] GC(4) Humongous regions: 5->5
[2026-02-10T21:58:19.726+0530] GC(4) Metaspace: 21236K(21504K)->21236K(21504K) NonClass: 19069K(19200K)->19069K(19200K) Class: 2166K(2304K)->2166K(2304K)
[2026-02-10T21:58:19.726+0530] GC(4) Pause Young (Concurrent Start) (Metadata GC Threshold) 28M->26M(512M) 3.148ms
[2026-02-10T21:58:19.726+0530] GC(4) User=0.00s Sys=0.00s Real=0.00s
[2026-02-10T21:58:19.727+0530] GC(5) Concurrent Mark Cycle
[2026-02-10T21:58:19.727+0530] GC(5) Concurrent Clear Claimed Marks
[2026-02-10T21:58:19.727+0530] GC(5) Concurrent Clear Claimed Marks 0.023ms
[2026-02-10T21:58:19.727+0530] GC(5) Concurrent Scan Root Regions
[2026-02-10T21:58:19.729+0530] GC(5) Concurrent Scan Root Regions 2.296ms
[2026-02-10T21:58:19.729+0530] GC(5) Concurrent Mark
[2026-02-10T21:58:19.729+0530] GC(5) Concurrent Mark From Roots
[2026-02-10T21:58:19.729+0530] GC(5) Using 1 workers of 1 for marking
[2026-02-10T21:58:19.756+0530] GC(5) Concurrent Mark From Roots 26.323ms
[2026-02-10T21:58:19.756+0530] GC(5) Concurrent Preclean
[2026-02-10T21:58:19.756+0530] GC(5) Concurrent Preclean 0.096ms
[2026-02-10T21:58:19.756+0530] GC(5) Pause Remark
[2026-02-10T21:58:19.762+0530] GC(5) Pause Remark 26M->26M(512M) 6.343ms
[2026-02-10T21:58:19.762+0530] GC(5) User=0.00s Sys=0.00s Real=0.01s
[2026-02-10T21:58:19.763+0530] GC(5) Concurrent Mark 34.184ms
[2026-02-10T21:58:19.763+0530] GC(5) Concurrent Rebuild Remembered Sets
[2026-02-10T21:58:19.779+0530] GC(5) Concurrent Rebuild Remembered Sets 15.925ms
[2026-02-10T21:58:19.779+0530] GC(5) Pause Cleanup
[2026-02-10T21:58:19.779+0530] GC(5) Pause Cleanup 27M->27M(512M) 0.302ms
[2026-02-10T21:58:19.779+0530] GC(5) User=0.00s Sys=0.00s Real=0.00s
[2026-02-10T21:58:19.779+0530] GC(5) Concurrent Cleanup for Next Mark
[2026-02-10T21:58:19.784+0530] GC(5) Concurrent Cleanup for Next Mark 3.656ms
[2026-02-10T21:58:19.784+0530] GC(5) Concurrent Mark Cycle 56.922ms
[2026-02-10T21:58:22.838+0530] GC(6) Pause Young (Concurrent Start) (Metadata GC Threshold)
[2026-02-10T21:58:22.838+0530] GC(6) Using 4 workers of 4 for evacuation
[2026-02-10T21:58:22.848+0530] GC(6)   Pre Evacuate Collection Set: 0.1ms
[2026-02-10T21:58:22.848+0530] GC(6)   Merge Heap Roots: 0.1ms
[2026-02-10T21:58:22.848+0530] GC(6)   Evacuate Collection Set: 8.7ms
[2026-02-10T21:58:22.848+0530] GC(6)   Post Evacuate Collection Set: 0.6ms
[2026-02-10T21:58:22.848+0530] GC(6)   Other: 0.2ms
[2026-02-10T21:58:22.848+0530] GC(6) Eden regions: 106->0(294)
[2026-02-10T21:58:22.848+0530] GC(6) Survivor regions: 3->7(16)
[2026-02-10T21:58:22.848+0530] GC(6) Old regions: 19->19
[2026-02-10T21:58:22.848+0530] GC(6) Archive regions: 0->0
[2026-02-10T21:58:22.848+0530] GC(6) Humongous regions: 5->5
[2026-02-10T21:58:22.848+0530] GC(6) Metaspace: 35619K(36160K)->35619K(36160K) NonClass: 31690K(31936K)->31690K(31936K) Class: 3929K(4224K)->3929K(4224K)
[2026-02-10T21:58:22.848+0530] GC(6) Pause Young (Concurrent Start) (Metadata GC Threshold) 132M->30M(512M) 9.804ms
[2026-02-10T21:58:22.848+0530] GC(6) User=0.06s Sys=0.00s Real=0.01s
[2026-02-10T21:58:22.848+0530] GC(7) Concurrent Mark Cycle
[2026-02-10T21:58:22.848+0530] GC(7) Concurrent Clear Claimed Marks
[2026-02-10T21:58:22.848+0530] GC(7) Concurrent Clear Claimed Marks 0.039ms
[2026-02-10T21:58:22.848+0530] GC(7) Concurrent Scan Root Regions
[2026-02-10T21:58:22.856+0530] GC(7) Concurrent Scan Root Regions 7.592ms
[2026-02-10T21:58:22.856+0530] GC(7) Concurrent Mark
[2026-02-10T21:58:22.856+0530] GC(7) Concurrent Mark From Roots
[2026-02-10T21:58:22.856+0530] GC(7) Using 1 workers of 1 for marking
[2026-02-10T21:58:22.880+0530] GC(7) Concurrent Mark From Roots 25.152ms
[2026-02-10T21:58:22.880+0530] GC(7) Concurrent Preclean
[2026-02-10T21:58:22.880+0530] GC(7) Concurrent Preclean 0.078ms
[2026-02-10T21:58:22.880+0530] GC(7) Pause Remark
[2026-02-10T21:58:22.885+0530] GC(7) Pause Remark 31M->31M(512M) 3.674ms
[2026-02-10T21:58:22.885+0530] GC(7) User=0.00s Sys=0.00s Real=0.00s
[2026-02-10T21:58:22.885+0530] GC(7) Concurrent Mark 29.545ms
[2026-02-10T21:58:22.885+0530] GC(7) Concurrent Rebuild Remembered Sets
[2026-02-10T21:58:22.896+0530] GC(7) Concurrent Rebuild Remembered Sets 10.973ms
[2026-02-10T21:58:22.896+0530] GC(7) Pause Cleanup
[2026-02-10T21:58:22.897+0530] GC(7) Pause Cleanup 32M->32M(512M) 0.141ms
[2026-02-10T21:58:22.897+0530] GC(7) User=0.00s Sys=0.00s Real=0.00s
[2026-02-10T21:58:22.898+0530] GC(7) Concurrent Cleanup for Next Mark
[2026-02-10T21:58:22.901+0530] GC(7) Concurrent Cleanup for Next Mark 3.851ms
[2026-02-10T21:58:22.902+0530] GC(7) Concurrent Mark Cycle 53.722ms
[2026-02-10T21:58:27.101+0530] Heap
[2026-02-10T21:58:27.101+0530]  garbage-first heap   total 524288K, used 167929K [0x00000000e0000000, 0x0000000100000000)
[2026-02-10T21:58:27.101+0530]   region size 1024K, 141 young (144384K), 7 survivors (7168K)
[2026-02-10T21:58:27.101+0530]  Metaspace       used 36871K, committed 37440K, reserved 1114112K
[2026-02-10T21:58:27.101+0530]   class space    used 3996K, committed 4288K, reserved 1048576K
