[2026-02-10T17:36:23.334+0530] Using G1
[2026-02-10T17:36:23.338+0530] Version: 17.0.12+8-LTS-286 (release)
[2026-02-10T17:36:23.338+0530] CPUs: 8 total, 4 available
[2026-02-10T17:36:23.338+0530] Memory: 7914M
[2026-02-10T17:36:23.338+0530] Large Page Support: Disabled
[2026-02-10T17:36:23.338+0530] NUMA Support: Disabled
[2026-02-10T17:36:23.338+0530] Compressed Oops: Enabled (32-bit)
[2026-02-10T17:36:23.338+0530] Heap Region Size: 1M
[2026-02-10T17:36:23.338+0530] Heap Min Capacity: 128M
[2026-02-10T17:36:23.338+0530] Heap Initial Capacity: 128M
[2026-02-10T17:36:23.338+0530] Heap Max Capacity: 128M
[2026-02-10T17:36:23.338+0530] Pre-touch: Disabled
[2026-02-10T17:36:23.338+0530] Parallel Workers: 4
[2026-02-10T17:36:23.339+0530] Concurrent Workers: 1
[2026-02-10T17:36:23.339+0530] Concurrent Refinement Workers: 4
[2026-02-10T17:36:23.339+0530] Periodic GC: Disabled
[2026-02-10T17:36:23.355+0530] CDS archive(s) mapped at: [0x000002a5cc000000-0x000002a5ccbd0000-0x000002a5ccbd0000), size 12386304, SharedBaseAddress: 0x000002a5cc000000, ArchiveRelocationMode: 1.
[2026-02-10T17:36:23.356+0530] Compressed class space mapped at: 0x000002a5cd000000-0x000002a60d000000, reserved size: 1073741824
[2026-02-10T17:36:23.356+0530] Narrow klass base: 0x000002a5cc000000, Narrow klass shift: 0, Narrow klass range: 0x100000000
[2026-02-10T17:36:24.042+0530] GC(0) Pause Young (Normal) (G1 Evacuation Pause)
[2026-02-10T17:36:24.043+0530] GC(0) Using 3 workers of 4 for evacuation
[2026-02-10T17:36:24.049+0530] GC(0)   Pre Evacuate Collection Set: 0.0ms
[2026-02-10T17:36:24.049+0530] GC(0)   Merge Heap Roots: 0.0ms
[2026-02-10T17:36:24.049+0530] GC(0)   Evacuate Collection Set: 5.7ms
[2026-02-10T17:36:24.049+0530] GC(0)   Post Evacuate Collection Set: 0.5ms
[2026-02-10T17:36:24.049+0530] GC(0)   Other: 0.3ms
[2026-02-10T17:36:24.049+0530] GC(0) Eden regions: 13->0(13)
[2026-02-10T17:36:24.049+0530] GC(0) Survivor regions: 0->2(2)
[2026-02-10T17:36:24.049+0530] GC(0) Old regions: 0->3
[2026-02-10T17:36:24.049+0530] GC(0) Archive regions: 0->0
[2026-02-10T17:36:24.049+0530] GC(0) Humongous regions: 5->5
[2026-02-10T17:36:24.049+0530] GC(0) Metaspace: 4448K(4672K)->4448K(4672K) NonClass: 3968K(4096K)->3968K(4096K) Class: 480K(576K)->480K(576K)
[2026-02-10T17:36:24.049+0530] GC(0) Pause Young (Normal) (G1 Evacuation Pause) 18M->9M(128M) 6.827ms
[2026-02-10T17:36:24.049+0530] GC(0) User=0.02s Sys=0.03s Real=0.01s
[2026-02-10T17:36:24.257+0530] GC(1) Pause Young (Normal) (G1 Evacuation Pause)
[2026-02-10T17:36:24.257+0530] GC(1) Using 3 workers of 4 for evacuation
[2026-02-10T17:36:24.267+0530] GC(1)   Pre Evacuate Collection Set: 0.1ms
[2026-02-10T17:36:24.267+0530] GC(1)   Merge Heap Roots: 0.1ms
[2026-02-10T17:36:24.267+0530] GC(1)   Evacuate Collection Set: 8.2ms
[2026-02-10T17:36:24.267+0530] GC(1)   Post Evacuate Collection Set: 0.4ms
[2026-02-10T17:36:24.267+0530] GC(1)   Other: 0.2ms
[2026-02-10T17:36:24.267+0530] GC(1) Eden regions: 13->0(18)
[2026-02-10T17:36:24.267+0530] GC(1) Survivor regions: 2->2(2)
[2026-02-10T17:36:24.267+0530] GC(1) Old regions: 3->6
[2026-02-10T17:36:24.267+0530] GC(1) Archive regions: 0->0
[2026-02-10T17:36:24.267+0530] GC(1) Humongous regions: 5->5
[2026-02-10T17:36:24.267+0530] GC(1) Metaspace: 6007K(6144K)->6007K(6144K) NonClass: 5349K(5440K)->5349K(5440K) Class: 657K(704K)->657K(704K)
[2026-02-10T17:36:24.267+0530] GC(1) Pause Young (Normal) (G1 Evacuation Pause) 22M->12M(128M) 9.208ms
[2026-02-10T17:36:24.267+0530] GC(1) User=0.03s Sys=0.03s Real=0.01s
[2026-02-10T17:36:24.760+0530] GC(2) Pause Young (Normal) (G1 Evacuation Pause)
[2026-02-10T17:36:24.760+0530] GC(2) Using 3 workers of 4 for evacuation
[2026-02-10T17:36:24.765+0530] GC(2)   Pre Evacuate Collection Set: 0.1ms
[2026-02-10T17:36:24.765+0530] GC(2)   Merge Heap Roots: 0.1ms
[2026-02-10T17:36:24.765+0530] GC(2)   Evacuate Collection Set: 4.5ms
[2026-02-10T17:36:24.765+0530] GC(2)   Post Evacuate Collection Set: 0.3ms
[2026-02-10T17:36:24.765+0530] GC(2)   Other: 0.2ms
[2026-02-10T17:36:24.765+0530] GC(2) Eden regions: 18->0(70)
[2026-02-10T17:36:24.765+0530] GC(2) Survivor regions: 2->2(3)
[2026-02-10T17:36:24.765+0530] GC(2) Old regions: 6->8
[2026-02-10T17:36:24.765+0530] GC(2) Archive regions: 0->0
[2026-02-10T17:36:24.765+0530] GC(2) Humongous regions: 5->5
[2026-02-10T17:36:24.765+0530] GC(2) Metaspace: 11413K(11648K)->11413K(11648K) NonClass: 10127K(10240K)->10127K(10240K) Class: 1286K(1408K)->1286K(1408K)
[2026-02-10T17:36:24.765+0530] GC(2) Pause Young (Normal) (G1 Evacuation Pause) 30M->14M(128M) 5.328ms
[2026-02-10T17:36:24.765+0530] GC(2) User=0.03s Sys=0.02s Real=0.01s
[2026-02-10T17:36:25.993+0530] GC(3) Pause Young (Concurrent Start) (Metadata GC Threshold)
[2026-02-10T17:36:25.993+0530] GC(3) Using 3 workers of 4 for evacuation
[2026-02-10T17:36:26.003+0530] GC(3)   Pre Evacuate Collection Set: 0.1ms
[2026-02-10T17:36:26.003+0530] GC(3)   Merge Heap Roots: 0.1ms
[2026-02-10T17:36:26.003+0530] GC(3)   Evacuate Collection Set: 9.5ms
[2026-02-10T17:36:26.003+0530] GC(3)   Post Evacuate Collection Set: 0.6ms
[2026-02-10T17:36:26.003+0530] GC(3)   Other: 0.2ms
[2026-02-10T17:36:26.003+0530] GC(3) Eden regions: 63->0(55)
[2026-02-10T17:36:26.003+0530] GC(3) Survivor regions: 2->9(9)
[2026-02-10T17:36:26.003+0530] GC(3) Old regions: 8->12
[2026-02-10T17:36:26.003+0530] GC(3) Archive regions: 0->0
[2026-02-10T17:36:26.003+0530] GC(3) Humongous regions: 5->5
[2026-02-10T17:36:26.003+0530] GC(3) Metaspace: 21211K(21504K)->21211K(21504K) NonClass: 19047K(19200K)->19047K(19200K) Class: 2163K(2304K)->2163K(2304K)
[2026-02-10T17:36:26.003+0530] GC(3) Pause Young (Concurrent Start) (Metadata GC Threshold) 76M->25M(128M) 10.710ms
[2026-02-10T17:36:26.003+0530] GC(3) User=0.06s Sys=0.00s Real=0.01s
[2026-02-10T17:36:26.003+0530] GC(4) Concurrent Mark Cycle
[2026-02-10T17:36:26.004+0530] GC(4) Concurrent Clear Claimed Marks
[2026-02-10T17:36:26.004+0530] GC(4) Concurrent Clear Claimed Marks 0.073ms
[2026-02-10T17:36:26.004+0530] GC(4) Concurrent Scan Root Regions
[2026-02-10T17:36:26.010+0530] GC(4) Concurrent Scan Root Regions 5.325ms
[2026-02-10T17:36:26.010+0530] GC(4) Concurrent Mark
[2026-02-10T17:36:26.010+0530] GC(4) Concurrent Mark From Roots
[2026-02-10T17:36:26.010+0530] GC(4) Using 1 workers of 1 for marking
[2026-02-10T17:36:26.035+0530] GC(4) Concurrent Mark From Roots 24.943ms
[2026-02-10T17:36:26.035+0530] GC(4) Concurrent Preclean
[2026-02-10T17:36:26.035+0530] GC(4) Concurrent Preclean 0.064ms
[2026-02-10T17:36:26.035+0530] GC(4) Pause Remark
[2026-02-10T17:36:26.039+0530] GC(4) Pause Remark 26M->26M(128M) 4.480ms
[2026-02-10T17:36:26.039+0530] GC(4) User=0.00s Sys=0.00s Real=0.00s
[2026-02-10T17:36:26.039+0530] GC(4) Concurrent Mark 29.882ms
[2026-02-10T17:36:26.039+0530] GC(4) Concurrent Rebuild Remembered Sets
[2026-02-10T17:36:26.052+0530] GC(4) Concurrent Rebuild Remembered Sets 12.594ms
[2026-02-10T17:36:26.052+0530] GC(4) Pause Cleanup
[2026-02-10T17:36:26.052+0530] GC(4) Pause Cleanup 26M->26M(128M) 0.124ms
[2026-02-10T17:36:26.052+0530] GC(4) User=0.00s Sys=0.00s Real=0.00s
[2026-02-10T17:36:26.052+0530] GC(4) Concurrent Cleanup for Next Mark
[2026-02-10T17:36:26.053+0530] GC(4) Concurrent Cleanup for Next Mark 1.065ms
[2026-02-10T17:36:26.054+0530] GC(4) Concurrent Mark Cycle 50.304ms
[2026-02-10T17:36:27.316+0530] GC(5) Pause Young (Normal) (G1 Evacuation Pause)
[2026-02-10T17:36:27.316+0530] GC(5) Using 3 workers of 4 for evacuation
[2026-02-10T17:36:27.332+0530] GC(5)   Pre Evacuate Collection Set: 0.1ms
[2026-02-10T17:36:27.332+0530] GC(5)   Merge Heap Roots: 0.1ms
[2026-02-10T17:36:27.332+0530] GC(5)   Evacuate Collection Set: 14.4ms
[2026-02-10T17:36:27.332+0530] GC(5)   Post Evacuate Collection Set: 0.5ms
[2026-02-10T17:36:27.332+0530] GC(5)   Other: 0.2ms
[2026-02-10T17:36:27.332+0530] GC(5) Eden regions: 55->0(54)
[2026-02-10T17:36:27.332+0530] GC(5) Survivor regions: 9->4(8)
[2026-02-10T17:36:27.332+0530] GC(5) Old regions: 12->21
[2026-02-10T17:36:27.332+0530] GC(5) Archive regions: 0->0
[2026-02-10T17:36:27.332+0530] GC(5) Humongous regions: 5->5
[2026-02-10T17:36:27.333+0530] GC(5) Metaspace: 27513K(27968K)->27513K(27968K) NonClass: 24555K(24768K)->24555K(24768K) Class: 2957K(3200K)->2957K(3200K)
[2026-02-10T17:36:27.333+0530] GC(5) Pause Young (Normal) (G1 Evacuation Pause) 80M->28M(128M) 15.603ms
[2026-02-10T17:36:27.333+0530] GC(5) User=0.06s Sys=0.00s Real=0.02s
[2026-02-10T17:36:28.452+0530] GC(6) Pause Young (Concurrent Start) (Metadata GC Threshold)
[2026-02-10T17:36:28.452+0530] GC(6) Using 3 workers of 4 for evacuation
[2026-02-10T17:36:28.463+0530] GC(6)   Pre Evacuate Collection Set: 0.1ms
[2026-02-10T17:36:28.463+0530] GC(6)   Merge Heap Roots: 0.1ms
[2026-02-10T17:36:28.463+0530] GC(6)   Evacuate Collection Set: 9.4ms
[2026-02-10T17:36:28.463+0530] GC(6)   Post Evacuate Collection Set: 1.5ms
[2026-02-10T17:36:28.463+0530] GC(6)   Other: 0.2ms
[2026-02-10T17:36:28.463+0530] GC(6) Eden regions: 54->0(58)
[2026-02-10T17:36:28.463+0530] GC(6) Survivor regions: 4->6(8)
[2026-02-10T17:36:28.463+0530] GC(6) Old regions: 21->21
[2026-02-10T17:36:28.463+0530] GC(6) Archive regions: 0->0
[2026-02-10T17:36:28.463+0530] GC(6) Humongous regions: 5->5
[2026-02-10T17:36:28.463+0530] GC(6) Metaspace: 35586K(36096K)->35586K(36096K) NonClass: 31642K(31872K)->31642K(31872K) Class: 3943K(4224K)->3943K(4224K)
[2026-02-10T17:36:28.465+0530] GC(6) Pause Young (Concurrent Start) (Metadata GC Threshold) 82M->31M(128M) 11.755ms
[2026-02-10T17:36:28.465+0530] GC(6) User=0.00s Sys=0.00s Real=0.01s
[2026-02-10T17:36:28.465+0530] GC(7) Concurrent Mark Cycle
[2026-02-10T17:36:28.465+0530] GC(7) Concurrent Clear Claimed Marks
[2026-02-10T17:36:28.465+0530] GC(7) Concurrent Clear Claimed Marks 0.073ms
[2026-02-10T17:36:28.465+0530] GC(7) Concurrent Scan Root Regions
[2026-02-10T17:36:28.475+0530] GC(7) Concurrent Scan Root Regions 10.465ms
[2026-02-10T17:36:28.475+0530] GC(7) Concurrent Mark
[2026-02-10T17:36:28.475+0530] GC(7) Concurrent Mark From Roots
[2026-02-10T17:36:28.475+0530] GC(7) Using 1 workers of 1 for marking
[2026-02-10T17:36:28.514+0530] GC(7) Concurrent Mark From Roots 38.188ms
[2026-02-10T17:36:28.514+0530] GC(7) Concurrent Preclean
[2026-02-10T17:36:28.514+0530] GC(7) Concurrent Preclean 0.083ms
[2026-02-10T17:36:28.514+0530] GC(7) Pause Remark
[2026-02-10T17:36:28.524+0530] GC(7) Pause Remark 31M->31M(128M) 10.514ms
[2026-02-10T17:36:28.524+0530] GC(7) User=0.03s Sys=0.02s Real=0.01s
[2026-02-10T17:36:28.527+0530] GC(7) Concurrent Mark 52.078ms
[2026-02-10T17:36:28.527+0530] GC(7) Concurrent Rebuild Remembered Sets
[2026-02-10T17:36:28.546+0530] GC(7) Concurrent Rebuild Remembered Sets 18.970ms
[2026-02-10T17:36:28.546+0530] GC(7) Pause Cleanup
[2026-02-10T17:36:28.547+0530] GC(7) Pause Cleanup 31M->31M(128M) 0.152ms
[2026-02-10T17:36:28.547+0530] GC(7) User=0.00s Sys=0.00s Real=0.00s
[2026-02-10T17:36:28.551+0530] GC(7) Concurrent Cleanup for Next Mark
[2026-02-10T17:36:28.552+0530] GC(7) Concurrent Cleanup for Next Mark 1.093ms
[2026-02-10T17:36:28.552+0530] GC(7) Concurrent Mark Cycle 88.099ms
[2026-02-10T17:36:30.461+0530] GC(8) Pause Young (Normal) (G1 Evacuation Pause)
[2026-02-10T17:36:30.462+0530] GC(8) Using 3 workers of 4 for evacuation
[2026-02-10T17:36:30.483+0530] GC(8)   Pre Evacuate Collection Set: 0.1ms
[2026-02-10T17:36:30.483+0530] GC(8)   Merge Heap Roots: 0.1ms
[2026-02-10T17:36:30.483+0530] GC(8)   Evacuate Collection Set: 20.4ms
[2026-02-10T17:36:30.483+0530] GC(8)   Post Evacuate Collection Set: 0.6ms
[2026-02-10T17:36:30.483+0530] GC(8)   Other: 0.2ms
[2026-02-10T17:36:30.483+0530] GC(8) Eden regions: 58->0(55)
[2026-02-10T17:36:30.483+0530] GC(8) Survivor regions: 6->8(8)
[2026-02-10T17:36:30.483+0530] GC(8) Old regions: 21->25
[2026-02-10T17:36:30.483+0530] GC(8) Archive regions: 0->0
[2026-02-10T17:36:30.483+0530] GC(8) Humongous regions: 5->5
[2026-02-10T17:36:30.483+0530] GC(8) Metaspace: 36400K(36864K)->36400K(36864K) NonClass: 32423K(32640K)->32423K(32640K) Class: 3977K(4224K)->3977K(4224K)
[2026-02-10T17:36:30.483+0530] GC(8) Pause Young (Normal) (G1 Evacuation Pause) 89M->37M(128M) 21.622ms
[2026-02-10T17:36:30.483+0530] GC(8) User=0.03s Sys=0.03s Real=0.02s
[2026-02-10T17:36:31.646+0530] GC(9) Pause Young (Normal) (G1 Evacuation Pause)
[2026-02-10T17:36:31.646+0530] GC(9) Using 3 workers of 4 for evacuation
[2026-02-10T17:36:31.673+0530] GC(9)   Pre Evacuate Collection Set: 0.1ms
[2026-02-10T17:36:31.673+0530] GC(9)   Merge Heap Roots: 0.1ms
[2026-02-10T17:36:31.673+0530] GC(9)   Evacuate Collection Set: 27.4ms
[2026-02-10T17:36:31.673+0530] GC(9)   Post Evacuate Collection Set: 0.4ms
[2026-02-10T17:36:31.673+0530] GC(9)   Other: 0.2ms
[2026-02-10T17:36:31.673+0530] GC(9) Eden regions: 55->0(51)
[2026-02-10T17:36:31.673+0530] GC(9) Survivor regions: 8->8(8)
[2026-02-10T17:36:31.673+0530] GC(9) Old regions: 25->33
[2026-02-10T17:36:31.673+0530] GC(9) Archive regions: 0->0
[2026-02-10T17:36:31.673+0530] GC(9) Humongous regions: 5->5
[2026-02-10T17:36:31.673+0530] GC(9) Metaspace: 36483K(36992K)->36483K(36992K) NonClass: 32500K(32768K)->32500K(32768K) Class: 3982K(4224K)->3982K(4224K)
[2026-02-10T17:36:31.673+0530] GC(9) Pause Young (Normal) (G1 Evacuation Pause) 92M->45M(128M) 28.353ms
[2026-02-10T17:36:31.673+0530] GC(9) User=0.09s Sys=0.03s Real=0.03s
[2026-02-10T17:36:31.922+0530] Heap
[2026-02-10T17:36:31.922+0530]  garbage-first heap   total 131072K, used 65911K [0x00000000f8000000, 0x0000000100000000)
[2026-02-10T17:36:31.923+0530]   region size 1024K, 27 young (27648K), 8 survivors (8192K)
[2026-02-10T17:36:31.923+0530]  Metaspace       used 36560K, committed 37056K, reserved 1114112K
[2026-02-10T17:36:31.923+0530]   class space    used 3989K, committed 4224K, reserved 1048576K
