[2026-02-10T17:36:04.412+0530] Using G1
[2026-02-10T17:36:04.414+0530] Version: 17.0.12+8-LTS-286 (release)
[2026-02-10T17:36:04.416+0530] CPUs: 8 total, 4 available
[2026-02-10T17:36:04.416+0530] Memory: 7914M
[2026-02-10T17:36:04.416+0530] Large Page Support: Disabled
[2026-02-10T17:36:04.416+0530] NUMA Support: Disabled
[2026-02-10T17:36:04.416+0530] Compressed Oops: Enabled (32-bit)
[2026-02-10T17:36:04.416+0530] Heap Region Size: 1M
[2026-02-10T17:36:04.416+0530] Heap Min Capacity: 128M
[2026-02-10T17:36:04.416+0530] Heap Initial Capacity: 128M
[2026-02-10T17:36:04.416+0530] Heap Max Capacity: 128M
[2026-02-10T17:36:04.416+0530] Pre-touch: Disabled
[2026-02-10T17:36:04.416+0530] Parallel Workers: 4
[2026-02-10T17:36:04.417+0530] Concurrent Workers: 1
[2026-02-10T17:36:04.417+0530] Concurrent Refinement Workers: 4
[2026-02-10T17:36:04.417+0530] Periodic GC: Disabled
[2026-02-10T17:36:04.431+0530] CDS archive(s) mapped at: [0x0000023450000000-0x0000023450bd0000-0x0000023450bd0000), size 12386304, SharedBaseAddress: 0x0000023450000000, ArchiveRelocationMode: 1.
[2026-02-10T17:36:04.431+0530] Compressed class space mapped at: 0x0000023451000000-0x0000023491000000, reserved size: 1073741824
[2026-02-10T17:36:04.431+0530] Narrow klass base: 0x0000023450000000, Narrow klass shift: 0, Narrow klass range: 0x100000000
[2026-02-10T17:36:05.096+0530] GC(0) Pause Young (Normal) (G1 Evacuation Pause)
[2026-02-10T17:36:05.096+0530] GC(0) Using 3 workers of 4 for evacuation
[2026-02-10T17:36:05.103+0530] GC(0)   Pre Evacuate Collection Set: 0.1ms
[2026-02-10T17:36:05.103+0530] GC(0)   Merge Heap Roots: 0.1ms
[2026-02-10T17:36:05.103+0530] GC(0)   Evacuate Collection Set: 6.5ms
[2026-02-10T17:36:05.103+0530] GC(0)   Post Evacuate Collection Set: 0.6ms
[2026-02-10T17:36:05.103+0530] GC(0)   Other: 0.4ms
[2026-02-10T17:36:05.103+0530] GC(0) Eden regions: 13->0(13)
[2026-02-10T17:36:05.103+0530] GC(0) Survivor regions: 0->2(2)
[2026-02-10T17:36:05.103+0530] GC(0) Old regions: 0->3
[2026-02-10T17:36:05.103+0530] GC(0) Archive regions: 0->0
[2026-02-10T17:36:05.103+0530] GC(0) Humongous regions: 5->5
[2026-02-10T17:36:05.103+0530] GC(0) Metaspace: 4462K(4672K)->4462K(4672K) NonClass: 3982K(4096K)->3982K(4096K) Class: 480K(576K)->480K(576K)
[2026-02-10T17:36:05.103+0530] GC(0) Pause Young (Normal) (G1 Evacuation Pause) 18M->9M(128M) 7.759ms
[2026-02-10T17:36:05.103+0530] GC(0) User=0.00s Sys=0.00s Real=0.01s
[2026-02-10T17:36:05.316+0530] GC(1) Pause Young (Normal) (G1 Evacuation Pause)
[2026-02-10T17:36:05.316+0530] GC(1) Using 3 workers of 4 for evacuation
[2026-02-10T17:36:05.328+0530] GC(1)   Pre Evacuate Collection Set: 0.0ms
[2026-02-10T17:36:05.328+0530] GC(1)   Merge Heap Roots: 0.1ms
[2026-02-10T17:36:05.328+0530] GC(1)   Evacuate Collection Set: 11.6ms
[2026-02-10T17:36:05.328+0530] GC(1)   Post Evacuate Collection Set: 0.3ms
[2026-02-10T17:36:05.328+0530] GC(1)   Other: 0.1ms
[2026-02-10T17:36:05.328+0530] GC(1) Eden regions: 13->0(17)
[2026-02-10T17:36:05.328+0530] GC(1) Survivor regions: 2->2(2)
[2026-02-10T17:36:05.328+0530] GC(1) Old regions: 3->6
[2026-02-10T17:36:05.328+0530] GC(1) Archive regions: 0->0
[2026-02-10T17:36:05.328+0530] GC(1) Humongous regions: 5->5
[2026-02-10T17:36:05.328+0530] GC(1) Metaspace: 6015K(6144K)->6015K(6144K) NonClass: 5358K(5440K)->5358K(5440K) Class: 657K(704K)->657K(704K)
[2026-02-10T17:36:05.328+0530] GC(1) Pause Young (Normal) (G1 Evacuation Pause) 22M->12M(128M) 12.320ms
[2026-02-10T17:36:05.328+0530] GC(1) User=0.03s Sys=0.03s Real=0.01s
[2026-02-10T17:36:05.859+0530] GC(2) Pause Young (Normal) (G1 Evacuation Pause)
[2026-02-10T17:36:05.859+0530] GC(2) Using 3 workers of 4 for evacuation
[2026-02-10T17:36:05.865+0530] GC(2)   Pre Evacuate Collection Set: 0.1ms
[2026-02-10T17:36:05.865+0530] GC(2)   Merge Heap Roots: 0.0ms
[2026-02-10T17:36:05.865+0530] GC(2)   Evacuate Collection Set: 5.6ms
[2026-02-10T17:36:05.865+0530] GC(2)   Post Evacuate Collection Set: 0.3ms
[2026-02-10T17:36:05.865+0530] GC(2)   Other: 0.2ms
[2026-02-10T17:36:05.865+0530] GC(2) Eden regions: 17->0(70)
[2026-02-10T17:36:05.865+0530] GC(2) Survivor regions: 2->2(3)
[2026-02-10T17:36:05.865+0530] GC(2) Old regions: 6->8
[2026-02-10T17:36:05.865+0530] GC(2) Archive regions: 0->0
[2026-02-10T17:36:05.865+0530] GC(2) Humongous regions: 5->5
[2026-02-10T17:36:05.865+0530] GC(2) Metaspace: 11089K(11264K)->11089K(11264K) NonClass: 9838K(9920K)->9838K(9920K) Class: 1250K(1344K)->1250K(1344K)
[2026-02-10T17:36:05.865+0530] GC(2) Pause Young (Normal) (G1 Evacuation Pause) 29M->14M(128M) 6.538ms
[2026-02-10T17:36:05.865+0530] GC(2) User=0.00s Sys=0.00s Real=0.01s
[2026-02-10T17:36:07.165+0530] GC(3) Pause Young (Concurrent Start) (Metadata GC Threshold)
[2026-02-10T17:36:07.165+0530] GC(3) Using 3 workers of 4 for evacuation
[2026-02-10T17:36:07.176+0530] GC(3)   Pre Evacuate Collection Set: 0.1ms
[2026-02-10T17:36:07.176+0530] GC(3)   Merge Heap Roots: 0.1ms
[2026-02-10T17:36:07.176+0530] GC(3)   Evacuate Collection Set: 9.4ms
[2026-02-10T17:36:07.176+0530] GC(3)   Post Evacuate Collection Set: 0.4ms
[2026-02-10T17:36:07.176+0530] GC(3)   Other: 0.3ms
[2026-02-10T17:36:07.176+0530] GC(3) Eden regions: 64->0(55)
[2026-02-10T17:36:07.176+0530] GC(3) Survivor regions: 2->9(9)
[2026-02-10T17:36:07.176+0530] GC(3) Old regions: 8->12
[2026-02-10T17:36:07.176+0530] GC(3) Archive regions: 0->0
[2026-02-10T17:36:07.176+0530] GC(3) Humongous regions: 5->5
[2026-02-10T17:36:07.176+0530] GC(3) Metaspace: 21240K(21504K)->21240K(21504K) NonClass: 19073K(19200K)->19073K(19200K) Class: 2166K(2304K)->2166K(2304K)
[2026-02-10T17:36:07.176+0530] GC(3) Pause Young (Concurrent Start) (Metadata GC Threshold) 78M->26M(128M) 10.501ms
[2026-02-10T17:36:07.176+0530] GC(3) User=0.05s Sys=0.02s Real=0.01s
[2026-02-10T17:36:07.176+0530] GC(4) Concurrent Mark Cycle
[2026-02-10T17:36:07.176+0530] GC(4) Concurrent Clear Claimed Marks
[2026-02-10T17:36:07.176+0530] GC(4) Concurrent Clear Claimed Marks 0.037ms
[2026-02-10T17:36:07.176+0530] GC(4) Concurrent Scan Root Regions
[2026-02-10T17:36:07.180+0530] GC(4) Concurrent Scan Root Regions 4.349ms
[2026-02-10T17:36:07.181+0530] GC(4) Concurrent Mark
[2026-02-10T17:36:07.181+0530] GC(4) Concurrent Mark From Roots
[2026-02-10T17:36:07.181+0530] GC(4) Using 1 workers of 1 for marking
[2026-02-10T17:36:07.205+0530] GC(4) Concurrent Mark From Roots 24.093ms
[2026-02-10T17:36:07.205+0530] GC(4) Concurrent Preclean
[2026-02-10T17:36:07.205+0530] GC(4) Concurrent Preclean 0.068ms
[2026-02-10T17:36:07.205+0530] GC(4) Pause Remark
[2026-02-10T17:36:07.209+0530] GC(4) Pause Remark 26M->26M(128M) 3.748ms
[2026-02-10T17:36:07.209+0530] GC(4) User=0.00s Sys=0.00s Real=0.00s
[2026-02-10T17:36:07.210+0530] GC(4) Concurrent Mark 29.466ms
[2026-02-10T17:36:07.210+0530] GC(4) Concurrent Rebuild Remembered Sets
[2026-02-10T17:36:07.222+0530] GC(4) Concurrent Rebuild Remembered Sets 12.689ms
[2026-02-10T17:36:07.222+0530] GC(4) Pause Cleanup
[2026-02-10T17:36:07.222+0530] GC(4) Pause Cleanup 26M->26M(128M) 0.123ms
[2026-02-10T17:36:07.222+0530] GC(4) User=0.00s Sys=0.00s Real=0.00s
[2026-02-10T17:36:07.222+0530] GC(4) Concurrent Cleanup for Next Mark
[2026-02-10T17:36:07.223+0530] GC(4) Concurrent Cleanup for Next Mark 0.865ms
[2026-02-10T17:36:07.223+0530] GC(4) Concurrent Mark Cycle 48.223ms
[2026-02-10T17:36:08.422+0530] GC(5) Pause Young (Normal) (G1 Evacuation Pause)
[2026-02-10T17:36:08.422+0530] GC(5) Using 3 workers of 4 for evacuation
[2026-02-10T17:36:08.432+0530] GC(5)   Pre Evacuate Collection Set: 0.1ms
[2026-02-10T17:36:08.432+0530] GC(5)   Merge Heap Roots: 0.1ms
[2026-02-10T17:36:08.432+0530] GC(5)   Evacuate Collection Set: 10.0ms
[2026-02-10T17:36:08.432+0530] GC(5)   Post Evacuate Collection Set: 0.5ms
[2026-02-10T17:36:08.432+0530] GC(5)   Other: 0.2ms
[2026-02-10T17:36:08.432+0530] GC(5) Eden regions: 55->0(54)
[2026-02-10T17:36:08.433+0530] GC(5) Survivor regions: 9->4(8)
[2026-02-10T17:36:08.433+0530] GC(5) Old regions: 12->21
[2026-02-10T17:36:08.433+0530] GC(5) Archive regions: 0->0
[2026-02-10T17:36:08.433+0530] GC(5) Humongous regions: 5->5
[2026-02-10T17:36:08.433+0530] GC(5) Metaspace: 27581K(28096K)->27581K(28096K) NonClass: 24615K(24896K)->24615K(24896K) Class: 2966K(3200K)->2966K(3200K)
[2026-02-10T17:36:08.433+0530] GC(5) Pause Young (Normal) (G1 Evacuation Pause) 81M->28M(128M) 11.070ms
[2026-02-10T17:36:08.433+0530] GC(5) User=0.02s Sys=0.00s Real=0.01s
[2026-02-10T17:36:09.785+0530] GC(6) Pause Young (Concurrent Start) (Metadata GC Threshold)
[2026-02-10T17:36:09.785+0530] GC(6) Using 3 workers of 4 for evacuation
[2026-02-10T17:36:09.797+0530] GC(6)   Pre Evacuate Collection Set: 0.1ms
[2026-02-10T17:36:09.797+0530] GC(6)   Merge Heap Roots: 0.1ms
[2026-02-10T17:36:09.797+0530] GC(6)   Evacuate Collection Set: 11.3ms
[2026-02-10T17:36:09.797+0530] GC(6)   Post Evacuate Collection Set: 0.6ms
[2026-02-10T17:36:09.797+0530] GC(6)   Other: 0.2ms
[2026-02-10T17:36:09.797+0530] GC(6) Eden regions: 53->0(58)
[2026-02-10T17:36:09.797+0530] GC(6) Survivor regions: 4->6(8)
[2026-02-10T17:36:09.797+0530] GC(6) Old regions: 21->21
[2026-02-10T17:36:09.798+0530] GC(6) Archive regions: 0->0
[2026-02-10T17:36:09.798+0530] GC(6) Humongous regions: 5->5
[2026-02-10T17:36:09.798+0530] GC(6) Metaspace: 35754K(36288K)->35754K(36288K) NonClass: 31808K(32064K)->31808K(32064K) Class: 3945K(4224K)->3945K(4224K)
[2026-02-10T17:36:09.798+0530] GC(6) Pause Young (Concurrent Start) (Metadata GC Threshold) 81M->31M(128M) 12.487ms
[2026-02-10T17:36:09.798+0530] GC(6) User=0.05s Sys=0.02s Real=0.01s
[2026-02-10T17:36:09.798+0530] GC(7) Concurrent Mark Cycle
[2026-02-10T17:36:09.798+0530] GC(7) Concurrent Clear Claimed Marks
[2026-02-10T17:36:09.798+0530] GC(7) Concurrent Clear Claimed Marks 0.052ms
[2026-02-10T17:36:09.798+0530] GC(7) Concurrent Scan Root Regions
[2026-02-10T17:36:09.807+0530] GC(7) Concurrent Scan Root Regions 8.934ms
[2026-02-10T17:36:09.807+0530] GC(7) Concurrent Mark
[2026-02-10T17:36:09.807+0530] GC(7) Concurrent Mark From Roots
[2026-02-10T17:36:09.807+0530] GC(7) Using 1 workers of 1 for marking
[2026-02-10T17:36:09.849+0530] GC(7) Concurrent Mark From Roots 42.245ms
[2026-02-10T17:36:09.849+0530] GC(7) Concurrent Preclean
[2026-02-10T17:36:09.849+0530] GC(7) Concurrent Preclean 0.105ms
[2026-02-10T17:36:09.850+0530] GC(7) Pause Remark
[2026-02-10T17:36:09.865+0530] GC(7) Pause Remark 32M->32M(128M) 15.043ms
[2026-02-10T17:36:09.865+0530] GC(7) User=0.03s Sys=0.00s Real=0.02s
[2026-02-10T17:36:09.867+0530] GC(7) Concurrent Mark 59.431ms
[2026-02-10T17:36:09.867+0530] GC(7) Concurrent Rebuild Remembered Sets
[2026-02-10T17:36:09.885+0530] GC(7) Concurrent Rebuild Remembered Sets 18.656ms
[2026-02-10T17:36:09.886+0530] GC(7) Pause Cleanup
[2026-02-10T17:36:09.886+0530] GC(7) Pause Cleanup 32M->32M(128M) 0.102ms
[2026-02-10T17:36:09.886+0530] GC(7) User=0.00s Sys=0.00s Real=0.00s
[2026-02-10T17:36:09.886+0530] GC(7) Concurrent Cleanup for Next Mark
[2026-02-10T17:36:09.888+0530] GC(7) Concurrent Cleanup for Next Mark 1.807ms
[2026-02-10T17:36:09.888+0530] GC(7) Concurrent Mark Cycle 89.966ms
[2026-02-10T17:36:12.183+0530] GC(8) Pause Young (Normal) (G1 Evacuation Pause)
[2026-02-10T17:36:12.183+0530] GC(8) Using 3 workers of 4 for evacuation
[2026-02-10T17:36:12.204+0530] GC(8)   Pre Evacuate Collection Set: 0.1ms
[2026-02-10T17:36:12.204+0530] GC(8)   Merge Heap Roots: 0.1ms
[2026-02-10T17:36:12.204+0530] GC(8)   Evacuate Collection Set: 19.4ms
[2026-02-10T17:36:12.204+0530] GC(8)   Post Evacuate Collection Set: 0.6ms
[2026-02-10T17:36:12.204+0530] GC(8)   Other: 0.1ms
[2026-02-10T17:36:12.204+0530] GC(8) Eden regions: 58->0(54)
[2026-02-10T17:36:12.204+0530] GC(8) Survivor regions: 6->8(8)
[2026-02-10T17:36:12.204+0530] GC(8) Old regions: 21->25
[2026-02-10T17:36:12.204+0530] GC(8) Archive regions: 0->0
[2026-02-10T17:36:12.204+0530] GC(8) Humongous regions: 5->5
[2026-02-10T17:36:12.204+0530] GC(8) Metaspace: 36591K(37120K)->36591K(37120K) NonClass: 32605K(32896K)->32605K(32896K) Class: 3985K(4224K)->3985K(4224K)
[2026-02-10T17:36:12.204+0530] GC(8) Pause Young (Normal) (G1 Evacuation Pause) 89M->37M(128M) 20.463ms
[2026-02-10T17:36:12.204+0530] GC(8) User=0.09s Sys=0.02s Real=0.02s
[2026-02-10T17:36:12.808+0530] GC(9) Pause Young (Normal) (G1 Evacuation Pause)
[2026-02-10T17:36:12.808+0530] GC(9) Using 3 workers of 4 for evacuation
[2026-02-10T17:36:12.831+0530] GC(9)   Pre Evacuate Collection Set: 0.1ms
[2026-02-10T17:36:12.831+0530] GC(9)   Merge Heap Roots: 0.1ms
[2026-02-10T17:36:12.831+0530] GC(9)   Evacuate Collection Set: 22.7ms
[2026-02-10T17:36:12.831+0530] GC(9)   Post Evacuate Collection Set: 0.4ms
[2026-02-10T17:36:12.831+0530] GC(9)   Other: 0.1ms
[2026-02-10T17:36:12.831+0530] GC(9) Eden regions: 54->0(49)
[2026-02-10T17:36:12.831+0530] GC(9) Survivor regions: 8->8(8)
[2026-02-10T17:36:12.831+0530] GC(9) Old regions: 25->34
[2026-02-10T17:36:12.831+0530] GC(9) Archive regions: 0->0
[2026-02-10T17:36:12.831+0530] GC(9) Humongous regions: 5->5
[2026-02-10T17:36:12.831+0530] GC(9) Metaspace: 36675K(37184K)->36675K(37184K) NonClass: 32684K(32960K)->32684K(32960K) Class: 3990K(4224K)->3990K(4224K)
[2026-02-10T17:36:12.831+0530] GC(9) Pause Young (Normal) (G1 Evacuation Pause) 91M->46M(128M) 23.532ms
[2026-02-10T17:36:12.832+0530] GC(9) User=0.09s Sys=0.00s Real=0.02s
[2026-02-10T17:36:12.984+0530] Heap
[2026-02-10T17:36:12.984+0530]  garbage-first heap   total 131072K, used 63677K [0x00000000f8000000, 0x0000000100000000)
[2026-02-10T17:36:12.984+0530]   region size 1024K, 24 young (24576K), 8 survivors (8192K)
[2026-02-10T17:36:12.984+0530]  Metaspace       used 36752K, committed 37184K, reserved 1114112K
[2026-02-10T17:36:12.984+0530]   class space    used 3998K, committed 4224K, reserved 1048576K
