[2026-02-10T21:58:56.974+0530] Using G1
[2026-02-10T21:58:56.978+0530] Version: 17.0.12+8-LTS-286 (release)
[2026-02-10T21:58:56.978+0530] CPUs: 8 total, 4 available
[2026-02-10T21:58:56.978+0530] Memory: 7914M
[2026-02-10T21:58:56.978+0530] Large Page Support: Disabled
[2026-02-10T21:58:56.978+0530] NUMA Support: Disabled
[2026-02-10T21:58:56.978+0530] Compressed Oops: Enabled (32-bit)
[2026-02-10T21:58:56.978+0530] Heap Region Size: 1M
[2026-02-10T21:58:56.978+0530] Heap Min Capacity: 512M
[2026-02-10T21:58:56.978+0530] Heap Initial Capacity: 512M
[2026-02-10T21:58:56.978+0530] Heap Max Capacity: 512M
[2026-02-10T21:58:56.978+0530] Pre-touch: Disabled
[2026-02-10T21:58:56.978+0530] Parallel Workers: 4
[2026-02-10T21:58:56.981+0530] Concurrent Workers: 1
[2026-02-10T21:58:56.981+0530] Concurrent Refinement Workers: 4
[2026-02-10T21:58:56.981+0530] Periodic GC: Disabled
[2026-02-10T21:58:56.991+0530] CDS archive(s) mapped at: [0x0000027b52000000-0x0000027b52bd0000-0x0000027b52bd0000), size 12386304, SharedBaseAddress: 0x0000027b52000000, ArchiveRelocationMode: 1.
[2026-02-10T21:58:56.991+0530] Compressed class space mapped at: 0x0000027b53000000-0x0000027b93000000, reserved size: 1073741824
[2026-02-10T21:58:56.991+0530] Narrow klass base: 0x0000027b52000000, Narrow klass shift: 0, Narrow klass range: 0x100000000
[2026-02-10T21:58:57.953+0530] GC(0) Pause Young (Normal) (G1 Evacuation Pause)
[2026-02-10T21:58:57.953+0530] GC(0) Using 4 workers of 4 for evacuation
[2026-02-10T21:58:57.980+0530] GC(0)   Pre Evacuate Collection Set: 0.1ms
[2026-02-10T21:58:57.981+0530] GC(0)   Merge Heap Roots: 0.1ms
[2026-02-10T21:58:57.981+0530] GC(0)   Evacuate Collection Set: 26.5ms
[2026-02-10T21:58:57.981+0530] GC(0)   Post Evacuate Collection Set: 0.9ms
[2026-02-10T21:58:57.981+0530] GC(0)   Other: 0.7ms
[2026-02-10T21:58:57.981+0530] GC(0) Eden regions: 25->0(21)
[2026-02-10T21:58:57.981+0530] GC(0) Survivor regions: 0->4(4)
[2026-02-10T21:58:57.981+0530] GC(0) Old regions: 0->4
[2026-02-10T21:58:57.981+0530] GC(0) Archive regions: 0->0
[2026-02-10T21:58:57.981+0530] GC(0) Humongous regions: 5->5
[2026-02-10T21:58:57.981+0530] GC(0) Metaspace: 5436K(5632K)->5436K(5632K) NonClass: 4866K(4992K)->4866K(4992K) Class: 570K(640K)->570K(640K)
[2026-02-10T21:58:57.981+0530] GC(0) Pause Young (Normal) (G1 Evacuation Pause) 30M->12M(512M) 28.672ms
[2026-02-10T21:58:57.981+0530] GC(0) User=0.09s Sys=0.02s Real=0.03s
[2026-02-10T21:58:59.213+0530] GC(1) Pause Young (Normal) (G1 Evacuation Pause)
[2026-02-10T21:58:59.213+0530] GC(1) Using 4 workers of 4 for evacuation
[2026-02-10T21:58:59.224+0530] GC(1)   Pre Evacuate Collection Set: 0.1ms
[2026-02-10T21:58:59.224+0530] GC(1)   Merge Heap Roots: 0.1ms
[2026-02-10T21:58:59.224+0530] GC(1)   Evacuate Collection Set: 9.9ms
[2026-02-10T21:58:59.225+0530] GC(1)   Post Evacuate Collection Set: 0.5ms
[2026-02-10T21:58:59.225+0530] GC(1)   Other: 0.2ms
[2026-02-10T21:58:59.225+0530] GC(1) Eden regions: 21->0(23)
[2026-02-10T21:58:59.225+0530] GC(1) Survivor regions: 4->2(4)
[2026-02-10T21:58:59.225+0530] GC(1) Old regions: 4->8
[2026-02-10T21:58:59.225+0530] GC(1) Archive regions: 0->0
[2026-02-10T21:58:59.225+0530] GC(1) Humongous regions: 5->5
[2026-02-10T21:58:59.225+0530] GC(1) Metaspace: 11749K(11968K)->11749K(11968K) NonClass: 10418K(10496K)->10418K(10496K) Class: 1330K(1472K)->1330K(1472K)
[2026-02-10T21:58:59.225+0530] GC(1) Pause Young (Normal) (G1 Evacuation Pause) 33M->14M(512M) 10.978ms
[2026-02-10T21:58:59.225+0530] GC(1) User=0.03s Sys=0.03s Real=0.01s
[2026-02-10T21:58:59.624+0530] GC(2) Pause Young (Normal) (G1 Evacuation Pause)
[2026-02-10T21:58:59.624+0530] GC(2) Using 4 workers of 4 for evacuation
[2026-02-10T21:58:59.631+0530] GC(2)   Pre Evacuate Collection Set: 0.1ms
[2026-02-10T21:58:59.631+0530] GC(2)   Merge Heap Roots: 0.1ms
[2026-02-10T21:58:59.631+0530] GC(2)   Evacuate Collection Set: 6.3ms
[2026-02-10T21:58:59.631+0530] GC(2)   Post Evacuate Collection Set: 0.5ms
[2026-02-10T21:58:59.631+0530] GC(2)   Other: 0.2ms
[2026-02-10T21:58:59.631+0530] GC(2) Eden regions: 23->0(36)
[2026-02-10T21:58:59.631+0530] GC(2) Survivor regions: 2->4(4)
[2026-02-10T21:58:59.631+0530] GC(2) Old regions: 8->14
[2026-02-10T21:58:59.631+0530] GC(2) Archive regions: 0->0
[2026-02-10T21:58:59.631+0530] GC(2) Humongous regions: 5->5
[2026-02-10T21:58:59.631+0530] GC(2) Metaspace: 14815K(15168K)->14815K(15168K) NonClass: 13151K(13376K)->13151K(13376K) Class: 1664K(1792K)->1664K(1792K)
[2026-02-10T21:58:59.631+0530] GC(2) Pause Young (Normal) (G1 Evacuation Pause) 37M->22M(512M) 7.411ms
[2026-02-10T21:58:59.631+0530] GC(2) User=0.05s Sys=0.02s Real=0.01s
[2026-02-10T21:59:00.483+0530] GC(3) Pause Young (Normal) (G1 Evacuation Pause)
[2026-02-10T21:59:00.483+0530] GC(3) Using 4 workers of 4 for evacuation
[2026-02-10T21:59:00.488+0530] GC(3)   Pre Evacuate Collection Set: 0.1ms
[2026-02-10T21:59:00.488+0530] GC(3)   Merge Heap Roots: 0.1ms
[2026-02-10T21:59:00.488+0530] GC(3)   Evacuate Collection Set: 5.1ms
[2026-02-10T21:59:00.488+0530] GC(3)   Post Evacuate Collection Set: 0.3ms
[2026-02-10T21:59:00.488+0530] GC(3)   Other: 0.2ms
[2026-02-10T21:59:00.488+0530] GC(3) Eden regions: 36->0(178)
[2026-02-10T21:59:00.488+0530] GC(3) Survivor regions: 4->2(5)
[2026-02-10T21:59:00.488+0530] GC(3) Old regions: 14->19
[2026-02-10T21:59:00.488+0530] GC(3) Archive regions: 0->0
[2026-02-10T21:59:00.488+0530] GC(3) Humongous regions: 5->5
[2026-02-10T21:59:00.488+0530] GC(3) Metaspace: 20140K(20480K)->20140K(20480K) NonClass: 18054K(18240K)->18054K(18240K) Class: 2085K(2240K)->2085K(2240K)
[2026-02-10T21:59:00.488+0530] GC(3) Pause Young (Normal) (G1 Evacuation Pause) 58M->24M(512M) 5.948ms
[2026-02-10T21:59:00.488+0530] GC(3) User=0.05s Sys=0.02s Real=0.00s
[2026-02-10T21:59:00.650+0530] GC(4) Pause Young (Concurrent Start) (Metadata GC Threshold)
[2026-02-10T21:59:00.651+0530] GC(4) Using 4 workers of 4 for evacuation
[2026-02-10T21:59:00.655+0530] GC(4)   Pre Evacuate Collection Set: 0.1ms
[2026-02-10T21:59:00.655+0530] GC(4)   Merge Heap Roots: 0.1ms
[2026-02-10T21:59:00.655+0530] GC(4)   Evacuate Collection Set: 3.4ms
[2026-02-10T21:59:00.655+0530] GC(4)   Post Evacuate Collection Set: 0.3ms
[2026-02-10T21:59:00.655+0530] GC(4)   Other: 0.2ms
[2026-02-10T21:59:00.655+0530] GC(4) Eden regions: 3->0(82)
[2026-02-10T21:59:00.655+0530] GC(4) Survivor regions: 2->3(23)
[2026-02-10T21:59:00.655+0530] GC(4) Old regions: 19->19
[2026-02-10T21:59:00.655+0530] GC(4) Archive regions: 0->0
[2026-02-10T21:59:00.655+0530] GC(4) Humongous regions: 5->5
[2026-02-10T21:59:00.655+0530] GC(4) Metaspace: 21189K(21504K)->21189K(21504K) NonClass: 19030K(19136K)->19030K(19136K) Class: 2158K(2368K)->2158K(2368K)
[2026-02-10T21:59:00.655+0530] GC(4) Pause Young (Concurrent Start) (Metadata GC Threshold) 27M->25M(512M) 4.394ms
[2026-02-10T21:59:00.655+0530] GC(4) User=0.00s Sys=0.00s Real=0.00s
[2026-02-10T21:59:00.655+0530] GC(5) Concurrent Mark Cycle
[2026-02-10T21:59:00.655+0530] GC(5) Concurrent Clear Claimed Marks
[2026-02-10T21:59:00.655+0530] GC(5) Concurrent Clear Claimed Marks 0.040ms
[2026-02-10T21:59:00.655+0530] GC(5) Concurrent Scan Root Regions
[2026-02-10T21:59:00.657+0530] GC(5) Concurrent Scan Root Regions 2.575ms
[2026-02-10T21:59:00.657+0530] GC(5) Concurrent Mark
[2026-02-10T21:59:00.657+0530] GC(5) Concurrent Mark From Roots
[2026-02-10T21:59:00.657+0530] GC(5) Using 1 workers of 1 for marking
[2026-02-10T21:59:00.687+0530] GC(5) Concurrent Mark From Roots 29.441ms
[2026-02-10T21:59:00.687+0530] GC(5) Concurrent Preclean
[2026-02-10T21:59:00.687+0530] GC(5) Concurrent Preclean 0.080ms
[2026-02-10T21:59:00.687+0530] GC(5) Pause Remark
[2026-02-10T21:59:00.695+0530] GC(5) Pause Remark 26M->26M(512M) 7.727ms
[2026-02-10T21:59:00.695+0530] GC(5) User=0.02s Sys=0.02s Real=0.01s
[2026-02-10T21:59:00.696+0530] GC(5) Concurrent Mark 38.646ms
[2026-02-10T21:59:00.696+0530] GC(5) Concurrent Rebuild Remembered Sets
[2026-02-10T21:59:00.711+0530] GC(5) Concurrent Rebuild Remembered Sets 14.556ms
[2026-02-10T21:59:00.712+0530] GC(5) Pause Cleanup
[2026-02-10T21:59:00.712+0530] GC(5) Pause Cleanup 26M->26M(512M) 0.315ms
[2026-02-10T21:59:00.712+0530] GC(5) User=0.00s Sys=0.00s Real=0.00s
[2026-02-10T21:59:00.712+0530] GC(5) Concurrent Cleanup for Next Mark
[2026-02-10T21:59:00.715+0530] GC(5) Concurrent Cleanup for Next Mark 3.811ms
[2026-02-10T21:59:00.715+0530] GC(5) Concurrent Mark Cycle 60.586ms
[2026-02-10T21:59:02.464+0530] GC(6) Pause Young (Normal) (G1 Evacuation Pause)
[2026-02-10T21:59:02.464+0530] GC(6) Using 4 workers of 4 for evacuation
[2026-02-10T21:59:02.473+0530] GC(6)   Pre Evacuate Collection Set: 0.1ms
[2026-02-10T21:59:02.473+0530] GC(6)   Merge Heap Roots: 0.1ms
[2026-02-10T21:59:02.473+0530] GC(6)   Evacuate Collection Set: 8.0ms
[2026-02-10T21:59:02.473+0530] GC(6)   Post Evacuate Collection Set: 0.5ms
[2026-02-10T21:59:02.473+0530] GC(6)   Other: 0.3ms
[2026-02-10T21:59:02.473+0530] GC(6) Eden regions: 82->0(301)
[2026-02-10T21:59:02.473+0530] GC(6) Survivor regions: 3->6(11)
[2026-02-10T21:59:02.473+0530] GC(6) Old regions: 19->19
[2026-02-10T21:59:02.473+0530] GC(6) Archive regions: 0->0
[2026-02-10T21:59:02.473+0530] GC(6) Humongous regions: 5->5
[2026-02-10T21:59:02.473+0530] GC(6) Metaspace: 28854K(29376K)->28854K(29376K) NonClass: 25704K(25984K)->25704K(25984K) Class: 3150K(3392K)->3150K(3392K)
[2026-02-10T21:59:02.473+0530] GC(6) Pause Young (Normal) (G1 Evacuation Pause) 107M->28M(512M) 9.059ms
[2026-02-10T21:59:02.473+0530] GC(6) User=0.06s Sys=0.00s Real=0.01s
[2026-02-10T21:59:03.235+0530] GC(7) Pause Young (Concurrent Start) (Metadata GC Threshold)
[2026-02-10T21:59:03.235+0530] GC(7) Using 4 workers of 4 for evacuation
[2026-02-10T21:59:03.242+0530] GC(7)   Pre Evacuate Collection Set: 0.1ms
[2026-02-10T21:59:03.242+0530] GC(7)   Merge Heap Roots: 0.1ms
[2026-02-10T21:59:03.242+0530] GC(7)   Evacuate Collection Set: 7.5ms
[2026-02-10T21:59:03.242+0530] GC(7)   Post Evacuate Collection Set: 0.5ms
[2026-02-10T21:59:03.242+0530] GC(7)   Other: 0.2ms
[2026-02-10T21:59:03.242+0530] GC(7) Eden regions: 28->0(226)
[2026-02-10T21:59:03.242+0530] GC(7) Survivor regions: 6->8(39)
[2026-02-10T21:59:03.242+0530] GC(7) Old regions: 19->19
[2026-02-10T21:59:03.242+0530] GC(7) Archive regions: 0->0
[2026-02-10T21:59:03.242+0530] GC(7) Humongous regions: 5->5
[2026-02-10T21:59:03.242+0530] GC(7) Metaspace: 35758K(36160K)->35758K(36160K) NonClass: 31816K(32000K)->31816K(32000K) Class: 3941K(4160K)->3941K(4160K)
[2026-02-10T21:59:03.242+0530] GC(7) Pause Young (Concurrent Start) (Metadata GC Threshold) 56M->30M(512M) 8.473ms
[2026-02-10T21:59:03.242+0530] GC(7) User=0.06s Sys=0.00s Real=0.01s
[2026-02-10T21:59:03.242+0530] GC(8) Concurrent Mark Cycle
[2026-02-10T21:59:03.243+0530] GC(8) Concurrent Clear Claimed Marks
[2026-02-10T21:59:03.243+0530] GC(8) Concurrent Clear Claimed Marks 0.039ms
[2026-02-10T21:59:03.243+0530] GC(8) Concurrent Scan Root Regions
[2026-02-10T21:59:03.251+0530] GC(8) Concurrent Scan Root Regions 8.697ms
[2026-02-10T21:59:03.251+0530] GC(8) Concurrent Mark
[2026-02-10T21:59:03.251+0530] GC(8) Concurrent Mark From Roots
[2026-02-10T21:59:03.251+0530] GC(8) Using 1 workers of 1 for marking
[2026-02-10T21:59:03.280+0530] GC(8) Concurrent Mark From Roots 28.509ms
[2026-02-10T21:59:03.280+0530] GC(8) Concurrent Preclean
[2026-02-10T21:59:03.280+0530] GC(8) Concurrent Preclean 0.084ms
[2026-02-10T21:59:03.280+0530] GC(8) Pause Remark
[2026-02-10T21:59:03.288+0530] GC(8) Pause Remark 32M->32M(512M) 7.090ms
[2026-02-10T21:59:03.288+0530] GC(8) User=0.05s Sys=0.00s Real=0.01s
[2026-02-10T21:59:03.288+0530] GC(8) Concurrent Mark 36.289ms
[2026-02-10T21:59:03.288+0530] GC(8) Concurrent Rebuild Remembered Sets
[2026-02-10T21:59:03.302+0530] GC(8) Concurrent Rebuild Remembered Sets 13.658ms
[2026-02-10T21:59:03.302+0530] GC(8) Pause Cleanup
[2026-02-10T21:59:03.303+0530] GC(8) Pause Cleanup 32M->32M(512M) 0.293ms
[2026-02-10T21:59:03.303+0530] GC(8) User=0.00s Sys=0.00s Real=0.00s
[2026-02-10T21:59:03.303+0530] GC(8) Concurrent Cleanup for Next Mark
[2026-02-10T21:59:03.306+0530] GC(8) Concurrent Cleanup for Next Mark 3.807ms
[2026-02-10T21:59:03.306+0530] GC(8) Concurrent Mark Cycle 63.363ms
[2026-02-10T21:59:06.274+0530] Heap
[2026-02-10T21:59:06.274+0530]  garbage-first heap   total 524288K, used 164886K [0x00000000e0000000, 0x0000000100000000)
[2026-02-10T21:59:06.274+0530]   region size 1024K, 139 young (142336K), 8 survivors (8192K)
[2026-02-10T21:59:06.274+0530]  Metaspace       used 36746K, committed 37248K, reserved 1114112K
[2026-02-10T21:59:06.274+0530]   class space    used 3998K, committed 4224K, reserved 1048576K
