[2026-02-10T17:34:20.372+0530] Using G1
[2026-02-10T17:34:20.374+0530] Version: 17.0.12+8-LTS-286 (release)
[2026-02-10T17:34:20.374+0530] CPUs: 8 total, 4 available
[2026-02-10T17:34:20.374+0530] Memory: 7914M
[2026-02-10T17:34:20.374+0530] Large Page Support: Disabled
[2026-02-10T17:34:20.374+0530] NUMA Support: Disabled
[2026-02-10T17:34:20.374+0530] Compressed Oops: Enabled (32-bit)
[2026-02-10T17:34:20.374+0530] Heap Region Size: 1M
[2026-02-10T17:34:20.374+0530] Heap Min Capacity: 128M
[2026-02-10T17:34:20.374+0530] Heap Initial Capacity: 128M
[2026-02-10T17:34:20.374+0530] Heap Max Capacity: 128M
[2026-02-10T17:34:20.374+0530] Pre-touch: Disabled
[2026-02-10T17:34:20.374+0530] Parallel Workers: 4
[2026-02-10T17:34:20.374+0530] Concurrent Workers: 1
[2026-02-10T17:34:20.374+0530] Concurrent Refinement Workers: 4
[2026-02-10T17:34:20.374+0530] Periodic GC: Disabled
[2026-02-10T17:34:20.386+0530] CDS archive(s) mapped at: [0x00000240c6000000-0x00000240c6bd0000-0x00000240c6bd0000), size 12386304, SharedBaseAddress: 0x00000240c6000000, ArchiveRelocationMode: 1.
[2026-02-10T17:34:20.386+0530] Compressed class space mapped at: 0x00000240c7000000-0x0000024107000000, reserved size: 1073741824
[2026-02-10T17:34:20.386+0530] Narrow klass base: 0x00000240c6000000, Narrow klass shift: 0, Narrow klass range: 0x100000000
[2026-02-10T17:34:21.028+0530] GC(0) Pause Young (Normal) (G1 Evacuation Pause)
[2026-02-10T17:34:21.029+0530] GC(0) Using 3 workers of 4 for evacuation
[2026-02-10T17:34:21.036+0530] GC(0)   Pre Evacuate Collection Set: 0.1ms
[2026-02-10T17:34:21.036+0530] GC(0)   Merge Heap Roots: 0.1ms
[2026-02-10T17:34:21.036+0530] GC(0)   Evacuate Collection Set: 6.7ms
[2026-02-10T17:34:21.036+0530] GC(0)   Post Evacuate Collection Set: 0.5ms
[2026-02-10T17:34:21.036+0530] GC(0)   Other: 0.4ms
[2026-02-10T17:34:21.036+0530] GC(0) Eden regions: 13->0(13)
[2026-02-10T17:34:21.036+0530] GC(0) Survivor regions: 0->2(2)
[2026-02-10T17:34:21.036+0530] GC(0) Old regions: 0->3
[2026-02-10T17:34:21.036+0530] GC(0) Archive regions: 0->0
[2026-02-10T17:34:21.036+0530] GC(0) Humongous regions: 5->5
[2026-02-10T17:34:21.036+0530] GC(0) Metaspace: 4449K(4672K)->4449K(4672K) NonClass: 3969K(4096K)->3969K(4096K) Class: 480K(576K)->480K(576K)
[2026-02-10T17:34:21.036+0530] GC(0) Pause Young (Normal) (G1 Evacuation Pause) 18M->9M(128M) 7.898ms
[2026-02-10T17:34:21.036+0530] GC(0) User=0.05s Sys=0.02s Real=0.01s
[2026-02-10T17:34:21.222+0530] GC(1) Pause Young (Normal) (G1 Evacuation Pause)
[2026-02-10T17:34:21.222+0530] GC(1) Using 3 workers of 4 for evacuation
[2026-02-10T17:34:21.233+0530] GC(1)   Pre Evacuate Collection Set: 0.0ms
[2026-02-10T17:34:21.233+0530] GC(1)   Merge Heap Roots: 0.1ms
[2026-02-10T17:34:21.233+0530] GC(1)   Evacuate Collection Set: 10.6ms
[2026-02-10T17:34:21.233+0530] GC(1)   Post Evacuate Collection Set: 0.3ms
[2026-02-10T17:34:21.233+0530] GC(1)   Other: 0.1ms
[2026-02-10T17:34:21.233+0530] GC(1) Eden regions: 13->0(18)
[2026-02-10T17:34:21.233+0530] GC(1) Survivor regions: 2->2(2)
[2026-02-10T17:34:21.233+0530] GC(1) Old regions: 3->6
[2026-02-10T17:34:21.233+0530] GC(1) Archive regions: 0->0
[2026-02-10T17:34:21.233+0530] GC(1) Humongous regions: 5->5
[2026-02-10T17:34:21.233+0530] GC(1) Metaspace: 6012K(6144K)->6012K(6144K) NonClass: 5354K(5440K)->5354K(5440K) Class: 657K(704K)->657K(704K)
[2026-02-10T17:34:21.233+0530] GC(1) Pause Young (Normal) (G1 Evacuation Pause) 22M->12M(128M) 11.400ms
[2026-02-10T17:34:21.233+0530] GC(1) User=0.00s Sys=0.00s Real=0.01s
[2026-02-10T17:34:21.701+0530] GC(2) Pause Young (Normal) (G1 Evacuation Pause)
[2026-02-10T17:34:21.701+0530] GC(2) Using 3 workers of 4 for evacuation
[2026-02-10T17:34:21.708+0530] GC(2)   Pre Evacuate Collection Set: 0.0ms
[2026-02-10T17:34:21.708+0530] GC(2)   Merge Heap Roots: 0.0ms
[2026-02-10T17:34:21.708+0530] GC(2)   Evacuate Collection Set: 5.2ms
[2026-02-10T17:34:21.708+0530] GC(2)   Post Evacuate Collection Set: 0.3ms
[2026-02-10T17:34:21.708+0530] GC(2)   Other: 0.1ms
[2026-02-10T17:34:21.708+0530] GC(2) Eden regions: 18->0(70)
[2026-02-10T17:34:21.708+0530] GC(2) Survivor regions: 2->2(3)
[2026-02-10T17:34:21.708+0530] GC(2) Old regions: 6->8
[2026-02-10T17:34:21.708+0530] GC(2) Archive regions: 0->0
[2026-02-10T17:34:21.708+0530] GC(2) Humongous regions: 5->5
[2026-02-10T17:34:21.708+0530] GC(2) Metaspace: 11354K(11584K)->11354K(11584K) NonClass: 10073K(10176K)->10073K(10176K) Class: 1281K(1408K)->1281K(1408K)
[2026-02-10T17:34:21.708+0530] GC(2) Pause Young (Normal) (G1 Evacuation Pause) 30M->14M(128M) 6.011ms
[2026-02-10T17:34:21.708+0530] GC(2) User=0.03s Sys=0.02s Real=0.01s
[2026-02-10T17:34:23.078+0530] GC(3) Pause Young (Concurrent Start) (Metadata GC Threshold)
[2026-02-10T17:34:23.078+0530] GC(3) Using 3 workers of 4 for evacuation
[2026-02-10T17:34:23.094+0530] GC(3)   Pre Evacuate Collection Set: 0.1ms
[2026-02-10T17:34:23.094+0530] GC(3)   Merge Heap Roots: 0.1ms
[2026-02-10T17:34:23.094+0530] GC(3)   Evacuate Collection Set: 14.2ms
[2026-02-10T17:34:23.094+0530] GC(3)   Post Evacuate Collection Set: 0.5ms
[2026-02-10T17:34:23.094+0530] GC(3)   Other: 0.5ms
[2026-02-10T17:34:23.094+0530] GC(3) Eden regions: 63->0(55)
[2026-02-10T17:34:23.094+0530] GC(3) Survivor regions: 2->9(9)
[2026-02-10T17:34:23.094+0530] GC(3) Old regions: 8->12
[2026-02-10T17:34:23.094+0530] GC(3) Archive regions: 0->0
[2026-02-10T17:34:23.094+0530] GC(3) Humongous regions: 5->5
[2026-02-10T17:34:23.094+0530] GC(3) Metaspace: 21260K(21504K)->21260K(21504K) NonClass: 19087K(19200K)->19087K(19200K) Class: 2173K(2304K)->2173K(2304K)
[2026-02-10T17:34:23.094+0530] GC(3) Pause Young (Concurrent Start) (Metadata GC Threshold) 77M->26M(128M) 15.799ms
[2026-02-10T17:34:23.094+0530] GC(3) User=0.08s Sys=0.00s Real=0.02s
[2026-02-10T17:34:23.094+0530] GC(4) Concurrent Mark Cycle
[2026-02-10T17:34:23.094+0530] GC(4) Concurrent Clear Claimed Marks
[2026-02-10T17:34:23.094+0530] GC(4) Concurrent Clear Claimed Marks 0.037ms
[2026-02-10T17:34:23.094+0530] GC(4) Concurrent Scan Root Regions
[2026-02-10T17:34:23.100+0530] GC(4) Concurrent Scan Root Regions 5.300ms
[2026-02-10T17:34:23.100+0530] GC(4) Concurrent Mark
[2026-02-10T17:34:23.100+0530] GC(4) Concurrent Mark From Roots
[2026-02-10T17:34:23.100+0530] GC(4) Using 1 workers of 1 for marking
[2026-02-10T17:34:23.127+0530] GC(4) Concurrent Mark From Roots 28.023ms
[2026-02-10T17:34:23.127+0530] GC(4) Concurrent Preclean
[2026-02-10T17:34:23.127+0530] GC(4) Concurrent Preclean 0.076ms
[2026-02-10T17:34:23.128+0530] GC(4) Pause Remark
[2026-02-10T17:34:23.132+0530] GC(4) Pause Remark 26M->26M(128M) 4.860ms
[2026-02-10T17:34:23.132+0530] GC(4) User=0.00s Sys=0.00s Real=0.00s
[2026-02-10T17:34:23.133+0530] GC(4) Concurrent Mark 34.066ms
[2026-02-10T17:34:23.133+0530] GC(4) Concurrent Rebuild Remembered Sets
[2026-02-10T17:34:23.147+0530] GC(4) Concurrent Rebuild Remembered Sets 14.422ms
[2026-02-10T17:34:23.147+0530] GC(4) Pause Cleanup
[2026-02-10T17:34:23.149+0530] GC(4) Pause Cleanup 26M->26M(128M) 0.102ms
[2026-02-10T17:34:23.149+0530] GC(4) User=0.00s Sys=0.00s Real=0.00s
[2026-02-10T17:34:23.149+0530] GC(4) Concurrent Cleanup for Next Mark
[2026-02-10T17:34:23.150+0530] GC(4) Concurrent Cleanup for Next Mark 1.289ms
[2026-02-10T17:34:23.150+0530] GC(4) Concurrent Mark Cycle 55.798ms
[2026-02-10T17:34:24.791+0530] GC(5) Pause Young (Normal) (G1 Evacuation Pause)
[2026-02-10T17:34:24.791+0530] GC(5) Using 3 workers of 4 for evacuation
[2026-02-10T17:34:24.809+0530] GC(5)   Pre Evacuate Collection Set: 0.1ms
[2026-02-10T17:34:24.809+0530] GC(5)   Merge Heap Roots: 0.1ms
[2026-02-10T17:34:24.809+0530] GC(5)   Evacuate Collection Set: 17.8ms
[2026-02-10T17:34:24.809+0530] GC(5)   Post Evacuate Collection Set: 0.6ms
[2026-02-10T17:34:24.809+0530] GC(5)   Other: 0.2ms
[2026-02-10T17:34:24.809+0530] GC(5) Eden regions: 55->0(55)
[2026-02-10T17:34:24.809+0530] GC(5) Survivor regions: 9->3(8)
[2026-02-10T17:34:24.809+0530] GC(5) Old regions: 12->21
[2026-02-10T17:34:24.809+0530] GC(5) Archive regions: 0->0
[2026-02-10T17:34:24.809+0530] GC(5) Humongous regions: 5->5
[2026-02-10T17:34:24.809+0530] GC(5) Metaspace: 27595K(27968K)->27595K(27968K) NonClass: 24638K(24832K)->24638K(24832K) Class: 2956K(3136K)->2956K(3136K)
[2026-02-10T17:34:24.809+0530] GC(5) Pause Young (Normal) (G1 Evacuation Pause) 81M->28M(128M) 18.997ms
[2026-02-10T17:34:24.809+0530] GC(5) User=0.05s Sys=0.00s Real=0.02s
[2026-02-10T17:34:26.116+0530] GC(6) Pause Young (Concurrent Start) (Metadata GC Threshold)
[2026-02-10T17:34:26.116+0530] GC(6) Using 3 workers of 4 for evacuation
[2026-02-10T17:34:26.123+0530] GC(6)   Pre Evacuate Collection Set: 0.1ms
[2026-02-10T17:34:26.123+0530] GC(6)   Merge Heap Roots: 0.1ms
[2026-02-10T17:34:26.123+0530] GC(6)   Evacuate Collection Set: 6.3ms
[2026-02-10T17:34:26.123+0530] GC(6)   Post Evacuate Collection Set: 0.3ms
[2026-02-10T17:34:26.123+0530] GC(6)   Other: 0.1ms
[2026-02-10T17:34:26.123+0530] GC(6) Eden regions: 52->0(59)
[2026-02-10T17:34:26.123+0530] GC(6) Survivor regions: 3->6(8)
[2026-02-10T17:34:26.123+0530] GC(6) Old regions: 21->21
[2026-02-10T17:34:26.123+0530] GC(6) Archive regions: 0->0
[2026-02-10T17:34:26.123+0530] GC(6) Humongous regions: 5->5
[2026-02-10T17:34:26.123+0530] GC(6) Metaspace: 35573K(36096K)->35573K(36096K) NonClass: 31638K(31872K)->31638K(31872K) Class: 3935K(4224K)->3935K(4224K)
[2026-02-10T17:34:26.123+0530] GC(6) Pause Young (Concurrent Start) (Metadata GC Threshold) 80M->30M(128M) 7.052ms
[2026-02-10T17:34:26.123+0530] GC(6) User=0.00s Sys=0.00s Real=0.01s
[2026-02-10T17:34:26.123+0530] GC(7) Concurrent Mark Cycle
[2026-02-10T17:34:26.123+0530] GC(7) Concurrent Clear Claimed Marks
[2026-02-10T17:34:26.123+0530] GC(7) Concurrent Clear Claimed Marks 0.043ms
[2026-02-10T17:34:26.123+0530] GC(7) Concurrent Scan Root Regions
[2026-02-10T17:34:26.129+0530] GC(7) Concurrent Scan Root Regions 5.149ms
[2026-02-10T17:34:26.129+0530] GC(7) Concurrent Mark
[2026-02-10T17:34:26.129+0530] GC(7) Concurrent Mark From Roots
[2026-02-10T17:34:26.129+0530] GC(7) Using 1 workers of 1 for marking
[2026-02-10T17:34:26.152+0530] GC(7) Concurrent Mark From Roots 23.631ms
[2026-02-10T17:34:26.152+0530] GC(7) Concurrent Preclean
[2026-02-10T17:34:26.152+0530] GC(7) Concurrent Preclean 0.048ms
[2026-02-10T17:34:26.152+0530] GC(7) Pause Remark
[2026-02-10T17:34:26.160+0530] GC(7) Pause Remark 31M->31M(128M) 7.490ms
[2026-02-10T17:34:26.160+0530] GC(7) User=0.02s Sys=0.00s Real=0.01s
[2026-02-10T17:34:26.161+0530] GC(7) Concurrent Mark 31.442ms
[2026-02-10T17:34:26.161+0530] GC(7) Concurrent Rebuild Remembered Sets
[2026-02-10T17:34:26.172+0530] GC(7) Concurrent Rebuild Remembered Sets 11.103ms
[2026-02-10T17:34:26.172+0530] GC(7) Pause Cleanup
[2026-02-10T17:34:26.172+0530] GC(7) Pause Cleanup 32M->32M(128M) 0.069ms
[2026-02-10T17:34:26.172+0530] GC(7) User=0.00s Sys=0.00s Real=0.00s
[2026-02-10T17:34:26.172+0530] GC(7) Concurrent Cleanup for Next Mark
[2026-02-10T17:34:26.173+0530] GC(7) Concurrent Cleanup for Next Mark 0.843ms
[2026-02-10T17:34:26.173+0530] GC(7) Concurrent Mark Cycle 49.014ms
[2026-02-10T17:34:27.613+0530] GC(8) Pause Young (Normal) (G1 Evacuation Pause)
[2026-02-10T17:34:27.613+0530] GC(8) Using 3 workers of 4 for evacuation
[2026-02-10T17:34:27.632+0530] GC(8)   Pre Evacuate Collection Set: 0.0ms
[2026-02-10T17:34:27.633+0530] GC(8)   Merge Heap Roots: 0.1ms
[2026-02-10T17:34:27.633+0530] GC(8)   Evacuate Collection Set: 18.4ms
[2026-02-10T17:34:27.633+0530] GC(8)   Post Evacuate Collection Set: 0.5ms
[2026-02-10T17:34:27.633+0530] GC(8)   Other: 0.1ms
[2026-02-10T17:34:27.633+0530] GC(8) Eden regions: 59->0(55)
[2026-02-10T17:34:27.633+0530] GC(8) Survivor regions: 6->9(9)
[2026-02-10T17:34:27.633+0530] GC(8) Old regions: 21->23
[2026-02-10T17:34:27.633+0530] GC(8) Archive regions: 0->0
[2026-02-10T17:34:27.633+0530] GC(8) Humongous regions: 5->5
[2026-02-10T17:34:27.633+0530] GC(8) Metaspace: 36574K(37120K)->36574K(37120K) NonClass: 32590K(32896K)->32590K(32896K) Class: 3983K(4224K)->3983K(4224K)
[2026-02-10T17:34:27.633+0530] GC(8) Pause Young (Normal) (G1 Evacuation Pause) 89M->37M(128M) 19.409ms
[2026-02-10T17:34:27.633+0530] GC(8) User=0.05s Sys=0.02s Real=0.02s
[2026-02-10T17:34:28.429+0530] GC(9) Pause Young (Normal) (G1 Evacuation Pause)
[2026-02-10T17:34:28.429+0530] GC(9) Using 3 workers of 4 for evacuation
[2026-02-10T17:34:28.452+0530] GC(9)   Pre Evacuate Collection Set: 0.1ms
[2026-02-10T17:34:28.452+0530] GC(9)   Merge Heap Roots: 0.1ms
[2026-02-10T17:34:28.452+0530] GC(9)   Evacuate Collection Set: 23.8ms
[2026-02-10T17:34:28.452+0530] GC(9)   Post Evacuate Collection Set: 0.5ms
[2026-02-10T17:34:28.452+0530] GC(9)   Other: 0.2ms
[2026-02-10T17:34:28.452+0530] GC(9) Eden regions: 55->0(50)
[2026-02-10T17:34:28.452+0530] GC(9) Survivor regions: 9->8(8)
[2026-02-10T17:34:28.453+0530] GC(9) Old regions: 23->33
[2026-02-10T17:34:28.453+0530] GC(9) Archive regions: 0->0
[2026-02-10T17:34:28.453+0530] GC(9) Humongous regions: 5->5
[2026-02-10T17:34:28.453+0530] GC(9) Metaspace: 36663K(37184K)->36663K(37184K) NonClass: 32675K(32960K)->32675K(32960K) Class: 3988K(4224K)->3988K(4224K)
[2026-02-10T17:34:28.453+0530] GC(9) Pause Young (Normal) (G1 Evacuation Pause) 92M->45M(128M) 24.866ms
[2026-02-10T17:34:28.453+0530] GC(9) User=0.09s Sys=0.00s Real=0.02s
[2026-02-10T17:34:28.627+0530] Heap
[2026-02-10T17:34:28.627+0530]  garbage-first heap   total 131072K, used 64049K [0x00000000f8000000, 0x0000000100000000)
[2026-02-10T17:34:28.627+0530]   region size 1024K, 26 young (26624K), 8 survivors (8192K)
[2026-02-10T17:34:28.627+0530]  Metaspace       used 36746K, committed 37248K, reserved 1114112K
[2026-02-10T17:34:28.627+0530]   class space    used 3997K, committed 4288K, reserved 1048576K
