[2026-02-10T17:36:32.181+0530] Using G1
[2026-02-10T17:36:32.184+0530] Version: 17.0.12+8-LTS-286 (release)
[2026-02-10T17:36:32.184+0530] CPUs: 8 total, 4 available
[2026-02-10T17:36:32.184+0530] Memory: 7914M
[2026-02-10T17:36:32.184+0530] Large Page Support: Disabled
[2026-02-10T17:36:32.184+0530] NUMA Support: Disabled
[2026-02-10T17:36:32.184+0530] Compressed Oops: Enabled (32-bit)
[2026-02-10T17:36:32.184+0530] Heap Region Size: 1M
[2026-02-10T17:36:32.184+0530] Heap Min Capacity: 256M
[2026-02-10T17:36:32.184+0530] Heap Initial Capacity: 256M
[2026-02-10T17:36:32.184+0530] Heap Max Capacity: 256M
[2026-02-10T17:36:32.184+0530] Pre-touch: Disabled
[2026-02-10T17:36:32.185+0530] Parallel Workers: 4
[2026-02-10T17:36:32.185+0530] Concurrent Workers: 1
[2026-02-10T17:36:32.185+0530] Concurrent Refinement Workers: 4
[2026-02-10T17:36:32.185+0530] Periodic GC: Disabled
[2026-02-10T17:36:32.200+0530] CDS archive(s) mapped at: [0x000001d9b2000000-0x000001d9b2bd0000-0x000001d9b2bd0000), size 12386304, SharedBaseAddress: 0x000001d9b2000000, ArchiveRelocationMode: 1.
[2026-02-10T17:36:32.200+0530] Compressed class space mapped at: 0x000001d9b3000000-0x000001d9f3000000, reserved size: 1073741824
[2026-02-10T17:36:32.200+0530] Narrow klass base: 0x000001d9b2000000, Narrow klass shift: 0, Narrow klass range: 0x100000000
[2026-02-10T17:36:32.862+0530] GC(0) Pause Young (Normal) (G1 Evacuation Pause)
[2026-02-10T17:36:32.862+0530] GC(0) Using 4 workers of 4 for evacuation
[2026-02-10T17:36:32.868+0530] GC(0)   Pre Evacuate Collection Set: 0.1ms
[2026-02-10T17:36:32.868+0530] GC(0)   Merge Heap Roots: 0.1ms
[2026-02-10T17:36:32.868+0530] GC(0)   Evacuate Collection Set: 5.9ms
[2026-02-10T17:36:32.868+0530] GC(0)   Post Evacuate Collection Set: 0.4ms
[2026-02-10T17:36:32.868+0530] GC(0)   Other: 0.4ms
[2026-02-10T17:36:32.868+0530] GC(0) Eden regions: 13->0(13)
[2026-02-10T17:36:32.868+0530] GC(0) Survivor regions: 0->2(2)
[2026-02-10T17:36:32.868+0530] GC(0) Old regions: 0->3
[2026-02-10T17:36:32.868+0530] GC(0) Archive regions: 0->0
[2026-02-10T17:36:32.868+0530] GC(0) Humongous regions: 5->5
[2026-02-10T17:36:32.868+0530] GC(0) Metaspace: 4445K(4672K)->4445K(4672K) NonClass: 3965K(4096K)->3965K(4096K) Class: 480K(576K)->480K(576K)
[2026-02-10T17:36:32.868+0530] GC(0) Pause Young (Normal) (G1 Evacuation Pause) 18M->9M(256M) 7.061ms
[2026-02-10T17:36:32.868+0530] GC(0) User=0.00s Sys=0.00s Real=0.01s
[2026-02-10T17:36:33.065+0530] GC(1) Pause Young (Normal) (G1 Evacuation Pause)
[2026-02-10T17:36:33.065+0530] GC(1) Using 4 workers of 4 for evacuation
[2026-02-10T17:36:33.077+0530] GC(1)   Pre Evacuate Collection Set: 0.1ms
[2026-02-10T17:36:33.077+0530] GC(1)   Merge Heap Roots: 0.1ms
[2026-02-10T17:36:33.077+0530] GC(1)   Evacuate Collection Set: 11.4ms
[2026-02-10T17:36:33.077+0530] GC(1)   Post Evacuate Collection Set: 0.4ms
[2026-02-10T17:36:33.077+0530] GC(1)   Other: 0.1ms
[2026-02-10T17:36:33.077+0530] GC(1) Eden regions: 13->0(18)
[2026-02-10T17:36:33.077+0530] GC(1) Survivor regions: 2->2(2)
[2026-02-10T17:36:33.077+0530] GC(1) Old regions: 3->6
[2026-02-10T17:36:33.077+0530] GC(1) Archive regions: 0->0
[2026-02-10T17:36:33.077+0530] GC(1) Humongous regions: 5->5
[2026-02-10T17:36:33.077+0530] GC(1) Metaspace: 5994K(6144K)->5994K(6144K) NonClass: 5336K(5440K)->5336K(5440K) Class: 657K(704K)->657K(704K)
[2026-02-10T17:36:33.078+0530] GC(1) Pause Young (Normal) (G1 Evacuation Pause) 22M->12M(256M) 12.586ms
[2026-02-10T17:36:33.078+0530] GC(1) User=0.03s Sys=0.02s Real=0.01s
[2026-02-10T17:36:33.540+0530] GC(2) Pause Young (Normal) (G1 Evacuation Pause)
[2026-02-10T17:36:33.540+0530] GC(2) Using 4 workers of 4 for evacuation
[2026-02-10T17:36:33.546+0530] GC(2)   Pre Evacuate Collection Set: 0.1ms
[2026-02-10T17:36:33.546+0530] GC(2)   Merge Heap Roots: 0.0ms
[2026-02-10T17:36:33.546+0530] GC(2)   Evacuate Collection Set: 5.5ms
[2026-02-10T17:36:33.547+0530] GC(2)   Post Evacuate Collection Set: 0.4ms
[2026-02-10T17:36:33.547+0530] GC(2)   Other: 0.1ms
[2026-02-10T17:36:33.547+0530] GC(2) Eden regions: 18->0(92)
[2026-02-10T17:36:33.547+0530] GC(2) Survivor regions: 2->2(3)
[2026-02-10T17:36:33.547+0530] GC(2) Old regions: 6->8
[2026-02-10T17:36:33.547+0530] GC(2) Archive regions: 0->0
[2026-02-10T17:36:33.547+0530] GC(2) Humongous regions: 5->5
[2026-02-10T17:36:33.547+0530] GC(2) Metaspace: 11394K(11584K)->11394K(11584K) NonClass: 10108K(10176K)->10108K(10176K) Class: 1286K(1408K)->1286K(1408K)
[2026-02-10T17:36:33.547+0530] GC(2) Pause Young (Normal) (G1 Evacuation Pause) 30M->14M(256M) 6.441ms
[2026-02-10T17:36:33.547+0530] GC(2) User=0.02s Sys=0.05s Real=0.01s
[2026-02-10T17:36:34.956+0530] GC(3) Pause Young (Concurrent Start) (Metadata GC Threshold)
[2026-02-10T17:36:34.956+0530] GC(3) Using 4 workers of 4 for evacuation
[2026-02-10T17:36:34.965+0530] GC(3)   Pre Evacuate Collection Set: 0.1ms
[2026-02-10T17:36:34.965+0530] GC(3)   Merge Heap Roots: 0.1ms
[2026-02-10T17:36:34.965+0530] GC(3)   Evacuate Collection Set: 8.0ms
[2026-02-10T17:36:34.965+0530] GC(3)   Post Evacuate Collection Set: 0.5ms
[2026-02-10T17:36:34.965+0530] GC(3)   Other: 0.2ms
[2026-02-10T17:36:34.965+0530] GC(3) Eden regions: 63->0(108)
[2026-02-10T17:36:34.965+0530] GC(3) Survivor regions: 2->12(12)
[2026-02-10T17:36:34.965+0530] GC(3) Old regions: 8->9
[2026-02-10T17:36:34.965+0530] GC(3) Archive regions: 0->0
[2026-02-10T17:36:34.965+0530] GC(3) Humongous regions: 5->5
[2026-02-10T17:36:34.965+0530] GC(3) Metaspace: 21230K(21504K)->21230K(21504K) NonClass: 19063K(19200K)->19063K(19200K) Class: 2166K(2304K)->2166K(2304K)
[2026-02-10T17:36:34.965+0530] GC(3) Pause Young (Concurrent Start) (Metadata GC Threshold) 77M->25M(256M) 9.154ms
[2026-02-10T17:36:34.965+0530] GC(3) User=0.00s Sys=0.00s Real=0.01s
[2026-02-10T17:36:34.965+0530] GC(4) Concurrent Mark Cycle
[2026-02-10T17:36:34.965+0530] GC(4) Concurrent Clear Claimed Marks
[2026-02-10T17:36:34.965+0530] GC(4) Concurrent Clear Claimed Marks 0.035ms
[2026-02-10T17:36:34.965+0530] GC(4) Concurrent Scan Root Regions
[2026-02-10T17:36:34.970+0530] GC(4) Concurrent Scan Root Regions 4.963ms
[2026-02-10T17:36:34.970+0530] GC(4) Concurrent Mark
[2026-02-10T17:36:34.970+0530] GC(4) Concurrent Mark From Roots
[2026-02-10T17:36:34.970+0530] GC(4) Using 1 workers of 1 for marking
[2026-02-10T17:36:34.996+0530] GC(4) Concurrent Mark From Roots 25.603ms
[2026-02-10T17:36:34.996+0530] GC(4) Concurrent Preclean
[2026-02-10T17:36:34.997+0530] GC(4) Concurrent Preclean 0.080ms
[2026-02-10T17:36:34.997+0530] GC(4) Pause Remark
[2026-02-10T17:36:35.001+0530] GC(4) Pause Remark 26M->26M(256M) 4.428ms
[2026-02-10T17:36:35.001+0530] GC(4) User=0.03s Sys=0.02s Real=0.00s
[2026-02-10T17:36:35.001+0530] GC(4) Concurrent Mark 30.619ms
[2026-02-10T17:36:35.001+0530] GC(4) Concurrent Rebuild Remembered Sets
[2026-02-10T17:36:35.013+0530] GC(4) Concurrent Rebuild Remembered Sets 12.086ms
[2026-02-10T17:36:35.014+0530] GC(4) Pause Cleanup
[2026-02-10T17:36:35.014+0530] GC(4) Pause Cleanup 26M->26M(256M) 0.159ms
[2026-02-10T17:36:35.014+0530] GC(4) User=0.02s Sys=0.00s Real=0.00s
[2026-02-10T17:36:35.014+0530] GC(4) Concurrent Cleanup for Next Mark
[2026-02-10T17:36:35.016+0530] GC(4) Concurrent Cleanup for Next Mark 1.875ms
[2026-02-10T17:36:35.017+0530] GC(4) Concurrent Mark Cycle 50.693ms
[2026-02-10T17:36:37.325+0530] GC(5) Pause Young (Concurrent Start) (Metadata GC Threshold)
[2026-02-10T17:36:37.325+0530] GC(5) Using 4 workers of 4 for evacuation
[2026-02-10T17:36:37.341+0530] GC(5)   Pre Evacuate Collection Set: 0.2ms
[2026-02-10T17:36:37.341+0530] GC(5)   Merge Heap Roots: 0.1ms
[2026-02-10T17:36:37.341+0530] GC(5)   Evacuate Collection Set: 14.6ms
[2026-02-10T17:36:37.341+0530] GC(5)   Post Evacuate Collection Set: 0.7ms
[2026-02-10T17:36:37.341+0530] GC(5)   Other: 0.2ms
[2026-02-10T17:36:37.341+0530] GC(5) Eden regions: 106->0(147)
[2026-02-10T17:36:37.341+0530] GC(5) Survivor regions: 12->6(15)
[2026-02-10T17:36:37.341+0530] GC(5) Old regions: 9->20
[2026-02-10T17:36:37.341+0530] GC(5) Archive regions: 0->0
[2026-02-10T17:36:37.341+0530] GC(5) Humongous regions: 5->5
[2026-02-10T17:36:37.342+0530] GC(5) Metaspace: 35443K(35968K)->35443K(35968K) NonClass: 31506K(31744K)->31506K(31744K) Class: 3937K(4224K)->3937K(4224K)
[2026-02-10T17:36:37.342+0530] GC(5) Pause Young (Concurrent Start) (Metadata GC Threshold) 131M->29M(256M) 16.963ms
[2026-02-10T17:36:37.342+0530] GC(5) User=0.03s Sys=0.03s Real=0.02s
[2026-02-10T17:36:37.342+0530] GC(6) Concurrent Mark Cycle
[2026-02-10T17:36:37.342+0530] GC(6) Concurrent Clear Claimed Marks
[2026-02-10T17:36:37.342+0530] GC(6) Concurrent Clear Claimed Marks 0.042ms
[2026-02-10T17:36:37.342+0530] GC(6) Concurrent Scan Root Regions
[2026-02-10T17:36:37.352+0530] GC(6) Concurrent Scan Root Regions 10.123ms
[2026-02-10T17:36:37.352+0530] GC(6) Concurrent Mark
[2026-02-10T17:36:37.352+0530] GC(6) Concurrent Mark From Roots
[2026-02-10T17:36:37.352+0530] GC(6) Using 1 workers of 1 for marking
[2026-02-10T17:36:37.376+0530] GC(6) Concurrent Mark From Roots 23.628ms
[2026-02-10T17:36:37.376+0530] GC(6) Concurrent Preclean
[2026-02-10T17:36:37.376+0530] GC(6) Concurrent Preclean 0.063ms
[2026-02-10T17:36:37.376+0530] GC(6) Pause Remark
[2026-02-10T17:36:37.381+0530] GC(6) Pause Remark 31M->31M(256M) 5.366ms
[2026-02-10T17:36:37.381+0530] GC(6) User=0.00s Sys=0.00s Real=0.01s
[2026-02-10T17:36:37.382+0530] GC(6) Concurrent Mark 29.398ms
[2026-02-10T17:36:37.382+0530] GC(6) Concurrent Rebuild Remembered Sets
[2026-02-10T17:36:37.396+0530] GC(6) Concurrent Rebuild Remembered Sets 13.918ms
[2026-02-10T17:36:37.396+0530] GC(6) Pause Cleanup
[2026-02-10T17:36:37.396+0530] GC(6) Pause Cleanup 31M->31M(256M) 0.130ms
[2026-02-10T17:36:37.396+0530] GC(6) User=0.00s Sys=0.00s Real=0.00s
[2026-02-10T17:36:37.397+0530] GC(6) Concurrent Cleanup for Next Mark
[2026-02-10T17:36:37.399+0530] GC(6) Concurrent Cleanup for Next Mark 3.251ms
[2026-02-10T17:36:37.399+0530] GC(6) Concurrent Mark Cycle 57.429ms
[2026-02-10T17:36:39.754+0530] Heap
[2026-02-10T17:36:39.754+0530]  garbage-first heap   total 262144K, used 165088K [0x00000000f0000000, 0x0000000100000000)
[2026-02-10T17:36:39.754+0530]   region size 1024K, 138 young (141312K), 6 survivors (6144K)
[2026-02-10T17:36:39.754+0530]  Metaspace       used 36721K, committed 37248K, reserved 1114112K
[2026-02-10T17:36:39.754+0530]   class space    used 4004K, committed 4288K, reserved 1048576K
