[2026-02-10T17:35:20.484+0530] Using G1
[2026-02-10T17:35:20.489+0530] Version: 17.0.12+8-LTS-286 (release)
[2026-02-10T17:35:20.489+0530] CPUs: 8 total, 4 available
[2026-02-10T17:35:20.489+0530] Memory: 7914M
[2026-02-10T17:35:20.489+0530] Large Page Support: Disabled
[2026-02-10T17:35:20.489+0530] NUMA Support: Disabled
[2026-02-10T17:35:20.489+0530] Compressed Oops: Enabled (32-bit)
[2026-02-10T17:35:20.489+0530] Heap Region Size: 1M
[2026-02-10T17:35:20.489+0530] Heap Min Capacity: 128M
[2026-02-10T17:35:20.489+0530] Heap Initial Capacity: 128M
[2026-02-10T17:35:20.489+0530] Heap Max Capacity: 128M
[2026-02-10T17:35:20.489+0530] Pre-touch: Disabled
[2026-02-10T17:35:20.489+0530] Parallel Workers: 4
[2026-02-10T17:35:20.490+0530] Concurrent Workers: 1
[2026-02-10T17:35:20.490+0530] Concurrent Refinement Workers: 4
[2026-02-10T17:35:20.490+0530] Periodic GC: Disabled
[2026-02-10T17:35:20.509+0530] CDS archive(s) mapped at: [0x000001c80f000000-0x000001c80fbd0000-0x000001c80fbd0000), size 12386304, SharedBaseAddress: 0x000001c80f000000, ArchiveRelocationMode: 1.
[2026-02-10T17:35:20.509+0530] Compressed class space mapped at: 0x000001c810000000-0x000001c850000000, reserved size: 1073741824
[2026-02-10T17:35:20.509+0530] Narrow klass base: 0x000001c80f000000, Narrow klass shift: 0, Narrow klass range: 0x100000000
[2026-02-10T17:35:21.428+0530] GC(0) Pause Young (Normal) (G1 Evacuation Pause)
[2026-02-10T17:35:21.428+0530] GC(0) Using 3 workers of 4 for evacuation
[2026-02-10T17:35:21.437+0530] GC(0)   Pre Evacuate Collection Set: 0.0ms
[2026-02-10T17:35:21.437+0530] GC(0)   Merge Heap Roots: 0.0ms
[2026-02-10T17:35:21.437+0530] GC(0)   Evacuate Collection Set: 8.1ms
[2026-02-10T17:35:21.437+0530] GC(0)   Post Evacuate Collection Set: 0.7ms
[2026-02-10T17:35:21.437+0530] GC(0)   Other: 0.5ms
[2026-02-10T17:35:21.437+0530] GC(0) Eden regions: 13->0(13)
[2026-02-10T17:35:21.437+0530] GC(0) Survivor regions: 0->2(2)
[2026-02-10T17:35:21.438+0530] GC(0) Old regions: 0->3
[2026-02-10T17:35:21.438+0530] GC(0) Archive regions: 0->0
[2026-02-10T17:35:21.438+0530] GC(0) Humongous regions: 5->5
[2026-02-10T17:35:21.438+0530] GC(0) Metaspace: 4464K(4672K)->4464K(4672K) NonClass: 3984K(4096K)->3984K(4096K) Class: 480K(576K)->480K(576K)
[2026-02-10T17:35:21.438+0530] GC(0) Pause Young (Normal) (G1 Evacuation Pause) 18M->9M(128M) 9.847ms
[2026-02-10T17:35:21.438+0530] GC(0) User=0.03s Sys=0.02s Real=0.01s
[2026-02-10T17:35:21.741+0530] GC(1) Pause Young (Normal) (G1 Evacuation Pause)
[2026-02-10T17:35:21.741+0530] GC(1) Using 3 workers of 4 for evacuation
[2026-02-10T17:35:21.752+0530] GC(1)   Pre Evacuate Collection Set: 0.1ms
[2026-02-10T17:35:21.752+0530] GC(1)   Merge Heap Roots: 0.1ms
[2026-02-10T17:35:21.752+0530] GC(1)   Evacuate Collection Set: 9.9ms
[2026-02-10T17:35:21.752+0530] GC(1)   Post Evacuate Collection Set: 0.4ms
[2026-02-10T17:35:21.752+0530] GC(1)   Other: 0.2ms
[2026-02-10T17:35:21.752+0530] GC(1) Eden regions: 13->0(19)
[2026-02-10T17:35:21.752+0530] GC(1) Survivor regions: 2->2(2)
[2026-02-10T17:35:21.752+0530] GC(1) Old regions: 3->6
[2026-02-10T17:35:21.752+0530] GC(1) Archive regions: 0->0
[2026-02-10T17:35:21.752+0530] GC(1) Humongous regions: 5->5
[2026-02-10T17:35:21.752+0530] GC(1) Metaspace: 6016K(6144K)->6016K(6144K) NonClass: 5358K(5440K)->5358K(5440K) Class: 657K(704K)->657K(704K)
[2026-02-10T17:35:21.752+0530] GC(1) Pause Young (Normal) (G1 Evacuation Pause) 22M->12M(128M) 10.833ms
[2026-02-10T17:35:21.752+0530] GC(1) User=0.02s Sys=0.05s Real=0.01s
[2026-02-10T17:35:22.433+0530] GC(2) Pause Young (Normal) (G1 Evacuation Pause)
[2026-02-10T17:35:22.433+0530] GC(2) Using 3 workers of 4 for evacuation
[2026-02-10T17:35:22.438+0530] GC(2)   Pre Evacuate Collection Set: 0.1ms
[2026-02-10T17:35:22.438+0530] GC(2)   Merge Heap Roots: 0.0ms
[2026-02-10T17:35:22.438+0530] GC(2)   Evacuate Collection Set: 5.1ms
[2026-02-10T17:35:22.438+0530] GC(2)   Post Evacuate Collection Set: 0.4ms
[2026-02-10T17:35:22.438+0530] GC(2)   Other: 0.1ms
[2026-02-10T17:35:22.438+0530] GC(2) Eden regions: 19->0(70)
[2026-02-10T17:35:22.438+0530] GC(2) Survivor regions: 2->2(3)
[2026-02-10T17:35:22.438+0530] GC(2) Old regions: 6->8
[2026-02-10T17:35:22.438+0530] GC(2) Archive regions: 0->0
[2026-02-10T17:35:22.438+0530] GC(2) Humongous regions: 5->5
[2026-02-10T17:35:22.440+0530] GC(2) Metaspace: 11673K(11904K)->11673K(11904K) NonClass: 10352K(10496K)->10352K(10496K) Class: 1320K(1408K)->1320K(1408K)
[2026-02-10T17:35:22.440+0530] GC(2) Pause Young (Normal) (G1 Evacuation Pause) 31M->14M(128M) 5.971ms
[2026-02-10T17:35:22.440+0530] GC(2) User=0.05s Sys=0.00s Real=0.01s
[2026-02-10T17:35:23.648+0530] GC(3) Pause Young (Concurrent Start) (Metadata GC Threshold)
[2026-02-10T17:35:23.648+0530] GC(3) Using 3 workers of 4 for evacuation
[2026-02-10T17:35:23.658+0530] GC(3)   Pre Evacuate Collection Set: 0.1ms
[2026-02-10T17:35:23.658+0530] GC(3)   Merge Heap Roots: 0.1ms
[2026-02-10T17:35:23.658+0530] GC(3)   Evacuate Collection Set: 9.0ms
[2026-02-10T17:35:23.658+0530] GC(3)   Post Evacuate Collection Set: 0.5ms
[2026-02-10T17:35:23.658+0530] GC(3)   Other: 0.2ms
[2026-02-10T17:35:23.658+0530] GC(3) Eden regions: 62->0(55)
[2026-02-10T17:35:23.659+0530] GC(3) Survivor regions: 2->9(9)
[2026-02-10T17:35:23.659+0530] GC(3) Old regions: 8->12
[2026-02-10T17:35:23.659+0530] GC(3) Archive regions: 0->0
[2026-02-10T17:35:23.659+0530] GC(3) Humongous regions: 5->5
[2026-02-10T17:35:23.659+0530] GC(3) Metaspace: 21261K(21504K)->21261K(21504K) NonClass: 19086K(19200K)->19086K(19200K) Class: 2174K(2304K)->2174K(2304K)
[2026-02-10T17:35:23.659+0530] GC(3) Pause Young (Concurrent Start) (Metadata GC Threshold) 76M->25M(128M) 10.260ms
[2026-02-10T17:35:23.659+0530] GC(3) User=0.03s Sys=0.03s Real=0.01s
[2026-02-10T17:35:23.659+0530] GC(4) Concurrent Mark Cycle
[2026-02-10T17:35:23.659+0530] GC(4) Concurrent Clear Claimed Marks
[2026-02-10T17:35:23.659+0530] GC(4) Concurrent Clear Claimed Marks 0.040ms
[2026-02-10T17:35:23.659+0530] GC(4) Concurrent Scan Root Regions
[2026-02-10T17:35:23.663+0530] GC(4) Concurrent Scan Root Regions 4.689ms
[2026-02-10T17:35:23.663+0530] GC(4) Concurrent Mark
[2026-02-10T17:35:23.663+0530] GC(4) Concurrent Mark From Roots
[2026-02-10T17:35:23.663+0530] GC(4) Using 1 workers of 1 for marking
[2026-02-10T17:35:23.684+0530] GC(4) Concurrent Mark From Roots 21.001ms
[2026-02-10T17:35:23.684+0530] GC(4) Concurrent Preclean
[2026-02-10T17:35:23.684+0530] GC(4) Concurrent Preclean 0.068ms
[2026-02-10T17:35:23.684+0530] GC(4) Pause Remark
[2026-02-10T17:35:23.688+0530] GC(4) Pause Remark 26M->26M(128M) 4.047ms
[2026-02-10T17:35:23.688+0530] GC(4) User=0.05s Sys=0.02s Real=0.00s
[2026-02-10T17:35:23.689+0530] GC(4) Concurrent Mark 25.552ms
[2026-02-10T17:35:23.689+0530] GC(4) Concurrent Rebuild Remembered Sets
[2026-02-10T17:35:23.702+0530] GC(4) Concurrent Rebuild Remembered Sets 12.450ms
[2026-02-10T17:35:23.702+0530] GC(4) Pause Cleanup
[2026-02-10T17:35:23.702+0530] GC(4) Pause Cleanup 26M->26M(128M) 0.098ms
[2026-02-10T17:35:23.702+0530] GC(4) User=0.00s Sys=0.00s Real=0.00s
[2026-02-10T17:35:23.702+0530] GC(4) Concurrent Cleanup for Next Mark
[2026-02-10T17:35:23.703+0530] GC(4) Concurrent Cleanup for Next Mark 1.005ms
[2026-02-10T17:35:23.703+0530] GC(4) Concurrent Mark Cycle 44.368ms
[2026-02-10T17:35:24.952+0530] GC(5) Pause Young (Normal) (G1 Evacuation Pause)
[2026-02-10T17:35:24.952+0530] GC(5) Using 3 workers of 4 for evacuation
[2026-02-10T17:35:24.974+0530] GC(5)   Pre Evacuate Collection Set: 0.1ms
[2026-02-10T17:35:24.974+0530] GC(5)   Merge Heap Roots: 0.1ms
[2026-02-10T17:35:24.974+0530] GC(5)   Evacuate Collection Set: 21.1ms
[2026-02-10T17:35:24.974+0530] GC(5)   Post Evacuate Collection Set: 0.5ms
[2026-02-10T17:35:24.975+0530] GC(5)   Other: 0.2ms
[2026-02-10T17:35:24.975+0530] GC(5) Eden regions: 55->0(55)
[2026-02-10T17:35:24.975+0530] GC(5) Survivor regions: 9->4(8)
[2026-02-10T17:35:24.975+0530] GC(5) Old regions: 12->21
[2026-02-10T17:35:24.975+0530] GC(5) Archive regions: 0->0
[2026-02-10T17:35:24.975+0530] GC(5) Humongous regions: 5->5
[2026-02-10T17:35:24.975+0530] GC(5) Metaspace: 27503K(27968K)->27503K(27968K) NonClass: 24545K(24832K)->24545K(24832K) Class: 2958K(3136K)->2958K(3136K)
[2026-02-10T17:35:24.975+0530] GC(5) Pause Young (Normal) (G1 Evacuation Pause) 80M->28M(128M) 22.182ms
[2026-02-10T17:35:24.975+0530] GC(5) User=0.05s Sys=0.00s Real=0.02s
[2026-02-10T17:35:26.221+0530] GC(6) Pause Young (Concurrent Start) (Metadata GC Threshold)
[2026-02-10T17:35:26.221+0530] GC(6) Using 3 workers of 4 for evacuation
[2026-02-10T17:35:26.233+0530] GC(6)   Pre Evacuate Collection Set: 0.1ms
[2026-02-10T17:35:26.233+0530] GC(6)   Merge Heap Roots: 0.1ms
[2026-02-10T17:35:26.233+0530] GC(6)   Evacuate Collection Set: 10.4ms
[2026-02-10T17:35:26.233+0530] GC(6)   Post Evacuate Collection Set: 0.5ms
[2026-02-10T17:35:26.233+0530] GC(6)   Other: 0.2ms
[2026-02-10T17:35:26.233+0530] GC(6) Eden regions: 52->0(58)
[2026-02-10T17:35:26.233+0530] GC(6) Survivor regions: 4->6(8)
[2026-02-10T17:35:26.233+0530] GC(6) Old regions: 21->21
[2026-02-10T17:35:26.233+0530] GC(6) Archive regions: 0->0
[2026-02-10T17:35:26.233+0530] GC(6) Humongous regions: 5->5
[2026-02-10T17:35:26.233+0530] GC(6) Metaspace: 35716K(36288K)->35716K(36288K) NonClass: 31775K(32064K)->31775K(32064K) Class: 3941K(4224K)->3941K(4224K)
[2026-02-10T17:35:26.233+0530] GC(6) Pause Young (Concurrent Start) (Metadata GC Threshold) 80M->31M(128M) 11.591ms
[2026-02-10T17:35:26.233+0530] GC(6) User=0.00s Sys=0.00s Real=0.01s
[2026-02-10T17:35:26.233+0530] GC(7) Concurrent Mark Cycle
[2026-02-10T17:35:26.233+0530] GC(7) Concurrent Clear Claimed Marks
[2026-02-10T17:35:26.233+0530] GC(7) Concurrent Clear Claimed Marks 0.054ms
[2026-02-10T17:35:26.233+0530] GC(7) Concurrent Scan Root Regions
[2026-02-10T17:35:26.242+0530] GC(7) Concurrent Scan Root Regions 8.886ms
[2026-02-10T17:35:26.242+0530] GC(7) Concurrent Mark
[2026-02-10T17:35:26.242+0530] GC(7) Concurrent Mark From Roots
[2026-02-10T17:35:26.243+0530] GC(7) Using 1 workers of 1 for marking
[2026-02-10T17:35:26.283+0530] GC(7) Concurrent Mark From Roots 41.246ms
[2026-02-10T17:35:26.283+0530] GC(7) Concurrent Preclean
[2026-02-10T17:35:26.284+0530] GC(7) Concurrent Preclean 0.079ms
[2026-02-10T17:35:26.284+0530] GC(7) Pause Remark
[2026-02-10T17:35:26.293+0530] GC(7) Pause Remark 31M->31M(128M) 9.576ms
[2026-02-10T17:35:26.293+0530] GC(7) User=0.00s Sys=0.00s Real=0.01s
[2026-02-10T17:35:26.293+0530] GC(7) Concurrent Mark 51.281ms
[2026-02-10T17:35:26.293+0530] GC(7) Concurrent Rebuild Remembered Sets
[2026-02-10T17:35:26.313+0530] GC(7) Concurrent Rebuild Remembered Sets 18.898ms
[2026-02-10T17:35:26.313+0530] GC(7) Pause Cleanup
[2026-02-10T17:35:26.313+0530] GC(7) Pause Cleanup 32M->32M(128M) 0.111ms
[2026-02-10T17:35:26.313+0530] GC(7) User=0.00s Sys=0.00s Real=0.00s
[2026-02-10T17:35:26.313+0530] GC(7) Concurrent Cleanup for Next Mark
[2026-02-10T17:35:26.314+0530] GC(7) Concurrent Cleanup for Next Mark 1.215ms
[2026-02-10T17:35:26.314+0530] GC(7) Concurrent Mark Cycle 81.091ms
[2026-02-10T17:35:28.266+0530] GC(8) Pause Young (Normal) (G1 Evacuation Pause)
[2026-02-10T17:35:28.266+0530] GC(8) Using 3 workers of 4 for evacuation
[2026-02-10T17:35:28.281+0530] GC(8)   Pre Evacuate Collection Set: 0.1ms
[2026-02-10T17:35:28.281+0530] GC(8)   Merge Heap Roots: 0.1ms
[2026-02-10T17:35:28.281+0530] GC(8)   Evacuate Collection Set: 14.6ms
[2026-02-10T17:35:28.281+0530] GC(8)   Post Evacuate Collection Set: 0.4ms
[2026-02-10T17:35:28.281+0530] GC(8)   Other: 0.2ms
[2026-02-10T17:35:28.281+0530] GC(8) Eden regions: 58->0(55)
[2026-02-10T17:35:28.281+0530] GC(8) Survivor regions: 6->8(8)
[2026-02-10T17:35:28.281+0530] GC(8) Old regions: 21->25
[2026-02-10T17:35:28.281+0530] GC(8) Archive regions: 0->0
[2026-02-10T17:35:28.281+0530] GC(8) Humongous regions: 5->5
[2026-02-10T17:35:28.281+0530] GC(8) Metaspace: 36527K(36992K)->36527K(36992K) NonClass: 32544K(32768K)->32544K(32768K) Class: 3982K(4224K)->3982K(4224K)
[2026-02-10T17:35:28.281+0530] GC(8) Pause Young (Normal) (G1 Evacuation Pause) 89M->37M(128M) 15.486ms
[2026-02-10T17:35:28.281+0530] GC(8) User=0.05s Sys=0.00s Real=0.01s
[2026-02-10T17:35:28.957+0530] GC(9) Pause Young (Normal) (G1 Evacuation Pause)
[2026-02-10T17:35:28.957+0530] GC(9) Using 3 workers of 4 for evacuation
[2026-02-10T17:35:28.985+0530] GC(9)   Pre Evacuate Collection Set: 0.1ms
[2026-02-10T17:35:28.985+0530] GC(9)   Merge Heap Roots: 0.1ms
[2026-02-10T17:35:28.985+0530] GC(9)   Evacuate Collection Set: 26.8ms
[2026-02-10T17:35:28.985+0530] GC(9)   Post Evacuate Collection Set: 0.4ms
[2026-02-10T17:35:28.985+0530] GC(9)   Other: 0.2ms
[2026-02-10T17:35:28.985+0530] GC(9) Eden regions: 55->0(50)
[2026-02-10T17:35:28.985+0530] GC(9) Survivor regions: 8->8(8)
[2026-02-10T17:35:28.985+0530] GC(9) Old regions: 25->33
[2026-02-10T17:35:28.985+0530] GC(9) Archive regions: 0->0
[2026-02-10T17:35:28.985+0530] GC(9) Humongous regions: 5->5
[2026-02-10T17:35:28.985+0530] GC(9) Metaspace: 36619K(37120K)->36619K(37120K) NonClass: 32631K(32896K)->32631K(32896K) Class: 3988K(4224K)->3988K(4224K)
[2026-02-10T17:35:28.985+0530] GC(9) Pause Young (Normal) (G1 Evacuation Pause) 92M->45M(128M) 27.818ms
[2026-02-10T17:35:28.985+0530] GC(9) User=0.11s Sys=0.02s Real=0.03s
[2026-02-10T17:35:29.168+0530] Heap
[2026-02-10T17:35:29.168+0530]  garbage-first heap   total 131072K, used 65714K [0x00000000f8000000, 0x0000000100000000)
[2026-02-10T17:35:29.168+0530]   region size 1024K, 27 young (27648K), 8 survivors (8192K)
[2026-02-10T17:35:29.168+0530]  Metaspace       used 36697K, committed 37184K, reserved 1114112K
[2026-02-10T17:35:29.168+0530]   class space    used 3996K, committed 4224K, reserved 1048576K
