[2026-02-10T21:57:26.675+0530] Using G1
[2026-02-10T21:57:26.682+0530] Version: 17.0.12+8-LTS-286 (release)
[2026-02-10T21:57:26.682+0530] CPUs: 8 total, 4 available
[2026-02-10T21:57:26.683+0530] Memory: 7914M
[2026-02-10T21:57:26.683+0530] Large Page Support: Disabled
[2026-02-10T21:57:26.683+0530] NUMA Support: Disabled
[2026-02-10T21:57:26.683+0530] Compressed Oops: Enabled (32-bit)
[2026-02-10T21:57:26.683+0530] Heap Region Size: 1M
[2026-02-10T21:57:26.683+0530] Heap Min Capacity: 512M
[2026-02-10T21:57:26.683+0530] Heap Initial Capacity: 512M
[2026-02-10T21:57:26.683+0530] Heap Max Capacity: 512M
[2026-02-10T21:57:26.683+0530] Pre-touch: Disabled
[2026-02-10T21:57:26.683+0530] Parallel Workers: 4
[2026-02-10T21:57:26.683+0530] Concurrent Workers: 1
[2026-02-10T21:57:26.683+0530] Concurrent Refinement Workers: 4
[2026-02-10T21:57:26.683+0530] Periodic GC: Disabled
[2026-02-10T21:57:26.701+0530] CDS archive(s) mapped at: [0x0000025a13000000-0x0000025a13bd0000-0x0000025a13bd0000), size 12386304, SharedBaseAddress: 0x0000025a13000000, ArchiveRelocationMode: 1.
[2026-02-10T21:57:26.701+0530] Compressed class space mapped at: 0x0000025a14000000-0x0000025a54000000, reserved size: 1073741824
[2026-02-10T21:57:26.701+0530] Narrow klass base: 0x0000025a13000000, Narrow klass shift: 0, Narrow klass range: 0x100000000
[2026-02-10T21:57:27.551+0530] GC(0) Pause Young (Normal) (G1 Evacuation Pause)
[2026-02-10T21:57:27.551+0530] GC(0) Using 4 workers of 4 for evacuation
[2026-02-10T21:57:27.563+0530] GC(0)   Pre Evacuate Collection Set: 0.1ms
[2026-02-10T21:57:27.563+0530] GC(0)   Merge Heap Roots: 0.1ms
[2026-02-10T21:57:27.563+0530] GC(0)   Evacuate Collection Set: 11.0ms
[2026-02-10T21:57:27.563+0530] GC(0)   Post Evacuate Collection Set: 0.6ms
[2026-02-10T21:57:27.563+0530] GC(0)   Other: 0.4ms
[2026-02-10T21:57:27.563+0530] GC(0) Eden regions: 25->0(21)
[2026-02-10T21:57:27.563+0530] GC(0) Survivor regions: 0->4(4)
[2026-02-10T21:57:27.563+0530] GC(0) Old regions: 0->4
[2026-02-10T21:57:27.563+0530] GC(0) Archive regions: 0->0
[2026-02-10T21:57:27.563+0530] GC(0) Humongous regions: 5->5
[2026-02-10T21:57:27.563+0530] GC(0) Metaspace: 5636K(5824K)->5636K(5824K) NonClass: 5034K(5120K)->5034K(5120K) Class: 602K(704K)->602K(704K)
[2026-02-10T21:57:27.563+0530] GC(0) Pause Young (Normal) (G1 Evacuation Pause) 30M->12M(512M) 12.435ms
[2026-02-10T21:57:27.563+0530] GC(0) User=0.00s Sys=0.00s Real=0.01s
[2026-02-10T21:57:28.099+0530] GC(1) Pause Young (Normal) (G1 Evacuation Pause)
[2026-02-10T21:57:28.099+0530] GC(1) Using 4 workers of 4 for evacuation
[2026-02-10T21:57:28.106+0530] GC(1)   Pre Evacuate Collection Set: 0.1ms
[2026-02-10T21:57:28.106+0530] GC(1)   Merge Heap Roots: 0.1ms
[2026-02-10T21:57:28.106+0530] GC(1)   Evacuate Collection Set: 6.8ms
[2026-02-10T21:57:28.106+0530] GC(1)   Post Evacuate Collection Set: 0.6ms
[2026-02-10T21:57:28.106+0530] GC(1)   Other: 0.2ms
[2026-02-10T21:57:28.107+0530] GC(1) Eden regions: 21->0(23)
[2026-02-10T21:57:28.107+0530] GC(1) Survivor regions: 4->2(4)
[2026-02-10T21:57:28.107+0530] GC(1) Old regions: 4->8
[2026-02-10T21:57:28.107+0530] GC(1) Archive regions: 0->0
[2026-02-10T21:57:28.107+0530] GC(1) Humongous regions: 5->5
[2026-02-10T21:57:28.107+0530] GC(1) Metaspace: 11762K(11968K)->11762K(11968K) NonClass: 10425K(10496K)->10425K(10496K) Class: 1336K(1472K)->1336K(1472K)
[2026-02-10T21:57:28.107+0530] GC(1) Pause Young (Normal) (G1 Evacuation Pause) 33M->14M(512M) 8.041ms
[2026-02-10T21:57:28.107+0530] GC(1) User=0.00s Sys=0.00s Real=0.01s
[2026-02-10T21:57:28.490+0530] GC(2) Pause Young (Normal) (G1 Evacuation Pause)
[2026-02-10T21:57:28.490+0530] GC(2) Using 4 workers of 4 for evacuation
[2026-02-10T21:57:28.495+0530] GC(2)   Pre Evacuate Collection Set: 0.1ms
[2026-02-10T21:57:28.495+0530] GC(2)   Merge Heap Roots: 0.1ms
[2026-02-10T21:57:28.495+0530] GC(2)   Evacuate Collection Set: 4.6ms
[2026-02-10T21:57:28.495+0530] GC(2)   Post Evacuate Collection Set: 0.4ms
[2026-02-10T21:57:28.495+0530] GC(2)   Other: 0.2ms
[2026-02-10T21:57:28.495+0530] GC(2) Eden regions: 23->0(36)
[2026-02-10T21:57:28.495+0530] GC(2) Survivor regions: 2->4(4)
[2026-02-10T21:57:28.495+0530] GC(2) Old regions: 8->15
[2026-02-10T21:57:28.495+0530] GC(2) Archive regions: 0->0
[2026-02-10T21:57:28.495+0530] GC(2) Humongous regions: 5->5
[2026-02-10T21:57:28.495+0530] GC(2) Metaspace: 14622K(14912K)->14622K(14912K) NonClass: 12970K(13120K)->12970K(13120K) Class: 1652K(1792K)->1652K(1792K)
[2026-02-10T21:57:28.495+0530] GC(2) Pause Young (Normal) (G1 Evacuation Pause) 37M->23M(512M) 5.600ms
[2026-02-10T21:57:28.495+0530] GC(2) User=0.00s Sys=0.00s Real=0.00s
[2026-02-10T21:57:29.510+0530] GC(3) Pause Young (Normal) (G1 Evacuation Pause)
[2026-02-10T21:57:29.510+0530] GC(3) Using 4 workers of 4 for evacuation
[2026-02-10T21:57:29.515+0530] GC(3)   Pre Evacuate Collection Set: 0.1ms
[2026-02-10T21:57:29.515+0530] GC(3)   Merge Heap Roots: 0.1ms
[2026-02-10T21:57:29.515+0530] GC(3)   Evacuate Collection Set: 5.0ms
[2026-02-10T21:57:29.515+0530] GC(3)   Post Evacuate Collection Set: 0.4ms
[2026-02-10T21:57:29.515+0530] GC(3)   Other: 0.2ms
[2026-02-10T21:57:29.515+0530] GC(3) Eden regions: 36->0(109)
[2026-02-10T21:57:29.515+0530] GC(3) Survivor regions: 4->2(5)
[2026-02-10T21:57:29.515+0530] GC(3) Old regions: 15->19
[2026-02-10T21:57:29.515+0530] GC(3) Archive regions: 0->0
[2026-02-10T21:57:29.515+0530] GC(3) Humongous regions: 5->5
[2026-02-10T21:57:29.515+0530] GC(3) Metaspace: 20162K(20480K)->20162K(20480K) NonClass: 18065K(18240K)->18065K(18240K) Class: 2097K(2240K)->2097K(2240K)
[2026-02-10T21:57:29.515+0530] GC(3) Pause Young (Normal) (G1 Evacuation Pause) 59M->25M(512M) 5.894ms
[2026-02-10T21:57:29.516+0530] GC(3) User=0.00s Sys=0.00s Real=0.01s
[2026-02-10T21:57:29.670+0530] GC(4) Pause Young (Concurrent Start) (Metadata GC Threshold)
[2026-02-10T21:57:29.670+0530] GC(4) Using 4 workers of 4 for evacuation
[2026-02-10T21:57:29.674+0530] GC(4)   Pre Evacuate Collection Set: 0.1ms
[2026-02-10T21:57:29.674+0530] GC(4)   Merge Heap Roots: 0.1ms
[2026-02-10T21:57:29.674+0530] GC(4)   Evacuate Collection Set: 2.6ms
[2026-02-10T21:57:29.674+0530] GC(4)   Post Evacuate Collection Set: 0.4ms
[2026-02-10T21:57:29.674+0530] GC(4)   Other: 0.2ms
[2026-02-10T21:57:29.674+0530] GC(4) Eden regions: 3->0(75)
[2026-02-10T21:57:29.674+0530] GC(4) Survivor regions: 2->3(14)
[2026-02-10T21:57:29.674+0530] GC(4) Old regions: 19->19
[2026-02-10T21:57:29.674+0530] GC(4) Archive regions: 0->0
[2026-02-10T21:57:29.674+0530] GC(4) Humongous regions: 5->5
[2026-02-10T21:57:29.674+0530] GC(4) Metaspace: 21236K(21504K)->21236K(21504K) NonClass: 19074K(19200K)->19074K(19200K) Class: 2162K(2304K)->2162K(2304K)
[2026-02-10T21:57:29.674+0530] GC(4) Pause Young (Concurrent Start) (Metadata GC Threshold) 28M->25M(512M) 3.593ms
[2026-02-10T21:57:29.674+0530] GC(4) User=0.00s Sys=0.00s Real=0.00s
[2026-02-10T21:57:29.674+0530] GC(5) Concurrent Mark Cycle
[2026-02-10T21:57:29.674+0530] GC(5) Concurrent Clear Claimed Marks
[2026-02-10T21:57:29.674+0530] GC(5) Concurrent Clear Claimed Marks 0.035ms
[2026-02-10T21:57:29.674+0530] GC(5) Concurrent Scan Root Regions
[2026-02-10T21:57:29.676+0530] GC(5) Concurrent Scan Root Regions 2.573ms
[2026-02-10T21:57:29.676+0530] GC(5) Concurrent Mark
[2026-02-10T21:57:29.676+0530] GC(5) Concurrent Mark From Roots
[2026-02-10T21:57:29.676+0530] GC(5) Using 1 workers of 1 for marking
[2026-02-10T21:57:29.704+0530] GC(5) Concurrent Mark From Roots 27.667ms
[2026-02-10T21:57:29.704+0530] GC(5) Concurrent Preclean
[2026-02-10T21:57:29.704+0530] GC(5) Concurrent Preclean 0.100ms
[2026-02-10T21:57:29.704+0530] GC(5) Pause Remark
[2026-02-10T21:57:29.712+0530] GC(5) Pause Remark 26M->26M(512M) 7.551ms
[2026-02-10T21:57:29.712+0530] GC(5) User=0.03s Sys=0.03s Real=0.01s
[2026-02-10T21:57:29.714+0530] GC(5) Concurrent Mark 36.867ms
[2026-02-10T21:57:29.714+0530] GC(5) Concurrent Rebuild Remembered Sets
[2026-02-10T21:57:29.726+0530] GC(5) Concurrent Rebuild Remembered Sets 12.942ms
[2026-02-10T21:57:29.726+0530] GC(5) Pause Cleanup
[2026-02-10T21:57:29.728+0530] GC(5) Pause Cleanup 26M->26M(512M) 1.667ms
[2026-02-10T21:57:29.728+0530] GC(5) User=0.00s Sys=0.00s Real=0.00s
[2026-02-10T21:57:29.728+0530] GC(5) Concurrent Cleanup for Next Mark
[2026-02-10T21:57:29.732+0530] GC(5) Concurrent Cleanup for Next Mark 3.350ms
[2026-02-10T21:57:29.732+0530] GC(5) Concurrent Mark Cycle 58.115ms
[2026-02-10T21:57:31.314+0530] GC(6) Pause Young (Normal) (G1 Evacuation Pause)
[2026-02-10T21:57:31.314+0530] GC(6) Using 4 workers of 4 for evacuation
[2026-02-10T21:57:31.324+0530] GC(6)   Pre Evacuate Collection Set: 0.1ms
[2026-02-10T21:57:31.324+0530] GC(6)   Merge Heap Roots: 0.1ms
[2026-02-10T21:57:31.324+0530] GC(6)   Evacuate Collection Set: 9.0ms
[2026-02-10T21:57:31.324+0530] GC(6)   Post Evacuate Collection Set: 0.5ms
[2026-02-10T21:57:31.324+0530] GC(6)   Other: 0.2ms
[2026-02-10T21:57:31.324+0530] GC(6) Eden regions: 75->0(290)
[2026-02-10T21:57:31.324+0530] GC(6) Survivor regions: 3->6(10)
[2026-02-10T21:57:31.324+0530] GC(6) Old regions: 19->19
[2026-02-10T21:57:31.324+0530] GC(6) Archive regions: 0->0
[2026-02-10T21:57:31.324+0530] GC(6) Humongous regions: 5->5
[2026-02-10T21:57:31.324+0530] GC(6) Metaspace: 27855K(28288K)->27855K(28288K) NonClass: 24863K(25088K)->24863K(25088K) Class: 2992K(3200K)->2992K(3200K)
[2026-02-10T21:57:31.324+0530] GC(6) Pause Young (Normal) (G1 Evacuation Pause) 100M->29M(512M) 10.053ms
[2026-02-10T21:57:31.324+0530] GC(6) User=0.05s Sys=0.02s Real=0.01s
[2026-02-10T21:57:32.219+0530] GC(7) Pause Young (Concurrent Start) (Metadata GC Threshold)
[2026-02-10T21:57:32.219+0530] GC(7) Using 4 workers of 4 for evacuation
[2026-02-10T21:57:32.228+0530] GC(7)   Pre Evacuate Collection Set: 0.1ms
[2026-02-10T21:57:32.228+0530] GC(7)   Merge Heap Roots: 0.1ms
[2026-02-10T21:57:32.228+0530] GC(7)   Evacuate Collection Set: 8.0ms
[2026-02-10T21:57:32.228+0530] GC(7)   Post Evacuate Collection Set: 0.4ms
[2026-02-10T21:57:32.229+0530] GC(7)   Other: 0.1ms
[2026-02-10T21:57:32.229+0530] GC(7) Eden regions: 34->0(299)
[2026-02-10T21:57:32.229+0530] GC(7) Survivor regions: 6->8(37)
[2026-02-10T21:57:32.229+0530] GC(7) Old regions: 19->19
[2026-02-10T21:57:32.229+0530] GC(7) Archive regions: 0->0
[2026-02-10T21:57:32.229+0530] GC(7) Humongous regions: 5->5
[2026-02-10T21:57:32.229+0530] GC(7) Metaspace: 35643K(36160K)->35643K(36160K) NonClass: 31712K(31936K)->31712K(31936K) Class: 3931K(4224K)->3931K(4224K)
[2026-02-10T21:57:32.229+0530] GC(7) Pause Young (Concurrent Start) (Metadata GC Threshold) 62M->30M(512M) 8.889ms
[2026-02-10T21:57:32.229+0530] GC(7) User=0.06s Sys=0.00s Real=0.01s
[2026-02-10T21:57:32.229+0530] GC(8) Concurrent Mark Cycle
[2026-02-10T21:57:32.229+0530] GC(8) Concurrent Clear Claimed Marks
[2026-02-10T21:57:32.229+0530] GC(8) Concurrent Clear Claimed Marks 0.041ms
[2026-02-10T21:57:32.229+0530] GC(8) Concurrent Scan Root Regions
[2026-02-10T21:57:32.236+0530] GC(8) Concurrent Scan Root Regions 8.271ms
[2026-02-10T21:57:32.236+0530] GC(8) Concurrent Mark
[2026-02-10T21:57:32.236+0530] GC(8) Concurrent Mark From Roots
[2026-02-10T21:57:32.236+0530] GC(8) Using 1 workers of 1 for marking
[2026-02-10T21:57:32.269+0530] GC(8) Concurrent Mark From Roots 31.578ms
[2026-02-10T21:57:32.269+0530] GC(8) Concurrent Preclean
[2026-02-10T21:57:32.269+0530] GC(8) Concurrent Preclean 0.091ms
[2026-02-10T21:57:32.269+0530] GC(8) Pause Remark
[2026-02-10T21:57:32.275+0530] GC(8) Pause Remark 31M->31M(512M) 6.556ms
[2026-02-10T21:57:32.275+0530] GC(8) User=0.02s Sys=0.00s Real=0.01s
[2026-02-10T21:57:32.276+0530] GC(8) Concurrent Mark 38.904ms
[2026-02-10T21:57:32.276+0530] GC(8) Concurrent Rebuild Remembered Sets
[2026-02-10T21:57:32.287+0530] GC(8) Concurrent Rebuild Remembered Sets 11.780ms
[2026-02-10T21:57:32.288+0530] GC(8) Pause Cleanup
[2026-02-10T21:57:32.288+0530] GC(8) Pause Cleanup 31M->31M(512M) 0.204ms
[2026-02-10T21:57:32.288+0530] GC(8) User=0.00s Sys=0.00s Real=0.00s
[2026-02-10T21:57:32.288+0530] GC(8) Concurrent Cleanup for Next Mark
[2026-02-10T21:57:32.292+0530] GC(8) Concurrent Cleanup for Next Mark 3.269ms
[2026-02-10T21:57:32.292+0530] GC(8) Concurrent Mark Cycle 63.229ms
[2026-02-10T21:57:35.684+0530] Heap
[2026-02-10T21:57:35.684+0530]  garbage-first heap   total 524288K, used 167293K [0x00000000e0000000, 0x0000000100000000)
[2026-02-10T21:57:35.684+0530]   region size 1024K, 142 young (145408K), 8 survivors (8192K)
[2026-02-10T21:57:35.684+0530]  Metaspace       used 36778K, committed 37312K, reserved 1114112K
[2026-02-10T21:57:35.684+0530]   class space    used 3993K, committed 4288K, reserved 1048576K
