[2026-02-10T17:37:59.479+0530] Using G1
[2026-02-10T17:37:59.483+0530] Version: 17.0.12+8-LTS-286 (release)
[2026-02-10T17:37:59.483+0530] CPUs: 8 total, 4 available
[2026-02-10T17:37:59.483+0530] Memory: 7914M
[2026-02-10T17:37:59.483+0530] Large Page Support: Disabled
[2026-02-10T17:37:59.483+0530] NUMA Support: Disabled
[2026-02-10T17:37:59.483+0530] Compressed Oops: Enabled (32-bit)
[2026-02-10T17:37:59.483+0530] Heap Region Size: 1M
[2026-02-10T17:37:59.483+0530] Heap Min Capacity: 256M
[2026-02-10T17:37:59.483+0530] Heap Initial Capacity: 256M
[2026-02-10T17:37:59.483+0530] Heap Max Capacity: 256M
[2026-02-10T17:37:59.483+0530] Pre-touch: Disabled
[2026-02-10T17:37:59.483+0530] Parallel Workers: 4
[2026-02-10T17:37:59.485+0530] Concurrent Workers: 1
[2026-02-10T17:37:59.485+0530] Concurrent Refinement Workers: 4
[2026-02-10T17:37:59.485+0530] Periodic GC: Disabled
[2026-02-10T17:37:59.497+0530] CDS archive(s) mapped at: [0x00000201cf000000-0x00000201cfbd0000-0x00000201cfbd0000), size 12386304, SharedBaseAddress: 0x00000201cf000000, ArchiveRelocationMode: 1.
[2026-02-10T17:37:59.497+0530] Compressed class space mapped at: 0x00000201d0000000-0x0000020210000000, reserved size: 1073741824
[2026-02-10T17:37:59.497+0530] Narrow klass base: 0x00000201cf000000, Narrow klass shift: 0, Narrow klass range: 0x100000000
[2026-02-10T17:38:00.189+0530] GC(0) Pause Young (Normal) (G1 Evacuation Pause)
[2026-02-10T17:38:00.189+0530] GC(0) Using 4 workers of 4 for evacuation
[2026-02-10T17:38:00.198+0530] GC(0)   Pre Evacuate Collection Set: 0.1ms
[2026-02-10T17:38:00.198+0530] GC(0)   Merge Heap Roots: 0.1ms
[2026-02-10T17:38:00.198+0530] GC(0)   Evacuate Collection Set: 6.9ms
[2026-02-10T17:38:00.198+0530] GC(0)   Post Evacuate Collection Set: 0.5ms
[2026-02-10T17:38:00.198+0530] GC(0)   Other: 0.5ms
[2026-02-10T17:38:00.198+0530] GC(0) Eden regions: 13->0(13)
[2026-02-10T17:38:00.198+0530] GC(0) Survivor regions: 0->2(2)
[2026-02-10T17:38:00.198+0530] GC(0) Old regions: 0->3
[2026-02-10T17:38:00.198+0530] GC(0) Archive regions: 0->0
[2026-02-10T17:38:00.198+0530] GC(0) Humongous regions: 5->5
[2026-02-10T17:38:00.198+0530] GC(0) Metaspace: 4457K(4672K)->4457K(4672K) NonClass: 3977K(4096K)->3977K(4096K) Class: 480K(576K)->480K(576K)
[2026-02-10T17:38:00.198+0530] GC(0) Pause Young (Normal) (G1 Evacuation Pause) 18M->9M(256M) 8.284ms
[2026-02-10T17:38:00.198+0530] GC(0) User=0.00s Sys=0.00s Real=0.01s
[2026-02-10T17:38:00.412+0530] GC(1) Pause Young (Normal) (G1 Evacuation Pause)
[2026-02-10T17:38:00.412+0530] GC(1) Using 4 workers of 4 for evacuation
[2026-02-10T17:38:00.423+0530] GC(1)   Pre Evacuate Collection Set: 0.1ms
[2026-02-10T17:38:00.423+0530] GC(1)   Merge Heap Roots: 0.1ms
[2026-02-10T17:38:00.423+0530] GC(1)   Evacuate Collection Set: 9.5ms
[2026-02-10T17:38:00.423+0530] GC(1)   Post Evacuate Collection Set: 0.3ms
[2026-02-10T17:38:00.423+0530] GC(1)   Other: 0.2ms
[2026-02-10T17:38:00.423+0530] GC(1) Eden regions: 13->0(19)
[2026-02-10T17:38:00.423+0530] GC(1) Survivor regions: 2->2(2)
[2026-02-10T17:38:00.423+0530] GC(1) Old regions: 3->6
[2026-02-10T17:38:00.423+0530] GC(1) Archive regions: 0->0
[2026-02-10T17:38:00.423+0530] GC(1) Humongous regions: 5->5
[2026-02-10T17:38:00.423+0530] GC(1) Metaspace: 6013K(6144K)->6013K(6144K) NonClass: 5356K(5440K)->5356K(5440K) Class: 657K(704K)->657K(704K)
[2026-02-10T17:38:00.423+0530] GC(1) Pause Young (Normal) (G1 Evacuation Pause) 22M->12M(256M) 10.463ms
[2026-02-10T17:38:00.423+0530] GC(1) User=0.05s Sys=0.02s Real=0.01s
[2026-02-10T17:38:00.937+0530] GC(2) Pause Young (Normal) (G1 Evacuation Pause)
[2026-02-10T17:38:00.937+0530] GC(2) Using 4 workers of 4 for evacuation
[2026-02-10T17:38:00.943+0530] GC(2)   Pre Evacuate Collection Set: 0.1ms
[2026-02-10T17:38:00.943+0530] GC(2)   Merge Heap Roots: 0.1ms
[2026-02-10T17:38:00.943+0530] GC(2)   Evacuate Collection Set: 5.1ms
[2026-02-10T17:38:00.943+0530] GC(2)   Post Evacuate Collection Set: 0.4ms
[2026-02-10T17:38:00.943+0530] GC(2)   Other: 0.2ms
[2026-02-10T17:38:00.943+0530] GC(2) Eden regions: 19->0(94)
[2026-02-10T17:38:00.943+0530] GC(2) Survivor regions: 2->2(3)
[2026-02-10T17:38:00.943+0530] GC(2) Old regions: 6->8
[2026-02-10T17:38:00.943+0530] GC(2) Archive regions: 0->0
[2026-02-10T17:38:00.943+0530] GC(2) Humongous regions: 5->5
[2026-02-10T17:38:00.943+0530] GC(2) Metaspace: 11640K(11840K)->11640K(11840K) NonClass: 10323K(10432K)->10323K(10432K) Class: 1317K(1408K)->1317K(1408K)
[2026-02-10T17:38:00.943+0530] GC(2) Pause Young (Normal) (G1 Evacuation Pause) 31M->14M(256M) 6.285ms
[2026-02-10T17:38:00.943+0530] GC(2) User=0.02s Sys=0.00s Real=0.01s
[2026-02-10T17:38:02.266+0530] GC(3) Pause Young (Concurrent Start) (Metadata GC Threshold)
[2026-02-10T17:38:02.266+0530] GC(3) Using 4 workers of 4 for evacuation
[2026-02-10T17:38:02.276+0530] GC(3)   Pre Evacuate Collection Set: 0.1ms
[2026-02-10T17:38:02.276+0530] GC(3)   Merge Heap Roots: 0.1ms
[2026-02-10T17:38:02.276+0530] GC(3)   Evacuate Collection Set: 8.8ms
[2026-02-10T17:38:02.276+0530] GC(3)   Post Evacuate Collection Set: 0.6ms
[2026-02-10T17:38:02.276+0530] GC(3)   Other: 0.3ms
[2026-02-10T17:38:02.276+0530] GC(3) Eden regions: 62->0(80)
[2026-02-10T17:38:02.276+0530] GC(3) Survivor regions: 2->12(12)
[2026-02-10T17:38:02.276+0530] GC(3) Old regions: 8->9
[2026-02-10T17:38:02.276+0530] GC(3) Archive regions: 0->0
[2026-02-10T17:38:02.276+0530] GC(3) Humongous regions: 5->5
[2026-02-10T17:38:02.276+0530] GC(3) Metaspace: 21196K(21504K)->21196K(21504K) NonClass: 19041K(19200K)->19041K(19200K) Class: 2155K(2304K)->2155K(2304K)
[2026-02-10T17:38:02.276+0530] GC(3) Pause Young (Concurrent Start) (Metadata GC Threshold) 76M->25M(256M) 10.113ms
[2026-02-10T17:38:02.276+0530] GC(3) User=0.00s Sys=0.00s Real=0.01s
[2026-02-10T17:38:02.276+0530] GC(4) Concurrent Mark Cycle
[2026-02-10T17:38:02.276+0530] GC(4) Concurrent Clear Claimed Marks
[2026-02-10T17:38:02.276+0530] GC(4) Concurrent Clear Claimed Marks 0.037ms
[2026-02-10T17:38:02.277+0530] GC(4) Concurrent Scan Root Regions
[2026-02-10T17:38:02.281+0530] GC(4) Concurrent Scan Root Regions 4.558ms
[2026-02-10T17:38:02.281+0530] GC(4) Concurrent Mark
[2026-02-10T17:38:02.281+0530] GC(4) Concurrent Mark From Roots
[2026-02-10T17:38:02.281+0530] GC(4) Using 1 workers of 1 for marking
[2026-02-10T17:38:02.303+0530] GC(4) Concurrent Mark From Roots 23.039ms
[2026-02-10T17:38:02.303+0530] GC(4) Concurrent Preclean
[2026-02-10T17:38:02.304+0530] GC(4) Concurrent Preclean 0.067ms
[2026-02-10T17:38:02.304+0530] GC(4) Pause Remark
[2026-02-10T17:38:02.306+0530] GC(4) Pause Remark 26M->26M(256M) 2.261ms
[2026-02-10T17:38:02.306+0530] GC(4) User=0.00s Sys=0.00s Real=0.00s
[2026-02-10T17:38:02.306+0530] GC(4) Concurrent Mark 25.732ms
[2026-02-10T17:38:02.306+0530] GC(4) Concurrent Rebuild Remembered Sets
[2026-02-10T17:38:02.316+0530] GC(4) Concurrent Rebuild Remembered Sets 9.718ms
[2026-02-10T17:38:02.316+0530] GC(4) Pause Cleanup
[2026-02-10T17:38:02.316+0530] GC(4) Pause Cleanup 26M->26M(256M) 0.083ms
[2026-02-10T17:38:02.316+0530] GC(4) User=0.00s Sys=0.00s Real=0.00s
[2026-02-10T17:38:02.316+0530] GC(4) Concurrent Cleanup for Next Mark
[2026-02-10T17:38:02.318+0530] GC(4) Concurrent Cleanup for Next Mark 1.636ms
[2026-02-10T17:38:02.318+0530] GC(4) Concurrent Mark Cycle 42.203ms
[2026-02-10T17:38:04.241+0530] GC(5) Pause Young (Normal) (G1 Evacuation Pause)
[2026-02-10T17:38:04.241+0530] GC(5) Using 4 workers of 4 for evacuation
[2026-02-10T17:38:04.259+0530] GC(5)   Pre Evacuate Collection Set: 0.1ms
[2026-02-10T17:38:04.259+0530] GC(5)   Merge Heap Roots: 0.1ms
[2026-02-10T17:38:04.259+0530] GC(5)   Evacuate Collection Set: 16.1ms
[2026-02-10T17:38:04.259+0530] GC(5)   Post Evacuate Collection Set: 0.9ms
[2026-02-10T17:38:04.259+0530] GC(5)   Other: 0.3ms
[2026-02-10T17:38:04.259+0530] GC(5) Eden regions: 80->0(149)
[2026-02-10T17:38:04.259+0530] GC(5) Survivor regions: 12->4(12)
[2026-02-10T17:38:04.259+0530] GC(5) Old regions: 9->20
[2026-02-10T17:38:04.259+0530] GC(5) Archive regions: 0->0
[2026-02-10T17:38:04.259+0530] GC(5) Humongous regions: 5->5
[2026-02-10T17:38:04.259+0530] GC(5) Metaspace: 28490K(28928K)->28490K(28928K) NonClass: 25437K(25664K)->25437K(25664K) Class: 3052K(3264K)->3052K(3264K)
[2026-02-10T17:38:04.260+0530] GC(5) Pause Young (Normal) (G1 Evacuation Pause) 105M->28M(256M) 18.028ms
[2026-02-10T17:38:04.260+0530] GC(5) User=0.05s Sys=0.02s Real=0.02s
[2026-02-10T17:38:05.310+0530] GC(6) Pause Young (Concurrent Start) (Metadata GC Threshold)
[2026-02-10T17:38:05.310+0530] GC(6) Using 4 workers of 4 for evacuation
[2026-02-10T17:38:05.318+0530] GC(6)   Pre Evacuate Collection Set: 0.1ms
[2026-02-10T17:38:05.318+0530] GC(6)   Merge Heap Roots: 0.1ms
[2026-02-10T17:38:05.318+0530] GC(6)   Evacuate Collection Set: 7.9ms
[2026-02-10T17:38:05.318+0530] GC(6)   Post Evacuate Collection Set: 0.6ms
[2026-02-10T17:38:05.318+0530] GC(6)   Other: 0.2ms
[2026-02-10T17:38:05.318+0530] GC(6) Eden regions: 27->0(147)
[2026-02-10T17:38:05.318+0530] GC(6) Survivor regions: 4->6(20)
[2026-02-10T17:38:05.318+0530] GC(6) Old regions: 20->20
[2026-02-10T17:38:05.318+0530] GC(6) Archive regions: 0->0
[2026-02-10T17:38:05.318+0530] GC(6) Humongous regions: 5->5
[2026-02-10T17:38:05.318+0530] GC(6) Metaspace: 35552K(36096K)->35552K(36096K) NonClass: 31614K(31872K)->31614K(31872K) Class: 3937K(4224K)->3937K(4224K)
[2026-02-10T17:38:05.318+0530] GC(6) Pause Young (Concurrent Start) (Metadata GC Threshold) 55M->30M(256M) 9.125ms
[2026-02-10T17:38:05.318+0530] GC(6) User=0.06s Sys=0.00s Real=0.01s
[2026-02-10T17:38:05.318+0530] GC(7) Concurrent Mark Cycle
[2026-02-10T17:38:05.318+0530] GC(7) Concurrent Clear Claimed Marks
[2026-02-10T17:38:05.318+0530] GC(7) Concurrent Clear Claimed Marks 0.053ms
[2026-02-10T17:38:05.318+0530] GC(7) Concurrent Scan Root Regions
[2026-02-10T17:38:05.326+0530] GC(7) Concurrent Scan Root Regions 7.694ms
[2026-02-10T17:38:05.326+0530] GC(7) Concurrent Mark
[2026-02-10T17:38:05.326+0530] GC(7) Concurrent Mark From Roots
[2026-02-10T17:38:05.326+0530] GC(7) Using 1 workers of 1 for marking
[2026-02-10T17:38:05.365+0530] GC(7) Concurrent Mark From Roots 39.270ms
[2026-02-10T17:38:05.365+0530] GC(7) Concurrent Preclean
[2026-02-10T17:38:05.365+0530] GC(7) Concurrent Preclean 0.098ms
[2026-02-10T17:38:05.366+0530] GC(7) Pause Remark
[2026-02-10T17:38:05.381+0530] GC(7) Pause Remark 31M->31M(256M) 14.113ms
[2026-02-10T17:38:05.381+0530] GC(7) User=0.05s Sys=0.00s Real=0.02s
[2026-02-10T17:38:05.382+0530] GC(7) Concurrent Mark 55.356ms
[2026-02-10T17:38:05.382+0530] GC(7) Concurrent Rebuild Remembered Sets
[2026-02-10T17:38:05.398+0530] GC(7) Concurrent Rebuild Remembered Sets 16.369ms
[2026-02-10T17:38:05.398+0530] GC(7) Pause Cleanup
[2026-02-10T17:38:05.398+0530] GC(7) Pause Cleanup 31M->31M(256M) 0.144ms
[2026-02-10T17:38:05.398+0530] GC(7) User=0.00s Sys=0.00s Real=0.00s
[2026-02-10T17:38:05.398+0530] GC(7) Concurrent Cleanup for Next Mark
[2026-02-10T17:38:05.400+0530] GC(7) Concurrent Cleanup for Next Mark 1.935ms
[2026-02-10T17:38:05.400+0530] GC(7) Concurrent Mark Cycle 82.090ms
[2026-02-10T17:38:08.412+0530] Heap
[2026-02-10T17:38:08.412+0530]  garbage-first heap   total 262144K, used 168143K [0x00000000f0000000, 0x0000000100000000)
[2026-02-10T17:38:08.412+0530]   region size 1024K, 141 young (144384K), 6 survivors (6144K)
[2026-02-10T17:38:08.412+0530]  Metaspace       used 36847K, committed 37376K, reserved 1114112K
[2026-02-10T17:38:08.412+0530]   class space    used 3999K, committed 4224K, reserved 1048576K
