[2026-02-10T17:36:40.065+0530] Using G1
[2026-02-10T17:36:40.069+0530] Version: 17.0.12+8-LTS-286 (release)
[2026-02-10T17:36:40.069+0530] CPUs: 8 total, 4 available
[2026-02-10T17:36:40.069+0530] Memory: 7914M
[2026-02-10T17:36:40.069+0530] Large Page Support: Disabled
[2026-02-10T17:36:40.069+0530] NUMA Support: Disabled
[2026-02-10T17:36:40.069+0530] Compressed Oops: Enabled (32-bit)
[2026-02-10T17:36:40.069+0530] Heap Region Size: 1M
[2026-02-10T17:36:40.069+0530] Heap Min Capacity: 256M
[2026-02-10T17:36:40.069+0530] Heap Initial Capacity: 256M
[2026-02-10T17:36:40.069+0530] Heap Max Capacity: 256M
[2026-02-10T17:36:40.069+0530] Pre-touch: Disabled
[2026-02-10T17:36:40.069+0530] Parallel Workers: 4
[2026-02-10T17:36:40.070+0530] Concurrent Workers: 1
[2026-02-10T17:36:40.070+0530] Concurrent Refinement Workers: 4
[2026-02-10T17:36:40.070+0530] Periodic GC: Disabled
[2026-02-10T17:36:40.089+0530] CDS archive(s) mapped at: [0x0000022800000000-0x0000022800bd0000-0x0000022800bd0000), size 12386304, SharedBaseAddress: 0x0000022800000000, ArchiveRelocationMode: 1.
[2026-02-10T17:36:40.089+0530] Compressed class space mapped at: 0x0000022801000000-0x0000022841000000, reserved size: 1073741824
[2026-02-10T17:36:40.089+0530] Narrow klass base: 0x0000022800000000, Narrow klass shift: 0, Narrow klass range: 0x100000000
[2026-02-10T17:36:40.915+0530] GC(0) Pause Young (Normal) (G1 Evacuation Pause)
[2026-02-10T17:36:40.915+0530] GC(0) Using 4 workers of 4 for evacuation
[2026-02-10T17:36:40.922+0530] GC(0)   Pre Evacuate Collection Set: 0.1ms
[2026-02-10T17:36:40.922+0530] GC(0)   Merge Heap Roots: 0.1ms
[2026-02-10T17:36:40.922+0530] GC(0)   Evacuate Collection Set: 5.6ms
[2026-02-10T17:36:40.922+0530] GC(0)   Post Evacuate Collection Set: 0.4ms
[2026-02-10T17:36:40.922+0530] GC(0)   Other: 0.5ms
[2026-02-10T17:36:40.922+0530] GC(0) Eden regions: 13->0(13)
[2026-02-10T17:36:40.922+0530] GC(0) Survivor regions: 0->2(2)
[2026-02-10T17:36:40.922+0530] GC(0) Old regions: 0->3
[2026-02-10T17:36:40.922+0530] GC(0) Archive regions: 0->0
[2026-02-10T17:36:40.922+0530] GC(0) Humongous regions: 5->5
[2026-02-10T17:36:40.922+0530] GC(0) Metaspace: 4450K(4672K)->4450K(4672K) NonClass: 3970K(4096K)->3970K(4096K) Class: 480K(576K)->480K(576K)
[2026-02-10T17:36:40.922+0530] GC(0) Pause Young (Normal) (G1 Evacuation Pause) 18M->9M(256M) 7.055ms
[2026-02-10T17:36:40.922+0530] GC(0) User=0.05s Sys=0.02s Real=0.01s
[2026-02-10T17:36:41.134+0530] GC(1) Pause Young (Normal) (G1 Evacuation Pause)
[2026-02-10T17:36:41.134+0530] GC(1) Using 4 workers of 4 for evacuation
[2026-02-10T17:36:41.144+0530] GC(1)   Pre Evacuate Collection Set: 0.1ms
[2026-02-10T17:36:41.144+0530] GC(1)   Merge Heap Roots: 0.1ms
[2026-02-10T17:36:41.144+0530] GC(1)   Evacuate Collection Set: 7.9ms
[2026-02-10T17:36:41.144+0530] GC(1)   Post Evacuate Collection Set: 0.3ms
[2026-02-10T17:36:41.144+0530] GC(1)   Other: 0.2ms
[2026-02-10T17:36:41.144+0530] GC(1) Eden regions: 13->0(19)
[2026-02-10T17:36:41.144+0530] GC(1) Survivor regions: 2->2(2)
[2026-02-10T17:36:41.144+0530] GC(1) Old regions: 3->6
[2026-02-10T17:36:41.144+0530] GC(1) Archive regions: 0->0
[2026-02-10T17:36:41.144+0530] GC(1) Humongous regions: 5->5
[2026-02-10T17:36:41.144+0530] GC(1) Metaspace: 6001K(6144K)->6001K(6144K) NonClass: 5343K(5440K)->5343K(5440K) Class: 657K(704K)->657K(704K)
[2026-02-10T17:36:41.144+0530] GC(1) Pause Young (Normal) (G1 Evacuation Pause) 22M->12M(256M) 8.862ms
[2026-02-10T17:36:41.144+0530] GC(1) User=0.03s Sys=0.03s Real=0.01s
[2026-02-10T17:36:41.764+0530] GC(2) Pause Young (Normal) (G1 Evacuation Pause)
[2026-02-10T17:36:41.764+0530] GC(2) Using 4 workers of 4 for evacuation
[2026-02-10T17:36:41.770+0530] GC(2)   Pre Evacuate Collection Set: 0.1ms
[2026-02-10T17:36:41.770+0530] GC(2)   Merge Heap Roots: 0.1ms
[2026-02-10T17:36:41.770+0530] GC(2)   Evacuate Collection Set: 5.2ms
[2026-02-10T17:36:41.770+0530] GC(2)   Post Evacuate Collection Set: 0.5ms
[2026-02-10T17:36:41.770+0530] GC(2)   Other: 0.2ms
[2026-02-10T17:36:41.770+0530] GC(2) Eden regions: 19->0(94)
[2026-02-10T17:36:41.770+0530] GC(2) Survivor regions: 2->2(3)
[2026-02-10T17:36:41.770+0530] GC(2) Old regions: 6->8
[2026-02-10T17:36:41.770+0530] GC(2) Archive regions: 0->0
[2026-02-10T17:36:41.770+0530] GC(2) Humongous regions: 5->5
[2026-02-10T17:36:41.770+0530] GC(2) Metaspace: 11663K(11904K)->11663K(11904K) NonClass: 10344K(10496K)->10344K(10496K) Class: 1319K(1408K)->1319K(1408K)
[2026-02-10T17:36:41.770+0530] GC(2) Pause Young (Normal) (G1 Evacuation Pause) 31M->14M(256M) 6.528ms
[2026-02-10T17:36:41.771+0530] GC(2) User=0.03s Sys=0.03s Real=0.01s
[2026-02-10T17:36:43.026+0530] GC(3) Pause Young (Concurrent Start) (Metadata GC Threshold)
[2026-02-10T17:36:43.026+0530] GC(3) Using 4 workers of 4 for evacuation
[2026-02-10T17:36:43.034+0530] GC(3)   Pre Evacuate Collection Set: 0.1ms
[2026-02-10T17:36:43.034+0530] GC(3)   Merge Heap Roots: 0.1ms
[2026-02-10T17:36:43.034+0530] GC(3)   Evacuate Collection Set: 7.5ms
[2026-02-10T17:36:43.034+0530] GC(3)   Post Evacuate Collection Set: 0.5ms
[2026-02-10T17:36:43.034+0530] GC(3)   Other: 0.2ms
[2026-02-10T17:36:43.034+0530] GC(3) Eden regions: 63->0(73)
[2026-02-10T17:36:43.034+0530] GC(3) Survivor regions: 2->12(12)
[2026-02-10T17:36:43.034+0530] GC(3) Old regions: 8->9
[2026-02-10T17:36:43.034+0530] GC(3) Archive regions: 0->0
[2026-02-10T17:36:43.034+0530] GC(3) Humongous regions: 5->5
[2026-02-10T17:36:43.034+0530] GC(3) Metaspace: 21257K(21504K)->21257K(21504K) NonClass: 19088K(19200K)->19088K(19200K) Class: 2169K(2304K)->2169K(2304K)
[2026-02-10T17:36:43.034+0530] GC(3) Pause Young (Concurrent Start) (Metadata GC Threshold) 77M->25M(256M) 8.644ms
[2026-02-10T17:36:43.034+0530] GC(3) User=0.06s Sys=0.00s Real=0.01s
[2026-02-10T17:36:43.034+0530] GC(4) Concurrent Mark Cycle
[2026-02-10T17:36:43.034+0530] GC(4) Concurrent Clear Claimed Marks
[2026-02-10T17:36:43.034+0530] GC(4) Concurrent Clear Claimed Marks 0.052ms
[2026-02-10T17:36:43.034+0530] GC(4) Concurrent Scan Root Regions
[2026-02-10T17:36:43.040+0530] GC(4) Concurrent Scan Root Regions 4.571ms
[2026-02-10T17:36:43.040+0530] GC(4) Concurrent Mark
[2026-02-10T17:36:43.040+0530] GC(4) Concurrent Mark From Roots
[2026-02-10T17:36:43.040+0530] GC(4) Using 1 workers of 1 for marking
[2026-02-10T17:36:43.063+0530] GC(4) Concurrent Mark From Roots 22.638ms
[2026-02-10T17:36:43.063+0530] GC(4) Concurrent Preclean
[2026-02-10T17:36:43.063+0530] GC(4) Concurrent Preclean 0.070ms
[2026-02-10T17:36:43.063+0530] GC(4) Pause Remark
[2026-02-10T17:36:43.066+0530] GC(4) Pause Remark 26M->26M(256M) 3.567ms
[2026-02-10T17:36:43.066+0530] GC(4) User=0.00s Sys=0.00s Real=0.00s
[2026-02-10T17:36:43.067+0530] GC(4) Concurrent Mark 26.664ms
[2026-02-10T17:36:43.067+0530] GC(4) Concurrent Rebuild Remembered Sets
[2026-02-10T17:36:43.076+0530] GC(4) Concurrent Rebuild Remembered Sets 9.859ms
[2026-02-10T17:36:43.076+0530] GC(4) Pause Cleanup
[2026-02-10T17:36:43.076+0530] GC(4) Pause Cleanup 26M->26M(256M) 0.097ms
[2026-02-10T17:36:43.076+0530] GC(4) User=0.00s Sys=0.00s Real=0.00s
[2026-02-10T17:36:43.076+0530] GC(4) Concurrent Cleanup for Next Mark
[2026-02-10T17:36:43.078+0530] GC(4) Concurrent Cleanup for Next Mark 1.625ms
[2026-02-10T17:36:43.078+0530] GC(4) Concurrent Mark Cycle 43.314ms
[2026-02-10T17:36:44.559+0530] GC(5) Pause Young (Normal) (G1 Evacuation Pause)
[2026-02-10T17:36:44.559+0530] GC(5) Using 4 workers of 4 for evacuation
[2026-02-10T17:36:44.569+0530] GC(5)   Pre Evacuate Collection Set: 0.1ms
[2026-02-10T17:36:44.569+0530] GC(5)   Merge Heap Roots: 0.1ms
[2026-02-10T17:36:44.569+0530] GC(5)   Evacuate Collection Set: 9.5ms
[2026-02-10T17:36:44.569+0530] GC(5)   Post Evacuate Collection Set: 0.5ms
[2026-02-10T17:36:44.569+0530] GC(5)   Other: 0.2ms
[2026-02-10T17:36:44.569+0530] GC(5) Eden regions: 73->0(149)
[2026-02-10T17:36:44.569+0530] GC(5) Survivor regions: 12->4(11)
[2026-02-10T17:36:44.569+0530] GC(5) Old regions: 9->20
[2026-02-10T17:36:44.569+0530] GC(5) Archive regions: 0->0
[2026-02-10T17:36:44.569+0530] GC(5) Humongous regions: 5->5
[2026-02-10T17:36:44.569+0530] GC(5) Metaspace: 27722K(28160K)->27722K(28160K) NonClass: 24731K(24960K)->24731K(24960K) Class: 2990K(3200K)->2990K(3200K)
[2026-02-10T17:36:44.569+0530] GC(5) Pause Young (Normal) (G1 Evacuation Pause) 98M->28M(256M) 10.710ms
[2026-02-10T17:36:44.569+0530] GC(5) User=0.06s Sys=0.00s Real=0.01s
[2026-02-10T17:36:45.473+0530] GC(6) Pause Young (Concurrent Start) (Metadata GC Threshold)
[2026-02-10T17:36:45.473+0530] GC(6) Using 4 workers of 4 for evacuation
[2026-02-10T17:36:45.481+0530] GC(6)   Pre Evacuate Collection Set: 0.1ms
[2026-02-10T17:36:45.481+0530] GC(6)   Merge Heap Roots: 0.1ms
[2026-02-10T17:36:45.481+0530] GC(6)   Evacuate Collection Set: 7.3ms
[2026-02-10T17:36:45.481+0530] GC(6)   Post Evacuate Collection Set: 0.4ms
[2026-02-10T17:36:45.481+0530] GC(6)   Other: 0.2ms
[2026-02-10T17:36:45.481+0530] GC(6) Eden regions: 35->0(147)
[2026-02-10T17:36:45.481+0530] GC(6) Survivor regions: 4->6(20)
[2026-02-10T17:36:45.481+0530] GC(6) Old regions: 20->20
[2026-02-10T17:36:45.481+0530] GC(6) Archive regions: 0->0
[2026-02-10T17:36:45.481+0530] GC(6) Humongous regions: 5->5
[2026-02-10T17:36:45.481+0530] GC(6) Metaspace: 35607K(36160K)->35607K(36160K) NonClass: 31674K(31936K)->31674K(31936K) Class: 3932K(4224K)->3932K(4224K)
[2026-02-10T17:36:45.481+0530] GC(6) Pause Young (Concurrent Start) (Metadata GC Threshold) 63M->30M(256M) 8.241ms
[2026-02-10T17:36:45.481+0530] GC(6) User=0.00s Sys=0.00s Real=0.01s
[2026-02-10T17:36:45.481+0530] GC(7) Concurrent Mark Cycle
[2026-02-10T17:36:45.481+0530] GC(7) Concurrent Clear Claimed Marks
[2026-02-10T17:36:45.482+0530] GC(7) Concurrent Clear Claimed Marks 0.044ms
[2026-02-10T17:36:45.482+0530] GC(7) Concurrent Scan Root Regions
[2026-02-10T17:36:45.488+0530] GC(7) Concurrent Scan Root Regions 6.879ms
[2026-02-10T17:36:45.488+0530] GC(7) Concurrent Mark
[2026-02-10T17:36:45.488+0530] GC(7) Concurrent Mark From Roots
[2026-02-10T17:36:45.488+0530] GC(7) Using 1 workers of 1 for marking
[2026-02-10T17:36:45.523+0530] GC(7) Concurrent Mark From Roots 34.764ms
[2026-02-10T17:36:45.524+0530] GC(7) Concurrent Preclean
[2026-02-10T17:36:45.524+0530] GC(7) Concurrent Preclean 0.065ms
[2026-02-10T17:36:45.524+0530] GC(7) Pause Remark
[2026-02-10T17:36:45.533+0530] GC(7) Pause Remark 31M->31M(256M) 9.358ms
[2026-02-10T17:36:45.533+0530] GC(7) User=0.02s Sys=0.00s Real=0.01s
[2026-02-10T17:36:45.533+0530] GC(7) Concurrent Mark 44.502ms
[2026-02-10T17:36:45.533+0530] GC(7) Concurrent Rebuild Remembered Sets
[2026-02-10T17:36:45.549+0530] GC(7) Concurrent Rebuild Remembered Sets 15.668ms
[2026-02-10T17:36:45.549+0530] GC(7) Pause Cleanup
[2026-02-10T17:36:45.549+0530] GC(7) Pause Cleanup 31M->31M(256M) 0.118ms
[2026-02-10T17:36:45.549+0530] GC(7) User=0.00s Sys=0.00s Real=0.00s
[2026-02-10T17:36:45.549+0530] GC(7) Concurrent Cleanup for Next Mark
[2026-02-10T17:36:45.551+0530] GC(7) Concurrent Cleanup for Next Mark 1.703ms
[2026-02-10T17:36:45.551+0530] GC(7) Concurrent Mark Cycle 69.434ms
[2026-02-10T17:36:48.690+0530] Heap
[2026-02-10T17:36:48.690+0530]  garbage-first heap   total 262144K, used 166612K [0x00000000f0000000, 0x0000000100000000)
[2026-02-10T17:36:48.690+0530]   region size 1024K, 139 young (142336K), 6 survivors (6144K)
[2026-02-10T17:36:48.690+0530]  Metaspace       used 36717K, committed 37312K, reserved 1114112K
[2026-02-10T17:36:48.690+0530]   class space    used 3992K, committed 4288K, reserved 1048576K
