[2026-02-10T21:57:35.872+0530] Using G1
[2026-02-10T21:57:35.879+0530] Version: 17.0.12+8-LTS-286 (release)
[2026-02-10T21:57:35.879+0530] CPUs: 8 total, 4 available
[2026-02-10T21:57:35.879+0530] Memory: 7914M
[2026-02-10T21:57:35.879+0530] Large Page Support: Disabled
[2026-02-10T21:57:35.879+0530] NUMA Support: Disabled
[2026-02-10T21:57:35.879+0530] Compressed Oops: Enabled (32-bit)
[2026-02-10T21:57:35.879+0530] Heap Region Size: 1M
[2026-02-10T21:57:35.879+0530] Heap Min Capacity: 512M
[2026-02-10T21:57:35.879+0530] Heap Initial Capacity: 512M
[2026-02-10T21:57:35.879+0530] Heap Max Capacity: 512M
[2026-02-10T21:57:35.879+0530] Pre-touch: Disabled
[2026-02-10T21:57:35.879+0530] Parallel Workers: 4
[2026-02-10T21:57:35.879+0530] Concurrent Workers: 1
[2026-02-10T21:57:35.879+0530] Concurrent Refinement Workers: 4
[2026-02-10T21:57:35.879+0530] Periodic GC: Disabled
[2026-02-10T21:57:35.892+0530] CDS archive(s) mapped at: [0x000001f228000000-0x000001f228bd0000-0x000001f228bd0000), size 12386304, SharedBaseAddress: 0x000001f228000000, ArchiveRelocationMode: 1.
[2026-02-10T21:57:35.892+0530] Compressed class space mapped at: 0x000001f229000000-0x000001f269000000, reserved size: 1073741824
[2026-02-10T21:57:35.892+0530] Narrow klass base: 0x000001f228000000, Narrow klass shift: 0, Narrow klass range: 0x100000000
[2026-02-10T21:57:36.927+0530] GC(0) Pause Young (Normal) (G1 Evacuation Pause)
[2026-02-10T21:57:36.927+0530] GC(0) Using 4 workers of 4 for evacuation
[2026-02-10T21:57:36.946+0530] GC(0)   Pre Evacuate Collection Set: 0.1ms
[2026-02-10T21:57:36.946+0530] GC(0)   Merge Heap Roots: 0.1ms
[2026-02-10T21:57:36.946+0530] GC(0)   Evacuate Collection Set: 17.3ms
[2026-02-10T21:57:36.946+0530] GC(0)   Post Evacuate Collection Set: 0.7ms
[2026-02-10T21:57:36.946+0530] GC(0)   Other: 0.5ms
[2026-02-10T21:57:36.946+0530] GC(0) Eden regions: 25->0(21)
[2026-02-10T21:57:36.946+0530] GC(0) Survivor regions: 0->4(4)
[2026-02-10T21:57:36.946+0530] GC(0) Old regions: 0->4
[2026-02-10T21:57:36.946+0530] GC(0) Archive regions: 0->0
[2026-02-10T21:57:36.946+0530] GC(0) Humongous regions: 5->5
[2026-02-10T21:57:36.946+0530] GC(0) Metaspace: 5427K(5568K)->5427K(5568K) NonClass: 4856K(4928K)->4856K(4928K) Class: 570K(640K)->570K(640K)
[2026-02-10T21:57:36.946+0530] GC(0) Pause Young (Normal) (G1 Evacuation Pause) 30M->12M(512M) 19.045ms
[2026-02-10T21:57:36.946+0530] GC(0) User=0.05s Sys=0.02s Real=0.02s
[2026-02-10T21:57:37.551+0530] GC(1) Pause Young (Normal) (G1 Evacuation Pause)
[2026-02-10T21:57:37.551+0530] GC(1) Using 4 workers of 4 for evacuation
[2026-02-10T21:57:37.559+0530] GC(1)   Pre Evacuate Collection Set: 0.1ms
[2026-02-10T21:57:37.559+0530] GC(1)   Merge Heap Roots: 0.1ms
[2026-02-10T21:57:37.559+0530] GC(1)   Evacuate Collection Set: 8.1ms
[2026-02-10T21:57:37.559+0530] GC(1)   Post Evacuate Collection Set: 0.6ms
[2026-02-10T21:57:37.559+0530] GC(1)   Other: 0.2ms
[2026-02-10T21:57:37.559+0530] GC(1) Eden regions: 21->0(23)
[2026-02-10T21:57:37.559+0530] GC(1) Survivor regions: 4->2(4)
[2026-02-10T21:57:37.559+0530] GC(1) Old regions: 4->8
[2026-02-10T21:57:37.559+0530] GC(1) Archive regions: 0->0
[2026-02-10T21:57:37.559+0530] GC(1) Humongous regions: 5->5
[2026-02-10T21:57:37.559+0530] GC(1) Metaspace: 11733K(11968K)->11733K(11968K) NonClass: 10403K(10496K)->10403K(10496K) Class: 1330K(1472K)->1330K(1472K)
[2026-02-10T21:57:37.559+0530] GC(1) Pause Young (Normal) (G1 Evacuation Pause) 33M->14M(512M) 9.347ms
[2026-02-10T21:57:37.559+0530] GC(1) User=0.00s Sys=0.00s Real=0.01s
[2026-02-10T21:57:37.973+0530] GC(2) Pause Young (Normal) (G1 Evacuation Pause)
[2026-02-10T21:57:37.973+0530] GC(2) Using 4 workers of 4 for evacuation
[2026-02-10T21:57:37.985+0530] GC(2)   Pre Evacuate Collection Set: 0.1ms
[2026-02-10T21:57:37.985+0530] GC(2)   Merge Heap Roots: 0.1ms
[2026-02-10T21:57:37.985+0530] GC(2)   Evacuate Collection Set: 11.0ms
[2026-02-10T21:57:37.985+0530] GC(2)   Post Evacuate Collection Set: 0.4ms
[2026-02-10T21:57:37.985+0530] GC(2)   Other: 0.1ms
[2026-02-10T21:57:37.985+0530] GC(2) Eden regions: 23->0(37)
[2026-02-10T21:57:37.986+0530] GC(2) Survivor regions: 2->4(4)
[2026-02-10T21:57:37.986+0530] GC(2) Old regions: 8->15
[2026-02-10T21:57:37.986+0530] GC(2) Archive regions: 0->0
[2026-02-10T21:57:37.986+0530] GC(2) Humongous regions: 5->5
[2026-02-10T21:57:37.986+0530] GC(2) Metaspace: 14748K(15040K)->14748K(15040K) NonClass: 13084K(13248K)->13084K(13248K) Class: 1664K(1792K)->1664K(1792K)
[2026-02-10T21:57:37.986+0530] GC(2) Pause Young (Normal) (G1 Evacuation Pause) 37M->23M(512M) 11.947ms
[2026-02-10T21:57:37.986+0530] GC(2) User=0.00s Sys=0.00s Real=0.01s
[2026-02-10T21:57:38.712+0530] GC(3) Pause Young (Normal) (G1 Evacuation Pause)
[2026-02-10T21:57:38.712+0530] GC(3) Using 4 workers of 4 for evacuation
[2026-02-10T21:57:38.721+0530] GC(3)   Pre Evacuate Collection Set: 0.1ms
[2026-02-10T21:57:38.721+0530] GC(3)   Merge Heap Roots: 0.1ms
[2026-02-10T21:57:38.721+0530] GC(3)   Evacuate Collection Set: 7.5ms
[2026-02-10T21:57:38.721+0530] GC(3)   Post Evacuate Collection Set: 0.4ms
[2026-02-10T21:57:38.721+0530] GC(3)   Other: 0.2ms
[2026-02-10T21:57:38.721+0530] GC(3) Eden regions: 37->0(225)
[2026-02-10T21:57:38.721+0530] GC(3) Survivor regions: 4->3(6)
[2026-02-10T21:57:38.721+0530] GC(3) Old regions: 15->19
[2026-02-10T21:57:38.721+0530] GC(3) Archive regions: 0->0
[2026-02-10T21:57:38.721+0530] GC(3) Humongous regions: 5->5
[2026-02-10T21:57:38.721+0530] GC(3) Metaspace: 20770K(21120K)->20770K(21120K) NonClass: 18653K(18816K)->18653K(18816K) Class: 2117K(2304K)->2117K(2304K)
[2026-02-10T21:57:38.721+0530] GC(3) Pause Young (Normal) (G1 Evacuation Pause) 60M->25M(512M) 8.559ms
[2026-02-10T21:57:38.721+0530] GC(3) User=0.00s Sys=0.00s Real=0.01s
[2026-02-10T21:57:38.786+0530] GC(4) Pause Young (Concurrent Start) (Metadata GC Threshold)
[2026-02-10T21:57:38.786+0530] GC(4) Using 4 workers of 4 for evacuation
[2026-02-10T21:57:38.790+0530] GC(4)   Pre Evacuate Collection Set: 0.1ms
[2026-02-10T21:57:38.790+0530] GC(4)   Merge Heap Roots: 0.1ms
[2026-02-10T21:57:38.790+0530] GC(4)   Evacuate Collection Set: 3.1ms
[2026-02-10T21:57:38.790+0530] GC(4)   Post Evacuate Collection Set: 0.3ms
[2026-02-10T21:57:38.790+0530] GC(4)   Other: 0.2ms
[2026-02-10T21:57:38.790+0530] GC(4) Eden regions: 2->0(156)
[2026-02-10T21:57:38.790+0530] GC(4) Survivor regions: 3->3(29)
[2026-02-10T21:57:38.790+0530] GC(4) Old regions: 19->19
[2026-02-10T21:57:38.790+0530] GC(4) Archive regions: 0->0
[2026-02-10T21:57:38.790+0530] GC(4) Humongous regions: 5->5
[2026-02-10T21:57:38.790+0530] GC(4) Metaspace: 21199K(21504K)->21199K(21504K) NonClass: 19038K(19200K)->19038K(19200K) Class: 2161K(2304K)->2161K(2304K)
[2026-02-10T21:57:38.790+0530] GC(4) Pause Young (Concurrent Start) (Metadata GC Threshold) 27M->26M(512M) 3.901ms
[2026-02-10T21:57:38.790+0530] GC(4) User=0.00s Sys=0.00s Real=0.00s
[2026-02-10T21:57:38.790+0530] GC(5) Concurrent Mark Cycle
[2026-02-10T21:57:38.790+0530] GC(5) Concurrent Clear Claimed Marks
[2026-02-10T21:57:38.790+0530] GC(5) Concurrent Clear Claimed Marks 0.033ms
[2026-02-10T21:57:38.790+0530] GC(5) Concurrent Scan Root Regions
[2026-02-10T21:57:38.792+0530] GC(5) Concurrent Scan Root Regions 2.280ms
[2026-02-10T21:57:38.792+0530] GC(5) Concurrent Mark
[2026-02-10T21:57:38.792+0530] GC(5) Concurrent Mark From Roots
[2026-02-10T21:57:38.792+0530] GC(5) Using 1 workers of 1 for marking
[2026-02-10T21:57:38.820+0530] GC(5) Concurrent Mark From Roots 26.752ms
[2026-02-10T21:57:38.820+0530] GC(5) Concurrent Preclean
[2026-02-10T21:57:38.820+0530] GC(5) Concurrent Preclean 0.104ms
[2026-02-10T21:57:38.820+0530] GC(5) Pause Remark
[2026-02-10T21:57:38.826+0530] GC(5) Pause Remark 26M->26M(512M) 6.354ms
[2026-02-10T21:57:38.826+0530] GC(5) User=0.00s Sys=0.00s Real=0.01s
[2026-02-10T21:57:38.826+0530] GC(5) Concurrent Mark 33.697ms
[2026-02-10T21:57:38.826+0530] GC(5) Concurrent Rebuild Remembered Sets
[2026-02-10T21:57:38.841+0530] GC(5) Concurrent Rebuild Remembered Sets 14.531ms
[2026-02-10T21:57:38.841+0530] GC(5) Pause Cleanup
[2026-02-10T21:57:38.841+0530] GC(5) Pause Cleanup 27M->27M(512M) 0.204ms
[2026-02-10T21:57:38.841+0530] GC(5) User=0.00s Sys=0.00s Real=0.00s
[2026-02-10T21:57:38.841+0530] GC(5) Concurrent Cleanup for Next Mark
[2026-02-10T21:57:38.844+0530] GC(5) Concurrent Cleanup for Next Mark 3.078ms
[2026-02-10T21:57:38.845+0530] GC(5) Concurrent Mark Cycle 54.600ms
[2026-02-10T21:57:41.415+0530] GC(6) Pause Young (Concurrent Start) (Metadata GC Threshold)
[2026-02-10T21:57:41.415+0530] GC(6) Using 4 workers of 4 for evacuation
[2026-02-10T21:57:41.423+0530] GC(6)   Pre Evacuate Collection Set: 0.1ms
[2026-02-10T21:57:41.423+0530] GC(6)   Merge Heap Roots: 0.1ms
[2026-02-10T21:57:41.423+0530] GC(6)   Evacuate Collection Set: 8.5ms
[2026-02-10T21:57:41.423+0530] GC(6)   Post Evacuate Collection Set: 0.5ms
[2026-02-10T21:57:41.423+0530] GC(6)   Other: 0.2ms
[2026-02-10T21:57:41.423+0530] GC(6) Eden regions: 109->0(300)
[2026-02-10T21:57:41.423+0530] GC(6) Survivor regions: 3->7(20)
[2026-02-10T21:57:41.423+0530] GC(6) Old regions: 19->19
[2026-02-10T21:57:41.423+0530] GC(6) Archive regions: 0->0
[2026-02-10T21:57:41.423+0530] GC(6) Humongous regions: 5->5
[2026-02-10T21:57:41.423+0530] GC(6) Metaspace: 35524K(35968K)->35524K(35968K) NonClass: 31591K(31808K)->31591K(31808K) Class: 3933K(4160K)->3933K(4160K)
[2026-02-10T21:57:41.425+0530] GC(6) Pause Young (Concurrent Start) (Metadata GC Threshold) 134M->30M(512M) 9.575ms
[2026-02-10T21:57:41.425+0530] GC(6) User=0.02s Sys=0.00s Real=0.01s
[2026-02-10T21:57:41.425+0530] GC(7) Concurrent Mark Cycle
[2026-02-10T21:57:41.425+0530] GC(7) Concurrent Clear Claimed Marks
[2026-02-10T21:57:41.425+0530] GC(7) Concurrent Clear Claimed Marks 0.052ms
[2026-02-10T21:57:41.425+0530] GC(7) Concurrent Scan Root Regions
[2026-02-10T21:57:41.433+0530] GC(7) Concurrent Scan Root Regions 7.860ms
[2026-02-10T21:57:41.433+0530] GC(7) Concurrent Mark
[2026-02-10T21:57:41.433+0530] GC(7) Concurrent Mark From Roots
[2026-02-10T21:57:41.433+0530] GC(7) Using 1 workers of 1 for marking
[2026-02-10T21:57:41.459+0530] GC(7) Concurrent Mark From Roots 25.566ms
[2026-02-10T21:57:41.459+0530] GC(7) Concurrent Preclean
[2026-02-10T21:57:41.459+0530] GC(7) Concurrent Preclean 0.065ms
[2026-02-10T21:57:41.459+0530] GC(7) Pause Remark
[2026-02-10T21:57:41.462+0530] GC(7) Pause Remark 31M->31M(512M) 3.456ms
[2026-02-10T21:57:41.462+0530] GC(7) User=0.00s Sys=0.00s Real=0.00s
[2026-02-10T21:57:41.462+0530] GC(7) Concurrent Mark 29.372ms
[2026-02-10T21:57:41.462+0530] GC(7) Concurrent Rebuild Remembered Sets
[2026-02-10T21:57:41.474+0530] GC(7) Concurrent Rebuild Remembered Sets 11.672ms
[2026-02-10T21:57:41.474+0530] GC(7) Pause Cleanup
[2026-02-10T21:57:41.474+0530] GC(7) Pause Cleanup 31M->31M(512M) 0.137ms
[2026-02-10T21:57:41.474+0530] GC(7) User=0.00s Sys=0.00s Real=0.00s
[2026-02-10T21:57:41.474+0530] GC(7) Concurrent Cleanup for Next Mark
[2026-02-10T21:57:41.477+0530] GC(7) Concurrent Cleanup for Next Mark 2.380ms
[2026-02-10T21:57:41.477+0530] GC(7) Concurrent Mark Cycle 51.914ms
[2026-02-10T21:57:45.164+0530] Heap
[2026-02-10T21:57:45.164+0530]  garbage-first heap   total 524288K, used 167086K [0x00000000e0000000, 0x0000000100000000)
[2026-02-10T21:57:45.165+0530]   region size 1024K, 140 young (143360K), 7 survivors (7168K)
[2026-02-10T21:57:45.165+0530]  Metaspace       used 36667K, committed 37120K, reserved 1114112K
[2026-02-10T21:57:45.165+0530]   class space    used 3993K, committed 4224K, reserved 1048576K
