[2026-02-10T21:57:55.017+0530] Using G1
[2026-02-10T21:57:55.024+0530] Version: 17.0.12+8-LTS-286 (release)
[2026-02-10T21:57:55.024+0530] CPUs: 8 total, 4 available
[2026-02-10T21:57:55.024+0530] Memory: 7914M
[2026-02-10T21:57:55.024+0530] Large Page Support: Disabled
[2026-02-10T21:57:55.024+0530] NUMA Support: Disabled
[2026-02-10T21:57:55.024+0530] Compressed Oops: Enabled (32-bit)
[2026-02-10T21:57:55.024+0530] Heap Region Size: 1M
[2026-02-10T21:57:55.024+0530] Heap Min Capacity: 512M
[2026-02-10T21:57:55.024+0530] Heap Initial Capacity: 512M
[2026-02-10T21:57:55.024+0530] Heap Max Capacity: 512M
[2026-02-10T21:57:55.024+0530] Pre-touch: Disabled
[2026-02-10T21:57:55.024+0530] Parallel Workers: 4
[2026-02-10T21:57:55.027+0530] Concurrent Workers: 1
[2026-02-10T21:57:55.027+0530] Concurrent Refinement Workers: 4
[2026-02-10T21:57:55.027+0530] Periodic GC: Disabled
[2026-02-10T21:57:55.044+0530] CDS archive(s) mapped at: [0x0000013280000000-0x0000013280bd0000-0x0000013280bd0000), size 12386304, SharedBaseAddress: 0x0000013280000000, ArchiveRelocationMode: 1.
[2026-02-10T21:57:55.044+0530] Compressed class space mapped at: 0x0000013281000000-0x00000132c1000000, reserved size: 1073741824
[2026-02-10T21:57:55.044+0530] Narrow klass base: 0x0000013280000000, Narrow klass shift: 0, Narrow klass range: 0x100000000
[2026-02-10T21:57:55.854+0530] GC(0) Pause Young (Normal) (G1 Evacuation Pause)
[2026-02-10T21:57:55.854+0530] GC(0) Using 4 workers of 4 for evacuation
[2026-02-10T21:57:55.872+0530] GC(0)   Pre Evacuate Collection Set: 0.1ms
[2026-02-10T21:57:55.872+0530] GC(0)   Merge Heap Roots: 0.1ms
[2026-02-10T21:57:55.872+0530] GC(0)   Evacuate Collection Set: 16.3ms
[2026-02-10T21:57:55.872+0530] GC(0)   Post Evacuate Collection Set: 0.6ms
[2026-02-10T21:57:55.872+0530] GC(0)   Other: 0.8ms
[2026-02-10T21:57:55.872+0530] GC(0) Eden regions: 25->0(21)
[2026-02-10T21:57:55.872+0530] GC(0) Survivor regions: 0->4(4)
[2026-02-10T21:57:55.872+0530] GC(0) Old regions: 0->4
[2026-02-10T21:57:55.872+0530] GC(0) Archive regions: 0->0
[2026-02-10T21:57:55.872+0530] GC(0) Humongous regions: 5->5
[2026-02-10T21:57:55.872+0530] GC(0) Metaspace: 5412K(5568K)->5412K(5568K) NonClass: 4841K(4928K)->4841K(4928K) Class: 570K(640K)->570K(640K)
[2026-02-10T21:57:55.873+0530] GC(0) Pause Young (Normal) (G1 Evacuation Pause) 30M->12M(512M) 18.186ms
[2026-02-10T21:57:55.873+0530] GC(0) User=0.06s Sys=0.00s Real=0.02s
[2026-02-10T21:57:56.496+0530] GC(1) Pause Young (Normal) (G1 Evacuation Pause)
[2026-02-10T21:57:56.496+0530] GC(1) Using 4 workers of 4 for evacuation
[2026-02-10T21:57:56.508+0530] GC(1)   Pre Evacuate Collection Set: 0.1ms
[2026-02-10T21:57:56.508+0530] GC(1)   Merge Heap Roots: 0.1ms
[2026-02-10T21:57:56.508+0530] GC(1)   Evacuate Collection Set: 11.1ms
[2026-02-10T21:57:56.508+0530] GC(1)   Post Evacuate Collection Set: 0.5ms
[2026-02-10T21:57:56.508+0530] GC(1)   Other: 0.1ms
[2026-02-10T21:57:56.508+0530] GC(1) Eden regions: 21->0(24)
[2026-02-10T21:57:56.508+0530] GC(1) Survivor regions: 4->3(4)
[2026-02-10T21:57:56.508+0530] GC(1) Old regions: 4->8
[2026-02-10T21:57:56.508+0530] GC(1) Archive regions: 0->0
[2026-02-10T21:57:56.508+0530] GC(1) Humongous regions: 5->5
[2026-02-10T21:57:56.508+0530] GC(1) Metaspace: 11724K(11968K)->11724K(11968K) NonClass: 10393K(10496K)->10393K(10496K) Class: 1330K(1472K)->1330K(1472K)
[2026-02-10T21:57:56.508+0530] GC(1) Pause Young (Normal) (G1 Evacuation Pause) 33M->14M(512M) 12.079ms
[2026-02-10T21:57:56.508+0530] GC(1) User=0.06s Sys=0.00s Real=0.01s
[2026-02-10T21:57:56.924+0530] GC(2) Pause Young (Normal) (G1 Evacuation Pause)
[2026-02-10T21:57:56.924+0530] GC(2) Using 4 workers of 4 for evacuation
[2026-02-10T21:57:56.931+0530] GC(2)   Pre Evacuate Collection Set: 0.1ms
[2026-02-10T21:57:56.931+0530] GC(2)   Merge Heap Roots: 0.1ms
[2026-02-10T21:57:56.931+0530] GC(2)   Evacuate Collection Set: 5.7ms
[2026-02-10T21:57:56.931+0530] GC(2)   Post Evacuate Collection Set: 0.5ms
[2026-02-10T21:57:56.931+0530] GC(2)   Other: 0.2ms
[2026-02-10T21:57:56.931+0530] GC(2) Eden regions: 24->0(38)
[2026-02-10T21:57:56.931+0530] GC(2) Survivor regions: 3->4(4)
[2026-02-10T21:57:56.931+0530] GC(2) Old regions: 8->15
[2026-02-10T21:57:56.931+0530] GC(2) Archive regions: 0->0
[2026-02-10T21:57:56.931+0530] GC(2) Humongous regions: 5->5
[2026-02-10T21:57:56.931+0530] GC(2) Metaspace: 14729K(14976K)->14729K(14976K) NonClass: 13071K(13184K)->13071K(13184K) Class: 1657K(1792K)->1657K(1792K)
[2026-02-10T21:57:56.931+0530] GC(2) Pause Young (Normal) (G1 Evacuation Pause) 38M->23M(512M) 6.997ms
[2026-02-10T21:57:56.931+0530] GC(2) User=0.03s Sys=0.00s Real=0.01s
[2026-02-10T21:57:57.686+0530] GC(3) Pause Young (Concurrent Start) (Metadata GC Threshold)
[2026-02-10T21:57:57.686+0530] GC(3) Using 4 workers of 4 for evacuation
[2026-02-10T21:57:57.694+0530] GC(3)   Pre Evacuate Collection Set: 0.1ms
[2026-02-10T21:57:57.694+0530] GC(3)   Merge Heap Roots: 0.1ms
[2026-02-10T21:57:57.694+0530] GC(3)   Evacuate Collection Set: 6.7ms
[2026-02-10T21:57:57.694+0530] GC(3)   Post Evacuate Collection Set: 0.4ms
[2026-02-10T21:57:57.694+0530] GC(3)   Other: 0.3ms
[2026-02-10T21:57:57.694+0530] GC(3) Eden regions: 38->0(151)
[2026-02-10T21:57:57.694+0530] GC(3) Survivor regions: 4->6(6)
[2026-02-10T21:57:57.694+0530] GC(3) Old regions: 15->16
[2026-02-10T21:57:57.694+0530] GC(3) Archive regions: 0->0
[2026-02-10T21:57:57.694+0530] GC(3) Humongous regions: 5->5
[2026-02-10T21:57:57.694+0530] GC(3) Metaspace: 21244K(21504K)->21244K(21504K) NonClass: 19080K(19200K)->19080K(19200K) Class: 2163K(2304K)->2163K(2304K)
[2026-02-10T21:57:57.694+0530] GC(3) Pause Young (Concurrent Start) (Metadata GC Threshold) 61M->26M(512M) 7.811ms
[2026-02-10T21:57:57.694+0530] GC(3) User=0.03s Sys=0.03s Real=0.01s
[2026-02-10T21:57:57.694+0530] GC(4) Concurrent Mark Cycle
[2026-02-10T21:57:57.694+0530] GC(4) Concurrent Clear Claimed Marks
[2026-02-10T21:57:57.694+0530] GC(4) Concurrent Clear Claimed Marks 0.043ms
[2026-02-10T21:57:57.694+0530] GC(4) Concurrent Scan Root Regions
[2026-02-10T21:57:57.699+0530] GC(4) Concurrent Scan Root Regions 4.451ms
[2026-02-10T21:57:57.699+0530] GC(4) Concurrent Mark
[2026-02-10T21:57:57.699+0530] GC(4) Concurrent Mark From Roots
[2026-02-10T21:57:57.699+0530] GC(4) Using 1 workers of 1 for marking
[2026-02-10T21:57:57.724+0530] GC(4) Concurrent Mark From Roots 25.206ms
[2026-02-10T21:57:57.724+0530] GC(4) Concurrent Preclean
[2026-02-10T21:57:57.724+0530] GC(4) Concurrent Preclean 0.069ms
[2026-02-10T21:57:57.725+0530] GC(4) Pause Remark
[2026-02-10T21:57:57.728+0530] GC(4) Pause Remark 26M->26M(512M) 3.926ms
[2026-02-10T21:57:57.728+0530] GC(4) User=0.00s Sys=0.00s Real=0.00s
[2026-02-10T21:57:57.728+0530] GC(4) Concurrent Mark 29.655ms
[2026-02-10T21:57:57.728+0530] GC(4) Concurrent Rebuild Remembered Sets
[2026-02-10T21:57:57.739+0530] GC(4) Concurrent Rebuild Remembered Sets 11.092ms
[2026-02-10T21:57:57.740+0530] GC(4) Pause Cleanup
[2026-02-10T21:57:57.740+0530] GC(4) Pause Cleanup 26M->26M(512M) 0.187ms
[2026-02-10T21:57:57.740+0530] GC(4) User=0.00s Sys=0.00s Real=0.00s
[2026-02-10T21:57:57.740+0530] GC(4) Concurrent Cleanup for Next Mark
[2026-02-10T21:57:57.743+0530] GC(4) Concurrent Cleanup for Next Mark 3.219ms
[2026-02-10T21:57:57.743+0530] GC(4) Concurrent Mark Cycle 49.150ms
[2026-02-10T21:58:00.471+0530] GC(5) Pause Young (Concurrent Start) (Metadata GC Threshold)
[2026-02-10T21:58:00.471+0530] GC(5) Using 4 workers of 4 for evacuation
[2026-02-10T21:58:00.488+0530] GC(5)   Pre Evacuate Collection Set: 0.1ms
[2026-02-10T21:58:00.488+0530] GC(5)   Merge Heap Roots: 0.1ms
[2026-02-10T21:58:00.488+0530] GC(5)   Evacuate Collection Set: 15.2ms
[2026-02-10T21:58:00.488+0530] GC(5)   Post Evacuate Collection Set: 0.6ms
[2026-02-10T21:58:00.488+0530] GC(5)   Other: 0.2ms
[2026-02-10T21:58:00.488+0530] GC(5) Eden regions: 106->0(206)
[2026-02-10T21:58:00.488+0530] GC(5) Survivor regions: 6->10(20)
[2026-02-10T21:58:00.488+0530] GC(5) Old regions: 16->16
[2026-02-10T21:58:00.488+0530] GC(5) Archive regions: 0->0
[2026-02-10T21:58:00.489+0530] GC(5) Humongous regions: 5->5
[2026-02-10T21:58:00.489+0530] GC(5) Metaspace: 35415K(35968K)->35415K(35968K) NonClass: 31489K(31744K)->31489K(31744K) Class: 3926K(4224K)->3926K(4224K)
[2026-02-10T21:58:00.489+0530] GC(5) Pause Young (Concurrent Start) (Metadata GC Threshold) 132M->30M(512M) 17.860ms
[2026-02-10T21:58:00.489+0530] GC(5) User=0.06s Sys=0.03s Real=0.02s
[2026-02-10T21:58:00.489+0530] GC(6) Concurrent Mark Cycle
[2026-02-10T21:58:00.489+0530] GC(6) Concurrent Clear Claimed Marks
[2026-02-10T21:58:00.489+0530] GC(6) Concurrent Clear Claimed Marks 0.044ms
[2026-02-10T21:58:00.489+0530] GC(6) Concurrent Scan Root Regions
[2026-02-10T21:58:00.498+0530] GC(6) Concurrent Scan Root Regions 8.895ms
[2026-02-10T21:58:00.498+0530] GC(6) Concurrent Mark
[2026-02-10T21:58:00.498+0530] GC(6) Concurrent Mark From Roots
[2026-02-10T21:58:00.498+0530] GC(6) Using 1 workers of 1 for marking
[2026-02-10T21:58:00.526+0530] GC(6) Concurrent Mark From Roots 28.528ms
[2026-02-10T21:58:00.526+0530] GC(6) Concurrent Preclean
[2026-02-10T21:58:00.526+0530] GC(6) Concurrent Preclean 0.072ms
[2026-02-10T21:58:00.526+0530] GC(6) Pause Remark
[2026-02-10T21:58:00.532+0530] GC(6) Pause Remark 31M->31M(512M) 5.841ms
[2026-02-10T21:58:00.532+0530] GC(6) User=0.00s Sys=0.00s Real=0.01s
[2026-02-10T21:58:00.534+0530] GC(6) Concurrent Mark 35.148ms
[2026-02-10T21:58:00.534+0530] GC(6) Concurrent Rebuild Remembered Sets
[2026-02-10T21:58:00.544+0530] GC(6) Concurrent Rebuild Remembered Sets 11.039ms
[2026-02-10T21:58:00.544+0530] GC(6) Pause Cleanup
[2026-02-10T21:58:00.544+0530] GC(6) Pause Cleanup 31M->31M(512M) 0.146ms
[2026-02-10T21:58:00.544+0530] GC(6) User=0.00s Sys=0.00s Real=0.00s
[2026-02-10T21:58:00.544+0530] GC(6) Concurrent Cleanup for Next Mark
[2026-02-10T21:58:00.547+0530] GC(6) Concurrent Cleanup for Next Mark 2.598ms
[2026-02-10T21:58:00.547+0530] GC(6) Concurrent Mark Cycle 58.349ms
[2026-02-10T21:58:04.274+0530] Heap
[2026-02-10T21:58:04.274+0530]  garbage-first heap   total 524288K, used 167120K [0x00000000e0000000, 0x0000000100000000)
[2026-02-10T21:58:04.274+0530]   region size 1024K, 144 young (147456K), 10 survivors (10240K)
[2026-02-10T21:58:04.274+0530]  Metaspace       used 36750K, committed 37312K, reserved 1114112K
[2026-02-10T21:58:04.274+0530]   class space    used 3996K, committed 4288K, reserved 1048576K
