[2026-02-10T17:35:36.960+0530] Using G1
[2026-02-10T17:35:36.963+0530] Version: 17.0.12+8-LTS-286 (release)
[2026-02-10T17:35:36.963+0530] CPUs: 8 total, 4 available
[2026-02-10T17:35:36.963+0530] Memory: 7914M
[2026-02-10T17:35:36.963+0530] Large Page Support: Disabled
[2026-02-10T17:35:36.963+0530] NUMA Support: Disabled
[2026-02-10T17:35:36.963+0530] Compressed Oops: Enabled (32-bit)
[2026-02-10T17:35:36.963+0530] Heap Region Size: 1M
[2026-02-10T17:35:36.963+0530] Heap Min Capacity: 128M
[2026-02-10T17:35:36.963+0530] Heap Initial Capacity: 128M
[2026-02-10T17:35:36.963+0530] Heap Max Capacity: 128M
[2026-02-10T17:35:36.963+0530] Pre-touch: Disabled
[2026-02-10T17:35:36.963+0530] Parallel Workers: 4
[2026-02-10T17:35:36.963+0530] Concurrent Workers: 1
[2026-02-10T17:35:36.963+0530] Concurrent Refinement Workers: 4
[2026-02-10T17:35:36.963+0530] Periodic GC: Disabled
[2026-02-10T17:35:36.976+0530] CDS archive(s) mapped at: [0x00000283b3000000-0x00000283b3bd0000-0x00000283b3bd0000), size 12386304, SharedBaseAddress: 0x00000283b3000000, ArchiveRelocationMode: 1.
[2026-02-10T17:35:36.976+0530] Compressed class space mapped at: 0x00000283b4000000-0x00000283f4000000, reserved size: 1073741824
[2026-02-10T17:35:36.976+0530] Narrow klass base: 0x00000283b3000000, Narrow klass shift: 0, Narrow klass range: 0x100000000
[2026-02-10T17:35:37.951+0530] GC(0) Pause Young (Normal) (G1 Evacuation Pause)
[2026-02-10T17:35:37.951+0530] GC(0) Using 3 workers of 4 for evacuation
[2026-02-10T17:35:37.962+0530] GC(0)   Pre Evacuate Collection Set: 0.1ms
[2026-02-10T17:35:37.963+0530] GC(0)   Merge Heap Roots: 0.1ms
[2026-02-10T17:35:37.963+0530] GC(0)   Evacuate Collection Set: 10.6ms
[2026-02-10T17:35:37.963+0530] GC(0)   Post Evacuate Collection Set: 0.7ms
[2026-02-10T17:35:37.963+0530] GC(0)   Other: 0.6ms
[2026-02-10T17:35:37.963+0530] GC(0) Eden regions: 13->0(12)
[2026-02-10T17:35:37.963+0530] GC(0) Survivor regions: 0->2(2)
[2026-02-10T17:35:37.963+0530] GC(0) Old regions: 0->3
[2026-02-10T17:35:37.963+0530] GC(0) Archive regions: 0->0
[2026-02-10T17:35:37.963+0530] GC(0) Humongous regions: 5->5
[2026-02-10T17:35:37.963+0530] GC(0) Metaspace: 4461K(4672K)->4461K(4672K) NonClass: 3981K(4096K)->3981K(4096K) Class: 480K(576K)->480K(576K)
[2026-02-10T17:35:37.963+0530] GC(0) Pause Young (Normal) (G1 Evacuation Pause) 18M->9M(128M) 12.459ms
[2026-02-10T17:35:37.963+0530] GC(0) User=0.05s Sys=0.02s Real=0.01s
[2026-02-10T17:35:38.305+0530] GC(1) Pause Young (Normal) (G1 Evacuation Pause)
[2026-02-10T17:35:38.305+0530] GC(1) Using 3 workers of 4 for evacuation
[2026-02-10T17:35:38.314+0530] GC(1)   Pre Evacuate Collection Set: 0.1ms
[2026-02-10T17:35:38.314+0530] GC(1)   Merge Heap Roots: 0.1ms
[2026-02-10T17:35:38.314+0530] GC(1)   Evacuate Collection Set: 9.9ms
[2026-02-10T17:35:38.314+0530] GC(1)   Post Evacuate Collection Set: 0.4ms
[2026-02-10T17:35:38.316+0530] GC(1)   Other: 0.2ms
[2026-02-10T17:35:38.316+0530] GC(1) Eden regions: 12->0(19)
[2026-02-10T17:35:38.316+0530] GC(1) Survivor regions: 2->2(2)
[2026-02-10T17:35:38.316+0530] GC(1) Old regions: 3->6
[2026-02-10T17:35:38.316+0530] GC(1) Archive regions: 0->0
[2026-02-10T17:35:38.316+0530] GC(1) Humongous regions: 5->5
[2026-02-10T17:35:38.316+0530] GC(1) Metaspace: 5637K(5824K)->5637K(5824K) NonClass: 5038K(5120K)->5038K(5120K) Class: 598K(704K)->598K(704K)
[2026-02-10T17:35:38.316+0530] GC(1) Pause Young (Normal) (G1 Evacuation Pause) 21M->12M(128M) 10.911ms
[2026-02-10T17:35:38.316+0530] GC(1) User=0.06s Sys=0.00s Real=0.01s
[2026-02-10T17:35:38.831+0530] GC(2) Pause Young (Normal) (G1 Evacuation Pause)
[2026-02-10T17:35:38.831+0530] GC(2) Using 3 workers of 4 for evacuation
[2026-02-10T17:35:38.837+0530] GC(2)   Pre Evacuate Collection Set: 0.1ms
[2026-02-10T17:35:38.837+0530] GC(2)   Merge Heap Roots: 0.1ms
[2026-02-10T17:35:38.837+0530] GC(2)   Evacuate Collection Set: 5.1ms
[2026-02-10T17:35:38.837+0530] GC(2)   Post Evacuate Collection Set: 0.3ms
[2026-02-10T17:35:38.837+0530] GC(2)   Other: 0.2ms
[2026-02-10T17:35:38.837+0530] GC(2) Eden regions: 19->0(67)
[2026-02-10T17:35:38.837+0530] GC(2) Survivor regions: 2->2(3)
[2026-02-10T17:35:38.837+0530] GC(2) Old regions: 6->8
[2026-02-10T17:35:38.837+0530] GC(2) Archive regions: 0->0
[2026-02-10T17:35:38.837+0530] GC(2) Humongous regions: 5->5
[2026-02-10T17:35:38.837+0530] GC(2) Metaspace: 11398K(11584K)->11398K(11584K) NonClass: 10111K(10176K)->10111K(10176K) Class: 1286K(1408K)->1286K(1408K)
[2026-02-10T17:35:38.837+0530] GC(2) Pause Young (Normal) (G1 Evacuation Pause) 31M->14M(128M) 6.027ms
[2026-02-10T17:35:38.838+0530] GC(2) User=0.00s Sys=0.00s Real=0.01s
[2026-02-10T17:35:40.086+0530] GC(3) Pause Young (Concurrent Start) (Metadata GC Threshold)
[2026-02-10T17:35:40.086+0530] GC(3) Using 3 workers of 4 for evacuation
[2026-02-10T17:35:40.097+0530] GC(3)   Pre Evacuate Collection Set: 0.1ms
[2026-02-10T17:35:40.097+0530] GC(3)   Merge Heap Roots: 0.1ms
[2026-02-10T17:35:40.097+0530] GC(3)   Evacuate Collection Set: 10.5ms
[2026-02-10T17:35:40.097+0530] GC(3)   Post Evacuate Collection Set: 0.5ms
[2026-02-10T17:35:40.097+0530] GC(3)   Other: 0.2ms
[2026-02-10T17:35:40.097+0530] GC(3) Eden regions: 62->0(55)
[2026-02-10T17:35:40.097+0530] GC(3) Survivor regions: 2->9(9)
[2026-02-10T17:35:40.097+0530] GC(3) Old regions: 8->12
[2026-02-10T17:35:40.097+0530] GC(3) Archive regions: 0->0
[2026-02-10T17:35:40.097+0530] GC(3) Humongous regions: 5->5
[2026-02-10T17:35:40.097+0530] GC(3) Metaspace: 21244K(21504K)->21244K(21504K) NonClass: 19079K(19200K)->19079K(19200K) Class: 2164K(2304K)->2164K(2304K)
[2026-02-10T17:35:40.097+0530] GC(3) Pause Young (Concurrent Start) (Metadata GC Threshold) 76M->25M(128M) 11.516ms
[2026-02-10T17:35:40.097+0530] GC(3) User=0.05s Sys=0.00s Real=0.01s
[2026-02-10T17:35:40.097+0530] GC(4) Concurrent Mark Cycle
[2026-02-10T17:35:40.097+0530] GC(4) Concurrent Clear Claimed Marks
[2026-02-10T17:35:40.097+0530] GC(4) Concurrent Clear Claimed Marks 0.033ms
[2026-02-10T17:35:40.097+0530] GC(4) Concurrent Scan Root Regions
[2026-02-10T17:35:40.102+0530] GC(4) Concurrent Scan Root Regions 4.253ms
[2026-02-10T17:35:40.102+0530] GC(4) Concurrent Mark
[2026-02-10T17:35:40.102+0530] GC(4) Concurrent Mark From Roots
[2026-02-10T17:35:40.102+0530] GC(4) Using 1 workers of 1 for marking
[2026-02-10T17:35:40.123+0530] GC(4) Concurrent Mark From Roots 21.312ms
[2026-02-10T17:35:40.123+0530] GC(4) Concurrent Preclean
[2026-02-10T17:35:40.124+0530] GC(4) Concurrent Preclean 0.071ms
[2026-02-10T17:35:40.124+0530] GC(4) Pause Remark
[2026-02-10T17:35:40.130+0530] GC(4) Pause Remark 26M->26M(128M) 6.329ms
[2026-02-10T17:35:40.130+0530] GC(4) User=0.05s Sys=0.00s Real=0.01s
[2026-02-10T17:35:40.131+0530] GC(4) Concurrent Mark 28.504ms
[2026-02-10T17:35:40.131+0530] GC(4) Concurrent Rebuild Remembered Sets
[2026-02-10T17:35:40.142+0530] GC(4) Concurrent Rebuild Remembered Sets 11.645ms
[2026-02-10T17:35:40.142+0530] GC(4) Pause Cleanup
[2026-02-10T17:35:40.142+0530] GC(4) Pause Cleanup 26M->26M(128M) 0.079ms
[2026-02-10T17:35:40.142+0530] GC(4) User=0.00s Sys=0.00s Real=0.00s
[2026-02-10T17:35:40.143+0530] GC(4) Concurrent Cleanup for Next Mark
[2026-02-10T17:35:40.143+0530] GC(4) Concurrent Cleanup for Next Mark 0.879ms
[2026-02-10T17:35:40.143+0530] GC(4) Concurrent Mark Cycle 45.845ms
[2026-02-10T17:35:41.684+0530] GC(5) Pause Young (Normal) (G1 Evacuation Pause)
[2026-02-10T17:35:41.685+0530] GC(5) Using 3 workers of 4 for evacuation
[2026-02-10T17:35:41.699+0530] GC(5)   Pre Evacuate Collection Set: 0.1ms
[2026-02-10T17:35:41.699+0530] GC(5)   Merge Heap Roots: 0.1ms
[2026-02-10T17:35:41.699+0530] GC(5)   Evacuate Collection Set: 14.2ms
[2026-02-10T17:35:41.699+0530] GC(5)   Post Evacuate Collection Set: 0.4ms
[2026-02-10T17:35:41.699+0530] GC(5)   Other: 0.2ms
[2026-02-10T17:35:41.699+0530] GC(5) Eden regions: 55->0(55)
[2026-02-10T17:35:41.699+0530] GC(5) Survivor regions: 9->4(8)
[2026-02-10T17:35:41.699+0530] GC(5) Old regions: 12->21
[2026-02-10T17:35:41.699+0530] GC(5) Archive regions: 0->0
[2026-02-10T17:35:41.699+0530] GC(5) Humongous regions: 5->5
[2026-02-10T17:35:41.699+0530] GC(5) Metaspace: 27421K(27840K)->27421K(27840K) NonClass: 24472K(24704K)->24472K(24704K) Class: 2948K(3136K)->2948K(3136K)
[2026-02-10T17:35:41.699+0530] GC(5) Pause Young (Normal) (G1 Evacuation Pause) 80M->28M(128M) 15.303ms
[2026-02-10T17:35:41.699+0530] GC(5) User=0.05s Sys=0.02s Real=0.01s
[2026-02-10T17:35:42.690+0530] GC(6) Pause Young (Concurrent Start) (Metadata GC Threshold)
[2026-02-10T17:35:42.690+0530] GC(6) Using 3 workers of 4 for evacuation
[2026-02-10T17:35:42.700+0530] GC(6)   Pre Evacuate Collection Set: 0.1ms
[2026-02-10T17:35:42.700+0530] GC(6)   Merge Heap Roots: 0.1ms
[2026-02-10T17:35:42.700+0530] GC(6)   Evacuate Collection Set: 9.4ms
[2026-02-10T17:35:42.700+0530] GC(6)   Post Evacuate Collection Set: 0.4ms
[2026-02-10T17:35:42.700+0530] GC(6)   Other: 0.2ms
[2026-02-10T17:35:42.700+0530] GC(6) Eden regions: 51->0(58)
[2026-02-10T17:35:42.700+0530] GC(6) Survivor regions: 4->6(8)
[2026-02-10T17:35:42.700+0530] GC(6) Old regions: 21->21
[2026-02-10T17:35:42.700+0530] GC(6) Archive regions: 0->0
[2026-02-10T17:35:42.700+0530] GC(6) Humongous regions: 5->5
[2026-02-10T17:35:42.700+0530] GC(6) Metaspace: 35464K(35968K)->35464K(35968K) NonClass: 31538K(31808K)->31538K(31808K) Class: 3925K(4160K)->3925K(4160K)
[2026-02-10T17:35:42.700+0530] GC(6) Pause Young (Concurrent Start) (Metadata GC Threshold) 79M->30M(128M) 10.406ms
[2026-02-10T17:35:42.700+0530] GC(6) User=0.00s Sys=0.00s Real=0.01s
[2026-02-10T17:35:42.700+0530] GC(7) Concurrent Mark Cycle
[2026-02-10T17:35:42.700+0530] GC(7) Concurrent Clear Claimed Marks
[2026-02-10T17:35:42.700+0530] GC(7) Concurrent Clear Claimed Marks 0.042ms
[2026-02-10T17:35:42.700+0530] GC(7) Concurrent Scan Root Regions
[2026-02-10T17:35:42.707+0530] GC(7) Concurrent Scan Root Regions 7.015ms
[2026-02-10T17:35:42.707+0530] GC(7) Concurrent Mark
[2026-02-10T17:35:42.707+0530] GC(7) Concurrent Mark From Roots
[2026-02-10T17:35:42.707+0530] GC(7) Using 1 workers of 1 for marking
[2026-02-10T17:35:42.746+0530] GC(7) Concurrent Mark From Roots 39.279ms
[2026-02-10T17:35:42.746+0530] GC(7) Concurrent Preclean
[2026-02-10T17:35:42.747+0530] GC(7) Concurrent Preclean 0.066ms
[2026-02-10T17:35:42.747+0530] GC(7) Pause Remark
[2026-02-10T17:35:42.755+0530] GC(7) Pause Remark 31M->31M(128M) 7.971ms
[2026-02-10T17:35:42.755+0530] GC(7) User=0.03s Sys=0.02s Real=0.01s
[2026-02-10T17:35:42.755+0530] GC(7) Concurrent Mark 47.704ms
[2026-02-10T17:35:42.755+0530] GC(7) Concurrent Rebuild Remembered Sets
[2026-02-10T17:35:42.771+0530] GC(7) Concurrent Rebuild Remembered Sets 15.011ms
[2026-02-10T17:35:42.771+0530] GC(7) Pause Cleanup
[2026-02-10T17:35:42.771+0530] GC(7) Pause Cleanup 31M->31M(128M) 0.092ms
[2026-02-10T17:35:42.771+0530] GC(7) User=0.00s Sys=0.00s Real=0.00s
[2026-02-10T17:35:42.771+0530] GC(7) Concurrent Cleanup for Next Mark
[2026-02-10T17:35:42.772+0530] GC(7) Concurrent Cleanup for Next Mark 1.139ms
[2026-02-10T17:35:42.772+0530] GC(7) Concurrent Mark Cycle 71.725ms
[2026-02-10T17:35:45.206+0530] GC(8) Pause Young (Normal) (G1 Evacuation Pause)
[2026-02-10T17:35:45.206+0530] GC(8) Using 3 workers of 4 for evacuation
[2026-02-10T17:35:45.225+0530] GC(8)   Pre Evacuate Collection Set: 0.1ms
[2026-02-10T17:35:45.226+0530] GC(8)   Merge Heap Roots: 0.1ms
[2026-02-10T17:35:45.226+0530] GC(8)   Evacuate Collection Set: 19.1ms
[2026-02-10T17:35:45.226+0530] GC(8)   Post Evacuate Collection Set: 0.6ms
[2026-02-10T17:35:45.226+0530] GC(8)   Other: 0.2ms
[2026-02-10T17:35:45.226+0530] GC(8) Eden regions: 58->0(55)
[2026-02-10T17:35:45.226+0530] GC(8) Survivor regions: 6->8(8)
[2026-02-10T17:35:45.226+0530] GC(8) Old regions: 21->24
[2026-02-10T17:35:45.226+0530] GC(8) Archive regions: 0->0
[2026-02-10T17:35:45.226+0530] GC(8) Humongous regions: 5->5
[2026-02-10T17:35:45.226+0530] GC(8) Metaspace: 36572K(37120K)->36572K(37120K) NonClass: 32595K(32896K)->32595K(32896K) Class: 3976K(4224K)->3976K(4224K)
[2026-02-10T17:35:45.226+0530] GC(8) Pause Young (Normal) (G1 Evacuation Pause) 88M->36M(128M) 20.197ms
[2026-02-10T17:35:45.226+0530] GC(8) User=0.06s Sys=0.00s Real=0.02s
[2026-02-10T17:35:45.901+0530] GC(9) Pause Young (Normal) (G1 Evacuation Pause)
[2026-02-10T17:35:45.901+0530] GC(9) Using 3 workers of 4 for evacuation
[2026-02-10T17:35:45.926+0530] GC(9)   Pre Evacuate Collection Set: 0.1ms
[2026-02-10T17:35:45.926+0530] GC(9)   Merge Heap Roots: 0.1ms
[2026-02-10T17:35:45.926+0530] GC(9)   Evacuate Collection Set: 24.9ms
[2026-02-10T17:35:45.926+0530] GC(9)   Post Evacuate Collection Set: 0.4ms
[2026-02-10T17:35:45.926+0530] GC(9)   Other: 0.2ms
[2026-02-10T17:35:45.926+0530] GC(9) Eden regions: 55->0(50)
[2026-02-10T17:35:45.926+0530] GC(9) Survivor regions: 8->8(8)
[2026-02-10T17:35:45.926+0530] GC(9) Old regions: 24->33
[2026-02-10T17:35:45.926+0530] GC(9) Archive regions: 0->0
[2026-02-10T17:35:45.926+0530] GC(9) Humongous regions: 5->5
[2026-02-10T17:35:45.926+0530] GC(9) Metaspace: 36654K(37248K)->36654K(37248K) NonClass: 32673K(32960K)->32673K(32960K) Class: 3981K(4288K)->3981K(4288K)
[2026-02-10T17:35:45.926+0530] GC(9) Pause Young (Normal) (G1 Evacuation Pause) 91M->45M(128M) 25.739ms
[2026-02-10T17:35:45.926+0530] GC(9) User=0.08s Sys=0.00s Real=0.03s
[2026-02-10T17:35:46.113+0530] Heap
[2026-02-10T17:35:46.113+0530]  garbage-first heap   total 131072K, used 63197K [0x00000000f8000000, 0x0000000100000000)
[2026-02-10T17:35:46.113+0530]   region size 1024K, 25 young (25600K), 8 survivors (8192K)
[2026-02-10T17:35:46.113+0530]  Metaspace       used 36733K, committed 37312K, reserved 1114112K
[2026-02-10T17:35:46.113+0530]   class space    used 3990K, committed 4288K, reserved 1048576K
