[2026-02-10T21:58:27.269+0530] Using G1
[2026-02-10T21:58:27.274+0530] Version: 17.0.12+8-LTS-286 (release)
[2026-02-10T21:58:27.274+0530] CPUs: 8 total, 4 available
[2026-02-10T21:58:27.274+0530] Memory: 7914M
[2026-02-10T21:58:27.274+0530] Large Page Support: Disabled
[2026-02-10T21:58:27.275+0530] NUMA Support: Disabled
[2026-02-10T21:58:27.275+0530] Compressed Oops: Enabled (32-bit)
[2026-02-10T21:58:27.275+0530] Heap Region Size: 1M
[2026-02-10T21:58:27.275+0530] Heap Min Capacity: 512M
[2026-02-10T21:58:27.275+0530] Heap Initial Capacity: 512M
[2026-02-10T21:58:27.275+0530] Heap Max Capacity: 512M
[2026-02-10T21:58:27.275+0530] Pre-touch: Disabled
[2026-02-10T21:58:27.275+0530] Parallel Workers: 4
[2026-02-10T21:58:27.279+0530] Concurrent Workers: 1
[2026-02-10T21:58:27.279+0530] Concurrent Refinement Workers: 4
[2026-02-10T21:58:27.279+0530] Periodic GC: Disabled
[2026-02-10T21:58:27.293+0530] CDS archive(s) mapped at: [0x0000012480000000-0x0000012480bd0000-0x0000012480bd0000), size 12386304, SharedBaseAddress: 0x0000012480000000, ArchiveRelocationMode: 1.
[2026-02-10T21:58:27.293+0530] Compressed class space mapped at: 0x0000012481000000-0x00000124c1000000, reserved size: 1073741824
[2026-02-10T21:58:27.293+0530] Narrow klass base: 0x0000012480000000, Narrow klass shift: 0, Narrow klass range: 0x100000000
[2026-02-10T21:58:28.185+0530] GC(0) Pause Young (Normal) (G1 Evacuation Pause)
[2026-02-10T21:58:28.185+0530] GC(0) Using 4 workers of 4 for evacuation
[2026-02-10T21:58:28.200+0530] GC(0)   Pre Evacuate Collection Set: 0.1ms
[2026-02-10T21:58:28.200+0530] GC(0)   Merge Heap Roots: 0.1ms
[2026-02-10T21:58:28.200+0530] GC(0)   Evacuate Collection Set: 14.2ms
[2026-02-10T21:58:28.200+0530] GC(0)   Post Evacuate Collection Set: 0.6ms
[2026-02-10T21:58:28.200+0530] GC(0)   Other: 0.4ms
[2026-02-10T21:58:28.200+0530] GC(0) Eden regions: 25->0(21)
[2026-02-10T21:58:28.200+0530] GC(0) Survivor regions: 0->4(4)
[2026-02-10T21:58:28.200+0530] GC(0) Old regions: 0->4
[2026-02-10T21:58:28.200+0530] GC(0) Archive regions: 0->0
[2026-02-10T21:58:28.200+0530] GC(0) Humongous regions: 5->5
[2026-02-10T21:58:28.200+0530] GC(0) Metaspace: 5431K(5568K)->5431K(5568K) NonClass: 4860K(4928K)->4860K(4928K) Class: 570K(640K)->570K(640K)
[2026-02-10T21:58:28.200+0530] GC(0) Pause Young (Normal) (G1 Evacuation Pause) 30M->12M(512M) 15.545ms
[2026-02-10T21:58:28.200+0530] GC(0) User=0.06s Sys=0.00s Real=0.02s
[2026-02-10T21:58:28.805+0530] GC(1) Pause Young (Normal) (G1 Evacuation Pause)
[2026-02-10T21:58:28.806+0530] GC(1) Using 4 workers of 4 for evacuation
[2026-02-10T21:58:28.816+0530] GC(1)   Pre Evacuate Collection Set: 0.1ms
[2026-02-10T21:58:28.816+0530] GC(1)   Merge Heap Roots: 0.1ms
[2026-02-10T21:58:28.816+0530] GC(1)   Evacuate Collection Set: 9.0ms
[2026-02-10T21:58:28.816+0530] GC(1)   Post Evacuate Collection Set: 0.6ms
[2026-02-10T21:58:28.816+0530] GC(1)   Other: 0.2ms
[2026-02-10T21:58:28.816+0530] GC(1) Eden regions: 21->0(23)
[2026-02-10T21:58:28.816+0530] GC(1) Survivor regions: 4->2(4)
[2026-02-10T21:58:28.816+0530] GC(1) Old regions: 4->8
[2026-02-10T21:58:28.816+0530] GC(1) Archive regions: 0->0
[2026-02-10T21:58:28.816+0530] GC(1) Humongous regions: 5->5
[2026-02-10T21:58:28.816+0530] GC(1) Metaspace: 11733K(11968K)->11733K(11968K) NonClass: 10402K(10496K)->10402K(10496K) Class: 1331K(1472K)->1331K(1472K)
[2026-02-10T21:58:28.816+0530] GC(1) Pause Young (Normal) (G1 Evacuation Pause) 33M->14M(512M) 10.111ms
[2026-02-10T21:58:28.816+0530] GC(1) User=0.03s Sys=0.03s Real=0.01s
[2026-02-10T21:58:29.212+0530] GC(2) Pause Young (Normal) (G1 Evacuation Pause)
[2026-02-10T21:58:29.212+0530] GC(2) Using 4 workers of 4 for evacuation
[2026-02-10T21:58:29.222+0530] GC(2)   Pre Evacuate Collection Set: 0.1ms
[2026-02-10T21:58:29.222+0530] GC(2)   Merge Heap Roots: 0.1ms
[2026-02-10T21:58:29.222+0530] GC(2)   Evacuate Collection Set: 9.5ms
[2026-02-10T21:58:29.222+0530] GC(2)   Post Evacuate Collection Set: 0.4ms
[2026-02-10T21:58:29.222+0530] GC(2)   Other: 0.2ms
[2026-02-10T21:58:29.222+0530] GC(2) Eden regions: 23->0(36)
[2026-02-10T21:58:29.222+0530] GC(2) Survivor regions: 2->4(4)
[2026-02-10T21:58:29.222+0530] GC(2) Old regions: 8->15
[2026-02-10T21:58:29.222+0530] GC(2) Archive regions: 0->0
[2026-02-10T21:58:29.222+0530] GC(2) Humongous regions: 5->5
[2026-02-10T21:58:29.222+0530] GC(2) Metaspace: 14662K(14976K)->14662K(14976K) NonClass: 13013K(13184K)->13013K(13184K) Class: 1648K(1792K)->1648K(1792K)
[2026-02-10T21:58:29.222+0530] GC(2) Pause Young (Normal) (G1 Evacuation Pause) 37M->23M(512M) 10.432ms
[2026-02-10T21:58:29.222+0530] GC(2) User=0.03s Sys=0.00s Real=0.01s
[2026-02-10T21:58:29.851+0530] GC(3) Pause Young (Normal) (G1 Evacuation Pause)
[2026-02-10T21:58:29.851+0530] GC(3) Using 4 workers of 4 for evacuation
[2026-02-10T21:58:29.858+0530] GC(3)   Pre Evacuate Collection Set: 0.1ms
[2026-02-10T21:58:29.858+0530] GC(3)   Merge Heap Roots: 0.1ms
[2026-02-10T21:58:29.858+0530] GC(3)   Evacuate Collection Set: 6.4ms
[2026-02-10T21:58:29.858+0530] GC(3)   Post Evacuate Collection Set: 0.3ms
[2026-02-10T21:58:29.858+0530] GC(3)   Other: 0.2ms
[2026-02-10T21:58:29.858+0530] GC(3) Eden regions: 36->0(167)
[2026-02-10T21:58:29.858+0530] GC(3) Survivor regions: 4->2(5)
[2026-02-10T21:58:29.858+0530] GC(3) Old regions: 15->19
[2026-02-10T21:58:29.858+0530] GC(3) Archive regions: 0->0
[2026-02-10T21:58:29.858+0530] GC(3) Humongous regions: 5->5
[2026-02-10T21:58:29.858+0530] GC(3) Metaspace: 20131K(20416K)->20131K(20416K) NonClass: 18035K(18176K)->18035K(18176K) Class: 2095K(2240K)->2095K(2240K)
[2026-02-10T21:58:29.858+0530] GC(3) Pause Young (Normal) (G1 Evacuation Pause) 59M->25M(512M) 7.324ms
[2026-02-10T21:58:29.858+0530] GC(3) User=0.00s Sys=0.00s Real=0.01s
[2026-02-10T21:58:30.005+0530] GC(4) Pause Young (Concurrent Start) (Metadata GC Threshold)
[2026-02-10T21:58:30.005+0530] GC(4) Using 4 workers of 4 for evacuation
[2026-02-10T21:58:30.009+0530] GC(4)   Pre Evacuate Collection Set: 0.1ms
[2026-02-10T21:58:30.009+0530] GC(4)   Merge Heap Roots: 0.1ms
[2026-02-10T21:58:30.009+0530] GC(4)   Evacuate Collection Set: 3.9ms
[2026-02-10T21:58:30.009+0530] GC(4)   Post Evacuate Collection Set: 0.3ms
[2026-02-10T21:58:30.009+0530] GC(4)   Other: 0.2ms
[2026-02-10T21:58:30.009+0530] GC(4) Eden regions: 4->0(116)
[2026-02-10T21:58:30.009+0530] GC(4) Survivor regions: 2->3(22)
[2026-02-10T21:58:30.009+0530] GC(4) Old regions: 19->19
[2026-02-10T21:58:30.009+0530] GC(4) Archive regions: 0->0
[2026-02-10T21:58:30.009+0530] GC(4) Humongous regions: 5->5
[2026-02-10T21:58:30.009+0530] GC(4) Metaspace: 21281K(21504K)->21281K(21504K) NonClass: 19106K(19200K)->19106K(19200K) Class: 2175K(2304K)->2175K(2304K)
[2026-02-10T21:58:30.009+0530] GC(4) Pause Young (Concurrent Start) (Metadata GC Threshold) 28M->25M(512M) 4.733ms
[2026-02-10T21:58:30.009+0530] GC(4) User=0.00s Sys=0.00s Real=0.00s
[2026-02-10T21:58:30.009+0530] GC(5) Concurrent Mark Cycle
[2026-02-10T21:58:30.009+0530] GC(5) Concurrent Clear Claimed Marks
[2026-02-10T21:58:30.009+0530] GC(5) Concurrent Clear Claimed Marks 0.029ms
[2026-02-10T21:58:30.009+0530] GC(5) Concurrent Scan Root Regions
[2026-02-10T21:58:30.012+0530] GC(5) Concurrent Scan Root Regions 2.581ms
[2026-02-10T21:58:30.012+0530] GC(5) Concurrent Mark
[2026-02-10T21:58:30.012+0530] GC(5) Concurrent Mark From Roots
[2026-02-10T21:58:30.012+0530] GC(5) Using 1 workers of 1 for marking
[2026-02-10T21:58:30.041+0530] GC(5) Concurrent Mark From Roots 28.924ms
[2026-02-10T21:58:30.041+0530] GC(5) Concurrent Preclean
[2026-02-10T21:58:30.041+0530] GC(5) Concurrent Preclean 0.099ms
[2026-02-10T21:58:30.041+0530] GC(5) Pause Remark
[2026-02-10T21:58:30.047+0530] GC(5) Pause Remark 26M->26M(512M) 5.338ms
[2026-02-10T21:58:30.047+0530] GC(5) User=0.00s Sys=0.00s Real=0.01s
[2026-02-10T21:58:30.051+0530] GC(5) Concurrent Mark 39.270ms
[2026-02-10T21:58:30.051+0530] GC(5) Concurrent Rebuild Remembered Sets
[2026-02-10T21:58:30.066+0530] GC(5) Concurrent Rebuild Remembered Sets 14.289ms
[2026-02-10T21:58:30.066+0530] GC(5) Pause Cleanup
[2026-02-10T21:58:30.066+0530] GC(5) Pause Cleanup 26M->26M(512M) 0.195ms
[2026-02-10T21:58:30.066+0530] GC(5) User=0.00s Sys=0.00s Real=0.00s
[2026-02-10T21:58:30.067+0530] GC(5) Concurrent Cleanup for Next Mark
[2026-02-10T21:58:30.070+0530] GC(5) Concurrent Cleanup for Next Mark 3.225ms
[2026-02-10T21:58:30.070+0530] GC(5) Concurrent Mark Cycle 60.116ms
[2026-02-10T21:58:33.323+0530] GC(6) Pause Young (Concurrent Start) (Metadata GC Threshold)
[2026-02-10T21:58:33.323+0530] GC(6) Using 4 workers of 4 for evacuation
[2026-02-10T21:58:33.335+0530] GC(6)   Pre Evacuate Collection Set: 0.1ms
[2026-02-10T21:58:33.336+0530] GC(6)   Merge Heap Roots: 0.1ms
[2026-02-10T21:58:33.336+0530] GC(6)   Evacuate Collection Set: 11.3ms
[2026-02-10T21:58:33.336+0530] GC(6)   Post Evacuate Collection Set: 0.6ms
[2026-02-10T21:58:33.336+0530] GC(6)   Other: 0.2ms
[2026-02-10T21:58:33.336+0530] GC(6) Eden regions: 106->0(284)
[2026-02-10T21:58:33.336+0530] GC(6) Survivor regions: 3->7(15)
[2026-02-10T21:58:33.336+0530] GC(6) Old regions: 19->19
[2026-02-10T21:58:33.336+0530] GC(6) Archive regions: 0->0
[2026-02-10T21:58:33.336+0530] GC(6) Humongous regions: 5->5
[2026-02-10T21:58:33.336+0530] GC(6) Metaspace: 35464K(35968K)->35464K(35968K) NonClass: 31537K(31808K)->31537K(31808K) Class: 3926K(4160K)->3926K(4160K)
[2026-02-10T21:58:33.336+0530] GC(6) Pause Young (Concurrent Start) (Metadata GC Threshold) 131M->30M(512M) 12.648ms
[2026-02-10T21:58:33.336+0530] GC(6) User=0.05s Sys=0.02s Real=0.01s
[2026-02-10T21:58:33.336+0530] GC(7) Concurrent Mark Cycle
[2026-02-10T21:58:33.336+0530] GC(7) Concurrent Clear Claimed Marks
[2026-02-10T21:58:33.336+0530] GC(7) Concurrent Clear Claimed Marks 0.044ms
[2026-02-10T21:58:33.336+0530] GC(7) Concurrent Scan Root Regions
[2026-02-10T21:58:33.345+0530] GC(7) Concurrent Scan Root Regions 8.402ms
[2026-02-10T21:58:33.345+0530] GC(7) Concurrent Mark
[2026-02-10T21:58:33.345+0530] GC(7) Concurrent Mark From Roots
[2026-02-10T21:58:33.345+0530] GC(7) Using 1 workers of 1 for marking
[2026-02-10T21:58:33.374+0530] GC(7) Concurrent Mark From Roots 28.308ms
[2026-02-10T21:58:33.374+0530] GC(7) Concurrent Preclean
[2026-02-10T21:58:33.374+0530] GC(7) Concurrent Preclean 0.088ms
[2026-02-10T21:58:33.374+0530] GC(7) Pause Remark
[2026-02-10T21:58:33.377+0530] GC(7) Pause Remark 31M->31M(512M) 3.906ms
[2026-02-10T21:58:33.377+0530] GC(7) User=0.03s Sys=0.03s Real=0.00s
[2026-02-10T21:58:33.379+0530] GC(7) Concurrent Mark 34.547ms
[2026-02-10T21:58:33.379+0530] GC(7) Concurrent Rebuild Remembered Sets
[2026-02-10T21:58:33.394+0530] GC(7) Concurrent Rebuild Remembered Sets 14.081ms
[2026-02-10T21:58:33.394+0530] GC(7) Pause Cleanup
[2026-02-10T21:58:33.394+0530] GC(7) Pause Cleanup 32M->32M(512M) 0.150ms
[2026-02-10T21:58:33.394+0530] GC(7) User=0.00s Sys=0.00s Real=0.00s
[2026-02-10T21:58:33.394+0530] GC(7) Concurrent Cleanup for Next Mark
[2026-02-10T21:58:33.399+0530] GC(7) Concurrent Cleanup for Next Mark 5.475ms
[2026-02-10T21:58:33.399+0530] GC(7) Concurrent Mark Cycle 63.323ms
[2026-02-10T21:58:36.138+0530] Heap
[2026-02-10T21:58:36.139+0530]  garbage-first heap   total 524288K, used 166694K [0x00000000e0000000, 0x0000000100000000)
[2026-02-10T21:58:36.139+0530]   region size 1024K, 140 young (143360K), 7 survivors (7168K)
[2026-02-10T21:58:36.139+0530]  Metaspace       used 36772K, committed 37248K, reserved 1114112K
[2026-02-10T21:58:36.139+0530]   class space    used 3992K, committed 4224K, reserved 1048576K
