[2026-02-10T17:36:13.200+0530] Using G1
[2026-02-10T17:36:13.203+0530] Version: 17.0.12+8-LTS-286 (release)
[2026-02-10T17:36:13.203+0530] CPUs: 8 total, 4 available
[2026-02-10T17:36:13.203+0530] Memory: 7914M
[2026-02-10T17:36:13.203+0530] Large Page Support: Disabled
[2026-02-10T17:36:13.203+0530] NUMA Support: Disabled
[2026-02-10T17:36:13.203+0530] Compressed Oops: Enabled (32-bit)
[2026-02-10T17:36:13.203+0530] Heap Region Size: 1M
[2026-02-10T17:36:13.203+0530] Heap Min Capacity: 128M
[2026-02-10T17:36:13.203+0530] Heap Initial Capacity: 128M
[2026-02-10T17:36:13.203+0530] Heap Max Capacity: 128M
[2026-02-10T17:36:13.204+0530] Pre-touch: Disabled
[2026-02-10T17:36:13.204+0530] Parallel Workers: 4
[2026-02-10T17:36:13.204+0530] Concurrent Workers: 1
[2026-02-10T17:36:13.204+0530] Concurrent Refinement Workers: 4
[2026-02-10T17:36:13.204+0530] Periodic GC: Disabled
[2026-02-10T17:36:13.221+0530] CDS archive(s) mapped at: [0x000002aecb000000-0x000002aecbbd0000-0x000002aecbbd0000), size 12386304, SharedBaseAddress: 0x000002aecb000000, ArchiveRelocationMode: 1.
[2026-02-10T17:36:13.221+0530] Compressed class space mapped at: 0x000002aecc000000-0x000002af0c000000, reserved size: 1073741824
[2026-02-10T17:36:13.221+0530] Narrow klass base: 0x000002aecb000000, Narrow klass shift: 0, Narrow klass range: 0x100000000
[2026-02-10T17:36:13.867+0530] GC(0) Pause Young (Normal) (G1 Evacuation Pause)
[2026-02-10T17:36:13.867+0530] GC(0) Using 3 workers of 4 for evacuation
[2026-02-10T17:36:13.874+0530] GC(0)   Pre Evacuate Collection Set: 0.1ms
[2026-02-10T17:36:13.874+0530] GC(0)   Merge Heap Roots: 0.1ms
[2026-02-10T17:36:13.875+0530] GC(0)   Evacuate Collection Set: 6.2ms
[2026-02-10T17:36:13.875+0530] GC(0)   Post Evacuate Collection Set: 0.5ms
[2026-02-10T17:36:13.875+0530] GC(0)   Other: 0.3ms
[2026-02-10T17:36:13.875+0530] GC(0) Eden regions: 13->0(13)
[2026-02-10T17:36:13.875+0530] GC(0) Survivor regions: 0->2(2)
[2026-02-10T17:36:13.875+0530] GC(0) Old regions: 0->3
[2026-02-10T17:36:13.875+0530] GC(0) Archive regions: 0->0
[2026-02-10T17:36:13.875+0530] GC(0) Humongous regions: 5->5
[2026-02-10T17:36:13.875+0530] GC(0) Metaspace: 4436K(4672K)->4436K(4672K) NonClass: 3956K(4096K)->3956K(4096K) Class: 480K(576K)->480K(576K)
[2026-02-10T17:36:13.875+0530] GC(0) Pause Young (Normal) (G1 Evacuation Pause) 18M->9M(128M) 7.363ms
[2026-02-10T17:36:13.875+0530] GC(0) User=0.02s Sys=0.03s Real=0.01s
[2026-02-10T17:36:14.080+0530] GC(1) Pause Young (Normal) (G1 Evacuation Pause)
[2026-02-10T17:36:14.080+0530] GC(1) Using 3 workers of 4 for evacuation
[2026-02-10T17:36:14.088+0530] GC(1)   Pre Evacuate Collection Set: 0.1ms
[2026-02-10T17:36:14.088+0530] GC(1)   Merge Heap Roots: 0.1ms
[2026-02-10T17:36:14.088+0530] GC(1)   Evacuate Collection Set: 8.0ms
[2026-02-10T17:36:14.088+0530] GC(1)   Post Evacuate Collection Set: 0.3ms
[2026-02-10T17:36:14.088+0530] GC(1)   Other: 0.2ms
[2026-02-10T17:36:14.088+0530] GC(1) Eden regions: 13->0(18)
[2026-02-10T17:36:14.088+0530] GC(1) Survivor regions: 2->2(2)
[2026-02-10T17:36:14.088+0530] GC(1) Old regions: 3->6
[2026-02-10T17:36:14.088+0530] GC(1) Archive regions: 0->0
[2026-02-10T17:36:14.088+0530] GC(1) Humongous regions: 5->5
[2026-02-10T17:36:14.088+0530] GC(1) Metaspace: 6000K(6144K)->6000K(6144K) NonClass: 5343K(5440K)->5343K(5440K) Class: 657K(704K)->657K(704K)
[2026-02-10T17:36:14.088+0530] GC(1) Pause Young (Normal) (G1 Evacuation Pause) 22M->12M(128M) 8.865ms
[2026-02-10T17:36:14.088+0530] GC(1) User=0.00s Sys=0.00s Real=0.01s
[2026-02-10T17:36:14.565+0530] GC(2) Pause Young (Normal) (G1 Evacuation Pause)
[2026-02-10T17:36:14.565+0530] GC(2) Using 3 workers of 4 for evacuation
[2026-02-10T17:36:14.569+0530] GC(2)   Pre Evacuate Collection Set: 0.0ms
[2026-02-10T17:36:14.569+0530] GC(2)   Merge Heap Roots: 0.0ms
[2026-02-10T17:36:14.569+0530] GC(2)   Evacuate Collection Set: 4.5ms
[2026-02-10T17:36:14.569+0530] GC(2)   Post Evacuate Collection Set: 0.3ms
[2026-02-10T17:36:14.569+0530] GC(2)   Other: 0.1ms
[2026-02-10T17:36:14.569+0530] GC(2) Eden regions: 18->0(70)
[2026-02-10T17:36:14.570+0530] GC(2) Survivor regions: 2->2(3)
[2026-02-10T17:36:14.570+0530] GC(2) Old regions: 6->8
[2026-02-10T17:36:14.570+0530] GC(2) Archive regions: 0->0
[2026-02-10T17:36:14.570+0530] GC(2) Humongous regions: 5->5
[2026-02-10T17:36:14.570+0530] GC(2) Metaspace: 11373K(11584K)->11373K(11584K) NonClass: 10089K(10176K)->10089K(10176K) Class: 1283K(1408K)->1283K(1408K)
[2026-02-10T17:36:14.570+0530] GC(2) Pause Young (Normal) (G1 Evacuation Pause) 30M->14M(128M) 5.258ms
[2026-02-10T17:36:14.570+0530] GC(2) User=0.00s Sys=0.00s Real=0.00s
[2026-02-10T17:36:15.757+0530] GC(3) Pause Young (Concurrent Start) (Metadata GC Threshold)
[2026-02-10T17:36:15.757+0530] GC(3) Using 3 workers of 4 for evacuation
[2026-02-10T17:36:15.769+0530] GC(3)   Pre Evacuate Collection Set: 0.1ms
[2026-02-10T17:36:15.769+0530] GC(3)   Merge Heap Roots: 0.1ms
[2026-02-10T17:36:15.769+0530] GC(3)   Evacuate Collection Set: 9.1ms
[2026-02-10T17:36:15.769+0530] GC(3)   Post Evacuate Collection Set: 0.6ms
[2026-02-10T17:36:15.769+0530] GC(3)   Other: 0.3ms
[2026-02-10T17:36:15.769+0530] GC(3) Eden regions: 63->0(55)
[2026-02-10T17:36:15.769+0530] GC(3) Survivor regions: 2->9(9)
[2026-02-10T17:36:15.769+0530] GC(3) Old regions: 8->12
[2026-02-10T17:36:15.769+0530] GC(3) Archive regions: 0->0
[2026-02-10T17:36:15.769+0530] GC(3) Humongous regions: 5->5
[2026-02-10T17:36:15.769+0530] GC(3) Metaspace: 21231K(21504K)->21231K(21504K) NonClass: 19063K(19200K)->19063K(19200K) Class: 2168K(2304K)->2168K(2304K)
[2026-02-10T17:36:15.769+0530] GC(3) Pause Young (Concurrent Start) (Metadata GC Threshold) 77M->25M(128M) 10.386ms
[2026-02-10T17:36:15.769+0530] GC(3) User=0.05s Sys=0.02s Real=0.01s
[2026-02-10T17:36:15.769+0530] GC(4) Concurrent Mark Cycle
[2026-02-10T17:36:15.769+0530] GC(4) Concurrent Clear Claimed Marks
[2026-02-10T17:36:15.769+0530] GC(4) Concurrent Clear Claimed Marks 0.036ms
[2026-02-10T17:36:15.769+0530] GC(4) Concurrent Scan Root Regions
[2026-02-10T17:36:15.774+0530] GC(4) Concurrent Scan Root Regions 4.604ms
[2026-02-10T17:36:15.774+0530] GC(4) Concurrent Mark
[2026-02-10T17:36:15.774+0530] GC(4) Concurrent Mark From Roots
[2026-02-10T17:36:15.774+0530] GC(4) Using 1 workers of 1 for marking
[2026-02-10T17:36:15.796+0530] GC(4) Concurrent Mark From Roots 22.396ms
[2026-02-10T17:36:15.796+0530] GC(4) Concurrent Preclean
[2026-02-10T17:36:15.796+0530] GC(4) Concurrent Preclean 0.066ms
[2026-02-10T17:36:15.797+0530] GC(4) Pause Remark
[2026-02-10T17:36:15.800+0530] GC(4) Pause Remark 26M->26M(128M) 3.994ms
[2026-02-10T17:36:15.800+0530] GC(4) User=0.00s Sys=0.00s Real=0.00s
[2026-02-10T17:36:15.800+0530] GC(4) Concurrent Mark 26.809ms
[2026-02-10T17:36:15.800+0530] GC(4) Concurrent Rebuild Remembered Sets
[2026-02-10T17:36:15.814+0530] GC(4) Concurrent Rebuild Remembered Sets 12.994ms
[2026-02-10T17:36:15.814+0530] GC(4) Pause Cleanup
[2026-02-10T17:36:15.814+0530] GC(4) Pause Cleanup 26M->26M(128M) 0.082ms
[2026-02-10T17:36:15.814+0530] GC(4) User=0.00s Sys=0.00s Real=0.00s
[2026-02-10T17:36:15.814+0530] GC(4) Concurrent Cleanup for Next Mark
[2026-02-10T17:36:15.815+0530] GC(4) Concurrent Cleanup for Next Mark 0.830ms
[2026-02-10T17:36:15.815+0530] GC(4) Concurrent Mark Cycle 45.851ms
[2026-02-10T17:36:17.999+0530] GC(5) Pause Young (Normal) (G1 Evacuation Pause)
[2026-02-10T17:36:17.999+0530] GC(5) Using 3 workers of 4 for evacuation
[2026-02-10T17:36:18.016+0530] GC(5)   Pre Evacuate Collection Set: 0.1ms
[2026-02-10T17:36:18.016+0530] GC(5)   Merge Heap Roots: 0.1ms
[2026-02-10T17:36:18.016+0530] GC(5)   Evacuate Collection Set: 16.6ms
[2026-02-10T17:36:18.016+0530] GC(5)   Post Evacuate Collection Set: 0.5ms
[2026-02-10T17:36:18.016+0530] GC(5)   Other: 0.2ms
[2026-02-10T17:36:18.016+0530] GC(5) Eden regions: 55->0(56)
[2026-02-10T17:36:18.016+0530] GC(5) Survivor regions: 9->3(8)
[2026-02-10T17:36:18.016+0530] GC(5) Old regions: 12->20
[2026-02-10T17:36:18.016+0530] GC(5) Archive regions: 0->0
[2026-02-10T17:36:18.016+0530] GC(5) Humongous regions: 5->5
[2026-02-10T17:36:18.016+0530] GC(5) Metaspace: 27621K(28096K)->27621K(28096K) NonClass: 24659K(24896K)->24659K(24896K) Class: 2961K(3200K)->2961K(3200K)
[2026-02-10T17:36:18.016+0530] GC(5) Pause Young (Normal) (G1 Evacuation Pause) 80M->27M(128M) 17.890ms
[2026-02-10T17:36:18.016+0530] GC(5) User=0.08s Sys=0.00s Real=0.02s
[2026-02-10T17:36:19.108+0530] GC(6) Pause Young (Concurrent Start) (Metadata GC Threshold)
[2026-02-10T17:36:19.108+0530] GC(6) Using 3 workers of 4 for evacuation
[2026-02-10T17:36:19.115+0530] GC(6)   Pre Evacuate Collection Set: 0.1ms
[2026-02-10T17:36:19.116+0530] GC(6)   Merge Heap Roots: 0.1ms
[2026-02-10T17:36:19.116+0530] GC(6)   Evacuate Collection Set: 7.5ms
[2026-02-10T17:36:19.116+0530] GC(6)   Post Evacuate Collection Set: 0.4ms
[2026-02-10T17:36:19.116+0530] GC(6)   Other: 0.2ms
[2026-02-10T17:36:19.116+0530] GC(6) Eden regions: 52->0(59)
[2026-02-10T17:36:19.116+0530] GC(6) Survivor regions: 3->6(8)
[2026-02-10T17:36:19.116+0530] GC(6) Old regions: 20->20
[2026-02-10T17:36:19.116+0530] GC(6) Archive regions: 0->0
[2026-02-10T17:36:19.116+0530] GC(6) Humongous regions: 5->5
[2026-02-10T17:36:19.116+0530] GC(6) Metaspace: 35586K(36096K)->35586K(36096K) NonClass: 31649K(31872K)->31649K(31872K) Class: 3937K(4224K)->3937K(4224K)
[2026-02-10T17:36:19.116+0530] GC(6) Pause Young (Concurrent Start) (Metadata GC Threshold) 79M->30M(128M) 8.348ms
[2026-02-10T17:36:19.116+0530] GC(6) User=0.03s Sys=0.02s Real=0.01s
[2026-02-10T17:36:19.116+0530] GC(7) Concurrent Mark Cycle
[2026-02-10T17:36:19.116+0530] GC(7) Concurrent Clear Claimed Marks
[2026-02-10T17:36:19.116+0530] GC(7) Concurrent Clear Claimed Marks 0.044ms
[2026-02-10T17:36:19.116+0530] GC(7) Concurrent Scan Root Regions
[2026-02-10T17:36:19.123+0530] GC(7) Concurrent Scan Root Regions 6.581ms
[2026-02-10T17:36:19.123+0530] GC(7) Concurrent Mark
[2026-02-10T17:36:19.123+0530] GC(7) Concurrent Mark From Roots
[2026-02-10T17:36:19.123+0530] GC(7) Using 1 workers of 1 for marking
[2026-02-10T17:36:19.157+0530] GC(7) Concurrent Mark From Roots 34.105ms
[2026-02-10T17:36:19.157+0530] GC(7) Concurrent Preclean
[2026-02-10T17:36:19.157+0530] GC(7) Concurrent Preclean 0.065ms
[2026-02-10T17:36:19.157+0530] GC(7) Pause Remark
[2026-02-10T17:36:19.165+0530] GC(7) Pause Remark 30M->30M(128M) 7.754ms
[2026-02-10T17:36:19.165+0530] GC(7) User=0.00s Sys=0.00s Real=0.01s
[2026-02-10T17:36:19.165+0530] GC(7) Concurrent Mark 43.060ms
[2026-02-10T17:36:19.165+0530] GC(7) Concurrent Rebuild Remembered Sets
[2026-02-10T17:36:19.181+0530] GC(7) Concurrent Rebuild Remembered Sets 15.120ms
[2026-02-10T17:36:19.181+0530] GC(7) Pause Cleanup
[2026-02-10T17:36:19.181+0530] GC(7) Pause Cleanup 30M->30M(128M) 0.121ms
[2026-02-10T17:36:19.181+0530] GC(7) User=0.00s Sys=0.00s Real=0.00s
[2026-02-10T17:36:19.181+0530] GC(7) Concurrent Cleanup for Next Mark
[2026-02-10T17:36:19.182+0530] GC(7) Concurrent Cleanup for Next Mark 1.045ms
[2026-02-10T17:36:19.182+0530] GC(7) Concurrent Mark Cycle 66.476ms
[2026-02-10T17:36:20.737+0530] GC(8) Pause Young (Normal) (G1 Evacuation Pause)
[2026-02-10T17:36:20.737+0530] GC(8) Using 3 workers of 4 for evacuation
[2026-02-10T17:36:20.755+0530] GC(8)   Pre Evacuate Collection Set: 0.1ms
[2026-02-10T17:36:20.755+0530] GC(8)   Merge Heap Roots: 0.1ms
[2026-02-10T17:36:20.755+0530] GC(8)   Evacuate Collection Set: 17.5ms
[2026-02-10T17:36:20.755+0530] GC(8)   Post Evacuate Collection Set: 0.6ms
[2026-02-10T17:36:20.755+0530] GC(8)   Other: 0.2ms
[2026-02-10T17:36:20.755+0530] GC(8) Eden regions: 59->0(55)
[2026-02-10T17:36:20.755+0530] GC(8) Survivor regions: 6->9(9)
[2026-02-10T17:36:20.755+0530] GC(8) Old regions: 20->23
[2026-02-10T17:36:20.755+0530] GC(8) Archive regions: 0->0
[2026-02-10T17:36:20.755+0530] GC(8) Humongous regions: 5->5
[2026-02-10T17:36:20.755+0530] GC(8) Metaspace: 36612K(37120K)->36612K(37120K) NonClass: 32637K(32896K)->32637K(32896K) Class: 3975K(4224K)->3975K(4224K)
[2026-02-10T17:36:20.755+0530] GC(8) Pause Young (Normal) (G1 Evacuation Pause) 89M->36M(128M) 18.735ms
[2026-02-10T17:36:20.755+0530] GC(8) User=0.02s Sys=0.03s Real=0.02s
[2026-02-10T17:36:22.320+0530] GC(9) Pause Young (Normal) (G1 Evacuation Pause)
[2026-02-10T17:36:22.320+0530] GC(9) Using 3 workers of 4 for evacuation
[2026-02-10T17:36:22.361+0530] GC(9)   Pre Evacuate Collection Set: 0.1ms
[2026-02-10T17:36:22.361+0530] GC(9)   Merge Heap Roots: 0.1ms
[2026-02-10T17:36:22.361+0530] GC(9)   Evacuate Collection Set: 39.8ms
[2026-02-10T17:36:22.361+0530] GC(9)   Post Evacuate Collection Set: 0.5ms
[2026-02-10T17:36:22.361+0530] GC(9)   Other: 0.3ms
[2026-02-10T17:36:22.361+0530] GC(9) Eden regions: 55->0(51)
[2026-02-10T17:36:22.361+0530] GC(9) Survivor regions: 9->8(8)
[2026-02-10T17:36:22.361+0530] GC(9) Old regions: 23->32
[2026-02-10T17:36:22.361+0530] GC(9) Archive regions: 0->0
[2026-02-10T17:36:22.361+0530] GC(9) Humongous regions: 5->5
[2026-02-10T17:36:22.361+0530] GC(9) Metaspace: 36697K(37248K)->36697K(37248K) NonClass: 32716K(33024K)->32716K(33024K) Class: 3981K(4224K)->3981K(4224K)
[2026-02-10T17:36:22.361+0530] GC(9) Pause Young (Normal) (G1 Evacuation Pause) 91M->44M(128M) 41.140ms
[2026-02-10T17:36:22.361+0530] GC(9) User=0.12s Sys=0.00s Real=0.04s
[2026-02-10T17:36:22.966+0530] Heap
[2026-02-10T17:36:22.966+0530]  garbage-first heap   total 131072K, used 64865K [0x00000000f8000000, 0x0000000100000000)
[2026-02-10T17:36:22.966+0530]   region size 1024K, 27 young (27648K), 8 survivors (8192K)
[2026-02-10T17:36:22.966+0530]  Metaspace       used 36778K, committed 37312K, reserved 1114112K
[2026-02-10T17:36:22.966+0530]   class space    used 3990K, committed 4224K, reserved 1048576K
