[2026-02-10T17:37:31.845+0530] Using G1
[2026-02-10T17:37:31.849+0530] Version: 17.0.12+8-LTS-286 (release)
[2026-02-10T17:37:31.849+0530] CPUs: 8 total, 4 available
[2026-02-10T17:37:31.849+0530] Memory: 7914M
[2026-02-10T17:37:31.849+0530] Large Page Support: Disabled
[2026-02-10T17:37:31.849+0530] NUMA Support: Disabled
[2026-02-10T17:37:31.849+0530] Compressed Oops: Enabled (32-bit)
[2026-02-10T17:37:31.849+0530] Heap Region Size: 1M
[2026-02-10T17:37:31.849+0530] Heap Min Capacity: 256M
[2026-02-10T17:37:31.849+0530] Heap Initial Capacity: 256M
[2026-02-10T17:37:31.849+0530] Heap Max Capacity: 256M
[2026-02-10T17:37:31.849+0530] Pre-touch: Disabled
[2026-02-10T17:37:31.849+0530] Parallel Workers: 4
[2026-02-10T17:37:31.850+0530] Concurrent Workers: 1
[2026-02-10T17:37:31.850+0530] Concurrent Refinement Workers: 4
[2026-02-10T17:37:31.850+0530] Periodic GC: Disabled
[2026-02-10T17:37:31.863+0530] CDS archive(s) mapped at: [0x0000029a4d000000-0x0000029a4dbd0000-0x0000029a4dbd0000), size 12386304, SharedBaseAddress: 0x0000029a4d000000, ArchiveRelocationMode: 1.
[2026-02-10T17:37:31.863+0530] Compressed class space mapped at: 0x0000029a4e000000-0x0000029a8e000000, reserved size: 1073741824
[2026-02-10T17:37:31.863+0530] Narrow klass base: 0x0000029a4d000000, Narrow klass shift: 0, Narrow klass range: 0x100000000
[2026-02-10T17:37:32.492+0530] GC(0) Pause Young (Normal) (G1 Evacuation Pause)
[2026-02-10T17:37:32.493+0530] GC(0) Using 4 workers of 4 for evacuation
[2026-02-10T17:37:32.500+0530] GC(0)   Pre Evacuate Collection Set: 0.1ms
[2026-02-10T17:37:32.500+0530] GC(0)   Merge Heap Roots: 0.1ms
[2026-02-10T17:37:32.500+0530] GC(0)   Evacuate Collection Set: 6.9ms
[2026-02-10T17:37:32.500+0530] GC(0)   Post Evacuate Collection Set: 0.5ms
[2026-02-10T17:37:32.500+0530] GC(0)   Other: 0.5ms
[2026-02-10T17:37:32.500+0530] GC(0) Eden regions: 13->0(13)
[2026-02-10T17:37:32.501+0530] GC(0) Survivor regions: 0->2(2)
[2026-02-10T17:37:32.501+0530] GC(0) Old regions: 0->3
[2026-02-10T17:37:32.501+0530] GC(0) Archive regions: 0->0
[2026-02-10T17:37:32.501+0530] GC(0) Humongous regions: 5->5
[2026-02-10T17:37:32.501+0530] GC(0) Metaspace: 4449K(4672K)->4449K(4672K) NonClass: 3969K(4096K)->3969K(4096K) Class: 480K(576K)->480K(576K)
[2026-02-10T17:37:32.501+0530] GC(0) Pause Young (Normal) (G1 Evacuation Pause) 18M->9M(256M) 8.274ms
[2026-02-10T17:37:32.501+0530] GC(0) User=0.05s Sys=0.02s Real=0.01s
[2026-02-10T17:37:32.729+0530] GC(1) Pause Young (Normal) (G1 Evacuation Pause)
[2026-02-10T17:37:32.729+0530] GC(1) Using 4 workers of 4 for evacuation
[2026-02-10T17:37:32.742+0530] GC(1)   Pre Evacuate Collection Set: 0.1ms
[2026-02-10T17:37:32.742+0530] GC(1)   Merge Heap Roots: 0.1ms
[2026-02-10T17:37:32.742+0530] GC(1)   Evacuate Collection Set: 12.2ms
[2026-02-10T17:37:32.742+0530] GC(1)   Post Evacuate Collection Set: 0.5ms
[2026-02-10T17:37:32.742+0530] GC(1)   Other: 0.2ms
[2026-02-10T17:37:32.742+0530] GC(1) Eden regions: 13->0(19)
[2026-02-10T17:37:32.742+0530] GC(1) Survivor regions: 2->2(2)
[2026-02-10T17:37:32.742+0530] GC(1) Old regions: 3->6
[2026-02-10T17:37:32.742+0530] GC(1) Archive regions: 0->0
[2026-02-10T17:37:32.742+0530] GC(1) Humongous regions: 5->5
[2026-02-10T17:37:32.742+0530] GC(1) Metaspace: 6003K(6144K)->6003K(6144K) NonClass: 5345K(5440K)->5345K(5440K) Class: 657K(704K)->657K(704K)
[2026-02-10T17:37:32.742+0530] GC(1) Pause Young (Normal) (G1 Evacuation Pause) 22M->12M(256M) 13.320ms
[2026-02-10T17:37:32.742+0530] GC(1) User=0.06s Sys=0.00s Real=0.01s
[2026-02-10T17:37:33.781+0530] GC(2) Pause Young (Normal) (G1 Evacuation Pause)
[2026-02-10T17:37:33.781+0530] GC(2) Using 4 workers of 4 for evacuation
[2026-02-10T17:37:33.787+0530] GC(2)   Pre Evacuate Collection Set: 0.1ms
[2026-02-10T17:37:33.787+0530] GC(2)   Merge Heap Roots: 0.1ms
[2026-02-10T17:37:33.787+0530] GC(2)   Evacuate Collection Set: 5.5ms
[2026-02-10T17:37:33.787+0530] GC(2)   Post Evacuate Collection Set: 0.4ms
[2026-02-10T17:37:33.787+0530] GC(2)   Other: 0.2ms
[2026-02-10T17:37:33.787+0530] GC(2) Eden regions: 19->0(93)
[2026-02-10T17:37:33.787+0530] GC(2) Survivor regions: 2->2(3)
[2026-02-10T17:37:33.787+0530] GC(2) Old regions: 6->8
[2026-02-10T17:37:33.787+0530] GC(2) Archive regions: 0->0
[2026-02-10T17:37:33.787+0530] GC(2) Humongous regions: 5->5
[2026-02-10T17:37:33.787+0530] GC(2) Metaspace: 11700K(11968K)->11700K(11968K) NonClass: 10377K(10496K)->10377K(10496K) Class: 1323K(1472K)->1323K(1472K)
[2026-02-10T17:37:33.787+0530] GC(2) Pause Young (Normal) (G1 Evacuation Pause) 31M->14M(256M) 6.662ms
[2026-02-10T17:37:33.787+0530] GC(2) User=0.00s Sys=0.00s Real=0.01s
[2026-02-10T17:37:35.100+0530] GC(3) Pause Young (Concurrent Start) (Metadata GC Threshold)
[2026-02-10T17:37:35.100+0530] GC(3) Using 4 workers of 4 for evacuation
[2026-02-10T17:37:35.109+0530] GC(3)   Pre Evacuate Collection Set: 0.1ms
[2026-02-10T17:37:35.109+0530] GC(3)   Merge Heap Roots: 0.1ms
[2026-02-10T17:37:35.109+0530] GC(3)   Evacuate Collection Set: 8.0ms
[2026-02-10T17:37:35.109+0530] GC(3)   Post Evacuate Collection Set: 0.5ms
[2026-02-10T17:37:35.109+0530] GC(3)   Other: 0.2ms
[2026-02-10T17:37:35.109+0530] GC(3) Eden regions: 63->0(72)
[2026-02-10T17:37:35.109+0530] GC(3) Survivor regions: 2->12(12)
[2026-02-10T17:37:35.109+0530] GC(3) Old regions: 8->9
[2026-02-10T17:37:35.109+0530] GC(3) Archive regions: 0->0
[2026-02-10T17:37:35.109+0530] GC(3) Humongous regions: 5->5
[2026-02-10T17:37:35.109+0530] GC(3) Metaspace: 21209K(21504K)->21209K(21504K) NonClass: 19048K(19200K)->19048K(19200K) Class: 2161K(2304K)->2161K(2304K)
[2026-02-10T17:37:35.109+0530] GC(3) Pause Young (Concurrent Start) (Metadata GC Threshold) 76M->25M(256M) 9.175ms
[2026-02-10T17:37:35.109+0530] GC(3) User=0.02s Sys=0.05s Real=0.01s
[2026-02-10T17:37:35.109+0530] GC(4) Concurrent Mark Cycle
[2026-02-10T17:37:35.109+0530] GC(4) Concurrent Clear Claimed Marks
[2026-02-10T17:37:35.109+0530] GC(4) Concurrent Clear Claimed Marks 0.042ms
[2026-02-10T17:37:35.109+0530] GC(4) Concurrent Scan Root Regions
[2026-02-10T17:37:35.114+0530] GC(4) Concurrent Scan Root Regions 4.305ms
[2026-02-10T17:37:35.114+0530] GC(4) Concurrent Mark
[2026-02-10T17:37:35.114+0530] GC(4) Concurrent Mark From Roots
[2026-02-10T17:37:35.114+0530] GC(4) Using 1 workers of 1 for marking
[2026-02-10T17:37:35.138+0530] GC(4) Concurrent Mark From Roots 24.114ms
[2026-02-10T17:37:35.138+0530] GC(4) Concurrent Preclean
[2026-02-10T17:37:35.138+0530] GC(4) Concurrent Preclean 0.083ms
[2026-02-10T17:37:35.138+0530] GC(4) Pause Remark
[2026-02-10T17:37:35.141+0530] GC(4) Pause Remark 26M->26M(256M) 3.863ms
[2026-02-10T17:37:35.141+0530] GC(4) User=0.05s Sys=0.00s Real=0.00s
[2026-02-10T17:37:35.141+0530] GC(4) Concurrent Mark 28.450ms
[2026-02-10T17:37:35.141+0530] GC(4) Concurrent Rebuild Remembered Sets
[2026-02-10T17:37:35.152+0530] GC(4) Concurrent Rebuild Remembered Sets 10.409ms
[2026-02-10T17:37:35.152+0530] GC(4) Pause Cleanup
[2026-02-10T17:37:35.152+0530] GC(4) Pause Cleanup 26M->26M(256M) 0.123ms
[2026-02-10T17:37:35.152+0530] GC(4) User=0.00s Sys=0.00s Real=0.00s
[2026-02-10T17:37:35.152+0530] GC(4) Concurrent Cleanup for Next Mark
[2026-02-10T17:37:35.154+0530] GC(4) Concurrent Cleanup for Next Mark 1.862ms
[2026-02-10T17:37:35.154+0530] GC(4) Concurrent Mark Cycle 45.696ms
[2026-02-10T17:37:36.685+0530] GC(5) Pause Young (Prepare Mixed) (G1 Evacuation Pause)
[2026-02-10T17:37:36.685+0530] GC(5) Using 4 workers of 4 for evacuation
[2026-02-10T17:37:36.699+0530] GC(5)   Pre Evacuate Collection Set: 0.1ms
[2026-02-10T17:37:36.699+0530] GC(5)   Merge Heap Roots: 0.1ms
[2026-02-10T17:37:36.699+0530] GC(5)   Evacuate Collection Set: 13.2ms
[2026-02-10T17:37:36.699+0530] GC(5)   Post Evacuate Collection Set: 0.6ms
[2026-02-10T17:37:36.699+0530] GC(5)   Other: 0.2ms
[2026-02-10T17:37:36.699+0530] GC(5) Eden regions: 72->0(7)
[2026-02-10T17:37:36.699+0530] GC(5) Survivor regions: 12->5(11)
[2026-02-10T17:37:36.699+0530] GC(5) Old regions: 9->21
[2026-02-10T17:37:36.699+0530] GC(5) Archive regions: 0->0
[2026-02-10T17:37:36.699+0530] GC(5) Humongous regions: 5->5
[2026-02-10T17:37:36.699+0530] GC(5) Metaspace: 27892K(28352K)->27892K(28352K) NonClass: 24891K(25152K)->24891K(25152K) Class: 3000K(3200K)->3000K(3200K)
[2026-02-10T17:37:36.699+0530] GC(5) Pause Young (Prepare Mixed) (G1 Evacuation Pause) 97M->29M(256M) 14.390ms
[2026-02-10T17:37:36.699+0530] GC(5) User=0.02s Sys=0.03s Real=0.01s
[2026-02-10T17:37:36.872+0530] GC(6) Pause Young (Mixed) (G1 Evacuation Pause)
[2026-02-10T17:37:36.872+0530] GC(6) Using 4 workers of 4 for evacuation
[2026-02-10T17:37:36.880+0530] GC(6)   Pre Evacuate Collection Set: 0.1ms
[2026-02-10T17:37:36.880+0530] GC(6)   Merge Heap Roots: 0.1ms
[2026-02-10T17:37:36.880+0530] GC(6)   Evacuate Collection Set: 6.9ms
[2026-02-10T17:37:36.880+0530] GC(6)   Post Evacuate Collection Set: 0.3ms
[2026-02-10T17:37:36.880+0530] GC(6)   Other: 0.2ms
[2026-02-10T17:37:36.880+0530] GC(6) Eden regions: 7->0(138)
[2026-02-10T17:37:36.880+0530] GC(6) Survivor regions: 5->2(2)
[2026-02-10T17:37:36.880+0530] GC(6) Old regions: 21->24
[2026-02-10T17:37:36.880+0530] GC(6) Archive regions: 0->0
[2026-02-10T17:37:36.880+0530] GC(6) Humongous regions: 5->5
[2026-02-10T17:37:36.880+0530] GC(6) Metaspace: 28145K(28608K)->28145K(28608K) NonClass: 25139K(25408K)->25139K(25408K) Class: 3006K(3200K)->3006K(3200K)
[2026-02-10T17:37:36.880+0530] GC(6) Pause Young (Mixed) (G1 Evacuation Pause) 36M->30M(256M) 7.885ms
[2026-02-10T17:37:36.880+0530] GC(6) User=0.03s Sys=0.03s Real=0.01s
[2026-02-10T17:37:37.693+0530] GC(7) Pause Young (Concurrent Start) (Metadata GC Threshold)
[2026-02-10T17:37:37.694+0530] GC(7) Using 4 workers of 4 for evacuation
[2026-02-10T17:37:37.699+0530] GC(7)   Pre Evacuate Collection Set: 0.1ms
[2026-02-10T17:37:37.699+0530] GC(7)   Merge Heap Roots: 0.1ms
[2026-02-10T17:37:37.699+0530] GC(7)   Evacuate Collection Set: 4.0ms
[2026-02-10T17:37:37.699+0530] GC(7)   Post Evacuate Collection Set: 0.4ms
[2026-02-10T17:37:37.699+0530] GC(7)   Other: 0.8ms
[2026-02-10T17:37:37.699+0530] GC(7) Eden regions: 29->0(146)
[2026-02-10T17:37:37.699+0530] GC(7) Survivor regions: 2->2(18)
[2026-02-10T17:37:37.699+0530] GC(7) Old regions: 24->24
[2026-02-10T17:37:37.699+0530] GC(7) Archive regions: 0->0
[2026-02-10T17:37:37.700+0530] GC(7) Humongous regions: 5->5
[2026-02-10T17:37:37.700+0530] GC(7) Metaspace: 35644K(36160K)->35644K(36160K) NonClass: 31700K(31936K)->31700K(31936K) Class: 3944K(4224K)->3944K(4224K)
[2026-02-10T17:37:37.700+0530] GC(7) Pause Young (Concurrent Start) (Metadata GC Threshold) 59M->30M(256M) 5.684ms
[2026-02-10T17:37:37.700+0530] GC(7) User=0.00s Sys=0.00s Real=0.01s
[2026-02-10T17:37:37.700+0530] GC(8) Concurrent Mark Cycle
[2026-02-10T17:37:37.700+0530] GC(8) Concurrent Clear Claimed Marks
[2026-02-10T17:37:37.700+0530] GC(8) Concurrent Clear Claimed Marks 0.040ms
[2026-02-10T17:37:37.700+0530] GC(8) Concurrent Scan Root Regions
[2026-02-10T17:37:37.702+0530] GC(8) Concurrent Scan Root Regions 2.942ms
[2026-02-10T17:37:37.702+0530] GC(8) Concurrent Mark
[2026-02-10T17:37:37.702+0530] GC(8) Concurrent Mark From Roots
[2026-02-10T17:37:37.702+0530] GC(8) Using 1 workers of 1 for marking
[2026-02-10T17:37:37.744+0530] GC(8) Concurrent Mark From Roots 40.640ms
[2026-02-10T17:37:37.744+0530] GC(8) Concurrent Preclean
[2026-02-10T17:37:37.744+0530] GC(8) Concurrent Preclean 0.088ms
[2026-02-10T17:37:37.744+0530] GC(8) Pause Remark
[2026-02-10T17:37:37.754+0530] GC(8) Pause Remark 31M->31M(256M) 10.227ms
[2026-02-10T17:37:37.754+0530] GC(8) User=0.05s Sys=0.02s Real=0.01s
[2026-02-10T17:37:37.755+0530] GC(8) Concurrent Mark 52.188ms
[2026-02-10T17:37:37.755+0530] GC(8) Concurrent Rebuild Remembered Sets
[2026-02-10T17:37:37.776+0530] GC(8) Concurrent Rebuild Remembered Sets 20.953ms
[2026-02-10T17:37:37.776+0530] GC(8) Pause Cleanup
[2026-02-10T17:37:37.777+0530] GC(8) Pause Cleanup 31M->31M(256M) 0.123ms
[2026-02-10T17:37:37.777+0530] GC(8) User=0.00s Sys=0.00s Real=0.00s
[2026-02-10T17:37:37.777+0530] GC(8) Concurrent Cleanup for Next Mark
[2026-02-10T17:37:37.779+0530] GC(8) Concurrent Cleanup for Next Mark 2.541ms
[2026-02-10T17:37:37.779+0530] GC(8) Concurrent Mark Cycle 79.489ms
[2026-02-10T17:37:41.470+0530] Heap
[2026-02-10T17:37:41.470+0530]  garbage-first heap   total 262144K, used 164032K [0x00000000f0000000, 0x0000000100000000)
[2026-02-10T17:37:41.470+0530]   region size 1024K, 132 young (135168K), 2 survivors (2048K)
[2026-02-10T17:37:41.470+0530]  Metaspace       used 36753K, committed 37312K, reserved 1114112K
[2026-02-10T17:37:41.470+0530]   class space    used 3998K, committed 4224K, reserved 1048576K
