[2026-02-10T17:34:28.855+0530] Using G1
[2026-02-10T17:34:28.857+0530] Version: 17.0.12+8-LTS-286 (release)
[2026-02-10T17:34:28.857+0530] CPUs: 8 total, 4 available
[2026-02-10T17:34:28.857+0530] Memory: 7914M
[2026-02-10T17:34:28.857+0530] Large Page Support: Disabled
[2026-02-10T17:34:28.857+0530] NUMA Support: Disabled
[2026-02-10T17:34:28.857+0530] Compressed Oops: Enabled (32-bit)
[2026-02-10T17:34:28.857+0530] Heap Region Size: 1M
[2026-02-10T17:34:28.857+0530] Heap Min Capacity: 128M
[2026-02-10T17:34:28.857+0530] Heap Initial Capacity: 128M
[2026-02-10T17:34:28.857+0530] Heap Max Capacity: 128M
[2026-02-10T17:34:28.857+0530] Pre-touch: Disabled
[2026-02-10T17:34:28.857+0530] Parallel Workers: 4
[2026-02-10T17:34:28.857+0530] Concurrent Workers: 1
[2026-02-10T17:34:28.857+0530] Concurrent Refinement Workers: 4
[2026-02-10T17:34:28.857+0530] Periodic GC: Disabled
[2026-02-10T17:34:28.873+0530] CDS archive(s) mapped at: [0x00000201a7000000-0x00000201a7bd0000-0x00000201a7bd0000), size 12386304, SharedBaseAddress: 0x00000201a7000000, ArchiveRelocationMode: 1.
[2026-02-10T17:34:28.873+0530] Compressed class space mapped at: 0x00000201a8000000-0x00000201e8000000, reserved size: 1073741824
[2026-02-10T17:34:28.873+0530] Narrow klass base: 0x00000201a7000000, Narrow klass shift: 0, Narrow klass range: 0x100000000
[2026-02-10T17:34:29.495+0530] GC(0) Pause Young (Normal) (G1 Evacuation Pause)
[2026-02-10T17:34:29.495+0530] GC(0) Using 3 workers of 4 for evacuation
[2026-02-10T17:34:29.502+0530] GC(0)   Pre Evacuate Collection Set: 0.1ms
[2026-02-10T17:34:29.502+0530] GC(0)   Merge Heap Roots: 0.1ms
[2026-02-10T17:34:29.502+0530] GC(0)   Evacuate Collection Set: 5.4ms
[2026-02-10T17:34:29.502+0530] GC(0)   Post Evacuate Collection Set: 0.5ms
[2026-02-10T17:34:29.502+0530] GC(0)   Other: 0.3ms
[2026-02-10T17:34:29.502+0530] GC(0) Eden regions: 13->0(13)
[2026-02-10T17:34:29.502+0530] GC(0) Survivor regions: 0->2(2)
[2026-02-10T17:34:29.502+0530] GC(0) Old regions: 0->3
[2026-02-10T17:34:29.502+0530] GC(0) Archive regions: 0->0
[2026-02-10T17:34:29.502+0530] GC(0) Humongous regions: 5->5
[2026-02-10T17:34:29.502+0530] GC(0) Metaspace: 4449K(4672K)->4449K(4672K) NonClass: 3969K(4096K)->3969K(4096K) Class: 480K(576K)->480K(576K)
[2026-02-10T17:34:29.502+0530] GC(0) Pause Young (Normal) (G1 Evacuation Pause) 18M->9M(128M) 6.542ms
[2026-02-10T17:34:29.502+0530] GC(0) User=0.00s Sys=0.05s Real=0.01s
[2026-02-10T17:34:29.680+0530] GC(1) Pause Young (Normal) (G1 Evacuation Pause)
[2026-02-10T17:34:29.680+0530] GC(1) Using 3 workers of 4 for evacuation
[2026-02-10T17:34:29.688+0530] GC(1)   Pre Evacuate Collection Set: 0.1ms
[2026-02-10T17:34:29.688+0530] GC(1)   Merge Heap Roots: 0.1ms
[2026-02-10T17:34:29.688+0530] GC(1)   Evacuate Collection Set: 7.2ms
[2026-02-10T17:34:29.688+0530] GC(1)   Post Evacuate Collection Set: 0.3ms
[2026-02-10T17:34:29.688+0530] GC(1)   Other: 0.1ms
[2026-02-10T17:34:29.688+0530] GC(1) Eden regions: 13->0(19)
[2026-02-10T17:34:29.688+0530] GC(1) Survivor regions: 2->2(2)
[2026-02-10T17:34:29.688+0530] GC(1) Old regions: 3->6
[2026-02-10T17:34:29.688+0530] GC(1) Archive regions: 0->0
[2026-02-10T17:34:29.688+0530] GC(1) Humongous regions: 5->5
[2026-02-10T17:34:29.688+0530] GC(1) Metaspace: 6004K(6144K)->6004K(6144K) NonClass: 5346K(5440K)->5346K(5440K) Class: 657K(704K)->657K(704K)
[2026-02-10T17:34:29.688+0530] GC(1) Pause Young (Normal) (G1 Evacuation Pause) 22M->12M(128M) 7.866ms
[2026-02-10T17:34:29.688+0530] GC(1) User=0.05s Sys=0.02s Real=0.01s
[2026-02-10T17:34:30.168+0530] GC(2) Pause Young (Normal) (G1 Evacuation Pause)
[2026-02-10T17:34:30.168+0530] GC(2) Using 3 workers of 4 for evacuation
[2026-02-10T17:34:30.174+0530] GC(2)   Pre Evacuate Collection Set: 0.0ms
[2026-02-10T17:34:30.174+0530] GC(2)   Merge Heap Roots: 0.0ms
[2026-02-10T17:34:30.174+0530] GC(2)   Evacuate Collection Set: 4.7ms
[2026-02-10T17:34:30.174+0530] GC(2)   Post Evacuate Collection Set: 0.3ms
[2026-02-10T17:34:30.174+0530] GC(2)   Other: 0.1ms
[2026-02-10T17:34:30.174+0530] GC(2) Eden regions: 19->0(70)
[2026-02-10T17:34:30.174+0530] GC(2) Survivor regions: 2->2(3)
[2026-02-10T17:34:30.174+0530] GC(2) Old regions: 6->8
[2026-02-10T17:34:30.174+0530] GC(2) Archive regions: 0->0
[2026-02-10T17:34:30.174+0530] GC(2) Humongous regions: 5->5
[2026-02-10T17:34:30.174+0530] GC(2) Metaspace: 11672K(11904K)->11672K(11904K) NonClass: 10353K(10496K)->10353K(10496K) Class: 1318K(1408K)->1318K(1408K)
[2026-02-10T17:34:30.174+0530] GC(2) Pause Young (Normal) (G1 Evacuation Pause) 31M->14M(128M) 5.489ms
[2026-02-10T17:34:30.174+0530] GC(2) User=0.06s Sys=0.00s Real=0.01s
[2026-02-10T17:34:31.284+0530] GC(3) Pause Young (Concurrent Start) (Metadata GC Threshold)
[2026-02-10T17:34:31.284+0530] GC(3) Using 3 workers of 4 for evacuation
[2026-02-10T17:34:31.293+0530] GC(3)   Pre Evacuate Collection Set: 0.1ms
[2026-02-10T17:34:31.293+0530] GC(3)   Merge Heap Roots: 0.0ms
[2026-02-10T17:34:31.293+0530] GC(3)   Evacuate Collection Set: 9.3ms
[2026-02-10T17:34:31.293+0530] GC(3)   Post Evacuate Collection Set: 0.4ms
[2026-02-10T17:34:31.293+0530] GC(3)   Other: 0.2ms
[2026-02-10T17:34:31.293+0530] GC(3) Eden regions: 62->0(56)
[2026-02-10T17:34:31.293+0530] GC(3) Survivor regions: 2->9(9)
[2026-02-10T17:34:31.293+0530] GC(3) Old regions: 8->12
[2026-02-10T17:34:31.293+0530] GC(3) Archive regions: 0->0
[2026-02-10T17:34:31.293+0530] GC(3) Humongous regions: 5->5
[2026-02-10T17:34:31.293+0530] GC(3) Metaspace: 21154K(21504K)->21154K(21504K) NonClass: 18989K(19136K)->18989K(19136K) Class: 2164K(2368K)->2164K(2368K)
[2026-02-10T17:34:31.294+0530] GC(3) Pause Young (Concurrent Start) (Metadata GC Threshold) 76M->25M(128M) 10.092ms
[2026-02-10T17:34:31.294+0530] GC(3) User=0.00s Sys=0.00s Real=0.01s
[2026-02-10T17:34:31.294+0530] GC(4) Concurrent Mark Cycle
[2026-02-10T17:34:31.294+0530] GC(4) Concurrent Clear Claimed Marks
[2026-02-10T17:34:31.294+0530] GC(4) Concurrent Clear Claimed Marks 0.039ms
[2026-02-10T17:34:31.294+0530] GC(4) Concurrent Scan Root Regions
[2026-02-10T17:34:31.298+0530] GC(4) Concurrent Scan Root Regions 4.182ms
[2026-02-10T17:34:31.298+0530] GC(4) Concurrent Mark
[2026-02-10T17:34:31.298+0530] GC(4) Concurrent Mark From Roots
[2026-02-10T17:34:31.298+0530] GC(4) Using 1 workers of 1 for marking
[2026-02-10T17:34:31.319+0530] GC(4) Concurrent Mark From Roots 21.157ms
[2026-02-10T17:34:31.319+0530] GC(4) Concurrent Preclean
[2026-02-10T17:34:31.319+0530] GC(4) Concurrent Preclean 0.069ms
[2026-02-10T17:34:31.319+0530] GC(4) Pause Remark
[2026-02-10T17:34:31.323+0530] GC(4) Pause Remark 26M->26M(128M) 3.236ms
[2026-02-10T17:34:31.323+0530] GC(4) User=0.00s Sys=0.00s Real=0.00s
[2026-02-10T17:34:31.323+0530] GC(4) Concurrent Mark 24.800ms
[2026-02-10T17:34:31.323+0530] GC(4) Concurrent Rebuild Remembered Sets
[2026-02-10T17:34:31.334+0530] GC(4) Concurrent Rebuild Remembered Sets 10.456ms
[2026-02-10T17:34:31.334+0530] GC(4) Pause Cleanup
[2026-02-10T17:34:31.334+0530] GC(4) Pause Cleanup 26M->26M(128M) 0.087ms
[2026-02-10T17:34:31.334+0530] GC(4) User=0.00s Sys=0.00s Real=0.00s
[2026-02-10T17:34:31.334+0530] GC(4) Concurrent Cleanup for Next Mark
[2026-02-10T17:34:31.335+0530] GC(4) Concurrent Cleanup for Next Mark 0.811ms
[2026-02-10T17:34:31.335+0530] GC(4) Concurrent Mark Cycle 40.839ms
[2026-02-10T17:34:32.842+0530] GC(5) Pause Young (Normal) (G1 Evacuation Pause)
[2026-02-10T17:34:32.842+0530] GC(5) Using 3 workers of 4 for evacuation
[2026-02-10T17:34:32.858+0530] GC(5)   Pre Evacuate Collection Set: 0.1ms
[2026-02-10T17:34:32.858+0530] GC(5)   Merge Heap Roots: 0.1ms
[2026-02-10T17:34:32.858+0530] GC(5)   Evacuate Collection Set: 15.7ms
[2026-02-10T17:34:32.858+0530] GC(5)   Post Evacuate Collection Set: 0.5ms
[2026-02-10T17:34:32.858+0530] GC(5)   Other: 0.1ms
[2026-02-10T17:34:32.858+0530] GC(5) Eden regions: 56->0(55)
[2026-02-10T17:34:32.858+0530] GC(5) Survivor regions: 9->4(9)
[2026-02-10T17:34:32.858+0530] GC(5) Old regions: 12->20
[2026-02-10T17:34:32.858+0530] GC(5) Archive regions: 0->0
[2026-02-10T17:34:32.858+0530] GC(5) Humongous regions: 5->5
[2026-02-10T17:34:32.858+0530] GC(5) Metaspace: 27721K(28224K)->27721K(28224K) NonClass: 24744K(25024K)->24744K(25024K) Class: 2977K(3200K)->2977K(3200K)
[2026-02-10T17:34:32.858+0530] GC(5) Pause Young (Normal) (G1 Evacuation Pause) 81M->28M(128M) 16.706ms
[2026-02-10T17:34:32.858+0530] GC(5) User=0.11s Sys=0.02s Real=0.02s
[2026-02-10T17:34:33.910+0530] GC(6) Pause Young (Concurrent Start) (Metadata GC Threshold)
[2026-02-10T17:34:33.910+0530] GC(6) Using 3 workers of 4 for evacuation
[2026-02-10T17:34:33.919+0530] GC(6)   Pre Evacuate Collection Set: 0.1ms
[2026-02-10T17:34:33.919+0530] GC(6)   Merge Heap Roots: 0.1ms
[2026-02-10T17:34:33.919+0530] GC(6)   Evacuate Collection Set: 7.8ms
[2026-02-10T17:34:33.919+0530] GC(6)   Post Evacuate Collection Set: 0.5ms
[2026-02-10T17:34:33.919+0530] GC(6)   Other: 0.2ms
[2026-02-10T17:34:33.919+0530] GC(6) Eden regions: 51->0(59)
[2026-02-10T17:34:33.919+0530] GC(6) Survivor regions: 4->6(8)
[2026-02-10T17:34:33.919+0530] GC(6) Old regions: 20->20
[2026-02-10T17:34:33.919+0530] GC(6) Archive regions: 0->0
[2026-02-10T17:34:33.919+0530] GC(6) Humongous regions: 5->5
[2026-02-10T17:34:33.919+0530] GC(6) Metaspace: 35546K(36096K)->35546K(36096K) NonClass: 31596K(31872K)->31596K(31872K) Class: 3950K(4224K)->3950K(4224K)
[2026-02-10T17:34:33.919+0530] GC(6) Pause Young (Concurrent Start) (Metadata GC Threshold) 78M->30M(128M) 8.878ms
[2026-02-10T17:34:33.919+0530] GC(6) User=0.00s Sys=0.00s Real=0.01s
[2026-02-10T17:34:33.919+0530] GC(7) Concurrent Mark Cycle
[2026-02-10T17:34:33.919+0530] GC(7) Concurrent Clear Claimed Marks
[2026-02-10T17:34:33.919+0530] GC(7) Concurrent Clear Claimed Marks 0.041ms
[2026-02-10T17:34:33.919+0530] GC(7) Concurrent Scan Root Regions
[2026-02-10T17:34:33.926+0530] GC(7) Concurrent Scan Root Regions 7.198ms
[2026-02-10T17:34:33.926+0530] GC(7) Concurrent Mark
[2026-02-10T17:34:33.926+0530] GC(7) Concurrent Mark From Roots
[2026-02-10T17:34:33.926+0530] GC(7) Using 1 workers of 1 for marking
[2026-02-10T17:34:33.957+0530] GC(7) Concurrent Mark From Roots 29.982ms
[2026-02-10T17:34:33.957+0530] GC(7) Concurrent Preclean
[2026-02-10T17:34:33.957+0530] GC(7) Concurrent Preclean 0.096ms
[2026-02-10T17:34:33.957+0530] GC(7) Pause Remark
[2026-02-10T17:34:33.964+0530] GC(7) Pause Remark 31M->31M(128M) 7.857ms
[2026-02-10T17:34:33.964+0530] GC(7) User=0.00s Sys=0.00s Real=0.01s
[2026-02-10T17:34:33.964+0530] GC(7) Concurrent Mark 38.276ms
[2026-02-10T17:34:33.964+0530] GC(7) Concurrent Rebuild Remembered Sets
[2026-02-10T17:34:33.976+0530] GC(7) Concurrent Rebuild Remembered Sets 11.150ms
[2026-02-10T17:34:33.976+0530] GC(7) Pause Cleanup
[2026-02-10T17:34:33.976+0530] GC(7) Pause Cleanup 31M->31M(128M) 0.083ms
[2026-02-10T17:34:33.976+0530] GC(7) User=0.00s Sys=0.00s Real=0.00s
[2026-02-10T17:34:33.976+0530] GC(7) Concurrent Cleanup for Next Mark
[2026-02-10T17:34:33.977+0530] GC(7) Concurrent Cleanup for Next Mark 0.763ms
[2026-02-10T17:34:33.977+0530] GC(7) Concurrent Mark Cycle 57.910ms
[2026-02-10T17:34:35.294+0530] GC(8) Pause Young (Normal) (G1 Evacuation Pause)
[2026-02-10T17:34:35.294+0530] GC(8) Using 3 workers of 4 for evacuation
[2026-02-10T17:34:35.309+0530] GC(8)   Pre Evacuate Collection Set: 0.1ms
[2026-02-10T17:34:35.309+0530] GC(8)   Merge Heap Roots: 0.1ms
[2026-02-10T17:34:35.309+0530] GC(8)   Evacuate Collection Set: 14.3ms
[2026-02-10T17:34:35.309+0530] GC(8)   Post Evacuate Collection Set: 0.5ms
[2026-02-10T17:34:35.309+0530] GC(8)   Other: 0.1ms
[2026-02-10T17:34:35.309+0530] GC(8) Eden regions: 59->0(54)
[2026-02-10T17:34:35.309+0530] GC(8) Survivor regions: 6->9(9)
[2026-02-10T17:34:35.309+0530] GC(8) Old regions: 20->24
[2026-02-10T17:34:35.309+0530] GC(8) Archive regions: 0->0
[2026-02-10T17:34:35.309+0530] GC(8) Humongous regions: 5->5
[2026-02-10T17:34:35.309+0530] GC(8) Metaspace: 36566K(37120K)->36566K(37120K) NonClass: 32577K(32896K)->32577K(32896K) Class: 3989K(4224K)->3989K(4224K)
[2026-02-10T17:34:35.309+0530] GC(8) Pause Young (Normal) (G1 Evacuation Pause) 89M->37M(128M) 15.163ms
[2026-02-10T17:34:35.309+0530] GC(8) User=0.05s Sys=0.02s Real=0.02s
[2026-02-10T17:34:35.950+0530] GC(9) Pause Young (Normal) (G1 Evacuation Pause)
[2026-02-10T17:34:35.950+0530] GC(9) Using 3 workers of 4 for evacuation
[2026-02-10T17:34:35.977+0530] GC(9)   Pre Evacuate Collection Set: 0.1ms
[2026-02-10T17:34:35.977+0530] GC(9)   Merge Heap Roots: 0.1ms
[2026-02-10T17:34:35.977+0530] GC(9)   Evacuate Collection Set: 26.4ms
[2026-02-10T17:34:35.977+0530] GC(9)   Post Evacuate Collection Set: 0.4ms
[2026-02-10T17:34:35.977+0530] GC(9)   Other: 0.2ms
[2026-02-10T17:34:35.977+0530] GC(9) Eden regions: 54->0(50)
[2026-02-10T17:34:35.977+0530] GC(9) Survivor regions: 9->8(8)
[2026-02-10T17:34:35.977+0530] GC(9) Old regions: 24->32
[2026-02-10T17:34:35.977+0530] GC(9) Archive regions: 0->0
[2026-02-10T17:34:35.977+0530] GC(9) Humongous regions: 5->5
[2026-02-10T17:34:35.977+0530] GC(9) Metaspace: 36649K(37248K)->36649K(37248K) NonClass: 32654K(32960K)->32654K(32960K) Class: 3995K(4288K)->3995K(4288K)
[2026-02-10T17:34:35.977+0530] GC(9) Pause Young (Normal) (G1 Evacuation Pause) 91M->44M(128M) 27.438ms
[2026-02-10T17:34:35.977+0530] GC(9) User=0.12s Sys=0.00s Real=0.03s
[2026-02-10T17:34:36.190+0530] Heap
[2026-02-10T17:34:36.190+0530]  garbage-first heap   total 131072K, used 65203K [0x00000000f8000000, 0x0000000100000000)
[2026-02-10T17:34:36.190+0530]   region size 1024K, 27 young (27648K), 8 survivors (8192K)
[2026-02-10T17:34:36.190+0530]  Metaspace       used 36731K, committed 37248K, reserved 1114112K
[2026-02-10T17:34:36.190+0530]   class space    used 4003K, committed 4288K, reserved 1048576K
