[2026-02-10T17:37:41.707+0530] Using G1
[2026-02-10T17:37:41.709+0530] Version: 17.0.12+8-LTS-286 (release)
[2026-02-10T17:37:41.709+0530] CPUs: 8 total, 4 available
[2026-02-10T17:37:41.710+0530] Memory: 7914M
[2026-02-10T17:37:41.710+0530] Large Page Support: Disabled
[2026-02-10T17:37:41.710+0530] NUMA Support: Disabled
[2026-02-10T17:37:41.710+0530] Compressed Oops: Enabled (32-bit)
[2026-02-10T17:37:41.710+0530] Heap Region Size: 1M
[2026-02-10T17:37:41.710+0530] Heap Min Capacity: 256M
[2026-02-10T17:37:41.710+0530] Heap Initial Capacity: 256M
[2026-02-10T17:37:41.710+0530] Heap Max Capacity: 256M
[2026-02-10T17:37:41.710+0530] Pre-touch: Disabled
[2026-02-10T17:37:41.710+0530] Parallel Workers: 4
[2026-02-10T17:37:41.710+0530] Concurrent Workers: 1
[2026-02-10T17:37:41.710+0530] Concurrent Refinement Workers: 4
[2026-02-10T17:37:41.710+0530] Periodic GC: Disabled
[2026-02-10T17:37:41.724+0530] CDS archive(s) mapped at: [0x0000025f2f000000-0x0000025f2fbd0000-0x0000025f2fbd0000), size 12386304, SharedBaseAddress: 0x0000025f2f000000, ArchiveRelocationMode: 1.
[2026-02-10T17:37:41.724+0530] Compressed class space mapped at: 0x0000025f30000000-0x0000025f70000000, reserved size: 1073741824
[2026-02-10T17:37:41.724+0530] Narrow klass base: 0x0000025f2f000000, Narrow klass shift: 0, Narrow klass range: 0x100000000
[2026-02-10T17:37:42.320+0530] GC(0) Pause Young (Normal) (G1 Evacuation Pause)
[2026-02-10T17:37:42.320+0530] GC(0) Using 4 workers of 4 for evacuation
[2026-02-10T17:37:42.327+0530] GC(0)   Pre Evacuate Collection Set: 0.1ms
[2026-02-10T17:37:42.327+0530] GC(0)   Merge Heap Roots: 0.1ms
[2026-02-10T17:37:42.327+0530] GC(0)   Evacuate Collection Set: 6.0ms
[2026-02-10T17:37:42.327+0530] GC(0)   Post Evacuate Collection Set: 0.4ms
[2026-02-10T17:37:42.327+0530] GC(0)   Other: 0.8ms
[2026-02-10T17:37:42.327+0530] GC(0) Eden regions: 13->0(13)
[2026-02-10T17:37:42.327+0530] GC(0) Survivor regions: 0->2(2)
[2026-02-10T17:37:42.327+0530] GC(0) Old regions: 0->3
[2026-02-10T17:37:42.327+0530] GC(0) Archive regions: 0->0
[2026-02-10T17:37:42.327+0530] GC(0) Humongous regions: 5->5
[2026-02-10T17:37:42.327+0530] GC(0) Metaspace: 4451K(4672K)->4451K(4672K) NonClass: 3971K(4096K)->3971K(4096K) Class: 480K(576K)->480K(576K)
[2026-02-10T17:37:42.327+0530] GC(0) Pause Young (Normal) (G1 Evacuation Pause) 18M->9M(256M) 7.554ms
[2026-02-10T17:37:42.327+0530] GC(0) User=0.02s Sys=0.05s Real=0.01s
[2026-02-10T17:37:42.528+0530] GC(1) Pause Young (Normal) (G1 Evacuation Pause)
[2026-02-10T17:37:42.528+0530] GC(1) Using 4 workers of 4 for evacuation
[2026-02-10T17:37:42.536+0530] GC(1)   Pre Evacuate Collection Set: 0.1ms
[2026-02-10T17:37:42.536+0530] GC(1)   Merge Heap Roots: 0.1ms
[2026-02-10T17:37:42.536+0530] GC(1)   Evacuate Collection Set: 7.0ms
[2026-02-10T17:37:42.536+0530] GC(1)   Post Evacuate Collection Set: 0.4ms
[2026-02-10T17:37:42.536+0530] GC(1)   Other: 0.1ms
[2026-02-10T17:37:42.536+0530] GC(1) Eden regions: 13->0(18)
[2026-02-10T17:37:42.536+0530] GC(1) Survivor regions: 2->2(2)
[2026-02-10T17:37:42.536+0530] GC(1) Old regions: 3->6
[2026-02-10T17:37:42.536+0530] GC(1) Archive regions: 0->0
[2026-02-10T17:37:42.536+0530] GC(1) Humongous regions: 5->5
[2026-02-10T17:37:42.536+0530] GC(1) Metaspace: 6006K(6144K)->6006K(6144K) NonClass: 5349K(5440K)->5349K(5440K) Class: 657K(704K)->657K(704K)
[2026-02-10T17:37:42.536+0530] GC(1) Pause Young (Normal) (G1 Evacuation Pause) 22M->12M(256M) 7.940ms
[2026-02-10T17:37:42.536+0530] GC(1) User=0.03s Sys=0.03s Real=0.01s
[2026-02-10T17:37:43.039+0530] GC(2) Pause Young (Normal) (G1 Evacuation Pause)
[2026-02-10T17:37:43.039+0530] GC(2) Using 4 workers of 4 for evacuation
[2026-02-10T17:37:43.043+0530] GC(2)   Pre Evacuate Collection Set: 0.1ms
[2026-02-10T17:37:43.044+0530] GC(2)   Merge Heap Roots: 0.1ms
[2026-02-10T17:37:43.044+0530] GC(2)   Evacuate Collection Set: 3.5ms
[2026-02-10T17:37:43.044+0530] GC(2)   Post Evacuate Collection Set: 0.3ms
[2026-02-10T17:37:43.044+0530] GC(2)   Other: 0.1ms
[2026-02-10T17:37:43.044+0530] GC(2) Eden regions: 18->0(93)
[2026-02-10T17:37:43.044+0530] GC(2) Survivor regions: 2->2(3)
[2026-02-10T17:37:43.044+0530] GC(2) Old regions: 6->8
[2026-02-10T17:37:43.044+0530] GC(2) Archive regions: 0->0
[2026-02-10T17:37:43.044+0530] GC(2) Humongous regions: 5->5
[2026-02-10T17:37:43.044+0530] GC(2) Metaspace: 11411K(11584K)->11411K(11584K) NonClass: 10124K(10176K)->10124K(10176K) Class: 1287K(1408K)->1287K(1408K)
[2026-02-10T17:37:43.044+0530] GC(2) Pause Young (Normal) (G1 Evacuation Pause) 30M->14M(256M) 4.401ms
[2026-02-10T17:37:43.044+0530] GC(2) User=0.00s Sys=0.00s Real=0.00s
[2026-02-10T17:37:44.252+0530] GC(3) Pause Young (Concurrent Start) (Metadata GC Threshold)
[2026-02-10T17:37:44.252+0530] GC(3) Using 4 workers of 4 for evacuation
[2026-02-10T17:37:44.259+0530] GC(3)   Pre Evacuate Collection Set: 0.1ms
[2026-02-10T17:37:44.259+0530] GC(3)   Merge Heap Roots: 0.1ms
[2026-02-10T17:37:44.259+0530] GC(3)   Evacuate Collection Set: 7.6ms
[2026-02-10T17:37:44.261+0530] GC(3)   Post Evacuate Collection Set: 0.6ms
[2026-02-10T17:37:44.261+0530] GC(3)   Other: 0.2ms
[2026-02-10T17:37:44.261+0530] GC(3) Eden regions: 63->0(101)
[2026-02-10T17:37:44.261+0530] GC(3) Survivor regions: 2->12(12)
[2026-02-10T17:37:44.261+0530] GC(3) Old regions: 8->9
[2026-02-10T17:37:44.261+0530] GC(3) Archive regions: 0->0
[2026-02-10T17:37:44.261+0530] GC(3) Humongous regions: 5->5
[2026-02-10T17:37:44.261+0530] GC(3) Metaspace: 21231K(21504K)->21231K(21504K) NonClass: 19062K(19200K)->19062K(19200K) Class: 2168K(2304K)->2168K(2304K)
[2026-02-10T17:37:44.261+0530] GC(3) Pause Young (Concurrent Start) (Metadata GC Threshold) 77M->25M(256M) 8.681ms
[2026-02-10T17:37:44.261+0530] GC(3) User=0.00s Sys=0.00s Real=0.01s
[2026-02-10T17:37:44.261+0530] GC(4) Concurrent Mark Cycle
[2026-02-10T17:37:44.261+0530] GC(4) Concurrent Clear Claimed Marks
[2026-02-10T17:37:44.261+0530] GC(4) Concurrent Clear Claimed Marks 0.034ms
[2026-02-10T17:37:44.261+0530] GC(4) Concurrent Scan Root Regions
[2026-02-10T17:37:44.265+0530] GC(4) Concurrent Scan Root Regions 4.517ms
[2026-02-10T17:37:44.265+0530] GC(4) Concurrent Mark
[2026-02-10T17:37:44.265+0530] GC(4) Concurrent Mark From Roots
[2026-02-10T17:37:44.265+0530] GC(4) Using 1 workers of 1 for marking
[2026-02-10T17:37:44.287+0530] GC(4) Concurrent Mark From Roots 22.477ms
[2026-02-10T17:37:44.287+0530] GC(4) Concurrent Preclean
[2026-02-10T17:37:44.287+0530] GC(4) Concurrent Preclean 0.071ms
[2026-02-10T17:37:44.288+0530] GC(4) Pause Remark
[2026-02-10T17:37:44.292+0530] GC(4) Pause Remark 26M->26M(256M) 3.955ms
[2026-02-10T17:37:44.292+0530] GC(4) User=0.00s Sys=0.00s Real=0.00s
[2026-02-10T17:37:44.292+0530] GC(4) Concurrent Mark 27.002ms
[2026-02-10T17:37:44.292+0530] GC(4) Concurrent Rebuild Remembered Sets
[2026-02-10T17:37:44.302+0530] GC(4) Concurrent Rebuild Remembered Sets 9.593ms
[2026-02-10T17:37:44.302+0530] GC(4) Pause Cleanup
[2026-02-10T17:37:44.302+0530] GC(4) Pause Cleanup 26M->26M(256M) 0.096ms
[2026-02-10T17:37:44.302+0530] GC(4) User=0.00s Sys=0.00s Real=0.00s
[2026-02-10T17:37:44.302+0530] GC(4) Concurrent Cleanup for Next Mark
[2026-02-10T17:37:44.304+0530] GC(4) Concurrent Cleanup for Next Mark 1.617ms
[2026-02-10T17:37:44.304+0530] GC(4) Concurrent Mark Cycle 43.384ms
[2026-02-10T17:37:46.707+0530] GC(5) Pause Young (Normal) (G1 Evacuation Pause)
[2026-02-10T17:37:46.707+0530] GC(5) Using 4 workers of 4 for evacuation
[2026-02-10T17:37:46.719+0530] GC(5)   Pre Evacuate Collection Set: 0.1ms
[2026-02-10T17:37:46.719+0530] GC(5)   Merge Heap Roots: 0.1ms
[2026-02-10T17:37:46.719+0530] GC(5)   Evacuate Collection Set: 11.4ms
[2026-02-10T17:37:46.719+0530] GC(5)   Post Evacuate Collection Set: 0.6ms
[2026-02-10T17:37:46.719+0530] GC(5)   Other: 0.2ms
[2026-02-10T17:37:46.719+0530] GC(5) Eden regions: 101->0(140)
[2026-02-10T17:37:46.719+0530] GC(5) Survivor regions: 12->6(15)
[2026-02-10T17:37:46.719+0530] GC(5) Old regions: 9->21
[2026-02-10T17:37:46.719+0530] GC(5) Archive regions: 0->0
[2026-02-10T17:37:46.719+0530] GC(5) Humongous regions: 5->5
[2026-02-10T17:37:46.719+0530] GC(5) Metaspace: 34701K(35200K)->34701K(35200K) NonClass: 30848K(31104K)->30848K(31104K) Class: 3852K(4096K)->3852K(4096K)
[2026-02-10T17:37:46.719+0530] GC(5) Pause Young (Normal) (G1 Evacuation Pause) 126M->30M(256M) 12.640ms
[2026-02-10T17:37:46.719+0530] GC(5) User=0.06s Sys=0.00s Real=0.01s
[2026-02-10T17:37:47.054+0530] GC(6) Pause Young (Concurrent Start) (Metadata GC Threshold)
[2026-02-10T17:37:47.054+0530] GC(6) Using 4 workers of 4 for evacuation
[2026-02-10T17:37:47.060+0530] GC(6)   Pre Evacuate Collection Set: 0.1ms
[2026-02-10T17:37:47.060+0530] GC(6)   Merge Heap Roots: 0.1ms
[2026-02-10T17:37:47.060+0530] GC(6)   Evacuate Collection Set: 6.0ms
[2026-02-10T17:37:47.060+0530] GC(6)   Post Evacuate Collection Set: 0.4ms
[2026-02-10T17:37:47.060+0530] GC(6)   Other: 0.2ms
[2026-02-10T17:37:47.061+0530] GC(6) Eden regions: 8->0(147)
[2026-02-10T17:37:47.061+0530] GC(6) Survivor regions: 6->6(19)
[2026-02-10T17:37:47.061+0530] GC(6) Old regions: 21->21
[2026-02-10T17:37:47.061+0530] GC(6) Archive regions: 0->0
[2026-02-10T17:37:47.061+0530] GC(6) Humongous regions: 5->5
[2026-02-10T17:37:47.061+0530] GC(6) Metaspace: 35539K(36096K)->35539K(36096K) NonClass: 31600K(31872K)->31600K(31872K) Class: 3938K(4224K)->3938K(4224K)
[2026-02-10T17:37:47.061+0530] GC(6) Pause Young (Concurrent Start) (Metadata GC Threshold) 38M->30M(256M) 7.064ms
[2026-02-10T17:37:47.061+0530] GC(6) User=0.00s Sys=0.00s Real=0.01s
[2026-02-10T17:37:47.061+0530] GC(7) Concurrent Mark Cycle
[2026-02-10T17:37:47.061+0530] GC(7) Concurrent Clear Claimed Marks
[2026-02-10T17:37:47.061+0530] GC(7) Concurrent Clear Claimed Marks 0.041ms
[2026-02-10T17:37:47.061+0530] GC(7) Concurrent Scan Root Regions
[2026-02-10T17:37:47.068+0530] GC(7) Concurrent Scan Root Regions 7.269ms
[2026-02-10T17:37:47.068+0530] GC(7) Concurrent Mark
[2026-02-10T17:37:47.068+0530] GC(7) Concurrent Mark From Roots
[2026-02-10T17:37:47.068+0530] GC(7) Using 1 workers of 1 for marking
[2026-02-10T17:37:47.104+0530] GC(7) Concurrent Mark From Roots 36.552ms
[2026-02-10T17:37:47.104+0530] GC(7) Concurrent Preclean
[2026-02-10T17:37:47.104+0530] GC(7) Concurrent Preclean 0.081ms
[2026-02-10T17:37:47.105+0530] GC(7) Pause Remark
[2026-02-10T17:37:47.114+0530] GC(7) Pause Remark 32M->32M(256M) 9.141ms
[2026-02-10T17:37:47.114+0530] GC(7) User=0.06s Sys=0.00s Real=0.01s
[2026-02-10T17:37:47.117+0530] GC(7) Concurrent Mark 49.105ms
[2026-02-10T17:37:47.117+0530] GC(7) Concurrent Rebuild Remembered Sets
[2026-02-10T17:37:47.131+0530] GC(7) Concurrent Rebuild Remembered Sets 14.372ms
[2026-02-10T17:37:47.131+0530] GC(7) Pause Cleanup
[2026-02-10T17:37:47.132+0530] GC(7) Pause Cleanup 32M->32M(256M) 0.094ms
[2026-02-10T17:37:47.132+0530] GC(7) User=0.00s Sys=0.00s Real=0.00s
[2026-02-10T17:37:47.132+0530] GC(7) Concurrent Cleanup for Next Mark
[2026-02-10T17:37:47.133+0530] GC(7) Concurrent Cleanup for Next Mark 1.634ms
[2026-02-10T17:37:47.133+0530] GC(7) Concurrent Mark Cycle 72.973ms
[2026-02-10T17:37:50.200+0530] Heap
[2026-02-10T17:37:50.200+0530]  garbage-first heap   total 262144K, used 166816K [0x00000000f0000000, 0x0000000100000000)
[2026-02-10T17:37:50.200+0530]   region size 1024K, 139 young (142336K), 6 survivors (6144K)
[2026-02-10T17:37:50.200+0530]  Metaspace       used 36749K, committed 37248K, reserved 1114112K
[2026-02-10T17:37:50.200+0530]   class space    used 3993K, committed 4224K, reserved 1048576K
