[2026-02-10T17:34:44.862+0530] Using G1
[2026-02-10T17:34:44.865+0530] Version: 17.0.12+8-LTS-286 (release)
[2026-02-10T17:34:44.865+0530] CPUs: 8 total, 4 available
[2026-02-10T17:34:44.865+0530] Memory: 7914M
[2026-02-10T17:34:44.865+0530] Large Page Support: Disabled
[2026-02-10T17:34:44.865+0530] NUMA Support: Disabled
[2026-02-10T17:34:44.865+0530] Compressed Oops: Enabled (32-bit)
[2026-02-10T17:34:44.865+0530] Heap Region Size: 1M
[2026-02-10T17:34:44.865+0530] Heap Min Capacity: 128M
[2026-02-10T17:34:44.865+0530] Heap Initial Capacity: 128M
[2026-02-10T17:34:44.865+0530] Heap Max Capacity: 128M
[2026-02-10T17:34:44.865+0530] Pre-touch: Disabled
[2026-02-10T17:34:44.865+0530] Parallel Workers: 4
[2026-02-10T17:34:44.866+0530] Concurrent Workers: 1
[2026-02-10T17:34:44.866+0530] Concurrent Refinement Workers: 4
[2026-02-10T17:34:44.866+0530] Periodic GC: Disabled
[2026-02-10T17:34:44.880+0530] CDS archive(s) mapped at: [0x000001a11c000000-0x000001a11cbd0000-0x000001a11cbd0000), size 12386304, SharedBaseAddress: 0x000001a11c000000, ArchiveRelocationMode: 1.
[2026-02-10T17:34:44.880+0530] Compressed class space mapped at: 0x000001a11d000000-0x000001a15d000000, reserved size: 1073741824
[2026-02-10T17:34:44.880+0530] Narrow klass base: 0x000001a11c000000, Narrow klass shift: 0, Narrow klass range: 0x100000000
[2026-02-10T17:34:45.638+0530] GC(0) Pause Young (Normal) (G1 Evacuation Pause)
[2026-02-10T17:34:45.638+0530] GC(0) Using 3 workers of 4 for evacuation
[2026-02-10T17:34:45.646+0530] GC(0)   Pre Evacuate Collection Set: 0.1ms
[2026-02-10T17:34:45.646+0530] GC(0)   Merge Heap Roots: 0.1ms
[2026-02-10T17:34:45.646+0530] GC(0)   Evacuate Collection Set: 7.2ms
[2026-02-10T17:34:45.646+0530] GC(0)   Post Evacuate Collection Set: 0.7ms
[2026-02-10T17:34:45.646+0530] GC(0)   Other: 0.4ms
[2026-02-10T17:34:45.646+0530] GC(0) Eden regions: 13->0(13)
[2026-02-10T17:34:45.646+0530] GC(0) Survivor regions: 0->2(2)
[2026-02-10T17:34:45.646+0530] GC(0) Old regions: 0->3
[2026-02-10T17:34:45.646+0530] GC(0) Archive regions: 0->0
[2026-02-10T17:34:45.646+0530] GC(0) Humongous regions: 5->5
[2026-02-10T17:34:45.646+0530] GC(0) Metaspace: 4454K(4672K)->4454K(4672K) NonClass: 3973K(4096K)->3973K(4096K) Class: 480K(576K)->480K(576K)
[2026-02-10T17:34:45.646+0530] GC(0) Pause Young (Normal) (G1 Evacuation Pause) 18M->9M(128M) 8.896ms
[2026-02-10T17:34:45.646+0530] GC(0) User=0.00s Sys=0.05s Real=0.01s
[2026-02-10T17:34:45.872+0530] GC(1) Pause Young (Normal) (G1 Evacuation Pause)
[2026-02-10T17:34:45.872+0530] GC(1) Using 3 workers of 4 for evacuation
[2026-02-10T17:34:45.881+0530] GC(1)   Pre Evacuate Collection Set: 0.1ms
[2026-02-10T17:34:45.881+0530] GC(1)   Merge Heap Roots: 0.1ms
[2026-02-10T17:34:45.881+0530] GC(1)   Evacuate Collection Set: 8.1ms
[2026-02-10T17:34:45.881+0530] GC(1)   Post Evacuate Collection Set: 0.4ms
[2026-02-10T17:34:45.881+0530] GC(1)   Other: 0.2ms
[2026-02-10T17:34:45.881+0530] GC(1) Eden regions: 13->0(18)
[2026-02-10T17:34:45.881+0530] GC(1) Survivor regions: 2->2(2)
[2026-02-10T17:34:45.881+0530] GC(1) Old regions: 3->6
[2026-02-10T17:34:45.881+0530] GC(1) Archive regions: 0->0
[2026-02-10T17:34:45.881+0530] GC(1) Humongous regions: 5->5
[2026-02-10T17:34:45.881+0530] GC(1) Metaspace: 6004K(6144K)->6004K(6144K) NonClass: 5346K(5440K)->5346K(5440K) Class: 657K(704K)->657K(704K)
[2026-02-10T17:34:45.881+0530] GC(1) Pause Young (Normal) (G1 Evacuation Pause) 22M->12M(128M) 8.927ms
[2026-02-10T17:34:45.881+0530] GC(1) User=0.05s Sys=0.02s Real=0.01s
[2026-02-10T17:34:46.316+0530] GC(2) Pause Young (Normal) (G1 Evacuation Pause)
[2026-02-10T17:34:46.316+0530] GC(2) Using 3 workers of 4 for evacuation
[2026-02-10T17:34:46.321+0530] GC(2)   Pre Evacuate Collection Set: 0.1ms
[2026-02-10T17:34:46.321+0530] GC(2)   Merge Heap Roots: 0.1ms
[2026-02-10T17:34:46.321+0530] GC(2)   Evacuate Collection Set: 4.6ms
[2026-02-10T17:34:46.321+0530] GC(2)   Post Evacuate Collection Set: 0.3ms
[2026-02-10T17:34:46.321+0530] GC(2)   Other: 0.2ms
[2026-02-10T17:34:46.321+0530] GC(2) Eden regions: 18->0(70)
[2026-02-10T17:34:46.321+0530] GC(2) Survivor regions: 2->2(3)
[2026-02-10T17:34:46.321+0530] GC(2) Old regions: 6->8
[2026-02-10T17:34:46.321+0530] GC(2) Archive regions: 0->0
[2026-02-10T17:34:46.321+0530] GC(2) Humongous regions: 5->5
[2026-02-10T17:34:46.321+0530] GC(2) Metaspace: 11389K(11584K)->11389K(11584K) NonClass: 10105K(10176K)->10105K(10176K) Class: 1283K(1408K)->1283K(1408K)
[2026-02-10T17:34:46.321+0530] GC(2) Pause Young (Normal) (G1 Evacuation Pause) 30M->14M(128M) 5.528ms
[2026-02-10T17:34:46.321+0530] GC(2) User=0.00s Sys=0.00s Real=0.01s
[2026-02-10T17:34:48.192+0530] GC(3) Pause Young (Concurrent Start) (Metadata GC Threshold)
[2026-02-10T17:34:48.192+0530] GC(3) Using 3 workers of 4 for evacuation
[2026-02-10T17:34:48.201+0530] GC(3)   Pre Evacuate Collection Set: 0.1ms
[2026-02-10T17:34:48.201+0530] GC(3)   Merge Heap Roots: 0.0ms
[2026-02-10T17:34:48.201+0530] GC(3)   Evacuate Collection Set: 9.0ms
[2026-02-10T17:34:48.201+0530] GC(3)   Post Evacuate Collection Set: 0.5ms
[2026-02-10T17:34:48.201+0530] GC(3)   Other: 0.2ms
[2026-02-10T17:34:48.201+0530] GC(3) Eden regions: 64->0(55)
[2026-02-10T17:34:48.201+0530] GC(3) Survivor regions: 2->9(9)
[2026-02-10T17:34:48.201+0530] GC(3) Old regions: 8->12
[2026-02-10T17:34:48.201+0530] GC(3) Archive regions: 0->0
[2026-02-10T17:34:48.201+0530] GC(3) Humongous regions: 5->5
[2026-02-10T17:34:48.201+0530] GC(3) Metaspace: 21202K(21504K)->21202K(21504K) NonClass: 19042K(19200K)->19042K(19200K) Class: 2159K(2304K)->2159K(2304K)
[2026-02-10T17:34:48.201+0530] GC(3) Pause Young (Concurrent Start) (Metadata GC Threshold) 77M->25M(128M) 10.059ms
[2026-02-10T17:34:48.202+0530] GC(3) User=0.02s Sys=0.02s Real=0.01s
[2026-02-10T17:34:48.202+0530] GC(4) Concurrent Mark Cycle
[2026-02-10T17:34:48.202+0530] GC(4) Concurrent Clear Claimed Marks
[2026-02-10T17:34:48.202+0530] GC(4) Concurrent Clear Claimed Marks 0.047ms
[2026-02-10T17:34:48.202+0530] GC(4) Concurrent Scan Root Regions
[2026-02-10T17:34:48.207+0530] GC(4) Concurrent Scan Root Regions 4.195ms
[2026-02-10T17:34:48.207+0530] GC(4) Concurrent Mark
[2026-02-10T17:34:48.207+0530] GC(4) Concurrent Mark From Roots
[2026-02-10T17:34:48.207+0530] GC(4) Using 1 workers of 1 for marking
[2026-02-10T17:34:48.227+0530] GC(4) Concurrent Mark From Roots 21.065ms
[2026-02-10T17:34:48.228+0530] GC(4) Concurrent Preclean
[2026-02-10T17:34:48.228+0530] GC(4) Concurrent Preclean 0.065ms
[2026-02-10T17:34:48.228+0530] GC(4) Pause Remark
[2026-02-10T17:34:48.231+0530] GC(4) Pause Remark 26M->26M(128M) 2.981ms
[2026-02-10T17:34:48.231+0530] GC(4) User=0.00s Sys=0.00s Real=0.00s
[2026-02-10T17:34:48.231+0530] GC(4) Concurrent Mark 24.435ms
[2026-02-10T17:34:48.231+0530] GC(4) Concurrent Rebuild Remembered Sets
[2026-02-10T17:34:48.243+0530] GC(4) Concurrent Rebuild Remembered Sets 11.534ms
[2026-02-10T17:34:48.243+0530] GC(4) Pause Cleanup
[2026-02-10T17:34:48.243+0530] GC(4) Pause Cleanup 26M->26M(128M) 0.110ms
[2026-02-10T17:34:48.244+0530] GC(4) User=0.00s Sys=0.00s Real=0.00s
[2026-02-10T17:34:48.244+0530] GC(4) Concurrent Cleanup for Next Mark
[2026-02-10T17:34:48.244+0530] GC(4) Concurrent Cleanup for Next Mark 0.850ms
[2026-02-10T17:34:48.244+0530] GC(4) Concurrent Mark Cycle 42.148ms
[2026-02-10T17:34:49.856+0530] GC(5) Pause Young (Normal) (G1 Evacuation Pause)
[2026-02-10T17:34:49.856+0530] GC(5) Using 3 workers of 4 for evacuation
[2026-02-10T17:34:49.873+0530] GC(5)   Pre Evacuate Collection Set: 0.1ms
[2026-02-10T17:34:49.873+0530] GC(5)   Merge Heap Roots: 0.1ms
[2026-02-10T17:34:49.873+0530] GC(5)   Evacuate Collection Set: 16.4ms
[2026-02-10T17:34:49.873+0530] GC(5)   Post Evacuate Collection Set: 0.9ms
[2026-02-10T17:34:49.873+0530] GC(5)   Other: 0.2ms
[2026-02-10T17:34:49.873+0530] GC(5) Eden regions: 55->0(55)
[2026-02-10T17:34:49.873+0530] GC(5) Survivor regions: 9->4(8)
[2026-02-10T17:34:49.873+0530] GC(5) Old regions: 12->21
[2026-02-10T17:34:49.873+0530] GC(5) Archive regions: 0->0
[2026-02-10T17:34:49.873+0530] GC(5) Humongous regions: 5->5
[2026-02-10T17:34:49.873+0530] GC(5) Metaspace: 27559K(28032K)->27559K(28032K) NonClass: 24600K(24832K)->24600K(24832K) Class: 2959K(3200K)->2959K(3200K)
[2026-02-10T17:34:49.874+0530] GC(5) Pause Young (Normal) (G1 Evacuation Pause) 80M->28M(128M) 18.111ms
[2026-02-10T17:34:49.874+0530] GC(5) User=0.03s Sys=0.06s Real=0.02s
[2026-02-10T17:34:51.364+0530] GC(6) Pause Young (Concurrent Start) (Metadata GC Threshold)
[2026-02-10T17:34:51.364+0530] GC(6) Using 3 workers of 4 for evacuation
[2026-02-10T17:34:51.374+0530] GC(6)   Pre Evacuate Collection Set: 0.1ms
[2026-02-10T17:34:51.374+0530] GC(6)   Merge Heap Roots: 0.1ms
[2026-02-10T17:34:51.374+0530] GC(6)   Evacuate Collection Set: 9.0ms
[2026-02-10T17:34:51.374+0530] GC(6)   Post Evacuate Collection Set: 0.5ms
[2026-02-10T17:34:51.374+0530] GC(6)   Other: 0.2ms
[2026-02-10T17:34:51.374+0530] GC(6) Eden regions: 53->0(58)
[2026-02-10T17:34:51.374+0530] GC(6) Survivor regions: 4->6(8)
[2026-02-10T17:34:51.374+0530] GC(6) Old regions: 21->21
[2026-02-10T17:34:51.374+0530] GC(6) Archive regions: 0->0
[2026-02-10T17:34:51.374+0530] GC(6) Humongous regions: 5->5
[2026-02-10T17:34:51.374+0530] GC(6) Metaspace: 35622K(36160K)->35622K(36160K) NonClass: 31683K(31936K)->31683K(31936K) Class: 3938K(4224K)->3938K(4224K)
[2026-02-10T17:34:51.375+0530] GC(6) Pause Young (Concurrent Start) (Metadata GC Threshold) 81M->31M(128M) 10.127ms
[2026-02-10T17:34:51.375+0530] GC(6) User=0.03s Sys=0.03s Real=0.01s
[2026-02-10T17:34:51.375+0530] GC(7) Concurrent Mark Cycle
[2026-02-10T17:34:51.375+0530] GC(7) Concurrent Clear Claimed Marks
[2026-02-10T17:34:51.375+0530] GC(7) Concurrent Clear Claimed Marks 0.049ms
[2026-02-10T17:34:51.375+0530] GC(7) Concurrent Scan Root Regions
[2026-02-10T17:34:51.382+0530] GC(7) Concurrent Scan Root Regions 7.168ms
[2026-02-10T17:34:51.382+0530] GC(7) Concurrent Mark
[2026-02-10T17:34:51.382+0530] GC(7) Concurrent Mark From Roots
[2026-02-10T17:34:51.382+0530] GC(7) Using 1 workers of 1 for marking
[2026-02-10T17:34:51.415+0530] GC(7) Concurrent Mark From Roots 33.294ms
[2026-02-10T17:34:51.415+0530] GC(7) Concurrent Preclean
[2026-02-10T17:34:51.415+0530] GC(7) Concurrent Preclean 0.071ms
[2026-02-10T17:34:51.416+0530] GC(7) Pause Remark
[2026-02-10T17:34:51.426+0530] GC(7) Pause Remark 31M->31M(128M) 9.419ms
[2026-02-10T17:34:51.426+0530] GC(7) User=0.02s Sys=0.02s Real=0.01s
[2026-02-10T17:34:51.426+0530] GC(7) Concurrent Mark 44.392ms
[2026-02-10T17:34:51.427+0530] GC(7) Concurrent Rebuild Remembered Sets
[2026-02-10T17:34:51.442+0530] GC(7) Concurrent Rebuild Remembered Sets 15.597ms
[2026-02-10T17:34:51.442+0530] GC(7) Pause Cleanup
[2026-02-10T17:34:51.442+0530] GC(7) Pause Cleanup 31M->31M(128M) 0.101ms
[2026-02-10T17:34:51.442+0530] GC(7) User=0.00s Sys=0.00s Real=0.00s
[2026-02-10T17:34:51.442+0530] GC(7) Concurrent Cleanup for Next Mark
[2026-02-10T17:34:51.443+0530] GC(7) Concurrent Cleanup for Next Mark 1.049ms
[2026-02-10T17:34:51.443+0530] GC(7) Concurrent Mark Cycle 68.823ms
[2026-02-10T17:34:53.099+0530] GC(8) Pause Young (Normal) (G1 Evacuation Pause)
[2026-02-10T17:34:53.099+0530] GC(8) Using 3 workers of 4 for evacuation
[2026-02-10T17:34:53.118+0530] GC(8)   Pre Evacuate Collection Set: 0.1ms
[2026-02-10T17:34:53.118+0530] GC(8)   Merge Heap Roots: 0.1ms
[2026-02-10T17:34:53.118+0530] GC(8)   Evacuate Collection Set: 18.5ms
[2026-02-10T17:34:53.118+0530] GC(8)   Post Evacuate Collection Set: 0.5ms
[2026-02-10T17:34:53.118+0530] GC(8)   Other: 0.2ms
[2026-02-10T17:34:53.118+0530] GC(8) Eden regions: 58->0(55)
[2026-02-10T17:34:53.118+0530] GC(8) Survivor regions: 6->8(8)
[2026-02-10T17:34:53.118+0530] GC(8) Old regions: 21->25
[2026-02-10T17:34:53.118+0530] GC(8) Archive regions: 0->0
[2026-02-10T17:34:53.118+0530] GC(8) Humongous regions: 5->5
[2026-02-10T17:34:53.118+0530] GC(8) Metaspace: 36650K(37184K)->36650K(37184K) NonClass: 32672K(32960K)->32672K(32960K) Class: 3978K(4224K)->3978K(4224K)
[2026-02-10T17:34:53.118+0530] GC(8) Pause Young (Normal) (G1 Evacuation Pause) 89M->37M(128M) 19.625ms
[2026-02-10T17:34:53.118+0530] GC(8) User=0.06s Sys=0.00s Real=0.02s
[2026-02-10T17:34:53.761+0530] GC(9) Pause Young (Normal) (G1 Evacuation Pause)
[2026-02-10T17:34:53.761+0530] GC(9) Using 3 workers of 4 for evacuation
[2026-02-10T17:34:53.788+0530] GC(9)   Pre Evacuate Collection Set: 0.1ms
[2026-02-10T17:34:53.788+0530] GC(9)   Merge Heap Roots: 0.1ms
[2026-02-10T17:34:53.788+0530] GC(9)   Evacuate Collection Set: 26.8ms
[2026-02-10T17:34:53.788+0530] GC(9)   Post Evacuate Collection Set: 0.5ms
[2026-02-10T17:34:53.788+0530] GC(9)   Other: 0.1ms
[2026-02-10T17:34:53.788+0530] GC(9) Eden regions: 55->0(51)
[2026-02-10T17:34:53.788+0530] GC(9) Survivor regions: 8->8(8)
[2026-02-10T17:34:53.788+0530] GC(9) Old regions: 25->33
[2026-02-10T17:34:53.788+0530] GC(9) Archive regions: 0->0
[2026-02-10T17:34:53.788+0530] GC(9) Humongous regions: 5->5
[2026-02-10T17:34:53.788+0530] GC(9) Metaspace: 36736K(37248K)->36736K(37248K) NonClass: 32752K(33024K)->32752K(33024K) Class: 3984K(4224K)->3984K(4224K)
[2026-02-10T17:34:53.788+0530] GC(9) Pause Young (Normal) (G1 Evacuation Pause) 92M->45M(128M) 27.811ms
[2026-02-10T17:34:53.788+0530] GC(9) User=0.11s Sys=0.02s Real=0.03s
[2026-02-10T17:34:53.979+0530] Heap
[2026-02-10T17:34:53.979+0530]  garbage-first heap   total 131072K, used 65074K [0x00000000f8000000, 0x0000000100000000)
[2026-02-10T17:34:53.979+0530]   region size 1024K, 26 young (26624K), 8 survivors (8192K)
[2026-02-10T17:34:53.979+0530]  Metaspace       used 36817K, committed 37312K, reserved 1114112K
[2026-02-10T17:34:53.979+0530]   class space    used 3994K, committed 4224K, reserved 1048576K
