[2026-02-10T17:38:08.648+0530] Using G1
[2026-02-10T17:38:08.651+0530] Version: 17.0.12+8-LTS-286 (release)
[2026-02-10T17:38:08.651+0530] CPUs: 8 total, 4 available
[2026-02-10T17:38:08.651+0530] Memory: 7914M
[2026-02-10T17:38:08.651+0530] Large Page Support: Disabled
[2026-02-10T17:38:08.651+0530] NUMA Support: Disabled
[2026-02-10T17:38:08.651+0530] Compressed Oops: Enabled (32-bit)
[2026-02-10T17:38:08.652+0530] Heap Region Size: 1M
[2026-02-10T17:38:08.652+0530] Heap Min Capacity: 256M
[2026-02-10T17:38:08.652+0530] Heap Initial Capacity: 256M
[2026-02-10T17:38:08.652+0530] Heap Max Capacity: 256M
[2026-02-10T17:38:08.652+0530] Pre-touch: Disabled
[2026-02-10T17:38:08.652+0530] Parallel Workers: 4
[2026-02-10T17:38:08.652+0530] Concurrent Workers: 1
[2026-02-10T17:38:08.652+0530] Concurrent Refinement Workers: 4
[2026-02-10T17:38:08.652+0530] Periodic GC: Disabled
[2026-02-10T17:38:08.668+0530] CDS archive(s) mapped at: [0x000001a680000000-0x000001a680bd0000-0x000001a680bd0000), size 12386304, SharedBaseAddress: 0x000001a680000000, ArchiveRelocationMode: 1.
[2026-02-10T17:38:08.668+0530] Compressed class space mapped at: 0x000001a681000000-0x000001a6c1000000, reserved size: 1073741824
[2026-02-10T17:38:08.668+0530] Narrow klass base: 0x000001a680000000, Narrow klass shift: 0, Narrow klass range: 0x100000000
[2026-02-10T17:38:09.448+0530] GC(0) Pause Young (Normal) (G1 Evacuation Pause)
[2026-02-10T17:38:09.448+0530] GC(0) Using 4 workers of 4 for evacuation
[2026-02-10T17:38:09.455+0530] GC(0)   Pre Evacuate Collection Set: 0.1ms
[2026-02-10T17:38:09.456+0530] GC(0)   Merge Heap Roots: 0.1ms
[2026-02-10T17:38:09.456+0530] GC(0)   Evacuate Collection Set: 6.4ms
[2026-02-10T17:38:09.456+0530] GC(0)   Post Evacuate Collection Set: 0.5ms
[2026-02-10T17:38:09.456+0530] GC(0)   Other: 0.6ms
[2026-02-10T17:38:09.456+0530] GC(0) Eden regions: 13->0(13)
[2026-02-10T17:38:09.456+0530] GC(0) Survivor regions: 0->2(2)
[2026-02-10T17:38:09.456+0530] GC(0) Old regions: 0->3
[2026-02-10T17:38:09.456+0530] GC(0) Archive regions: 0->0
[2026-02-10T17:38:09.456+0530] GC(0) Humongous regions: 5->5
[2026-02-10T17:38:09.456+0530] GC(0) Metaspace: 4449K(4672K)->4449K(4672K) NonClass: 3968K(4096K)->3968K(4096K) Class: 480K(576K)->480K(576K)
[2026-02-10T17:38:09.456+0530] GC(0) Pause Young (Normal) (G1 Evacuation Pause) 18M->9M(256M) 7.855ms
[2026-02-10T17:38:09.456+0530] GC(0) User=0.02s Sys=0.05s Real=0.01s
[2026-02-10T17:38:09.669+0530] GC(1) Pause Young (Normal) (G1 Evacuation Pause)
[2026-02-10T17:38:09.669+0530] GC(1) Using 4 workers of 4 for evacuation
[2026-02-10T17:38:09.679+0530] GC(1)   Pre Evacuate Collection Set: 0.1ms
[2026-02-10T17:38:09.679+0530] GC(1)   Merge Heap Roots: 0.1ms
[2026-02-10T17:38:09.679+0530] GC(1)   Evacuate Collection Set: 8.9ms
[2026-02-10T17:38:09.679+0530] GC(1)   Post Evacuate Collection Set: 0.4ms
[2026-02-10T17:38:09.679+0530] GC(1)   Other: 0.2ms
[2026-02-10T17:38:09.679+0530] GC(1) Eden regions: 13->0(20)
[2026-02-10T17:38:09.679+0530] GC(1) Survivor regions: 2->2(2)
[2026-02-10T17:38:09.679+0530] GC(1) Old regions: 3->6
[2026-02-10T17:38:09.679+0530] GC(1) Archive regions: 0->0
[2026-02-10T17:38:09.679+0530] GC(1) Humongous regions: 5->5
[2026-02-10T17:38:09.679+0530] GC(1) Metaspace: 6000K(6144K)->6000K(6144K) NonClass: 5343K(5440K)->5343K(5440K) Class: 657K(704K)->657K(704K)
[2026-02-10T17:38:09.679+0530] GC(1) Pause Young (Normal) (G1 Evacuation Pause) 22M->12M(256M) 9.758ms
[2026-02-10T17:38:09.679+0530] GC(1) User=0.05s Sys=0.02s Real=0.01s
[2026-02-10T17:38:10.249+0530] GC(2) Pause Young (Normal) (G1 Evacuation Pause)
[2026-02-10T17:38:10.249+0530] GC(2) Using 4 workers of 4 for evacuation
[2026-02-10T17:38:10.255+0530] GC(2)   Pre Evacuate Collection Set: 0.1ms
[2026-02-10T17:38:10.255+0530] GC(2)   Merge Heap Roots: 0.1ms
[2026-02-10T17:38:10.255+0530] GC(2)   Evacuate Collection Set: 5.1ms
[2026-02-10T17:38:10.255+0530] GC(2)   Post Evacuate Collection Set: 0.4ms
[2026-02-10T17:38:10.255+0530] GC(2)   Other: 0.1ms
[2026-02-10T17:38:10.255+0530] GC(2) Eden regions: 20->0(97)
[2026-02-10T17:38:10.255+0530] GC(2) Survivor regions: 2->2(3)
[2026-02-10T17:38:10.255+0530] GC(2) Old regions: 6->8
[2026-02-10T17:38:10.255+0530] GC(2) Archive regions: 0->0
[2026-02-10T17:38:10.255+0530] GC(2) Humongous regions: 5->5
[2026-02-10T17:38:10.255+0530] GC(2) Metaspace: 11731K(11968K)->11731K(11968K) NonClass: 10399K(10496K)->10399K(10496K) Class: 1331K(1472K)->1331K(1472K)
[2026-02-10T17:38:10.255+0530] GC(2) Pause Young (Normal) (G1 Evacuation Pause) 32M->14M(256M) 6.021ms
[2026-02-10T17:38:10.255+0530] GC(2) User=0.02s Sys=0.00s Real=0.01s
[2026-02-10T17:38:11.484+0530] GC(3) Pause Young (Concurrent Start) (Metadata GC Threshold)
[2026-02-10T17:38:11.484+0530] GC(3) Using 4 workers of 4 for evacuation
[2026-02-10T17:38:11.495+0530] GC(3)   Pre Evacuate Collection Set: 0.1ms
[2026-02-10T17:38:11.495+0530] GC(3)   Merge Heap Roots: 0.1ms
[2026-02-10T17:38:11.495+0530] GC(3)   Evacuate Collection Set: 10.2ms
[2026-02-10T17:38:11.495+0530] GC(3)   Post Evacuate Collection Set: 0.4ms
[2026-02-10T17:38:11.495+0530] GC(3)   Other: 0.2ms
[2026-02-10T17:38:11.495+0530] GC(3) Eden regions: 62->0(96)
[2026-02-10T17:38:11.495+0530] GC(3) Survivor regions: 2->13(13)
[2026-02-10T17:38:11.495+0530] GC(3) Old regions: 8->8
[2026-02-10T17:38:11.495+0530] GC(3) Archive regions: 0->0
[2026-02-10T17:38:11.495+0530] GC(3) Humongous regions: 5->5
[2026-02-10T17:38:11.495+0530] GC(3) Metaspace: 21230K(21504K)->21230K(21504K) NonClass: 19061K(19200K)->19061K(19200K) Class: 2168K(2304K)->2168K(2304K)
[2026-02-10T17:38:11.495+0530] GC(3) Pause Young (Concurrent Start) (Metadata GC Threshold) 76M->25M(256M) 11.144ms
[2026-02-10T17:38:11.495+0530] GC(3) User=0.03s Sys=0.00s Real=0.01s
[2026-02-10T17:38:11.495+0530] GC(4) Concurrent Mark Cycle
[2026-02-10T17:38:11.495+0530] GC(4) Concurrent Clear Claimed Marks
[2026-02-10T17:38:11.495+0530] GC(4) Concurrent Clear Claimed Marks 0.043ms
[2026-02-10T17:38:11.495+0530] GC(4) Concurrent Scan Root Regions
[2026-02-10T17:38:11.500+0530] GC(4) Concurrent Scan Root Regions 5.536ms
[2026-02-10T17:38:11.500+0530] GC(4) Concurrent Mark
[2026-02-10T17:38:11.500+0530] GC(4) Concurrent Mark From Roots
[2026-02-10T17:38:11.500+0530] GC(4) Using 1 workers of 1 for marking
[2026-02-10T17:38:11.524+0530] GC(4) Concurrent Mark From Roots 23.120ms
[2026-02-10T17:38:11.524+0530] GC(4) Concurrent Preclean
[2026-02-10T17:38:11.524+0530] GC(4) Concurrent Preclean 0.085ms
[2026-02-10T17:38:11.524+0530] GC(4) Pause Remark
[2026-02-10T17:38:11.529+0530] GC(4) Pause Remark 25M->25M(256M) 4.667ms
[2026-02-10T17:38:11.529+0530] GC(4) User=0.00s Sys=0.00s Real=0.01s
[2026-02-10T17:38:11.529+0530] GC(4) Concurrent Mark 28.239ms
[2026-02-10T17:38:11.529+0530] GC(4) Concurrent Rebuild Remembered Sets
[2026-02-10T17:38:11.539+0530] GC(4) Concurrent Rebuild Remembered Sets 9.675ms
[2026-02-10T17:38:11.539+0530] GC(4) Pause Cleanup
[2026-02-10T17:38:11.539+0530] GC(4) Pause Cleanup 25M->25M(256M) 0.103ms
[2026-02-10T17:38:11.539+0530] GC(4) User=0.00s Sys=0.00s Real=0.00s
[2026-02-10T17:38:11.539+0530] GC(4) Concurrent Cleanup for Next Mark
[2026-02-10T17:38:11.541+0530] GC(4) Concurrent Cleanup for Next Mark 1.757ms
[2026-02-10T17:38:11.541+0530] GC(4) Concurrent Mark Cycle 45.849ms
[2026-02-10T17:38:13.776+0530] GC(5) Pause Young (Normal) (G1 Evacuation Pause)
[2026-02-10T17:38:13.776+0530] GC(5) Using 4 workers of 4 for evacuation
[2026-02-10T17:38:13.791+0530] GC(5)   Pre Evacuate Collection Set: 0.1ms
[2026-02-10T17:38:13.791+0530] GC(5)   Merge Heap Roots: 0.1ms
[2026-02-10T17:38:13.791+0530] GC(5)   Evacuate Collection Set: 13.2ms
[2026-02-10T17:38:13.791+0530] GC(5)   Post Evacuate Collection Set: 0.8ms
[2026-02-10T17:38:13.791+0530] GC(5)   Other: 0.2ms
[2026-02-10T17:38:13.791+0530] GC(5) Eden regions: 96->0(148)
[2026-02-10T17:38:13.791+0530] GC(5) Survivor regions: 13->5(14)
[2026-02-10T17:38:13.791+0530] GC(5) Old regions: 8->20
[2026-02-10T17:38:13.791+0530] GC(5) Archive regions: 0->0
[2026-02-10T17:38:13.791+0530] GC(5) Humongous regions: 5->5
[2026-02-10T17:38:13.791+0530] GC(5) Metaspace: 33343K(33792K)->33343K(33792K) NonClass: 29671K(29888K)->29671K(29888K) Class: 3672K(3904K)->3672K(3904K)
[2026-02-10T17:38:13.792+0530] GC(5) Pause Young (Normal) (G1 Evacuation Pause) 121M->29M(256M) 15.420ms
[2026-02-10T17:38:13.792+0530] GC(5) User=0.05s Sys=0.02s Real=0.02s
[2026-02-10T17:38:14.764+0530] GC(6) Pause Young (Concurrent Start) (Metadata GC Threshold)
[2026-02-10T17:38:14.764+0530] GC(6) Using 4 workers of 4 for evacuation
[2026-02-10T17:38:14.773+0530] GC(6)   Pre Evacuate Collection Set: 0.1ms
[2026-02-10T17:38:14.773+0530] GC(6)   Merge Heap Roots: 0.1ms
[2026-02-10T17:38:14.773+0530] GC(6)   Evacuate Collection Set: 6.8ms
[2026-02-10T17:38:14.773+0530] GC(6)   Post Evacuate Collection Set: 0.5ms
[2026-02-10T17:38:14.773+0530] GC(6)   Other: 0.2ms
[2026-02-10T17:38:14.773+0530] GC(6) Eden regions: 13->0(147)
[2026-02-10T17:38:14.773+0530] GC(6) Survivor regions: 5->6(20)
[2026-02-10T17:38:14.773+0530] GC(6) Old regions: 20->20
[2026-02-10T17:38:14.773+0530] GC(6) Archive regions: 0->0
[2026-02-10T17:38:14.773+0530] GC(6) Humongous regions: 5->5
[2026-02-10T17:38:14.773+0530] GC(6) Metaspace: 35663K(36160K)->35663K(36160K) NonClass: 31723K(31936K)->31723K(31936K) Class: 3940K(4224K)->3940K(4224K)
[2026-02-10T17:38:14.773+0530] GC(6) Pause Young (Concurrent Start) (Metadata GC Threshold) 42M->30M(256M) 7.901ms
[2026-02-10T17:38:14.773+0530] GC(6) User=0.00s Sys=0.00s Real=0.01s
[2026-02-10T17:38:14.773+0530] GC(7) Concurrent Mark Cycle
[2026-02-10T17:38:14.773+0530] GC(7) Concurrent Clear Claimed Marks
[2026-02-10T17:38:14.773+0530] GC(7) Concurrent Clear Claimed Marks 0.043ms
[2026-02-10T17:38:14.773+0530] GC(7) Concurrent Scan Root Regions
[2026-02-10T17:38:14.781+0530] GC(7) Concurrent Scan Root Regions 8.017ms
[2026-02-10T17:38:14.781+0530] GC(7) Concurrent Mark
[2026-02-10T17:38:14.781+0530] GC(7) Concurrent Mark From Roots
[2026-02-10T17:38:14.781+0530] GC(7) Using 1 workers of 1 for marking
[2026-02-10T17:38:14.823+0530] GC(7) Concurrent Mark From Roots 41.926ms
[2026-02-10T17:38:14.823+0530] GC(7) Concurrent Preclean
[2026-02-10T17:38:14.823+0530] GC(7) Concurrent Preclean 0.120ms
[2026-02-10T17:38:14.823+0530] GC(7) Pause Remark
[2026-02-10T17:38:14.839+0530] GC(7) Pause Remark 31M->31M(256M) 14.965ms
[2026-02-10T17:38:14.839+0530] GC(7) User=0.05s Sys=0.00s Real=0.02s
[2026-02-10T17:38:14.839+0530] GC(7) Concurrent Mark 57.758ms
[2026-02-10T17:38:14.839+0530] GC(7) Concurrent Rebuild Remembered Sets
[2026-02-10T17:38:14.859+0530] GC(7) Concurrent Rebuild Remembered Sets 19.546ms
[2026-02-10T17:38:14.859+0530] GC(7) Pause Cleanup
[2026-02-10T17:38:14.859+0530] GC(7) Pause Cleanup 32M->32M(256M) 0.161ms
[2026-02-10T17:38:14.859+0530] GC(7) User=0.00s Sys=0.00s Real=0.00s
[2026-02-10T17:38:14.861+0530] GC(7) Concurrent Cleanup for Next Mark
[2026-02-10T17:38:14.863+0530] GC(7) Concurrent Cleanup for Next Mark 2.127ms
[2026-02-10T17:38:14.863+0530] GC(7) Concurrent Mark Cycle 89.964ms
[2026-02-10T17:38:17.135+0530] Heap
[2026-02-10T17:38:17.135+0530]  garbage-first heap   total 262144K, used 165708K [0x00000000f0000000, 0x0000000100000000)
[2026-02-10T17:38:17.135+0530]   region size 1024K, 138 young (141312K), 6 survivors (6144K)
[2026-02-10T17:38:17.135+0530]  Metaspace       used 36669K, committed 37184K, reserved 1114112K
[2026-02-10T17:38:17.135+0530]   class space    used 4000K, committed 4224K, reserved 1048576K
