[2026-02-10T21:58:46.574+0530] Using G1
[2026-02-10T21:58:46.585+0530] Version: 17.0.12+8-LTS-286 (release)
[2026-02-10T21:58:46.585+0530] CPUs: 8 total, 4 available
[2026-02-10T21:58:46.585+0530] Memory: 7914M
[2026-02-10T21:58:46.585+0530] Large Page Support: Disabled
[2026-02-10T21:58:46.585+0530] NUMA Support: Disabled
[2026-02-10T21:58:46.585+0530] Compressed Oops: Enabled (32-bit)
[2026-02-10T21:58:46.585+0530] Heap Region Size: 1M
[2026-02-10T21:58:46.585+0530] Heap Min Capacity: 512M
[2026-02-10T21:58:46.585+0530] Heap Initial Capacity: 512M
[2026-02-10T21:58:46.585+0530] Heap Max Capacity: 512M
[2026-02-10T21:58:46.585+0530] Pre-touch: Disabled
[2026-02-10T21:58:46.585+0530] Parallel Workers: 4
[2026-02-10T21:58:46.585+0530] Concurrent Workers: 1
[2026-02-10T21:58:46.585+0530] Concurrent Refinement Workers: 4
[2026-02-10T21:58:46.585+0530] Periodic GC: Disabled
[2026-02-10T21:58:46.604+0530] CDS archive(s) mapped at: [0x0000017d80000000-0x0000017d80bd0000-0x0000017d80bd0000), size 12386304, SharedBaseAddress: 0x0000017d80000000, ArchiveRelocationMode: 1.
[2026-02-10T21:58:46.604+0530] Compressed class space mapped at: 0x0000017d81000000-0x0000017dc1000000, reserved size: 1073741824
[2026-02-10T21:58:46.604+0530] Narrow klass base: 0x0000017d80000000, Narrow klass shift: 0, Narrow klass range: 0x100000000
[2026-02-10T21:58:48.109+0530] GC(0) Pause Young (Normal) (G1 Evacuation Pause)
[2026-02-10T21:58:48.109+0530] GC(0) Using 4 workers of 4 for evacuation
[2026-02-10T21:58:48.131+0530] GC(0)   Pre Evacuate Collection Set: 0.1ms
[2026-02-10T21:58:48.131+0530] GC(0)   Merge Heap Roots: 0.1ms
[2026-02-10T21:58:48.131+0530] GC(0)   Evacuate Collection Set: 20.1ms
[2026-02-10T21:58:48.131+0530] GC(0)   Post Evacuate Collection Set: 0.9ms
[2026-02-10T21:58:48.131+0530] GC(0)   Other: 0.7ms
[2026-02-10T21:58:48.131+0530] GC(0) Eden regions: 25->0(21)
[2026-02-10T21:58:48.131+0530] GC(0) Survivor regions: 0->4(4)
[2026-02-10T21:58:48.131+0530] GC(0) Old regions: 0->4
[2026-02-10T21:58:48.131+0530] GC(0) Archive regions: 0->0
[2026-02-10T21:58:48.131+0530] GC(0) Humongous regions: 5->5
[2026-02-10T21:58:48.131+0530] GC(0) Metaspace: 5454K(5632K)->5454K(5632K) NonClass: 4884K(4992K)->4884K(4992K) Class: 570K(640K)->570K(640K)
[2026-02-10T21:58:48.131+0530] GC(0) Pause Young (Normal) (G1 Evacuation Pause) 30M->12M(512M) 22.333ms
[2026-02-10T21:58:48.131+0530] GC(0) User=0.06s Sys=0.03s Real=0.02s
[2026-02-10T21:58:49.015+0530] GC(1) Pause Young (Normal) (G1 Evacuation Pause)
[2026-02-10T21:58:49.015+0530] GC(1) Using 4 workers of 4 for evacuation
[2026-02-10T21:58:49.024+0530] GC(1)   Pre Evacuate Collection Set: 0.1ms
[2026-02-10T21:58:49.024+0530] GC(1)   Merge Heap Roots: 0.1ms
[2026-02-10T21:58:49.024+0530] GC(1)   Evacuate Collection Set: 7.7ms
[2026-02-10T21:58:49.024+0530] GC(1)   Post Evacuate Collection Set: 0.5ms
[2026-02-10T21:58:49.024+0530] GC(1)   Other: 0.1ms
[2026-02-10T21:58:49.024+0530] GC(1) Eden regions: 21->0(26)
[2026-02-10T21:58:49.024+0530] GC(1) Survivor regions: 4->2(4)
[2026-02-10T21:58:49.024+0530] GC(1) Old regions: 4->8
[2026-02-10T21:58:49.024+0530] GC(1) Archive regions: 0->0
[2026-02-10T21:58:49.024+0530] GC(1) Humongous regions: 5->5
[2026-02-10T21:58:49.024+0530] GC(1) Metaspace: 11724K(11968K)->11724K(11968K) NonClass: 10393K(10496K)->10393K(10496K) Class: 1331K(1472K)->1331K(1472K)
[2026-02-10T21:58:49.024+0530] GC(1) Pause Young (Normal) (G1 Evacuation Pause) 33M->14M(512M) 8.773ms
[2026-02-10T21:58:49.024+0530] GC(1) User=0.03s Sys=0.03s Real=0.01s
[2026-02-10T21:58:49.675+0530] GC(2) Pause Young (Normal) (G1 Evacuation Pause)
[2026-02-10T21:58:49.675+0530] GC(2) Using 4 workers of 4 for evacuation
[2026-02-10T21:58:49.689+0530] GC(2)   Pre Evacuate Collection Set: 0.1ms
[2026-02-10T21:58:49.689+0530] GC(2)   Merge Heap Roots: 0.1ms
[2026-02-10T21:58:49.689+0530] GC(2)   Evacuate Collection Set: 13.2ms
[2026-02-10T21:58:49.689+0530] GC(2)   Post Evacuate Collection Set: 0.4ms
[2026-02-10T21:58:49.689+0530] GC(2)   Other: 0.2ms
[2026-02-10T21:58:49.689+0530] GC(2) Eden regions: 26->0(68)
[2026-02-10T21:58:49.690+0530] GC(2) Survivor regions: 2->4(4)
[2026-02-10T21:58:49.690+0530] GC(2) Old regions: 8->15
[2026-02-10T21:58:49.690+0530] GC(2) Archive regions: 0->0
[2026-02-10T21:58:49.690+0530] GC(2) Humongous regions: 5->5
[2026-02-10T21:58:49.690+0530] GC(2) Metaspace: 14883K(15168K)->14883K(15168K) NonClass: 13210K(13376K)->13210K(13376K) Class: 1673K(1792K)->1673K(1792K)
[2026-02-10T21:58:49.690+0530] GC(2) Pause Young (Normal) (G1 Evacuation Pause) 40M->23M(512M) 14.366ms
[2026-02-10T21:58:49.690+0530] GC(2) User=0.00s Sys=0.00s Real=0.02s
[2026-02-10T21:58:50.561+0530] GC(3) Pause Young (Concurrent Start) (Metadata GC Threshold)
[2026-02-10T21:58:50.561+0530] GC(3) Using 4 workers of 4 for evacuation
[2026-02-10T21:58:50.570+0530] GC(3)   Pre Evacuate Collection Set: 0.1ms
[2026-02-10T21:58:50.570+0530] GC(3)   Merge Heap Roots: 0.1ms
[2026-02-10T21:58:50.570+0530] GC(3)   Evacuate Collection Set: 7.3ms
[2026-02-10T21:58:50.570+0530] GC(3)   Post Evacuate Collection Set: 0.4ms
[2026-02-10T21:58:50.570+0530] GC(3)   Other: 0.2ms
[2026-02-10T21:58:50.570+0530] GC(3) Eden regions: 36->0(105)
[2026-02-10T21:58:50.570+0530] GC(3) Survivor regions: 4->7(9)
[2026-02-10T21:58:50.570+0530] GC(3) Old regions: 15->15
[2026-02-10T21:58:50.570+0530] GC(3) Archive regions: 0->0
[2026-02-10T21:58:50.570+0530] GC(3) Humongous regions: 5->5
[2026-02-10T21:58:50.570+0530] GC(3) Metaspace: 21275K(21504K)->21275K(21504K) NonClass: 19096K(19200K)->19096K(19200K) Class: 2179K(2304K)->2179K(2304K)
[2026-02-10T21:58:50.570+0530] GC(3) Pause Young (Concurrent Start) (Metadata GC Threshold) 59M->26M(512M) 8.296ms
[2026-02-10T21:58:50.570+0530] GC(3) User=0.05s Sys=0.02s Real=0.01s
[2026-02-10T21:58:50.570+0530] GC(4) Concurrent Mark Cycle
[2026-02-10T21:58:50.570+0530] GC(4) Concurrent Clear Claimed Marks
[2026-02-10T21:58:50.570+0530] GC(4) Concurrent Clear Claimed Marks 0.053ms
[2026-02-10T21:58:50.570+0530] GC(4) Concurrent Scan Root Regions
[2026-02-10T21:58:50.574+0530] GC(4) Concurrent Scan Root Regions 3.664ms
[2026-02-10T21:58:50.574+0530] GC(4) Concurrent Mark
[2026-02-10T21:58:50.574+0530] GC(4) Concurrent Mark From Roots
[2026-02-10T21:58:50.574+0530] GC(4) Using 1 workers of 1 for marking
[2026-02-10T21:58:50.600+0530] GC(4) Concurrent Mark From Roots 26.142ms
[2026-02-10T21:58:50.600+0530] GC(4) Concurrent Preclean
[2026-02-10T21:58:50.600+0530] GC(4) Concurrent Preclean 0.083ms
[2026-02-10T21:58:50.600+0530] GC(4) Pause Remark
[2026-02-10T21:58:50.604+0530] GC(4) Pause Remark 26M->26M(512M) 4.127ms
[2026-02-10T21:58:50.604+0530] GC(4) User=0.00s Sys=0.00s Real=0.00s
[2026-02-10T21:58:50.605+0530] GC(4) Concurrent Mark 30.805ms
[2026-02-10T21:58:50.605+0530] GC(4) Concurrent Rebuild Remembered Sets
[2026-02-10T21:58:50.618+0530] GC(4) Concurrent Rebuild Remembered Sets 13.550ms
[2026-02-10T21:58:50.618+0530] GC(4) Pause Cleanup
[2026-02-10T21:58:50.618+0530] GC(4) Pause Cleanup 27M->27M(512M) 0.106ms
[2026-02-10T21:58:50.618+0530] GC(4) User=0.00s Sys=0.00s Real=0.00s
[2026-02-10T21:58:50.618+0530] GC(4) Concurrent Cleanup for Next Mark
[2026-02-10T21:58:50.621+0530] GC(4) Concurrent Cleanup for Next Mark 3.237ms
[2026-02-10T21:58:50.621+0530] GC(4) Concurrent Mark Cycle 52.157ms
[2026-02-10T21:58:54.197+0530] GC(5) Pause Young (Normal) (GCLocker Initiated GC)
[2026-02-10T21:58:54.197+0530] GC(5) Using 4 workers of 4 for evacuation
[2026-02-10T21:58:54.212+0530] GC(5)   Pre Evacuate Collection Set: 0.1ms
[2026-02-10T21:58:54.212+0530] GC(5)   Merge Heap Roots: 0.1ms
[2026-02-10T21:58:54.212+0530] GC(5)   Evacuate Collection Set: 13.8ms
[2026-02-10T21:58:54.212+0530] GC(5)   Post Evacuate Collection Set: 0.8ms
[2026-02-10T21:58:54.212+0530] GC(5)   Other: 0.2ms
[2026-02-10T21:58:54.212+0530] GC(5) Eden regions: 105->0(231)
[2026-02-10T21:58:54.212+0530] GC(5) Survivor regions: 7->11(14)
[2026-02-10T21:58:54.212+0530] GC(5) Old regions: 15->15
[2026-02-10T21:58:54.212+0530] GC(5) Archive regions: 0->0
[2026-02-10T21:58:54.212+0530] GC(5) Humongous regions: 5->5
[2026-02-10T21:58:54.212+0530] GC(5) Metaspace: 35174K(35648K)->35174K(35648K) NonClass: 31278K(31488K)->31278K(31488K) Class: 3896K(4160K)->3896K(4160K)
[2026-02-10T21:58:54.212+0530] GC(5) Pause Young (Normal) (GCLocker Initiated GC) 131M->30M(512M) 15.459ms
[2026-02-10T21:58:54.212+0530] GC(5) User=0.05s Sys=0.02s Real=0.01s
[2026-02-10T21:58:54.363+0530] GC(6) Pause Young (Concurrent Start) (Metadata GC Threshold)
[2026-02-10T21:58:54.363+0530] GC(6) Using 4 workers of 4 for evacuation
[2026-02-10T21:58:54.376+0530] GC(6)   Pre Evacuate Collection Set: 0.1ms
[2026-02-10T21:58:54.376+0530] GC(6)   Merge Heap Roots: 0.1ms
[2026-02-10T21:58:54.376+0530] GC(6)   Evacuate Collection Set: 11.4ms
[2026-02-10T21:58:54.376+0530] GC(6)   Post Evacuate Collection Set: 0.7ms
[2026-02-10T21:58:54.376+0530] GC(6)   Other: 0.3ms
[2026-02-10T21:58:54.376+0530] GC(6) Eden regions: 4->0(233)
[2026-02-10T21:58:54.376+0530] GC(6) Survivor regions: 11->11(31)
[2026-02-10T21:58:54.376+0530] GC(6) Old regions: 15->15
[2026-02-10T21:58:54.376+0530] GC(6) Archive regions: 0->0
[2026-02-10T21:58:54.376+0530] GC(6) Humongous regions: 5->5
[2026-02-10T21:58:54.376+0530] GC(6) Metaspace: 35614K(36096K)->35614K(36096K) NonClass: 31679K(31872K)->31679K(31872K) Class: 3934K(4224K)->3934K(4224K)
[2026-02-10T21:58:54.376+0530] GC(6) Pause Young (Concurrent Start) (Metadata GC Threshold) 34M->30M(512M) 12.882ms
[2026-02-10T21:58:54.376+0530] GC(6) User=0.00s Sys=0.00s Real=0.01s
[2026-02-10T21:58:54.376+0530] GC(7) Concurrent Mark Cycle
[2026-02-10T21:58:54.376+0530] GC(7) Concurrent Clear Claimed Marks
[2026-02-10T21:58:54.376+0530] GC(7) Concurrent Clear Claimed Marks 0.053ms
[2026-02-10T21:58:54.376+0530] GC(7) Concurrent Scan Root Regions
[2026-02-10T21:58:54.387+0530] GC(7) Concurrent Scan Root Regions 11.324ms
[2026-02-10T21:58:54.387+0530] GC(7) Concurrent Mark
[2026-02-10T21:58:54.387+0530] GC(7) Concurrent Mark From Roots
[2026-02-10T21:58:54.387+0530] GC(7) Using 1 workers of 1 for marking
[2026-02-10T21:58:54.419+0530] GC(7) Concurrent Mark From Roots 31.182ms
[2026-02-10T21:58:54.419+0530] GC(7) Concurrent Preclean
[2026-02-10T21:58:54.419+0530] GC(7) Concurrent Preclean 0.088ms
[2026-02-10T21:58:54.419+0530] GC(7) Pause Remark
[2026-02-10T21:58:54.426+0530] GC(7) Pause Remark 32M->32M(512M) 6.639ms
[2026-02-10T21:58:54.426+0530] GC(7) User=0.05s Sys=0.02s Real=0.01s
[2026-02-10T21:58:54.426+0530] GC(7) Concurrent Mark 38.309ms
[2026-02-10T21:58:54.426+0530] GC(7) Concurrent Rebuild Remembered Sets
[2026-02-10T21:58:54.439+0530] GC(7) Concurrent Rebuild Remembered Sets 13.493ms
[2026-02-10T21:58:54.439+0530] GC(7) Pause Cleanup
[2026-02-10T21:58:54.440+0530] GC(7) Pause Cleanup 32M->32M(512M) 0.181ms
[2026-02-10T21:58:54.440+0530] GC(7) User=0.00s Sys=0.00s Real=0.00s
[2026-02-10T21:58:54.440+0530] GC(7) Concurrent Cleanup for Next Mark
[2026-02-10T21:58:54.444+0530] GC(7) Concurrent Cleanup for Next Mark 4.434ms
[2026-02-10T21:58:54.444+0530] GC(7) Concurrent Mark Cycle 68.382ms
[2026-02-10T21:58:56.790+0530] Heap
[2026-02-10T21:58:56.790+0530]  garbage-first heap   total 524288K, used 167163K [0x00000000e0000000, 0x0000000100000000)
[2026-02-10T21:58:56.790+0530]   region size 1024K, 144 young (147456K), 11 survivors (11264K)
[2026-02-10T21:58:56.790+0530]  Metaspace       used 36913K, committed 37504K, reserved 1114112K
[2026-02-10T21:58:56.790+0530]   class space    used 4000K, committed 4288K, reserved 1048576K
