[2026-02-10T17:18:22.215+0530] Using G1
[2026-02-10T17:18:22.218+0530] Version: 17.0.12+8-LTS-286 (release)
[2026-02-10T17:18:22.218+0530] CPUs: 8 total, 4 available
[2026-02-10T17:18:22.218+0530] Memory: 7914M
[2026-02-10T17:18:22.218+0530] Large Page Support: Disabled
[2026-02-10T17:18:22.218+0530] NUMA Support: Disabled
[2026-02-10T17:18:22.218+0530] Compressed Oops: Enabled (32-bit)
[2026-02-10T17:18:22.218+0530] Heap Region Size: 1M
[2026-02-10T17:18:22.218+0530] Heap Min Capacity: 128M
[2026-02-10T17:18:22.218+0530] Heap Initial Capacity: 128M
[2026-02-10T17:18:22.218+0530] Heap Max Capacity: 128M
[2026-02-10T17:18:22.218+0530] Pre-touch: Disabled
[2026-02-10T17:18:22.218+0530] Parallel Workers: 4
[2026-02-10T17:18:22.218+0530] Concurrent Workers: 1
[2026-02-10T17:18:22.218+0530] Concurrent Refinement Workers: 4
[2026-02-10T17:18:22.218+0530] Periodic GC: Disabled
[2026-02-10T17:18:22.231+0530] CDS archive(s) mapped at: [0x0000021ea7000000-0x0000021ea7bd0000-0x0000021ea7bd0000), size 12386304, SharedBaseAddress: 0x0000021ea7000000, ArchiveRelocationMode: 1.
[2026-02-10T17:18:22.232+0530] Compressed class space mapped at: 0x0000021ea8000000-0x0000021ee8000000, reserved size: 1073741824
[2026-02-10T17:18:22.232+0530] Narrow klass base: 0x0000021ea7000000, Narrow klass shift: 0, Narrow klass range: 0x100000000
[2026-02-10T17:18:22.850+0530] GC(0) Pause Young (Normal) (G1 Evacuation Pause)
[2026-02-10T17:18:22.850+0530] GC(0) Using 3 workers of 4 for evacuation
[2026-02-10T17:18:22.857+0530] GC(0)   Pre Evacuate Collection Set: 0.0ms
[2026-02-10T17:18:22.857+0530] GC(0)   Merge Heap Roots: 0.1ms
[2026-02-10T17:18:22.857+0530] GC(0)   Evacuate Collection Set: 6.4ms
[2026-02-10T17:18:22.857+0530] GC(0)   Post Evacuate Collection Set: 0.6ms
[2026-02-10T17:18:22.857+0530] GC(0)   Other: 0.4ms
[2026-02-10T17:18:22.857+0530] GC(0) Eden regions: 13->0(13)
[2026-02-10T17:18:22.858+0530] GC(0) Survivor regions: 0->2(2)
[2026-02-10T17:18:22.858+0530] GC(0) Old regions: 0->3
[2026-02-10T17:18:22.858+0530] GC(0) Archive regions: 0->0
[2026-02-10T17:18:22.858+0530] GC(0) Humongous regions: 5->5
[2026-02-10T17:18:22.858+0530] GC(0) Metaspace: 4446K(4672K)->4446K(4672K) NonClass: 3966K(4096K)->3966K(4096K) Class: 480K(576K)->480K(576K)
[2026-02-10T17:18:22.858+0530] GC(0) Pause Young (Normal) (G1 Evacuation Pause) 18M->9M(128M) 7.627ms
[2026-02-10T17:18:22.858+0530] GC(0) User=0.00s Sys=0.00s Real=0.01s
[2026-02-10T17:18:23.057+0530] GC(1) Pause Young (Normal) (G1 Evacuation Pause)
[2026-02-10T17:18:23.057+0530] GC(1) Using 3 workers of 4 for evacuation
[2026-02-10T17:18:23.066+0530] GC(1)   Pre Evacuate Collection Set: 0.1ms
[2026-02-10T17:18:23.066+0530] GC(1)   Merge Heap Roots: 0.1ms
[2026-02-10T17:18:23.066+0530] GC(1)   Evacuate Collection Set: 8.0ms
[2026-02-10T17:18:23.066+0530] GC(1)   Post Evacuate Collection Set: 0.3ms
[2026-02-10T17:18:23.066+0530] GC(1)   Other: 0.1ms
[2026-02-10T17:18:23.066+0530] GC(1) Eden regions: 13->0(17)
[2026-02-10T17:18:23.066+0530] GC(1) Survivor regions: 2->2(2)
[2026-02-10T17:18:23.066+0530] GC(1) Old regions: 3->6
[2026-02-10T17:18:23.066+0530] GC(1) Archive regions: 0->0
[2026-02-10T17:18:23.066+0530] GC(1) Humongous regions: 5->5
[2026-02-10T17:18:23.066+0530] GC(1) Metaspace: 6006K(6144K)->6006K(6144K) NonClass: 5348K(5440K)->5348K(5440K) Class: 657K(704K)->657K(704K)
[2026-02-10T17:18:23.066+0530] GC(1) Pause Young (Normal) (G1 Evacuation Pause) 22M->12M(128M) 8.693ms
[2026-02-10T17:18:23.066+0530] GC(1) User=0.05s Sys=0.02s Real=0.01s
[2026-02-10T17:18:23.537+0530] GC(2) Pause Young (Normal) (G1 Evacuation Pause)
[2026-02-10T17:18:23.537+0530] GC(2) Using 3 workers of 4 for evacuation
[2026-02-10T17:18:23.542+0530] GC(2)   Pre Evacuate Collection Set: 0.1ms
[2026-02-10T17:18:23.542+0530] GC(2)   Merge Heap Roots: 0.0ms
[2026-02-10T17:18:23.542+0530] GC(2)   Evacuate Collection Set: 4.6ms
[2026-02-10T17:18:23.542+0530] GC(2)   Post Evacuate Collection Set: 0.3ms
[2026-02-10T17:18:23.542+0530] GC(2)   Other: 0.2ms
[2026-02-10T17:18:23.542+0530] GC(2) Eden regions: 17->0(70)
[2026-02-10T17:18:23.542+0530] GC(2) Survivor regions: 2->2(3)
[2026-02-10T17:18:23.542+0530] GC(2) Old regions: 6->8
[2026-02-10T17:18:23.542+0530] GC(2) Archive regions: 0->0
[2026-02-10T17:18:23.542+0530] GC(2) Humongous regions: 5->5
[2026-02-10T17:18:23.542+0530] GC(2) Metaspace: 11074K(11264K)->11074K(11264K) NonClass: 9824K(9920K)->9824K(9920K) Class: 1249K(1344K)->1249K(1344K)
[2026-02-10T17:18:23.542+0530] GC(2) Pause Young (Normal) (G1 Evacuation Pause) 29M->14M(128M) 5.338ms
[2026-02-10T17:18:23.542+0530] GC(2) User=0.00s Sys=0.00s Real=0.01s
[2026-02-10T17:18:24.756+0530] GC(3) Pause Young (Concurrent Start) (Metadata GC Threshold)
[2026-02-10T17:18:24.756+0530] GC(3) Using 3 workers of 4 for evacuation
[2026-02-10T17:18:24.767+0530] GC(3)   Pre Evacuate Collection Set: 0.1ms
[2026-02-10T17:18:24.767+0530] GC(3)   Merge Heap Roots: 0.1ms
[2026-02-10T17:18:24.767+0530] GC(3)   Evacuate Collection Set: 9.7ms
[2026-02-10T17:18:24.767+0530] GC(3)   Post Evacuate Collection Set: 0.5ms
[2026-02-10T17:18:24.767+0530] GC(3)   Other: 0.3ms
[2026-02-10T17:18:24.767+0530] GC(3) Eden regions: 64->0(55)
[2026-02-10T17:18:24.767+0530] GC(3) Survivor regions: 2->9(9)
[2026-02-10T17:18:24.767+0530] GC(3) Old regions: 8->12
[2026-02-10T17:18:24.767+0530] GC(3) Archive regions: 0->0
[2026-02-10T17:18:24.767+0530] GC(3) Humongous regions: 5->5
[2026-02-10T17:18:24.767+0530] GC(3) Metaspace: 21183K(21504K)->21183K(21504K) NonClass: 19018K(19200K)->19018K(19200K) Class: 2164K(2304K)->2164K(2304K)
[2026-02-10T17:18:24.767+0530] GC(3) Pause Young (Concurrent Start) (Metadata GC Threshold) 78M->26M(128M) 10.843ms
[2026-02-10T17:18:24.767+0530] GC(3) User=0.05s Sys=0.02s Real=0.01s
[2026-02-10T17:18:24.767+0530] GC(4) Concurrent Mark Cycle
[2026-02-10T17:18:24.767+0530] GC(4) Concurrent Clear Claimed Marks
[2026-02-10T17:18:24.767+0530] GC(4) Concurrent Clear Claimed Marks 0.032ms
[2026-02-10T17:18:24.767+0530] GC(4) Concurrent Scan Root Regions
[2026-02-10T17:18:24.772+0530] GC(4) Concurrent Scan Root Regions 4.610ms
[2026-02-10T17:18:24.772+0530] GC(4) Concurrent Mark
[2026-02-10T17:18:24.772+0530] GC(4) Concurrent Mark From Roots
[2026-02-10T17:18:24.772+0530] GC(4) Using 1 workers of 1 for marking
[2026-02-10T17:18:24.793+0530] GC(4) Concurrent Mark From Roots 21.163ms
[2026-02-10T17:18:24.793+0530] GC(4) Concurrent Preclean
[2026-02-10T17:18:24.793+0530] GC(4) Concurrent Preclean 0.061ms
[2026-02-10T17:18:24.793+0530] GC(4) Pause Remark
[2026-02-10T17:18:24.796+0530] GC(4) Pause Remark 26M->26M(128M) 2.411ms
[2026-02-10T17:18:24.796+0530] GC(4) User=0.05s Sys=0.02s Real=0.00s
[2026-02-10T17:18:24.796+0530] GC(4) Concurrent Mark 23.915ms
[2026-02-10T17:18:24.796+0530] GC(4) Concurrent Rebuild Remembered Sets
[2026-02-10T17:18:24.806+0530] GC(4) Concurrent Rebuild Remembered Sets 10.154ms
[2026-02-10T17:18:24.807+0530] GC(4) Pause Cleanup
[2026-02-10T17:18:24.807+0530] GC(4) Pause Cleanup 26M->26M(128M) 0.090ms
[2026-02-10T17:18:24.807+0530] GC(4) User=0.00s Sys=0.00s Real=0.00s
[2026-02-10T17:18:24.807+0530] GC(4) Concurrent Cleanup for Next Mark
[2026-02-10T17:18:24.807+0530] GC(4) Concurrent Cleanup for Next Mark 1.060ms
[2026-02-10T17:18:24.807+0530] GC(4) Concurrent Mark Cycle 40.374ms
[2026-02-10T17:18:26.154+0530] GC(5) Pause Young (Normal) (G1 Evacuation Pause)
[2026-02-10T17:18:26.154+0530] GC(5) Using 3 workers of 4 for evacuation
[2026-02-10T17:18:26.170+0530] GC(5)   Pre Evacuate Collection Set: 0.1ms
[2026-02-10T17:18:26.170+0530] GC(5)   Merge Heap Roots: 0.1ms
[2026-02-10T17:18:26.170+0530] GC(5)   Evacuate Collection Set: 15.1ms
[2026-02-10T17:18:26.170+0530] GC(5)   Post Evacuate Collection Set: 0.4ms
[2026-02-10T17:18:26.170+0530] GC(5)   Other: 0.2ms
[2026-02-10T17:18:26.170+0530] GC(5) Eden regions: 55->0(54)
[2026-02-10T17:18:26.170+0530] GC(5) Survivor regions: 9->4(8)
[2026-02-10T17:18:26.170+0530] GC(5) Old regions: 12->21
[2026-02-10T17:18:26.170+0530] GC(5) Archive regions: 0->0
[2026-02-10T17:18:26.171+0530] GC(5) Humongous regions: 5->5
[2026-02-10T17:18:26.171+0530] GC(5) Metaspace: 27462K(27904K)->27462K(27904K) NonClass: 24501K(24704K)->24501K(24704K) Class: 2960K(3200K)->2960K(3200K)
[2026-02-10T17:18:26.171+0530] GC(5) Pause Young (Normal) (G1 Evacuation Pause) 81M->28M(128M) 16.939ms
[2026-02-10T17:18:26.171+0530] GC(5) User=0.06s Sys=0.00s Real=0.02s
[2026-02-10T17:18:26.891+0530] Heap
[2026-02-10T17:18:26.891+0530]  garbage-first heap   total 131072K, used 71547K [0x00000000f8000000, 0x0000000100000000)
[2026-02-10T17:18:26.891+0530]   region size 1024K, 46 young (47104K), 4 survivors (4096K)
[2026-02-10T17:18:26.891+0530]  Metaspace       used 33204K, committed 33792K, reserved 1114112K
[2026-02-10T17:18:26.891+0530]   class space    used 3675K, committed 3968K, reserved 1048576K
