[2026-02-10T17:19:30.288+0530] Using G1
[2026-02-10T17:19:30.293+0530] Version: 17.0.12+8-LTS-286 (release)
[2026-02-10T17:19:30.293+0530] CPUs: 8 total, 4 available
[2026-02-10T17:19:30.293+0530] Memory: 7914M
[2026-02-10T17:19:30.293+0530] Large Page Support: Disabled
[2026-02-10T17:19:30.293+0530] NUMA Support: Disabled
[2026-02-10T17:19:30.293+0530] Compressed Oops: Enabled (32-bit)
[2026-02-10T17:19:30.293+0530] Heap Region Size: 1M
[2026-02-10T17:19:30.293+0530] Heap Min Capacity: 256M
[2026-02-10T17:19:30.293+0530] Heap Initial Capacity: 256M
[2026-02-10T17:19:30.293+0530] Heap Max Capacity: 256M
[2026-02-10T17:19:30.294+0530] Pre-touch: Disabled
[2026-02-10T17:19:30.294+0530] Parallel Workers: 4
[2026-02-10T17:19:30.295+0530] Concurrent Workers: 1
[2026-02-10T17:19:30.295+0530] Concurrent Refinement Workers: 4
[2026-02-10T17:19:30.295+0530] Periodic GC: Disabled
[2026-02-10T17:19:30.311+0530] CDS archive(s) mapped at: [0x0000024a42000000-0x0000024a42bd0000-0x0000024a42bd0000), size 12386304, SharedBaseAddress: 0x0000024a42000000, ArchiveRelocationMode: 1.
[2026-02-10T17:19:30.311+0530] Compressed class space mapped at: 0x0000024a43000000-0x0000024a83000000, reserved size: 1073741824
[2026-02-10T17:19:30.311+0530] Narrow klass base: 0x0000024a42000000, Narrow klass shift: 0, Narrow klass range: 0x100000000
[2026-02-10T17:19:30.944+0530] GC(0) Pause Young (Normal) (G1 Evacuation Pause)
[2026-02-10T17:19:30.944+0530] GC(0) Using 4 workers of 4 for evacuation
[2026-02-10T17:19:30.950+0530] GC(0)   Pre Evacuate Collection Set: 0.1ms
[2026-02-10T17:19:30.950+0530] GC(0)   Merge Heap Roots: 0.1ms
[2026-02-10T17:19:30.950+0530] GC(0)   Evacuate Collection Set: 5.6ms
[2026-02-10T17:19:30.950+0530] GC(0)   Post Evacuate Collection Set: 0.5ms
[2026-02-10T17:19:30.950+0530] GC(0)   Other: 0.4ms
[2026-02-10T17:19:30.950+0530] GC(0) Eden regions: 13->0(13)
[2026-02-10T17:19:30.950+0530] GC(0) Survivor regions: 0->2(2)
[2026-02-10T17:19:30.950+0530] GC(0) Old regions: 0->3
[2026-02-10T17:19:30.950+0530] GC(0) Archive regions: 0->0
[2026-02-10T17:19:30.950+0530] GC(0) Humongous regions: 5->5
[2026-02-10T17:19:30.950+0530] GC(0) Metaspace: 4440K(4672K)->4440K(4672K) NonClass: 3960K(4096K)->3960K(4096K) Class: 480K(576K)->480K(576K)
[2026-02-10T17:19:30.950+0530] GC(0) Pause Young (Normal) (G1 Evacuation Pause) 18M->9M(256M) 6.897ms
[2026-02-10T17:19:30.950+0530] GC(0) User=0.00s Sys=0.00s Real=0.01s
[2026-02-10T17:19:31.159+0530] GC(1) Pause Young (Normal) (G1 Evacuation Pause)
[2026-02-10T17:19:31.159+0530] GC(1) Using 4 workers of 4 for evacuation
[2026-02-10T17:19:31.168+0530] GC(1)   Pre Evacuate Collection Set: 0.1ms
[2026-02-10T17:19:31.168+0530] GC(1)   Merge Heap Roots: 0.1ms
[2026-02-10T17:19:31.168+0530] GC(1)   Evacuate Collection Set: 8.3ms
[2026-02-10T17:19:31.168+0530] GC(1)   Post Evacuate Collection Set: 0.3ms
[2026-02-10T17:19:31.168+0530] GC(1)   Other: 0.2ms
[2026-02-10T17:19:31.168+0530] GC(1) Eden regions: 13->0(19)
[2026-02-10T17:19:31.168+0530] GC(1) Survivor regions: 2->2(2)
[2026-02-10T17:19:31.168+0530] GC(1) Old regions: 3->6
[2026-02-10T17:19:31.168+0530] GC(1) Archive regions: 0->0
[2026-02-10T17:19:31.168+0530] GC(1) Humongous regions: 5->5
[2026-02-10T17:19:31.168+0530] GC(1) Metaspace: 5995K(6144K)->5995K(6144K) NonClass: 5337K(5440K)->5337K(5440K) Class: 657K(704K)->657K(704K)
[2026-02-10T17:19:31.168+0530] GC(1) Pause Young (Normal) (G1 Evacuation Pause) 22M->12M(256M) 9.147ms
[2026-02-10T17:19:31.168+0530] GC(1) User=0.00s Sys=0.00s Real=0.01s
[2026-02-10T17:19:31.609+0530] GC(2) Pause Young (Normal) (G1 Evacuation Pause)
[2026-02-10T17:19:31.609+0530] GC(2) Using 4 workers of 4 for evacuation
[2026-02-10T17:19:31.613+0530] GC(2)   Pre Evacuate Collection Set: 0.1ms
[2026-02-10T17:19:31.613+0530] GC(2)   Merge Heap Roots: 0.1ms
[2026-02-10T17:19:31.613+0530] GC(2)   Evacuate Collection Set: 3.3ms
[2026-02-10T17:19:31.613+0530] GC(2)   Post Evacuate Collection Set: 0.3ms
[2026-02-10T17:19:31.613+0530] GC(2)   Other: 0.1ms
[2026-02-10T17:19:31.613+0530] GC(2) Eden regions: 19->0(94)
[2026-02-10T17:19:31.613+0530] GC(2) Survivor regions: 2->2(3)
[2026-02-10T17:19:31.613+0530] GC(2) Old regions: 6->8
[2026-02-10T17:19:31.613+0530] GC(2) Archive regions: 0->0
[2026-02-10T17:19:31.613+0530] GC(2) Humongous regions: 5->5
[2026-02-10T17:19:31.613+0530] GC(2) Metaspace: 11656K(11904K)->11656K(11904K) NonClass: 10336K(10496K)->10336K(10496K) Class: 1319K(1408K)->1319K(1408K)
[2026-02-10T17:19:31.613+0530] GC(2) Pause Young (Normal) (G1 Evacuation Pause) 31M->14M(256M) 4.067ms
[2026-02-10T17:19:31.613+0530] GC(2) User=0.00s Sys=0.00s Real=0.00s
[2026-02-10T17:19:32.698+0530] GC(3) Pause Young (Concurrent Start) (Metadata GC Threshold)
[2026-02-10T17:19:32.698+0530] GC(3) Using 4 workers of 4 for evacuation
[2026-02-10T17:19:32.706+0530] GC(3)   Pre Evacuate Collection Set: 0.1ms
[2026-02-10T17:19:32.706+0530] GC(3)   Merge Heap Roots: 0.1ms
[2026-02-10T17:19:32.706+0530] GC(3)   Evacuate Collection Set: 7.3ms
[2026-02-10T17:19:32.706+0530] GC(3)   Post Evacuate Collection Set: 0.5ms
[2026-02-10T17:19:32.706+0530] GC(3)   Other: 0.2ms
[2026-02-10T17:19:32.706+0530] GC(3) Eden regions: 63->0(75)
[2026-02-10T17:19:32.706+0530] GC(3) Survivor regions: 2->12(12)
[2026-02-10T17:19:32.706+0530] GC(3) Old regions: 8->9
[2026-02-10T17:19:32.706+0530] GC(3) Archive regions: 0->0
[2026-02-10T17:19:32.706+0530] GC(3) Humongous regions: 5->5
[2026-02-10T17:19:32.706+0530] GC(3) Metaspace: 21262K(21504K)->21262K(21504K) NonClass: 19085K(19200K)->19085K(19200K) Class: 2177K(2304K)->2177K(2304K)
[2026-02-10T17:19:32.706+0530] GC(3) Pause Young (Concurrent Start) (Metadata GC Threshold) 77M->25M(256M) 8.306ms
[2026-02-10T17:19:32.706+0530] GC(3) User=0.05s Sys=0.02s Real=0.01s
[2026-02-10T17:19:32.706+0530] GC(4) Concurrent Mark Cycle
[2026-02-10T17:19:32.706+0530] GC(4) Concurrent Clear Claimed Marks
[2026-02-10T17:19:32.706+0530] GC(4) Concurrent Clear Claimed Marks 0.038ms
[2026-02-10T17:19:32.706+0530] GC(4) Concurrent Scan Root Regions
[2026-02-10T17:19:32.710+0530] GC(4) Concurrent Scan Root Regions 3.927ms
[2026-02-10T17:19:32.710+0530] GC(4) Concurrent Mark
[2026-02-10T17:19:32.710+0530] GC(4) Concurrent Mark From Roots
[2026-02-10T17:19:32.710+0530] GC(4) Using 1 workers of 1 for marking
[2026-02-10T17:19:32.731+0530] GC(4) Concurrent Mark From Roots 20.198ms
[2026-02-10T17:19:32.731+0530] GC(4) Concurrent Preclean
[2026-02-10T17:19:32.731+0530] GC(4) Concurrent Preclean 0.058ms
[2026-02-10T17:19:32.731+0530] GC(4) Pause Remark
[2026-02-10T17:19:32.735+0530] GC(4) Pause Remark 26M->26M(256M) 3.747ms
[2026-02-10T17:19:32.735+0530] GC(4) User=0.02s Sys=0.02s Real=0.00s
[2026-02-10T17:19:32.735+0530] GC(4) Concurrent Mark 24.428ms
[2026-02-10T17:19:32.735+0530] GC(4) Concurrent Rebuild Remembered Sets
[2026-02-10T17:19:32.744+0530] GC(4) Concurrent Rebuild Remembered Sets 9.980ms
[2026-02-10T17:19:32.745+0530] GC(4) Pause Cleanup
[2026-02-10T17:19:32.745+0530] GC(4) Pause Cleanup 26M->26M(256M) 0.103ms
[2026-02-10T17:19:32.745+0530] GC(4) User=0.00s Sys=0.00s Real=0.00s
[2026-02-10T17:19:32.745+0530] GC(4) Concurrent Cleanup for Next Mark
[2026-02-10T17:19:32.747+0530] GC(4) Concurrent Cleanup for Next Mark 1.562ms
[2026-02-10T17:19:32.747+0530] GC(4) Concurrent Mark Cycle 40.877ms
[2026-02-10T17:19:34.119+0530] GC(5) Pause Young (Normal) (G1 Evacuation Pause)
[2026-02-10T17:19:34.119+0530] GC(5) Using 4 workers of 4 for evacuation
[2026-02-10T17:19:34.131+0530] GC(5)   Pre Evacuate Collection Set: 0.1ms
[2026-02-10T17:19:34.131+0530] GC(5)   Merge Heap Roots: 0.1ms
[2026-02-10T17:19:34.131+0530] GC(5)   Evacuate Collection Set: 11.0ms
[2026-02-10T17:19:34.131+0530] GC(5)   Post Evacuate Collection Set: 0.6ms
[2026-02-10T17:19:34.131+0530] GC(5)   Other: 0.2ms
[2026-02-10T17:19:34.131+0530] GC(5) Eden regions: 75->0(148)
[2026-02-10T17:19:34.131+0530] GC(5) Survivor regions: 12->5(11)
[2026-02-10T17:19:34.131+0530] GC(5) Old regions: 9->20
[2026-02-10T17:19:34.131+0530] GC(5) Archive regions: 0->0
[2026-02-10T17:19:34.131+0530] GC(5) Humongous regions: 5->5
[2026-02-10T17:19:34.132+0530] GC(5) Metaspace: 27854K(28288K)->27854K(28288K) NonClass: 24857K(25088K)->24857K(25088K) Class: 2996K(3200K)->2996K(3200K)
[2026-02-10T17:19:34.132+0530] GC(5) Pause Young (Normal) (G1 Evacuation Pause) 100M->29M(256M) 12.181ms
[2026-02-10T17:19:34.132+0530] GC(5) User=0.05s Sys=0.02s Real=0.01s
[2026-02-10T17:19:34.523+0530] Heap
[2026-02-10T17:19:34.523+0530]  garbage-first heap   total 262144K, used 52772K [0x00000000f0000000, 0x0000000100000000)
[2026-02-10T17:19:34.523+0530]   region size 1024K, 28 young (28672K), 5 survivors (5120K)
[2026-02-10T17:19:34.523+0530]  Metaspace       used 33261K, committed 33792K, reserved 1114112K
[2026-02-10T17:19:34.523+0530]   class space    used 3669K, committed 3904K, reserved 1048576K
