[2026-02-10T17:19:56.386+0530] Using G1
[2026-02-10T17:19:56.390+0530] Version: 17.0.12+8-LTS-286 (release)
[2026-02-10T17:19:56.390+0530] CPUs: 8 total, 4 available
[2026-02-10T17:19:56.390+0530] Memory: 7914M
[2026-02-10T17:19:56.390+0530] Large Page Support: Disabled
[2026-02-10T17:19:56.390+0530] NUMA Support: Disabled
[2026-02-10T17:19:56.390+0530] Compressed Oops: Enabled (32-bit)
[2026-02-10T17:19:56.390+0530] Heap Region Size: 1M
[2026-02-10T17:19:56.390+0530] Heap Min Capacity: 256M
[2026-02-10T17:19:56.391+0530] Heap Initial Capacity: 256M
[2026-02-10T17:19:56.391+0530] Heap Max Capacity: 256M
[2026-02-10T17:19:56.391+0530] Pre-touch: Disabled
[2026-02-10T17:19:56.391+0530] Parallel Workers: 4
[2026-02-10T17:19:56.391+0530] Concurrent Workers: 1
[2026-02-10T17:19:56.391+0530] Concurrent Refinement Workers: 4
[2026-02-10T17:19:56.391+0530] Periodic GC: Disabled
[2026-02-10T17:19:56.404+0530] CDS archive(s) mapped at: [0x0000019548000000-0x0000019548bd0000-0x0000019548bd0000), size 12386304, SharedBaseAddress: 0x0000019548000000, ArchiveRelocationMode: 1.
[2026-02-10T17:19:56.404+0530] Compressed class space mapped at: 0x0000019549000000-0x0000019589000000, reserved size: 1073741824
[2026-02-10T17:19:56.404+0530] Narrow klass base: 0x0000019548000000, Narrow klass shift: 0, Narrow klass range: 0x100000000
[2026-02-10T17:19:57.035+0530] GC(0) Pause Young (Normal) (G1 Evacuation Pause)
[2026-02-10T17:19:57.035+0530] GC(0) Using 4 workers of 4 for evacuation
[2026-02-10T17:19:57.043+0530] GC(0)   Pre Evacuate Collection Set: 0.1ms
[2026-02-10T17:19:57.043+0530] GC(0)   Merge Heap Roots: 0.1ms
[2026-02-10T17:19:57.043+0530] GC(0)   Evacuate Collection Set: 6.7ms
[2026-02-10T17:19:57.043+0530] GC(0)   Post Evacuate Collection Set: 0.4ms
[2026-02-10T17:19:57.043+0530] GC(0)   Other: 0.4ms
[2026-02-10T17:19:57.043+0530] GC(0) Eden regions: 13->0(13)
[2026-02-10T17:19:57.043+0530] GC(0) Survivor regions: 0->2(2)
[2026-02-10T17:19:57.043+0530] GC(0) Old regions: 0->3
[2026-02-10T17:19:57.043+0530] GC(0) Archive regions: 0->0
[2026-02-10T17:19:57.043+0530] GC(0) Humongous regions: 5->5
[2026-02-10T17:19:57.043+0530] GC(0) Metaspace: 4454K(4672K)->4454K(4672K) NonClass: 3974K(4096K)->3974K(4096K) Class: 480K(576K)->480K(576K)
[2026-02-10T17:19:57.043+0530] GC(0) Pause Young (Normal) (G1 Evacuation Pause) 18M->9M(256M) 7.947ms
[2026-02-10T17:19:57.043+0530] GC(0) User=0.00s Sys=0.00s Real=0.01s
[2026-02-10T17:19:57.242+0530] GC(1) Pause Young (Normal) (G1 Evacuation Pause)
[2026-02-10T17:19:57.242+0530] GC(1) Using 4 workers of 4 for evacuation
[2026-02-10T17:19:57.250+0530] GC(1)   Pre Evacuate Collection Set: 0.1ms
[2026-02-10T17:19:57.250+0530] GC(1)   Merge Heap Roots: 0.1ms
[2026-02-10T17:19:57.250+0530] GC(1)   Evacuate Collection Set: 8.5ms
[2026-02-10T17:19:57.250+0530] GC(1)   Post Evacuate Collection Set: 0.4ms
[2026-02-10T17:19:57.250+0530] GC(1)   Other: 0.2ms
[2026-02-10T17:19:57.250+0530] GC(1) Eden regions: 13->0(18)
[2026-02-10T17:19:57.250+0530] GC(1) Survivor regions: 2->2(2)
[2026-02-10T17:19:57.250+0530] GC(1) Old regions: 3->6
[2026-02-10T17:19:57.250+0530] GC(1) Archive regions: 0->0
[2026-02-10T17:19:57.250+0530] GC(1) Humongous regions: 5->5
[2026-02-10T17:19:57.250+0530] GC(1) Metaspace: 6000K(6144K)->6000K(6144K) NonClass: 5342K(5440K)->5342K(5440K) Class: 657K(704K)->657K(704K)
[2026-02-10T17:19:57.250+0530] GC(1) Pause Young (Normal) (G1 Evacuation Pause) 22M->12M(256M) 9.437ms
[2026-02-10T17:19:57.250+0530] GC(1) User=0.05s Sys=0.02s Real=0.01s
[2026-02-10T17:19:57.689+0530] GC(2) Pause Young (Normal) (G1 Evacuation Pause)
[2026-02-10T17:19:57.689+0530] GC(2) Using 4 workers of 4 for evacuation
[2026-02-10T17:19:57.695+0530] GC(2)   Pre Evacuate Collection Set: 0.1ms
[2026-02-10T17:19:57.695+0530] GC(2)   Merge Heap Roots: 0.1ms
[2026-02-10T17:19:57.695+0530] GC(2)   Evacuate Collection Set: 4.9ms
[2026-02-10T17:19:57.695+0530] GC(2)   Post Evacuate Collection Set: 0.3ms
[2026-02-10T17:19:57.695+0530] GC(2)   Other: 0.2ms
[2026-02-10T17:19:57.695+0530] GC(2) Eden regions: 18->0(91)
[2026-02-10T17:19:57.696+0530] GC(2) Survivor regions: 2->2(3)
[2026-02-10T17:19:57.696+0530] GC(2) Old regions: 6->8
[2026-02-10T17:19:57.696+0530] GC(2) Archive regions: 0->0
[2026-02-10T17:19:57.696+0530] GC(2) Humongous regions: 5->5
[2026-02-10T17:19:57.696+0530] GC(2) Metaspace: 11373K(11584K)->11373K(11584K) NonClass: 10090K(10176K)->10090K(10176K) Class: 1282K(1408K)->1282K(1408K)
[2026-02-10T17:19:57.696+0530] GC(2) Pause Young (Normal) (G1 Evacuation Pause) 30M->14M(256M) 6.027ms
[2026-02-10T17:19:57.696+0530] GC(2) User=0.00s Sys=0.00s Real=0.01s
[2026-02-10T17:19:59.103+0530] GC(3) Pause Young (Concurrent Start) (Metadata GC Threshold)
[2026-02-10T17:19:59.103+0530] GC(3) Using 4 workers of 4 for evacuation
[2026-02-10T17:19:59.113+0530] GC(3)   Pre Evacuate Collection Set: 0.1ms
[2026-02-10T17:19:59.113+0530] GC(3)   Merge Heap Roots: 0.1ms
[2026-02-10T17:19:59.113+0530] GC(3)   Evacuate Collection Set: 7.9ms
[2026-02-10T17:19:59.113+0530] GC(3)   Post Evacuate Collection Set: 0.5ms
[2026-02-10T17:19:59.113+0530] GC(3)   Other: 0.2ms
[2026-02-10T17:19:59.113+0530] GC(3) Eden regions: 64->0(103)
[2026-02-10T17:19:59.113+0530] GC(3) Survivor regions: 2->12(12)
[2026-02-10T17:19:59.113+0530] GC(3) Old regions: 8->9
[2026-02-10T17:19:59.113+0530] GC(3) Archive regions: 0->0
[2026-02-10T17:19:59.113+0530] GC(3) Humongous regions: 5->5
[2026-02-10T17:19:59.113+0530] GC(3) Metaspace: 21255K(21504K)->21255K(21504K) NonClass: 19090K(19200K)->19090K(19200K) Class: 2165K(2304K)->2165K(2304K)
[2026-02-10T17:19:59.113+0530] GC(3) Pause Young (Concurrent Start) (Metadata GC Threshold) 78M->25M(256M) 9.033ms
[2026-02-10T17:19:59.113+0530] GC(3) User=0.03s Sys=0.02s Real=0.01s
[2026-02-10T17:19:59.113+0530] GC(4) Concurrent Mark Cycle
[2026-02-10T17:19:59.113+0530] GC(4) Concurrent Clear Claimed Marks
[2026-02-10T17:19:59.113+0530] GC(4) Concurrent Clear Claimed Marks 0.034ms
[2026-02-10T17:19:59.113+0530] GC(4) Concurrent Scan Root Regions
[2026-02-10T17:19:59.118+0530] GC(4) Concurrent Scan Root Regions 4.621ms
[2026-02-10T17:19:59.118+0530] GC(4) Concurrent Mark
[2026-02-10T17:19:59.118+0530] GC(4) Concurrent Mark From Roots
[2026-02-10T17:19:59.118+0530] GC(4) Using 1 workers of 1 for marking
[2026-02-10T17:19:59.141+0530] GC(4) Concurrent Mark From Roots 22.663ms
[2026-02-10T17:19:59.141+0530] GC(4) Concurrent Preclean
[2026-02-10T17:19:59.141+0530] GC(4) Concurrent Preclean 0.076ms
[2026-02-10T17:19:59.141+0530] GC(4) Pause Remark
[2026-02-10T17:19:59.144+0530] GC(4) Pause Remark 26M->26M(256M) 3.372ms
[2026-02-10T17:19:59.144+0530] GC(4) User=0.00s Sys=0.00s Real=0.00s
[2026-02-10T17:19:59.145+0530] GC(4) Concurrent Mark 27.929ms
[2026-02-10T17:19:59.145+0530] GC(4) Concurrent Rebuild Remembered Sets
[2026-02-10T17:19:59.157+0530] GC(4) Concurrent Rebuild Remembered Sets 11.831ms
[2026-02-10T17:19:59.157+0530] GC(4) Pause Cleanup
[2026-02-10T17:19:59.158+0530] GC(4) Pause Cleanup 26M->26M(256M) 0.207ms
[2026-02-10T17:19:59.158+0530] GC(4) User=0.00s Sys=0.00s Real=0.00s
[2026-02-10T17:19:59.159+0530] GC(4) Concurrent Cleanup for Next Mark
[2026-02-10T17:19:59.161+0530] GC(4) Concurrent Cleanup for Next Mark 2.061ms
[2026-02-10T17:19:59.161+0530] GC(4) Concurrent Mark Cycle 47.840ms
[2026-02-10T17:20:01.076+0530] Heap
[2026-02-10T17:20:01.076+0530]  garbage-first heap   total 262144K, used 125186K [0x00000000f0000000, 0x0000000100000000)
[2026-02-10T17:20:01.076+0530]   region size 1024K, 109 young (111616K), 12 survivors (12288K)
[2026-02-10T17:20:01.076+0530]  Metaspace       used 33327K, committed 33792K, reserved 1114112K
[2026-02-10T17:20:01.076+0530]   class space    used 3670K, committed 3904K, reserved 1048576K
