[2026-02-10T21:45:02.984+0530] Using G1
[2026-02-10T21:45:02.989+0530] Version: 17.0.12+8-LTS-286 (release)
[2026-02-10T21:45:02.989+0530] CPUs: 8 total, 4 available
[2026-02-10T21:45:02.989+0530] Memory: 7914M
[2026-02-10T21:45:02.989+0530] Large Page Support: Disabled
[2026-02-10T21:45:02.989+0530] NUMA Support: Disabled
[2026-02-10T21:45:02.989+0530] Compressed Oops: Enabled (32-bit)
[2026-02-10T21:45:02.989+0530] Heap Region Size: 1M
[2026-02-10T21:45:02.989+0530] Heap Min Capacity: 512M
[2026-02-10T21:45:02.989+0530] Heap Initial Capacity: 512M
[2026-02-10T21:45:02.989+0530] Heap Max Capacity: 512M
[2026-02-10T21:45:02.989+0530] Pre-touch: Disabled
[2026-02-10T21:45:02.989+0530] Parallel Workers: 4
[2026-02-10T21:45:02.989+0530] Concurrent Workers: 1
[2026-02-10T21:45:02.989+0530] Concurrent Refinement Workers: 4
[2026-02-10T21:45:02.989+0530] Periodic GC: Disabled
[2026-02-10T21:45:03.000+0530] CDS archive(s) mapped at: [0x000002120f000000-0x000002120fbd0000-0x000002120fbd0000), size 12386304, SharedBaseAddress: 0x000002120f000000, ArchiveRelocationMode: 1.
[2026-02-10T21:45:03.000+0530] Compressed class space mapped at: 0x0000021210000000-0x0000021250000000, reserved size: 1073741824
[2026-02-10T21:45:03.000+0530] Narrow klass base: 0x000002120f000000, Narrow klass shift: 0, Narrow klass range: 0x100000000
[2026-02-10T21:45:03.982+0530] GC(0) Pause Young (Normal) (G1 Evacuation Pause)
[2026-02-10T21:45:03.983+0530] GC(0) Using 4 workers of 4 for evacuation
[2026-02-10T21:45:03.995+0530] GC(0)   Pre Evacuate Collection Set: 0.1ms
[2026-02-10T21:45:03.995+0530] GC(0)   Merge Heap Roots: 0.1ms
[2026-02-10T21:45:03.995+0530] GC(0)   Evacuate Collection Set: 11.3ms
[2026-02-10T21:45:03.995+0530] GC(0)   Post Evacuate Collection Set: 0.6ms
[2026-02-10T21:45:03.995+0530] GC(0)   Other: 0.6ms
[2026-02-10T21:45:03.995+0530] GC(0) Eden regions: 25->0(21)
[2026-02-10T21:45:03.995+0530] GC(0) Survivor regions: 0->4(4)
[2026-02-10T21:45:03.995+0530] GC(0) Old regions: 0->4
[2026-02-10T21:45:03.995+0530] GC(0) Archive regions: 0->0
[2026-02-10T21:45:03.995+0530] GC(0) Humongous regions: 5->5
[2026-02-10T21:45:03.995+0530] GC(0) Metaspace: 5439K(5632K)->5439K(5632K) NonClass: 4868K(4992K)->4868K(4992K) Class: 570K(640K)->570K(640K)
[2026-02-10T21:45:03.995+0530] GC(0) Pause Young (Normal) (G1 Evacuation Pause) 30M->12M(512M) 13.152ms
[2026-02-10T21:45:03.995+0530] GC(0) User=0.03s Sys=0.03s Real=0.01s
[2026-02-10T21:45:04.674+0530] GC(1) Pause Young (Normal) (G1 Evacuation Pause)
[2026-02-10T21:45:04.675+0530] GC(1) Using 4 workers of 4 for evacuation
[2026-02-10T21:45:04.690+0530] GC(1)   Pre Evacuate Collection Set: 0.1ms
[2026-02-10T21:45:04.690+0530] GC(1)   Merge Heap Roots: 0.1ms
[2026-02-10T21:45:04.690+0530] GC(1)   Evacuate Collection Set: 13.6ms
[2026-02-10T21:45:04.690+0530] GC(1)   Post Evacuate Collection Set: 0.7ms
[2026-02-10T21:45:04.690+0530] GC(1)   Other: 0.2ms
[2026-02-10T21:45:04.690+0530] GC(1) Eden regions: 21->0(24)
[2026-02-10T21:45:04.690+0530] GC(1) Survivor regions: 4->2(4)
[2026-02-10T21:45:04.690+0530] GC(1) Old regions: 4->8
[2026-02-10T21:45:04.690+0530] GC(1) Archive regions: 0->0
[2026-02-10T21:45:04.690+0530] GC(1) Humongous regions: 5->5
[2026-02-10T21:45:04.690+0530] GC(1) Metaspace: 11724K(11968K)->11724K(11968K) NonClass: 10393K(10496K)->10393K(10496K) Class: 1330K(1472K)->1330K(1472K)
[2026-02-10T21:45:04.690+0530] GC(1) Pause Young (Normal) (G1 Evacuation Pause) 33M->14M(512M) 15.058ms
[2026-02-10T21:45:04.690+0530] GC(1) User=0.02s Sys=0.00s Real=0.02s
[2026-02-10T21:45:05.270+0530] GC(2) Pause Young (Normal) (G1 Evacuation Pause)
[2026-02-10T21:45:05.270+0530] GC(2) Using 4 workers of 4 for evacuation
[2026-02-10T21:45:05.285+0530] GC(2)   Pre Evacuate Collection Set: 0.1ms
[2026-02-10T21:45:05.285+0530] GC(2)   Merge Heap Roots: 0.1ms
[2026-02-10T21:45:05.285+0530] GC(2)   Evacuate Collection Set: 14.1ms
[2026-02-10T21:45:05.285+0530] GC(2)   Post Evacuate Collection Set: 0.5ms
[2026-02-10T21:45:05.285+0530] GC(2)   Other: 0.2ms
[2026-02-10T21:45:05.285+0530] GC(2) Eden regions: 24->0(36)
[2026-02-10T21:45:05.285+0530] GC(2) Survivor regions: 2->4(4)
[2026-02-10T21:45:05.285+0530] GC(2) Old regions: 8->15
[2026-02-10T21:45:05.285+0530] GC(2) Archive regions: 0->0
[2026-02-10T21:45:05.285+0530] GC(2) Humongous regions: 5->5
[2026-02-10T21:45:05.285+0530] GC(2) Metaspace: 14738K(14976K)->14738K(14976K) NonClass: 13081K(13184K)->13081K(13184K) Class: 1657K(1792K)->1657K(1792K)
[2026-02-10T21:45:05.285+0530] GC(2) Pause Young (Normal) (G1 Evacuation Pause) 38M->23M(512M) 15.375ms
[2026-02-10T21:45:05.285+0530] GC(2) User=0.05s Sys=0.02s Real=0.02s
[2026-02-10T21:45:06.423+0530] GC(3) Pause Young (Normal) (G1 Evacuation Pause)
[2026-02-10T21:45:06.423+0530] GC(3) Using 4 workers of 4 for evacuation
[2026-02-10T21:45:06.433+0530] GC(3)   Pre Evacuate Collection Set: 0.3ms
[2026-02-10T21:45:06.433+0530] GC(3)   Merge Heap Roots: 0.1ms
[2026-02-10T21:45:06.433+0530] GC(3)   Evacuate Collection Set: 7.9ms
[2026-02-10T21:45:06.433+0530] GC(3)   Post Evacuate Collection Set: 0.7ms
[2026-02-10T21:45:06.433+0530] GC(3)   Other: 0.4ms
[2026-02-10T21:45:06.433+0530] GC(3) Eden regions: 36->0(157)
[2026-02-10T21:45:06.434+0530] GC(3) Survivor regions: 4->3(5)
[2026-02-10T21:45:06.434+0530] GC(3) Old regions: 15->19
[2026-02-10T21:45:06.434+0530] GC(3) Archive regions: 0->0
[2026-02-10T21:45:06.434+0530] GC(3) Humongous regions: 5->5
[2026-02-10T21:45:06.434+0530] GC(3) Metaspace: 20906K(21248K)->20906K(21248K) NonClass: 18787K(18944K)->18787K(18944K) Class: 2118K(2304K)->2118K(2304K)
[2026-02-10T21:45:06.434+0530] GC(3) Pause Young (Normal) (G1 Evacuation Pause) 59M->25M(512M) 9.577ms
[2026-02-10T21:45:06.434+0530] GC(3) User=0.05s Sys=0.00s Real=0.01s
[2026-02-10T21:45:06.485+0530] GC(4) Pause Young (Concurrent Start) (Metadata GC Threshold)
[2026-02-10T21:45:06.485+0530] GC(4) Using 4 workers of 4 for evacuation
[2026-02-10T21:45:06.489+0530] GC(4)   Pre Evacuate Collection Set: 0.1ms
[2026-02-10T21:45:06.489+0530] GC(4)   Merge Heap Roots: 0.1ms
[2026-02-10T21:45:06.489+0530] GC(4)   Evacuate Collection Set: 3.4ms
[2026-02-10T21:45:06.489+0530] GC(4)   Post Evacuate Collection Set: 0.4ms
[2026-02-10T21:45:06.489+0530] GC(4)   Other: 0.2ms
[2026-02-10T21:45:06.489+0530] GC(4) Eden regions: 2->0(136)
[2026-02-10T21:45:06.489+0530] GC(4) Survivor regions: 3->3(20)
[2026-02-10T21:45:06.489+0530] GC(4) Old regions: 19->19
[2026-02-10T21:45:06.489+0530] GC(4) Archive regions: 0->0
[2026-02-10T21:45:06.489+0530] GC(4) Humongous regions: 5->5
[2026-02-10T21:45:06.489+0530] GC(4) Metaspace: 21213K(21504K)->21213K(21504K) NonClass: 19061K(19200K)->19061K(19200K) Class: 2152K(2304K)->2152K(2304K)
[2026-02-10T21:45:06.489+0530] GC(4) Pause Young (Concurrent Start) (Metadata GC Threshold) 26M->25M(512M) 4.334ms
[2026-02-10T21:45:06.489+0530] GC(4) User=0.06s Sys=0.00s Real=0.00s
[2026-02-10T21:45:06.489+0530] GC(5) Concurrent Mark Cycle
[2026-02-10T21:45:06.489+0530] GC(5) Concurrent Clear Claimed Marks
[2026-02-10T21:45:06.489+0530] GC(5) Concurrent Clear Claimed Marks 0.035ms
[2026-02-10T21:45:06.489+0530] GC(5) Concurrent Scan Root Regions
[2026-02-10T21:45:06.492+0530] GC(5) Concurrent Scan Root Regions 2.313ms
[2026-02-10T21:45:06.492+0530] GC(5) Concurrent Mark
[2026-02-10T21:45:06.492+0530] GC(5) Concurrent Mark From Roots
[2026-02-10T21:45:06.492+0530] GC(5) Using 1 workers of 1 for marking
[2026-02-10T21:45:06.522+0530] GC(5) Concurrent Mark From Roots 31.039ms
[2026-02-10T21:45:06.523+0530] GC(5) Concurrent Preclean
[2026-02-10T21:45:06.523+0530] GC(5) Concurrent Preclean 0.106ms
[2026-02-10T21:45:06.523+0530] GC(5) Pause Remark
[2026-02-10T21:45:06.528+0530] GC(5) Pause Remark 26M->26M(512M) 5.072ms
[2026-02-10T21:45:06.528+0530] GC(5) User=0.00s Sys=0.00s Real=0.01s
[2026-02-10T21:45:06.529+0530] GC(5) Concurrent Mark 38.196ms
[2026-02-10T21:45:06.530+0530] GC(5) Concurrent Rebuild Remembered Sets
[2026-02-10T21:45:06.549+0530] GC(5) Concurrent Rebuild Remembered Sets 18.790ms
[2026-02-10T21:45:06.576+0530] GC(5) Pause Cleanup
[2026-02-10T21:45:06.577+0530] GC(5) Pause Cleanup 26M->26M(512M) 0.429ms
[2026-02-10T21:45:06.577+0530] GC(5) User=0.00s Sys=0.00s Real=0.00s
[2026-02-10T21:45:06.594+0530] GC(5) Concurrent Cleanup for Next Mark
[2026-02-10T21:45:06.601+0530] GC(5) Concurrent Cleanup for Next Mark 6.442ms
[2026-02-10T21:45:06.601+0530] GC(5) Concurrent Mark Cycle 111.834ms
[2026-02-10T21:45:09.754+0530] GC(6) Pause Young (Concurrent Start) (Metadata GC Threshold)
[2026-02-10T21:45:09.754+0530] GC(6) Using 4 workers of 4 for evacuation
[2026-02-10T21:45:09.769+0530] GC(6)   Pre Evacuate Collection Set: 0.2ms
[2026-02-10T21:45:09.769+0530] GC(6)   Merge Heap Roots: 0.1ms
[2026-02-10T21:45:09.769+0530] GC(6)   Evacuate Collection Set: 12.7ms
[2026-02-10T21:45:09.769+0530] GC(6)   Post Evacuate Collection Set: 0.7ms
[2026-02-10T21:45:09.769+0530] GC(6)   Other: 0.3ms
[2026-02-10T21:45:09.769+0530] GC(6) Eden regions: 109->0(274)
[2026-02-10T21:45:09.769+0530] GC(6) Survivor regions: 3->7(18)
[2026-02-10T21:45:09.769+0530] GC(6) Old regions: 19->19
[2026-02-10T21:45:09.769+0530] GC(6) Archive regions: 0->0
[2026-02-10T21:45:09.769+0530] GC(6) Humongous regions: 5->5
[2026-02-10T21:45:09.769+0530] GC(6) Metaspace: 35642K(36096K)->35642K(36096K) NonClass: 31709K(31936K)->31709K(31936K) Class: 3933K(4160K)->3933K(4160K)
[2026-02-10T21:45:09.769+0530] GC(6) Pause Young (Concurrent Start) (Metadata GC Threshold) 134M->30M(512M) 14.351ms
[2026-02-10T21:45:09.769+0530] GC(6) User=0.06s Sys=0.00s Real=0.02s
[2026-02-10T21:45:09.769+0530] GC(7) Concurrent Mark Cycle
[2026-02-10T21:45:09.770+0530] GC(7) Concurrent Clear Claimed Marks
[2026-02-10T21:45:09.770+0530] GC(7) Concurrent Clear Claimed Marks 0.040ms
[2026-02-10T21:45:09.770+0530] GC(7) Concurrent Scan Root Regions
[2026-02-10T21:45:09.778+0530] GC(7) Concurrent Scan Root Regions 9.033ms
[2026-02-10T21:45:09.778+0530] GC(7) Concurrent Mark
[2026-02-10T21:45:09.778+0530] GC(7) Concurrent Mark From Roots
[2026-02-10T21:45:09.778+0530] GC(7) Using 1 workers of 1 for marking
[2026-02-10T21:45:09.807+0530] GC(7) Concurrent Mark From Roots 28.505ms
[2026-02-10T21:45:09.807+0530] GC(7) Concurrent Preclean
[2026-02-10T21:45:09.807+0530] GC(7) Concurrent Preclean 0.092ms
[2026-02-10T21:45:09.807+0530] GC(7) Pause Remark
[2026-02-10T21:45:09.811+0530] GC(7) Pause Remark 32M->32M(512M) 3.566ms
[2026-02-10T21:45:09.811+0530] GC(7) User=0.00s Sys=0.00s Real=0.00s
[2026-02-10T21:45:09.811+0530] GC(7) Concurrent Mark 32.936ms
[2026-02-10T21:45:09.811+0530] GC(7) Concurrent Rebuild Remembered Sets
[2026-02-10T21:45:09.825+0530] GC(7) Concurrent Rebuild Remembered Sets 13.870ms
[2026-02-10T21:45:09.825+0530] GC(7) Pause Cleanup
[2026-02-10T21:45:09.826+0530] GC(7) Pause Cleanup 32M->32M(512M) 0.122ms
[2026-02-10T21:45:09.826+0530] GC(7) User=0.00s Sys=0.00s Real=0.00s
[2026-02-10T21:45:09.827+0530] GC(7) Concurrent Cleanup for Next Mark
[2026-02-10T21:45:09.830+0530] GC(7) Concurrent Cleanup for Next Mark 3.133ms
[2026-02-10T21:45:09.830+0530] GC(7) Concurrent Mark Cycle 61.296ms
[2026-02-10T21:45:14.333+0530] Heap
[2026-02-10T21:45:14.333+0530]  garbage-first heap   total 524288K, used 264995K [0x00000000e0000000, 0x0000000100000000)
[2026-02-10T21:45:14.333+0530]   region size 1024K, 236 young (241664K), 7 survivors (7168K)
[2026-02-10T21:45:14.333+0530]  Metaspace       used 37014K, committed 37504K, reserved 1114112K
[2026-02-10T21:45:14.333+0530]   class space    used 4007K, committed 4224K, reserved 1048576K
