[2026-02-10T21:43:58.226+0530] Using G1
[2026-02-10T21:43:58.233+0530] Version: 17.0.12+8-LTS-286 (release)
[2026-02-10T21:43:58.233+0530] CPUs: 8 total, 4 available
[2026-02-10T21:43:58.233+0530] Memory: 7914M
[2026-02-10T21:43:58.233+0530] Large Page Support: Disabled
[2026-02-10T21:43:58.233+0530] NUMA Support: Disabled
[2026-02-10T21:43:58.233+0530] Compressed Oops: Enabled (32-bit)
[2026-02-10T21:43:58.233+0530] Heap Region Size: 1M
[2026-02-10T21:43:58.233+0530] Heap Min Capacity: 512M
[2026-02-10T21:43:58.233+0530] Heap Initial Capacity: 512M
[2026-02-10T21:43:58.233+0530] Heap Max Capacity: 512M
[2026-02-10T21:43:58.233+0530] Pre-touch: Disabled
[2026-02-10T21:43:58.233+0530] Parallel Workers: 4
[2026-02-10T21:43:58.234+0530] Concurrent Workers: 1
[2026-02-10T21:43:58.234+0530] Concurrent Refinement Workers: 4
[2026-02-10T21:43:58.234+0530] Periodic GC: Disabled
[2026-02-10T21:43:58.252+0530] CDS archive(s) mapped at: [0x000002a791000000-0x000002a791bd0000-0x000002a791bd0000), size 12386304, SharedBaseAddress: 0x000002a791000000, ArchiveRelocationMode: 1.
[2026-02-10T21:43:58.253+0530] Compressed class space mapped at: 0x000002a792000000-0x000002a7d2000000, reserved size: 1073741824
[2026-02-10T21:43:58.253+0530] Narrow klass base: 0x000002a791000000, Narrow klass shift: 0, Narrow klass range: 0x100000000
[2026-02-10T21:43:59.421+0530] GC(0) Pause Young (Normal) (G1 Evacuation Pause)
[2026-02-10T21:43:59.422+0530] GC(0) Using 4 workers of 4 for evacuation
[2026-02-10T21:43:59.437+0530] GC(0)   Pre Evacuate Collection Set: 0.1ms
[2026-02-10T21:43:59.437+0530] GC(0)   Merge Heap Roots: 0.1ms
[2026-02-10T21:43:59.437+0530] GC(0)   Evacuate Collection Set: 13.7ms
[2026-02-10T21:43:59.437+0530] GC(0)   Post Evacuate Collection Set: 0.6ms
[2026-02-10T21:43:59.437+0530] GC(0)   Other: 0.9ms
[2026-02-10T21:43:59.437+0530] GC(0) Eden regions: 25->0(21)
[2026-02-10T21:43:59.437+0530] GC(0) Survivor regions: 0->4(4)
[2026-02-10T21:43:59.437+0530] GC(0) Old regions: 0->4
[2026-02-10T21:43:59.437+0530] GC(0) Archive regions: 0->0
[2026-02-10T21:43:59.437+0530] GC(0) Humongous regions: 5->5
[2026-02-10T21:43:59.437+0530] GC(0) Metaspace: 5426K(5632K)->5426K(5632K) NonClass: 4856K(4992K)->4856K(4992K) Class: 570K(640K)->570K(640K)
[2026-02-10T21:43:59.437+0530] GC(0) Pause Young (Normal) (G1 Evacuation Pause) 30M->12M(512M) 15.695ms
[2026-02-10T21:43:59.438+0530] GC(0) User=0.02s Sys=0.03s Real=0.02s
[2026-02-10T21:44:00.276+0530] GC(1) Pause Young (Normal) (G1 Evacuation Pause)
[2026-02-10T21:44:00.276+0530] GC(1) Using 4 workers of 4 for evacuation
[2026-02-10T21:44:00.288+0530] GC(1)   Pre Evacuate Collection Set: 0.1ms
[2026-02-10T21:44:00.288+0530] GC(1)   Merge Heap Roots: 0.2ms
[2026-02-10T21:44:00.288+0530] GC(1)   Evacuate Collection Set: 11.2ms
[2026-02-10T21:44:00.288+0530] GC(1)   Post Evacuate Collection Set: 0.6ms
[2026-02-10T21:44:00.288+0530] GC(1)   Other: 0.2ms
[2026-02-10T21:44:00.288+0530] GC(1) Eden regions: 21->0(23)
[2026-02-10T21:44:00.288+0530] GC(1) Survivor regions: 4->2(4)
[2026-02-10T21:44:00.288+0530] GC(1) Old regions: 4->8
[2026-02-10T21:44:00.289+0530] GC(1) Archive regions: 0->0
[2026-02-10T21:44:00.289+0530] GC(1) Humongous regions: 5->5
[2026-02-10T21:44:00.289+0530] GC(1) Metaspace: 11746K(11968K)->11746K(11968K) NonClass: 10416K(10496K)->10416K(10496K) Class: 1330K(1472K)->1330K(1472K)
[2026-02-10T21:44:00.289+0530] GC(1) Pause Young (Normal) (G1 Evacuation Pause) 33M->14M(512M) 12.557ms
[2026-02-10T21:44:00.289+0530] GC(1) User=0.02s Sys=0.05s Real=0.01s
[2026-02-10T21:44:00.781+0530] GC(2) Pause Young (Normal) (G1 Evacuation Pause)
[2026-02-10T21:44:00.781+0530] GC(2) Using 4 workers of 4 for evacuation
[2026-02-10T21:44:00.791+0530] GC(2)   Pre Evacuate Collection Set: 0.1ms
[2026-02-10T21:44:00.791+0530] GC(2)   Merge Heap Roots: 0.1ms
[2026-02-10T21:44:00.791+0530] GC(2)   Evacuate Collection Set: 9.0ms
[2026-02-10T21:44:00.791+0530] GC(2)   Post Evacuate Collection Set: 0.4ms
[2026-02-10T21:44:00.791+0530] GC(2)   Other: 0.2ms
[2026-02-10T21:44:00.791+0530] GC(2) Eden regions: 23->0(36)
[2026-02-10T21:44:00.791+0530] GC(2) Survivor regions: 2->4(4)
[2026-02-10T21:44:00.791+0530] GC(2) Old regions: 8->15
[2026-02-10T21:44:00.791+0530] GC(2) Archive regions: 0->0
[2026-02-10T21:44:00.791+0530] GC(2) Humongous regions: 5->5
[2026-02-10T21:44:00.791+0530] GC(2) Metaspace: 14672K(14976K)->14672K(14976K) NonClass: 13025K(13184K)->13025K(13184K) Class: 1647K(1792K)->1647K(1792K)
[2026-02-10T21:44:00.791+0530] GC(2) Pause Young (Normal) (G1 Evacuation Pause) 37M->23M(512M) 10.156ms
[2026-02-10T21:44:00.791+0530] GC(2) User=0.05s Sys=0.02s Real=0.01s
[2026-02-10T21:44:01.562+0530] GC(3) Pause Young (Normal) (G1 Evacuation Pause)
[2026-02-10T21:44:01.562+0530] GC(3) Using 4 workers of 4 for evacuation
[2026-02-10T21:44:01.567+0530] GC(3)   Pre Evacuate Collection Set: 0.1ms
[2026-02-10T21:44:01.567+0530] GC(3)   Merge Heap Roots: 0.1ms
[2026-02-10T21:44:01.567+0530] GC(3)   Evacuate Collection Set: 5.1ms
[2026-02-10T21:44:01.567+0530] GC(3)   Post Evacuate Collection Set: 0.3ms
[2026-02-10T21:44:01.567+0530] GC(3)   Other: 0.2ms
[2026-02-10T21:44:01.567+0530] GC(3) Eden regions: 36->0(135)
[2026-02-10T21:44:01.567+0530] GC(3) Survivor regions: 4->2(5)
[2026-02-10T21:44:01.567+0530] GC(3) Old regions: 15->19
[2026-02-10T21:44:01.567+0530] GC(3) Archive regions: 0->0
[2026-02-10T21:44:01.567+0530] GC(3) Humongous regions: 5->5
[2026-02-10T21:44:01.567+0530] GC(3) Metaspace: 20167K(20480K)->20167K(20480K) NonClass: 18075K(18240K)->18075K(18240K) Class: 2092K(2240K)->2092K(2240K)
[2026-02-10T21:44:01.567+0530] GC(3) Pause Young (Normal) (G1 Evacuation Pause) 59M->25M(512M) 5.992ms
[2026-02-10T21:44:01.567+0530] GC(3) User=0.06s Sys=0.00s Real=0.00s
[2026-02-10T21:44:01.747+0530] GC(4) Pause Young (Concurrent Start) (Metadata GC Threshold)
[2026-02-10T21:44:01.747+0530] GC(4) Using 4 workers of 4 for evacuation
[2026-02-10T21:44:01.752+0530] GC(4)   Pre Evacuate Collection Set: 0.1ms
[2026-02-10T21:44:01.752+0530] GC(4)   Merge Heap Roots: 0.1ms
[2026-02-10T21:44:01.752+0530] GC(4)   Evacuate Collection Set: 4.5ms
[2026-02-10T21:44:01.752+0530] GC(4)   Post Evacuate Collection Set: 0.4ms
[2026-02-10T21:44:01.752+0530] GC(4)   Other: 0.2ms
[2026-02-10T21:44:01.752+0530] GC(4) Eden regions: 3->0(93)
[2026-02-10T21:44:01.752+0530] GC(4) Survivor regions: 2->3(18)
[2026-02-10T21:44:01.752+0530] GC(4) Old regions: 19->19
[2026-02-10T21:44:01.752+0530] GC(4) Archive regions: 0->0
[2026-02-10T21:44:01.752+0530] GC(4) Humongous regions: 5->5
[2026-02-10T21:44:01.752+0530] GC(4) Metaspace: 21238K(21504K)->21238K(21504K) NonClass: 19077K(19200K)->19077K(19200K) Class: 2161K(2304K)->2161K(2304K)
[2026-02-10T21:44:01.752+0530] GC(4) Pause Young (Concurrent Start) (Metadata GC Threshold) 28M->26M(512M) 5.586ms
[2026-02-10T21:44:01.752+0530] GC(4) User=0.00s Sys=0.00s Real=0.01s
[2026-02-10T21:44:01.752+0530] GC(5) Concurrent Mark Cycle
[2026-02-10T21:44:01.752+0530] GC(5) Concurrent Clear Claimed Marks
[2026-02-10T21:44:01.752+0530] GC(5) Concurrent Clear Claimed Marks 0.031ms
[2026-02-10T21:44:01.752+0530] GC(5) Concurrent Scan Root Regions
[2026-02-10T21:44:01.755+0530] GC(5) Concurrent Scan Root Regions 2.571ms
[2026-02-10T21:44:01.755+0530] GC(5) Concurrent Mark
[2026-02-10T21:44:01.755+0530] GC(5) Concurrent Mark From Roots
[2026-02-10T21:44:01.755+0530] GC(5) Using 1 workers of 1 for marking
[2026-02-10T21:44:01.784+0530] GC(5) Concurrent Mark From Roots 28.161ms
[2026-02-10T21:44:01.784+0530] GC(5) Concurrent Preclean
[2026-02-10T21:44:01.784+0530] GC(5) Concurrent Preclean 0.106ms
[2026-02-10T21:44:01.784+0530] GC(5) Pause Remark
[2026-02-10T21:44:01.791+0530] GC(5) Pause Remark 26M->26M(512M) 7.669ms
[2026-02-10T21:44:01.791+0530] GC(5) User=0.00s Sys=0.00s Real=0.01s
[2026-02-10T21:44:01.793+0530] GC(5) Concurrent Mark 38.185ms
[2026-02-10T21:44:01.793+0530] GC(5) Concurrent Rebuild Remembered Sets
[2026-02-10T21:44:01.807+0530] GC(5) Concurrent Rebuild Remembered Sets 14.257ms
[2026-02-10T21:44:01.813+0530] GC(5) Pause Cleanup
[2026-02-10T21:44:01.813+0530] GC(5) Pause Cleanup 26M->26M(512M) 0.322ms
[2026-02-10T21:44:01.813+0530] GC(5) User=0.00s Sys=0.00s Real=0.00s
[2026-02-10T21:44:01.814+0530] GC(5) Concurrent Cleanup for Next Mark
[2026-02-10T21:44:01.818+0530] GC(5) Concurrent Cleanup for Next Mark 3.172ms
[2026-02-10T21:44:01.818+0530] GC(5) Concurrent Mark Cycle 65.409ms
[2026-02-10T21:44:03.674+0530] GC(6) Pause Young (Normal) (G1 Evacuation Pause)
[2026-02-10T21:44:03.674+0530] GC(6) Using 4 workers of 4 for evacuation
[2026-02-10T21:44:03.684+0530] GC(6)   Pre Evacuate Collection Set: 0.1ms
[2026-02-10T21:44:03.684+0530] GC(6)   Merge Heap Roots: 0.1ms
[2026-02-10T21:44:03.684+0530] GC(6)   Evacuate Collection Set: 7.9ms
[2026-02-10T21:44:03.684+0530] GC(6)   Post Evacuate Collection Set: 0.5ms
[2026-02-10T21:44:03.684+0530] GC(6)   Other: 0.1ms
[2026-02-10T21:44:03.684+0530] GC(6) Eden regions: 93->0(300)
[2026-02-10T21:44:03.684+0530] GC(6) Survivor regions: 3->7(12)
[2026-02-10T21:44:03.684+0530] GC(6) Old regions: 19->19
[2026-02-10T21:44:03.684+0530] GC(6) Archive regions: 0->0
[2026-02-10T21:44:03.684+0530] GC(6) Humongous regions: 5->5
[2026-02-10T21:44:03.684+0530] GC(6) Metaspace: 32182K(32704K)->32182K(32704K) NonClass: 28662K(28928K)->28662K(28928K) Class: 3520K(3776K)->3520K(3776K)
[2026-02-10T21:44:03.684+0530] GC(6) Pause Young (Normal) (G1 Evacuation Pause) 119M->29M(512M) 8.935ms
[2026-02-10T21:44:03.684+0530] GC(6) User=0.00s Sys=0.00s Real=0.01s
[2026-02-10T21:44:04.198+0530] GC(7) Pause Young (Concurrent Start) (Metadata GC Threshold)
[2026-02-10T21:44:04.198+0530] GC(7) Using 4 workers of 4 for evacuation
[2026-02-10T21:44:04.205+0530] GC(7)   Pre Evacuate Collection Set: 0.1ms
[2026-02-10T21:44:04.205+0530] GC(7)   Merge Heap Roots: 0.1ms
[2026-02-10T21:44:04.205+0530] GC(7)   Evacuate Collection Set: 6.5ms
[2026-02-10T21:44:04.205+0530] GC(7)   Post Evacuate Collection Set: 0.4ms
[2026-02-10T21:44:04.205+0530] GC(7)   Other: 0.1ms
[2026-02-10T21:44:04.205+0530] GC(7) Eden regions: 19->0(299)
[2026-02-10T21:44:04.205+0530] GC(7) Survivor regions: 7->8(39)
[2026-02-10T21:44:04.205+0530] GC(7) Old regions: 19->19
[2026-02-10T21:44:04.205+0530] GC(7) Archive regions: 0->0
[2026-02-10T21:44:04.205+0530] GC(7) Humongous regions: 5->5
[2026-02-10T21:44:04.205+0530] GC(7) Metaspace: 35618K(36096K)->35618K(36096K) NonClass: 31678K(31936K)->31678K(31936K) Class: 3940K(4160K)->3940K(4160K)
[2026-02-10T21:44:04.205+0530] GC(7) Pause Young (Concurrent Start) (Metadata GC Threshold) 48M->31M(512M) 7.366ms
[2026-02-10T21:44:04.205+0530] GC(7) User=0.00s Sys=0.00s Real=0.01s
[2026-02-10T21:44:04.205+0530] GC(8) Concurrent Mark Cycle
[2026-02-10T21:44:04.205+0530] GC(8) Concurrent Clear Claimed Marks
[2026-02-10T21:44:04.205+0530] GC(8) Concurrent Clear Claimed Marks 0.030ms
[2026-02-10T21:44:04.205+0530] GC(8) Concurrent Scan Root Regions
[2026-02-10T21:44:04.214+0530] GC(8) Concurrent Scan Root Regions 7.974ms
[2026-02-10T21:44:04.214+0530] GC(8) Concurrent Mark
[2026-02-10T21:44:04.214+0530] GC(8) Concurrent Mark From Roots
[2026-02-10T21:44:04.214+0530] GC(8) Using 1 workers of 1 for marking
[2026-02-10T21:44:04.235+0530] GC(8) Concurrent Mark From Roots 20.849ms
[2026-02-10T21:44:04.235+0530] GC(8) Concurrent Preclean
[2026-02-10T21:44:04.235+0530] GC(8) Concurrent Preclean 0.055ms
[2026-02-10T21:44:04.235+0530] GC(8) Pause Remark
[2026-02-10T21:44:04.237+0530] GC(8) Pause Remark 32M->32M(512M) 3.206ms
[2026-02-10T21:44:04.237+0530] GC(8) User=0.03s Sys=0.02s Real=0.00s
[2026-02-10T21:44:04.238+0530] GC(8) Concurrent Mark 24.434ms
[2026-02-10T21:44:04.238+0530] GC(8) Concurrent Rebuild Remembered Sets
[2026-02-10T21:44:04.249+0530] GC(8) Concurrent Rebuild Remembered Sets 11.117ms
[2026-02-10T21:44:04.249+0530] GC(8) Pause Cleanup
[2026-02-10T21:44:04.249+0530] GC(8) Pause Cleanup 32M->32M(512M) 0.146ms
[2026-02-10T21:44:04.249+0530] GC(8) User=0.00s Sys=0.00s Real=0.00s
[2026-02-10T21:44:04.249+0530] GC(8) Concurrent Cleanup for Next Mark
[2026-02-10T21:44:04.252+0530] GC(8) Concurrent Cleanup for Next Mark 2.925ms
[2026-02-10T21:44:04.252+0530] GC(8) Concurrent Mark Cycle 47.098ms
[2026-02-10T21:44:08.241+0530] Heap
[2026-02-10T21:44:08.241+0530]  garbage-first heap   total 524288K, used 268060K [0x00000000e0000000, 0x0000000100000000)
[2026-02-10T21:44:08.242+0530]   region size 1024K, 239 young (244736K), 8 survivors (8192K)
[2026-02-10T21:44:08.242+0530]  Metaspace       used 36804K, committed 37440K, reserved 1114112K
[2026-02-10T21:44:08.242+0530]   class space    used 4005K, committed 4288K, reserved 1048576K
