[2026-02-10T17:28:09.498+0530] Using G1
[2026-02-10T17:28:09.504+0530] Version: 17.0.12+8-LTS-286 (release)
[2026-02-10T17:28:09.504+0530] CPUs: 8 total, 4 available
[2026-02-10T17:28:09.504+0530] Memory: 7914M
[2026-02-10T17:28:09.504+0530] Large Page Support: Disabled
[2026-02-10T17:28:09.504+0530] NUMA Support: Disabled
[2026-02-10T17:28:09.504+0530] Compressed Oops: Enabled (32-bit)
[2026-02-10T17:28:09.504+0530] Heap Region Size: 1M
[2026-02-10T17:28:09.504+0530] Heap Min Capacity: 256M
[2026-02-10T17:28:09.504+0530] Heap Initial Capacity: 256M
[2026-02-10T17:28:09.504+0530] Heap Max Capacity: 256M
[2026-02-10T17:28:09.504+0530] Pre-touch: Disabled
[2026-02-10T17:28:09.504+0530] Parallel Workers: 4
[2026-02-10T17:28:09.504+0530] Concurrent Workers: 1
[2026-02-10T17:28:09.504+0530] Concurrent Refinement Workers: 4
[2026-02-10T17:28:09.504+0530] Periodic GC: Disabled
[2026-02-10T17:28:09.525+0530] CDS archive(s) mapped at: [0x000002630f000000-0x000002630fbd0000-0x000002630fbd0000), size 12386304, SharedBaseAddress: 0x000002630f000000, ArchiveRelocationMode: 1.
[2026-02-10T17:28:09.525+0530] Compressed class space mapped at: 0x0000026310000000-0x0000026350000000, reserved size: 1073741824
[2026-02-10T17:28:09.525+0530] Narrow klass base: 0x000002630f000000, Narrow klass shift: 0, Narrow klass range: 0x100000000
[2026-02-10T17:28:10.352+0530] GC(0) Pause Young (Normal) (G1 Evacuation Pause)
[2026-02-10T17:28:10.352+0530] GC(0) Using 4 workers of 4 for evacuation
[2026-02-10T17:28:10.359+0530] GC(0)   Pre Evacuate Collection Set: 0.1ms
[2026-02-10T17:28:10.359+0530] GC(0)   Merge Heap Roots: 0.1ms
[2026-02-10T17:28:10.359+0530] GC(0)   Evacuate Collection Set: 6.1ms
[2026-02-10T17:28:10.359+0530] GC(0)   Post Evacuate Collection Set: 0.4ms
[2026-02-10T17:28:10.359+0530] GC(0)   Other: 0.6ms
[2026-02-10T17:28:10.359+0530] GC(0) Eden regions: 13->0(13)
[2026-02-10T17:28:10.359+0530] GC(0) Survivor regions: 0->2(2)
[2026-02-10T17:28:10.359+0530] GC(0) Old regions: 0->3
[2026-02-10T17:28:10.359+0530] GC(0) Archive regions: 0->0
[2026-02-10T17:28:10.359+0530] GC(0) Humongous regions: 5->5
[2026-02-10T17:28:10.359+0530] GC(0) Metaspace: 4452K(4672K)->4452K(4672K) NonClass: 3972K(4096K)->3972K(4096K) Class: 480K(576K)->480K(576K)
[2026-02-10T17:28:10.359+0530] GC(0) Pause Young (Normal) (G1 Evacuation Pause) 18M->9M(256M) 7.498ms
[2026-02-10T17:28:10.359+0530] GC(0) User=0.03s Sys=0.03s Real=0.01s
[2026-02-10T17:28:10.545+0530] GC(1) Pause Young (Normal) (G1 Evacuation Pause)
[2026-02-10T17:28:10.545+0530] GC(1) Using 4 workers of 4 for evacuation
[2026-02-10T17:28:10.554+0530] GC(1)   Pre Evacuate Collection Set: 0.1ms
[2026-02-10T17:28:10.554+0530] GC(1)   Merge Heap Roots: 0.1ms
[2026-02-10T17:28:10.554+0530] GC(1)   Evacuate Collection Set: 8.1ms
[2026-02-10T17:28:10.554+0530] GC(1)   Post Evacuate Collection Set: 0.4ms
[2026-02-10T17:28:10.554+0530] GC(1)   Other: 0.1ms
[2026-02-10T17:28:10.554+0530] GC(1) Eden regions: 13->0(18)
[2026-02-10T17:28:10.554+0530] GC(1) Survivor regions: 2->2(2)
[2026-02-10T17:28:10.554+0530] GC(1) Old regions: 3->6
[2026-02-10T17:28:10.554+0530] GC(1) Archive regions: 0->0
[2026-02-10T17:28:10.554+0530] GC(1) Humongous regions: 5->5
[2026-02-10T17:28:10.554+0530] GC(1) Metaspace: 6001K(6144K)->6001K(6144K) NonClass: 5344K(5440K)->5344K(5440K) Class: 657K(704K)->657K(704K)
[2026-02-10T17:28:10.554+0530] GC(1) Pause Young (Normal) (G1 Evacuation Pause) 22M->12M(256M) 9.018ms
[2026-02-10T17:28:10.554+0530] GC(1) User=0.03s Sys=0.00s Real=0.01s
[2026-02-10T17:28:10.976+0530] GC(2) Pause Young (Normal) (G1 Evacuation Pause)
[2026-02-10T17:28:10.977+0530] GC(2) Using 4 workers of 4 for evacuation
[2026-02-10T17:28:10.981+0530] GC(2)   Pre Evacuate Collection Set: 0.1ms
[2026-02-10T17:28:10.981+0530] GC(2)   Merge Heap Roots: 0.0ms
[2026-02-10T17:28:10.981+0530] GC(2)   Evacuate Collection Set: 3.6ms
[2026-02-10T17:28:10.981+0530] GC(2)   Post Evacuate Collection Set: 0.4ms
[2026-02-10T17:28:10.981+0530] GC(2)   Other: 0.1ms
[2026-02-10T17:28:10.981+0530] GC(2) Eden regions: 18->0(92)
[2026-02-10T17:28:10.981+0530] GC(2) Survivor regions: 2->2(3)
[2026-02-10T17:28:10.981+0530] GC(2) Old regions: 6->8
[2026-02-10T17:28:10.981+0530] GC(2) Archive regions: 0->0
[2026-02-10T17:28:10.981+0530] GC(2) Humongous regions: 5->5
[2026-02-10T17:28:10.981+0530] GC(2) Metaspace: 11399K(11584K)->11399K(11584K) NonClass: 10112K(10176K)->10112K(10176K) Class: 1287K(1408K)->1287K(1408K)
[2026-02-10T17:28:10.981+0530] GC(2) Pause Young (Normal) (G1 Evacuation Pause) 30M->14M(256M) 4.416ms
[2026-02-10T17:28:10.981+0530] GC(2) User=0.00s Sys=0.00s Real=0.00s
[2026-02-10T17:28:12.133+0530] GC(3) Pause Young (Concurrent Start) (Metadata GC Threshold)
[2026-02-10T17:28:12.133+0530] GC(3) Using 4 workers of 4 for evacuation
[2026-02-10T17:28:12.143+0530] GC(3)   Pre Evacuate Collection Set: 0.1ms
[2026-02-10T17:28:12.143+0530] GC(3)   Merge Heap Roots: 0.1ms
[2026-02-10T17:28:12.143+0530] GC(3)   Evacuate Collection Set: 8.2ms
[2026-02-10T17:28:12.143+0530] GC(3)   Post Evacuate Collection Set: 0.5ms
[2026-02-10T17:28:12.143+0530] GC(3)   Other: 0.3ms
[2026-02-10T17:28:12.143+0530] GC(3) Eden regions: 63->0(108)
[2026-02-10T17:28:12.143+0530] GC(3) Survivor regions: 2->12(12)
[2026-02-10T17:28:12.143+0530] GC(3) Old regions: 8->9
[2026-02-10T17:28:12.143+0530] GC(3) Archive regions: 0->0
[2026-02-10T17:28:12.143+0530] GC(3) Humongous regions: 5->5
[2026-02-10T17:28:12.143+0530] GC(3) Metaspace: 21269K(21504K)->21269K(21504K) NonClass: 19104K(19200K)->19104K(19200K) Class: 2165K(2304K)->2165K(2304K)
[2026-02-10T17:28:12.143+0530] GC(3) Pause Young (Concurrent Start) (Metadata GC Threshold) 77M->25M(256M) 9.429ms
[2026-02-10T17:28:12.143+0530] GC(3) User=0.05s Sys=0.02s Real=0.01s
[2026-02-10T17:28:12.143+0530] GC(4) Concurrent Mark Cycle
[2026-02-10T17:28:12.143+0530] GC(4) Concurrent Clear Claimed Marks
[2026-02-10T17:28:12.143+0530] GC(4) Concurrent Clear Claimed Marks 0.034ms
[2026-02-10T17:28:12.143+0530] GC(4) Concurrent Scan Root Regions
[2026-02-10T17:28:12.147+0530] GC(4) Concurrent Scan Root Regions 4.244ms
[2026-02-10T17:28:12.147+0530] GC(4) Concurrent Mark
[2026-02-10T17:28:12.148+0530] GC(4) Concurrent Mark From Roots
[2026-02-10T17:28:12.148+0530] GC(4) Using 1 workers of 1 for marking
[2026-02-10T17:28:12.168+0530] GC(4) Concurrent Mark From Roots 21.075ms
[2026-02-10T17:28:12.168+0530] GC(4) Concurrent Preclean
[2026-02-10T17:28:12.168+0530] GC(4) Concurrent Preclean 0.082ms
[2026-02-10T17:28:12.168+0530] GC(4) Pause Remark
[2026-02-10T17:28:12.171+0530] GC(4) Pause Remark 26M->26M(256M) 2.900ms
[2026-02-10T17:28:12.171+0530] GC(4) User=0.02s Sys=0.05s Real=0.00s
[2026-02-10T17:28:12.171+0530] GC(4) Concurrent Mark 24.371ms
[2026-02-10T17:28:12.172+0530] GC(4) Concurrent Rebuild Remembered Sets
[2026-02-10T17:28:12.183+0530] GC(4) Concurrent Rebuild Remembered Sets 10.919ms
[2026-02-10T17:28:12.183+0530] GC(4) Pause Cleanup
[2026-02-10T17:28:12.183+0530] GC(4) Pause Cleanup 26M->26M(256M) 0.090ms
[2026-02-10T17:28:12.183+0530] GC(4) User=0.00s Sys=0.00s Real=0.00s
[2026-02-10T17:28:12.183+0530] GC(4) Concurrent Cleanup for Next Mark
[2026-02-10T17:28:12.185+0530] GC(4) Concurrent Cleanup for Next Mark 1.612ms
[2026-02-10T17:28:12.185+0530] GC(4) Concurrent Mark Cycle 42.033ms
[2026-02-10T17:28:14.238+0530] GC(5) Pause Young (Normal) (G1 Evacuation Pause)
[2026-02-10T17:28:14.238+0530] GC(5) Using 4 workers of 4 for evacuation
[2026-02-10T17:28:14.252+0530] GC(5)   Pre Evacuate Collection Set: 0.1ms
[2026-02-10T17:28:14.252+0530] GC(5)   Merge Heap Roots: 0.1ms
[2026-02-10T17:28:14.252+0530] GC(5)   Evacuate Collection Set: 12.1ms
[2026-02-10T17:28:14.252+0530] GC(5)   Post Evacuate Collection Set: 0.7ms
[2026-02-10T17:28:14.252+0530] GC(5)   Other: 0.2ms
[2026-02-10T17:28:14.252+0530] GC(5) Eden regions: 108->0(147)
[2026-02-10T17:28:14.252+0530] GC(5) Survivor regions: 12->6(15)
[2026-02-10T17:28:14.252+0530] GC(5) Old regions: 9->21
[2026-02-10T17:28:14.252+0530] GC(5) Archive regions: 0->0
[2026-02-10T17:28:14.252+0530] GC(5) Humongous regions: 5->5
[2026-02-10T17:28:14.252+0530] GC(5) Metaspace: 35409K(35968K)->35409K(35968K) NonClass: 31470K(31744K)->31470K(31744K) Class: 3939K(4224K)->3939K(4224K)
[2026-02-10T17:28:14.252+0530] GC(5) Pause Young (Normal) (G1 Evacuation Pause) 133M->30M(256M) 13.368ms
[2026-02-10T17:28:14.252+0530] GC(5) User=0.03s Sys=0.03s Real=0.01s
[2026-02-10T17:28:14.293+0530] GC(6) Pause Young (Concurrent Start) (Metadata GC Threshold)
[2026-02-10T17:28:14.293+0530] GC(6) Using 4 workers of 4 for evacuation
[2026-02-10T17:28:14.300+0530] GC(6)   Pre Evacuate Collection Set: 0.1ms
[2026-02-10T17:28:14.300+0530] GC(6)   Merge Heap Roots: 0.1ms
[2026-02-10T17:28:14.300+0530] GC(6)   Evacuate Collection Set: 6.5ms
[2026-02-10T17:28:14.300+0530] GC(6)   Post Evacuate Collection Set: 0.4ms
[2026-02-10T17:28:14.300+0530] GC(6)   Other: 0.2ms
[2026-02-10T17:28:14.300+0530] GC(6) Eden regions: 2->0(147)
[2026-02-10T17:28:14.300+0530] GC(6) Survivor regions: 6->6(20)
[2026-02-10T17:28:14.300+0530] GC(6) Old regions: 21->21
[2026-02-10T17:28:14.300+0530] GC(6) Archive regions: 0->0
[2026-02-10T17:28:14.300+0530] GC(6) Humongous regions: 5->5
[2026-02-10T17:28:14.300+0530] GC(6) Metaspace: 35591K(36096K)->35591K(36096K) NonClass: 31637K(31872K)->31637K(31872K) Class: 3953K(4224K)->3953K(4224K)
[2026-02-10T17:28:14.300+0530] GC(6) Pause Young (Concurrent Start) (Metadata GC Threshold) 32M->30M(256M) 7.496ms
[2026-02-10T17:28:14.300+0530] GC(6) User=0.05s Sys=0.02s Real=0.01s
[2026-02-10T17:28:14.300+0530] GC(7) Concurrent Mark Cycle
[2026-02-10T17:28:14.300+0530] GC(7) Concurrent Clear Claimed Marks
[2026-02-10T17:28:14.300+0530] GC(7) Concurrent Clear Claimed Marks 0.046ms
[2026-02-10T17:28:14.300+0530] GC(7) Concurrent Scan Root Regions
[2026-02-10T17:28:14.307+0530] GC(7) Concurrent Scan Root Regions 6.967ms
[2026-02-10T17:28:14.307+0530] GC(7) Concurrent Mark
[2026-02-10T17:28:14.307+0530] GC(7) Concurrent Mark From Roots
[2026-02-10T17:28:14.307+0530] GC(7) Using 1 workers of 1 for marking
[2026-02-10T17:28:14.339+0530] GC(7) Concurrent Mark From Roots 31.469ms
[2026-02-10T17:28:14.339+0530] GC(7) Concurrent Preclean
[2026-02-10T17:28:14.339+0530] GC(7) Concurrent Preclean 0.073ms
[2026-02-10T17:28:14.339+0530] GC(7) Pause Remark
[2026-02-10T17:28:14.352+0530] GC(7) Pause Remark 31M->31M(256M) 12.144ms
[2026-02-10T17:28:14.352+0530] GC(7) User=0.05s Sys=0.02s Real=0.01s
[2026-02-10T17:28:14.358+0530] GC(7) Concurrent Mark 50.365ms
[2026-02-10T17:28:14.358+0530] GC(7) Concurrent Rebuild Remembered Sets
[2026-02-10T17:28:14.374+0530] GC(7) Concurrent Rebuild Remembered Sets 15.358ms
[2026-02-10T17:28:14.374+0530] GC(7) Pause Cleanup
[2026-02-10T17:28:14.374+0530] GC(7) Pause Cleanup 31M->31M(256M) 0.094ms
[2026-02-10T17:28:14.374+0530] GC(7) User=0.00s Sys=0.00s Real=0.00s
[2026-02-10T17:28:14.374+0530] GC(7) Concurrent Cleanup for Next Mark
[2026-02-10T17:28:14.376+0530] GC(7) Concurrent Cleanup for Next Mark 1.626ms
[2026-02-10T17:28:14.376+0530] GC(7) Concurrent Mark Cycle 74.933ms
[2026-02-10T17:28:17.127+0530] GC(8) Pause Young (Normal) (G1 Evacuation Pause)
[2026-02-10T17:28:17.127+0530] GC(8) Using 4 workers of 4 for evacuation
[2026-02-10T17:28:17.167+0530] GC(8)   Pre Evacuate Collection Set: 0.1ms
[2026-02-10T17:28:17.167+0530] GC(8)   Merge Heap Roots: 0.1ms
[2026-02-10T17:28:17.167+0530] GC(8)   Evacuate Collection Set: 39.4ms
[2026-02-10T17:28:17.167+0530] GC(8)   Post Evacuate Collection Set: 0.6ms
[2026-02-10T17:28:17.168+0530] GC(8)   Other: 0.2ms
[2026-02-10T17:28:17.168+0530] GC(8) Eden regions: 147->0(131)
[2026-02-10T17:28:17.168+0530] GC(8) Survivor regions: 6->20(20)
[2026-02-10T17:28:17.168+0530] GC(8) Old regions: 21->25
[2026-02-10T17:28:17.168+0530] GC(8) Archive regions: 0->0
[2026-02-10T17:28:17.168+0530] GC(8) Humongous regions: 5->5
[2026-02-10T17:28:17.168+0530] GC(8) Metaspace: 36713K(37312K)->36713K(37312K) NonClass: 32710K(33024K)->32710K(33024K) Class: 4002K(4288K)->4002K(4288K)
[2026-02-10T17:28:17.168+0530] GC(8) Pause Young (Normal) (G1 Evacuation Pause) 177M->49M(256M) 40.479ms
[2026-02-10T17:28:17.168+0530] GC(8) User=0.09s Sys=0.03s Real=0.04s
[2026-02-10T17:28:18.019+0530] Heap
[2026-02-10T17:28:18.019+0530]  garbage-first heap   total 262144K, used 137566K [0x00000000f0000000, 0x0000000100000000)
[2026-02-10T17:28:18.019+0530]   region size 1024K, 105 young (107520K), 20 survivors (20480K)
[2026-02-10T17:28:18.019+0530]  Metaspace       used 36854K, committed 37440K, reserved 1114112K
[2026-02-10T17:28:18.019+0530]   class space    used 4017K, committed 4288K, reserved 1048576K
