[2026-02-10T17:26:32.671+0530] Using G1
[2026-02-10T17:26:32.674+0530] Version: 17.0.12+8-LTS-286 (release)
[2026-02-10T17:26:32.674+0530] CPUs: 8 total, 4 available
[2026-02-10T17:26:32.674+0530] Memory: 7914M
[2026-02-10T17:26:32.674+0530] Large Page Support: Disabled
[2026-02-10T17:26:32.674+0530] NUMA Support: Disabled
[2026-02-10T17:26:32.674+0530] Compressed Oops: Enabled (32-bit)
[2026-02-10T17:26:32.674+0530] Heap Region Size: 1M
[2026-02-10T17:26:32.674+0530] Heap Min Capacity: 128M
[2026-02-10T17:26:32.674+0530] Heap Initial Capacity: 128M
[2026-02-10T17:26:32.674+0530] Heap Max Capacity: 128M
[2026-02-10T17:26:32.674+0530] Pre-touch: Disabled
[2026-02-10T17:26:32.674+0530] Parallel Workers: 4
[2026-02-10T17:26:32.674+0530] Concurrent Workers: 1
[2026-02-10T17:26:32.675+0530] Concurrent Refinement Workers: 4
[2026-02-10T17:26:32.675+0530] Periodic GC: Disabled
[2026-02-10T17:26:32.690+0530] CDS archive(s) mapped at: [0x0000019c80000000-0x0000019c80bd0000-0x0000019c80bd0000), size 12386304, SharedBaseAddress: 0x0000019c80000000, ArchiveRelocationMode: 1.
[2026-02-10T17:26:32.690+0530] Compressed class space mapped at: 0x0000019c81000000-0x0000019cc1000000, reserved size: 1073741824
[2026-02-10T17:26:32.690+0530] Narrow klass base: 0x0000019c80000000, Narrow klass shift: 0, Narrow klass range: 0x100000000
[2026-02-10T17:26:33.309+0530] GC(0) Pause Young (Normal) (G1 Evacuation Pause)
[2026-02-10T17:26:33.309+0530] GC(0) Using 3 workers of 4 for evacuation
[2026-02-10T17:26:33.316+0530] GC(0)   Pre Evacuate Collection Set: 0.1ms
[2026-02-10T17:26:33.316+0530] GC(0)   Merge Heap Roots: 0.0ms
[2026-02-10T17:26:33.316+0530] GC(0)   Evacuate Collection Set: 5.9ms
[2026-02-10T17:26:33.316+0530] GC(0)   Post Evacuate Collection Set: 0.5ms
[2026-02-10T17:26:33.316+0530] GC(0)   Other: 0.4ms
[2026-02-10T17:26:33.316+0530] GC(0) Eden regions: 13->0(13)
[2026-02-10T17:26:33.316+0530] GC(0) Survivor regions: 0->2(2)
[2026-02-10T17:26:33.316+0530] GC(0) Old regions: 0->3
[2026-02-10T17:26:33.316+0530] GC(0) Archive regions: 0->0
[2026-02-10T17:26:33.316+0530] GC(0) Humongous regions: 5->5
[2026-02-10T17:26:33.316+0530] GC(0) Metaspace: 4447K(4672K)->4447K(4672K) NonClass: 3967K(4096K)->3967K(4096K) Class: 480K(576K)->480K(576K)
[2026-02-10T17:26:33.316+0530] GC(0) Pause Young (Normal) (G1 Evacuation Pause) 18M->9M(128M) 7.110ms
[2026-02-10T17:26:33.316+0530] GC(0) User=0.05s Sys=0.02s Real=0.01s
[2026-02-10T17:26:33.523+0530] GC(1) Pause Young (Normal) (G1 Evacuation Pause)
[2026-02-10T17:26:33.524+0530] GC(1) Using 3 workers of 4 for evacuation
[2026-02-10T17:26:33.532+0530] GC(1)   Pre Evacuate Collection Set: 0.0ms
[2026-02-10T17:26:33.532+0530] GC(1)   Merge Heap Roots: 0.1ms
[2026-02-10T17:26:33.532+0530] GC(1)   Evacuate Collection Set: 8.0ms
[2026-02-10T17:26:33.532+0530] GC(1)   Post Evacuate Collection Set: 0.3ms
[2026-02-10T17:26:33.532+0530] GC(1)   Other: 0.1ms
[2026-02-10T17:26:33.532+0530] GC(1) Eden regions: 13->0(17)
[2026-02-10T17:26:33.532+0530] GC(1) Survivor regions: 2->2(2)
[2026-02-10T17:26:33.532+0530] GC(1) Old regions: 3->6
[2026-02-10T17:26:33.532+0530] GC(1) Archive regions: 0->0
[2026-02-10T17:26:33.532+0530] GC(1) Humongous regions: 5->5
[2026-02-10T17:26:33.532+0530] GC(1) Metaspace: 6001K(6144K)->6001K(6144K) NonClass: 5343K(5440K)->5343K(5440K) Class: 657K(704K)->657K(704K)
[2026-02-10T17:26:33.532+0530] GC(1) Pause Young (Normal) (G1 Evacuation Pause) 22M->12M(128M) 8.846ms
[2026-02-10T17:26:33.532+0530] GC(1) User=0.06s Sys=0.00s Real=0.01s
[2026-02-10T17:26:33.944+0530] GC(2) Pause Young (Normal) (G1 Evacuation Pause)
[2026-02-10T17:26:33.944+0530] GC(2) Using 3 workers of 4 for evacuation
[2026-02-10T17:26:33.949+0530] GC(2)   Pre Evacuate Collection Set: 0.1ms
[2026-02-10T17:26:33.949+0530] GC(2)   Merge Heap Roots: 0.1ms
[2026-02-10T17:26:33.949+0530] GC(2)   Evacuate Collection Set: 4.4ms
[2026-02-10T17:26:33.949+0530] GC(2)   Post Evacuate Collection Set: 0.3ms
[2026-02-10T17:26:33.949+0530] GC(2)   Other: 0.2ms
[2026-02-10T17:26:33.949+0530] GC(2) Eden regions: 17->0(70)
[2026-02-10T17:26:33.949+0530] GC(2) Survivor regions: 2->2(3)
[2026-02-10T17:26:33.949+0530] GC(2) Old regions: 6->8
[2026-02-10T17:26:33.949+0530] GC(2) Archive regions: 0->0
[2026-02-10T17:26:33.949+0530] GC(2) Humongous regions: 5->5
[2026-02-10T17:26:33.949+0530] GC(2) Metaspace: 11075K(11264K)->11075K(11264K) NonClass: 9824K(9920K)->9824K(9920K) Class: 1250K(1344K)->1250K(1344K)
[2026-02-10T17:26:33.949+0530] GC(2) Pause Young (Normal) (G1 Evacuation Pause) 29M->14M(128M) 5.378ms
[2026-02-10T17:26:33.949+0530] GC(2) User=0.00s Sys=0.00s Real=0.00s
[2026-02-10T17:26:35.173+0530] GC(3) Pause Young (Concurrent Start) (Metadata GC Threshold)
[2026-02-10T17:26:35.173+0530] GC(3) Using 3 workers of 4 for evacuation
[2026-02-10T17:26:35.185+0530] GC(3)   Pre Evacuate Collection Set: 0.1ms
[2026-02-10T17:26:35.185+0530] GC(3)   Merge Heap Roots: 0.1ms
[2026-02-10T17:26:35.185+0530] GC(3)   Evacuate Collection Set: 10.8ms
[2026-02-10T17:26:35.185+0530] GC(3)   Post Evacuate Collection Set: 0.7ms
[2026-02-10T17:26:35.185+0530] GC(3)   Other: 0.3ms
[2026-02-10T17:26:35.185+0530] GC(3) Eden regions: 64->0(55)
[2026-02-10T17:26:35.185+0530] GC(3) Survivor regions: 2->9(9)
[2026-02-10T17:26:35.185+0530] GC(3) Old regions: 8->12
[2026-02-10T17:26:35.185+0530] GC(3) Archive regions: 0->0
[2026-02-10T17:26:35.185+0530] GC(3) Humongous regions: 5->5
[2026-02-10T17:26:35.185+0530] GC(3) Metaspace: 21247K(21504K)->21247K(21504K) NonClass: 19076K(19200K)->19076K(19200K) Class: 2170K(2304K)->2170K(2304K)
[2026-02-10T17:26:35.185+0530] GC(3) Pause Young (Concurrent Start) (Metadata GC Threshold) 77M->25M(128M) 12.263ms
[2026-02-10T17:26:35.185+0530] GC(3) User=0.00s Sys=0.00s Real=0.01s
[2026-02-10T17:26:35.185+0530] GC(4) Concurrent Mark Cycle
[2026-02-10T17:26:35.185+0530] GC(4) Concurrent Clear Claimed Marks
[2026-02-10T17:26:35.186+0530] GC(4) Concurrent Clear Claimed Marks 0.065ms
[2026-02-10T17:26:35.186+0530] GC(4) Concurrent Scan Root Regions
[2026-02-10T17:26:35.192+0530] GC(4) Concurrent Scan Root Regions 5.596ms
[2026-02-10T17:26:35.192+0530] GC(4) Concurrent Mark
[2026-02-10T17:26:35.192+0530] GC(4) Concurrent Mark From Roots
[2026-02-10T17:26:35.192+0530] GC(4) Using 1 workers of 1 for marking
[2026-02-10T17:26:35.221+0530] GC(4) Concurrent Mark From Roots 29.732ms
[2026-02-10T17:26:35.221+0530] GC(4) Concurrent Preclean
[2026-02-10T17:26:35.222+0530] GC(4) Concurrent Preclean 0.098ms
[2026-02-10T17:26:35.222+0530] GC(4) Pause Remark
[2026-02-10T17:26:35.226+0530] GC(4) Pause Remark 26M->26M(128M) 4.221ms
[2026-02-10T17:26:35.226+0530] GC(4) User=0.00s Sys=0.00s Real=0.00s
[2026-02-10T17:26:35.227+0530] GC(4) Concurrent Mark 34.806ms
[2026-02-10T17:26:35.227+0530] GC(4) Concurrent Rebuild Remembered Sets
[2026-02-10T17:26:35.241+0530] GC(4) Concurrent Rebuild Remembered Sets 14.798ms
[2026-02-10T17:26:35.242+0530] GC(4) Pause Cleanup
[2026-02-10T17:26:35.242+0530] GC(4) Pause Cleanup 26M->26M(128M) 0.107ms
[2026-02-10T17:26:35.242+0530] GC(4) User=0.00s Sys=0.00s Real=0.00s
[2026-02-10T17:26:35.242+0530] GC(4) Concurrent Cleanup for Next Mark
[2026-02-10T17:26:35.243+0530] GC(4) Concurrent Cleanup for Next Mark 1.043ms
[2026-02-10T17:26:35.243+0530] GC(4) Concurrent Mark Cycle 57.370ms
[2026-02-10T17:26:36.715+0530] GC(5) Pause Young (Normal) (G1 Evacuation Pause)
[2026-02-10T17:26:36.715+0530] GC(5) Using 3 workers of 4 for evacuation
[2026-02-10T17:26:36.738+0530] GC(5)   Pre Evacuate Collection Set: 0.1ms
[2026-02-10T17:26:36.738+0530] GC(5)   Merge Heap Roots: 0.1ms
[2026-02-10T17:26:36.738+0530] GC(5)   Evacuate Collection Set: 21.5ms
[2026-02-10T17:26:36.738+0530] GC(5)   Post Evacuate Collection Set: 0.6ms
[2026-02-10T17:26:36.738+0530] GC(5)   Other: 0.2ms
[2026-02-10T17:26:36.738+0530] GC(5) Eden regions: 55->0(55)
[2026-02-10T17:26:36.738+0530] GC(5) Survivor regions: 9->4(8)
[2026-02-10T17:26:36.738+0530] GC(5) Old regions: 12->21
[2026-02-10T17:26:36.738+0530] GC(5) Archive regions: 0->0
[2026-02-10T17:26:36.738+0530] GC(5) Humongous regions: 5->5
[2026-02-10T17:26:36.738+0530] GC(5) Metaspace: 27472K(27904K)->27472K(27904K) NonClass: 24513K(24768K)->24513K(24768K) Class: 2958K(3136K)->2958K(3136K)
[2026-02-10T17:26:36.738+0530] GC(5) Pause Young (Normal) (G1 Evacuation Pause) 80M->28M(128M) 22.627ms
[2026-02-10T17:26:36.738+0530] GC(5) User=0.09s Sys=0.03s Real=0.02s
[2026-02-10T17:26:37.658+0530] GC(6) Pause Young (Concurrent Start) (Metadata GC Threshold)
[2026-02-10T17:26:37.658+0530] GC(6) Using 3 workers of 4 for evacuation
[2026-02-10T17:26:37.667+0530] GC(6)   Pre Evacuate Collection Set: 0.1ms
[2026-02-10T17:26:37.667+0530] GC(6)   Merge Heap Roots: 0.1ms
[2026-02-10T17:26:37.667+0530] GC(6)   Evacuate Collection Set: 7.9ms
[2026-02-10T17:26:37.667+0530] GC(6)   Post Evacuate Collection Set: 0.4ms
[2026-02-10T17:26:37.667+0530] GC(6)   Other: 0.2ms
[2026-02-10T17:26:37.667+0530] GC(6) Eden regions: 53->0(58)
[2026-02-10T17:26:37.667+0530] GC(6) Survivor regions: 4->6(8)
[2026-02-10T17:26:37.667+0530] GC(6) Old regions: 21->21
[2026-02-10T17:26:37.667+0530] GC(6) Archive regions: 0->0
[2026-02-10T17:26:37.667+0530] GC(6) Humongous regions: 5->5
[2026-02-10T17:26:37.667+0530] GC(6) Metaspace: 35436K(35968K)->35436K(35968K) NonClass: 31495K(31744K)->31495K(31744K) Class: 3941K(4224K)->3941K(4224K)
[2026-02-10T17:26:37.667+0530] GC(6) Pause Young (Concurrent Start) (Metadata GC Threshold) 81M->31M(128M) 8.768ms
[2026-02-10T17:26:37.667+0530] GC(6) User=0.00s Sys=0.00s Real=0.01s
[2026-02-10T17:26:37.667+0530] GC(7) Concurrent Mark Cycle
[2026-02-10T17:26:37.667+0530] GC(7) Concurrent Clear Claimed Marks
[2026-02-10T17:26:37.667+0530] GC(7) Concurrent Clear Claimed Marks 0.036ms
[2026-02-10T17:26:37.667+0530] GC(7) Concurrent Scan Root Regions
[2026-02-10T17:26:37.674+0530] GC(7) Concurrent Scan Root Regions 6.685ms
[2026-02-10T17:26:37.674+0530] GC(7) Concurrent Mark
[2026-02-10T17:26:37.674+0530] GC(7) Concurrent Mark From Roots
[2026-02-10T17:26:37.674+0530] GC(7) Using 1 workers of 1 for marking
[2026-02-10T17:26:37.711+0530] GC(7) Concurrent Mark From Roots 36.170ms
[2026-02-10T17:26:37.711+0530] GC(7) Concurrent Preclean
[2026-02-10T17:26:37.711+0530] GC(7) Concurrent Preclean 0.089ms
[2026-02-10T17:26:37.711+0530] GC(7) Pause Remark
[2026-02-10T17:26:37.719+0530] GC(7) Pause Remark 31M->31M(128M) 9.250ms
[2026-02-10T17:26:37.719+0530] GC(7) User=0.03s Sys=0.00s Real=0.01s
[2026-02-10T17:26:37.722+0530] GC(7) Concurrent Mark 48.038ms
[2026-02-10T17:26:37.722+0530] GC(7) Concurrent Rebuild Remembered Sets
[2026-02-10T17:26:37.739+0530] GC(7) Concurrent Rebuild Remembered Sets 16.849ms
[2026-02-10T17:26:37.739+0530] GC(7) Pause Cleanup
[2026-02-10T17:26:37.739+0530] GC(7) Pause Cleanup 31M->31M(128M) 0.083ms
[2026-02-10T17:26:37.739+0530] GC(7) User=0.00s Sys=0.00s Real=0.00s
[2026-02-10T17:26:37.739+0530] GC(7) Concurrent Cleanup for Next Mark
[2026-02-10T17:26:37.740+0530] GC(7) Concurrent Cleanup for Next Mark 1.071ms
[2026-02-10T17:26:37.740+0530] GC(7) Concurrent Mark Cycle 73.269ms
[2026-02-10T17:26:39.081+0530] GC(8) Pause Young (Normal) (G1 Evacuation Pause)
[2026-02-10T17:26:39.081+0530] GC(8) Using 3 workers of 4 for evacuation
[2026-02-10T17:26:39.096+0530] GC(8)   Pre Evacuate Collection Set: 0.1ms
[2026-02-10T17:26:39.096+0530] GC(8)   Merge Heap Roots: 0.1ms
[2026-02-10T17:26:39.096+0530] GC(8)   Evacuate Collection Set: 14.7ms
[2026-02-10T17:26:39.096+0530] GC(8)   Post Evacuate Collection Set: 0.4ms
[2026-02-10T17:26:39.096+0530] GC(8)   Other: 0.1ms
[2026-02-10T17:26:39.096+0530] GC(8) Eden regions: 58->0(55)
[2026-02-10T17:26:39.096+0530] GC(8) Survivor regions: 6->8(8)
[2026-02-10T17:26:39.096+0530] GC(8) Old regions: 21->25
[2026-02-10T17:26:39.096+0530] GC(8) Archive regions: 0->0
[2026-02-10T17:26:39.096+0530] GC(8) Humongous regions: 5->5
[2026-02-10T17:26:39.096+0530] GC(8) Metaspace: 36597K(37120K)->36597K(37120K) NonClass: 32606K(32896K)->32606K(32896K) Class: 3991K(4224K)->3991K(4224K)
[2026-02-10T17:26:39.096+0530] GC(8) Pause Young (Normal) (G1 Evacuation Pause) 89M->37M(128M) 15.541ms
[2026-02-10T17:26:39.096+0530] GC(8) User=0.05s Sys=0.00s Real=0.01s
[2026-02-10T17:26:39.848+0530] GC(9) Pause Young (Normal) (G1 Evacuation Pause)
[2026-02-10T17:26:39.848+0530] GC(9) Using 3 workers of 4 for evacuation
[2026-02-10T17:26:39.870+0530] GC(9)   Pre Evacuate Collection Set: 0.1ms
[2026-02-10T17:26:39.870+0530] GC(9)   Merge Heap Roots: 0.1ms
[2026-02-10T17:26:39.870+0530] GC(9)   Evacuate Collection Set: 21.2ms
[2026-02-10T17:26:39.870+0530] GC(9)   Post Evacuate Collection Set: 0.4ms
[2026-02-10T17:26:39.870+0530] GC(9)   Other: 0.1ms
[2026-02-10T17:26:39.870+0530] GC(9) Eden regions: 55->0(50)
[2026-02-10T17:26:39.870+0530] GC(9) Survivor regions: 8->8(8)
[2026-02-10T17:26:39.870+0530] GC(9) Old regions: 25->33
[2026-02-10T17:26:39.870+0530] GC(9) Archive regions: 0->0
[2026-02-10T17:26:39.870+0530] GC(9) Humongous regions: 5->5
[2026-02-10T17:26:39.870+0530] GC(9) Metaspace: 36639K(37120K)->36639K(37120K) NonClass: 32646K(32896K)->32646K(32896K) Class: 3993K(4224K)->3993K(4224K)
[2026-02-10T17:26:39.870+0530] GC(9) Pause Young (Normal) (G1 Evacuation Pause) 92M->45M(128M) 22.045ms
[2026-02-10T17:26:39.870+0530] GC(9) User=0.03s Sys=0.02s Real=0.02s
[2026-02-10T17:26:40.696+0530] GC(10) Pause Young (Normal) (G1 Evacuation Pause)
[2026-02-10T17:26:40.696+0530] GC(10) Using 3 workers of 4 for evacuation
[2026-02-10T17:26:40.731+0530] GC(10)   Pre Evacuate Collection Set: 0.1ms
[2026-02-10T17:26:40.731+0530] GC(10)   Merge Heap Roots: 0.1ms
[2026-02-10T17:26:40.731+0530] GC(10)   Evacuate Collection Set: 34.4ms
[2026-02-10T17:26:40.731+0530] GC(10)   Post Evacuate Collection Set: 0.3ms
[2026-02-10T17:26:40.731+0530] GC(10)   Other: 0.2ms
[2026-02-10T17:26:40.731+0530] GC(10) Eden regions: 50->0(45)
[2026-02-10T17:26:40.731+0530] GC(10) Survivor regions: 8->8(8)
[2026-02-10T17:26:40.732+0530] GC(10) Old regions: 33->41
[2026-02-10T17:26:40.732+0530] GC(10) Archive regions: 0->0
[2026-02-10T17:26:40.732+0530] GC(10) Humongous regions: 5->5
[2026-02-10T17:26:40.732+0530] GC(10) Metaspace: 36710K(37248K)->36710K(37248K) NonClass: 32710K(32960K)->32710K(32960K) Class: 3999K(4288K)->3999K(4288K)
[2026-02-10T17:26:40.732+0530] GC(10) Pause Young (Normal) (G1 Evacuation Pause) 95M->54M(128M) 35.356ms
[2026-02-10T17:26:40.732+0530] GC(10) User=0.12s Sys=0.00s Real=0.04s
[2026-02-10T17:26:41.314+0530] GC(11) Pause Young (Normal) (G1 Evacuation Pause)
[2026-02-10T17:26:41.315+0530] GC(11) Using 3 workers of 4 for evacuation
[2026-02-10T17:26:41.343+0530] GC(11)   Pre Evacuate Collection Set: 0.1ms
[2026-02-10T17:26:41.343+0530] GC(11)   Merge Heap Roots: 0.1ms
[2026-02-10T17:26:41.343+0530] GC(11)   Evacuate Collection Set: 28.1ms
[2026-02-10T17:26:41.343+0530] GC(11)   Post Evacuate Collection Set: 0.3ms
[2026-02-10T17:26:41.343+0530] GC(11)   Other: 0.1ms
[2026-02-10T17:26:41.343+0530] GC(11) Eden regions: 45->0(36)
[2026-02-10T17:26:41.343+0530] GC(11) Survivor regions: 8->7(7)
[2026-02-10T17:26:41.343+0530] GC(11) Old regions: 41->51
[2026-02-10T17:26:41.343+0530] GC(11) Archive regions: 0->0
[2026-02-10T17:26:41.343+0530] GC(11) Humongous regions: 5->5
[2026-02-10T17:26:41.343+0530] GC(11) Metaspace: 36739K(37248K)->36739K(37248K) NonClass: 32737K(32960K)->32737K(32960K) Class: 4002K(4288K)->4002K(4288K)
[2026-02-10T17:26:41.343+0530] GC(11) Pause Young (Normal) (G1 Evacuation Pause) 99M->62M(128M) 28.880ms
[2026-02-10T17:26:41.343+0530] GC(11) User=0.12s Sys=0.00s Real=0.03s
[2026-02-10T17:26:41.592+0530] Heap
[2026-02-10T17:26:41.592+0530]  garbage-first heap   total 131072K, used 89361K [0x00000000f8000000, 0x0000000100000000)
[2026-02-10T17:26:41.592+0530]   region size 1024K, 32 young (32768K), 7 survivors (7168K)
[2026-02-10T17:26:41.592+0530]  Metaspace       used 36833K, committed 37376K, reserved 1114112K
[2026-02-10T17:26:41.592+0530]   class space    used 4013K, committed 4288K, reserved 1048576K
