[2026-02-10T21:44:44.560+0530] Using G1
[2026-02-10T21:44:44.568+0530] Version: 17.0.12+8-LTS-286 (release)
[2026-02-10T21:44:44.569+0530] CPUs: 8 total, 4 available
[2026-02-10T21:44:44.569+0530] Memory: 7914M
[2026-02-10T21:44:44.569+0530] Large Page Support: Disabled
[2026-02-10T21:44:44.569+0530] NUMA Support: Disabled
[2026-02-10T21:44:44.569+0530] Compressed Oops: Enabled (32-bit)
[2026-02-10T21:44:44.569+0530] Heap Region Size: 1M
[2026-02-10T21:44:44.569+0530] Heap Min Capacity: 512M
[2026-02-10T21:44:44.569+0530] Heap Initial Capacity: 512M
[2026-02-10T21:44:44.569+0530] Heap Max Capacity: 512M
[2026-02-10T21:44:44.569+0530] Pre-touch: Disabled
[2026-02-10T21:44:44.569+0530] Parallel Workers: 4
[2026-02-10T21:44:44.569+0530] Concurrent Workers: 1
[2026-02-10T21:44:44.569+0530] Concurrent Refinement Workers: 4
[2026-02-10T21:44:44.569+0530] Periodic GC: Disabled
[2026-02-10T21:44:44.588+0530] CDS archive(s) mapped at: [0x000001c1c1000000-0x000001c1c1bd0000-0x000001c1c1bd0000), size 12386304, SharedBaseAddress: 0x000001c1c1000000, ArchiveRelocationMode: 1.
[2026-02-10T21:44:44.588+0530] Compressed class space mapped at: 0x000001c1c2000000-0x000001c202000000, reserved size: 1073741824
[2026-02-10T21:44:44.588+0530] Narrow klass base: 0x000001c1c1000000, Narrow klass shift: 0, Narrow klass range: 0x100000000
[2026-02-10T21:44:45.643+0530] GC(0) Pause Young (Normal) (G1 Evacuation Pause)
[2026-02-10T21:44:45.643+0530] GC(0) Using 4 workers of 4 for evacuation
[2026-02-10T21:44:45.658+0530] GC(0)   Pre Evacuate Collection Set: 0.1ms
[2026-02-10T21:44:45.658+0530] GC(0)   Merge Heap Roots: 0.1ms
[2026-02-10T21:44:45.658+0530] GC(0)   Evacuate Collection Set: 13.9ms
[2026-02-10T21:44:45.658+0530] GC(0)   Post Evacuate Collection Set: 0.8ms
[2026-02-10T21:44:45.658+0530] GC(0)   Other: 0.5ms
[2026-02-10T21:44:45.658+0530] GC(0) Eden regions: 25->0(21)
[2026-02-10T21:44:45.658+0530] GC(0) Survivor regions: 0->4(4)
[2026-02-10T21:44:45.658+0530] GC(0) Old regions: 0->4
[2026-02-10T21:44:45.658+0530] GC(0) Archive regions: 0->0
[2026-02-10T21:44:45.658+0530] GC(0) Humongous regions: 5->5
[2026-02-10T21:44:45.658+0530] GC(0) Metaspace: 5446K(5632K)->5446K(5632K) NonClass: 4875K(4992K)->4875K(4992K) Class: 570K(640K)->570K(640K)
[2026-02-10T21:44:45.658+0530] GC(0) Pause Young (Normal) (G1 Evacuation Pause) 30M->12M(512M) 15.694ms
[2026-02-10T21:44:45.658+0530] GC(0) User=0.03s Sys=0.00s Real=0.02s
[2026-02-10T21:44:47.082+0530] GC(1) Pause Young (Normal) (G1 Evacuation Pause)
[2026-02-10T21:44:47.083+0530] GC(1) Using 4 workers of 4 for evacuation
[2026-02-10T21:44:47.094+0530] GC(1)   Pre Evacuate Collection Set: 0.1ms
[2026-02-10T21:44:47.094+0530] GC(1)   Merge Heap Roots: 0.1ms
[2026-02-10T21:44:47.094+0530] GC(1)   Evacuate Collection Set: 10.2ms
[2026-02-10T21:44:47.094+0530] GC(1)   Post Evacuate Collection Set: 0.8ms
[2026-02-10T21:44:47.094+0530] GC(1)   Other: 0.2ms
[2026-02-10T21:44:47.094+0530] GC(1) Eden regions: 21->0(23)
[2026-02-10T21:44:47.094+0530] GC(1) Survivor regions: 4->3(4)
[2026-02-10T21:44:47.094+0530] GC(1) Old regions: 4->8
[2026-02-10T21:44:47.094+0530] GC(1) Archive regions: 0->0
[2026-02-10T21:44:47.094+0530] GC(1) Humongous regions: 5->5
[2026-02-10T21:44:47.094+0530] GC(1) Metaspace: 11786K(12096K)->11786K(12096K) NonClass: 10455K(10624K)->10455K(10624K) Class: 1331K(1472K)->1331K(1472K)
[2026-02-10T21:44:47.094+0530] GC(1) Pause Young (Normal) (G1 Evacuation Pause) 33M->14M(512M) 11.647ms
[2026-02-10T21:44:47.094+0530] GC(1) User=0.00s Sys=0.00s Real=0.01s
[2026-02-10T21:44:48.436+0530] GC(2) Pause Young (Normal) (G1 Evacuation Pause)
[2026-02-10T21:44:48.436+0530] GC(2) Using 4 workers of 4 for evacuation
[2026-02-10T21:44:48.461+0530] GC(2)   Pre Evacuate Collection Set: 0.1ms
[2026-02-10T21:44:48.461+0530] GC(2)   Merge Heap Roots: 0.1ms
[2026-02-10T21:44:48.461+0530] GC(2)   Evacuate Collection Set: 24.2ms
[2026-02-10T21:44:48.461+0530] GC(2)   Post Evacuate Collection Set: 0.6ms
[2026-02-10T21:44:48.461+0530] GC(2)   Other: 0.3ms
[2026-02-10T21:44:48.461+0530] GC(2) Eden regions: 23->0(37)
[2026-02-10T21:44:48.464+0530] GC(2) Survivor regions: 3->4(4)
[2026-02-10T21:44:48.464+0530] GC(2) Old regions: 8->15
[2026-02-10T21:44:48.464+0530] GC(2) Archive regions: 0->0
[2026-02-10T21:44:48.464+0530] GC(2) Humongous regions: 5->5
[2026-02-10T21:44:48.464+0530] GC(2) Metaspace: 14855K(15168K)->14855K(15168K) NonClass: 13195K(13376K)->13195K(13376K) Class: 1660K(1792K)->1660K(1792K)
[2026-02-10T21:44:48.464+0530] GC(2) Pause Young (Normal) (G1 Evacuation Pause) 37M->23M(512M) 28.086ms
[2026-02-10T21:44:48.464+0530] GC(2) User=0.08s Sys=0.00s Real=0.03s
[2026-02-10T21:44:50.972+0530] GC(3) Pause Young (Normal) (G1 Evacuation Pause)
[2026-02-10T21:44:50.972+0530] GC(3) Using 4 workers of 4 for evacuation
[2026-02-10T21:44:50.986+0530] GC(3)   Pre Evacuate Collection Set: 0.2ms
[2026-02-10T21:44:50.986+0530] GC(3)   Merge Heap Roots: 0.1ms
[2026-02-10T21:44:50.986+0530] GC(3)   Evacuate Collection Set: 12.8ms
[2026-02-10T21:44:50.986+0530] GC(3)   Post Evacuate Collection Set: 0.5ms
[2026-02-10T21:44:50.986+0530] GC(3)   Other: 0.3ms
[2026-02-10T21:44:50.986+0530] GC(3) Eden regions: 37->0(141)
[2026-02-10T21:44:50.986+0530] GC(3) Survivor regions: 4->3(6)
[2026-02-10T21:44:50.986+0530] GC(3) Old regions: 15->19
[2026-02-10T21:44:50.986+0530] GC(3) Archive regions: 0->0
[2026-02-10T21:44:50.986+0530] GC(3) Humongous regions: 5->5
[2026-02-10T21:44:50.986+0530] GC(3) Metaspace: 20920K(21248K)->20920K(21248K) NonClass: 18801K(18944K)->18801K(18944K) Class: 2118K(2304K)->2118K(2304K)
[2026-02-10T21:44:50.986+0530] GC(3) Pause Young (Normal) (G1 Evacuation Pause) 60M->25M(512M) 14.247ms
[2026-02-10T21:44:50.986+0530] GC(3) User=0.00s Sys=0.00s Real=0.01s
[2026-02-10T21:44:51.207+0530] GC(4) Pause Young (Concurrent Start) (Metadata GC Threshold)
[2026-02-10T21:44:51.207+0530] GC(4) Using 4 workers of 4 for evacuation
[2026-02-10T21:44:51.212+0530] GC(4)   Pre Evacuate Collection Set: 0.1ms
[2026-02-10T21:44:51.212+0530] GC(4)   Merge Heap Roots: 0.1ms
[2026-02-10T21:44:51.212+0530] GC(4)   Evacuate Collection Set: 4.4ms
[2026-02-10T21:44:51.212+0530] GC(4)   Post Evacuate Collection Set: 0.4ms
[2026-02-10T21:44:51.212+0530] GC(4)   Other: 0.3ms
[2026-02-10T21:44:51.212+0530] GC(4) Eden regions: 2->0(88)
[2026-02-10T21:44:51.212+0530] GC(4) Survivor regions: 3->3(18)
[2026-02-10T21:44:51.212+0530] GC(4) Old regions: 19->19
[2026-02-10T21:44:51.212+0530] GC(4) Archive regions: 0->0
[2026-02-10T21:44:51.212+0530] GC(4) Humongous regions: 5->5
[2026-02-10T21:44:51.212+0530] GC(4) Metaspace: 21235K(21504K)->21235K(21504K) NonClass: 19081K(19200K)->19081K(19200K) Class: 2154K(2304K)->2154K(2304K)
[2026-02-10T21:44:51.212+0530] GC(4) Pause Young (Concurrent Start) (Metadata GC Threshold) 27M->26M(512M) 5.713ms
[2026-02-10T21:44:51.212+0530] GC(4) User=0.00s Sys=0.00s Real=0.00s
[2026-02-10T21:44:51.212+0530] GC(5) Concurrent Mark Cycle
[2026-02-10T21:44:51.212+0530] GC(5) Concurrent Clear Claimed Marks
[2026-02-10T21:44:51.212+0530] GC(5) Concurrent Clear Claimed Marks 0.053ms
[2026-02-10T21:44:51.213+0530] GC(5) Concurrent Scan Root Regions
[2026-02-10T21:44:51.216+0530] GC(5) Concurrent Scan Root Regions 3.452ms
[2026-02-10T21:44:51.216+0530] GC(5) Concurrent Mark
[2026-02-10T21:44:51.216+0530] GC(5) Concurrent Mark From Roots
[2026-02-10T21:44:51.216+0530] GC(5) Using 1 workers of 1 for marking
[2026-02-10T21:44:51.257+0530] GC(5) Concurrent Mark From Roots 40.160ms
[2026-02-10T21:44:51.257+0530] GC(5) Concurrent Preclean
[2026-02-10T21:44:51.257+0530] GC(5) Concurrent Preclean 0.113ms
[2026-02-10T21:44:51.257+0530] GC(5) Pause Remark
[2026-02-10T21:44:51.265+0530] GC(5) Pause Remark 26M->26M(512M) 7.360ms
[2026-02-10T21:44:51.265+0530] GC(5) User=0.00s Sys=0.00s Real=0.01s
[2026-02-10T21:44:51.265+0530] GC(5) Concurrent Mark 48.992ms
[2026-02-10T21:44:51.265+0530] GC(5) Concurrent Rebuild Remembered Sets
[2026-02-10T21:44:51.290+0530] GC(5) Concurrent Rebuild Remembered Sets 25.190ms
[2026-02-10T21:44:51.304+0530] GC(5) Pause Cleanup
[2026-02-10T21:44:51.304+0530] GC(5) Pause Cleanup 26M->26M(512M) 0.649ms
[2026-02-10T21:44:51.304+0530] GC(5) User=0.00s Sys=0.00s Real=0.00s
[2026-02-10T21:44:51.310+0530] GC(5) Concurrent Cleanup for Next Mark
[2026-02-10T21:44:51.317+0530] GC(5) Concurrent Cleanup for Next Mark 7.557ms
[2026-02-10T21:44:51.318+0530] GC(5) Concurrent Mark Cycle 104.785ms
[2026-02-10T21:44:55.451+0530] GC(6) Pause Young (Normal) (G1 Evacuation Pause)
[2026-02-10T21:44:55.451+0530] GC(6) Using 4 workers of 4 for evacuation
[2026-02-10T21:44:55.466+0530] GC(6)   Pre Evacuate Collection Set: 0.1ms
[2026-02-10T21:44:55.466+0530] GC(6)   Merge Heap Roots: 0.1ms
[2026-02-10T21:44:55.466+0530] GC(6)   Evacuate Collection Set: 13.8ms
[2026-02-10T21:44:55.466+0530] GC(6)   Post Evacuate Collection Set: 0.7ms
[2026-02-10T21:44:55.466+0530] GC(6)   Other: 0.3ms
[2026-02-10T21:44:55.466+0530] GC(6) Eden regions: 88->0(301)
[2026-02-10T21:44:55.466+0530] GC(6) Survivor regions: 3->6(12)
[2026-02-10T21:44:55.466+0530] GC(6) Old regions: 19->19
[2026-02-10T21:44:55.466+0530] GC(6) Archive regions: 0->0
[2026-02-10T21:44:55.466+0530] GC(6) Humongous regions: 5->5
[2026-02-10T21:44:55.466+0530] GC(6) Metaspace: 31209K(31616K)->31209K(31616K) NonClass: 27870K(28096K)->27870K(28096K) Class: 3338K(3520K)->3338K(3520K)
[2026-02-10T21:44:55.466+0530] GC(6) Pause Young (Normal) (G1 Evacuation Pause) 114M->29M(512M) 15.312ms
[2026-02-10T21:44:55.466+0530] GC(6) User=0.05s Sys=0.02s Real=0.02s
[2026-02-10T21:44:56.465+0530] GC(7) Pause Young (Concurrent Start) (Metadata GC Threshold)
[2026-02-10T21:44:56.467+0530] GC(7) Using 4 workers of 4 for evacuation
[2026-02-10T21:44:56.477+0530] GC(7)   Pre Evacuate Collection Set: 0.1ms
[2026-02-10T21:44:56.477+0530] GC(7)   Merge Heap Roots: 0.1ms
[2026-02-10T21:44:56.477+0530] GC(7)   Evacuate Collection Set: 10.7ms
[2026-02-10T21:44:56.477+0530] GC(7)   Post Evacuate Collection Set: 0.7ms
[2026-02-10T21:44:56.477+0530] GC(7)   Other: 0.3ms
[2026-02-10T21:44:56.479+0530] GC(7) Eden regions: 23->0(299)
[2026-02-10T21:44:56.479+0530] GC(7) Survivor regions: 6->8(39)
[2026-02-10T21:44:56.479+0530] GC(7) Old regions: 19->19
[2026-02-10T21:44:56.479+0530] GC(7) Archive regions: 0->0
[2026-02-10T21:44:56.479+0530] GC(7) Humongous regions: 5->5
[2026-02-10T21:44:56.479+0530] GC(7) Metaspace: 35776K(36288K)->35776K(36288K) NonClass: 31838K(32128K)->31838K(32128K) Class: 3938K(4160K)->3938K(4160K)
[2026-02-10T21:44:56.479+0530] GC(7) Pause Young (Concurrent Start) (Metadata GC Threshold) 52M->30M(512M) 12.268ms
[2026-02-10T21:44:56.479+0530] GC(7) User=0.05s Sys=0.00s Real=0.01s
[2026-02-10T21:44:56.479+0530] GC(8) Concurrent Mark Cycle
[2026-02-10T21:44:56.479+0530] GC(8) Concurrent Clear Claimed Marks
[2026-02-10T21:44:56.479+0530] GC(8) Concurrent Clear Claimed Marks 0.047ms
[2026-02-10T21:44:56.479+0530] GC(8) Concurrent Scan Root Regions
[2026-02-10T21:44:56.489+0530] GC(8) Concurrent Scan Root Regions 10.703ms
[2026-02-10T21:44:56.489+0530] GC(8) Concurrent Mark
[2026-02-10T21:44:56.489+0530] GC(8) Concurrent Mark From Roots
[2026-02-10T21:44:56.489+0530] GC(8) Using 1 workers of 1 for marking
[2026-02-10T21:44:56.526+0530] GC(8) Concurrent Mark From Roots 36.217ms
[2026-02-10T21:44:56.526+0530] GC(8) Concurrent Preclean
[2026-02-10T21:44:56.526+0530] GC(8) Concurrent Preclean 0.100ms
[2026-02-10T21:44:56.526+0530] GC(8) Pause Remark
[2026-02-10T21:44:56.534+0530] GC(8) Pause Remark 33M->33M(512M) 8.274ms
[2026-02-10T21:44:56.534+0530] GC(8) User=0.05s Sys=0.00s Real=0.01s
[2026-02-10T21:44:56.534+0530] GC(8) Concurrent Mark 45.579ms
[2026-02-10T21:44:56.534+0530] GC(8) Concurrent Rebuild Remembered Sets
[2026-02-10T21:44:56.554+0530] GC(8) Concurrent Rebuild Remembered Sets 18.665ms
[2026-02-10T21:44:56.554+0530] GC(8) Pause Cleanup
[2026-02-10T21:44:56.555+0530] GC(8) Pause Cleanup 33M->33M(512M) 0.319ms
[2026-02-10T21:44:56.555+0530] GC(8) User=0.00s Sys=0.00s Real=0.00s
[2026-02-10T21:44:56.555+0530] GC(8) Concurrent Cleanup for Next Mark
[2026-02-10T21:44:56.561+0530] GC(8) Concurrent Cleanup for Next Mark 6.338ms
[2026-02-10T21:44:56.561+0530] GC(8) Concurrent Mark Cycle 82.490ms
[2026-02-10T21:45:02.671+0530] Heap
[2026-02-10T21:45:02.671+0530]  garbage-first heap   total 524288K, used 264949K [0x00000000e0000000, 0x0000000100000000)
[2026-02-10T21:45:02.671+0530]   region size 1024K, 237 young (242688K), 8 survivors (8192K)
[2026-02-10T21:45:02.671+0530]  Metaspace       used 37153K, committed 37760K, reserved 1114112K
[2026-02-10T21:45:02.671+0530]   class space    used 4015K, committed 4288K, reserved 1048576K
