[2026-02-10T17:18:06.427+0530] Using G1
[2026-02-10T17:18:06.429+0530] Version: 17.0.12+8-LTS-286 (release)
[2026-02-10T17:18:06.429+0530] CPUs: 8 total, 4 available
[2026-02-10T17:18:06.429+0530] Memory: 7914M
[2026-02-10T17:18:06.429+0530] Large Page Support: Disabled
[2026-02-10T17:18:06.429+0530] NUMA Support: Disabled
[2026-02-10T17:18:06.429+0530] Compressed Oops: Enabled (32-bit)
[2026-02-10T17:18:06.429+0530] Heap Region Size: 1M
[2026-02-10T17:18:06.429+0530] Heap Min Capacity: 128M
[2026-02-10T17:18:06.429+0530] Heap Initial Capacity: 128M
[2026-02-10T17:18:06.429+0530] Heap Max Capacity: 128M
[2026-02-10T17:18:06.430+0530] Pre-touch: Disabled
[2026-02-10T17:18:06.430+0530] Parallel Workers: 4
[2026-02-10T17:18:06.430+0530] Concurrent Workers: 1
[2026-02-10T17:18:06.430+0530] Concurrent Refinement Workers: 4
[2026-02-10T17:18:06.430+0530] Periodic GC: Disabled
[2026-02-10T17:18:06.445+0530] CDS archive(s) mapped at: [0x0000025900000000-0x0000025900bd0000-0x0000025900bd0000), size 12386304, SharedBaseAddress: 0x0000025900000000, ArchiveRelocationMode: 1.
[2026-02-10T17:18:06.445+0530] Compressed class space mapped at: 0x0000025901000000-0x0000025941000000, reserved size: 1073741824
[2026-02-10T17:18:06.445+0530] Narrow klass base: 0x0000025900000000, Narrow klass shift: 0, Narrow klass range: 0x100000000
[2026-02-10T17:18:07.016+0530] GC(0) Pause Young (Normal) (G1 Evacuation Pause)
[2026-02-10T17:18:07.016+0530] GC(0) Using 3 workers of 4 for evacuation
[2026-02-10T17:18:07.024+0530] GC(0)   Pre Evacuate Collection Set: 0.1ms
[2026-02-10T17:18:07.024+0530] GC(0)   Merge Heap Roots: 0.1ms
[2026-02-10T17:18:07.024+0530] GC(0)   Evacuate Collection Set: 6.8ms
[2026-02-10T17:18:07.024+0530] GC(0)   Post Evacuate Collection Set: 0.6ms
[2026-02-10T17:18:07.024+0530] GC(0)   Other: 0.4ms
[2026-02-10T17:18:07.024+0530] GC(0) Eden regions: 13->0(13)
[2026-02-10T17:18:07.024+0530] GC(0) Survivor regions: 0->2(2)
[2026-02-10T17:18:07.024+0530] GC(0) Old regions: 0->3
[2026-02-10T17:18:07.024+0530] GC(0) Archive regions: 0->0
[2026-02-10T17:18:07.024+0530] GC(0) Humongous regions: 5->5
[2026-02-10T17:18:07.024+0530] GC(0) Metaspace: 4447K(4672K)->4447K(4672K) NonClass: 3967K(4096K)->3967K(4096K) Class: 480K(576K)->480K(576K)
[2026-02-10T17:18:07.024+0530] GC(0) Pause Young (Normal) (G1 Evacuation Pause) 18M->9M(128M) 8.212ms
[2026-02-10T17:18:07.024+0530] GC(0) User=0.00s Sys=0.00s Real=0.01s
[2026-02-10T17:18:07.210+0530] GC(1) Pause Young (Normal) (G1 Evacuation Pause)
[2026-02-10T17:18:07.210+0530] GC(1) Using 3 workers of 4 for evacuation
[2026-02-10T17:18:07.219+0530] GC(1)   Pre Evacuate Collection Set: 0.0ms
[2026-02-10T17:18:07.219+0530] GC(1)   Merge Heap Roots: 0.1ms
[2026-02-10T17:18:07.219+0530] GC(1)   Evacuate Collection Set: 7.8ms
[2026-02-10T17:18:07.219+0530] GC(1)   Post Evacuate Collection Set: 0.3ms
[2026-02-10T17:18:07.219+0530] GC(1)   Other: 0.1ms
[2026-02-10T17:18:07.219+0530] GC(1) Eden regions: 13->0(18)
[2026-02-10T17:18:07.219+0530] GC(1) Survivor regions: 2->2(2)
[2026-02-10T17:18:07.219+0530] GC(1) Old regions: 3->6
[2026-02-10T17:18:07.219+0530] GC(1) Archive regions: 0->0
[2026-02-10T17:18:07.219+0530] GC(1) Humongous regions: 5->5
[2026-02-10T17:18:07.219+0530] GC(1) Metaspace: 5999K(6144K)->5999K(6144K) NonClass: 5341K(5440K)->5341K(5440K) Class: 657K(704K)->657K(704K)
[2026-02-10T17:18:07.219+0530] GC(1) Pause Young (Normal) (G1 Evacuation Pause) 22M->12M(128M) 8.685ms
[2026-02-10T17:18:07.219+0530] GC(1) User=0.03s Sys=0.03s Real=0.01s
[2026-02-10T17:18:07.653+0530] GC(2) Pause Young (Normal) (G1 Evacuation Pause)
[2026-02-10T17:18:07.653+0530] GC(2) Using 3 workers of 4 for evacuation
[2026-02-10T17:18:07.659+0530] GC(2)   Pre Evacuate Collection Set: 0.1ms
[2026-02-10T17:18:07.659+0530] GC(2)   Merge Heap Roots: 0.1ms
[2026-02-10T17:18:07.659+0530] GC(2)   Evacuate Collection Set: 5.7ms
[2026-02-10T17:18:07.659+0530] GC(2)   Post Evacuate Collection Set: 0.3ms
[2026-02-10T17:18:07.659+0530] GC(2)   Other: 0.2ms
[2026-02-10T17:18:07.659+0530] GC(2) Eden regions: 18->0(70)
[2026-02-10T17:18:07.659+0530] GC(2) Survivor regions: 2->2(3)
[2026-02-10T17:18:07.659+0530] GC(2) Old regions: 6->8
[2026-02-10T17:18:07.659+0530] GC(2) Archive regions: 0->0
[2026-02-10T17:18:07.659+0530] GC(2) Humongous regions: 5->5
[2026-02-10T17:18:07.659+0530] GC(2) Metaspace: 11375K(11584K)->11375K(11584K) NonClass: 10091K(10176K)->10091K(10176K) Class: 1283K(1408K)->1283K(1408K)
[2026-02-10T17:18:07.659+0530] GC(2) Pause Young (Normal) (G1 Evacuation Pause) 30M->14M(128M) 6.482ms
[2026-02-10T17:18:07.659+0530] GC(2) User=0.05s Sys=0.02s Real=0.01s
[2026-02-10T17:18:08.817+0530] GC(3) Pause Young (Concurrent Start) (Metadata GC Threshold)
[2026-02-10T17:18:08.817+0530] GC(3) Using 3 workers of 4 for evacuation
[2026-02-10T17:18:08.827+0530] GC(3)   Pre Evacuate Collection Set: 0.1ms
[2026-02-10T17:18:08.827+0530] GC(3)   Merge Heap Roots: 0.1ms
[2026-02-10T17:18:08.827+0530] GC(3)   Evacuate Collection Set: 9.0ms
[2026-02-10T17:18:08.827+0530] GC(3)   Post Evacuate Collection Set: 0.5ms
[2026-02-10T17:18:08.827+0530] GC(3)   Other: 0.3ms
[2026-02-10T17:18:08.827+0530] GC(3) Eden regions: 63->0(55)
[2026-02-10T17:18:08.827+0530] GC(3) Survivor regions: 2->9(9)
[2026-02-10T17:18:08.827+0530] GC(3) Old regions: 8->12
[2026-02-10T17:18:08.827+0530] GC(3) Archive regions: 0->0
[2026-02-10T17:18:08.827+0530] GC(3) Humongous regions: 5->5
[2026-02-10T17:18:08.827+0530] GC(3) Metaspace: 21274K(21504K)->21274K(21504K) NonClass: 19103K(19200K)->19103K(19200K) Class: 2170K(2304K)->2170K(2304K)
[2026-02-10T17:18:08.827+0530] GC(3) Pause Young (Concurrent Start) (Metadata GC Threshold) 77M->25M(128M) 10.117ms
[2026-02-10T17:18:08.827+0530] GC(3) User=0.00s Sys=0.02s Real=0.01s
[2026-02-10T17:18:08.827+0530] GC(4) Concurrent Mark Cycle
[2026-02-10T17:18:08.827+0530] GC(4) Concurrent Clear Claimed Marks
[2026-02-10T17:18:08.827+0530] GC(4) Concurrent Clear Claimed Marks 0.035ms
[2026-02-10T17:18:08.827+0530] GC(4) Concurrent Scan Root Regions
[2026-02-10T17:18:08.831+0530] GC(4) Concurrent Scan Root Regions 4.274ms
[2026-02-10T17:18:08.831+0530] GC(4) Concurrent Mark
[2026-02-10T17:18:08.831+0530] GC(4) Concurrent Mark From Roots
[2026-02-10T17:18:08.831+0530] GC(4) Using 1 workers of 1 for marking
[2026-02-10T17:18:08.852+0530] GC(4) Concurrent Mark From Roots 20.289ms
[2026-02-10T17:18:08.852+0530] GC(4) Concurrent Preclean
[2026-02-10T17:18:08.852+0530] GC(4) Concurrent Preclean 0.057ms
[2026-02-10T17:18:08.852+0530] GC(4) Pause Remark
[2026-02-10T17:18:08.855+0530] GC(4) Pause Remark 26M->26M(128M) 3.838ms
[2026-02-10T17:18:08.855+0530] GC(4) User=0.00s Sys=0.00s Real=0.00s
[2026-02-10T17:18:08.855+0530] GC(4) Concurrent Mark 24.541ms
[2026-02-10T17:18:08.856+0530] GC(4) Concurrent Rebuild Remembered Sets
[2026-02-10T17:18:08.868+0530] GC(4) Concurrent Rebuild Remembered Sets 11.800ms
[2026-02-10T17:18:08.874+0530] GC(4) Pause Cleanup
[2026-02-10T17:18:08.874+0530] GC(4) Pause Cleanup 26M->26M(128M) 0.152ms
[2026-02-10T17:18:08.874+0530] GC(4) User=0.02s Sys=0.00s Real=0.00s
[2026-02-10T17:18:08.874+0530] GC(4) Concurrent Cleanup for Next Mark
[2026-02-10T17:18:08.874+0530] GC(4) Concurrent Cleanup for Next Mark 0.973ms
[2026-02-10T17:18:08.874+0530] GC(4) Concurrent Mark Cycle 47.680ms
[2026-02-10T17:18:10.295+0530] GC(5) Pause Young (Prepare Mixed) (G1 Evacuation Pause)
[2026-02-10T17:18:10.295+0530] GC(5) Using 3 workers of 4 for evacuation
[2026-02-10T17:18:10.320+0530] GC(5)   Pre Evacuate Collection Set: 0.1ms
[2026-02-10T17:18:10.320+0530] GC(5)   Merge Heap Roots: 0.1ms
[2026-02-10T17:18:10.320+0530] GC(5)   Evacuate Collection Set: 23.5ms
[2026-02-10T17:18:10.320+0530] GC(5)   Post Evacuate Collection Set: 0.8ms
[2026-02-10T17:18:10.320+0530] GC(5)   Other: 0.2ms
[2026-02-10T17:18:10.320+0530] GC(5) Eden regions: 55->0(2)
[2026-02-10T17:18:10.320+0530] GC(5) Survivor regions: 9->4(8)
[2026-02-10T17:18:10.320+0530] GC(5) Old regions: 12->21
[2026-02-10T17:18:10.320+0530] GC(5) Archive regions: 0->0
[2026-02-10T17:18:10.320+0530] GC(5) Humongous regions: 5->5
[2026-02-10T17:18:10.321+0530] GC(5) Metaspace: 27459K(27904K)->27459K(27904K) NonClass: 24504K(24768K)->24504K(24768K) Class: 2954K(3136K)->2954K(3136K)
[2026-02-10T17:18:10.321+0530] GC(5) Pause Young (Prepare Mixed) (G1 Evacuation Pause) 80M->28M(128M) 25.213ms
[2026-02-10T17:18:10.321+0530] GC(5) User=0.06s Sys=0.03s Real=0.03s
[2026-02-10T17:18:10.353+0530] GC(6) Pause Young (Mixed) (G1 Evacuation Pause)
[2026-02-10T17:18:10.353+0530] GC(6) Using 3 workers of 4 for evacuation
[2026-02-10T17:18:10.361+0530] GC(6)   Pre Evacuate Collection Set: 0.1ms
[2026-02-10T17:18:10.361+0530] GC(6)   Merge Heap Roots: 0.1ms
[2026-02-10T17:18:10.361+0530] GC(6)   Evacuate Collection Set: 7.8ms
[2026-02-10T17:18:10.361+0530] GC(6)   Post Evacuate Collection Set: 0.4ms
[2026-02-10T17:18:10.361+0530] GC(6)   Other: 0.2ms
[2026-02-10T17:18:10.361+0530] GC(6) Eden regions: 2->0(55)
[2026-02-10T17:18:10.361+0530] GC(6) Survivor regions: 4->1(1)
[2026-02-10T17:18:10.361+0530] GC(6) Old regions: 21->24
[2026-02-10T17:18:10.361+0530] GC(6) Archive regions: 0->0
[2026-02-10T17:18:10.361+0530] GC(6) Humongous regions: 5->5
[2026-02-10T17:18:10.361+0530] GC(6) Metaspace: 27495K(27904K)->27495K(27904K) NonClass: 24539K(24768K)->24539K(24768K) Class: 2955K(3136K)->2955K(3136K)
[2026-02-10T17:18:10.361+0530] GC(6) Pause Young (Mixed) (G1 Evacuation Pause) 30M->28M(128M) 8.738ms
[2026-02-10T17:18:10.361+0530] GC(6) User=0.02s Sys=0.03s Real=0.01s
[2026-02-10T17:18:11.091+0530] Heap
[2026-02-10T17:18:11.091+0530]  garbage-first heap   total 131072K, used 69731K [0x00000000f8000000, 0x0000000100000000)
[2026-02-10T17:18:11.091+0530]   region size 1024K, 41 young (41984K), 1 survivors (1024K)
[2026-02-10T17:18:11.092+0530]  Metaspace       used 33299K, committed 33792K, reserved 1114112K
[2026-02-10T17:18:11.092+0530]   class space    used 3663K, committed 3904K, reserved 1048576K
