[2026-02-10T21:43:40.339+0530] Using G1
[2026-02-10T21:43:40.342+0530] Version: 17.0.12+8-LTS-286 (release)
[2026-02-10T21:43:40.342+0530] CPUs: 8 total, 4 available
[2026-02-10T21:43:40.342+0530] Memory: 7914M
[2026-02-10T21:43:40.342+0530] Large Page Support: Disabled
[2026-02-10T21:43:40.342+0530] NUMA Support: Disabled
[2026-02-10T21:43:40.342+0530] Compressed Oops: Enabled (32-bit)
[2026-02-10T21:43:40.342+0530] Heap Region Size: 1M
[2026-02-10T21:43:40.342+0530] Heap Min Capacity: 512M
[2026-02-10T21:43:40.342+0530] Heap Initial Capacity: 512M
[2026-02-10T21:43:40.342+0530] Heap Max Capacity: 512M
[2026-02-10T21:43:40.342+0530] Pre-touch: Disabled
[2026-02-10T21:43:40.342+0530] Parallel Workers: 4
[2026-02-10T21:43:40.343+0530] Concurrent Workers: 1
[2026-02-10T21:43:40.343+0530] Concurrent Refinement Workers: 4
[2026-02-10T21:43:40.343+0530] Periodic GC: Disabled
[2026-02-10T21:43:40.352+0530] CDS archive(s) mapped at: [0x000002269d000000-0x000002269dbd0000-0x000002269dbd0000), size 12386304, SharedBaseAddress: 0x000002269d000000, ArchiveRelocationMode: 1.
[2026-02-10T21:43:40.352+0530] Compressed class space mapped at: 0x000002269e000000-0x00000226de000000, reserved size: 1073741824
[2026-02-10T21:43:40.352+0530] Narrow klass base: 0x000002269d000000, Narrow klass shift: 0, Narrow klass range: 0x100000000
[2026-02-10T21:43:41.201+0530] GC(0) Pause Young (Normal) (G1 Evacuation Pause)
[2026-02-10T21:43:41.202+0530] GC(0) Using 4 workers of 4 for evacuation
[2026-02-10T21:43:41.210+0530] GC(0)   Pre Evacuate Collection Set: 0.1ms
[2026-02-10T21:43:41.211+0530] GC(0)   Merge Heap Roots: 0.1ms
[2026-02-10T21:43:41.211+0530] GC(0)   Evacuate Collection Set: 8.5ms
[2026-02-10T21:43:41.211+0530] GC(0)   Post Evacuate Collection Set: 0.4ms
[2026-02-10T21:43:41.211+0530] GC(0)   Other: 0.4ms
[2026-02-10T21:43:41.211+0530] GC(0) Eden regions: 25->0(21)
[2026-02-10T21:43:41.211+0530] GC(0) Survivor regions: 0->4(4)
[2026-02-10T21:43:41.211+0530] GC(0) Old regions: 0->4
[2026-02-10T21:43:41.211+0530] GC(0) Archive regions: 0->0
[2026-02-10T21:43:41.211+0530] GC(0) Humongous regions: 5->5
[2026-02-10T21:43:41.211+0530] GC(0) Metaspace: 5633K(5824K)->5633K(5824K) NonClass: 5031K(5120K)->5031K(5120K) Class: 602K(704K)->602K(704K)
[2026-02-10T21:43:41.211+0530] GC(0) Pause Young (Normal) (G1 Evacuation Pause) 30M->12M(512M) 9.728ms
[2026-02-10T21:43:41.211+0530] GC(0) User=0.00s Sys=0.06s Real=0.01s
[2026-02-10T21:43:41.794+0530] GC(1) Pause Young (Normal) (G1 Evacuation Pause)
[2026-02-10T21:43:41.794+0530] GC(1) Using 4 workers of 4 for evacuation
[2026-02-10T21:43:41.806+0530] GC(1)   Pre Evacuate Collection Set: 0.5ms
[2026-02-10T21:43:41.806+0530] GC(1)   Merge Heap Roots: 0.1ms
[2026-02-10T21:43:41.806+0530] GC(1)   Evacuate Collection Set: 10.2ms
[2026-02-10T21:43:41.806+0530] GC(1)   Post Evacuate Collection Set: 0.6ms
[2026-02-10T21:43:41.806+0530] GC(1)   Other: 0.2ms
[2026-02-10T21:43:41.806+0530] GC(1) Eden regions: 21->0(26)
[2026-02-10T21:43:41.806+0530] GC(1) Survivor regions: 4->2(4)
[2026-02-10T21:43:41.806+0530] GC(1) Old regions: 4->8
[2026-02-10T21:43:41.806+0530] GC(1) Archive regions: 0->0
[2026-02-10T21:43:41.806+0530] GC(1) Humongous regions: 5->5
[2026-02-10T21:43:41.806+0530] GC(1) Metaspace: 11838K(12096K)->11838K(12096K) NonClass: 10491K(10624K)->10491K(10624K) Class: 1346K(1472K)->1346K(1472K)
[2026-02-10T21:43:41.806+0530] GC(1) Pause Young (Normal) (G1 Evacuation Pause) 33M->14M(512M) 11.754ms
[2026-02-10T21:43:41.806+0530] GC(1) User=0.05s Sys=0.02s Real=0.01s
[2026-02-10T21:43:42.244+0530] GC(2) Pause Young (Normal) (G1 Evacuation Pause)
[2026-02-10T21:43:42.244+0530] GC(2) Using 4 workers of 4 for evacuation
[2026-02-10T21:43:42.259+0530] GC(2)   Pre Evacuate Collection Set: 0.1ms
[2026-02-10T21:43:42.259+0530] GC(2)   Merge Heap Roots: 0.1ms
[2026-02-10T21:43:42.259+0530] GC(2)   Evacuate Collection Set: 14.6ms
[2026-02-10T21:43:42.259+0530] GC(2)   Post Evacuate Collection Set: 0.4ms
[2026-02-10T21:43:42.259+0530] GC(2)   Other: 0.2ms
[2026-02-10T21:43:42.259+0530] GC(2) Eden regions: 26->0(76)
[2026-02-10T21:43:42.259+0530] GC(2) Survivor regions: 2->4(4)
[2026-02-10T21:43:42.259+0530] GC(2) Old regions: 8->15
[2026-02-10T21:43:42.259+0530] GC(2) Archive regions: 0->0
[2026-02-10T21:43:42.259+0530] GC(2) Humongous regions: 5->5
[2026-02-10T21:43:42.259+0530] GC(2) Metaspace: 14887K(15168K)->14887K(15168K) NonClass: 13215K(13376K)->13215K(13376K) Class: 1672K(1792K)->1672K(1792K)
[2026-02-10T21:43:42.259+0530] GC(2) Pause Young (Normal) (G1 Evacuation Pause) 40M->23M(512M) 15.671ms
[2026-02-10T21:43:42.259+0530] GC(2) User=0.05s Sys=0.02s Real=0.02s
[2026-02-10T21:43:42.945+0530] GC(3) Pause Young (Concurrent Start) (Metadata GC Threshold)
[2026-02-10T21:43:42.945+0530] GC(3) Using 4 workers of 4 for evacuation
[2026-02-10T21:43:42.951+0530] GC(3)   Pre Evacuate Collection Set: 0.1ms
[2026-02-10T21:43:42.952+0530] GC(3)   Merge Heap Roots: 0.1ms
[2026-02-10T21:43:42.952+0530] GC(3)   Evacuate Collection Set: 5.6ms
[2026-02-10T21:43:42.952+0530] GC(3)   Post Evacuate Collection Set: 0.4ms
[2026-02-10T21:43:42.952+0530] GC(3)   Other: 0.2ms
[2026-02-10T21:43:42.952+0530] GC(3) Eden regions: 37->0(184)
[2026-02-10T21:43:42.952+0530] GC(3) Survivor regions: 4->7(10)
[2026-02-10T21:43:42.952+0530] GC(3) Old regions: 15->15
[2026-02-10T21:43:42.952+0530] GC(3) Archive regions: 0->0
[2026-02-10T21:43:42.952+0530] GC(3) Humongous regions: 5->5
[2026-02-10T21:43:42.952+0530] GC(3) Metaspace: 21256K(21504K)->21256K(21504K) NonClass: 19087K(19200K)->19087K(19200K) Class: 2169K(2304K)->2169K(2304K)
[2026-02-10T21:43:42.952+0530] GC(3) Pause Young (Concurrent Start) (Metadata GC Threshold) 59M->25M(512M) 6.579ms
[2026-02-10T21:43:42.952+0530] GC(3) User=0.00s Sys=0.00s Real=0.01s
[2026-02-10T21:43:42.952+0530] GC(4) Concurrent Mark Cycle
[2026-02-10T21:43:42.952+0530] GC(4) Concurrent Clear Claimed Marks
[2026-02-10T21:43:42.952+0530] GC(4) Concurrent Clear Claimed Marks 0.037ms
[2026-02-10T21:43:42.952+0530] GC(4) Concurrent Scan Root Regions
[2026-02-10T21:43:42.958+0530] GC(4) Concurrent Scan Root Regions 5.436ms
[2026-02-10T21:43:42.958+0530] GC(4) Concurrent Mark
[2026-02-10T21:43:42.958+0530] GC(4) Concurrent Mark From Roots
[2026-02-10T21:43:42.958+0530] GC(4) Using 1 workers of 1 for marking
[2026-02-10T21:43:42.981+0530] GC(4) Concurrent Mark From Roots 23.222ms
[2026-02-10T21:43:42.981+0530] GC(4) Concurrent Preclean
[2026-02-10T21:43:42.981+0530] GC(4) Concurrent Preclean 0.076ms
[2026-02-10T21:43:42.981+0530] GC(4) Pause Remark
[2026-02-10T21:43:42.985+0530] GC(4) Pause Remark 26M->26M(512M) 3.663ms
[2026-02-10T21:43:42.985+0530] GC(4) User=0.00s Sys=0.00s Real=0.00s
[2026-02-10T21:43:42.985+0530] GC(4) Concurrent Mark 27.432ms
[2026-02-10T21:43:42.985+0530] GC(4) Concurrent Rebuild Remembered Sets
[2026-02-10T21:43:42.997+0530] GC(4) Concurrent Rebuild Remembered Sets 11.792ms
[2026-02-10T21:43:42.997+0530] GC(4) Pause Cleanup
[2026-02-10T21:43:42.997+0530] GC(4) Pause Cleanup 26M->26M(512M) 0.154ms
[2026-02-10T21:43:42.997+0530] GC(4) User=0.00s Sys=0.00s Real=0.00s
[2026-02-10T21:43:42.998+0530] GC(4) Concurrent Cleanup for Next Mark
[2026-02-10T21:43:43.001+0530] GC(4) Concurrent Cleanup for Next Mark 3.318ms
[2026-02-10T21:43:43.001+0530] GC(4) Concurrent Mark Cycle 49.513ms
[2026-02-10T21:43:45.588+0530] GC(5) Pause Young (Prepare Mixed) (Metadata GC Threshold)
[2026-02-10T21:43:45.588+0530] GC(5) Using 4 workers of 4 for evacuation
[2026-02-10T21:43:45.603+0530] GC(5)   Pre Evacuate Collection Set: 0.1ms
[2026-02-10T21:43:45.603+0530] GC(5)   Merge Heap Roots: 0.1ms
[2026-02-10T21:43:45.603+0530] GC(5)   Evacuate Collection Set: 14.7ms
[2026-02-10T21:43:45.603+0530] GC(5)   Post Evacuate Collection Set: 0.7ms
[2026-02-10T21:43:45.603+0530] GC(5)   Other: 0.2ms
[2026-02-10T21:43:45.603+0530] GC(5) Eden regions: 110->0(13)
[2026-02-10T21:43:45.603+0530] GC(5) Survivor regions: 7->12(24)
[2026-02-10T21:43:45.603+0530] GC(5) Old regions: 15->15
[2026-02-10T21:43:45.603+0530] GC(5) Archive regions: 0->0
[2026-02-10T21:43:45.603+0530] GC(5) Humongous regions: 5->5
[2026-02-10T21:43:45.603+0530] GC(5) Metaspace: 35721K(36288K)->35721K(36288K) NonClass: 31765K(32064K)->31765K(32064K) Class: 3956K(4224K)->3956K(4224K)
[2026-02-10T21:43:45.603+0530] GC(5) Pause Young (Prepare Mixed) (Metadata GC Threshold) 135M->30M(512M) 16.105ms
[2026-02-10T21:43:45.603+0530] GC(5) User=0.06s Sys=0.00s Real=0.01s
[2026-02-10T21:43:45.821+0530] GC(6) Pause Young (Mixed) (Metadata GC Threshold)
[2026-02-10T21:43:45.821+0530] GC(6) Using 4 workers of 4 for evacuation
[2026-02-10T21:43:45.832+0530] GC(6)   Pre Evacuate Collection Set: 0.1ms
[2026-02-10T21:43:45.832+0530] GC(6)   Merge Heap Roots: 0.1ms
[2026-02-10T21:43:45.832+0530] GC(6)   Evacuate Collection Set: 9.9ms
[2026-02-10T21:43:45.832+0530] GC(6)   Post Evacuate Collection Set: 0.7ms
[2026-02-10T21:43:45.832+0530] GC(6)   Other: 0.1ms
[2026-02-10T21:43:45.832+0530] GC(6) Eden regions: 4->0(305)
[2026-02-10T21:43:45.832+0530] GC(6) Survivor regions: 12->2(4)
[2026-02-10T21:43:45.832+0530] GC(6) Old regions: 15->25
[2026-02-10T21:43:45.832+0530] GC(6) Archive regions: 0->0
[2026-02-10T21:43:45.832+0530] GC(6) Humongous regions: 5->5
[2026-02-10T21:43:45.832+0530] GC(6) Metaspace: 36072K(36608K)->36072K(36608K) NonClass: 32094K(32384K)->32094K(32384K) Class: 3977K(4224K)->3977K(4224K)
[2026-02-10T21:43:45.832+0530] GC(6) Pause Young (Mixed) (Metadata GC Threshold) 34M->30M(512M) 11.039ms
[2026-02-10T21:43:45.832+0530] GC(6) User=0.05s Sys=0.02s Real=0.01s
[2026-02-10T21:43:46.028+0530] GC(7) Pause Young (Concurrent Start) (Metadata GC Threshold)
[2026-02-10T21:43:46.028+0530] GC(7) Using 4 workers of 4 for evacuation
[2026-02-10T21:43:46.031+0530] GC(7)   Pre Evacuate Collection Set: 0.1ms
[2026-02-10T21:43:46.031+0530] GC(7)   Merge Heap Roots: 0.1ms
[2026-02-10T21:43:46.031+0530] GC(7)   Evacuate Collection Set: 1.9ms
[2026-02-10T21:43:46.031+0530] GC(7)   Post Evacuate Collection Set: 0.3ms
[2026-02-10T21:43:46.031+0530] GC(7)   Other: 0.2ms
[2026-02-10T21:43:46.031+0530] GC(7) Eden regions: 8->0(305)
[2026-02-10T21:43:46.031+0530] GC(7) Survivor regions: 2->2(39)
[2026-02-10T21:43:46.031+0530] GC(7) Old regions: 25->25
[2026-02-10T21:43:46.031+0530] GC(7) Archive regions: 0->0
[2026-02-10T21:43:46.031+0530] GC(7) Humongous regions: 5->5
[2026-02-10T21:43:46.031+0530] GC(7) Metaspace: 36309K(36928K)->36309K(36928K) NonClass: 32319K(32640K)->32319K(32640K) Class: 3989K(4288K)->3989K(4288K)
[2026-02-10T21:43:46.031+0530] GC(7) Pause Young (Concurrent Start) (Metadata GC Threshold) 38M->30M(512M) 2.792ms
[2026-02-10T21:43:46.031+0530] GC(7) User=0.00s Sys=0.00s Real=0.00s
[2026-02-10T21:43:46.031+0530] GC(8) Concurrent Mark Cycle
[2026-02-10T21:43:46.031+0530] GC(8) Concurrent Clear Claimed Marks
[2026-02-10T21:43:46.031+0530] GC(8) Concurrent Clear Claimed Marks 0.040ms
[2026-02-10T21:43:46.031+0530] GC(8) Concurrent Scan Root Regions
[2026-02-10T21:43:46.033+0530] GC(8) Concurrent Scan Root Regions 1.795ms
[2026-02-10T21:43:46.033+0530] GC(8) Concurrent Mark
[2026-02-10T21:43:46.033+0530] GC(8) Concurrent Mark From Roots
[2026-02-10T21:43:46.033+0530] GC(8) Using 1 workers of 1 for marking
[2026-02-10T21:43:46.078+0530] GC(8) Concurrent Mark From Roots 45.671ms
[2026-02-10T21:43:46.078+0530] GC(8) Concurrent Preclean
[2026-02-10T21:43:46.078+0530] GC(8) Concurrent Preclean 0.083ms
[2026-02-10T21:43:46.079+0530] GC(8) Pause Remark
[2026-02-10T21:43:46.090+0530] GC(8) Pause Remark 31M->31M(512M) 11.279ms
[2026-02-10T21:43:46.090+0530] GC(8) User=0.06s Sys=0.00s Real=0.01s
[2026-02-10T21:43:46.090+0530] GC(8) Concurrent Mark 57.524ms
[2026-02-10T21:43:46.090+0530] GC(8) Concurrent Rebuild Remembered Sets
[2026-02-10T21:43:46.113+0530] GC(8) Concurrent Rebuild Remembered Sets 22.105ms
[2026-02-10T21:43:46.113+0530] GC(8) Pause Cleanup
[2026-02-10T21:43:46.113+0530] GC(8) Pause Cleanup 32M->32M(512M) 0.127ms
[2026-02-10T21:43:46.113+0530] GC(8) User=0.00s Sys=0.00s Real=0.00s
[2026-02-10T21:43:46.113+0530] GC(8) Concurrent Cleanup for Next Mark
[2026-02-10T21:43:46.116+0530] GC(8) Concurrent Cleanup for Next Mark 3.242ms
[2026-02-10T21:43:46.116+0530] GC(8) Concurrent Mark Cycle 85.293ms
[2026-02-10T21:43:49.169+0530] Heap
[2026-02-10T21:43:49.170+0530]  garbage-first heap   total 524288K, used 259908K [0x00000000e0000000, 0x0000000100000000)
[2026-02-10T21:43:49.170+0530]   region size 1024K, 225 young (230400K), 2 survivors (2048K)
[2026-02-10T21:43:49.170+0530]  Metaspace       used 36858K, committed 37440K, reserved 1114112K
[2026-02-10T21:43:49.171+0530]   class space    used 4011K, committed 4288K, reserved 1048576K
