[2026-02-10T17:19:05.422+0530] Using G1
[2026-02-10T17:19:05.427+0530] Version: 17.0.12+8-LTS-286 (release)
[2026-02-10T17:19:05.427+0530] CPUs: 8 total, 4 available
[2026-02-10T17:19:05.427+0530] Memory: 7914M
[2026-02-10T17:19:05.427+0530] Large Page Support: Disabled
[2026-02-10T17:19:05.427+0530] NUMA Support: Disabled
[2026-02-10T17:19:05.427+0530] Compressed Oops: Enabled (32-bit)
[2026-02-10T17:19:05.427+0530] Heap Region Size: 1M
[2026-02-10T17:19:05.427+0530] Heap Min Capacity: 256M
[2026-02-10T17:19:05.427+0530] Heap Initial Capacity: 256M
[2026-02-10T17:19:05.427+0530] Heap Max Capacity: 256M
[2026-02-10T17:19:05.427+0530] Pre-touch: Disabled
[2026-02-10T17:19:05.427+0530] Parallel Workers: 4
[2026-02-10T17:19:05.428+0530] Concurrent Workers: 1
[2026-02-10T17:19:05.428+0530] Concurrent Refinement Workers: 4
[2026-02-10T17:19:05.428+0530] Periodic GC: Disabled
[2026-02-10T17:19:05.440+0530] CDS archive(s) mapped at: [0x000001a480000000-0x000001a480bd0000-0x000001a480bd0000), size 12386304, SharedBaseAddress: 0x000001a480000000, ArchiveRelocationMode: 1.
[2026-02-10T17:19:05.440+0530] Compressed class space mapped at: 0x000001a481000000-0x000001a4c1000000, reserved size: 1073741824
[2026-02-10T17:19:05.440+0530] Narrow klass base: 0x000001a480000000, Narrow klass shift: 0, Narrow klass range: 0x100000000
[2026-02-10T17:19:06.127+0530] GC(0) Pause Young (Normal) (G1 Evacuation Pause)
[2026-02-10T17:19:06.128+0530] GC(0) Using 4 workers of 4 for evacuation
[2026-02-10T17:19:06.134+0530] GC(0)   Pre Evacuate Collection Set: 0.1ms
[2026-02-10T17:19:06.134+0530] GC(0)   Merge Heap Roots: 0.1ms
[2026-02-10T17:19:06.134+0530] GC(0)   Evacuate Collection Set: 5.6ms
[2026-02-10T17:19:06.134+0530] GC(0)   Post Evacuate Collection Set: 0.6ms
[2026-02-10T17:19:06.134+0530] GC(0)   Other: 0.5ms
[2026-02-10T17:19:06.134+0530] GC(0) Eden regions: 13->0(13)
[2026-02-10T17:19:06.134+0530] GC(0) Survivor regions: 0->2(2)
[2026-02-10T17:19:06.134+0530] GC(0) Old regions: 0->3
[2026-02-10T17:19:06.134+0530] GC(0) Archive regions: 0->0
[2026-02-10T17:19:06.134+0530] GC(0) Humongous regions: 5->5
[2026-02-10T17:19:06.134+0530] GC(0) Metaspace: 4447K(4672K)->4447K(4672K) NonClass: 3967K(4096K)->3967K(4096K) Class: 480K(576K)->480K(576K)
[2026-02-10T17:19:06.134+0530] GC(0) Pause Young (Normal) (G1 Evacuation Pause) 18M->9M(256M) 7.069ms
[2026-02-10T17:19:06.134+0530] GC(0) User=0.00s Sys=0.00s Real=0.01s
[2026-02-10T17:19:06.463+0530] GC(1) Pause Young (Normal) (G1 Evacuation Pause)
[2026-02-10T17:19:06.463+0530] GC(1) Using 4 workers of 4 for evacuation
[2026-02-10T17:19:06.475+0530] GC(1)   Pre Evacuate Collection Set: 0.1ms
[2026-02-10T17:19:06.475+0530] GC(1)   Merge Heap Roots: 0.1ms
[2026-02-10T17:19:06.475+0530] GC(1)   Evacuate Collection Set: 10.9ms
[2026-02-10T17:19:06.475+0530] GC(1)   Post Evacuate Collection Set: 0.5ms
[2026-02-10T17:19:06.475+0530] GC(1)   Other: 0.2ms
[2026-02-10T17:19:06.475+0530] GC(1) Eden regions: 13->0(20)
[2026-02-10T17:19:06.475+0530] GC(1) Survivor regions: 2->2(2)
[2026-02-10T17:19:06.475+0530] GC(1) Old regions: 3->6
[2026-02-10T17:19:06.475+0530] GC(1) Archive regions: 0->0
[2026-02-10T17:19:06.475+0530] GC(1) Humongous regions: 5->5
[2026-02-10T17:19:06.475+0530] GC(1) Metaspace: 6007K(6144K)->6007K(6144K) NonClass: 5349K(5440K)->5349K(5440K) Class: 657K(704K)->657K(704K)
[2026-02-10T17:19:06.475+0530] GC(1) Pause Young (Normal) (G1 Evacuation Pause) 22M->12M(256M) 12.116ms
[2026-02-10T17:19:06.475+0530] GC(1) User=0.05s Sys=0.02s Real=0.01s
[2026-02-10T17:19:07.570+0530] GC(2) Pause Young (Normal) (G1 Evacuation Pause)
[2026-02-10T17:19:07.570+0530] GC(2) Using 4 workers of 4 for evacuation
[2026-02-10T17:19:07.578+0530] GC(2)   Pre Evacuate Collection Set: 0.1ms
[2026-02-10T17:19:07.578+0530] GC(2)   Merge Heap Roots: 0.1ms
[2026-02-10T17:19:07.578+0530] GC(2)   Evacuate Collection Set: 7.7ms
[2026-02-10T17:19:07.578+0530] GC(2)   Post Evacuate Collection Set: 0.5ms
[2026-02-10T17:19:07.578+0530] GC(2)   Other: 0.2ms
[2026-02-10T17:19:07.578+0530] GC(2) Eden regions: 20->0(97)
[2026-02-10T17:19:07.578+0530] GC(2) Survivor regions: 2->2(3)
[2026-02-10T17:19:07.578+0530] GC(2) Old regions: 6->8
[2026-02-10T17:19:07.578+0530] GC(2) Archive regions: 0->0
[2026-02-10T17:19:07.578+0530] GC(2) Humongous regions: 5->5
[2026-02-10T17:19:07.578+0530] GC(2) Metaspace: 11749K(11968K)->11749K(11968K) NonClass: 10417K(10496K)->10417K(10496K) Class: 1331K(1472K)->1331K(1472K)
[2026-02-10T17:19:07.578+0530] GC(2) Pause Young (Normal) (G1 Evacuation Pause) 32M->14M(256M) 8.948ms
[2026-02-10T17:19:07.579+0530] GC(2) User=0.05s Sys=0.02s Real=0.01s
[2026-02-10T17:19:09.415+0530] GC(3) Pause Young (Concurrent Start) (Metadata GC Threshold)
[2026-02-10T17:19:09.415+0530] GC(3) Using 4 workers of 4 for evacuation
[2026-02-10T17:19:09.424+0530] GC(3)   Pre Evacuate Collection Set: 0.1ms
[2026-02-10T17:19:09.424+0530] GC(3)   Merge Heap Roots: 0.1ms
[2026-02-10T17:19:09.424+0530] GC(3)   Evacuate Collection Set: 9.1ms
[2026-02-10T17:19:09.424+0530] GC(3)   Post Evacuate Collection Set: 0.6ms
[2026-02-10T17:19:09.424+0530] GC(3)   Other: 0.2ms
[2026-02-10T17:19:09.424+0530] GC(3) Eden regions: 62->0(104)
[2026-02-10T17:19:09.425+0530] GC(3) Survivor regions: 2->13(13)
[2026-02-10T17:19:09.425+0530] GC(3) Old regions: 8->8
[2026-02-10T17:19:09.425+0530] GC(3) Archive regions: 0->0
[2026-02-10T17:19:09.425+0530] GC(3) Humongous regions: 5->5
[2026-02-10T17:19:09.425+0530] GC(3) Metaspace: 21233K(21504K)->21233K(21504K) NonClass: 19073K(19200K)->19073K(19200K) Class: 2160K(2304K)->2160K(2304K)
[2026-02-10T17:19:09.425+0530] GC(3) Pause Young (Concurrent Start) (Metadata GC Threshold) 75M->25M(256M) 10.264ms
[2026-02-10T17:19:09.425+0530] GC(3) User=0.03s Sys=0.03s Real=0.01s
[2026-02-10T17:19:09.425+0530] GC(4) Concurrent Mark Cycle
[2026-02-10T17:19:09.425+0530] GC(4) Concurrent Clear Claimed Marks
[2026-02-10T17:19:09.425+0530] GC(4) Concurrent Clear Claimed Marks 0.037ms
[2026-02-10T17:19:09.425+0530] GC(4) Concurrent Scan Root Regions
[2026-02-10T17:19:09.429+0530] GC(4) Concurrent Scan Root Regions 4.427ms
[2026-02-10T17:19:09.429+0530] GC(4) Concurrent Mark
[2026-02-10T17:19:09.429+0530] GC(4) Concurrent Mark From Roots
[2026-02-10T17:19:09.429+0530] GC(4) Using 1 workers of 1 for marking
[2026-02-10T17:19:09.453+0530] GC(4) Concurrent Mark From Roots 23.440ms
[2026-02-10T17:19:09.453+0530] GC(4) Concurrent Preclean
[2026-02-10T17:19:09.453+0530] GC(4) Concurrent Preclean 0.080ms
[2026-02-10T17:19:09.453+0530] GC(4) Pause Remark
[2026-02-10T17:19:09.457+0530] GC(4) Pause Remark 25M->25M(256M) 4.024ms
[2026-02-10T17:19:09.457+0530] GC(4) User=0.02s Sys=0.00s Real=0.00s
[2026-02-10T17:19:09.457+0530] GC(4) Concurrent Mark 27.894ms
[2026-02-10T17:19:09.457+0530] GC(4) Concurrent Rebuild Remembered Sets
[2026-02-10T17:19:09.467+0530] GC(4) Concurrent Rebuild Remembered Sets 9.455ms
[2026-02-10T17:19:09.467+0530] GC(4) Pause Cleanup
[2026-02-10T17:19:09.467+0530] GC(4) Pause Cleanup 25M->25M(256M) 0.088ms
[2026-02-10T17:19:09.467+0530] GC(4) User=0.00s Sys=0.00s Real=0.00s
[2026-02-10T17:19:09.467+0530] GC(4) Concurrent Cleanup for Next Mark
[2026-02-10T17:19:09.469+0530] GC(4) Concurrent Cleanup for Next Mark 1.671ms
[2026-02-10T17:19:09.469+0530] GC(4) Concurrent Mark Cycle 44.102ms
[2026-02-10T17:19:11.302+0530] Heap
[2026-02-10T17:19:11.302+0530]  garbage-first heap   total 262144K, used 125683K [0x00000000f0000000, 0x0000000100000000)
[2026-02-10T17:19:11.302+0530]   region size 1024K, 111 young (113664K), 13 survivors (13312K)
[2026-02-10T17:19:11.302+0530]  Metaspace       used 33490K, committed 34048K, reserved 1114112K
[2026-02-10T17:19:11.302+0530]   class space    used 3676K, committed 3904K, reserved 1048576K
