[2026-02-10T21:44:26.790+0530] Using G1
[2026-02-10T21:44:26.794+0530] Version: 17.0.12+8-LTS-286 (release)
[2026-02-10T21:44:26.794+0530] CPUs: 8 total, 4 available
[2026-02-10T21:44:26.794+0530] Memory: 7914M
[2026-02-10T21:44:26.794+0530] Large Page Support: Disabled
[2026-02-10T21:44:26.794+0530] NUMA Support: Disabled
[2026-02-10T21:44:26.794+0530] Compressed Oops: Enabled (32-bit)
[2026-02-10T21:44:26.794+0530] Heap Region Size: 1M
[2026-02-10T21:44:26.794+0530] Heap Min Capacity: 512M
[2026-02-10T21:44:26.794+0530] Heap Initial Capacity: 512M
[2026-02-10T21:44:26.794+0530] Heap Max Capacity: 512M
[2026-02-10T21:44:26.794+0530] Pre-touch: Disabled
[2026-02-10T21:44:26.794+0530] Parallel Workers: 4
[2026-02-10T21:44:26.794+0530] Concurrent Workers: 1
[2026-02-10T21:44:26.794+0530] Concurrent Refinement Workers: 4
[2026-02-10T21:44:26.794+0530] Periodic GC: Disabled
[2026-02-10T21:44:26.809+0530] CDS archive(s) mapped at: [0x0000024f0f000000-0x0000024f0fbd0000-0x0000024f0fbd0000), size 12386304, SharedBaseAddress: 0x0000024f0f000000, ArchiveRelocationMode: 1.
[2026-02-10T21:44:26.809+0530] Compressed class space mapped at: 0x0000024f10000000-0x0000024f50000000, reserved size: 1073741824
[2026-02-10T21:44:26.809+0530] Narrow klass base: 0x0000024f0f000000, Narrow klass shift: 0, Narrow klass range: 0x100000000
[2026-02-10T21:44:28.461+0530] GC(0) Pause Young (Normal) (G1 Evacuation Pause)
[2026-02-10T21:44:28.461+0530] GC(0) Using 4 workers of 4 for evacuation
[2026-02-10T21:44:28.477+0530] GC(0)   Pre Evacuate Collection Set: 0.1ms
[2026-02-10T21:44:28.477+0530] GC(0)   Merge Heap Roots: 0.1ms
[2026-02-10T21:44:28.477+0530] GC(0)   Evacuate Collection Set: 14.3ms
[2026-02-10T21:44:28.477+0530] GC(0)   Post Evacuate Collection Set: 0.6ms
[2026-02-10T21:44:28.477+0530] GC(0)   Other: 0.6ms
[2026-02-10T21:44:28.478+0530] GC(0) Eden regions: 25->0(21)
[2026-02-10T21:44:28.478+0530] GC(0) Survivor regions: 0->4(4)
[2026-02-10T21:44:28.478+0530] GC(0) Old regions: 0->4
[2026-02-10T21:44:28.478+0530] GC(0) Archive regions: 0->0
[2026-02-10T21:44:28.478+0530] GC(0) Humongous regions: 5->5
[2026-02-10T21:44:28.478+0530] GC(0) Metaspace: 5557K(5760K)->5557K(5760K) NonClass: 4969K(5056K)->4969K(5056K) Class: 587K(704K)->587K(704K)
[2026-02-10T21:44:28.478+0530] GC(0) Pause Young (Normal) (G1 Evacuation Pause) 30M->12M(512M) 16.517ms
[2026-02-10T21:44:28.478+0530] GC(0) User=0.03s Sys=0.03s Real=0.02s
[2026-02-10T21:44:29.405+0530] GC(1) Pause Young (Normal) (G1 Evacuation Pause)
[2026-02-10T21:44:29.405+0530] GC(1) Using 4 workers of 4 for evacuation
[2026-02-10T21:44:29.418+0530] GC(1)   Pre Evacuate Collection Set: 0.1ms
[2026-02-10T21:44:29.418+0530] GC(1)   Merge Heap Roots: 0.5ms
[2026-02-10T21:44:29.418+0530] GC(1)   Evacuate Collection Set: 11.4ms
[2026-02-10T21:44:29.418+0530] GC(1)   Post Evacuate Collection Set: 0.5ms
[2026-02-10T21:44:29.418+0530] GC(1)   Other: 0.2ms
[2026-02-10T21:44:29.418+0530] GC(1) Eden regions: 21->0(24)
[2026-02-10T21:44:29.418+0530] GC(1) Survivor regions: 4->2(4)
[2026-02-10T21:44:29.418+0530] GC(1) Old regions: 4->8
[2026-02-10T21:44:29.418+0530] GC(1) Archive regions: 0->0
[2026-02-10T21:44:29.418+0530] GC(1) Humongous regions: 5->5
[2026-02-10T21:44:29.418+0530] GC(1) Metaspace: 11793K(12032K)->11793K(12032K) NonClass: 10456K(10560K)->10456K(10560K) Class: 1336K(1472K)->1336K(1472K)
[2026-02-10T21:44:29.418+0530] GC(1) Pause Young (Normal) (G1 Evacuation Pause) 33M->14M(512M) 12.985ms
[2026-02-10T21:44:29.418+0530] GC(1) User=0.05s Sys=0.02s Real=0.01s
[2026-02-10T21:44:29.896+0530] GC(2) Pause Young (Normal) (G1 Evacuation Pause)
[2026-02-10T21:44:29.896+0530] GC(2) Using 4 workers of 4 for evacuation
[2026-02-10T21:44:29.903+0530] GC(2)   Pre Evacuate Collection Set: 0.2ms
[2026-02-10T21:44:29.903+0530] GC(2)   Merge Heap Roots: 0.1ms
[2026-02-10T21:44:29.903+0530] GC(2)   Evacuate Collection Set: 5.4ms
[2026-02-10T21:44:29.903+0530] GC(2)   Post Evacuate Collection Set: 0.5ms
[2026-02-10T21:44:29.903+0530] GC(2)   Other: 0.2ms
[2026-02-10T21:44:29.903+0530] GC(2) Eden regions: 24->0(37)
[2026-02-10T21:44:29.903+0530] GC(2) Survivor regions: 2->4(4)
[2026-02-10T21:44:29.903+0530] GC(2) Old regions: 8->15
[2026-02-10T21:44:29.903+0530] GC(2) Archive regions: 0->0
[2026-02-10T21:44:29.903+0530] GC(2) Humongous regions: 5->5
[2026-02-10T21:44:29.903+0530] GC(2) Metaspace: 14771K(15104K)->14771K(15104K) NonClass: 13111K(13312K)->13111K(13312K) Class: 1660K(1792K)->1660K(1792K)
[2026-02-10T21:44:29.903+0530] GC(2) Pause Young (Normal) (G1 Evacuation Pause) 38M->23M(512M) 6.591ms
[2026-02-10T21:44:29.903+0530] GC(2) User=0.00s Sys=0.00s Real=0.01s
[2026-02-10T21:44:30.736+0530] GC(3) Pause Young (Normal) (G1 Evacuation Pause)
[2026-02-10T21:44:30.737+0530] GC(3) Using 4 workers of 4 for evacuation
[2026-02-10T21:44:30.745+0530] GC(3)   Pre Evacuate Collection Set: 0.1ms
[2026-02-10T21:44:30.746+0530] GC(3)   Merge Heap Roots: 0.1ms
[2026-02-10T21:44:30.746+0530] GC(3)   Evacuate Collection Set: 7.9ms
[2026-02-10T21:44:30.746+0530] GC(3)   Post Evacuate Collection Set: 0.4ms
[2026-02-10T21:44:30.746+0530] GC(3)   Other: 0.2ms
[2026-02-10T21:44:30.746+0530] GC(3) Eden regions: 37->0(184)
[2026-02-10T21:44:30.746+0530] GC(3) Survivor regions: 4->5(6)
[2026-02-10T21:44:30.746+0530] GC(3) Old regions: 15->16
[2026-02-10T21:44:30.746+0530] GC(3) Archive regions: 0->0
[2026-02-10T21:44:30.746+0530] GC(3) Humongous regions: 5->5
[2026-02-10T21:44:30.746+0530] GC(3) Metaspace: 21142K(21440K)->21142K(21440K) NonClass: 18990K(19136K)->18990K(19136K) Class: 2151K(2304K)->2151K(2304K)
[2026-02-10T21:44:30.746+0530] GC(3) Pause Young (Normal) (G1 Evacuation Pause) 60M->25M(512M) 8.986ms
[2026-02-10T21:44:30.746+0530] GC(3) User=0.02s Sys=0.00s Real=0.01s
[2026-02-10T21:44:30.763+0530] GC(4) Pause Young (Concurrent Start) (Metadata GC Threshold)
[2026-02-10T21:44:30.763+0530] GC(4) Using 4 workers of 4 for evacuation
[2026-02-10T21:44:30.767+0530] GC(4)   Pre Evacuate Collection Set: 0.1ms
[2026-02-10T21:44:30.767+0530] GC(4)   Merge Heap Roots: 0.1ms
[2026-02-10T21:44:30.767+0530] GC(4)   Evacuate Collection Set: 4.3ms
[2026-02-10T21:44:30.767+0530] GC(4)   Post Evacuate Collection Set: 0.3ms
[2026-02-10T21:44:30.768+0530] GC(4)   Other: 0.2ms
[2026-02-10T21:44:30.768+0530] GC(4) Eden regions: 1->0(302)
[2026-02-10T21:44:30.768+0530] GC(4) Survivor regions: 5->5(24)
[2026-02-10T21:44:30.768+0530] GC(4) Old regions: 16->16
[2026-02-10T21:44:30.768+0530] GC(4) Archive regions: 0->0
[2026-02-10T21:44:30.768+0530] GC(4) Humongous regions: 5->5
[2026-02-10T21:44:30.768+0530] GC(4) Metaspace: 21245K(21504K)->21245K(21504K) NonClass: 19085K(19200K)->19085K(19200K) Class: 2160K(2304K)->2160K(2304K)
[2026-02-10T21:44:30.768+0530] GC(4) Pause Young (Concurrent Start) (Metadata GC Threshold) 26M->25M(512M) 5.099ms
[2026-02-10T21:44:30.768+0530] GC(4) User=0.00s Sys=0.00s Real=0.00s
[2026-02-10T21:44:30.768+0530] GC(5) Concurrent Mark Cycle
[2026-02-10T21:44:30.768+0530] GC(5) Concurrent Clear Claimed Marks
[2026-02-10T21:44:30.768+0530] GC(5) Concurrent Clear Claimed Marks 0.031ms
[2026-02-10T21:44:30.768+0530] GC(5) Concurrent Scan Root Regions
[2026-02-10T21:44:30.771+0530] GC(5) Concurrent Scan Root Regions 3.112ms
[2026-02-10T21:44:30.771+0530] GC(5) Concurrent Mark
[2026-02-10T21:44:30.771+0530] GC(5) Concurrent Mark From Roots
[2026-02-10T21:44:30.771+0530] GC(5) Using 1 workers of 1 for marking
[2026-02-10T21:44:30.798+0530] GC(5) Concurrent Mark From Roots 27.332ms
[2026-02-10T21:44:30.798+0530] GC(5) Concurrent Preclean
[2026-02-10T21:44:30.798+0530] GC(5) Concurrent Preclean 0.075ms
[2026-02-10T21:44:30.798+0530] GC(5) Pause Remark
[2026-02-10T21:44:30.801+0530] GC(5) Pause Remark 26M->26M(512M) 2.351ms
[2026-02-10T21:44:30.801+0530] GC(5) User=0.03s Sys=0.03s Real=0.00s
[2026-02-10T21:44:30.802+0530] GC(5) Concurrent Mark 30.730ms
[2026-02-10T21:44:30.802+0530] GC(5) Concurrent Rebuild Remembered Sets
[2026-02-10T21:44:30.814+0530] GC(5) Concurrent Rebuild Remembered Sets 12.427ms
[2026-02-10T21:44:30.814+0530] GC(5) Pause Cleanup
[2026-02-10T21:44:30.814+0530] GC(5) Pause Cleanup 26M->26M(512M) 0.250ms
[2026-02-10T21:44:30.814+0530] GC(5) User=0.00s Sys=0.00s Real=0.00s
[2026-02-10T21:44:30.814+0530] GC(5) Concurrent Cleanup for Next Mark
[2026-02-10T21:44:30.818+0530] GC(5) Concurrent Cleanup for Next Mark 3.289ms
[2026-02-10T21:44:30.818+0530] GC(5) Concurrent Mark Cycle 50.309ms
[2026-02-10T21:44:33.164+0530] GC(6) Pause Young (Concurrent Start) (Metadata GC Threshold)
[2026-02-10T21:44:33.165+0530] GC(6) Using 4 workers of 4 for evacuation
[2026-02-10T21:44:33.179+0530] GC(6)   Pre Evacuate Collection Set: 0.1ms
[2026-02-10T21:44:33.179+0530] GC(6)   Merge Heap Roots: 0.1ms
[2026-02-10T21:44:33.179+0530] GC(6)   Evacuate Collection Set: 14.3ms
[2026-02-10T21:44:33.179+0530] GC(6)   Post Evacuate Collection Set: 0.8ms
[2026-02-10T21:44:33.179+0530] GC(6)   Other: 0.3ms
[2026-02-10T21:44:33.179+0530] GC(6) Eden regions: 109->0(297)
[2026-02-10T21:44:33.181+0530] GC(6) Survivor regions: 5->10(39)
[2026-02-10T21:44:33.181+0530] GC(6) Old regions: 16->16
[2026-02-10T21:44:33.181+0530] GC(6) Archive regions: 0->0
[2026-02-10T21:44:33.181+0530] GC(6) Humongous regions: 5->5
[2026-02-10T21:44:33.181+0530] GC(6) Metaspace: 35619K(36160K)->35619K(36160K) NonClass: 31674K(31936K)->31674K(31936K) Class: 3945K(4224K)->3945K(4224K)
[2026-02-10T21:44:33.181+0530] GC(6) Pause Young (Concurrent Start) (Metadata GC Threshold) 134M->30M(512M) 15.891ms
[2026-02-10T21:44:33.181+0530] GC(6) User=0.05s Sys=0.02s Real=0.02s
[2026-02-10T21:44:33.181+0530] GC(7) Concurrent Mark Cycle
[2026-02-10T21:44:33.181+0530] GC(7) Concurrent Clear Claimed Marks
[2026-02-10T21:44:33.181+0530] GC(7) Concurrent Clear Claimed Marks 0.045ms
[2026-02-10T21:44:33.181+0530] GC(7) Concurrent Scan Root Regions
[2026-02-10T21:44:33.190+0530] GC(7) Concurrent Scan Root Regions 10.184ms
[2026-02-10T21:44:33.191+0530] GC(7) Concurrent Mark
[2026-02-10T21:44:33.191+0530] GC(7) Concurrent Mark From Roots
[2026-02-10T21:44:33.191+0530] GC(7) Using 1 workers of 1 for marking
[2026-02-10T21:44:33.224+0530] GC(7) Concurrent Mark From Roots 32.648ms
[2026-02-10T21:44:33.224+0530] GC(7) Concurrent Preclean
[2026-02-10T21:44:33.224+0530] GC(7) Concurrent Preclean 0.082ms
[2026-02-10T21:44:33.224+0530] GC(7) Pause Remark
[2026-02-10T21:44:33.233+0530] GC(7) Pause Remark 31M->31M(512M) 8.761ms
[2026-02-10T21:44:33.233+0530] GC(7) User=0.00s Sys=0.00s Real=0.01s
[2026-02-10T21:44:33.233+0530] GC(7) Concurrent Mark 42.175ms
[2026-02-10T21:44:33.234+0530] GC(7) Concurrent Rebuild Remembered Sets
[2026-02-10T21:44:33.249+0530] GC(7) Concurrent Rebuild Remembered Sets 15.844ms
[2026-02-10T21:44:33.249+0530] GC(7) Pause Cleanup
[2026-02-10T21:44:33.249+0530] GC(7) Pause Cleanup 31M->31M(512M) 0.145ms
[2026-02-10T21:44:33.249+0530] GC(7) User=0.00s Sys=0.00s Real=0.00s
[2026-02-10T21:44:33.249+0530] GC(7) Concurrent Cleanup for Next Mark
[2026-02-10T21:44:33.253+0530] GC(7) Concurrent Cleanup for Next Mark 3.721ms
[2026-02-10T21:44:33.253+0530] GC(7) Concurrent Mark Cycle 72.800ms
[2026-02-10T21:44:44.157+0530] Heap
[2026-02-10T21:44:44.158+0530]  garbage-first heap   total 524288K, used 265021K [0x00000000e0000000, 0x0000000100000000)
[2026-02-10T21:44:44.158+0530]   region size 1024K, 239 young (244736K), 10 survivors (10240K)
[2026-02-10T21:44:44.158+0530]  Metaspace       used 36959K, committed 37568K, reserved 1114112K
[2026-02-10T21:44:44.158+0530]   class space    used 4017K, committed 4288K, reserved 1048576K
