[2026-02-10T17:27:09.040+0530] Using G1
[2026-02-10T17:27:09.044+0530] Version: 17.0.12+8-LTS-286 (release)
[2026-02-10T17:27:09.045+0530] CPUs: 8 total, 4 available
[2026-02-10T17:27:09.045+0530] Memory: 7914M
[2026-02-10T17:27:09.045+0530] Large Page Support: Disabled
[2026-02-10T17:27:09.045+0530] NUMA Support: Disabled
[2026-02-10T17:27:09.045+0530] Compressed Oops: Enabled (32-bit)
[2026-02-10T17:27:09.045+0530] Heap Region Size: 1M
[2026-02-10T17:27:09.045+0530] Heap Min Capacity: 256M
[2026-02-10T17:27:09.045+0530] Heap Initial Capacity: 256M
[2026-02-10T17:27:09.045+0530] Heap Max Capacity: 256M
[2026-02-10T17:27:09.045+0530] Pre-touch: Disabled
[2026-02-10T17:27:09.045+0530] Parallel Workers: 4
[2026-02-10T17:27:09.045+0530] Concurrent Workers: 1
[2026-02-10T17:27:09.045+0530] Concurrent Refinement Workers: 4
[2026-02-10T17:27:09.045+0530] Periodic GC: Disabled
[2026-02-10T17:27:09.063+0530] CDS archive(s) mapped at: [0x00000291b4000000-0x00000291b4bd0000-0x00000291b4bd0000), size 12386304, SharedBaseAddress: 0x00000291b4000000, ArchiveRelocationMode: 1.
[2026-02-10T17:27:09.063+0530] Compressed class space mapped at: 0x00000291b5000000-0x00000291f5000000, reserved size: 1073741824
[2026-02-10T17:27:09.063+0530] Narrow klass base: 0x00000291b4000000, Narrow klass shift: 0, Narrow klass range: 0x100000000
[2026-02-10T17:27:09.742+0530] GC(0) Pause Young (Normal) (G1 Evacuation Pause)
[2026-02-10T17:27:09.743+0530] GC(0) Using 4 workers of 4 for evacuation
[2026-02-10T17:27:09.750+0530] GC(0)   Pre Evacuate Collection Set: 0.1ms
[2026-02-10T17:27:09.750+0530] GC(0)   Merge Heap Roots: 0.1ms
[2026-02-10T17:27:09.750+0530] GC(0)   Evacuate Collection Set: 6.3ms
[2026-02-10T17:27:09.750+0530] GC(0)   Post Evacuate Collection Set: 0.5ms
[2026-02-10T17:27:09.750+0530] GC(0)   Other: 0.5ms
[2026-02-10T17:27:09.750+0530] GC(0) Eden regions: 13->0(13)
[2026-02-10T17:27:09.750+0530] GC(0) Survivor regions: 0->2(2)
[2026-02-10T17:27:09.750+0530] GC(0) Old regions: 0->3
[2026-02-10T17:27:09.750+0530] GC(0) Archive regions: 0->0
[2026-02-10T17:27:09.750+0530] GC(0) Humongous regions: 5->5
[2026-02-10T17:27:09.750+0530] GC(0) Metaspace: 4449K(4672K)->4449K(4672K) NonClass: 3969K(4096K)->3969K(4096K) Class: 480K(576K)->480K(576K)
[2026-02-10T17:27:09.750+0530] GC(0) Pause Young (Normal) (G1 Evacuation Pause) 18M->9M(256M) 7.662ms
[2026-02-10T17:27:09.750+0530] GC(0) User=0.03s Sys=0.03s Real=0.01s
[2026-02-10T17:27:09.961+0530] GC(1) Pause Young (Normal) (G1 Evacuation Pause)
[2026-02-10T17:27:09.961+0530] GC(1) Using 4 workers of 4 for evacuation
[2026-02-10T17:27:09.973+0530] GC(1)   Pre Evacuate Collection Set: 0.1ms
[2026-02-10T17:27:09.973+0530] GC(1)   Merge Heap Roots: 0.1ms
[2026-02-10T17:27:09.973+0530] GC(1)   Evacuate Collection Set: 11.3ms
[2026-02-10T17:27:09.973+0530] GC(1)   Post Evacuate Collection Set: 0.4ms
[2026-02-10T17:27:09.973+0530] GC(1)   Other: 0.2ms
[2026-02-10T17:27:09.973+0530] GC(1) Eden regions: 13->0(18)
[2026-02-10T17:27:09.973+0530] GC(1) Survivor regions: 2->2(2)
[2026-02-10T17:27:09.973+0530] GC(1) Old regions: 3->6
[2026-02-10T17:27:09.973+0530] GC(1) Archive regions: 0->0
[2026-02-10T17:27:09.973+0530] GC(1) Humongous regions: 5->5
[2026-02-10T17:27:09.973+0530] GC(1) Metaspace: 6003K(6144K)->6003K(6144K) NonClass: 5346K(5440K)->5346K(5440K) Class: 657K(704K)->657K(704K)
[2026-02-10T17:27:09.973+0530] GC(1) Pause Young (Normal) (G1 Evacuation Pause) 22M->12M(256M) 12.149ms
[2026-02-10T17:27:09.973+0530] GC(1) User=0.06s Sys=0.00s Real=0.01s
[2026-02-10T17:27:10.394+0530] GC(2) Pause Young (Normal) (G1 Evacuation Pause)
[2026-02-10T17:27:10.394+0530] GC(2) Using 4 workers of 4 for evacuation
[2026-02-10T17:27:10.399+0530] GC(2)   Pre Evacuate Collection Set: 0.1ms
[2026-02-10T17:27:10.399+0530] GC(2)   Merge Heap Roots: 0.1ms
[2026-02-10T17:27:10.399+0530] GC(2)   Evacuate Collection Set: 4.5ms
[2026-02-10T17:27:10.399+0530] GC(2)   Post Evacuate Collection Set: 0.3ms
[2026-02-10T17:27:10.399+0530] GC(2)   Other: 0.2ms
[2026-02-10T17:27:10.399+0530] GC(2) Eden regions: 18->0(94)
[2026-02-10T17:27:10.399+0530] GC(2) Survivor regions: 2->2(3)
[2026-02-10T17:27:10.399+0530] GC(2) Old regions: 6->8
[2026-02-10T17:27:10.399+0530] GC(2) Archive regions: 0->0
[2026-02-10T17:27:10.399+0530] GC(2) Humongous regions: 5->5
[2026-02-10T17:27:10.399+0530] GC(2) Metaspace: 11350K(11584K)->11350K(11584K) NonClass: 10068K(10176K)->10068K(10176K) Class: 1282K(1408K)->1282K(1408K)
[2026-02-10T17:27:10.399+0530] GC(2) Pause Young (Normal) (G1 Evacuation Pause) 30M->14M(256M) 5.327ms
[2026-02-10T17:27:10.399+0530] GC(2) User=0.00s Sys=0.00s Real=0.00s
[2026-02-10T17:27:11.538+0530] GC(3) Pause Young (Concurrent Start) (Metadata GC Threshold)
[2026-02-10T17:27:11.538+0530] GC(3) Using 4 workers of 4 for evacuation
[2026-02-10T17:27:11.546+0530] GC(3)   Pre Evacuate Collection Set: 0.1ms
[2026-02-10T17:27:11.546+0530] GC(3)   Merge Heap Roots: 0.1ms
[2026-02-10T17:27:11.546+0530] GC(3)   Evacuate Collection Set: 7.8ms
[2026-02-10T17:27:11.546+0530] GC(3)   Post Evacuate Collection Set: 0.6ms
[2026-02-10T17:27:11.546+0530] GC(3)   Other: 0.3ms
[2026-02-10T17:27:11.546+0530] GC(3) Eden regions: 63->0(98)
[2026-02-10T17:27:11.546+0530] GC(3) Survivor regions: 2->12(12)
[2026-02-10T17:27:11.546+0530] GC(3) Old regions: 8->9
[2026-02-10T17:27:11.546+0530] GC(3) Archive regions: 0->0
[2026-02-10T17:27:11.546+0530] GC(3) Humongous regions: 5->5
[2026-02-10T17:27:11.546+0530] GC(3) Metaspace: 21239K(21504K)->21239K(21504K) NonClass: 19077K(19200K)->19077K(19200K) Class: 2161K(2304K)->2161K(2304K)
[2026-02-10T17:27:11.546+0530] GC(3) Pause Young (Concurrent Start) (Metadata GC Threshold) 77M->25M(256M) 9.118ms
[2026-02-10T17:27:11.546+0530] GC(3) User=0.06s Sys=0.00s Real=0.01s
[2026-02-10T17:27:11.546+0530] GC(4) Concurrent Mark Cycle
[2026-02-10T17:27:11.546+0530] GC(4) Concurrent Clear Claimed Marks
[2026-02-10T17:27:11.547+0530] GC(4) Concurrent Clear Claimed Marks 0.033ms
[2026-02-10T17:27:11.547+0530] GC(4) Concurrent Scan Root Regions
[2026-02-10T17:27:11.551+0530] GC(4) Concurrent Scan Root Regions 4.509ms
[2026-02-10T17:27:11.552+0530] GC(4) Concurrent Mark
[2026-02-10T17:27:11.552+0530] GC(4) Concurrent Mark From Roots
[2026-02-10T17:27:11.552+0530] GC(4) Using 1 workers of 1 for marking
[2026-02-10T17:27:11.573+0530] GC(4) Concurrent Mark From Roots 22.099ms
[2026-02-10T17:27:11.573+0530] GC(4) Concurrent Preclean
[2026-02-10T17:27:11.573+0530] GC(4) Concurrent Preclean 0.073ms
[2026-02-10T17:27:11.574+0530] GC(4) Pause Remark
[2026-02-10T17:27:11.577+0530] GC(4) Pause Remark 25M->25M(256M) 3.952ms
[2026-02-10T17:27:11.577+0530] GC(4) User=0.05s Sys=0.02s Real=0.00s
[2026-02-10T17:27:11.578+0530] GC(4) Concurrent Mark 26.459ms
[2026-02-10T17:27:11.578+0530] GC(4) Concurrent Rebuild Remembered Sets
[2026-02-10T17:27:11.589+0530] GC(4) Concurrent Rebuild Remembered Sets 10.686ms
[2026-02-10T17:27:11.589+0530] GC(4) Pause Cleanup
[2026-02-10T17:27:11.589+0530] GC(4) Pause Cleanup 25M->25M(256M) 0.141ms
[2026-02-10T17:27:11.589+0530] GC(4) User=0.00s Sys=0.00s Real=0.00s
[2026-02-10T17:27:11.590+0530] GC(4) Concurrent Cleanup for Next Mark
[2026-02-10T17:27:11.591+0530] GC(4) Concurrent Cleanup for Next Mark 1.685ms
[2026-02-10T17:27:11.591+0530] GC(4) Concurrent Mark Cycle 44.101ms
[2026-02-10T17:27:13.491+0530] GC(5) Pause Young (Prepare Mixed) (G1 Evacuation Pause)
[2026-02-10T17:27:13.491+0530] GC(5) Using 4 workers of 4 for evacuation
[2026-02-10T17:27:13.506+0530] GC(5)   Pre Evacuate Collection Set: 0.1ms
[2026-02-10T17:27:13.506+0530] GC(5)   Merge Heap Roots: 0.1ms
[2026-02-10T17:27:13.506+0530] GC(5)   Evacuate Collection Set: 14.0ms
[2026-02-10T17:27:13.506+0530] GC(5)   Post Evacuate Collection Set: 0.7ms
[2026-02-10T17:27:13.507+0530] GC(5)   Other: 0.2ms
[2026-02-10T17:27:13.507+0530] GC(5) Eden regions: 98->0(7)
[2026-02-10T17:27:13.507+0530] GC(5) Survivor regions: 12->5(14)
[2026-02-10T17:27:13.507+0530] GC(5) Old regions: 9->20
[2026-02-10T17:27:13.507+0530] GC(5) Archive regions: 0->0
[2026-02-10T17:27:13.507+0530] GC(5) Humongous regions: 5->5
[2026-02-10T17:27:13.507+0530] GC(5) Metaspace: 34061K(34560K)->34061K(34560K) NonClass: 30284K(30528K)->30284K(30528K) Class: 3776K(4032K)->3776K(4032K)
[2026-02-10T17:27:13.507+0530] GC(5) Pause Young (Prepare Mixed) (G1 Evacuation Pause) 123M->29M(256M) 15.446ms
[2026-02-10T17:27:13.507+0530] GC(5) User=0.06s Sys=0.00s Real=0.02s
[2026-02-10T17:27:13.680+0530] GC(6) Pause Young (Mixed) (G1 Evacuation Pause)
[2026-02-10T17:27:13.680+0530] GC(6) Using 4 workers of 4 for evacuation
[2026-02-10T17:27:13.703+0530] GC(6)   Pre Evacuate Collection Set: 0.1ms
[2026-02-10T17:27:13.704+0530] GC(6)   Merge Heap Roots: 0.2ms
[2026-02-10T17:27:13.704+0530] GC(6)   Evacuate Collection Set: 21.5ms
[2026-02-10T17:27:13.704+0530] GC(6)   Post Evacuate Collection Set: 0.9ms
[2026-02-10T17:27:13.704+0530] GC(6)   Other: 0.2ms
[2026-02-10T17:27:13.704+0530] GC(6) Eden regions: 7->0(149)
[2026-02-10T17:27:13.704+0530] GC(6) Survivor regions: 5->1(2)
[2026-02-10T17:27:13.704+0530] GC(6) Old regions: 20->25
[2026-02-10T17:27:13.704+0530] GC(6) Archive regions: 0->0
[2026-02-10T17:27:13.704+0530] GC(6) Humongous regions: 5->5
[2026-02-10T17:27:13.704+0530] GC(6) Metaspace: 35019K(35584K)->35019K(35584K) NonClass: 31121K(31424K)->31121K(31424K) Class: 3897K(4160K)->3897K(4160K)
[2026-02-10T17:27:13.704+0530] GC(6) Pause Young (Mixed) (G1 Evacuation Pause) 36M->29M(256M) 22.992ms
[2026-02-10T17:27:13.704+0530] GC(6) User=0.09s Sys=0.03s Real=0.02s
[2026-02-10T17:27:13.824+0530] GC(7) Pause Young (Concurrent Start) (Metadata GC Threshold)
[2026-02-10T17:27:13.824+0530] GC(7) Using 4 workers of 4 for evacuation
[2026-02-10T17:27:13.827+0530] GC(7)   Pre Evacuate Collection Set: 0.1ms
[2026-02-10T17:27:13.827+0530] GC(7)   Merge Heap Roots: 0.1ms
[2026-02-10T17:27:13.827+0530] GC(7)   Evacuate Collection Set: 1.9ms
[2026-02-10T17:27:13.827+0530] GC(7)   Post Evacuate Collection Set: 0.3ms
[2026-02-10T17:27:13.827+0530] GC(7)   Other: 0.1ms
[2026-02-10T17:27:13.827+0530] GC(7) Eden regions: 4->0(152)
[2026-02-10T17:27:13.827+0530] GC(7) Survivor regions: 1->1(19)
[2026-02-10T17:27:13.827+0530] GC(7) Old regions: 25->25
[2026-02-10T17:27:13.827+0530] GC(7) Archive regions: 0->0
[2026-02-10T17:27:13.827+0530] GC(7) Humongous regions: 5->5
[2026-02-10T17:27:13.827+0530] GC(7) Metaspace: 35444K(35968K)->35444K(35968K) NonClass: 31503K(31744K)->31503K(31744K) Class: 3940K(4224K)->3940K(4224K)
[2026-02-10T17:27:13.827+0530] GC(7) Pause Young (Concurrent Start) (Metadata GC Threshold) 33M->29M(256M) 2.773ms
[2026-02-10T17:27:13.827+0530] GC(7) User=0.06s Sys=0.00s Real=0.00s
[2026-02-10T17:27:13.827+0530] GC(8) Concurrent Mark Cycle
[2026-02-10T17:27:13.827+0530] GC(8) Concurrent Clear Claimed Marks
[2026-02-10T17:27:13.827+0530] GC(8) Concurrent Clear Claimed Marks 0.027ms
[2026-02-10T17:27:13.827+0530] GC(8) Concurrent Scan Root Regions
[2026-02-10T17:27:13.829+0530] GC(8) Concurrent Scan Root Regions 1.415ms
[2026-02-10T17:27:13.829+0530] GC(8) Concurrent Mark
[2026-02-10T17:27:13.829+0530] GC(8) Concurrent Mark From Roots
[2026-02-10T17:27:13.829+0530] GC(8) Using 1 workers of 1 for marking
[2026-02-10T17:27:13.874+0530] GC(8) Concurrent Mark From Roots 45.204ms
[2026-02-10T17:27:13.874+0530] GC(8) Concurrent Preclean
[2026-02-10T17:27:13.874+0530] GC(8) Concurrent Preclean 0.077ms
[2026-02-10T17:27:13.874+0530] GC(8) Pause Remark
[2026-02-10T17:27:13.885+0530] GC(8) Pause Remark 31M->31M(256M) 10.647ms
[2026-02-10T17:27:13.885+0530] GC(8) User=0.00s Sys=0.00s Real=0.01s
[2026-02-10T17:27:13.886+0530] GC(8) Concurrent Mark 56.490ms
[2026-02-10T17:27:13.886+0530] GC(8) Concurrent Rebuild Remembered Sets
[2026-02-10T17:27:13.904+0530] GC(8) Concurrent Rebuild Remembered Sets 19.064ms
[2026-02-10T17:27:13.904+0530] GC(8) Pause Cleanup
[2026-02-10T17:27:13.904+0530] GC(8) Pause Cleanup 31M->31M(256M) 0.154ms
[2026-02-10T17:27:13.904+0530] GC(8) User=0.02s Sys=0.00s Real=0.00s
[2026-02-10T17:27:13.905+0530] GC(8) Concurrent Cleanup for Next Mark
[2026-02-10T17:27:13.906+0530] GC(8) Concurrent Cleanup for Next Mark 1.603ms
[2026-02-10T17:27:13.907+0530] GC(8) Concurrent Mark Cycle 79.756ms
[2026-02-10T17:27:16.987+0530] GC(9) Pause Young (Prepare Mixed) (G1 Evacuation Pause)
[2026-02-10T17:27:16.987+0530] GC(9) Using 4 workers of 4 for evacuation
[2026-02-10T17:27:17.031+0530] GC(9)   Pre Evacuate Collection Set: 0.1ms
[2026-02-10T17:27:17.031+0530] GC(9)   Merge Heap Roots: 0.1ms
[2026-02-10T17:27:17.031+0530] GC(9)   Evacuate Collection Set: 43.8ms
[2026-02-10T17:27:17.031+0530] GC(9)   Post Evacuate Collection Set: 0.5ms
[2026-02-10T17:27:17.031+0530] GC(9)   Other: 0.3ms
[2026-02-10T17:27:17.031+0530] GC(9) Eden regions: 152->0(1)
[2026-02-10T17:27:17.031+0530] GC(9) Survivor regions: 1->20(20)
[2026-02-10T17:27:17.031+0530] GC(9) Old regions: 25->26
[2026-02-10T17:27:17.031+0530] GC(9) Archive regions: 0->0
[2026-02-10T17:27:17.031+0530] GC(9) Humongous regions: 5->5
[2026-02-10T17:27:17.031+0530] GC(9) Metaspace: 36675K(37184K)->36675K(37184K) NonClass: 32678K(32960K)->32678K(32960K) Class: 3997K(4224K)->3997K(4224K)
[2026-02-10T17:27:17.031+0530] GC(9) Pause Young (Prepare Mixed) (G1 Evacuation Pause) 181M->50M(256M) 45.005ms
[2026-02-10T17:27:17.031+0530] GC(9) User=0.17s Sys=0.02s Real=0.04s
[2026-02-10T17:27:17.049+0530] GC(10) Pause Young (Mixed) (G1 Evacuation Pause)
[2026-02-10T17:27:17.049+0530] GC(10) Using 4 workers of 4 for evacuation
[2026-02-10T17:27:17.083+0530] GC(10)   Pre Evacuate Collection Set: 0.1ms
[2026-02-10T17:27:17.083+0530] GC(10)   Merge Heap Roots: 0.1ms
[2026-02-10T17:27:17.083+0530] GC(10)   Evacuate Collection Set: 33.8ms
[2026-02-10T17:27:17.083+0530] GC(10)   Post Evacuate Collection Set: 0.4ms
[2026-02-10T17:27:17.083+0530] GC(10)   Other: 0.2ms
[2026-02-10T17:27:17.083+0530] GC(10) Eden regions: 1->0(126)
[2026-02-10T17:27:17.083+0530] GC(10) Survivor regions: 20->2(3)
[2026-02-10T17:27:17.083+0530] GC(10) Old regions: 26->46
[2026-02-10T17:27:17.083+0530] GC(10) Archive regions: 0->0
[2026-02-10T17:27:17.083+0530] GC(10) Humongous regions: 5->5
[2026-02-10T17:27:17.083+0530] GC(10) Metaspace: 36679K(37184K)->36679K(37184K) NonClass: 32681K(32960K)->32681K(32960K) Class: 3997K(4224K)->3997K(4224K)
[2026-02-10T17:27:17.083+0530] GC(10) Pause Young (Mixed) (G1 Evacuation Pause) 51M->52M(256M) 34.728ms
[2026-02-10T17:27:17.083+0530] GC(10) User=0.11s Sys=0.02s Real=0.03s
[2026-02-10T17:27:17.793+0530] Heap
[2026-02-10T17:27:17.793+0530]  garbage-first heap   total 262144K, used 133168K [0x00000000f0000000, 0x0000000100000000)
[2026-02-10T17:27:17.793+0530]   region size 1024K, 81 young (82944K), 2 survivors (2048K)
[2026-02-10T17:27:17.793+0530]  Metaspace       used 36814K, committed 37440K, reserved 1114112K
[2026-02-10T17:27:17.794+0530]   class space    used 4011K, committed 4288K, reserved 1048576K
