[2026-02-10T17:28:36.829+0530] Using G1
[2026-02-10T17:28:36.833+0530] Version: 17.0.12+8-LTS-286 (release)
[2026-02-10T17:28:36.833+0530] CPUs: 8 total, 4 available
[2026-02-10T17:28:36.833+0530] Memory: 7914M
[2026-02-10T17:28:36.833+0530] Large Page Support: Disabled
[2026-02-10T17:28:36.833+0530] NUMA Support: Disabled
[2026-02-10T17:28:36.833+0530] Compressed Oops: Enabled (32-bit)
[2026-02-10T17:28:36.833+0530] Heap Region Size: 1M
[2026-02-10T17:28:36.833+0530] Heap Min Capacity: 256M
[2026-02-10T17:28:36.833+0530] Heap Initial Capacity: 256M
[2026-02-10T17:28:36.833+0530] Heap Max Capacity: 256M
[2026-02-10T17:28:36.833+0530] Pre-touch: Disabled
[2026-02-10T17:28:36.833+0530] Parallel Workers: 4
[2026-02-10T17:28:36.834+0530] Concurrent Workers: 1
[2026-02-10T17:28:36.834+0530] Concurrent Refinement Workers: 4
[2026-02-10T17:28:36.834+0530] Periodic GC: Disabled
[2026-02-10T17:28:36.847+0530] CDS archive(s) mapped at: [0x0000026fd3000000-0x0000026fd3bd0000-0x0000026fd3bd0000), size 12386304, SharedBaseAddress: 0x0000026fd3000000, ArchiveRelocationMode: 1.
[2026-02-10T17:28:36.847+0530] Compressed class space mapped at: 0x0000026fd4000000-0x0000027014000000, reserved size: 1073741824
[2026-02-10T17:28:36.847+0530] Narrow klass base: 0x0000026fd3000000, Narrow klass shift: 0, Narrow klass range: 0x100000000
[2026-02-10T17:28:37.469+0530] GC(0) Pause Young (Normal) (G1 Evacuation Pause)
[2026-02-10T17:28:37.469+0530] GC(0) Using 4 workers of 4 for evacuation
[2026-02-10T17:28:37.476+0530] GC(0)   Pre Evacuate Collection Set: 0.1ms
[2026-02-10T17:28:37.476+0530] GC(0)   Merge Heap Roots: 0.1ms
[2026-02-10T17:28:37.476+0530] GC(0)   Evacuate Collection Set: 5.9ms
[2026-02-10T17:28:37.476+0530] GC(0)   Post Evacuate Collection Set: 0.4ms
[2026-02-10T17:28:37.476+0530] GC(0)   Other: 0.5ms
[2026-02-10T17:28:37.476+0530] GC(0) Eden regions: 13->0(13)
[2026-02-10T17:28:37.476+0530] GC(0) Survivor regions: 0->2(2)
[2026-02-10T17:28:37.476+0530] GC(0) Old regions: 0->3
[2026-02-10T17:28:37.476+0530] GC(0) Archive regions: 0->0
[2026-02-10T17:28:37.476+0530] GC(0) Humongous regions: 5->5
[2026-02-10T17:28:37.476+0530] GC(0) Metaspace: 4457K(4672K)->4457K(4672K) NonClass: 3977K(4096K)->3977K(4096K) Class: 480K(576K)->480K(576K)
[2026-02-10T17:28:37.476+0530] GC(0) Pause Young (Normal) (G1 Evacuation Pause) 18M->9M(256M) 7.121ms
[2026-02-10T17:28:37.476+0530] GC(0) User=0.00s Sys=0.00s Real=0.01s
[2026-02-10T17:28:37.697+0530] GC(1) Pause Young (Normal) (G1 Evacuation Pause)
[2026-02-10T17:28:37.697+0530] GC(1) Using 4 workers of 4 for evacuation
[2026-02-10T17:28:37.705+0530] GC(1)   Pre Evacuate Collection Set: 0.1ms
[2026-02-10T17:28:37.705+0530] GC(1)   Merge Heap Roots: 0.1ms
[2026-02-10T17:28:37.705+0530] GC(1)   Evacuate Collection Set: 8.2ms
[2026-02-10T17:28:37.705+0530] GC(1)   Post Evacuate Collection Set: 0.4ms
[2026-02-10T17:28:37.705+0530] GC(1)   Other: 0.1ms
[2026-02-10T17:28:37.705+0530] GC(1) Eden regions: 13->0(18)
[2026-02-10T17:28:37.705+0530] GC(1) Survivor regions: 2->2(2)
[2026-02-10T17:28:37.705+0530] GC(1) Old regions: 3->6
[2026-02-10T17:28:37.705+0530] GC(1) Archive regions: 0->0
[2026-02-10T17:28:37.705+0530] GC(1) Humongous regions: 5->5
[2026-02-10T17:28:37.705+0530] GC(1) Metaspace: 6006K(6144K)->6006K(6144K) NonClass: 5348K(5440K)->5348K(5440K) Class: 657K(704K)->657K(704K)
[2026-02-10T17:28:37.706+0530] GC(1) Pause Young (Normal) (G1 Evacuation Pause) 22M->12M(256M) 9.059ms
[2026-02-10T17:28:37.706+0530] GC(1) User=0.06s Sys=0.00s Real=0.01s
[2026-02-10T17:28:38.207+0530] GC(2) Pause Young (Normal) (G1 Evacuation Pause)
[2026-02-10T17:28:38.207+0530] GC(2) Using 4 workers of 4 for evacuation
[2026-02-10T17:28:38.213+0530] GC(2)   Pre Evacuate Collection Set: 0.1ms
[2026-02-10T17:28:38.213+0530] GC(2)   Merge Heap Roots: 0.1ms
[2026-02-10T17:28:38.213+0530] GC(2)   Evacuate Collection Set: 4.5ms
[2026-02-10T17:28:38.213+0530] GC(2)   Post Evacuate Collection Set: 0.3ms
[2026-02-10T17:28:38.213+0530] GC(2)   Other: 0.1ms
[2026-02-10T17:28:38.213+0530] GC(2) Eden regions: 18->0(95)
[2026-02-10T17:28:38.213+0530] GC(2) Survivor regions: 2->2(3)
[2026-02-10T17:28:38.213+0530] GC(2) Old regions: 6->8
[2026-02-10T17:28:38.213+0530] GC(2) Archive regions: 0->0
[2026-02-10T17:28:38.213+0530] GC(2) Humongous regions: 5->5
[2026-02-10T17:28:38.213+0530] GC(2) Metaspace: 11407K(11648K)->11407K(11648K) NonClass: 10121K(10240K)->10121K(10240K) Class: 1286K(1408K)->1286K(1408K)
[2026-02-10T17:28:38.213+0530] GC(2) Pause Young (Normal) (G1 Evacuation Pause) 30M->14M(256M) 5.288ms
[2026-02-10T17:28:38.213+0530] GC(2) User=0.00s Sys=0.00s Real=0.01s
[2026-02-10T17:28:39.361+0530] GC(3) Pause Young (Concurrent Start) (Metadata GC Threshold)
[2026-02-10T17:28:39.361+0530] GC(3) Using 4 workers of 4 for evacuation
[2026-02-10T17:28:39.369+0530] GC(3)   Pre Evacuate Collection Set: 0.1ms
[2026-02-10T17:28:39.369+0530] GC(3)   Merge Heap Roots: 0.1ms
[2026-02-10T17:28:39.369+0530] GC(3)   Evacuate Collection Set: 7.0ms
[2026-02-10T17:28:39.369+0530] GC(3)   Post Evacuate Collection Set: 0.5ms
[2026-02-10T17:28:39.369+0530] GC(3)   Other: 0.2ms
[2026-02-10T17:28:39.369+0530] GC(3) Eden regions: 64->0(100)
[2026-02-10T17:28:39.369+0530] GC(3) Survivor regions: 2->13(13)
[2026-02-10T17:28:39.369+0530] GC(3) Old regions: 8->8
[2026-02-10T17:28:39.369+0530] GC(3) Archive regions: 0->0
[2026-02-10T17:28:39.369+0530] GC(3) Humongous regions: 5->5
[2026-02-10T17:28:39.369+0530] GC(3) Metaspace: 21227K(21504K)->21227K(21504K) NonClass: 19058K(19200K)->19058K(19200K) Class: 2169K(2304K)->2169K(2304K)
[2026-02-10T17:28:39.369+0530] GC(3) Pause Young (Concurrent Start) (Metadata GC Threshold) 77M->25M(256M) 8.081ms
[2026-02-10T17:28:39.369+0530] GC(3) User=0.00s Sys=0.00s Real=0.01s
[2026-02-10T17:28:39.369+0530] GC(4) Concurrent Mark Cycle
[2026-02-10T17:28:39.369+0530] GC(4) Concurrent Clear Claimed Marks
[2026-02-10T17:28:39.369+0530] GC(4) Concurrent Clear Claimed Marks 0.032ms
[2026-02-10T17:28:39.369+0530] GC(4) Concurrent Scan Root Regions
[2026-02-10T17:28:39.374+0530] GC(4) Concurrent Scan Root Regions 4.253ms
[2026-02-10T17:28:39.374+0530] GC(4) Concurrent Mark
[2026-02-10T17:28:39.374+0530] GC(4) Concurrent Mark From Roots
[2026-02-10T17:28:39.374+0530] GC(4) Using 1 workers of 1 for marking
[2026-02-10T17:28:39.395+0530] GC(4) Concurrent Mark From Roots 21.601ms
[2026-02-10T17:28:39.395+0530] GC(4) Concurrent Preclean
[2026-02-10T17:28:39.395+0530] GC(4) Concurrent Preclean 0.068ms
[2026-02-10T17:28:39.396+0530] GC(4) Pause Remark
[2026-02-10T17:28:39.399+0530] GC(4) Pause Remark 26M->26M(256M) 3.704ms
[2026-02-10T17:28:39.399+0530] GC(4) User=0.00s Sys=0.00s Real=0.00s
[2026-02-10T17:28:39.402+0530] GC(4) Concurrent Mark 29.251ms
[2026-02-10T17:28:39.402+0530] GC(4) Concurrent Rebuild Remembered Sets
[2026-02-10T17:28:39.413+0530] GC(4) Concurrent Rebuild Remembered Sets 10.318ms
[2026-02-10T17:28:39.413+0530] GC(4) Pause Cleanup
[2026-02-10T17:28:39.413+0530] GC(4) Pause Cleanup 26M->26M(256M) 0.106ms
[2026-02-10T17:28:39.413+0530] GC(4) User=0.00s Sys=0.00s Real=0.00s
[2026-02-10T17:28:39.413+0530] GC(4) Concurrent Cleanup for Next Mark
[2026-02-10T17:28:39.415+0530] GC(4) Concurrent Cleanup for Next Mark 1.676ms
[2026-02-10T17:28:39.415+0530] GC(4) Concurrent Mark Cycle 46.658ms
[2026-02-10T17:28:41.446+0530] GC(5) Pause Young (Normal) (G1 Evacuation Pause)
[2026-02-10T17:28:41.446+0530] GC(5) Using 4 workers of 4 for evacuation
[2026-02-10T17:28:41.459+0530] GC(5)   Pre Evacuate Collection Set: 0.1ms
[2026-02-10T17:28:41.459+0530] GC(5)   Merge Heap Roots: 0.1ms
[2026-02-10T17:28:41.459+0530] GC(5)   Evacuate Collection Set: 13.0ms
[2026-02-10T17:28:41.459+0530] GC(5)   Post Evacuate Collection Set: 0.6ms
[2026-02-10T17:28:41.459+0530] GC(5)   Other: 0.2ms
[2026-02-10T17:28:41.459+0530] GC(5) Eden regions: 100->0(148)
[2026-02-10T17:28:41.459+0530] GC(5) Survivor regions: 13->5(15)
[2026-02-10T17:28:41.459+0530] GC(5) Old regions: 8->20
[2026-02-10T17:28:41.460+0530] GC(5) Archive regions: 0->0
[2026-02-10T17:28:41.460+0530] GC(5) Humongous regions: 5->5
[2026-02-10T17:28:41.460+0530] GC(5) Metaspace: 34588K(35072K)->34588K(35072K) NonClass: 30733K(30976K)->30733K(30976K) Class: 3855K(4096K)->3855K(4096K)
[2026-02-10T17:28:41.460+0530] GC(5) Pause Young (Normal) (G1 Evacuation Pause) 125M->29M(256M) 14.117ms
[2026-02-10T17:28:41.460+0530] GC(5) User=0.05s Sys=0.02s Real=0.01s
[2026-02-10T17:28:41.787+0530] GC(6) Pause Young (Concurrent Start) (Metadata GC Threshold)
[2026-02-10T17:28:41.788+0530] GC(6) Using 4 workers of 4 for evacuation
[2026-02-10T17:28:41.796+0530] GC(6)   Pre Evacuate Collection Set: 0.1ms
[2026-02-10T17:28:41.796+0530] GC(6)   Merge Heap Roots: 0.1ms
[2026-02-10T17:28:41.796+0530] GC(6)   Evacuate Collection Set: 7.2ms
[2026-02-10T17:28:41.796+0530] GC(6)   Post Evacuate Collection Set: 0.4ms
[2026-02-10T17:28:41.796+0530] GC(6)   Other: 0.2ms
[2026-02-10T17:28:41.796+0530] GC(6) Eden regions: 11->0(147)
[2026-02-10T17:28:41.796+0530] GC(6) Survivor regions: 5->6(20)
[2026-02-10T17:28:41.796+0530] GC(6) Old regions: 20->20
[2026-02-10T17:28:41.796+0530] GC(6) Archive regions: 0->0
[2026-02-10T17:28:41.796+0530] GC(6) Humongous regions: 5->5
[2026-02-10T17:28:41.796+0530] GC(6) Metaspace: 35639K(36160K)->35639K(36160K) NonClass: 31683K(31936K)->31683K(31936K) Class: 3956K(4224K)->3956K(4224K)
[2026-02-10T17:28:41.796+0530] GC(6) Pause Young (Concurrent Start) (Metadata GC Threshold) 40M->30M(256M) 8.220ms
[2026-02-10T17:28:41.796+0530] GC(6) User=0.03s Sys=0.03s Real=0.01s
[2026-02-10T17:28:41.797+0530] GC(7) Concurrent Mark Cycle
[2026-02-10T17:28:41.797+0530] GC(7) Concurrent Clear Claimed Marks
[2026-02-10T17:28:41.797+0530] GC(7) Concurrent Clear Claimed Marks 0.042ms
[2026-02-10T17:28:41.797+0530] GC(7) Concurrent Scan Root Regions
[2026-02-10T17:28:41.803+0530] GC(7) Concurrent Scan Root Regions 7.151ms
[2026-02-10T17:28:41.803+0530] GC(7) Concurrent Mark
[2026-02-10T17:28:41.803+0530] GC(7) Concurrent Mark From Roots
[2026-02-10T17:28:41.803+0530] GC(7) Using 1 workers of 1 for marking
[2026-02-10T17:28:41.834+0530] GC(7) Concurrent Mark From Roots 31.305ms
[2026-02-10T17:28:41.835+0530] GC(7) Concurrent Preclean
[2026-02-10T17:28:41.835+0530] GC(7) Concurrent Preclean 0.072ms
[2026-02-10T17:28:41.835+0530] GC(7) Pause Remark
[2026-02-10T17:28:41.847+0530] GC(7) Pause Remark 31M->31M(256M) 12.429ms
[2026-02-10T17:28:41.847+0530] GC(7) User=0.05s Sys=0.00s Real=0.01s
[2026-02-10T17:28:41.847+0530] GC(7) Concurrent Mark 44.625ms
[2026-02-10T17:28:41.847+0530] GC(7) Concurrent Rebuild Remembered Sets
[2026-02-10T17:28:41.862+0530] GC(7) Concurrent Rebuild Remembered Sets 13.971ms
[2026-02-10T17:28:41.862+0530] GC(7) Pause Cleanup
[2026-02-10T17:28:41.863+0530] GC(7) Pause Cleanup 31M->31M(256M) 0.127ms
[2026-02-10T17:28:41.863+0530] GC(7) User=0.00s Sys=0.00s Real=0.00s
[2026-02-10T17:28:41.863+0530] GC(7) Concurrent Cleanup for Next Mark
[2026-02-10T17:28:41.864+0530] GC(7) Concurrent Cleanup for Next Mark 1.651ms
[2026-02-10T17:28:41.864+0530] GC(7) Concurrent Mark Cycle 68.065ms
[2026-02-10T17:28:44.460+0530] GC(8) Pause Young (Normal) (G1 Evacuation Pause)
[2026-02-10T17:28:44.460+0530] GC(8) Using 4 workers of 4 for evacuation
[2026-02-10T17:28:44.493+0530] GC(8)   Pre Evacuate Collection Set: 0.1ms
[2026-02-10T17:28:44.493+0530] GC(8)   Merge Heap Roots: 0.1ms
[2026-02-10T17:28:44.493+0530] GC(8)   Evacuate Collection Set: 32.6ms
[2026-02-10T17:28:44.493+0530] GC(8)   Post Evacuate Collection Set: 0.6ms
[2026-02-10T17:28:44.493+0530] GC(8)   Other: 0.2ms
[2026-02-10T17:28:44.493+0530] GC(8) Eden regions: 147->0(129)
[2026-02-10T17:28:44.493+0530] GC(8) Survivor regions: 6->20(20)
[2026-02-10T17:28:44.493+0530] GC(8) Old regions: 20->25
[2026-02-10T17:28:44.493+0530] GC(8) Archive regions: 0->0
[2026-02-10T17:28:44.493+0530] GC(8) Humongous regions: 5->5
[2026-02-10T17:28:44.493+0530] GC(8) Metaspace: 36671K(37120K)->36671K(37120K) NonClass: 32670K(32896K)->32670K(32896K) Class: 4000K(4224K)->4000K(4224K)
[2026-02-10T17:28:44.493+0530] GC(8) Pause Young (Normal) (G1 Evacuation Pause) 177M->49M(256M) 33.736ms
[2026-02-10T17:28:44.493+0530] GC(8) User=0.06s Sys=0.06s Real=0.03s
[2026-02-10T17:28:45.273+0530] Heap
[2026-02-10T17:28:45.273+0530]  garbage-first heap   total 262144K, used 135767K [0x00000000f0000000, 0x0000000100000000)
[2026-02-10T17:28:45.273+0530]   region size 1024K, 104 young (106496K), 20 survivors (20480K)
[2026-02-10T17:28:45.273+0530]  Metaspace       used 36811K, committed 37376K, reserved 1114112K
[2026-02-10T17:28:45.273+0530]   class space    used 4015K, committed 4288K, reserved 1048576K
