[2026-02-10T17:17:52.275+0530] Using G1
[2026-02-10T17:17:52.278+0530] Version: 17.0.12+8-LTS-286 (release)
[2026-02-10T17:17:52.278+0530] CPUs: 8 total, 4 available
[2026-02-10T17:17:52.278+0530] Memory: 7914M
[2026-02-10T17:17:52.278+0530] Large Page Support: Disabled
[2026-02-10T17:17:52.278+0530] NUMA Support: Disabled
[2026-02-10T17:17:52.278+0530] Compressed Oops: Enabled (32-bit)
[2026-02-10T17:17:52.278+0530] Heap Region Size: 1M
[2026-02-10T17:17:52.278+0530] Heap Min Capacity: 128M
[2026-02-10T17:17:52.278+0530] Heap Initial Capacity: 128M
[2026-02-10T17:17:52.278+0530] Heap Max Capacity: 128M
[2026-02-10T17:17:52.278+0530] Pre-touch: Disabled
[2026-02-10T17:17:52.278+0530] Parallel Workers: 4
[2026-02-10T17:17:52.278+0530] Concurrent Workers: 1
[2026-02-10T17:17:52.278+0530] Concurrent Refinement Workers: 4
[2026-02-10T17:17:52.279+0530] Periodic GC: Disabled
[2026-02-10T17:17:52.292+0530] CDS archive(s) mapped at: [0x00000230a1000000-0x00000230a1bd0000-0x00000230a1bd0000), size 12386304, SharedBaseAddress: 0x00000230a1000000, ArchiveRelocationMode: 1.
[2026-02-10T17:17:52.293+0530] Compressed class space mapped at: 0x00000230a2000000-0x00000230e2000000, reserved size: 1073741824
[2026-02-10T17:17:52.293+0530] Narrow klass base: 0x00000230a1000000, Narrow klass shift: 0, Narrow klass range: 0x100000000
[2026-02-10T17:17:52.861+0530] GC(0) Pause Young (Normal) (G1 Evacuation Pause)
[2026-02-10T17:17:52.861+0530] GC(0) Using 3 workers of 4 for evacuation
[2026-02-10T17:17:52.868+0530] GC(0)   Pre Evacuate Collection Set: 0.1ms
[2026-02-10T17:17:52.868+0530] GC(0)   Merge Heap Roots: 0.1ms
[2026-02-10T17:17:52.868+0530] GC(0)   Evacuate Collection Set: 5.9ms
[2026-02-10T17:17:52.868+0530] GC(0)   Post Evacuate Collection Set: 0.5ms
[2026-02-10T17:17:52.868+0530] GC(0)   Other: 0.4ms
[2026-02-10T17:17:52.868+0530] GC(0) Eden regions: 13->0(13)
[2026-02-10T17:17:52.868+0530] GC(0) Survivor regions: 0->2(2)
[2026-02-10T17:17:52.868+0530] GC(0) Old regions: 0->3
[2026-02-10T17:17:52.868+0530] GC(0) Archive regions: 0->0
[2026-02-10T17:17:52.868+0530] GC(0) Humongous regions: 5->5
[2026-02-10T17:17:52.868+0530] GC(0) Metaspace: 4442K(4672K)->4442K(4672K) NonClass: 3962K(4096K)->3962K(4096K) Class: 480K(576K)->480K(576K)
[2026-02-10T17:17:52.868+0530] GC(0) Pause Young (Normal) (G1 Evacuation Pause) 18M->9M(128M) 7.157ms
[2026-02-10T17:17:52.868+0530] GC(0) User=0.00s Sys=0.00s Real=0.01s
[2026-02-10T17:17:53.054+0530] GC(1) Pause Young (Normal) (G1 Evacuation Pause)
[2026-02-10T17:17:53.055+0530] GC(1) Using 3 workers of 4 for evacuation
[2026-02-10T17:17:53.063+0530] GC(1)   Pre Evacuate Collection Set: 0.1ms
[2026-02-10T17:17:53.063+0530] GC(1)   Merge Heap Roots: 0.1ms
[2026-02-10T17:17:53.063+0530] GC(1)   Evacuate Collection Set: 8.1ms
[2026-02-10T17:17:53.063+0530] GC(1)   Post Evacuate Collection Set: 0.3ms
[2026-02-10T17:17:53.063+0530] GC(1)   Other: 0.1ms
[2026-02-10T17:17:53.063+0530] GC(1) Eden regions: 13->0(19)
[2026-02-10T17:17:53.063+0530] GC(1) Survivor regions: 2->2(2)
[2026-02-10T17:17:53.063+0530] GC(1) Old regions: 3->6
[2026-02-10T17:17:53.063+0530] GC(1) Archive regions: 0->0
[2026-02-10T17:17:53.063+0530] GC(1) Humongous regions: 5->5
[2026-02-10T17:17:53.063+0530] GC(1) Metaspace: 5994K(6144K)->5994K(6144K) NonClass: 5337K(5440K)->5337K(5440K) Class: 657K(704K)->657K(704K)
[2026-02-10T17:17:53.063+0530] GC(1) Pause Young (Normal) (G1 Evacuation Pause) 22M->13M(128M) 8.899ms
[2026-02-10T17:17:53.063+0530] GC(1) User=0.03s Sys=0.03s Real=0.01s
[2026-02-10T17:17:53.543+0530] GC(2) Pause Young (Normal) (G1 Evacuation Pause)
[2026-02-10T17:17:53.543+0530] GC(2) Using 3 workers of 4 for evacuation
[2026-02-10T17:17:53.550+0530] GC(2)   Pre Evacuate Collection Set: 0.1ms
[2026-02-10T17:17:53.550+0530] GC(2)   Merge Heap Roots: 0.0ms
[2026-02-10T17:17:53.550+0530] GC(2)   Evacuate Collection Set: 5.6ms
[2026-02-10T17:17:53.550+0530] GC(2)   Post Evacuate Collection Set: 0.5ms
[2026-02-10T17:17:53.550+0530] GC(2)   Other: 0.2ms
[2026-02-10T17:17:53.550+0530] GC(2) Eden regions: 19->0(69)
[2026-02-10T17:17:53.551+0530] GC(2) Survivor regions: 2->2(3)
[2026-02-10T17:17:53.551+0530] GC(2) Old regions: 6->9
[2026-02-10T17:17:53.551+0530] GC(2) Archive regions: 0->0
[2026-02-10T17:17:53.551+0530] GC(2) Humongous regions: 5->5
[2026-02-10T17:17:53.551+0530] GC(2) Metaspace: 11675K(11904K)->11675K(11904K) NonClass: 10355K(10496K)->10355K(10496K) Class: 1319K(1408K)->1319K(1408K)
[2026-02-10T17:17:53.551+0530] GC(2) Pause Young (Normal) (G1 Evacuation Pause) 32M->14M(128M) 6.764ms
[2026-02-10T17:17:53.551+0530] GC(2) User=0.02s Sys=0.05s Real=0.01s
[2026-02-10T17:17:54.842+0530] GC(3) Pause Young (Concurrent Start) (Metadata GC Threshold)
[2026-02-10T17:17:54.842+0530] GC(3) Using 3 workers of 4 for evacuation
[2026-02-10T17:17:54.851+0530] GC(3)   Pre Evacuate Collection Set: 0.1ms
[2026-02-10T17:17:54.851+0530] GC(3)   Merge Heap Roots: 0.1ms
[2026-02-10T17:17:54.851+0530] GC(3)   Evacuate Collection Set: 9.0ms
[2026-02-10T17:17:54.851+0530] GC(3)   Post Evacuate Collection Set: 0.6ms
[2026-02-10T17:17:54.851+0530] GC(3)   Other: 0.2ms
[2026-02-10T17:17:54.851+0530] GC(3) Eden regions: 62->0(54)
[2026-02-10T17:17:54.851+0530] GC(3) Survivor regions: 2->9(9)
[2026-02-10T17:17:54.851+0530] GC(3) Old regions: 9->13
[2026-02-10T17:17:54.851+0530] GC(3) Archive regions: 0->0
[2026-02-10T17:17:54.851+0530] GC(3) Humongous regions: 5->5
[2026-02-10T17:17:54.851+0530] GC(3) Metaspace: 21261K(21504K)->21261K(21504K) NonClass: 19091K(19200K)->19091K(19200K) Class: 2170K(2304K)->2170K(2304K)
[2026-02-10T17:17:54.851+0530] GC(3) Pause Young (Concurrent Start) (Metadata GC Threshold) 76M->26M(128M) 10.087ms
[2026-02-10T17:17:54.851+0530] GC(3) User=0.03s Sys=0.02s Real=0.01s
[2026-02-10T17:17:54.852+0530] GC(4) Concurrent Mark Cycle
[2026-02-10T17:17:54.852+0530] GC(4) Concurrent Clear Claimed Marks
[2026-02-10T17:17:54.852+0530] GC(4) Concurrent Clear Claimed Marks 0.040ms
[2026-02-10T17:17:54.852+0530] GC(4) Concurrent Scan Root Regions
[2026-02-10T17:17:54.856+0530] GC(4) Concurrent Scan Root Regions 4.933ms
[2026-02-10T17:17:54.857+0530] GC(4) Concurrent Mark
[2026-02-10T17:17:54.857+0530] GC(4) Concurrent Mark From Roots
[2026-02-10T17:17:54.857+0530] GC(4) Using 1 workers of 1 for marking
[2026-02-10T17:17:54.879+0530] GC(4) Concurrent Mark From Roots 21.677ms
[2026-02-10T17:17:54.879+0530] GC(4) Concurrent Preclean
[2026-02-10T17:17:54.879+0530] GC(4) Concurrent Preclean 0.069ms
[2026-02-10T17:17:54.879+0530] GC(4) Pause Remark
[2026-02-10T17:17:54.883+0530] GC(4) Pause Remark 26M->26M(128M) 3.953ms
[2026-02-10T17:17:54.883+0530] GC(4) User=0.00s Sys=0.00s Real=0.00s
[2026-02-10T17:17:54.883+0530] GC(4) Concurrent Mark 26.650ms
[2026-02-10T17:17:54.883+0530] GC(4) Concurrent Rebuild Remembered Sets
[2026-02-10T17:17:54.896+0530] GC(4) Concurrent Rebuild Remembered Sets 12.159ms
[2026-02-10T17:17:54.896+0530] GC(4) Pause Cleanup
[2026-02-10T17:17:54.896+0530] GC(4) Pause Cleanup 26M->26M(128M) 0.110ms
[2026-02-10T17:17:54.896+0530] GC(4) User=0.00s Sys=0.00s Real=0.00s
[2026-02-10T17:17:54.896+0530] GC(4) Concurrent Cleanup for Next Mark
[2026-02-10T17:17:54.897+0530] GC(4) Concurrent Cleanup for Next Mark 0.898ms
[2026-02-10T17:17:54.897+0530] GC(4) Concurrent Mark Cycle 45.381ms
[2026-02-10T17:17:56.148+0530] GC(5) Pause Young (Normal) (G1 Evacuation Pause)
[2026-02-10T17:17:56.148+0530] GC(5) Using 3 workers of 4 for evacuation
[2026-02-10T17:17:56.161+0530] GC(5)   Pre Evacuate Collection Set: 0.1ms
[2026-02-10T17:17:56.161+0530] GC(5)   Merge Heap Roots: 0.1ms
[2026-02-10T17:17:56.161+0530] GC(5)   Evacuate Collection Set: 10.8ms
[2026-02-10T17:17:56.161+0530] GC(5)   Post Evacuate Collection Set: 1.6ms
[2026-02-10T17:17:56.161+0530] GC(5)   Other: 0.2ms
[2026-02-10T17:17:56.161+0530] GC(5) Eden regions: 54->0(55)
[2026-02-10T17:17:56.161+0530] GC(5) Survivor regions: 9->3(8)
[2026-02-10T17:17:56.161+0530] GC(5) Old regions: 13->21
[2026-02-10T17:17:56.161+0530] GC(5) Archive regions: 0->0
[2026-02-10T17:17:56.161+0530] GC(5) Humongous regions: 5->5
[2026-02-10T17:17:56.162+0530] GC(5) Metaspace: 27587K(28032K)->27587K(28032K) NonClass: 24633K(24896K)->24633K(24896K) Class: 2954K(3136K)->2954K(3136K)
[2026-02-10T17:17:56.162+0530] GC(5) Pause Young (Normal) (G1 Evacuation Pause) 80M->28M(128M) 13.502ms
[2026-02-10T17:17:56.162+0530] GC(5) User=0.03s Sys=0.03s Real=0.01s
[2026-02-10T17:17:56.790+0530] Heap
[2026-02-10T17:17:56.790+0530]  garbage-first heap   total 131072K, used 72782K [0x00000000f8000000, 0x0000000100000000)
[2026-02-10T17:17:56.790+0530]   region size 1024K, 46 young (47104K), 3 survivors (3072K)
[2026-02-10T17:17:56.790+0530]  Metaspace       used 33453K, committed 33920K, reserved 1114112K
[2026-02-10T17:17:56.790+0530]   class space    used 3671K, committed 3904K, reserved 1048576K
