[2026-02-10T17:18:11.351+0530] Using G1
[2026-02-10T17:18:11.354+0530] Version: 17.0.12+8-LTS-286 (release)
[2026-02-10T17:18:11.354+0530] CPUs: 8 total, 4 available
[2026-02-10T17:18:11.354+0530] Memory: 7914M
[2026-02-10T17:18:11.354+0530] Large Page Support: Disabled
[2026-02-10T17:18:11.354+0530] NUMA Support: Disabled
[2026-02-10T17:18:11.354+0530] Compressed Oops: Enabled (32-bit)
[2026-02-10T17:18:11.354+0530] Heap Region Size: 1M
[2026-02-10T17:18:11.354+0530] Heap Min Capacity: 128M
[2026-02-10T17:18:11.354+0530] Heap Initial Capacity: 128M
[2026-02-10T17:18:11.354+0530] Heap Max Capacity: 128M
[2026-02-10T17:18:11.354+0530] Pre-touch: Disabled
[2026-02-10T17:18:11.354+0530] Parallel Workers: 4
[2026-02-10T17:18:11.356+0530] Concurrent Workers: 1
[2026-02-10T17:18:11.356+0530] Concurrent Refinement Workers: 4
[2026-02-10T17:18:11.356+0530] Periodic GC: Disabled
[2026-02-10T17:18:11.370+0530] CDS archive(s) mapped at: [0x0000028911000000-0x0000028911bd0000-0x0000028911bd0000), size 12386304, SharedBaseAddress: 0x0000028911000000, ArchiveRelocationMode: 1.
[2026-02-10T17:18:11.371+0530] Compressed class space mapped at: 0x0000028912000000-0x0000028952000000, reserved size: 1073741824
[2026-02-10T17:18:11.371+0530] Narrow klass base: 0x0000028911000000, Narrow klass shift: 0, Narrow klass range: 0x100000000
[2026-02-10T17:18:11.970+0530] GC(0) Pause Young (Normal) (G1 Evacuation Pause)
[2026-02-10T17:18:11.970+0530] GC(0) Using 3 workers of 4 for evacuation
[2026-02-10T17:18:11.976+0530] GC(0)   Pre Evacuate Collection Set: 0.1ms
[2026-02-10T17:18:11.977+0530] GC(0)   Merge Heap Roots: 0.1ms
[2026-02-10T17:18:11.977+0530] GC(0)   Evacuate Collection Set: 5.7ms
[2026-02-10T17:18:11.977+0530] GC(0)   Post Evacuate Collection Set: 0.5ms
[2026-02-10T17:18:11.977+0530] GC(0)   Other: 0.3ms
[2026-02-10T17:18:11.977+0530] GC(0) Eden regions: 13->0(13)
[2026-02-10T17:18:11.977+0530] GC(0) Survivor regions: 0->2(2)
[2026-02-10T17:18:11.977+0530] GC(0) Old regions: 0->3
[2026-02-10T17:18:11.977+0530] GC(0) Archive regions: 0->0
[2026-02-10T17:18:11.977+0530] GC(0) Humongous regions: 5->5
[2026-02-10T17:18:11.977+0530] GC(0) Metaspace: 4458K(4672K)->4458K(4672K) NonClass: 3977K(4096K)->3977K(4096K) Class: 480K(576K)->480K(576K)
[2026-02-10T17:18:11.977+0530] GC(0) Pause Young (Normal) (G1 Evacuation Pause) 18M->9M(128M) 6.820ms
[2026-02-10T17:18:11.977+0530] GC(0) User=0.00s Sys=0.00s Real=0.01s
[2026-02-10T17:18:12.151+0530] GC(1) Pause Young (Normal) (G1 Evacuation Pause)
[2026-02-10T17:18:12.151+0530] GC(1) Using 3 workers of 4 for evacuation
[2026-02-10T17:18:12.159+0530] GC(1)   Pre Evacuate Collection Set: 0.1ms
[2026-02-10T17:18:12.159+0530] GC(1)   Merge Heap Roots: 0.1ms
[2026-02-10T17:18:12.159+0530] GC(1)   Evacuate Collection Set: 7.8ms
[2026-02-10T17:18:12.159+0530] GC(1)   Post Evacuate Collection Set: 0.3ms
[2026-02-10T17:18:12.159+0530] GC(1)   Other: 0.1ms
[2026-02-10T17:18:12.159+0530] GC(1) Eden regions: 13->0(18)
[2026-02-10T17:18:12.159+0530] GC(1) Survivor regions: 2->2(2)
[2026-02-10T17:18:12.159+0530] GC(1) Old regions: 3->6
[2026-02-10T17:18:12.159+0530] GC(1) Archive regions: 0->0
[2026-02-10T17:18:12.159+0530] GC(1) Humongous regions: 5->5
[2026-02-10T17:18:12.159+0530] GC(1) Metaspace: 6005K(6144K)->6005K(6144K) NonClass: 5347K(5440K)->5347K(5440K) Class: 657K(704K)->657K(704K)
[2026-02-10T17:18:12.159+0530] GC(1) Pause Young (Normal) (G1 Evacuation Pause) 22M->12M(128M) 8.534ms
[2026-02-10T17:18:12.159+0530] GC(1) User=0.03s Sys=0.03s Real=0.01s
[2026-02-10T17:18:12.582+0530] GC(2) Pause Young (Normal) (G1 Evacuation Pause)
[2026-02-10T17:18:12.582+0530] GC(2) Using 3 workers of 4 for evacuation
[2026-02-10T17:18:12.588+0530] GC(2)   Pre Evacuate Collection Set: 0.1ms
[2026-02-10T17:18:12.588+0530] GC(2)   Merge Heap Roots: 0.1ms
[2026-02-10T17:18:12.588+0530] GC(2)   Evacuate Collection Set: 5.2ms
[2026-02-10T17:18:12.588+0530] GC(2)   Post Evacuate Collection Set: 0.3ms
[2026-02-10T17:18:12.588+0530] GC(2)   Other: 0.2ms
[2026-02-10T17:18:12.588+0530] GC(2) Eden regions: 18->0(70)
[2026-02-10T17:18:12.588+0530] GC(2) Survivor regions: 2->2(3)
[2026-02-10T17:18:12.588+0530] GC(2) Old regions: 6->8
[2026-02-10T17:18:12.588+0530] GC(2) Archive regions: 0->0
[2026-02-10T17:18:12.588+0530] GC(2) Humongous regions: 5->5
[2026-02-10T17:18:12.588+0530] GC(2) Metaspace: 11350K(11584K)->11350K(11584K) NonClass: 10069K(10176K)->10069K(10176K) Class: 1281K(1408K)->1281K(1408K)
[2026-02-10T17:18:12.588+0530] GC(2) Pause Young (Normal) (G1 Evacuation Pause) 30M->14M(128M) 6.104ms
[2026-02-10T17:18:12.588+0530] GC(2) User=0.00s Sys=0.00s Real=0.01s
[2026-02-10T17:18:13.778+0530] GC(3) Pause Young (Concurrent Start) (Metadata GC Threshold)
[2026-02-10T17:18:13.778+0530] GC(3) Using 3 workers of 4 for evacuation
[2026-02-10T17:18:13.788+0530] GC(3)   Pre Evacuate Collection Set: 0.1ms
[2026-02-10T17:18:13.788+0530] GC(3)   Merge Heap Roots: 0.1ms
[2026-02-10T17:18:13.788+0530] GC(3)   Evacuate Collection Set: 9.1ms
[2026-02-10T17:18:13.788+0530] GC(3)   Post Evacuate Collection Set: 0.4ms
[2026-02-10T17:18:13.788+0530] GC(3)   Other: 0.2ms
[2026-02-10T17:18:13.788+0530] GC(3) Eden regions: 64->0(55)
[2026-02-10T17:18:13.788+0530] GC(3) Survivor regions: 2->9(9)
[2026-02-10T17:18:13.788+0530] GC(3) Old regions: 8->12
[2026-02-10T17:18:13.788+0530] GC(3) Archive regions: 0->0
[2026-02-10T17:18:13.788+0530] GC(3) Humongous regions: 5->5
[2026-02-10T17:18:13.788+0530] GC(3) Metaspace: 21259K(21504K)->21259K(21504K) NonClass: 19097K(19200K)->19097K(19200K) Class: 2162K(2304K)->2162K(2304K)
[2026-02-10T17:18:13.788+0530] GC(3) Pause Young (Concurrent Start) (Metadata GC Threshold) 77M->25M(128M) 9.968ms
[2026-02-10T17:18:13.788+0530] GC(3) User=0.05s Sys=0.02s Real=0.01s
[2026-02-10T17:18:13.788+0530] GC(4) Concurrent Mark Cycle
[2026-02-10T17:18:13.788+0530] GC(4) Concurrent Clear Claimed Marks
[2026-02-10T17:18:13.788+0530] GC(4) Concurrent Clear Claimed Marks 0.030ms
[2026-02-10T17:18:13.788+0530] GC(4) Concurrent Scan Root Regions
[2026-02-10T17:18:13.792+0530] GC(4) Concurrent Scan Root Regions 3.938ms
[2026-02-10T17:18:13.792+0530] GC(4) Concurrent Mark
[2026-02-10T17:18:13.792+0530] GC(4) Concurrent Mark From Roots
[2026-02-10T17:18:13.792+0530] GC(4) Using 1 workers of 1 for marking
[2026-02-10T17:18:13.813+0530] GC(4) Concurrent Mark From Roots 20.433ms
[2026-02-10T17:18:13.813+0530] GC(4) Concurrent Preclean
[2026-02-10T17:18:13.813+0530] GC(4) Concurrent Preclean 0.059ms
[2026-02-10T17:18:13.813+0530] GC(4) Pause Remark
[2026-02-10T17:18:13.817+0530] GC(4) Pause Remark 26M->26M(128M) 3.946ms
[2026-02-10T17:18:13.817+0530] GC(4) User=0.00s Sys=0.00s Real=0.00s
[2026-02-10T17:18:13.818+0530] GC(4) Concurrent Mark 26.019ms
[2026-02-10T17:18:13.818+0530] GC(4) Concurrent Rebuild Remembered Sets
[2026-02-10T17:18:13.829+0530] GC(4) Concurrent Rebuild Remembered Sets 10.883ms
[2026-02-10T17:18:13.829+0530] GC(4) Pause Cleanup
[2026-02-10T17:18:13.830+0530] GC(4) Pause Cleanup 26M->26M(128M) 0.119ms
[2026-02-10T17:18:13.830+0530] GC(4) User=0.00s Sys=0.00s Real=0.00s
[2026-02-10T17:18:13.830+0530] GC(4) Concurrent Cleanup for Next Mark
[2026-02-10T17:18:13.831+0530] GC(4) Concurrent Cleanup for Next Mark 0.826ms
[2026-02-10T17:18:13.831+0530] GC(4) Concurrent Mark Cycle 43.203ms
[2026-02-10T17:18:15.087+0530] GC(5) Pause Young (Normal) (G1 Evacuation Pause)
[2026-02-10T17:18:15.088+0530] GC(5) Using 3 workers of 4 for evacuation
[2026-02-10T17:18:15.101+0530] GC(5)   Pre Evacuate Collection Set: 0.0ms
[2026-02-10T17:18:15.101+0530] GC(5)   Merge Heap Roots: 0.1ms
[2026-02-10T17:18:15.101+0530] GC(5)   Evacuate Collection Set: 12.4ms
[2026-02-10T17:18:15.101+0530] GC(5)   Post Evacuate Collection Set: 0.6ms
[2026-02-10T17:18:15.101+0530] GC(5)   Other: 0.2ms
[2026-02-10T17:18:15.101+0530] GC(5) Eden regions: 55->0(55)
[2026-02-10T17:18:15.101+0530] GC(5) Survivor regions: 9->4(8)
[2026-02-10T17:18:15.101+0530] GC(5) Old regions: 12->21
[2026-02-10T17:18:15.101+0530] GC(5) Archive regions: 0->0
[2026-02-10T17:18:15.101+0530] GC(5) Humongous regions: 5->5
[2026-02-10T17:18:15.102+0530] GC(5) Metaspace: 27533K(27968K)->27533K(27968K) NonClass: 24577K(24832K)->24577K(24832K) Class: 2955K(3136K)->2955K(3136K)
[2026-02-10T17:18:15.102+0530] GC(5) Pause Young (Normal) (G1 Evacuation Pause) 80M->28M(128M) 13.616ms
[2026-02-10T17:18:15.102+0530] GC(5) User=0.05s Sys=0.02s Real=0.02s
[2026-02-10T17:18:15.779+0530] Heap
[2026-02-10T17:18:15.779+0530]  garbage-first heap   total 131072K, used 71693K [0x00000000f8000000, 0x0000000100000000)
[2026-02-10T17:18:15.779+0530]   region size 1024K, 46 young (47104K), 4 survivors (4096K)
[2026-02-10T17:18:15.779+0530]  Metaspace       used 33335K, committed 33856K, reserved 1114112K
[2026-02-10T17:18:15.779+0530]   class space    used 3665K, committed 3904K, reserved 1048576K
