[2026-02-10T21:45:14.527+0530] Using G1
[2026-02-10T21:45:14.531+0530] Version: 17.0.12+8-LTS-286 (release)
[2026-02-10T21:45:14.531+0530] CPUs: 8 total, 4 available
[2026-02-10T21:45:14.531+0530] Memory: 7914M
[2026-02-10T21:45:14.531+0530] Large Page Support: Disabled
[2026-02-10T21:45:14.531+0530] NUMA Support: Disabled
[2026-02-10T21:45:14.531+0530] Compressed Oops: Enabled (32-bit)
[2026-02-10T21:45:14.531+0530] Heap Region Size: 1M
[2026-02-10T21:45:14.531+0530] Heap Min Capacity: 512M
[2026-02-10T21:45:14.531+0530] Heap Initial Capacity: 512M
[2026-02-10T21:45:14.531+0530] Heap Max Capacity: 512M
[2026-02-10T21:45:14.531+0530] Pre-touch: Disabled
[2026-02-10T21:45:14.531+0530] Parallel Workers: 4
[2026-02-10T21:45:14.535+0530] Concurrent Workers: 1
[2026-02-10T21:45:14.535+0530] Concurrent Refinement Workers: 4
[2026-02-10T21:45:14.535+0530] Periodic GC: Disabled
[2026-02-10T21:45:14.544+0530] CDS archive(s) mapped at: [0x000001ac51000000-0x000001ac51bd0000-0x000001ac51bd0000), size 12386304, SharedBaseAddress: 0x000001ac51000000, ArchiveRelocationMode: 1.
[2026-02-10T21:45:14.544+0530] Compressed class space mapped at: 0x000001ac52000000-0x000001ac92000000, reserved size: 1073741824
[2026-02-10T21:45:14.544+0530] Narrow klass base: 0x000001ac51000000, Narrow klass shift: 0, Narrow klass range: 0x100000000
[2026-02-10T21:45:15.440+0530] GC(0) Pause Young (Normal) (G1 Evacuation Pause)
[2026-02-10T21:45:15.440+0530] GC(0) Using 4 workers of 4 for evacuation
[2026-02-10T21:45:15.460+0530] GC(0)   Pre Evacuate Collection Set: 0.1ms
[2026-02-10T21:45:15.460+0530] GC(0)   Merge Heap Roots: 0.1ms
[2026-02-10T21:45:15.460+0530] GC(0)   Evacuate Collection Set: 18.3ms
[2026-02-10T21:45:15.460+0530] GC(0)   Post Evacuate Collection Set: 0.6ms
[2026-02-10T21:45:15.460+0530] GC(0)   Other: 0.5ms
[2026-02-10T21:45:15.460+0530] GC(0) Eden regions: 25->0(21)
[2026-02-10T21:45:15.460+0530] GC(0) Survivor regions: 0->4(4)
[2026-02-10T21:45:15.460+0530] GC(0) Old regions: 0->4
[2026-02-10T21:45:15.460+0530] GC(0) Archive regions: 0->0
[2026-02-10T21:45:15.460+0530] GC(0) Humongous regions: 5->5
[2026-02-10T21:45:15.460+0530] GC(0) Metaspace: 5449K(5632K)->5449K(5632K) NonClass: 4878K(4992K)->4878K(4992K) Class: 570K(640K)->570K(640K)
[2026-02-10T21:45:15.460+0530] GC(0) Pause Young (Normal) (G1 Evacuation Pause) 30M->12M(512M) 19.961ms
[2026-02-10T21:45:15.460+0530] GC(0) User=0.08s Sys=0.02s Real=0.02s
[2026-02-10T21:45:16.145+0530] GC(1) Pause Young (Normal) (G1 Evacuation Pause)
[2026-02-10T21:45:16.145+0530] GC(1) Using 4 workers of 4 for evacuation
[2026-02-10T21:45:16.154+0530] GC(1)   Pre Evacuate Collection Set: 0.1ms
[2026-02-10T21:45:16.154+0530] GC(1)   Merge Heap Roots: 0.1ms
[2026-02-10T21:45:16.154+0530] GC(1)   Evacuate Collection Set: 7.7ms
[2026-02-10T21:45:16.154+0530] GC(1)   Post Evacuate Collection Set: 0.6ms
[2026-02-10T21:45:16.154+0530] GC(1)   Other: 0.2ms
[2026-02-10T21:45:16.154+0530] GC(1) Eden regions: 21->0(23)
[2026-02-10T21:45:16.154+0530] GC(1) Survivor regions: 4->2(4)
[2026-02-10T21:45:16.154+0530] GC(1) Old regions: 4->8
[2026-02-10T21:45:16.154+0530] GC(1) Archive regions: 0->0
[2026-02-10T21:45:16.154+0530] GC(1) Humongous regions: 5->5
[2026-02-10T21:45:16.154+0530] GC(1) Metaspace: 11720K(11968K)->11720K(11968K) NonClass: 10390K(10496K)->10390K(10496K) Class: 1330K(1472K)->1330K(1472K)
[2026-02-10T21:45:16.154+0530] GC(1) Pause Young (Normal) (G1 Evacuation Pause) 33M->14M(512M) 9.058ms
[2026-02-10T21:45:16.155+0530] GC(1) User=0.00s Sys=0.00s Real=0.01s
[2026-02-10T21:45:16.606+0530] GC(2) Pause Young (Normal) (G1 Evacuation Pause)
[2026-02-10T21:45:16.606+0530] GC(2) Using 4 workers of 4 for evacuation
[2026-02-10T21:45:16.617+0530] GC(2)   Pre Evacuate Collection Set: 0.1ms
[2026-02-10T21:45:16.617+0530] GC(2)   Merge Heap Roots: 0.1ms
[2026-02-10T21:45:16.617+0530] GC(2)   Evacuate Collection Set: 10.0ms
[2026-02-10T21:45:16.617+0530] GC(2)   Post Evacuate Collection Set: 0.4ms
[2026-02-10T21:45:16.617+0530] GC(2)   Other: 0.2ms
[2026-02-10T21:45:16.617+0530] GC(2) Eden regions: 23->0(36)
[2026-02-10T21:45:16.617+0530] GC(2) Survivor regions: 2->4(4)
[2026-02-10T21:45:16.617+0530] GC(2) Old regions: 8->15
[2026-02-10T21:45:16.617+0530] GC(2) Archive regions: 0->0
[2026-02-10T21:45:16.617+0530] GC(2) Humongous regions: 5->5
[2026-02-10T21:45:16.617+0530] GC(2) Metaspace: 14695K(14976K)->14695K(14976K) NonClass: 13039K(13184K)->13039K(13184K) Class: 1656K(1792K)->1656K(1792K)
[2026-02-10T21:45:16.617+0530] GC(2) Pause Young (Normal) (G1 Evacuation Pause) 37M->23M(512M) 11.054ms
[2026-02-10T21:45:16.617+0530] GC(2) User=0.06s Sys=0.00s Real=0.01s
[2026-02-10T21:45:17.243+0530] GC(3) Pause Young (Normal) (G1 Evacuation Pause)
[2026-02-10T21:45:17.243+0530] GC(3) Using 4 workers of 4 for evacuation
[2026-02-10T21:45:17.250+0530] GC(3)   Pre Evacuate Collection Set: 0.1ms
[2026-02-10T21:45:17.250+0530] GC(3)   Merge Heap Roots: 0.1ms
[2026-02-10T21:45:17.250+0530] GC(3)   Evacuate Collection Set: 6.1ms
[2026-02-10T21:45:17.250+0530] GC(3)   Post Evacuate Collection Set: 0.3ms
[2026-02-10T21:45:17.250+0530] GC(3)   Other: 0.1ms
[2026-02-10T21:45:17.250+0530] GC(3) Eden regions: 36->0(168)
[2026-02-10T21:45:17.250+0530] GC(3) Survivor regions: 4->2(5)
[2026-02-10T21:45:17.250+0530] GC(3) Old regions: 15->19
[2026-02-10T21:45:17.250+0530] GC(3) Archive regions: 0->0
[2026-02-10T21:45:17.250+0530] GC(3) Humongous regions: 5->5
[2026-02-10T21:45:17.250+0530] GC(3) Metaspace: 20189K(20544K)->20189K(20544K) NonClass: 18092K(18304K)->18092K(18304K) Class: 2097K(2240K)->2097K(2240K)
[2026-02-10T21:45:17.250+0530] GC(3) Pause Young (Normal) (G1 Evacuation Pause) 59M->25M(512M) 6.904ms
[2026-02-10T21:45:17.250+0530] GC(3) User=0.00s Sys=0.00s Real=0.01s
[2026-02-10T21:45:17.499+0530] GC(4) Pause Young (Concurrent Start) (Metadata GC Threshold)
[2026-02-10T21:45:17.499+0530] GC(4) Using 4 workers of 4 for evacuation
[2026-02-10T21:45:17.504+0530] GC(4)   Pre Evacuate Collection Set: 0.1ms
[2026-02-10T21:45:17.504+0530] GC(4)   Merge Heap Roots: 0.1ms
[2026-02-10T21:45:17.504+0530] GC(4)   Evacuate Collection Set: 3.8ms
[2026-02-10T21:45:17.505+0530] GC(4)   Post Evacuate Collection Set: 0.4ms
[2026-02-10T21:45:17.505+0530] GC(4)   Other: 0.3ms
[2026-02-10T21:45:17.505+0530] GC(4) Eden regions: 3->0(115)
[2026-02-10T21:45:17.505+0530] GC(4) Survivor regions: 2->3(22)
[2026-02-10T21:45:17.505+0530] GC(4) Old regions: 19->19
[2026-02-10T21:45:17.505+0530] GC(4) Archive regions: 0->0
[2026-02-10T21:45:17.505+0530] GC(4) Humongous regions: 5->5
[2026-02-10T21:45:17.505+0530] GC(4) Metaspace: 21192K(21504K)->21192K(21504K) NonClass: 19037K(19200K)->19037K(19200K) Class: 2155K(2304K)->2155K(2304K)
[2026-02-10T21:45:17.505+0530] GC(4) Pause Young (Concurrent Start) (Metadata GC Threshold) 28M->26M(512M) 5.597ms
[2026-02-10T21:45:17.505+0530] GC(4) User=0.06s Sys=0.00s Real=0.01s
[2026-02-10T21:45:17.505+0530] GC(5) Concurrent Mark Cycle
[2026-02-10T21:45:17.505+0530] GC(5) Concurrent Clear Claimed Marks
[2026-02-10T21:45:17.505+0530] GC(5) Concurrent Clear Claimed Marks 0.062ms
[2026-02-10T21:45:17.505+0530] GC(5) Concurrent Scan Root Regions
[2026-02-10T21:45:17.508+0530] GC(5) Concurrent Scan Root Regions 3.178ms
[2026-02-10T21:45:17.508+0530] GC(5) Concurrent Mark
[2026-02-10T21:45:17.508+0530] GC(5) Concurrent Mark From Roots
[2026-02-10T21:45:17.508+0530] GC(5) Using 1 workers of 1 for marking
[2026-02-10T21:45:17.548+0530] GC(5) Concurrent Mark From Roots 39.031ms
[2026-02-10T21:45:17.548+0530] GC(5) Concurrent Preclean
[2026-02-10T21:45:17.548+0530] GC(5) Concurrent Preclean 0.164ms
[2026-02-10T21:45:17.548+0530] GC(5) Pause Remark
[2026-02-10T21:45:17.555+0530] GC(5) Pause Remark 26M->26M(512M) 7.064ms
[2026-02-10T21:45:17.555+0530] GC(5) User=0.03s Sys=0.02s Real=0.01s
[2026-02-10T21:45:17.556+0530] GC(5) Concurrent Mark 47.255ms
[2026-02-10T21:45:17.556+0530] GC(5) Concurrent Rebuild Remembered Sets
[2026-02-10T21:45:17.575+0530] GC(5) Concurrent Rebuild Remembered Sets 19.394ms
[2026-02-10T21:45:17.576+0530] GC(5) Pause Cleanup
[2026-02-10T21:45:17.576+0530] GC(5) Pause Cleanup 26M->26M(512M) 0.281ms
[2026-02-10T21:45:17.576+0530] GC(5) User=0.00s Sys=0.00s Real=0.00s
[2026-02-10T21:45:17.577+0530] GC(5) Concurrent Cleanup for Next Mark
[2026-02-10T21:45:17.581+0530] GC(5) Concurrent Cleanup for Next Mark 4.209ms
[2026-02-10T21:45:17.581+0530] GC(5) Concurrent Mark Cycle 75.806ms
[2026-02-10T21:45:20.538+0530] GC(6) Pause Young (Concurrent Start) (Metadata GC Threshold)
[2026-02-10T21:45:20.538+0530] GC(6) Using 4 workers of 4 for evacuation
[2026-02-10T21:45:20.551+0530] GC(6)   Pre Evacuate Collection Set: 0.1ms
[2026-02-10T21:45:20.551+0530] GC(6)   Merge Heap Roots: 0.1ms
[2026-02-10T21:45:20.551+0530] GC(6)   Evacuate Collection Set: 12.4ms
[2026-02-10T21:45:20.551+0530] GC(6)   Post Evacuate Collection Set: 0.6ms
[2026-02-10T21:45:20.551+0530] GC(6)   Other: 0.2ms
[2026-02-10T21:45:20.551+0530] GC(6) Eden regions: 109->0(285)
[2026-02-10T21:45:20.551+0530] GC(6) Survivor regions: 3->8(15)
[2026-02-10T21:45:20.551+0530] GC(6) Old regions: 19->19
[2026-02-10T21:45:20.551+0530] GC(6) Archive regions: 0->0
[2026-02-10T21:45:20.551+0530] GC(6) Humongous regions: 5->5
[2026-02-10T21:45:20.551+0530] GC(6) Metaspace: 35477K(35968K)->35477K(35968K) NonClass: 31549K(31808K)->31549K(31808K) Class: 3928K(4160K)->3928K(4160K)
[2026-02-10T21:45:20.551+0530] GC(6) Pause Young (Concurrent Start) (Metadata GC Threshold) 134M->30M(512M) 13.589ms
[2026-02-10T21:45:20.551+0530] GC(6) User=0.05s Sys=0.02s Real=0.01s
[2026-02-10T21:45:20.551+0530] GC(7) Concurrent Mark Cycle
[2026-02-10T21:45:20.551+0530] GC(7) Concurrent Clear Claimed Marks
[2026-02-10T21:45:20.551+0530] GC(7) Concurrent Clear Claimed Marks 0.043ms
[2026-02-10T21:45:20.551+0530] GC(7) Concurrent Scan Root Regions
[2026-02-10T21:45:20.561+0530] GC(7) Concurrent Scan Root Regions 9.174ms
[2026-02-10T21:45:20.561+0530] GC(7) Concurrent Mark
[2026-02-10T21:45:20.561+0530] GC(7) Concurrent Mark From Roots
[2026-02-10T21:45:20.561+0530] GC(7) Using 1 workers of 1 for marking
[2026-02-10T21:45:20.590+0530] GC(7) Concurrent Mark From Roots 28.457ms
[2026-02-10T21:45:20.590+0530] GC(7) Concurrent Preclean
[2026-02-10T21:45:20.590+0530] GC(7) Concurrent Preclean 0.092ms
[2026-02-10T21:45:20.590+0530] GC(7) Pause Remark
[2026-02-10T21:45:20.594+0530] GC(7) Pause Remark 32M->32M(512M) 3.765ms
[2026-02-10T21:45:20.594+0530] GC(7) User=0.00s Sys=0.00s Real=0.00s
[2026-02-10T21:45:20.594+0530] GC(7) Concurrent Mark 33.121ms
[2026-02-10T21:45:20.594+0530] GC(7) Concurrent Rebuild Remembered Sets
[2026-02-10T21:45:20.611+0530] GC(7) Concurrent Rebuild Remembered Sets 16.787ms
[2026-02-10T21:45:20.611+0530] GC(7) Pause Cleanup
[2026-02-10T21:45:20.611+0530] GC(7) Pause Cleanup 33M->33M(512M) 0.112ms
[2026-02-10T21:45:20.611+0530] GC(7) User=0.00s Sys=0.00s Real=0.00s
[2026-02-10T21:45:20.612+0530] GC(7) Concurrent Cleanup for Next Mark
[2026-02-10T21:45:20.615+0530] GC(7) Concurrent Cleanup for Next Mark 3.245ms
[2026-02-10T21:45:20.615+0530] GC(7) Concurrent Mark Cycle 63.687ms
[2026-02-10T21:45:24.888+0530] Heap
[2026-02-10T21:45:24.888+0530]  garbage-first heap   total 524288K, used 270724K [0x00000000e0000000, 0x0000000100000000)
[2026-02-10T21:45:24.888+0530]   region size 1024K, 242 young (247808K), 8 survivors (8192K)
[2026-02-10T21:45:24.888+0530]  Metaspace       used 36957K, committed 37504K, reserved 1114112K
[2026-02-10T21:45:24.888+0530]   class space    used 4010K, committed 4224K, reserved 1048576K
