[2026-02-10T17:18:01.692+0530] Using G1
[2026-02-10T17:18:01.694+0530] Version: 17.0.12+8-LTS-286 (release)
[2026-02-10T17:18:01.694+0530] CPUs: 8 total, 4 available
[2026-02-10T17:18:01.694+0530] Memory: 7914M
[2026-02-10T17:18:01.694+0530] Large Page Support: Disabled
[2026-02-10T17:18:01.694+0530] NUMA Support: Disabled
[2026-02-10T17:18:01.694+0530] Compressed Oops: Enabled (32-bit)
[2026-02-10T17:18:01.694+0530] Heap Region Size: 1M
[2026-02-10T17:18:01.694+0530] Heap Min Capacity: 128M
[2026-02-10T17:18:01.694+0530] Heap Initial Capacity: 128M
[2026-02-10T17:18:01.694+0530] Heap Max Capacity: 128M
[2026-02-10T17:18:01.694+0530] Pre-touch: Disabled
[2026-02-10T17:18:01.694+0530] Parallel Workers: 4
[2026-02-10T17:18:01.695+0530] Concurrent Workers: 1
[2026-02-10T17:18:01.695+0530] Concurrent Refinement Workers: 4
[2026-02-10T17:18:01.695+0530] Periodic GC: Disabled
[2026-02-10T17:18:01.710+0530] CDS archive(s) mapped at: [0x00000194d2000000-0x00000194d2bd0000-0x00000194d2bd0000), size 12386304, SharedBaseAddress: 0x00000194d2000000, ArchiveRelocationMode: 1.
[2026-02-10T17:18:01.710+0530] Compressed class space mapped at: 0x00000194d3000000-0x0000019513000000, reserved size: 1073741824
[2026-02-10T17:18:01.710+0530] Narrow klass base: 0x00000194d2000000, Narrow klass shift: 0, Narrow klass range: 0x100000000
[2026-02-10T17:18:02.388+0530] GC(0) Pause Young (Normal) (G1 Evacuation Pause)
[2026-02-10T17:18:02.388+0530] GC(0) Using 3 workers of 4 for evacuation
[2026-02-10T17:18:02.397+0530] GC(0)   Pre Evacuate Collection Set: 0.0ms
[2026-02-10T17:18:02.397+0530] GC(0)   Merge Heap Roots: 0.0ms
[2026-02-10T17:18:02.397+0530] GC(0)   Evacuate Collection Set: 7.3ms
[2026-02-10T17:18:02.397+0530] GC(0)   Post Evacuate Collection Set: 0.5ms
[2026-02-10T17:18:02.397+0530] GC(0)   Other: 0.4ms
[2026-02-10T17:18:02.397+0530] GC(0) Eden regions: 13->0(13)
[2026-02-10T17:18:02.397+0530] GC(0) Survivor regions: 0->2(2)
[2026-02-10T17:18:02.397+0530] GC(0) Old regions: 0->3
[2026-02-10T17:18:02.397+0530] GC(0) Archive regions: 0->0
[2026-02-10T17:18:02.397+0530] GC(0) Humongous regions: 5->5
[2026-02-10T17:18:02.397+0530] GC(0) Metaspace: 4454K(4672K)->4454K(4672K) NonClass: 3973K(4096K)->3973K(4096K) Class: 480K(576K)->480K(576K)
[2026-02-10T17:18:02.397+0530] GC(0) Pause Young (Normal) (G1 Evacuation Pause) 18M->9M(128M) 8.501ms
[2026-02-10T17:18:02.397+0530] GC(0) User=0.05s Sys=0.02s Real=0.01s
[2026-02-10T17:18:02.580+0530] GC(1) Pause Young (Normal) (G1 Evacuation Pause)
[2026-02-10T17:18:02.580+0530] GC(1) Using 3 workers of 4 for evacuation
[2026-02-10T17:18:02.592+0530] GC(1)   Pre Evacuate Collection Set: 0.1ms
[2026-02-10T17:18:02.592+0530] GC(1)   Merge Heap Roots: 0.1ms
[2026-02-10T17:18:02.592+0530] GC(1)   Evacuate Collection Set: 11.9ms
[2026-02-10T17:18:02.592+0530] GC(1)   Post Evacuate Collection Set: 0.3ms
[2026-02-10T17:18:02.592+0530] GC(1)   Other: 0.2ms
[2026-02-10T17:18:02.592+0530] GC(1) Eden regions: 13->0(17)
[2026-02-10T17:18:02.592+0530] GC(1) Survivor regions: 2->2(2)
[2026-02-10T17:18:02.592+0530] GC(1) Old regions: 3->6
[2026-02-10T17:18:02.592+0530] GC(1) Archive regions: 0->0
[2026-02-10T17:18:02.592+0530] GC(1) Humongous regions: 5->5
[2026-02-10T17:18:02.592+0530] GC(1) Metaspace: 6003K(6144K)->6003K(6144K) NonClass: 5345K(5440K)->5345K(5440K) Class: 657K(704K)->657K(704K)
[2026-02-10T17:18:02.592+0530] GC(1) Pause Young (Normal) (G1 Evacuation Pause) 22M->12M(128M) 12.770ms
[2026-02-10T17:18:02.592+0530] GC(1) User=0.02s Sys=0.00s Real=0.01s
[2026-02-10T17:18:02.986+0530] GC(2) Pause Young (Normal) (G1 Evacuation Pause)
[2026-02-10T17:18:02.986+0530] GC(2) Using 3 workers of 4 for evacuation
[2026-02-10T17:18:02.990+0530] GC(2)   Pre Evacuate Collection Set: 0.1ms
[2026-02-10T17:18:02.990+0530] GC(2)   Merge Heap Roots: 0.0ms
[2026-02-10T17:18:02.990+0530] GC(2)   Evacuate Collection Set: 4.3ms
[2026-02-10T17:18:02.990+0530] GC(2)   Post Evacuate Collection Set: 0.3ms
[2026-02-10T17:18:02.990+0530] GC(2)   Other: 0.2ms
[2026-02-10T17:18:02.990+0530] GC(2) Eden regions: 17->0(70)
[2026-02-10T17:18:02.990+0530] GC(2) Survivor regions: 2->2(3)
[2026-02-10T17:18:02.990+0530] GC(2) Old regions: 6->8
[2026-02-10T17:18:02.990+0530] GC(2) Archive regions: 0->0
[2026-02-10T17:18:02.990+0530] GC(2) Humongous regions: 5->5
[2026-02-10T17:18:02.990+0530] GC(2) Metaspace: 11032K(11200K)->11032K(11200K) NonClass: 9784K(9856K)->9784K(9856K) Class: 1248K(1344K)->1248K(1344K)
[2026-02-10T17:18:02.990+0530] GC(2) Pause Young (Normal) (G1 Evacuation Pause) 29M->14M(128M) 5.122ms
[2026-02-10T17:18:02.991+0530] GC(2) User=0.00s Sys=0.00s Real=0.00s
[2026-02-10T17:18:04.149+0530] GC(3) Pause Young (Concurrent Start) (Metadata GC Threshold)
[2026-02-10T17:18:04.149+0530] GC(3) Using 3 workers of 4 for evacuation
[2026-02-10T17:18:04.160+0530] GC(3)   Pre Evacuate Collection Set: 0.1ms
[2026-02-10T17:18:04.160+0530] GC(3)   Merge Heap Roots: 0.0ms
[2026-02-10T17:18:04.160+0530] GC(3)   Evacuate Collection Set: 9.8ms
[2026-02-10T17:18:04.160+0530] GC(3)   Post Evacuate Collection Set: 0.4ms
[2026-02-10T17:18:04.160+0530] GC(3)   Other: 0.2ms
[2026-02-10T17:18:04.160+0530] GC(3) Eden regions: 64->0(54)
[2026-02-10T17:18:04.160+0530] GC(3) Survivor regions: 2->9(9)
[2026-02-10T17:18:04.160+0530] GC(3) Old regions: 8->12
[2026-02-10T17:18:04.160+0530] GC(3) Archive regions: 0->0
[2026-02-10T17:18:04.160+0530] GC(3) Humongous regions: 5->5
[2026-02-10T17:18:04.160+0530] GC(3) Metaspace: 21220K(21504K)->21220K(21504K) NonClass: 19056K(19200K)->19056K(19200K) Class: 2164K(2304K)->2164K(2304K)
[2026-02-10T17:18:04.160+0530] GC(3) Pause Young (Concurrent Start) (Metadata GC Threshold) 77M->25M(128M) 10.606ms
[2026-02-10T17:18:04.160+0530] GC(3) User=0.02s Sys=0.03s Real=0.01s
[2026-02-10T17:18:04.160+0530] GC(4) Concurrent Mark Cycle
[2026-02-10T17:18:04.160+0530] GC(4) Concurrent Clear Claimed Marks
[2026-02-10T17:18:04.160+0530] GC(4) Concurrent Clear Claimed Marks 0.037ms
[2026-02-10T17:18:04.160+0530] GC(4) Concurrent Scan Root Regions
[2026-02-10T17:18:04.165+0530] GC(4) Concurrent Scan Root Regions 4.730ms
[2026-02-10T17:18:04.165+0530] GC(4) Concurrent Mark
[2026-02-10T17:18:04.165+0530] GC(4) Concurrent Mark From Roots
[2026-02-10T17:18:04.165+0530] GC(4) Using 1 workers of 1 for marking
[2026-02-10T17:18:04.188+0530] GC(4) Concurrent Mark From Roots 23.642ms
[2026-02-10T17:18:04.189+0530] GC(4) Concurrent Preclean
[2026-02-10T17:18:04.189+0530] GC(4) Concurrent Preclean 0.080ms
[2026-02-10T17:18:04.189+0530] GC(4) Pause Remark
[2026-02-10T17:18:04.192+0530] GC(4) Pause Remark 26M->26M(128M) 2.942ms
[2026-02-10T17:18:04.192+0530] GC(4) User=0.00s Sys=0.00s Real=0.00s
[2026-02-10T17:18:04.193+0530] GC(4) Concurrent Mark 27.997ms
[2026-02-10T17:18:04.193+0530] GC(4) Concurrent Rebuild Remembered Sets
[2026-02-10T17:18:04.207+0530] GC(4) Concurrent Rebuild Remembered Sets 14.182ms
[2026-02-10T17:18:04.207+0530] GC(4) Pause Cleanup
[2026-02-10T17:18:04.207+0530] GC(4) Pause Cleanup 26M->26M(128M) 0.093ms
[2026-02-10T17:18:04.207+0530] GC(4) User=0.00s Sys=0.00s Real=0.00s
[2026-02-10T17:18:04.207+0530] GC(4) Concurrent Cleanup for Next Mark
[2026-02-10T17:18:04.209+0530] GC(4) Concurrent Cleanup for Next Mark 1.011ms
[2026-02-10T17:18:04.209+0530] GC(4) Concurrent Mark Cycle 48.961ms
[2026-02-10T17:18:05.542+0530] GC(5) Pause Young (Prepare Mixed) (G1 Evacuation Pause)
[2026-02-10T17:18:05.542+0530] GC(5) Using 3 workers of 4 for evacuation
[2026-02-10T17:18:05.557+0530] GC(5)   Pre Evacuate Collection Set: 0.1ms
[2026-02-10T17:18:05.557+0530] GC(5)   Merge Heap Roots: 0.1ms
[2026-02-10T17:18:05.557+0530] GC(5)   Evacuate Collection Set: 14.3ms
[2026-02-10T17:18:05.557+0530] GC(5)   Post Evacuate Collection Set: 0.5ms
[2026-02-10T17:18:05.557+0530] GC(5)   Other: 0.2ms
[2026-02-10T17:18:05.557+0530] GC(5) Eden regions: 54->0(2)
[2026-02-10T17:18:05.557+0530] GC(5) Survivor regions: 9->4(8)
[2026-02-10T17:18:05.557+0530] GC(5) Old regions: 12->20
[2026-02-10T17:18:05.557+0530] GC(5) Archive regions: 0->0
[2026-02-10T17:18:05.557+0530] GC(5) Humongous regions: 5->5
[2026-02-10T17:18:05.557+0530] GC(5) Metaspace: 27577K(28032K)->27577K(28032K) NonClass: 24624K(24896K)->24624K(24896K) Class: 2953K(3136K)->2953K(3136K)
[2026-02-10T17:18:05.557+0530] GC(5) Pause Young (Prepare Mixed) (G1 Evacuation Pause) 79M->28M(128M) 15.297ms
[2026-02-10T17:18:05.557+0530] GC(5) User=0.05s Sys=0.02s Real=0.01s
[2026-02-10T17:18:05.573+0530] GC(6) Pause Young (Mixed) (G1 Evacuation Pause)
[2026-02-10T17:18:05.573+0530] GC(6) Using 3 workers of 4 for evacuation
[2026-02-10T17:18:05.579+0530] GC(6)   Pre Evacuate Collection Set: 0.1ms
[2026-02-10T17:18:05.579+0530] GC(6)   Merge Heap Roots: 0.1ms
[2026-02-10T17:18:05.579+0530] GC(6)   Evacuate Collection Set: 5.8ms
[2026-02-10T17:18:05.579+0530] GC(6)   Post Evacuate Collection Set: 0.3ms
[2026-02-10T17:18:05.579+0530] GC(6)   Other: 0.1ms
[2026-02-10T17:18:05.579+0530] GC(6) Eden regions: 2->0(54)
[2026-02-10T17:18:05.579+0530] GC(6) Survivor regions: 4->1(1)
[2026-02-10T17:18:05.579+0530] GC(6) Old regions: 20->23
[2026-02-10T17:18:05.579+0530] GC(6) Archive regions: 0->0
[2026-02-10T17:18:05.579+0530] GC(6) Humongous regions: 5->5
[2026-02-10T17:18:05.579+0530] GC(6) Metaspace: 27600K(28096K)->27600K(28096K) NonClass: 24642K(24960K)->24642K(24960K) Class: 2958K(3136K)->2958K(3136K)
[2026-02-10T17:18:05.579+0530] GC(6) Pause Young (Mixed) (G1 Evacuation Pause) 30M->28M(128M) 6.523ms
[2026-02-10T17:18:05.579+0530] GC(6) User=0.05s Sys=0.00s Real=0.01s
[2026-02-10T17:18:06.200+0530] Heap
[2026-02-10T17:18:06.200+0530]  garbage-first heap   total 131072K, used 70473K [0x00000000f8000000, 0x0000000100000000)
[2026-02-10T17:18:06.200+0530]   region size 1024K, 42 young (43008K), 1 survivors (1024K)
[2026-02-10T17:18:06.200+0530]  Metaspace       used 33372K, committed 33920K, reserved 1114112K
[2026-02-10T17:18:06.201+0530]   class space    used 3671K, committed 3904K, reserved 1048576K
