[2026-02-10T17:25:38.823+0530] Using G1
[2026-02-10T17:25:38.825+0530] Version: 17.0.12+8-LTS-286 (release)
[2026-02-10T17:25:38.826+0530] CPUs: 8 total, 4 available
[2026-02-10T17:25:38.826+0530] Memory: 7914M
[2026-02-10T17:25:38.826+0530] Large Page Support: Disabled
[2026-02-10T17:25:38.826+0530] NUMA Support: Disabled
[2026-02-10T17:25:38.826+0530] Compressed Oops: Enabled (32-bit)
[2026-02-10T17:25:38.826+0530] Heap Region Size: 1M
[2026-02-10T17:25:38.826+0530] Heap Min Capacity: 128M
[2026-02-10T17:25:38.826+0530] Heap Initial Capacity: 128M
[2026-02-10T17:25:38.826+0530] Heap Max Capacity: 128M
[2026-02-10T17:25:38.826+0530] Pre-touch: Disabled
[2026-02-10T17:25:38.826+0530] Parallel Workers: 4
[2026-02-10T17:25:38.827+0530] Concurrent Workers: 1
[2026-02-10T17:25:38.827+0530] Concurrent Refinement Workers: 4
[2026-02-10T17:25:38.827+0530] Periodic GC: Disabled
[2026-02-10T17:25:38.839+0530] CDS archive(s) mapped at: [0x000001d036000000-0x000001d036bd0000-0x000001d036bd0000), size 12386304, SharedBaseAddress: 0x000001d036000000, ArchiveRelocationMode: 1.
[2026-02-10T17:25:38.839+0530] Compressed class space mapped at: 0x000001d037000000-0x000001d077000000, reserved size: 1073741824
[2026-02-10T17:25:38.839+0530] Narrow klass base: 0x000001d036000000, Narrow klass shift: 0, Narrow klass range: 0x100000000
[2026-02-10T17:25:39.640+0530] GC(0) Pause Young (Normal) (G1 Evacuation Pause)
[2026-02-10T17:25:39.640+0530] GC(0) Using 3 workers of 4 for evacuation
[2026-02-10T17:25:39.647+0530] GC(0)   Pre Evacuate Collection Set: 0.1ms
[2026-02-10T17:25:39.647+0530] GC(0)   Merge Heap Roots: 0.1ms
[2026-02-10T17:25:39.647+0530] GC(0)   Evacuate Collection Set: 6.2ms
[2026-02-10T17:25:39.647+0530] GC(0)   Post Evacuate Collection Set: 0.5ms
[2026-02-10T17:25:39.647+0530] GC(0)   Other: 0.4ms
[2026-02-10T17:25:39.647+0530] GC(0) Eden regions: 13->0(13)
[2026-02-10T17:25:39.647+0530] GC(0) Survivor regions: 0->2(2)
[2026-02-10T17:25:39.647+0530] GC(0) Old regions: 0->3
[2026-02-10T17:25:39.647+0530] GC(0) Archive regions: 0->0
[2026-02-10T17:25:39.647+0530] GC(0) Humongous regions: 5->5
[2026-02-10T17:25:39.647+0530] GC(0) Metaspace: 4455K(4672K)->4455K(4672K) NonClass: 3975K(4096K)->3975K(4096K) Class: 480K(576K)->480K(576K)
[2026-02-10T17:25:39.648+0530] GC(0) Pause Young (Normal) (G1 Evacuation Pause) 18M->9M(128M) 7.437ms
[2026-02-10T17:25:39.648+0530] GC(0) User=0.00s Sys=0.00s Real=0.01s
[2026-02-10T17:25:39.842+0530] GC(1) Pause Young (Normal) (G1 Evacuation Pause)
[2026-02-10T17:25:39.842+0530] GC(1) Using 3 workers of 4 for evacuation
[2026-02-10T17:25:39.853+0530] GC(1)   Pre Evacuate Collection Set: 0.0ms
[2026-02-10T17:25:39.853+0530] GC(1)   Merge Heap Roots: 0.1ms
[2026-02-10T17:25:39.853+0530] GC(1)   Evacuate Collection Set: 10.5ms
[2026-02-10T17:25:39.853+0530] GC(1)   Post Evacuate Collection Set: 0.3ms
[2026-02-10T17:25:39.853+0530] GC(1)   Other: 0.1ms
[2026-02-10T17:25:39.853+0530] GC(1) Eden regions: 13->0(18)
[2026-02-10T17:25:39.853+0530] GC(1) Survivor regions: 2->2(2)
[2026-02-10T17:25:39.853+0530] GC(1) Old regions: 3->6
[2026-02-10T17:25:39.853+0530] GC(1) Archive regions: 0->0
[2026-02-10T17:25:39.853+0530] GC(1) Humongous regions: 5->5
[2026-02-10T17:25:39.853+0530] GC(1) Metaspace: 6005K(6144K)->6005K(6144K) NonClass: 5347K(5440K)->5347K(5440K) Class: 657K(704K)->657K(704K)
[2026-02-10T17:25:39.853+0530] GC(1) Pause Young (Normal) (G1 Evacuation Pause) 22M->12M(128M) 11.189ms
[2026-02-10T17:25:39.853+0530] GC(1) User=0.03s Sys=0.02s Real=0.01s
[2026-02-10T17:25:40.397+0530] GC(2) Pause Young (Normal) (G1 Evacuation Pause)
[2026-02-10T17:25:40.397+0530] GC(2) Using 3 workers of 4 for evacuation
[2026-02-10T17:25:40.403+0530] GC(2)   Pre Evacuate Collection Set: 0.1ms
[2026-02-10T17:25:40.403+0530] GC(2)   Merge Heap Roots: 0.1ms
[2026-02-10T17:25:40.403+0530] GC(2)   Evacuate Collection Set: 5.7ms
[2026-02-10T17:25:40.403+0530] GC(2)   Post Evacuate Collection Set: 0.4ms
[2026-02-10T17:25:40.403+0530] GC(2)   Other: 0.1ms
[2026-02-10T17:25:40.403+0530] GC(2) Eden regions: 18->0(70)
[2026-02-10T17:25:40.403+0530] GC(2) Survivor regions: 2->2(3)
[2026-02-10T17:25:40.403+0530] GC(2) Old regions: 6->8
[2026-02-10T17:25:40.403+0530] GC(2) Archive regions: 0->0
[2026-02-10T17:25:40.403+0530] GC(2) Humongous regions: 5->5
[2026-02-10T17:25:40.403+0530] GC(2) Metaspace: 11464K(11712K)->11464K(11712K) NonClass: 10177K(10304K)->10177K(10304K) Class: 1287K(1408K)->1287K(1408K)
[2026-02-10T17:25:40.403+0530] GC(2) Pause Young (Normal) (G1 Evacuation Pause) 30M->14M(128M) 6.590ms
[2026-02-10T17:25:40.404+0530] GC(2) User=0.00s Sys=0.00s Real=0.01s
[2026-02-10T17:25:41.630+0530] GC(3) Pause Young (Concurrent Start) (Metadata GC Threshold)
[2026-02-10T17:25:41.630+0530] GC(3) Using 3 workers of 4 for evacuation
[2026-02-10T17:25:41.640+0530] GC(3)   Pre Evacuate Collection Set: 0.1ms
[2026-02-10T17:25:41.640+0530] GC(3)   Merge Heap Roots: 0.1ms
[2026-02-10T17:25:41.640+0530] GC(3)   Evacuate Collection Set: 9.8ms
[2026-02-10T17:25:41.640+0530] GC(3)   Post Evacuate Collection Set: 0.5ms
[2026-02-10T17:25:41.640+0530] GC(3)   Other: 0.3ms
[2026-02-10T17:25:41.640+0530] GC(3) Eden regions: 64->0(55)
[2026-02-10T17:25:41.640+0530] GC(3) Survivor regions: 2->9(9)
[2026-02-10T17:25:41.640+0530] GC(3) Old regions: 8->12
[2026-02-10T17:25:41.640+0530] GC(3) Archive regions: 0->0
[2026-02-10T17:25:41.640+0530] GC(3) Humongous regions: 5->5
[2026-02-10T17:25:41.640+0530] GC(3) Metaspace: 21257K(21504K)->21257K(21504K) NonClass: 19090K(19200K)->19090K(19200K) Class: 2167K(2304K)->2167K(2304K)
[2026-02-10T17:25:41.640+0530] GC(3) Pause Young (Concurrent Start) (Metadata GC Threshold) 77M->25M(128M) 10.892ms
[2026-02-10T17:25:41.640+0530] GC(3) User=0.03s Sys=0.03s Real=0.01s
[2026-02-10T17:25:41.640+0530] GC(4) Concurrent Mark Cycle
[2026-02-10T17:25:41.641+0530] GC(4) Concurrent Clear Claimed Marks
[2026-02-10T17:25:41.641+0530] GC(4) Concurrent Clear Claimed Marks 0.035ms
[2026-02-10T17:25:41.641+0530] GC(4) Concurrent Scan Root Regions
[2026-02-10T17:25:41.645+0530] GC(4) Concurrent Scan Root Regions 4.277ms
[2026-02-10T17:25:41.645+0530] GC(4) Concurrent Mark
[2026-02-10T17:25:41.645+0530] GC(4) Concurrent Mark From Roots
[2026-02-10T17:25:41.645+0530] GC(4) Using 1 workers of 1 for marking
[2026-02-10T17:25:41.666+0530] GC(4) Concurrent Mark From Roots 21.075ms
[2026-02-10T17:25:41.666+0530] GC(4) Concurrent Preclean
[2026-02-10T17:25:41.666+0530] GC(4) Concurrent Preclean 0.067ms
[2026-02-10T17:25:41.666+0530] GC(4) Pause Remark
[2026-02-10T17:25:41.668+0530] GC(4) Pause Remark 26M->26M(128M) 2.725ms
[2026-02-10T17:25:41.669+0530] GC(4) User=0.00s Sys=0.00s Real=0.00s
[2026-02-10T17:25:41.669+0530] GC(4) Concurrent Mark 24.292ms
[2026-02-10T17:25:41.669+0530] GC(4) Concurrent Rebuild Remembered Sets
[2026-02-10T17:25:41.680+0530] GC(4) Concurrent Rebuild Remembered Sets 11.110ms
[2026-02-10T17:25:41.680+0530] GC(4) Pause Cleanup
[2026-02-10T17:25:41.680+0530] GC(4) Pause Cleanup 26M->26M(128M) 0.145ms
[2026-02-10T17:25:41.680+0530] GC(4) User=0.00s Sys=0.00s Real=0.00s
[2026-02-10T17:25:41.680+0530] GC(4) Concurrent Cleanup for Next Mark
[2026-02-10T17:25:41.681+0530] GC(4) Concurrent Cleanup for Next Mark 0.880ms
[2026-02-10T17:25:41.681+0530] GC(4) Concurrent Mark Cycle 41.244ms
[2026-02-10T17:25:42.924+0530] GC(5) Pause Young (Normal) (G1 Evacuation Pause)
[2026-02-10T17:25:42.924+0530] GC(5) Using 3 workers of 4 for evacuation
[2026-02-10T17:25:42.935+0530] GC(5)   Pre Evacuate Collection Set: 0.1ms
[2026-02-10T17:25:42.935+0530] GC(5)   Merge Heap Roots: 0.1ms
[2026-02-10T17:25:42.935+0530] GC(5)   Evacuate Collection Set: 10.2ms
[2026-02-10T17:25:42.935+0530] GC(5)   Post Evacuate Collection Set: 0.5ms
[2026-02-10T17:25:42.935+0530] GC(5)   Other: 0.2ms
[2026-02-10T17:25:42.935+0530] GC(5) Eden regions: 55->0(55)
[2026-02-10T17:25:42.935+0530] GC(5) Survivor regions: 9->4(8)
[2026-02-10T17:25:42.935+0530] GC(5) Old regions: 12->21
[2026-02-10T17:25:42.935+0530] GC(5) Archive regions: 0->0
[2026-02-10T17:25:42.935+0530] GC(5) Humongous regions: 5->5
[2026-02-10T17:25:42.935+0530] GC(5) Metaspace: 27502K(27968K)->27502K(27968K) NonClass: 24541K(24768K)->24541K(24768K) Class: 2960K(3200K)->2960K(3200K)
[2026-02-10T17:25:42.935+0530] GC(5) Pause Young (Normal) (G1 Evacuation Pause) 80M->28M(128M) 11.216ms
[2026-02-10T17:25:42.935+0530] GC(5) User=0.00s Sys=0.00s Real=0.01s
[2026-02-10T17:25:44.224+0530] GC(6) Pause Young (Concurrent Start) (Metadata GC Threshold)
[2026-02-10T17:25:44.225+0530] GC(6) Using 3 workers of 4 for evacuation
[2026-02-10T17:25:44.235+0530] GC(6)   Pre Evacuate Collection Set: 0.1ms
[2026-02-10T17:25:44.235+0530] GC(6)   Merge Heap Roots: 0.1ms
[2026-02-10T17:25:44.235+0530] GC(6)   Evacuate Collection Set: 10.1ms
[2026-02-10T17:25:44.235+0530] GC(6)   Post Evacuate Collection Set: 0.5ms
[2026-02-10T17:25:44.235+0530] GC(6)   Other: 0.2ms
[2026-02-10T17:25:44.235+0530] GC(6) Eden regions: 55->0(57)
[2026-02-10T17:25:44.235+0530] GC(6) Survivor regions: 4->7(8)
[2026-02-10T17:25:44.235+0530] GC(6) Old regions: 21->21
[2026-02-10T17:25:44.235+0530] GC(6) Archive regions: 0->0
[2026-02-10T17:25:44.235+0530] GC(6) Humongous regions: 5->5
[2026-02-10T17:25:44.235+0530] GC(6) Metaspace: 35739K(36288K)->35739K(36288K) NonClass: 31784K(32064K)->31784K(32064K) Class: 3954K(4224K)->3954K(4224K)
[2026-02-10T17:25:44.235+0530] GC(6) Pause Young (Concurrent Start) (Metadata GC Threshold) 83M->31M(128M) 11.294ms
[2026-02-10T17:25:44.235+0530] GC(6) User=0.03s Sys=0.03s Real=0.01s
[2026-02-10T17:25:44.235+0530] GC(7) Concurrent Mark Cycle
[2026-02-10T17:25:44.237+0530] GC(7) Concurrent Clear Claimed Marks
[2026-02-10T17:25:44.237+0530] GC(7) Concurrent Clear Claimed Marks 0.051ms
[2026-02-10T17:25:44.237+0530] GC(7) Concurrent Scan Root Regions
[2026-02-10T17:25:44.244+0530] GC(7) Concurrent Scan Root Regions 8.447ms
[2026-02-10T17:25:44.244+0530] GC(7) Concurrent Mark
[2026-02-10T17:25:44.244+0530] GC(7) Concurrent Mark From Roots
[2026-02-10T17:25:44.244+0530] GC(7) Using 1 workers of 1 for marking
[2026-02-10T17:25:44.285+0530] GC(7) Concurrent Mark From Roots 40.431ms
[2026-02-10T17:25:44.286+0530] GC(7) Concurrent Preclean
[2026-02-10T17:25:44.286+0530] GC(7) Concurrent Preclean 0.077ms
[2026-02-10T17:25:44.286+0530] GC(7) Pause Remark
[2026-02-10T17:25:44.297+0530] GC(7) Pause Remark 31M->31M(128M) 11.075ms
[2026-02-10T17:25:44.297+0530] GC(7) User=0.06s Sys=0.00s Real=0.01s
[2026-02-10T17:25:44.299+0530] GC(7) Concurrent Mark 53.610ms
[2026-02-10T17:25:44.299+0530] GC(7) Concurrent Rebuild Remembered Sets
[2026-02-10T17:25:44.319+0530] GC(7) Concurrent Rebuild Remembered Sets 20.953ms
[2026-02-10T17:25:44.319+0530] GC(7) Pause Cleanup
[2026-02-10T17:25:44.319+0530] GC(7) Pause Cleanup 32M->32M(128M) 0.127ms
[2026-02-10T17:25:44.319+0530] GC(7) User=0.00s Sys=0.00s Real=0.00s
[2026-02-10T17:25:44.319+0530] GC(7) Concurrent Cleanup for Next Mark
[2026-02-10T17:25:44.321+0530] GC(7) Concurrent Cleanup for Next Mark 1.111ms
[2026-02-10T17:25:44.321+0530] GC(7) Concurrent Mark Cycle 84.910ms
[2026-02-10T17:25:45.832+0530] GC(8) Pause Young (Normal) (G1 Evacuation Pause)
[2026-02-10T17:25:45.832+0530] GC(8) Using 3 workers of 4 for evacuation
[2026-02-10T17:25:45.852+0530] GC(8)   Pre Evacuate Collection Set: 0.1ms
[2026-02-10T17:25:45.852+0530] GC(8)   Merge Heap Roots: 0.1ms
[2026-02-10T17:25:45.852+0530] GC(8)   Evacuate Collection Set: 19.5ms
[2026-02-10T17:25:45.852+0530] GC(8)   Post Evacuate Collection Set: 0.6ms
[2026-02-10T17:25:45.852+0530] GC(8)   Other: 0.2ms
[2026-02-10T17:25:45.852+0530] GC(8) Eden regions: 57->0(55)
[2026-02-10T17:25:45.853+0530] GC(8) Survivor regions: 7->8(8)
[2026-02-10T17:25:45.853+0530] GC(8) Old regions: 21->25
[2026-02-10T17:25:45.853+0530] GC(8) Archive regions: 0->0
[2026-02-10T17:25:45.853+0530] GC(8) Humongous regions: 5->5
[2026-02-10T17:25:45.853+0530] GC(8) Metaspace: 36603K(37184K)->36603K(37184K) NonClass: 32610K(32896K)->32610K(32896K) Class: 3992K(4288K)->3992K(4288K)
[2026-02-10T17:25:45.853+0530] GC(8) Pause Young (Normal) (G1 Evacuation Pause) 88M->37M(128M) 20.713ms
[2026-02-10T17:25:45.853+0530] GC(8) User=0.05s Sys=0.00s Real=0.02s
[2026-02-10T17:25:46.837+0530] GC(9) Pause Young (Normal) (G1 Evacuation Pause)
[2026-02-10T17:25:46.837+0530] GC(9) Using 3 workers of 4 for evacuation
[2026-02-10T17:25:46.865+0530] GC(9)   Pre Evacuate Collection Set: 0.1ms
[2026-02-10T17:25:46.865+0530] GC(9)   Merge Heap Roots: 0.1ms
[2026-02-10T17:25:46.865+0530] GC(9)   Evacuate Collection Set: 27.7ms
[2026-02-10T17:25:46.865+0530] GC(9)   Post Evacuate Collection Set: 0.4ms
[2026-02-10T17:25:46.865+0530] GC(9)   Other: 0.2ms
[2026-02-10T17:25:46.865+0530] GC(9) Eden regions: 55->0(50)
[2026-02-10T17:25:46.865+0530] GC(9) Survivor regions: 8->8(8)
[2026-02-10T17:25:46.865+0530] GC(9) Old regions: 25->33
[2026-02-10T17:25:46.865+0530] GC(9) Archive regions: 0->0
[2026-02-10T17:25:46.865+0530] GC(9) Humongous regions: 5->5
[2026-02-10T17:25:46.865+0530] GC(9) Metaspace: 36674K(37248K)->36674K(37248K) NonClass: 32674K(32960K)->32674K(32960K) Class: 3999K(4288K)->3999K(4288K)
[2026-02-10T17:25:46.866+0530] GC(9) Pause Young (Normal) (G1 Evacuation Pause) 92M->45M(128M) 28.854ms
[2026-02-10T17:25:46.866+0530] GC(9) User=0.08s Sys=0.02s Real=0.03s
[2026-02-10T17:25:47.602+0530] GC(10) Pause Young (Normal) (G1 Evacuation Pause)
[2026-02-10T17:25:47.602+0530] GC(10) Using 3 workers of 4 for evacuation
[2026-02-10T17:25:47.626+0530] GC(10)   Pre Evacuate Collection Set: 0.1ms
[2026-02-10T17:25:47.626+0530] GC(10)   Merge Heap Roots: 0.1ms
[2026-02-10T17:25:47.626+0530] GC(10)   Evacuate Collection Set: 24.6ms
[2026-02-10T17:25:47.626+0530] GC(10)   Post Evacuate Collection Set: 0.3ms
[2026-02-10T17:25:47.626+0530] GC(10)   Other: 0.2ms
[2026-02-10T17:25:47.626+0530] GC(10) Eden regions: 50->0(44)
[2026-02-10T17:25:47.626+0530] GC(10) Survivor regions: 8->8(8)
[2026-02-10T17:25:47.626+0530] GC(10) Old regions: 33->42
[2026-02-10T17:25:47.626+0530] GC(10) Archive regions: 0->0
[2026-02-10T17:25:47.626+0530] GC(10) Humongous regions: 5->5
[2026-02-10T17:25:47.626+0530] GC(10) Metaspace: 36713K(37312K)->36713K(37312K) NonClass: 32712K(33024K)->32712K(33024K) Class: 4000K(4288K)->4000K(4288K)
[2026-02-10T17:25:47.626+0530] GC(10) Pause Young (Normal) (G1 Evacuation Pause) 95M->54M(128M) 25.509ms
[2026-02-10T17:25:47.626+0530] GC(10) User=0.11s Sys=0.02s Real=0.02s
[2026-02-10T17:25:48.123+0530] GC(11) Pause Young (Normal) (G1 Evacuation Pause)
[2026-02-10T17:25:48.123+0530] GC(11) Using 3 workers of 4 for evacuation
[2026-02-10T17:25:48.153+0530] GC(11)   Pre Evacuate Collection Set: 0.1ms
[2026-02-10T17:25:48.153+0530] GC(11)   Merge Heap Roots: 0.2ms
[2026-02-10T17:25:48.153+0530] GC(11)   Evacuate Collection Set: 28.6ms
[2026-02-10T17:25:48.153+0530] GC(11)   Post Evacuate Collection Set: 0.3ms
[2026-02-10T17:25:48.153+0530] GC(11)   Other: 0.2ms
[2026-02-10T17:25:48.153+0530] GC(11) Eden regions: 44->0(35)
[2026-02-10T17:25:48.153+0530] GC(11) Survivor regions: 8->7(7)
[2026-02-10T17:25:48.153+0530] GC(11) Old regions: 42->52
[2026-02-10T17:25:48.153+0530] GC(11) Archive regions: 0->0
[2026-02-10T17:25:48.153+0530] GC(11) Humongous regions: 5->5
[2026-02-10T17:25:48.153+0530] GC(11) Metaspace: 36744K(37312K)->36744K(37312K) NonClass: 32740K(33024K)->32740K(33024K) Class: 4003K(4288K)->4003K(4288K)
[2026-02-10T17:25:48.153+0530] GC(11) Pause Young (Normal) (G1 Evacuation Pause) 98M->64M(128M) 29.562ms
[2026-02-10T17:25:48.153+0530] GC(11) User=0.08s Sys=0.00s Real=0.03s
[2026-02-10T17:25:48.351+0530] Heap
[2026-02-10T17:25:48.351+0530]  garbage-first heap   total 131072K, used 84721K [0x00000000f8000000, 0x0000000100000000)
[2026-02-10T17:25:48.351+0530]   region size 1024K, 26 young (26624K), 7 survivors (7168K)
[2026-02-10T17:25:48.351+0530]  Metaspace       used 36836K, committed 37376K, reserved 1114112K
[2026-02-10T17:25:48.351+0530]   class space    used 4014K, committed 4288K, reserved 1048576K
