[2026-02-10T17:26:24.510+0530] Using G1
[2026-02-10T17:26:24.513+0530] Version: 17.0.12+8-LTS-286 (release)
[2026-02-10T17:26:24.513+0530] CPUs: 8 total, 4 available
[2026-02-10T17:26:24.513+0530] Memory: 7914M
[2026-02-10T17:26:24.513+0530] Large Page Support: Disabled
[2026-02-10T17:26:24.513+0530] NUMA Support: Disabled
[2026-02-10T17:26:24.513+0530] Compressed Oops: Enabled (32-bit)
[2026-02-10T17:26:24.513+0530] Heap Region Size: 1M
[2026-02-10T17:26:24.513+0530] Heap Min Capacity: 128M
[2026-02-10T17:26:24.513+0530] Heap Initial Capacity: 128M
[2026-02-10T17:26:24.513+0530] Heap Max Capacity: 128M
[2026-02-10T17:26:24.513+0530] Pre-touch: Disabled
[2026-02-10T17:26:24.513+0530] Parallel Workers: 4
[2026-02-10T17:26:24.514+0530] Concurrent Workers: 1
[2026-02-10T17:26:24.514+0530] Concurrent Refinement Workers: 4
[2026-02-10T17:26:24.514+0530] Periodic GC: Disabled
[2026-02-10T17:26:24.526+0530] CDS archive(s) mapped at: [0x0000021980000000-0x0000021980bd0000-0x0000021980bd0000), size 12386304, SharedBaseAddress: 0x0000021980000000, ArchiveRelocationMode: 1.
[2026-02-10T17:26:24.526+0530] Compressed class space mapped at: 0x0000021981000000-0x00000219c1000000, reserved size: 1073741824
[2026-02-10T17:26:24.526+0530] Narrow klass base: 0x0000021980000000, Narrow klass shift: 0, Narrow klass range: 0x100000000
[2026-02-10T17:26:25.171+0530] GC(0) Pause Young (Normal) (G1 Evacuation Pause)
[2026-02-10T17:26:25.171+0530] GC(0) Using 3 workers of 4 for evacuation
[2026-02-10T17:26:25.178+0530] GC(0)   Pre Evacuate Collection Set: 0.1ms
[2026-02-10T17:26:25.178+0530] GC(0)   Merge Heap Roots: 0.1ms
[2026-02-10T17:26:25.178+0530] GC(0)   Evacuate Collection Set: 6.2ms
[2026-02-10T17:26:25.178+0530] GC(0)   Post Evacuate Collection Set: 0.5ms
[2026-02-10T17:26:25.179+0530] GC(0)   Other: 0.4ms
[2026-02-10T17:26:25.179+0530] GC(0) Eden regions: 13->0(13)
[2026-02-10T17:26:25.179+0530] GC(0) Survivor regions: 0->2(2)
[2026-02-10T17:26:25.179+0530] GC(0) Old regions: 0->3
[2026-02-10T17:26:25.179+0530] GC(0) Archive regions: 0->0
[2026-02-10T17:26:25.179+0530] GC(0) Humongous regions: 5->5
[2026-02-10T17:26:25.179+0530] GC(0) Metaspace: 4468K(4672K)->4468K(4672K) NonClass: 3987K(4096K)->3987K(4096K) Class: 480K(576K)->480K(576K)
[2026-02-10T17:26:25.179+0530] GC(0) Pause Young (Normal) (G1 Evacuation Pause) 18M->9M(128M) 7.485ms
[2026-02-10T17:26:25.179+0530] GC(0) User=0.00s Sys=0.00s Real=0.01s
[2026-02-10T17:26:25.368+0530] GC(1) Pause Young (Normal) (G1 Evacuation Pause)
[2026-02-10T17:26:25.368+0530] GC(1) Using 3 workers of 4 for evacuation
[2026-02-10T17:26:25.376+0530] GC(1)   Pre Evacuate Collection Set: 0.1ms
[2026-02-10T17:26:25.376+0530] GC(1)   Merge Heap Roots: 0.1ms
[2026-02-10T17:26:25.376+0530] GC(1)   Evacuate Collection Set: 7.8ms
[2026-02-10T17:26:25.376+0530] GC(1)   Post Evacuate Collection Set: 0.3ms
[2026-02-10T17:26:25.376+0530] GC(1)   Other: 0.2ms
[2026-02-10T17:26:25.376+0530] GC(1) Eden regions: 13->0(18)
[2026-02-10T17:26:25.376+0530] GC(1) Survivor regions: 2->2(2)
[2026-02-10T17:26:25.377+0530] GC(1) Old regions: 3->6
[2026-02-10T17:26:25.377+0530] GC(1) Archive regions: 0->0
[2026-02-10T17:26:25.377+0530] GC(1) Humongous regions: 5->5
[2026-02-10T17:26:25.377+0530] GC(1) Metaspace: 6012K(6144K)->6012K(6144K) NonClass: 5354K(5440K)->5354K(5440K) Class: 657K(704K)->657K(704K)
[2026-02-10T17:26:25.377+0530] GC(1) Pause Young (Normal) (G1 Evacuation Pause) 22M->12M(128M) 8.664ms
[2026-02-10T17:26:25.377+0530] GC(1) User=0.03s Sys=0.03s Real=0.01s
[2026-02-10T17:26:25.804+0530] GC(2) Pause Young (Normal) (G1 Evacuation Pause)
[2026-02-10T17:26:25.804+0530] GC(2) Using 3 workers of 4 for evacuation
[2026-02-10T17:26:25.811+0530] GC(2)   Pre Evacuate Collection Set: 0.0ms
[2026-02-10T17:26:25.811+0530] GC(2)   Merge Heap Roots: 0.0ms
[2026-02-10T17:26:25.811+0530] GC(2)   Evacuate Collection Set: 5.3ms
[2026-02-10T17:26:25.811+0530] GC(2)   Post Evacuate Collection Set: 0.3ms
[2026-02-10T17:26:25.811+0530] GC(2)   Other: 0.1ms
[2026-02-10T17:26:25.811+0530] GC(2) Eden regions: 18->0(70)
[2026-02-10T17:26:25.811+0530] GC(2) Survivor regions: 2->2(3)
[2026-02-10T17:26:25.811+0530] GC(2) Old regions: 6->8
[2026-02-10T17:26:25.811+0530] GC(2) Archive regions: 0->0
[2026-02-10T17:26:25.811+0530] GC(2) Humongous regions: 5->5
[2026-02-10T17:26:25.811+0530] GC(2) Metaspace: 11383K(11584K)->11383K(11584K) NonClass: 10100K(10176K)->10100K(10176K) Class: 1283K(1408K)->1283K(1408K)
[2026-02-10T17:26:25.811+0530] GC(2) Pause Young (Normal) (G1 Evacuation Pause) 30M->14M(128M) 6.054ms
[2026-02-10T17:26:25.811+0530] GC(2) User=0.00s Sys=0.00s Real=0.01s
[2026-02-10T17:26:27.034+0530] GC(3) Pause Young (Concurrent Start) (Metadata GC Threshold)
[2026-02-10T17:26:27.034+0530] GC(3) Using 3 workers of 4 for evacuation
[2026-02-10T17:26:27.043+0530] GC(3)   Pre Evacuate Collection Set: 0.1ms
[2026-02-10T17:26:27.044+0530] GC(3)   Merge Heap Roots: 0.0ms
[2026-02-10T17:26:27.044+0530] GC(3)   Evacuate Collection Set: 8.8ms
[2026-02-10T17:26:27.044+0530] GC(3)   Post Evacuate Collection Set: 0.4ms
[2026-02-10T17:26:27.044+0530] GC(3)   Other: 0.2ms
[2026-02-10T17:26:27.044+0530] GC(3) Eden regions: 63->0(55)
[2026-02-10T17:26:27.044+0530] GC(3) Survivor regions: 2->9(9)
[2026-02-10T17:26:27.044+0530] GC(3) Old regions: 8->12
[2026-02-10T17:26:27.044+0530] GC(3) Archive regions: 0->0
[2026-02-10T17:26:27.044+0530] GC(3) Humongous regions: 5->5
[2026-02-10T17:26:27.044+0530] GC(3) Metaspace: 21221K(21504K)->21221K(21504K) NonClass: 19060K(19200K)->19060K(19200K) Class: 2160K(2304K)->2160K(2304K)
[2026-02-10T17:26:27.044+0530] GC(3) Pause Young (Concurrent Start) (Metadata GC Threshold) 76M->25M(128M) 9.727ms
[2026-02-10T17:26:27.044+0530] GC(3) User=0.00s Sys=0.00s Real=0.01s
[2026-02-10T17:26:27.044+0530] GC(4) Concurrent Mark Cycle
[2026-02-10T17:26:27.044+0530] GC(4) Concurrent Clear Claimed Marks
[2026-02-10T17:26:27.044+0530] GC(4) Concurrent Clear Claimed Marks 0.033ms
[2026-02-10T17:26:27.044+0530] GC(4) Concurrent Scan Root Regions
[2026-02-10T17:26:27.049+0530] GC(4) Concurrent Scan Root Regions 4.300ms
[2026-02-10T17:26:27.049+0530] GC(4) Concurrent Mark
[2026-02-10T17:26:27.049+0530] GC(4) Concurrent Mark From Roots
[2026-02-10T17:26:27.049+0530] GC(4) Using 1 workers of 1 for marking
[2026-02-10T17:26:27.069+0530] GC(4) Concurrent Mark From Roots 20.566ms
[2026-02-10T17:26:27.069+0530] GC(4) Concurrent Preclean
[2026-02-10T17:26:27.069+0530] GC(4) Concurrent Preclean 0.068ms
[2026-02-10T17:26:27.069+0530] GC(4) Pause Remark
[2026-02-10T17:26:27.074+0530] GC(4) Pause Remark 26M->26M(128M) 3.923ms
[2026-02-10T17:26:27.074+0530] GC(4) User=0.00s Sys=0.00s Real=0.00s
[2026-02-10T17:26:27.074+0530] GC(4) Concurrent Mark 25.216ms
[2026-02-10T17:26:27.074+0530] GC(4) Concurrent Rebuild Remembered Sets
[2026-02-10T17:26:27.084+0530] GC(4) Concurrent Rebuild Remembered Sets 10.625ms
[2026-02-10T17:26:27.085+0530] GC(4) Pause Cleanup
[2026-02-10T17:26:27.085+0530] GC(4) Pause Cleanup 26M->26M(128M) 0.112ms
[2026-02-10T17:26:27.085+0530] GC(4) User=0.00s Sys=0.00s Real=0.00s
[2026-02-10T17:26:27.087+0530] GC(4) Concurrent Cleanup for Next Mark
[2026-02-10T17:26:27.088+0530] GC(4) Concurrent Cleanup for Next Mark 0.972ms
[2026-02-10T17:26:27.088+0530] GC(4) Concurrent Mark Cycle 43.559ms
[2026-02-10T17:26:28.235+0530] GC(5) Pause Young (Normal) (G1 Evacuation Pause)
[2026-02-10T17:26:28.235+0530] GC(5) Using 3 workers of 4 for evacuation
[2026-02-10T17:26:28.249+0530] GC(5)   Pre Evacuate Collection Set: 0.1ms
[2026-02-10T17:26:28.249+0530] GC(5)   Merge Heap Roots: 0.1ms
[2026-02-10T17:26:28.249+0530] GC(5)   Evacuate Collection Set: 13.5ms
[2026-02-10T17:26:28.249+0530] GC(5)   Post Evacuate Collection Set: 0.5ms
[2026-02-10T17:26:28.249+0530] GC(5)   Other: 0.2ms
[2026-02-10T17:26:28.250+0530] GC(5) Eden regions: 55->0(55)
[2026-02-10T17:26:28.250+0530] GC(5) Survivor regions: 9->4(8)
[2026-02-10T17:26:28.250+0530] GC(5) Old regions: 12->20
[2026-02-10T17:26:28.250+0530] GC(5) Archive regions: 0->0
[2026-02-10T17:26:28.250+0530] GC(5) Humongous regions: 5->5
[2026-02-10T17:26:28.250+0530] GC(5) Metaspace: 27472K(27904K)->27472K(27904K) NonClass: 24522K(24768K)->24522K(24768K) Class: 2950K(3136K)->2950K(3136K)
[2026-02-10T17:26:28.250+0530] GC(5) Pause Young (Normal) (G1 Evacuation Pause) 80M->28M(128M) 14.513ms
[2026-02-10T17:26:28.250+0530] GC(5) User=0.05s Sys=0.02s Real=0.02s
[2026-02-10T17:26:29.222+0530] GC(6) Pause Young (Concurrent Start) (Metadata GC Threshold)
[2026-02-10T17:26:29.222+0530] GC(6) Using 3 workers of 4 for evacuation
[2026-02-10T17:26:29.235+0530] GC(6)   Pre Evacuate Collection Set: 0.1ms
[2026-02-10T17:26:29.235+0530] GC(6)   Merge Heap Roots: 0.1ms
[2026-02-10T17:26:29.235+0530] GC(6)   Evacuate Collection Set: 11.7ms
[2026-02-10T17:26:29.235+0530] GC(6)   Post Evacuate Collection Set: 0.8ms
[2026-02-10T17:26:29.235+0530] GC(6)   Other: 0.2ms
[2026-02-10T17:26:29.235+0530] GC(6) Eden regions: 54->0(59)
[2026-02-10T17:26:29.235+0530] GC(6) Survivor regions: 4->6(8)
[2026-02-10T17:26:29.235+0530] GC(6) Old regions: 20->20
[2026-02-10T17:26:29.235+0530] GC(6) Archive regions: 0->0
[2026-02-10T17:26:29.235+0530] GC(6) Humongous regions: 5->5
[2026-02-10T17:26:29.235+0530] GC(6) Metaspace: 35620K(36096K)->35620K(36096K) NonClass: 31678K(31936K)->31678K(31936K) Class: 3941K(4160K)->3941K(4160K)
[2026-02-10T17:26:29.235+0530] GC(6) Pause Young (Concurrent Start) (Metadata GC Threshold) 81M->30M(128M) 13.302ms
[2026-02-10T17:26:29.235+0530] GC(6) User=0.06s Sys=0.00s Real=0.01s
[2026-02-10T17:26:29.235+0530] GC(7) Concurrent Mark Cycle
[2026-02-10T17:26:29.235+0530] GC(7) Concurrent Clear Claimed Marks
[2026-02-10T17:26:29.236+0530] GC(7) Concurrent Clear Claimed Marks 0.051ms
[2026-02-10T17:26:29.236+0530] GC(7) Concurrent Scan Root Regions
[2026-02-10T17:26:29.243+0530] GC(7) Concurrent Scan Root Regions 7.232ms
[2026-02-10T17:26:29.243+0530] GC(7) Concurrent Mark
[2026-02-10T17:26:29.243+0530] GC(7) Concurrent Mark From Roots
[2026-02-10T17:26:29.243+0530] GC(7) Using 1 workers of 1 for marking
[2026-02-10T17:26:29.274+0530] GC(7) Concurrent Mark From Roots 31.201ms
[2026-02-10T17:26:29.274+0530] GC(7) Concurrent Preclean
[2026-02-10T17:26:29.274+0530] GC(7) Concurrent Preclean 0.056ms
[2026-02-10T17:26:29.274+0530] GC(7) Pause Remark
[2026-02-10T17:26:29.285+0530] GC(7) Pause Remark 31M->31M(128M) 10.468ms
[2026-02-10T17:26:29.285+0530] GC(7) User=0.05s Sys=0.00s Real=0.01s
[2026-02-10T17:26:29.286+0530] GC(7) Concurrent Mark 42.758ms
[2026-02-10T17:26:29.286+0530] GC(7) Concurrent Rebuild Remembered Sets
[2026-02-10T17:26:29.300+0530] GC(7) Concurrent Rebuild Remembered Sets 13.705ms
[2026-02-10T17:26:29.300+0530] GC(7) Pause Cleanup
[2026-02-10T17:26:29.300+0530] GC(7) Pause Cleanup 31M->31M(128M) 0.099ms
[2026-02-10T17:26:29.300+0530] GC(7) User=0.00s Sys=0.00s Real=0.00s
[2026-02-10T17:26:29.303+0530] GC(7) Concurrent Cleanup for Next Mark
[2026-02-10T17:26:29.304+0530] GC(7) Concurrent Cleanup for Next Mark 0.802ms
[2026-02-10T17:26:29.304+0530] GC(7) Concurrent Mark Cycle 68.363ms
[2026-02-10T17:26:30.801+0530] GC(8) Pause Young (Normal) (G1 Evacuation Pause)
[2026-02-10T17:26:30.801+0530] GC(8) Using 3 workers of 4 for evacuation
[2026-02-10T17:26:30.818+0530] GC(8)   Pre Evacuate Collection Set: 0.1ms
[2026-02-10T17:26:30.818+0530] GC(8)   Merge Heap Roots: 0.1ms
[2026-02-10T17:26:30.818+0530] GC(8)   Evacuate Collection Set: 16.1ms
[2026-02-10T17:26:30.818+0530] GC(8)   Post Evacuate Collection Set: 0.4ms
[2026-02-10T17:26:30.818+0530] GC(8)   Other: 0.1ms
[2026-02-10T17:26:30.818+0530] GC(8) Eden regions: 59->0(54)
[2026-02-10T17:26:30.818+0530] GC(8) Survivor regions: 6->9(9)
[2026-02-10T17:26:30.818+0530] GC(8) Old regions: 20->24
[2026-02-10T17:26:30.818+0530] GC(8) Archive regions: 0->0
[2026-02-10T17:26:30.818+0530] GC(8) Humongous regions: 5->5
[2026-02-10T17:26:30.818+0530] GC(8) Metaspace: 36663K(37248K)->36663K(37248K) NonClass: 32675K(33024K)->32675K(33024K) Class: 3987K(4224K)->3987K(4224K)
[2026-02-10T17:26:30.818+0530] GC(8) Pause Young (Normal) (G1 Evacuation Pause) 89M->37M(128M) 16.946ms
[2026-02-10T17:26:30.818+0530] GC(8) User=0.05s Sys=0.00s Real=0.02s
[2026-02-10T17:26:31.424+0530] GC(9) Pause Young (Normal) (G1 Evacuation Pause)
[2026-02-10T17:26:31.424+0530] GC(9) Using 3 workers of 4 for evacuation
[2026-02-10T17:26:31.447+0530] GC(9)   Pre Evacuate Collection Set: 0.1ms
[2026-02-10T17:26:31.447+0530] GC(9)   Merge Heap Roots: 0.1ms
[2026-02-10T17:26:31.447+0530] GC(9)   Evacuate Collection Set: 21.9ms
[2026-02-10T17:26:31.447+0530] GC(9)   Post Evacuate Collection Set: 0.4ms
[2026-02-10T17:26:31.447+0530] GC(9)   Other: 0.1ms
[2026-02-10T17:26:31.447+0530] GC(9) Eden regions: 54->0(50)
[2026-02-10T17:26:31.447+0530] GC(9) Survivor regions: 9->8(8)
[2026-02-10T17:26:31.447+0530] GC(9) Old regions: 24->33
[2026-02-10T17:26:31.447+0530] GC(9) Archive regions: 0->0
[2026-02-10T17:26:31.447+0530] GC(9) Humongous regions: 5->5
[2026-02-10T17:26:31.447+0530] GC(9) Metaspace: 36739K(37312K)->36739K(37312K) NonClass: 32746K(33088K)->32746K(33088K) Class: 3993K(4224K)->3993K(4224K)
[2026-02-10T17:26:31.447+0530] GC(9) Pause Young (Normal) (G1 Evacuation Pause) 91M->45M(128M) 22.782ms
[2026-02-10T17:26:31.447+0530] GC(9) User=0.05s Sys=0.00s Real=0.02s
[2026-02-10T17:26:31.911+0530] GC(10) Pause Young (Normal) (G1 Evacuation Pause)
[2026-02-10T17:26:31.911+0530] GC(10) Using 3 workers of 4 for evacuation
[2026-02-10T17:26:31.941+0530] GC(10)   Pre Evacuate Collection Set: 0.0ms
[2026-02-10T17:26:31.941+0530] GC(10)   Merge Heap Roots: 0.1ms
[2026-02-10T17:26:31.941+0530] GC(10)   Evacuate Collection Set: 29.9ms
[2026-02-10T17:26:31.941+0530] GC(10)   Post Evacuate Collection Set: 0.3ms
[2026-02-10T17:26:31.941+0530] GC(10)   Other: 0.1ms
[2026-02-10T17:26:31.941+0530] GC(10) Eden regions: 50->0(43)
[2026-02-10T17:26:31.941+0530] GC(10) Survivor regions: 8->8(8)
[2026-02-10T17:26:31.941+0530] GC(10) Old regions: 33->42
[2026-02-10T17:26:31.941+0530] GC(10) Archive regions: 0->0
[2026-02-10T17:26:31.941+0530] GC(10) Humongous regions: 5->5
[2026-02-10T17:26:31.941+0530] GC(10) Metaspace: 36777K(37312K)->36777K(37312K) NonClass: 32782K(33088K)->32782K(33088K) Class: 3995K(4224K)->3995K(4224K)
[2026-02-10T17:26:31.941+0530] GC(10) Pause Young (Normal) (G1 Evacuation Pause) 95M->54M(128M) 30.731ms
[2026-02-10T17:26:31.941+0530] GC(10) User=0.11s Sys=0.02s Real=0.03s
[2026-02-10T17:26:32.318+0530] GC(11) Pause Young (Normal) (G1 Evacuation Pause)
[2026-02-10T17:26:32.318+0530] GC(11) Using 3 workers of 4 for evacuation
[2026-02-10T17:26:32.340+0530] GC(11)   Pre Evacuate Collection Set: 0.1ms
[2026-02-10T17:26:32.340+0530] GC(11)   Merge Heap Roots: 0.1ms
[2026-02-10T17:26:32.340+0530] GC(11)   Evacuate Collection Set: 21.2ms
[2026-02-10T17:26:32.340+0530] GC(11)   Post Evacuate Collection Set: 0.3ms
[2026-02-10T17:26:32.340+0530] GC(11)   Other: 0.1ms
[2026-02-10T17:26:32.340+0530] GC(11) Eden regions: 43->0(35)
[2026-02-10T17:26:32.340+0530] GC(11) Survivor regions: 8->7(7)
[2026-02-10T17:26:32.340+0530] GC(11) Old regions: 42->52
[2026-02-10T17:26:32.340+0530] GC(11) Archive regions: 0->0
[2026-02-10T17:26:32.340+0530] GC(11) Humongous regions: 5->5
[2026-02-10T17:26:32.340+0530] GC(11) Metaspace: 36809K(37312K)->36809K(37312K) NonClass: 32811K(33088K)->32811K(33088K) Class: 3997K(4224K)->3997K(4224K)
[2026-02-10T17:26:32.340+0530] GC(11) Pause Young (Normal) (G1 Evacuation Pause) 97M->63M(128M) 21.950ms
[2026-02-10T17:26:32.340+0530] GC(11) User=0.05s Sys=0.00s Real=0.02s
[2026-02-10T17:26:32.471+0530] Heap
[2026-02-10T17:26:32.471+0530]  garbage-first heap   total 131072K, used 80172K [0x00000000f8000000, 0x0000000100000000)
[2026-02-10T17:26:32.471+0530]   region size 1024K, 22 young (22528K), 7 survivors (7168K)
[2026-02-10T17:26:32.471+0530]  Metaspace       used 36898K, committed 37440K, reserved 1114112K
[2026-02-10T17:26:32.471+0530]   class space    used 4008K, committed 4224K, reserved 1048576K
