[2026-02-10T17:26:06.759+0530] Using G1
[2026-02-10T17:26:06.763+0530] Version: 17.0.12+8-LTS-286 (release)
[2026-02-10T17:26:06.764+0530] CPUs: 8 total, 4 available
[2026-02-10T17:26:06.764+0530] Memory: 7914M
[2026-02-10T17:26:06.764+0530] Large Page Support: Disabled
[2026-02-10T17:26:06.764+0530] NUMA Support: Disabled
[2026-02-10T17:26:06.764+0530] Compressed Oops: Enabled (32-bit)
[2026-02-10T17:26:06.764+0530] Heap Region Size: 1M
[2026-02-10T17:26:06.764+0530] Heap Min Capacity: 128M
[2026-02-10T17:26:06.764+0530] Heap Initial Capacity: 128M
[2026-02-10T17:26:06.764+0530] Heap Max Capacity: 128M
[2026-02-10T17:26:06.764+0530] Pre-touch: Disabled
[2026-02-10T17:26:06.764+0530] Parallel Workers: 4
[2026-02-10T17:26:06.764+0530] Concurrent Workers: 1
[2026-02-10T17:26:06.764+0530] Concurrent Refinement Workers: 4
[2026-02-10T17:26:06.764+0530] Periodic GC: Disabled
[2026-02-10T17:26:06.782+0530] CDS archive(s) mapped at: [0x000001bdbb000000-0x000001bdbbbd0000-0x000001bdbbbd0000), size 12386304, SharedBaseAddress: 0x000001bdbb000000, ArchiveRelocationMode: 1.
[2026-02-10T17:26:06.782+0530] Compressed class space mapped at: 0x000001bdbc000000-0x000001bdfc000000, reserved size: 1073741824
[2026-02-10T17:26:06.782+0530] Narrow klass base: 0x000001bdbb000000, Narrow klass shift: 0, Narrow klass range: 0x100000000
[2026-02-10T17:26:07.737+0530] GC(0) Pause Young (Normal) (G1 Evacuation Pause)
[2026-02-10T17:26:07.737+0530] GC(0) Using 3 workers of 4 for evacuation
[2026-02-10T17:26:07.744+0530] GC(0)   Pre Evacuate Collection Set: 0.1ms
[2026-02-10T17:26:07.744+0530] GC(0)   Merge Heap Roots: 0.1ms
[2026-02-10T17:26:07.745+0530] GC(0)   Evacuate Collection Set: 6.4ms
[2026-02-10T17:26:07.745+0530] GC(0)   Post Evacuate Collection Set: 0.6ms
[2026-02-10T17:26:07.745+0530] GC(0)   Other: 0.5ms
[2026-02-10T17:26:07.745+0530] GC(0) Eden regions: 13->0(13)
[2026-02-10T17:26:07.745+0530] GC(0) Survivor regions: 0->2(2)
[2026-02-10T17:26:07.745+0530] GC(0) Old regions: 0->3
[2026-02-10T17:26:07.745+0530] GC(0) Archive regions: 0->0
[2026-02-10T17:26:07.745+0530] GC(0) Humongous regions: 5->5
[2026-02-10T17:26:07.745+0530] GC(0) Metaspace: 4450K(4672K)->4450K(4672K) NonClass: 3969K(4096K)->3969K(4096K) Class: 480K(576K)->480K(576K)
[2026-02-10T17:26:07.745+0530] GC(0) Pause Young (Normal) (G1 Evacuation Pause) 18M->9M(128M) 7.873ms
[2026-02-10T17:26:07.745+0530] GC(0) User=0.00s Sys=0.00s Real=0.01s
[2026-02-10T17:26:07.988+0530] GC(1) Pause Young (Normal) (G1 Evacuation Pause)
[2026-02-10T17:26:07.988+0530] GC(1) Using 3 workers of 4 for evacuation
[2026-02-10T17:26:08.000+0530] GC(1)   Pre Evacuate Collection Set: 0.1ms
[2026-02-10T17:26:08.000+0530] GC(1)   Merge Heap Roots: 0.1ms
[2026-02-10T17:26:08.000+0530] GC(1)   Evacuate Collection Set: 12.0ms
[2026-02-10T17:26:08.000+0530] GC(1)   Post Evacuate Collection Set: 0.4ms
[2026-02-10T17:26:08.000+0530] GC(1)   Other: 0.2ms
[2026-02-10T17:26:08.000+0530] GC(1) Eden regions: 13->0(17)
[2026-02-10T17:26:08.000+0530] GC(1) Survivor regions: 2->2(2)
[2026-02-10T17:26:08.000+0530] GC(1) Old regions: 3->6
[2026-02-10T17:26:08.000+0530] GC(1) Archive regions: 0->0
[2026-02-10T17:26:08.000+0530] GC(1) Humongous regions: 5->5
[2026-02-10T17:26:08.000+0530] GC(1) Metaspace: 6016K(6144K)->6016K(6144K) NonClass: 5358K(5440K)->5358K(5440K) Class: 657K(704K)->657K(704K)
[2026-02-10T17:26:08.000+0530] GC(1) Pause Young (Normal) (G1 Evacuation Pause) 22M->12M(128M) 13.064ms
[2026-02-10T17:26:08.000+0530] GC(1) User=0.05s Sys=0.02s Real=0.01s
[2026-02-10T17:26:08.482+0530] GC(2) Pause Young (Normal) (G1 Evacuation Pause)
[2026-02-10T17:26:08.482+0530] GC(2) Using 3 workers of 4 for evacuation
[2026-02-10T17:26:08.487+0530] GC(2)   Pre Evacuate Collection Set: 0.1ms
[2026-02-10T17:26:08.487+0530] GC(2)   Merge Heap Roots: 0.1ms
[2026-02-10T17:26:08.487+0530] GC(2)   Evacuate Collection Set: 4.7ms
[2026-02-10T17:26:08.487+0530] GC(2)   Post Evacuate Collection Set: 0.3ms
[2026-02-10T17:26:08.487+0530] GC(2)   Other: 0.2ms
[2026-02-10T17:26:08.487+0530] GC(2) Eden regions: 17->0(70)
[2026-02-10T17:26:08.487+0530] GC(2) Survivor regions: 2->2(3)
[2026-02-10T17:26:08.487+0530] GC(2) Old regions: 6->8
[2026-02-10T17:26:08.487+0530] GC(2) Archive regions: 0->0
[2026-02-10T17:26:08.487+0530] GC(2) Humongous regions: 5->5
[2026-02-10T17:26:08.487+0530] GC(2) Metaspace: 11055K(11264K)->11055K(11264K) NonClass: 9805K(9920K)->9805K(9920K) Class: 1249K(1344K)->1249K(1344K)
[2026-02-10T17:26:08.487+0530] GC(2) Pause Young (Normal) (G1 Evacuation Pause) 29M->14M(128M) 5.628ms
[2026-02-10T17:26:08.487+0530] GC(2) User=0.05s Sys=0.02s Real=0.00s
[2026-02-10T17:26:09.713+0530] GC(3) Pause Young (Concurrent Start) (Metadata GC Threshold)
[2026-02-10T17:26:09.713+0530] GC(3) Using 3 workers of 4 for evacuation
[2026-02-10T17:26:09.723+0530] GC(3)   Pre Evacuate Collection Set: 0.1ms
[2026-02-10T17:26:09.724+0530] GC(3)   Merge Heap Roots: 0.1ms
[2026-02-10T17:26:09.724+0530] GC(3)   Evacuate Collection Set: 9.5ms
[2026-02-10T17:26:09.724+0530] GC(3)   Post Evacuate Collection Set: 0.5ms
[2026-02-10T17:26:09.724+0530] GC(3)   Other: 0.3ms
[2026-02-10T17:26:09.724+0530] GC(3) Eden regions: 64->0(55)
[2026-02-10T17:26:09.724+0530] GC(3) Survivor regions: 2->9(9)
[2026-02-10T17:26:09.724+0530] GC(3) Old regions: 8->12
[2026-02-10T17:26:09.724+0530] GC(3) Archive regions: 0->0
[2026-02-10T17:26:09.724+0530] GC(3) Humongous regions: 5->5
[2026-02-10T17:26:09.724+0530] GC(3) Metaspace: 21185K(21504K)->21185K(21504K) NonClass: 19021K(19200K)->19021K(19200K) Class: 2163K(2304K)->2163K(2304K)
[2026-02-10T17:26:09.724+0530] GC(3) Pause Young (Concurrent Start) (Metadata GC Threshold) 78M->26M(128M) 10.542ms
[2026-02-10T17:26:09.724+0530] GC(3) User=0.03s Sys=0.02s Real=0.01s
[2026-02-10T17:26:09.724+0530] GC(4) Concurrent Mark Cycle
[2026-02-10T17:26:09.724+0530] GC(4) Concurrent Clear Claimed Marks
[2026-02-10T17:26:09.724+0530] GC(4) Concurrent Clear Claimed Marks 0.041ms
[2026-02-10T17:26:09.724+0530] GC(4) Concurrent Scan Root Regions
[2026-02-10T17:26:09.728+0530] GC(4) Concurrent Scan Root Regions 4.475ms
[2026-02-10T17:26:09.728+0530] GC(4) Concurrent Mark
[2026-02-10T17:26:09.728+0530] GC(4) Concurrent Mark From Roots
[2026-02-10T17:26:09.728+0530] GC(4) Using 1 workers of 1 for marking
[2026-02-10T17:26:09.750+0530] GC(4) Concurrent Mark From Roots 21.198ms
[2026-02-10T17:26:09.750+0530] GC(4) Concurrent Preclean
[2026-02-10T17:26:09.750+0530] GC(4) Concurrent Preclean 0.061ms
[2026-02-10T17:26:09.750+0530] GC(4) Pause Remark
[2026-02-10T17:26:09.752+0530] GC(4) Pause Remark 26M->26M(128M) 2.727ms
[2026-02-10T17:26:09.752+0530] GC(4) User=0.00s Sys=0.00s Real=0.00s
[2026-02-10T17:26:09.752+0530] GC(4) Concurrent Mark 24.332ms
[2026-02-10T17:26:09.752+0530] GC(4) Concurrent Rebuild Remembered Sets
[2026-02-10T17:26:09.764+0530] GC(4) Concurrent Rebuild Remembered Sets 10.709ms
[2026-02-10T17:26:09.764+0530] GC(4) Pause Cleanup
[2026-02-10T17:26:09.764+0530] GC(4) Pause Cleanup 26M->26M(128M) 0.098ms
[2026-02-10T17:26:09.764+0530] GC(4) User=0.00s Sys=0.00s Real=0.00s
[2026-02-10T17:26:09.764+0530] GC(4) Concurrent Cleanup for Next Mark
[2026-02-10T17:26:09.765+0530] GC(4) Concurrent Cleanup for Next Mark 0.860ms
[2026-02-10T17:26:09.765+0530] GC(4) Concurrent Mark Cycle 41.064ms
[2026-02-10T17:26:10.963+0530] GC(5) Pause Young (Normal) (G1 Evacuation Pause)
[2026-02-10T17:26:10.963+0530] GC(5) Using 3 workers of 4 for evacuation
[2026-02-10T17:26:10.974+0530] GC(5)   Pre Evacuate Collection Set: 0.1ms
[2026-02-10T17:26:10.974+0530] GC(5)   Merge Heap Roots: 0.1ms
[2026-02-10T17:26:10.974+0530] GC(5)   Evacuate Collection Set: 10.1ms
[2026-02-10T17:26:10.974+0530] GC(5)   Post Evacuate Collection Set: 0.5ms
[2026-02-10T17:26:10.974+0530] GC(5)   Other: 0.2ms
[2026-02-10T17:26:10.974+0530] GC(5) Eden regions: 55->0(54)
[2026-02-10T17:26:10.974+0530] GC(5) Survivor regions: 9->4(8)
[2026-02-10T17:26:10.974+0530] GC(5) Old regions: 12->21
[2026-02-10T17:26:10.974+0530] GC(5) Archive regions: 0->0
[2026-02-10T17:26:10.974+0530] GC(5) Humongous regions: 5->5
[2026-02-10T17:26:10.974+0530] GC(5) Metaspace: 27480K(27968K)->27480K(27968K) NonClass: 24515K(24768K)->24515K(24768K) Class: 2964K(3200K)->2964K(3200K)
[2026-02-10T17:26:10.974+0530] GC(5) Pause Young (Normal) (G1 Evacuation Pause) 81M->28M(128M) 11.255ms
[2026-02-10T17:26:10.974+0530] GC(5) User=0.03s Sys=0.02s Real=0.01s
[2026-02-10T17:26:12.140+0530] GC(6) Pause Young (Concurrent Start) (Metadata GC Threshold)
[2026-02-10T17:26:12.140+0530] GC(6) Using 3 workers of 4 for evacuation
[2026-02-10T17:26:12.149+0530] GC(6)   Pre Evacuate Collection Set: 0.1ms
[2026-02-10T17:26:12.149+0530] GC(6)   Merge Heap Roots: 0.1ms
[2026-02-10T17:26:12.149+0530] GC(6)   Evacuate Collection Set: 8.8ms
[2026-02-10T17:26:12.149+0530] GC(6)   Post Evacuate Collection Set: 0.4ms
[2026-02-10T17:26:12.149+0530] GC(6)   Other: 0.2ms
[2026-02-10T17:26:12.149+0530] GC(6) Eden regions: 54->0(58)
[2026-02-10T17:26:12.149+0530] GC(6) Survivor regions: 4->6(8)
[2026-02-10T17:26:12.149+0530] GC(6) Old regions: 21->21
[2026-02-10T17:26:12.150+0530] GC(6) Archive regions: 0->0
[2026-02-10T17:26:12.150+0530] GC(6) Humongous regions: 5->5
[2026-02-10T17:26:12.150+0530] GC(6) Metaspace: 35541K(36096K)->35541K(36096K) NonClass: 31589K(31872K)->31589K(31872K) Class: 3952K(4224K)->3952K(4224K)
[2026-02-10T17:26:12.150+0530] GC(6) Pause Young (Concurrent Start) (Metadata GC Threshold) 82M->31M(128M) 9.780ms
[2026-02-10T17:26:12.150+0530] GC(6) User=0.00s Sys=0.00s Real=0.01s
[2026-02-10T17:26:12.150+0530] GC(7) Concurrent Mark Cycle
[2026-02-10T17:26:12.150+0530] GC(7) Concurrent Clear Claimed Marks
[2026-02-10T17:26:12.150+0530] GC(7) Concurrent Clear Claimed Marks 0.047ms
[2026-02-10T17:26:12.150+0530] GC(7) Concurrent Scan Root Regions
[2026-02-10T17:26:12.158+0530] GC(7) Concurrent Scan Root Regions 8.070ms
[2026-02-10T17:26:12.158+0530] GC(7) Concurrent Mark
[2026-02-10T17:26:12.158+0530] GC(7) Concurrent Mark From Roots
[2026-02-10T17:26:12.158+0530] GC(7) Using 1 workers of 1 for marking
[2026-02-10T17:26:12.195+0530] GC(7) Concurrent Mark From Roots 37.057ms
[2026-02-10T17:26:12.195+0530] GC(7) Concurrent Preclean
[2026-02-10T17:26:12.195+0530] GC(7) Concurrent Preclean 0.048ms
[2026-02-10T17:26:12.195+0530] GC(7) Pause Remark
[2026-02-10T17:26:12.202+0530] GC(7) Pause Remark 31M->31M(128M) 7.846ms
[2026-02-10T17:26:12.202+0530] GC(7) User=0.03s Sys=0.02s Real=0.01s
[2026-02-10T17:26:12.202+0530] GC(7) Concurrent Mark 45.281ms
[2026-02-10T17:26:12.202+0530] GC(7) Concurrent Rebuild Remembered Sets
[2026-02-10T17:26:12.219+0530] GC(7) Concurrent Rebuild Remembered Sets 15.099ms
[2026-02-10T17:26:12.219+0530] GC(7) Pause Cleanup
[2026-02-10T17:26:12.219+0530] GC(7) Pause Cleanup 31M->31M(128M) 0.103ms
[2026-02-10T17:26:12.219+0530] GC(7) User=0.00s Sys=0.00s Real=0.00s
[2026-02-10T17:26:12.219+0530] GC(7) Concurrent Cleanup for Next Mark
[2026-02-10T17:26:12.220+0530] GC(7) Concurrent Cleanup for Next Mark 0.937ms
[2026-02-10T17:26:12.220+0530] GC(7) Concurrent Mark Cycle 70.007ms
[2026-02-10T17:26:13.533+0530] GC(8) Pause Young (Normal) (G1 Evacuation Pause)
[2026-02-10T17:26:13.533+0530] GC(8) Using 3 workers of 4 for evacuation
[2026-02-10T17:26:13.552+0530] GC(8)   Pre Evacuate Collection Set: 0.1ms
[2026-02-10T17:26:13.552+0530] GC(8)   Merge Heap Roots: 0.1ms
[2026-02-10T17:26:13.552+0530] GC(8)   Evacuate Collection Set: 18.2ms
[2026-02-10T17:26:13.552+0530] GC(8)   Post Evacuate Collection Set: 0.5ms
[2026-02-10T17:26:13.552+0530] GC(8)   Other: 0.2ms
[2026-02-10T17:26:13.552+0530] GC(8) Eden regions: 58->0(54)
[2026-02-10T17:26:13.552+0530] GC(8) Survivor regions: 6->8(8)
[2026-02-10T17:26:13.552+0530] GC(8) Old regions: 21->25
[2026-02-10T17:26:13.552+0530] GC(8) Archive regions: 0->0
[2026-02-10T17:26:13.552+0530] GC(8) Humongous regions: 5->5
[2026-02-10T17:26:13.552+0530] GC(8) Metaspace: 36568K(37056K)->36568K(37056K) NonClass: 32576K(32832K)->32576K(32832K) Class: 3992K(4224K)->3992K(4224K)
[2026-02-10T17:26:13.552+0530] GC(8) Pause Young (Normal) (G1 Evacuation Pause) 89M->37M(128M) 19.361ms
[2026-02-10T17:26:13.552+0530] GC(8) User=0.06s Sys=0.00s Real=0.02s
[2026-02-10T17:26:14.282+0530] GC(9) Pause Young (Normal) (G1 Evacuation Pause)
[2026-02-10T17:26:14.282+0530] GC(9) Using 3 workers of 4 for evacuation
[2026-02-10T17:26:14.306+0530] GC(9)   Pre Evacuate Collection Set: 0.1ms
[2026-02-10T17:26:14.306+0530] GC(9)   Merge Heap Roots: 0.1ms
[2026-02-10T17:26:14.306+0530] GC(9)   Evacuate Collection Set: 23.3ms
[2026-02-10T17:26:14.306+0530] GC(9)   Post Evacuate Collection Set: 0.4ms
[2026-02-10T17:26:14.306+0530] GC(9)   Other: 0.2ms
[2026-02-10T17:26:14.306+0530] GC(9) Eden regions: 54->0(51)
[2026-02-10T17:26:14.306+0530] GC(9) Survivor regions: 8->8(8)
[2026-02-10T17:26:14.306+0530] GC(9) Old regions: 25->33
[2026-02-10T17:26:14.306+0530] GC(9) Archive regions: 0->0
[2026-02-10T17:26:14.306+0530] GC(9) Humongous regions: 5->5
[2026-02-10T17:26:14.306+0530] GC(9) Metaspace: 36636K(37184K)->36636K(37184K) NonClass: 32636K(32960K)->32636K(32960K) Class: 3999K(4224K)->3999K(4224K)
[2026-02-10T17:26:14.306+0530] GC(9) Pause Young (Normal) (G1 Evacuation Pause) 91M->45M(128M) 24.265ms
[2026-02-10T17:26:14.306+0530] GC(9) User=0.03s Sys=0.03s Real=0.02s
[2026-02-10T17:26:14.844+0530] GC(10) Pause Young (Normal) (G1 Evacuation Pause)
[2026-02-10T17:26:14.844+0530] GC(10) Using 3 workers of 4 for evacuation
[2026-02-10T17:26:14.869+0530] GC(10)   Pre Evacuate Collection Set: 0.1ms
[2026-02-10T17:26:14.869+0530] GC(10)   Merge Heap Roots: 0.1ms
[2026-02-10T17:26:14.869+0530] GC(10)   Evacuate Collection Set: 23.9ms
[2026-02-10T17:26:14.869+0530] GC(10)   Post Evacuate Collection Set: 0.3ms
[2026-02-10T17:26:14.869+0530] GC(10)   Other: 0.2ms
[2026-02-10T17:26:14.869+0530] GC(10) Eden regions: 51->0(45)
[2026-02-10T17:26:14.869+0530] GC(10) Survivor regions: 8->8(8)
[2026-02-10T17:26:14.869+0530] GC(10) Old regions: 33->41
[2026-02-10T17:26:14.869+0530] GC(10) Archive regions: 0->0
[2026-02-10T17:26:14.869+0530] GC(10) Humongous regions: 5->5
[2026-02-10T17:26:14.869+0530] GC(10) Metaspace: 36676K(37184K)->36676K(37184K) NonClass: 32675K(32960K)->32675K(32960K) Class: 4000K(4224K)->4000K(4224K)
[2026-02-10T17:26:14.869+0530] GC(10) Pause Young (Normal) (G1 Evacuation Pause) 96M->54M(128M) 24.765ms
[2026-02-10T17:26:14.870+0530] GC(10) User=0.06s Sys=0.00s Real=0.03s
[2026-02-10T17:26:15.337+0530] GC(11) Pause Young (Normal) (G1 Evacuation Pause)
[2026-02-10T17:26:15.337+0530] GC(11) Using 3 workers of 4 for evacuation
[2026-02-10T17:26:15.365+0530] GC(11)   Pre Evacuate Collection Set: 0.1ms
[2026-02-10T17:26:15.365+0530] GC(11)   Merge Heap Roots: 0.1ms
[2026-02-10T17:26:15.365+0530] GC(11)   Evacuate Collection Set: 27.4ms
[2026-02-10T17:26:15.365+0530] GC(11)   Post Evacuate Collection Set: 0.4ms
[2026-02-10T17:26:15.365+0530] GC(11)   Other: 0.1ms
[2026-02-10T17:26:15.365+0530] GC(11) Eden regions: 45->0(36)
[2026-02-10T17:26:15.365+0530] GC(11) Survivor regions: 8->7(7)
[2026-02-10T17:26:15.365+0530] GC(11) Old regions: 41->52
[2026-02-10T17:26:15.365+0530] GC(11) Archive regions: 0->0
[2026-02-10T17:26:15.365+0530] GC(11) Humongous regions: 5->5
[2026-02-10T17:26:15.365+0530] GC(11) Metaspace: 36708K(37248K)->36708K(37248K) NonClass: 32705K(33024K)->32705K(33024K) Class: 4003K(4224K)->4003K(4224K)
[2026-02-10T17:26:15.366+0530] GC(11) Pause Young (Normal) (G1 Evacuation Pause) 99M->63M(128M) 28.397ms
[2026-02-10T17:26:15.366+0530] GC(11) User=0.09s Sys=0.03s Real=0.03s
[2026-02-10T17:26:15.571+0530] Heap
[2026-02-10T17:26:15.571+0530]  garbage-first heap   total 131072K, used 87293K [0x00000000f8000000, 0x0000000100000000)
[2026-02-10T17:26:15.571+0530]   region size 1024K, 29 young (29696K), 7 survivors (7168K)
[2026-02-10T17:26:15.571+0530]  Metaspace       used 36801K, committed 37312K, reserved 1114112K
[2026-02-10T17:26:15.571+0530]   class space    used 4014K, committed 4288K, reserved 1048576K
