[2026-02-10T17:29:02.861+0530] Using G1
[2026-02-10T17:29:02.864+0530] Version: 17.0.12+8-LTS-286 (release)
[2026-02-10T17:29:02.864+0530] CPUs: 8 total, 4 available
[2026-02-10T17:29:02.864+0530] Memory: 7914M
[2026-02-10T17:29:02.864+0530] Large Page Support: Disabled
[2026-02-10T17:29:02.864+0530] NUMA Support: Disabled
[2026-02-10T17:29:02.864+0530] Compressed Oops: Enabled (32-bit)
[2026-02-10T17:29:02.864+0530] Heap Region Size: 1M
[2026-02-10T17:29:02.864+0530] Heap Min Capacity: 256M
[2026-02-10T17:29:02.864+0530] Heap Initial Capacity: 256M
[2026-02-10T17:29:02.864+0530] Heap Max Capacity: 256M
[2026-02-10T17:29:02.864+0530] Pre-touch: Disabled
[2026-02-10T17:29:02.864+0530] Parallel Workers: 4
[2026-02-10T17:29:02.865+0530] Concurrent Workers: 1
[2026-02-10T17:29:02.865+0530] Concurrent Refinement Workers: 4
[2026-02-10T17:29:02.865+0530] Periodic GC: Disabled
[2026-02-10T17:29:02.879+0530] CDS archive(s) mapped at: [0x000001c256000000-0x000001c256bd0000-0x000001c256bd0000), size 12386304, SharedBaseAddress: 0x000001c256000000, ArchiveRelocationMode: 1.
[2026-02-10T17:29:02.879+0530] Compressed class space mapped at: 0x000001c257000000-0x000001c297000000, reserved size: 1073741824
[2026-02-10T17:29:02.879+0530] Narrow klass base: 0x000001c256000000, Narrow klass shift: 0, Narrow klass range: 0x100000000
[2026-02-10T17:29:03.614+0530] GC(0) Pause Young (Normal) (G1 Evacuation Pause)
[2026-02-10T17:29:03.615+0530] GC(0) Using 4 workers of 4 for evacuation
[2026-02-10T17:29:03.622+0530] GC(0)   Pre Evacuate Collection Set: 0.1ms
[2026-02-10T17:29:03.623+0530] GC(0)   Merge Heap Roots: 0.1ms
[2026-02-10T17:29:03.623+0530] GC(0)   Evacuate Collection Set: 6.6ms
[2026-02-10T17:29:03.623+0530] GC(0)   Post Evacuate Collection Set: 0.4ms
[2026-02-10T17:29:03.623+0530] GC(0)   Other: 0.5ms
[2026-02-10T17:29:03.623+0530] GC(0) Eden regions: 13->0(13)
[2026-02-10T17:29:03.623+0530] GC(0) Survivor regions: 0->2(2)
[2026-02-10T17:29:03.623+0530] GC(0) Old regions: 0->3
[2026-02-10T17:29:03.623+0530] GC(0) Archive regions: 0->0
[2026-02-10T17:29:03.623+0530] GC(0) Humongous regions: 5->5
[2026-02-10T17:29:03.623+0530] GC(0) Metaspace: 4479K(4672K)->4479K(4672K) NonClass: 3999K(4096K)->3999K(4096K) Class: 480K(576K)->480K(576K)
[2026-02-10T17:29:03.623+0530] GC(0) Pause Young (Normal) (G1 Evacuation Pause) 18M->9M(256M) 7.871ms
[2026-02-10T17:29:03.623+0530] GC(0) User=0.00s Sys=0.00s Real=0.01s
[2026-02-10T17:29:03.809+0530] GC(1) Pause Young (Normal) (G1 Evacuation Pause)
[2026-02-10T17:29:03.809+0530] GC(1) Using 4 workers of 4 for evacuation
[2026-02-10T17:29:03.818+0530] GC(1)   Pre Evacuate Collection Set: 0.1ms
[2026-02-10T17:29:03.818+0530] GC(1)   Merge Heap Roots: 0.1ms
[2026-02-10T17:29:03.818+0530] GC(1)   Evacuate Collection Set: 8.3ms
[2026-02-10T17:29:03.818+0530] GC(1)   Post Evacuate Collection Set: 0.3ms
[2026-02-10T17:29:03.818+0530] GC(1)   Other: 0.2ms
[2026-02-10T17:29:03.818+0530] GC(1) Eden regions: 13->0(18)
[2026-02-10T17:29:03.818+0530] GC(1) Survivor regions: 2->2(2)
[2026-02-10T17:29:03.818+0530] GC(1) Old regions: 3->6
[2026-02-10T17:29:03.818+0530] GC(1) Archive regions: 0->0
[2026-02-10T17:29:03.818+0530] GC(1) Humongous regions: 5->5
[2026-02-10T17:29:03.818+0530] GC(1) Metaspace: 6007K(6144K)->6007K(6144K) NonClass: 5349K(5440K)->5349K(5440K) Class: 657K(704K)->657K(704K)
[2026-02-10T17:29:03.818+0530] GC(1) Pause Young (Normal) (G1 Evacuation Pause) 22M->12M(256M) 9.109ms
[2026-02-10T17:29:03.818+0530] GC(1) User=0.06s Sys=0.00s Real=0.01s
[2026-02-10T17:29:04.289+0530] GC(2) Pause Young (Normal) (G1 Evacuation Pause)
[2026-02-10T17:29:04.289+0530] GC(2) Using 4 workers of 4 for evacuation
[2026-02-10T17:29:04.296+0530] GC(2)   Pre Evacuate Collection Set: 0.1ms
[2026-02-10T17:29:04.296+0530] GC(2)   Merge Heap Roots: 0.1ms
[2026-02-10T17:29:04.296+0530] GC(2)   Evacuate Collection Set: 6.5ms
[2026-02-10T17:29:04.296+0530] GC(2)   Post Evacuate Collection Set: 0.3ms
[2026-02-10T17:29:04.296+0530] GC(2)   Other: 0.2ms
[2026-02-10T17:29:04.296+0530] GC(2) Eden regions: 18->0(94)
[2026-02-10T17:29:04.296+0530] GC(2) Survivor regions: 2->2(3)
[2026-02-10T17:29:04.296+0530] GC(2) Old regions: 6->8
[2026-02-10T17:29:04.296+0530] GC(2) Archive regions: 0->0
[2026-02-10T17:29:04.296+0530] GC(2) Humongous regions: 5->5
[2026-02-10T17:29:04.296+0530] GC(2) Metaspace: 11397K(11584K)->11397K(11584K) NonClass: 10114K(10176K)->10114K(10176K) Class: 1283K(1408K)->1283K(1408K)
[2026-02-10T17:29:04.296+0530] GC(2) Pause Young (Normal) (G1 Evacuation Pause) 30M->14M(256M) 7.399ms
[2026-02-10T17:29:04.296+0530] GC(2) User=0.06s Sys=0.00s Real=0.01s
[2026-02-10T17:29:05.792+0530] GC(3) Pause Young (Concurrent Start) (Metadata GC Threshold)
[2026-02-10T17:29:05.792+0530] GC(3) Using 4 workers of 4 for evacuation
[2026-02-10T17:29:05.805+0530] GC(3)   Pre Evacuate Collection Set: 0.1ms
[2026-02-10T17:29:05.805+0530] GC(3)   Merge Heap Roots: 0.1ms
[2026-02-10T17:29:05.805+0530] GC(3)   Evacuate Collection Set: 11.6ms
[2026-02-10T17:29:05.805+0530] GC(3)   Post Evacuate Collection Set: 0.7ms
[2026-02-10T17:29:05.805+0530] GC(3)   Other: 0.2ms
[2026-02-10T17:29:05.805+0530] GC(3) Eden regions: 64->0(107)
[2026-02-10T17:29:05.805+0530] GC(3) Survivor regions: 2->12(12)
[2026-02-10T17:29:05.805+0530] GC(3) Old regions: 8->9
[2026-02-10T17:29:05.805+0530] GC(3) Archive regions: 0->0
[2026-02-10T17:29:05.805+0530] GC(3) Humongous regions: 5->5
[2026-02-10T17:29:05.805+0530] GC(3) Metaspace: 21267K(21504K)->21267K(21504K) NonClass: 19095K(19200K)->19095K(19200K) Class: 2171K(2304K)->2171K(2304K)
[2026-02-10T17:29:05.805+0530] GC(3) Pause Young (Concurrent Start) (Metadata GC Threshold) 77M->25M(256M) 12.924ms
[2026-02-10T17:29:05.805+0530] GC(3) User=0.05s Sys=0.02s Real=0.01s
[2026-02-10T17:29:05.805+0530] GC(4) Concurrent Mark Cycle
[2026-02-10T17:29:05.805+0530] GC(4) Concurrent Clear Claimed Marks
[2026-02-10T17:29:05.805+0530] GC(4) Concurrent Clear Claimed Marks 0.036ms
[2026-02-10T17:29:05.805+0530] GC(4) Concurrent Scan Root Regions
[2026-02-10T17:29:05.810+0530] GC(4) Concurrent Scan Root Regions 5.316ms
[2026-02-10T17:29:05.810+0530] GC(4) Concurrent Mark
[2026-02-10T17:29:05.810+0530] GC(4) Concurrent Mark From Roots
[2026-02-10T17:29:05.810+0530] GC(4) Using 1 workers of 1 for marking
[2026-02-10T17:29:05.836+0530] GC(4) Concurrent Mark From Roots 25.856ms
[2026-02-10T17:29:05.836+0530] GC(4) Concurrent Preclean
[2026-02-10T17:29:05.836+0530] GC(4) Concurrent Preclean 0.076ms
[2026-02-10T17:29:05.836+0530] GC(4) Pause Remark
[2026-02-10T17:29:05.842+0530] GC(4) Pause Remark 26M->26M(256M) 4.852ms
[2026-02-10T17:29:05.842+0530] GC(4) User=0.00s Sys=0.00s Real=0.01s
[2026-02-10T17:29:05.842+0530] GC(4) Concurrent Mark 31.421ms
[2026-02-10T17:29:05.842+0530] GC(4) Concurrent Rebuild Remembered Sets
[2026-02-10T17:29:05.855+0530] GC(4) Concurrent Rebuild Remembered Sets 12.840ms
[2026-02-10T17:29:05.855+0530] GC(4) Pause Cleanup
[2026-02-10T17:29:05.855+0530] GC(4) Pause Cleanup 26M->26M(256M) 0.177ms
[2026-02-10T17:29:05.856+0530] GC(4) User=0.00s Sys=0.00s Real=0.00s
[2026-02-10T17:29:05.856+0530] GC(4) Concurrent Cleanup for Next Mark
[2026-02-10T17:29:05.858+0530] GC(4) Concurrent Cleanup for Next Mark 2.708ms
[2026-02-10T17:29:05.858+0530] GC(4) Concurrent Mark Cycle 53.162ms
[2026-02-10T17:29:08.186+0530] GC(5) Pause Young (Normal) (G1 Evacuation Pause)
[2026-02-10T17:29:08.186+0530] GC(5) Using 4 workers of 4 for evacuation
[2026-02-10T17:29:08.201+0530] GC(5)   Pre Evacuate Collection Set: 0.1ms
[2026-02-10T17:29:08.201+0530] GC(5)   Merge Heap Roots: 0.1ms
[2026-02-10T17:29:08.201+0530] GC(5)   Evacuate Collection Set: 12.8ms
[2026-02-10T17:29:08.201+0530] GC(5)   Post Evacuate Collection Set: 0.8ms
[2026-02-10T17:29:08.201+0530] GC(5)   Other: 0.2ms
[2026-02-10T17:29:08.201+0530] GC(5) Eden regions: 107->0(147)
[2026-02-10T17:29:08.201+0530] GC(5) Survivor regions: 12->6(15)
[2026-02-10T17:29:08.201+0530] GC(5) Old regions: 9->20
[2026-02-10T17:29:08.201+0530] GC(5) Archive regions: 0->0
[2026-02-10T17:29:08.201+0530] GC(5) Humongous regions: 5->5
[2026-02-10T17:29:08.201+0530] GC(5) Metaspace: 35203K(35776K)->35203K(35776K) NonClass: 31302K(31616K)->31302K(31616K) Class: 3901K(4160K)->3901K(4160K)
[2026-02-10T17:29:08.201+0530] GC(5) Pause Young (Normal) (G1 Evacuation Pause) 132M->30M(256M) 14.356ms
[2026-02-10T17:29:08.201+0530] GC(5) User=0.00s Sys=0.00s Real=0.01s
[2026-02-10T17:29:08.340+0530] GC(6) Pause Young (Concurrent Start) (Metadata GC Threshold)
[2026-02-10T17:29:08.340+0530] GC(6) Using 4 workers of 4 for evacuation
[2026-02-10T17:29:08.347+0530] GC(6)   Pre Evacuate Collection Set: 0.1ms
[2026-02-10T17:29:08.347+0530] GC(6)   Merge Heap Roots: 0.1ms
[2026-02-10T17:29:08.347+0530] GC(6)   Evacuate Collection Set: 6.5ms
[2026-02-10T17:29:08.347+0530] GC(6)   Post Evacuate Collection Set: 0.4ms
[2026-02-10T17:29:08.347+0530] GC(6)   Other: 0.1ms
[2026-02-10T17:29:08.347+0530] GC(6) Eden regions: 4->0(147)
[2026-02-10T17:29:08.347+0530] GC(6) Survivor regions: 6->6(20)
[2026-02-10T17:29:08.347+0530] GC(6) Old regions: 20->20
[2026-02-10T17:29:08.347+0530] GC(6) Archive regions: 0->0
[2026-02-10T17:29:08.347+0530] GC(6) Humongous regions: 5->5
[2026-02-10T17:29:08.347+0530] GC(6) Metaspace: 35636K(36096K)->35636K(36096K) NonClass: 31692K(31936K)->31692K(31936K) Class: 3943K(4160K)->3943K(4160K)
[2026-02-10T17:29:08.347+0530] GC(6) Pause Young (Concurrent Start) (Metadata GC Threshold) 34M->30M(256M) 7.385ms
[2026-02-10T17:29:08.347+0530] GC(6) User=0.06s Sys=0.00s Real=0.01s
[2026-02-10T17:29:08.347+0530] GC(7) Concurrent Mark Cycle
[2026-02-10T17:29:08.347+0530] GC(7) Concurrent Clear Claimed Marks
[2026-02-10T17:29:08.347+0530] GC(7) Concurrent Clear Claimed Marks 0.035ms
[2026-02-10T17:29:08.347+0530] GC(7) Concurrent Scan Root Regions
[2026-02-10T17:29:08.354+0530] GC(7) Concurrent Scan Root Regions 6.787ms
[2026-02-10T17:29:08.354+0530] GC(7) Concurrent Mark
[2026-02-10T17:29:08.354+0530] GC(7) Concurrent Mark From Roots
[2026-02-10T17:29:08.354+0530] GC(7) Using 1 workers of 1 for marking
[2026-02-10T17:29:08.387+0530] GC(7) Concurrent Mark From Roots 32.332ms
[2026-02-10T17:29:08.387+0530] GC(7) Concurrent Preclean
[2026-02-10T17:29:08.387+0530] GC(7) Concurrent Preclean 0.049ms
[2026-02-10T17:29:08.387+0530] GC(7) Pause Remark
[2026-02-10T17:29:08.394+0530] GC(7) Pause Remark 31M->31M(256M) 7.925ms
[2026-02-10T17:29:08.394+0530] GC(7) User=0.02s Sys=0.03s Real=0.01s
[2026-02-10T17:29:08.394+0530] GC(7) Concurrent Mark 40.670ms
[2026-02-10T17:29:08.394+0530] GC(7) Concurrent Rebuild Remembered Sets
[2026-02-10T17:29:08.409+0530] GC(7) Concurrent Rebuild Remembered Sets 13.280ms
[2026-02-10T17:29:08.409+0530] GC(7) Pause Cleanup
[2026-02-10T17:29:08.409+0530] GC(7) Pause Cleanup 31M->31M(256M) 0.100ms
[2026-02-10T17:29:08.409+0530] GC(7) User=0.00s Sys=0.00s Real=0.00s
[2026-02-10T17:29:08.409+0530] GC(7) Concurrent Cleanup for Next Mark
[2026-02-10T17:29:08.410+0530] GC(7) Concurrent Cleanup for Next Mark 1.562ms
[2026-02-10T17:29:08.411+0530] GC(7) Concurrent Mark Cycle 62.973ms
[2026-02-10T17:29:10.786+0530] GC(8) Pause Young (Normal) (G1 Evacuation Pause)
[2026-02-10T17:29:10.786+0530] GC(8) Using 4 workers of 4 for evacuation
[2026-02-10T17:29:10.850+0530] GC(8)   Pre Evacuate Collection Set: 0.1ms
[2026-02-10T17:29:10.851+0530] GC(8)   Merge Heap Roots: 0.1ms
[2026-02-10T17:29:10.851+0530] GC(8)   Evacuate Collection Set: 64.1ms
[2026-02-10T17:29:10.851+0530] GC(8)   Post Evacuate Collection Set: 0.9ms
[2026-02-10T17:29:10.851+0530] GC(8)   Other: 0.2ms
[2026-02-10T17:29:10.851+0530] GC(8) Eden regions: 147->0(130)
[2026-02-10T17:29:10.851+0530] GC(8) Survivor regions: 6->20(20)
[2026-02-10T17:29:10.851+0530] GC(8) Old regions: 20->25
[2026-02-10T17:29:10.851+0530] GC(8) Archive regions: 0->0
[2026-02-10T17:29:10.851+0530] GC(8) Humongous regions: 5->5
[2026-02-10T17:29:10.851+0530] GC(8) Metaspace: 36794K(37312K)->36794K(37312K) NonClass: 32800K(33088K)->32800K(33088K) Class: 3994K(4224K)->3994K(4224K)
[2026-02-10T17:29:10.851+0530] GC(8) Pause Young (Normal) (G1 Evacuation Pause) 177M->49M(256M) 65.547ms
[2026-02-10T17:29:10.851+0530] GC(8) User=0.23s Sys=0.02s Real=0.07s
[2026-02-10T17:29:11.888+0530] Heap
[2026-02-10T17:29:11.888+0530]  garbage-first heap   total 262144K, used 135693K [0x00000000f0000000, 0x0000000100000000)
[2026-02-10T17:29:11.888+0530]   region size 1024K, 103 young (105472K), 20 survivors (20480K)
[2026-02-10T17:29:11.888+0530]  Metaspace       used 36938K, committed 37440K, reserved 1114112K
[2026-02-10T17:29:11.888+0530]   class space    used 4009K, committed 4224K, reserved 1048576K
