[2026-02-10T17:24:38.068+0530] Using G1
[2026-02-10T17:24:38.071+0530] Version: 17.0.12+8-LTS-286 (release)
[2026-02-10T17:24:38.071+0530] CPUs: 8 total, 4 available
[2026-02-10T17:24:38.071+0530] Memory: 7914M
[2026-02-10T17:24:38.071+0530] Large Page Support: Disabled
[2026-02-10T17:24:38.071+0530] NUMA Support: Disabled
[2026-02-10T17:24:38.071+0530] Compressed Oops: Enabled (32-bit)
[2026-02-10T17:24:38.071+0530] Heap Region Size: 1M
[2026-02-10T17:24:38.071+0530] Heap Min Capacity: 128M
[2026-02-10T17:24:38.071+0530] Heap Initial Capacity: 128M
[2026-02-10T17:24:38.071+0530] Heap Max Capacity: 128M
[2026-02-10T17:24:38.071+0530] Pre-touch: Disabled
[2026-02-10T17:24:38.071+0530] Parallel Workers: 4
[2026-02-10T17:24:38.071+0530] Concurrent Workers: 1
[2026-02-10T17:24:38.071+0530] Concurrent Refinement Workers: 4
[2026-02-10T17:24:38.071+0530] Periodic GC: Disabled
[2026-02-10T17:24:38.089+0530] CDS archive(s) mapped at: [0x0000013b80000000-0x0000013b80bd0000-0x0000013b80bd0000), size 12386304, SharedBaseAddress: 0x0000013b80000000, ArchiveRelocationMode: 1.
[2026-02-10T17:24:38.089+0530] Compressed class space mapped at: 0x0000013b81000000-0x0000013bc1000000, reserved size: 1073741824
[2026-02-10T17:24:38.089+0530] Narrow klass base: 0x0000013b80000000, Narrow klass shift: 0, Narrow klass range: 0x100000000
[2026-02-10T17:24:38.675+0530] GC(0) Pause Young (Normal) (G1 Evacuation Pause)
[2026-02-10T17:24:38.675+0530] GC(0) Using 3 workers of 4 for evacuation
[2026-02-10T17:24:38.682+0530] GC(0)   Pre Evacuate Collection Set: 0.1ms
[2026-02-10T17:24:38.683+0530] GC(0)   Merge Heap Roots: 0.1ms
[2026-02-10T17:24:38.683+0530] GC(0)   Evacuate Collection Set: 6.8ms
[2026-02-10T17:24:38.683+0530] GC(0)   Post Evacuate Collection Set: 0.6ms
[2026-02-10T17:24:38.683+0530] GC(0)   Other: 0.4ms
[2026-02-10T17:24:38.683+0530] GC(0) Eden regions: 13->0(13)
[2026-02-10T17:24:38.683+0530] GC(0) Survivor regions: 0->2(2)
[2026-02-10T17:24:38.683+0530] GC(0) Old regions: 0->3
[2026-02-10T17:24:38.683+0530] GC(0) Archive regions: 0->0
[2026-02-10T17:24:38.683+0530] GC(0) Humongous regions: 5->5
[2026-02-10T17:24:38.683+0530] GC(0) Metaspace: 4451K(4672K)->4451K(4672K) NonClass: 3970K(4096K)->3970K(4096K) Class: 480K(576K)->480K(576K)
[2026-02-10T17:24:38.683+0530] GC(0) Pause Young (Normal) (G1 Evacuation Pause) 18M->9M(128M) 8.097ms
[2026-02-10T17:24:38.683+0530] GC(0) User=0.00s Sys=0.00s Real=0.01s
[2026-02-10T17:24:38.890+0530] GC(1) Pause Young (Normal) (G1 Evacuation Pause)
[2026-02-10T17:24:38.890+0530] GC(1) Using 3 workers of 4 for evacuation
[2026-02-10T17:24:38.900+0530] GC(1)   Pre Evacuate Collection Set: 0.1ms
[2026-02-10T17:24:38.900+0530] GC(1)   Merge Heap Roots: 0.1ms
[2026-02-10T17:24:38.900+0530] GC(1)   Evacuate Collection Set: 9.1ms
[2026-02-10T17:24:38.900+0530] GC(1)   Post Evacuate Collection Set: 0.3ms
[2026-02-10T17:24:38.900+0530] GC(1)   Other: 0.2ms
[2026-02-10T17:24:38.900+0530] GC(1) Eden regions: 13->0(18)
[2026-02-10T17:24:38.900+0530] GC(1) Survivor regions: 2->2(2)
[2026-02-10T17:24:38.900+0530] GC(1) Old regions: 3->6
[2026-02-10T17:24:38.900+0530] GC(1) Archive regions: 0->0
[2026-02-10T17:24:38.900+0530] GC(1) Humongous regions: 5->5
[2026-02-10T17:24:38.900+0530] GC(1) Metaspace: 6000K(6144K)->6000K(6144K) NonClass: 5342K(5440K)->5342K(5440K) Class: 657K(704K)->657K(704K)
[2026-02-10T17:24:38.900+0530] GC(1) Pause Young (Normal) (G1 Evacuation Pause) 22M->12M(128M) 9.934ms
[2026-02-10T17:24:38.900+0530] GC(1) User=0.03s Sys=0.00s Real=0.01s
[2026-02-10T17:24:39.517+0530] GC(2) Pause Young (Normal) (G1 Evacuation Pause)
[2026-02-10T17:24:39.517+0530] GC(2) Using 3 workers of 4 for evacuation
[2026-02-10T17:24:39.525+0530] GC(2)   Pre Evacuate Collection Set: 0.2ms
[2026-02-10T17:24:39.525+0530] GC(2)   Merge Heap Roots: 0.1ms
[2026-02-10T17:24:39.525+0530] GC(2)   Evacuate Collection Set: 6.9ms
[2026-02-10T17:24:39.525+0530] GC(2)   Post Evacuate Collection Set: 0.5ms
[2026-02-10T17:24:39.525+0530] GC(2)   Other: 0.2ms
[2026-02-10T17:24:39.525+0530] GC(2) Eden regions: 18->0(70)
[2026-02-10T17:24:39.527+0530] GC(2) Survivor regions: 2->2(3)
[2026-02-10T17:24:39.527+0530] GC(2) Old regions: 6->8
[2026-02-10T17:24:39.527+0530] GC(2) Archive regions: 0->0
[2026-02-10T17:24:39.527+0530] GC(2) Humongous regions: 5->5
[2026-02-10T17:24:39.527+0530] GC(2) Metaspace: 11398K(11584K)->11398K(11584K) NonClass: 10113K(10176K)->10113K(10176K) Class: 1285K(1408K)->1285K(1408K)
[2026-02-10T17:24:39.527+0530] GC(2) Pause Young (Normal) (G1 Evacuation Pause) 30M->14M(128M) 8.655ms
[2026-02-10T17:24:39.527+0530] GC(2) User=0.00s Sys=0.00s Real=0.01s
[2026-02-10T17:24:41.391+0530] GC(3) Pause Young (Concurrent Start) (Metadata GC Threshold)
[2026-02-10T17:24:41.391+0530] GC(3) Using 3 workers of 4 for evacuation
[2026-02-10T17:24:41.402+0530] GC(3)   Pre Evacuate Collection Set: 0.1ms
[2026-02-10T17:24:41.402+0530] GC(3)   Merge Heap Roots: 0.1ms
[2026-02-10T17:24:41.402+0530] GC(3)   Evacuate Collection Set: 9.9ms
[2026-02-10T17:24:41.402+0530] GC(3)   Post Evacuate Collection Set: 0.5ms
[2026-02-10T17:24:41.402+0530] GC(3)   Other: 0.4ms
[2026-02-10T17:24:41.402+0530] GC(3) Eden regions: 64->0(55)
[2026-02-10T17:24:41.402+0530] GC(3) Survivor regions: 2->9(9)
[2026-02-10T17:24:41.402+0530] GC(3) Old regions: 8->13
[2026-02-10T17:24:41.402+0530] GC(3) Archive regions: 0->0
[2026-02-10T17:24:41.402+0530] GC(3) Humongous regions: 5->5
[2026-02-10T17:24:41.402+0530] GC(3) Metaspace: 21273K(21504K)->21273K(21504K) NonClass: 19097K(19200K)->19097K(19200K) Class: 2175K(2304K)->2175K(2304K)
[2026-02-10T17:24:41.402+0530] GC(3) Pause Young (Concurrent Start) (Metadata GC Threshold) 78M->26M(128M) 11.026ms
[2026-02-10T17:24:41.402+0530] GC(3) User=0.00s Sys=0.00s Real=0.01s
[2026-02-10T17:24:41.402+0530] GC(4) Concurrent Mark Cycle
[2026-02-10T17:24:41.402+0530] GC(4) Concurrent Clear Claimed Marks
[2026-02-10T17:24:41.402+0530] GC(4) Concurrent Clear Claimed Marks 0.033ms
[2026-02-10T17:24:41.402+0530] GC(4) Concurrent Scan Root Regions
[2026-02-10T17:24:41.407+0530] GC(4) Concurrent Scan Root Regions 4.243ms
[2026-02-10T17:24:41.407+0530] GC(4) Concurrent Mark
[2026-02-10T17:24:41.407+0530] GC(4) Concurrent Mark From Roots
[2026-02-10T17:24:41.407+0530] GC(4) Using 1 workers of 1 for marking
[2026-02-10T17:24:41.430+0530] GC(4) Concurrent Mark From Roots 22.660ms
[2026-02-10T17:24:41.430+0530] GC(4) Concurrent Preclean
[2026-02-10T17:24:41.430+0530] GC(4) Concurrent Preclean 0.042ms
[2026-02-10T17:24:41.430+0530] GC(4) Pause Remark
[2026-02-10T17:24:41.433+0530] GC(4) Pause Remark 26M->26M(128M) 3.085ms
[2026-02-10T17:24:41.433+0530] GC(4) User=0.00s Sys=0.00s Real=0.00s
[2026-02-10T17:24:41.433+0530] GC(4) Concurrent Mark 26.173ms
[2026-02-10T17:24:41.433+0530] GC(4) Concurrent Rebuild Remembered Sets
[2026-02-10T17:24:41.445+0530] GC(4) Concurrent Rebuild Remembered Sets 12.625ms
[2026-02-10T17:24:41.446+0530] GC(4) Pause Cleanup
[2026-02-10T17:24:41.446+0530] GC(4) Pause Cleanup 26M->26M(128M) 0.121ms
[2026-02-10T17:24:41.446+0530] GC(4) User=0.00s Sys=0.00s Real=0.00s
[2026-02-10T17:24:41.446+0530] GC(4) Concurrent Cleanup for Next Mark
[2026-02-10T17:24:41.448+0530] GC(4) Concurrent Cleanup for Next Mark 1.265ms
[2026-02-10T17:24:41.448+0530] GC(4) Concurrent Mark Cycle 45.584ms
[2026-02-10T17:24:43.442+0530] GC(5) Pause Young (Normal) (G1 Evacuation Pause)
[2026-02-10T17:24:43.442+0530] GC(5) Using 3 workers of 4 for evacuation
[2026-02-10T17:24:43.463+0530] GC(5)   Pre Evacuate Collection Set: 0.1ms
[2026-02-10T17:24:43.463+0530] GC(5)   Merge Heap Roots: 0.1ms
[2026-02-10T17:24:43.463+0530] GC(5)   Evacuate Collection Set: 19.1ms
[2026-02-10T17:24:43.463+0530] GC(5)   Post Evacuate Collection Set: 0.5ms
[2026-02-10T17:24:43.463+0530] GC(5)   Other: 0.2ms
[2026-02-10T17:24:43.463+0530] GC(5) Eden regions: 55->0(55)
[2026-02-10T17:24:43.463+0530] GC(5) Survivor regions: 9->4(8)
[2026-02-10T17:24:43.463+0530] GC(5) Old regions: 13->21
[2026-02-10T17:24:43.463+0530] GC(5) Archive regions: 0->0
[2026-02-10T17:24:43.463+0530] GC(5) Humongous regions: 5->5
[2026-02-10T17:24:43.463+0530] GC(5) Metaspace: 27696K(28160K)->27696K(28160K) NonClass: 24724K(24960K)->24724K(24960K) Class: 2971K(3200K)->2971K(3200K)
[2026-02-10T17:24:43.463+0530] GC(5) Pause Young (Normal) (G1 Evacuation Pause) 81M->28M(128M) 20.417ms
[2026-02-10T17:24:43.463+0530] GC(5) User=0.05s Sys=0.00s Real=0.02s
[2026-02-10T17:24:44.672+0530] GC(6) Pause Young (Concurrent Start) (Metadata GC Threshold)
[2026-02-10T17:24:44.672+0530] GC(6) Using 3 workers of 4 for evacuation
[2026-02-10T17:24:44.680+0530] GC(6)   Pre Evacuate Collection Set: 0.1ms
[2026-02-10T17:24:44.680+0530] GC(6)   Merge Heap Roots: 0.1ms
[2026-02-10T17:24:44.680+0530] GC(6)   Evacuate Collection Set: 8.4ms
[2026-02-10T17:24:44.680+0530] GC(6)   Post Evacuate Collection Set: 0.4ms
[2026-02-10T17:24:44.680+0530] GC(6)   Other: 0.2ms
[2026-02-10T17:24:44.680+0530] GC(6) Eden regions: 54->0(58)
[2026-02-10T17:24:44.680+0530] GC(6) Survivor regions: 4->6(8)
[2026-02-10T17:24:44.680+0530] GC(6) Old regions: 21->21
[2026-02-10T17:24:44.680+0530] GC(6) Archive regions: 0->0
[2026-02-10T17:24:44.680+0530] GC(6) Humongous regions: 5->5
[2026-02-10T17:24:44.680+0530] GC(6) Metaspace: 35638K(36160K)->35638K(36160K) NonClass: 31682K(31936K)->31682K(31936K) Class: 3956K(4224K)->3956K(4224K)
[2026-02-10T17:24:44.680+0530] GC(6) Pause Young (Concurrent Start) (Metadata GC Threshold) 82M->31M(128M) 9.316ms
[2026-02-10T17:24:44.680+0530] GC(6) User=0.00s Sys=0.00s Real=0.01s
[2026-02-10T17:24:44.680+0530] GC(7) Concurrent Mark Cycle
[2026-02-10T17:24:44.680+0530] GC(7) Concurrent Clear Claimed Marks
[2026-02-10T17:24:44.680+0530] GC(7) Concurrent Clear Claimed Marks 0.036ms
[2026-02-10T17:24:44.681+0530] GC(7) Concurrent Scan Root Regions
[2026-02-10T17:24:44.688+0530] GC(7) Concurrent Scan Root Regions 7.487ms
[2026-02-10T17:24:44.688+0530] GC(7) Concurrent Mark
[2026-02-10T17:24:44.688+0530] GC(7) Concurrent Mark From Roots
[2026-02-10T17:24:44.688+0530] GC(7) Using 1 workers of 1 for marking
[2026-02-10T17:24:44.722+0530] GC(7) Concurrent Mark From Roots 33.830ms
[2026-02-10T17:24:44.722+0530] GC(7) Concurrent Preclean
[2026-02-10T17:24:44.722+0530] GC(7) Concurrent Preclean 0.073ms
[2026-02-10T17:24:44.722+0530] GC(7) Pause Remark
[2026-02-10T17:24:44.732+0530] GC(7) Pause Remark 32M->32M(128M) 9.229ms
[2026-02-10T17:24:44.732+0530] GC(7) User=0.00s Sys=0.00s Real=0.01s
[2026-02-10T17:24:44.732+0530] GC(7) Concurrent Mark 44.156ms
[2026-02-10T17:24:44.732+0530] GC(7) Concurrent Rebuild Remembered Sets
[2026-02-10T17:24:44.749+0530] GC(7) Concurrent Rebuild Remembered Sets 15.540ms
[2026-02-10T17:24:44.749+0530] GC(7) Pause Cleanup
[2026-02-10T17:24:44.749+0530] GC(7) Pause Cleanup 32M->32M(128M) 0.113ms
[2026-02-10T17:24:44.749+0530] GC(7) User=0.02s Sys=0.00s Real=0.00s
[2026-02-10T17:24:44.749+0530] GC(7) Concurrent Cleanup for Next Mark
[2026-02-10T17:24:44.750+0530] GC(7) Concurrent Cleanup for Next Mark 1.078ms
[2026-02-10T17:24:44.750+0530] GC(7) Concurrent Mark Cycle 68.860ms
[2026-02-10T17:24:46.386+0530] GC(8) Pause Young (Normal) (G1 Evacuation Pause)
[2026-02-10T17:24:46.386+0530] GC(8) Using 3 workers of 4 for evacuation
[2026-02-10T17:24:46.412+0530] GC(8)   Pre Evacuate Collection Set: 0.1ms
[2026-02-10T17:24:46.412+0530] GC(8)   Merge Heap Roots: 0.2ms
[2026-02-10T17:24:46.412+0530] GC(8)   Evacuate Collection Set: 25.1ms
[2026-02-10T17:24:46.412+0530] GC(8)   Post Evacuate Collection Set: 0.6ms
[2026-02-10T17:24:46.412+0530] GC(8)   Other: 0.5ms
[2026-02-10T17:24:46.412+0530] GC(8) Eden regions: 58->0(55)
[2026-02-10T17:24:46.412+0530] GC(8) Survivor regions: 6->8(8)
[2026-02-10T17:24:46.412+0530] GC(8) Old regions: 21->25
[2026-02-10T17:24:46.413+0530] GC(8) Archive regions: 0->0
[2026-02-10T17:24:46.413+0530] GC(8) Humongous regions: 5->5
[2026-02-10T17:24:46.413+0530] GC(8) Metaspace: 36689K(37184K)->36689K(37184K) NonClass: 32696K(32960K)->32696K(32960K) Class: 3993K(4224K)->3993K(4224K)
[2026-02-10T17:24:46.413+0530] GC(8) Pause Young (Normal) (G1 Evacuation Pause) 89M->37M(128M) 26.775ms
[2026-02-10T17:24:46.413+0530] GC(8) User=0.09s Sys=0.02s Real=0.03s
[2026-02-10T17:24:47.800+0530] GC(9) Pause Young (Normal) (G1 Evacuation Pause)
[2026-02-10T17:24:47.800+0530] GC(9) Using 3 workers of 4 for evacuation
[2026-02-10T17:24:47.839+0530] GC(9)   Pre Evacuate Collection Set: 0.1ms
[2026-02-10T17:24:47.839+0530] GC(9)   Merge Heap Roots: 0.2ms
[2026-02-10T17:24:47.839+0530] GC(9)   Evacuate Collection Set: 37.9ms
[2026-02-10T17:24:47.839+0530] GC(9)   Post Evacuate Collection Set: 0.6ms
[2026-02-10T17:24:47.839+0530] GC(9)   Other: 0.2ms
[2026-02-10T17:24:47.839+0530] GC(9) Eden regions: 55->0(51)
[2026-02-10T17:24:47.839+0530] GC(9) Survivor regions: 8->8(8)
[2026-02-10T17:24:47.839+0530] GC(9) Old regions: 25->33
[2026-02-10T17:24:47.840+0530] GC(9) Archive regions: 0->0
[2026-02-10T17:24:47.840+0530] GC(9) Humongous regions: 5->5
[2026-02-10T17:24:47.840+0530] GC(9) Metaspace: 36763K(37248K)->36763K(37248K) NonClass: 32763K(33024K)->32763K(33024K) Class: 4000K(4224K)->4000K(4224K)
[2026-02-10T17:24:47.840+0530] GC(9) Pause Young (Normal) (G1 Evacuation Pause) 92M->46M(128M) 39.303ms
[2026-02-10T17:24:47.840+0530] GC(9) User=0.09s Sys=0.02s Real=0.04s
[2026-02-10T17:24:48.431+0530] GC(10) Pause Young (Normal) (G1 Evacuation Pause)
[2026-02-10T17:24:48.431+0530] GC(10) Using 3 workers of 4 for evacuation
[2026-02-10T17:24:48.454+0530] GC(10)   Pre Evacuate Collection Set: 0.1ms
[2026-02-10T17:24:48.454+0530] GC(10)   Merge Heap Roots: 0.1ms
[2026-02-10T17:24:48.454+0530] GC(10)   Evacuate Collection Set: 22.4ms
[2026-02-10T17:24:48.454+0530] GC(10)   Post Evacuate Collection Set: 0.3ms
[2026-02-10T17:24:48.454+0530] GC(10)   Other: 0.2ms
[2026-02-10T17:24:48.454+0530] GC(10) Eden regions: 51->0(43)
[2026-02-10T17:24:48.454+0530] GC(10) Survivor regions: 8->8(8)
[2026-02-10T17:24:48.454+0530] GC(10) Old regions: 33->43
[2026-02-10T17:24:48.454+0530] GC(10) Archive regions: 0->0
[2026-02-10T17:24:48.454+0530] GC(10) Humongous regions: 5->5
[2026-02-10T17:24:48.454+0530] GC(10) Metaspace: 36804K(37248K)->36804K(37248K) NonClass: 32802K(33024K)->32802K(33024K) Class: 4001K(4224K)->4001K(4224K)
[2026-02-10T17:24:48.454+0530] GC(10) Pause Young (Normal) (G1 Evacuation Pause) 97M->55M(128M) 23.166ms
[2026-02-10T17:24:48.454+0530] GC(10) User=0.09s Sys=0.00s Real=0.02s
[2026-02-10T17:24:48.851+0530] GC(11) Pause Young (Normal) (G1 Evacuation Pause)
[2026-02-10T17:24:48.851+0530] GC(11) Using 3 workers of 4 for evacuation
[2026-02-10T17:24:48.874+0530] GC(11)   Pre Evacuate Collection Set: 0.1ms
[2026-02-10T17:24:48.874+0530] GC(11)   Merge Heap Roots: 0.1ms
[2026-02-10T17:24:48.874+0530] GC(11)   Evacuate Collection Set: 22.2ms
[2026-02-10T17:24:48.874+0530] GC(11)   Post Evacuate Collection Set: 0.3ms
[2026-02-10T17:24:48.874+0530] GC(11)   Other: 0.1ms
[2026-02-10T17:24:48.874+0530] GC(11) Eden regions: 43->0(35)
[2026-02-10T17:24:48.874+0530] GC(11) Survivor regions: 8->7(7)
[2026-02-10T17:24:48.874+0530] GC(11) Old regions: 43->53
[2026-02-10T17:24:48.874+0530] GC(11) Archive regions: 0->0
[2026-02-10T17:24:48.874+0530] GC(11) Humongous regions: 5->5
[2026-02-10T17:24:48.874+0530] GC(11) Metaspace: 36831K(37312K)->36831K(37312K) NonClass: 32827K(33088K)->32827K(33088K) Class: 4003K(4224K)->4003K(4224K)
[2026-02-10T17:24:48.874+0530] GC(11) Pause Young (Normal) (G1 Evacuation Pause) 98M->64M(128M) 22.956ms
[2026-02-10T17:24:48.874+0530] GC(11) User=0.11s Sys=0.00s Real=0.02s
[2026-02-10T17:24:49.040+0530] Heap
[2026-02-10T17:24:49.040+0530]  garbage-first heap   total 131072K, used 82553K [0x00000000f8000000, 0x0000000100000000)
[2026-02-10T17:24:49.040+0530]   region size 1024K, 24 young (24576K), 7 survivors (7168K)
[2026-02-10T17:24:49.040+0530]  Metaspace       used 36920K, committed 37440K, reserved 1114112K
[2026-02-10T17:24:49.040+0530]   class space    used 4015K, committed 4224K, reserved 1048576K
