[2026-02-10T21:45:33.965+0530] Using G1
[2026-02-10T21:45:33.969+0530] Version: 17.0.12+8-LTS-286 (release)
[2026-02-10T21:45:33.970+0530] CPUs: 8 total, 4 available
[2026-02-10T21:45:33.970+0530] Memory: 7914M
[2026-02-10T21:45:33.970+0530] Large Page Support: Disabled
[2026-02-10T21:45:33.970+0530] NUMA Support: Disabled
[2026-02-10T21:45:33.970+0530] Compressed Oops: Enabled (32-bit)
[2026-02-10T21:45:33.970+0530] Heap Region Size: 1M
[2026-02-10T21:45:33.970+0530] Heap Min Capacity: 512M
[2026-02-10T21:45:33.970+0530] Heap Initial Capacity: 512M
[2026-02-10T21:45:33.970+0530] Heap Max Capacity: 512M
[2026-02-10T21:45:33.970+0530] Pre-touch: Disabled
[2026-02-10T21:45:33.970+0530] Parallel Workers: 4
[2026-02-10T21:45:33.970+0530] Concurrent Workers: 1
[2026-02-10T21:45:33.970+0530] Concurrent Refinement Workers: 4
[2026-02-10T21:45:33.970+0530] Periodic GC: Disabled
[2026-02-10T21:45:33.980+0530] CDS archive(s) mapped at: [0x000001e2d0000000-0x000001e2d0bd0000-0x000001e2d0bd0000), size 12386304, SharedBaseAddress: 0x000001e2d0000000, ArchiveRelocationMode: 1.
[2026-02-10T21:45:33.980+0530] Compressed class space mapped at: 0x000001e2d1000000-0x000001e311000000, reserved size: 1073741824
[2026-02-10T21:45:33.980+0530] Narrow klass base: 0x000001e2d0000000, Narrow klass shift: 0, Narrow klass range: 0x100000000
[2026-02-10T21:45:35.041+0530] GC(0) Pause Young (Normal) (G1 Evacuation Pause)
[2026-02-10T21:45:35.041+0530] GC(0) Using 4 workers of 4 for evacuation
[2026-02-10T21:45:35.084+0530] GC(0)   Pre Evacuate Collection Set: 0.1ms
[2026-02-10T21:45:35.084+0530] GC(0)   Merge Heap Roots: 0.1ms
[2026-02-10T21:45:35.084+0530] GC(0)   Evacuate Collection Set: 41.4ms
[2026-02-10T21:45:35.084+0530] GC(0)   Post Evacuate Collection Set: 0.7ms
[2026-02-10T21:45:35.084+0530] GC(0)   Other: 0.6ms
[2026-02-10T21:45:35.084+0530] GC(0) Eden regions: 25->0(21)
[2026-02-10T21:45:35.084+0530] GC(0) Survivor regions: 0->4(4)
[2026-02-10T21:45:35.084+0530] GC(0) Old regions: 0->4
[2026-02-10T21:45:35.084+0530] GC(0) Archive regions: 0->0
[2026-02-10T21:45:35.084+0530] GC(0) Humongous regions: 5->5
[2026-02-10T21:45:35.084+0530] GC(0) Metaspace: 5441K(5632K)->5441K(5632K) NonClass: 4870K(4992K)->4870K(4992K) Class: 570K(640K)->570K(640K)
[2026-02-10T21:45:35.084+0530] GC(0) Pause Young (Normal) (G1 Evacuation Pause) 30M->12M(512M) 43.327ms
[2026-02-10T21:45:35.084+0530] GC(0) User=0.09s Sys=0.02s Real=0.04s
[2026-02-10T21:45:35.817+0530] GC(1) Pause Young (Normal) (G1 Evacuation Pause)
[2026-02-10T21:45:35.817+0530] GC(1) Using 4 workers of 4 for evacuation
[2026-02-10T21:45:35.829+0530] GC(1)   Pre Evacuate Collection Set: 0.1ms
[2026-02-10T21:45:35.829+0530] GC(1)   Merge Heap Roots: 0.1ms
[2026-02-10T21:45:35.829+0530] GC(1)   Evacuate Collection Set: 10.8ms
[2026-02-10T21:45:35.829+0530] GC(1)   Post Evacuate Collection Set: 0.6ms
[2026-02-10T21:45:35.829+0530] GC(1)   Other: 0.2ms
[2026-02-10T21:45:35.829+0530] GC(1) Eden regions: 21->0(23)
[2026-02-10T21:45:35.829+0530] GC(1) Survivor regions: 4->2(4)
[2026-02-10T21:45:35.829+0530] GC(1) Old regions: 4->8
[2026-02-10T21:45:35.829+0530] GC(1) Archive regions: 0->0
[2026-02-10T21:45:35.829+0530] GC(1) Humongous regions: 5->5
[2026-02-10T21:45:35.829+0530] GC(1) Metaspace: 11735K(11968K)->11735K(11968K) NonClass: 10404K(10496K)->10404K(10496K) Class: 1331K(1472K)->1331K(1472K)
[2026-02-10T21:45:35.829+0530] GC(1) Pause Young (Normal) (G1 Evacuation Pause) 33M->14M(512M) 12.143ms
[2026-02-10T21:45:35.829+0530] GC(1) User=0.00s Sys=0.00s Real=0.01s
[2026-02-10T21:45:36.222+0530] GC(2) Pause Young (Normal) (G1 Evacuation Pause)
[2026-02-10T21:45:36.223+0530] GC(2) Using 4 workers of 4 for evacuation
[2026-02-10T21:45:36.230+0530] GC(2)   Pre Evacuate Collection Set: 0.1ms
[2026-02-10T21:45:36.230+0530] GC(2)   Merge Heap Roots: 0.1ms
[2026-02-10T21:45:36.230+0530] GC(2)   Evacuate Collection Set: 5.8ms
[2026-02-10T21:45:36.230+0530] GC(2)   Post Evacuate Collection Set: 0.4ms
[2026-02-10T21:45:36.230+0530] GC(2)   Other: 0.1ms
[2026-02-10T21:45:36.230+0530] GC(2) Eden regions: 23->0(37)
[2026-02-10T21:45:36.230+0530] GC(2) Survivor regions: 2->4(4)
[2026-02-10T21:45:36.230+0530] GC(2) Old regions: 8->15
[2026-02-10T21:45:36.230+0530] GC(2) Archive regions: 0->0
[2026-02-10T21:45:36.230+0530] GC(2) Humongous regions: 5->5
[2026-02-10T21:45:36.230+0530] GC(2) Metaspace: 14670K(14976K)->14670K(14976K) NonClass: 13017K(13184K)->13017K(13184K) Class: 1652K(1792K)->1652K(1792K)
[2026-02-10T21:45:36.230+0530] GC(2) Pause Young (Normal) (G1 Evacuation Pause) 37M->23M(512M) 6.756ms
[2026-02-10T21:45:36.230+0530] GC(2) User=0.00s Sys=0.00s Real=0.01s
[2026-02-10T21:45:37.009+0530] GC(3) Pause Young (Normal) (G1 Evacuation Pause)
[2026-02-10T21:45:37.009+0530] GC(3) Using 4 workers of 4 for evacuation
[2026-02-10T21:45:37.017+0530] GC(3)   Pre Evacuate Collection Set: 0.1ms
[2026-02-10T21:45:37.017+0530] GC(3)   Merge Heap Roots: 0.1ms
[2026-02-10T21:45:37.017+0530] GC(3)   Evacuate Collection Set: 7.5ms
[2026-02-10T21:45:37.017+0530] GC(3)   Post Evacuate Collection Set: 0.4ms
[2026-02-10T21:45:37.017+0530] GC(3)   Other: 0.2ms
[2026-02-10T21:45:37.017+0530] GC(3) Eden regions: 37->0(133)
[2026-02-10T21:45:37.017+0530] GC(3) Survivor regions: 4->6(6)
[2026-02-10T21:45:37.017+0530] GC(3) Old regions: 15->16
[2026-02-10T21:45:37.017+0530] GC(3) Archive regions: 0->0
[2026-02-10T21:45:37.017+0530] GC(3) Humongous regions: 5->5
[2026-02-10T21:45:37.017+0530] GC(3) Metaspace: 20926K(21248K)->20926K(21248K) NonClass: 18783K(18944K)->18783K(18944K) Class: 2142K(2304K)->2142K(2304K)
[2026-02-10T21:45:37.017+0530] GC(3) Pause Young (Normal) (G1 Evacuation Pause) 60M->25M(512M) 8.402ms
[2026-02-10T21:45:37.017+0530] GC(3) User=0.00s Sys=0.00s Real=0.01s
[2026-02-10T21:45:37.071+0530] GC(4) Pause Young (Concurrent Start) (Metadata GC Threshold)
[2026-02-10T21:45:37.071+0530] GC(4) Using 4 workers of 4 for evacuation
[2026-02-10T21:45:37.076+0530] GC(4)   Pre Evacuate Collection Set: 0.1ms
[2026-02-10T21:45:37.076+0530] GC(4)   Merge Heap Roots: 0.1ms
[2026-02-10T21:45:37.076+0530] GC(4)   Evacuate Collection Set: 3.8ms
[2026-02-10T21:45:37.076+0530] GC(4)   Post Evacuate Collection Set: 0.4ms
[2026-02-10T21:45:37.076+0530] GC(4)   Other: 0.4ms
[2026-02-10T21:45:37.076+0530] GC(4) Eden regions: 2->0(173)
[2026-02-10T21:45:37.076+0530] GC(4) Survivor regions: 6->6(18)
[2026-02-10T21:45:37.076+0530] GC(4) Old regions: 16->16
[2026-02-10T21:45:37.076+0530] GC(4) Archive regions: 0->0
[2026-02-10T21:45:37.076+0530] GC(4) Humongous regions: 5->5
[2026-02-10T21:45:37.076+0530] GC(4) Metaspace: 21219K(21504K)->21219K(21504K) NonClass: 19048K(19200K)->19048K(19200K) Class: 2171K(2304K)->2171K(2304K)
[2026-02-10T21:45:37.076+0530] GC(4) Pause Young (Concurrent Start) (Metadata GC Threshold) 27M->25M(512M) 4.855ms
[2026-02-10T21:45:37.076+0530] GC(4) User=0.00s Sys=0.00s Real=0.00s
[2026-02-10T21:45:37.076+0530] GC(5) Concurrent Mark Cycle
[2026-02-10T21:45:37.076+0530] GC(5) Concurrent Clear Claimed Marks
[2026-02-10T21:45:37.076+0530] GC(5) Concurrent Clear Claimed Marks 0.035ms
[2026-02-10T21:45:37.076+0530] GC(5) Concurrent Scan Root Regions
[2026-02-10T21:45:37.079+0530] GC(5) Concurrent Scan Root Regions 3.477ms
[2026-02-10T21:45:37.080+0530] GC(5) Concurrent Mark
[2026-02-10T21:45:37.080+0530] GC(5) Concurrent Mark From Roots
[2026-02-10T21:45:37.080+0530] GC(5) Using 1 workers of 1 for marking
[2026-02-10T21:45:37.106+0530] GC(5) Concurrent Mark From Roots 27.218ms
[2026-02-10T21:45:37.108+0530] GC(5) Concurrent Preclean
[2026-02-10T21:45:37.108+0530] GC(5) Concurrent Preclean 0.105ms
[2026-02-10T21:45:37.108+0530] GC(5) Pause Remark
[2026-02-10T21:45:37.111+0530] GC(5) Pause Remark 26M->26M(512M) 3.628ms
[2026-02-10T21:45:37.111+0530] GC(5) User=0.00s Sys=0.00s Real=0.00s
[2026-02-10T21:45:37.113+0530] GC(5) Concurrent Mark 32.522ms
[2026-02-10T21:45:37.113+0530] GC(5) Concurrent Rebuild Remembered Sets
[2026-02-10T21:45:37.125+0530] GC(5) Concurrent Rebuild Remembered Sets 12.778ms
[2026-02-10T21:45:37.125+0530] GC(5) Pause Cleanup
[2026-02-10T21:45:37.125+0530] GC(5) Pause Cleanup 26M->26M(512M) 0.193ms
[2026-02-10T21:45:37.125+0530] GC(5) User=0.00s Sys=0.00s Real=0.00s
[2026-02-10T21:45:37.127+0530] GC(5) Concurrent Cleanup for Next Mark
[2026-02-10T21:45:37.131+0530] GC(5) Concurrent Cleanup for Next Mark 4.154ms
[2026-02-10T21:45:37.131+0530] GC(5) Concurrent Mark Cycle 55.339ms
[2026-02-10T21:45:41.367+0530] GC(6) Pause Young (Concurrent Start) (Metadata GC Threshold)
[2026-02-10T21:45:41.367+0530] GC(6) Using 4 workers of 4 for evacuation
[2026-02-10T21:45:41.390+0530] GC(6)   Pre Evacuate Collection Set: 0.1ms
[2026-02-10T21:45:41.390+0530] GC(6)   Merge Heap Roots: 0.5ms
[2026-02-10T21:45:41.390+0530] GC(6)   Evacuate Collection Set: 20.8ms
[2026-02-10T21:45:41.390+0530] GC(6)   Post Evacuate Collection Set: 1.1ms
[2026-02-10T21:45:41.390+0530] GC(6)   Other: 0.3ms
[2026-02-10T21:45:41.390+0530] GC(6) Eden regions: 109->0(295)
[2026-02-10T21:45:41.390+0530] GC(6) Survivor regions: 6->10(23)
[2026-02-10T21:45:41.390+0530] GC(6) Old regions: 16->16
[2026-02-10T21:45:41.390+0530] GC(6) Archive regions: 0->0
[2026-02-10T21:45:41.390+0530] GC(6) Humongous regions: 5->5
[2026-02-10T21:45:41.390+0530] GC(6) Metaspace: 35540K(36096K)->35540K(36096K) NonClass: 31608K(31872K)->31608K(31872K) Class: 3931K(4224K)->3931K(4224K)
[2026-02-10T21:45:41.390+0530] GC(6) Pause Young (Concurrent Start) (Metadata GC Threshold) 134M->30M(512M) 23.084ms
[2026-02-10T21:45:41.390+0530] GC(6) User=0.05s Sys=0.02s Real=0.02s
[2026-02-10T21:45:41.390+0530] GC(7) Concurrent Mark Cycle
[2026-02-10T21:45:41.390+0530] GC(7) Concurrent Clear Claimed Marks
[2026-02-10T21:45:41.390+0530] GC(7) Concurrent Clear Claimed Marks 0.053ms
[2026-02-10T21:45:41.390+0530] GC(7) Concurrent Scan Root Regions
[2026-02-10T21:45:41.402+0530] GC(7) Concurrent Scan Root Regions 11.198ms
[2026-02-10T21:45:41.402+0530] GC(7) Concurrent Mark
[2026-02-10T21:45:41.402+0530] GC(7) Concurrent Mark From Roots
[2026-02-10T21:45:41.402+0530] GC(7) Using 1 workers of 1 for marking
[2026-02-10T21:45:41.435+0530] GC(7) Concurrent Mark From Roots 33.386ms
[2026-02-10T21:45:41.435+0530] GC(7) Concurrent Preclean
[2026-02-10T21:45:41.435+0530] GC(7) Concurrent Preclean 0.084ms
[2026-02-10T21:45:41.435+0530] GC(7) Pause Remark
[2026-02-10T21:45:41.440+0530] GC(7) Pause Remark 32M->32M(512M) 4.343ms
[2026-02-10T21:45:41.440+0530] GC(7) User=0.03s Sys=0.02s Real=0.01s
[2026-02-10T21:45:41.440+0530] GC(7) Concurrent Mark 38.203ms
[2026-02-10T21:45:41.440+0530] GC(7) Concurrent Rebuild Remembered Sets
[2026-02-10T21:45:41.452+0530] GC(7) Concurrent Rebuild Remembered Sets 12.291ms
[2026-02-10T21:45:41.453+0530] GC(7) Pause Cleanup
[2026-02-10T21:45:41.453+0530] GC(7) Pause Cleanup 32M->32M(512M) 0.132ms
[2026-02-10T21:45:41.453+0530] GC(7) User=0.00s Sys=0.00s Real=0.00s
[2026-02-10T21:45:41.454+0530] GC(7) Concurrent Cleanup for Next Mark
[2026-02-10T21:45:41.458+0530] GC(7) Concurrent Cleanup for Next Mark 4.473ms
[2026-02-10T21:45:41.458+0530] GC(7) Concurrent Mark Cycle 67.966ms
[2026-02-10T21:45:45.113+0530] Heap
[2026-02-10T21:45:45.113+0530]  garbage-first heap   total 524288K, used 266632K [0x00000000e0000000, 0x0000000100000000)
[2026-02-10T21:45:45.113+0530]   region size 1024K, 241 young (246784K), 10 survivors (10240K)
[2026-02-10T21:45:45.113+0530]  Metaspace       used 37054K, committed 37632K, reserved 1114112K
[2026-02-10T21:45:45.113+0530]   class space    used 4018K, committed 4288K, reserved 1048576K
