[2026-02-10T17:27:44.234+0530] Using G1
[2026-02-10T17:27:44.237+0530] Version: 17.0.12+8-LTS-286 (release)
[2026-02-10T17:27:44.238+0530] CPUs: 8 total, 4 available
[2026-02-10T17:27:44.238+0530] Memory: 7914M
[2026-02-10T17:27:44.238+0530] Large Page Support: Disabled
[2026-02-10T17:27:44.238+0530] NUMA Support: Disabled
[2026-02-10T17:27:44.238+0530] Compressed Oops: Enabled (32-bit)
[2026-02-10T17:27:44.238+0530] Heap Region Size: 1M
[2026-02-10T17:27:44.238+0530] Heap Min Capacity: 256M
[2026-02-10T17:27:44.238+0530] Heap Initial Capacity: 256M
[2026-02-10T17:27:44.238+0530] Heap Max Capacity: 256M
[2026-02-10T17:27:44.238+0530] Pre-touch: Disabled
[2026-02-10T17:27:44.238+0530] Parallel Workers: 4
[2026-02-10T17:27:44.238+0530] Concurrent Workers: 1
[2026-02-10T17:27:44.238+0530] Concurrent Refinement Workers: 4
[2026-02-10T17:27:44.238+0530] Periodic GC: Disabled
[2026-02-10T17:27:44.250+0530] CDS archive(s) mapped at: [0x0000017aac000000-0x0000017aacbd0000-0x0000017aacbd0000), size 12386304, SharedBaseAddress: 0x0000017aac000000, ArchiveRelocationMode: 1.
[2026-02-10T17:27:44.250+0530] Compressed class space mapped at: 0x0000017aad000000-0x0000017aed000000, reserved size: 1073741824
[2026-02-10T17:27:44.250+0530] Narrow klass base: 0x0000017aac000000, Narrow klass shift: 0, Narrow klass range: 0x100000000
[2026-02-10T17:27:44.877+0530] GC(0) Pause Young (Normal) (G1 Evacuation Pause)
[2026-02-10T17:27:44.877+0530] GC(0) Using 4 workers of 4 for evacuation
[2026-02-10T17:27:44.885+0530] GC(0)   Pre Evacuate Collection Set: 0.1ms
[2026-02-10T17:27:44.885+0530] GC(0)   Merge Heap Roots: 0.1ms
[2026-02-10T17:27:44.885+0530] GC(0)   Evacuate Collection Set: 6.3ms
[2026-02-10T17:27:44.885+0530] GC(0)   Post Evacuate Collection Set: 0.4ms
[2026-02-10T17:27:44.885+0530] GC(0)   Other: 0.5ms
[2026-02-10T17:27:44.885+0530] GC(0) Eden regions: 13->0(13)
[2026-02-10T17:27:44.885+0530] GC(0) Survivor regions: 0->2(2)
[2026-02-10T17:27:44.885+0530] GC(0) Old regions: 0->3
[2026-02-10T17:27:44.885+0530] GC(0) Archive regions: 0->0
[2026-02-10T17:27:44.885+0530] GC(0) Humongous regions: 5->5
[2026-02-10T17:27:44.885+0530] GC(0) Metaspace: 4450K(4672K)->4450K(4672K) NonClass: 3970K(4096K)->3970K(4096K) Class: 480K(576K)->480K(576K)
[2026-02-10T17:27:44.885+0530] GC(0) Pause Young (Normal) (G1 Evacuation Pause) 18M->9M(256M) 7.677ms
[2026-02-10T17:27:44.885+0530] GC(0) User=0.00s Sys=0.00s Real=0.01s
[2026-02-10T17:27:45.083+0530] GC(1) Pause Young (Normal) (G1 Evacuation Pause)
[2026-02-10T17:27:45.083+0530] GC(1) Using 4 workers of 4 for evacuation
[2026-02-10T17:27:45.093+0530] GC(1)   Pre Evacuate Collection Set: 0.1ms
[2026-02-10T17:27:45.093+0530] GC(1)   Merge Heap Roots: 0.1ms
[2026-02-10T17:27:45.093+0530] GC(1)   Evacuate Collection Set: 9.4ms
[2026-02-10T17:27:45.093+0530] GC(1)   Post Evacuate Collection Set: 0.6ms
[2026-02-10T17:27:45.093+0530] GC(1)   Other: 0.1ms
[2026-02-10T17:27:45.093+0530] GC(1) Eden regions: 13->0(18)
[2026-02-10T17:27:45.093+0530] GC(1) Survivor regions: 2->2(2)
[2026-02-10T17:27:45.093+0530] GC(1) Old regions: 3->6
[2026-02-10T17:27:45.093+0530] GC(1) Archive regions: 0->0
[2026-02-10T17:27:45.093+0530] GC(1) Humongous regions: 5->5
[2026-02-10T17:27:45.093+0530] GC(1) Metaspace: 6002K(6144K)->6002K(6144K) NonClass: 5345K(5440K)->5345K(5440K) Class: 657K(704K)->657K(704K)
[2026-02-10T17:27:45.094+0530] GC(1) Pause Young (Normal) (G1 Evacuation Pause) 22M->12M(256M) 11.059ms
[2026-02-10T17:27:45.094+0530] GC(1) User=0.03s Sys=0.02s Real=0.01s
[2026-02-10T17:27:45.530+0530] GC(2) Pause Young (Normal) (G1 Evacuation Pause)
[2026-02-10T17:27:45.530+0530] GC(2) Using 4 workers of 4 for evacuation
[2026-02-10T17:27:45.535+0530] GC(2)   Pre Evacuate Collection Set: 0.1ms
[2026-02-10T17:27:45.535+0530] GC(2)   Merge Heap Roots: 0.0ms
[2026-02-10T17:27:45.535+0530] GC(2)   Evacuate Collection Set: 4.3ms
[2026-02-10T17:27:45.535+0530] GC(2)   Post Evacuate Collection Set: 0.3ms
[2026-02-10T17:27:45.535+0530] GC(2)   Other: 0.1ms
[2026-02-10T17:27:45.535+0530] GC(2) Eden regions: 18->0(94)
[2026-02-10T17:27:45.535+0530] GC(2) Survivor regions: 2->2(3)
[2026-02-10T17:27:45.535+0530] GC(2) Old regions: 6->8
[2026-02-10T17:27:45.535+0530] GC(2) Archive regions: 0->0
[2026-02-10T17:27:45.535+0530] GC(2) Humongous regions: 5->5
[2026-02-10T17:27:45.535+0530] GC(2) Metaspace: 11400K(11584K)->11400K(11584K) NonClass: 10114K(10176K)->10114K(10176K) Class: 1286K(1408K)->1286K(1408K)
[2026-02-10T17:27:45.535+0530] GC(2) Pause Young (Normal) (G1 Evacuation Pause) 30M->14M(256M) 5.069ms
[2026-02-10T17:27:45.535+0530] GC(2) User=0.02s Sys=0.00s Real=0.01s
[2026-02-10T17:27:46.673+0530] GC(3) Pause Young (Concurrent Start) (Metadata GC Threshold)
[2026-02-10T17:27:46.673+0530] GC(3) Using 4 workers of 4 for evacuation
[2026-02-10T17:27:46.681+0530] GC(3)   Pre Evacuate Collection Set: 0.1ms
[2026-02-10T17:27:46.681+0530] GC(3)   Merge Heap Roots: 0.1ms
[2026-02-10T17:27:46.681+0530] GC(3)   Evacuate Collection Set: 7.2ms
[2026-02-10T17:27:46.681+0530] GC(3)   Post Evacuate Collection Set: 0.5ms
[2026-02-10T17:27:46.681+0530] GC(3)   Other: 0.2ms
[2026-02-10T17:27:46.681+0530] GC(3) Eden regions: 63->0(99)
[2026-02-10T17:27:46.681+0530] GC(3) Survivor regions: 2->12(12)
[2026-02-10T17:27:46.681+0530] GC(3) Old regions: 8->9
[2026-02-10T17:27:46.681+0530] GC(3) Archive regions: 0->0
[2026-02-10T17:27:46.681+0530] GC(3) Humongous regions: 5->5
[2026-02-10T17:27:46.681+0530] GC(3) Metaspace: 21252K(21504K)->21252K(21504K) NonClass: 19086K(19200K)->19086K(19200K) Class: 2165K(2304K)->2165K(2304K)
[2026-02-10T17:27:46.681+0530] GC(3) Pause Young (Concurrent Start) (Metadata GC Threshold) 76M->25M(256M) 8.273ms
[2026-02-10T17:27:46.681+0530] GC(3) User=0.00s Sys=0.00s Real=0.01s
[2026-02-10T17:27:46.681+0530] GC(4) Concurrent Mark Cycle
[2026-02-10T17:27:46.681+0530] GC(4) Concurrent Clear Claimed Marks
[2026-02-10T17:27:46.681+0530] GC(4) Concurrent Clear Claimed Marks 0.027ms
[2026-02-10T17:27:46.681+0530] GC(4) Concurrent Scan Root Regions
[2026-02-10T17:27:46.685+0530] GC(4) Concurrent Scan Root Regions 4.071ms
[2026-02-10T17:27:46.686+0530] GC(4) Concurrent Mark
[2026-02-10T17:27:46.686+0530] GC(4) Concurrent Mark From Roots
[2026-02-10T17:27:46.686+0530] GC(4) Using 1 workers of 1 for marking
[2026-02-10T17:27:46.706+0530] GC(4) Concurrent Mark From Roots 20.903ms
[2026-02-10T17:27:46.706+0530] GC(4) Concurrent Preclean
[2026-02-10T17:27:46.706+0530] GC(4) Concurrent Preclean 0.071ms
[2026-02-10T17:27:46.706+0530] GC(4) Pause Remark
[2026-02-10T17:27:46.709+0530] GC(4) Pause Remark 26M->26M(256M) 2.157ms
[2026-02-10T17:27:46.709+0530] GC(4) User=0.00s Sys=0.00s Real=0.00s
[2026-02-10T17:27:46.710+0530] GC(4) Concurrent Mark 23.944ms
[2026-02-10T17:27:46.710+0530] GC(4) Concurrent Rebuild Remembered Sets
[2026-02-10T17:27:46.720+0530] GC(4) Concurrent Rebuild Remembered Sets 10.617ms
[2026-02-10T17:27:46.720+0530] GC(4) Pause Cleanup
[2026-02-10T17:27:46.720+0530] GC(4) Pause Cleanup 26M->26M(256M) 0.105ms
[2026-02-10T17:27:46.720+0530] GC(4) User=0.00s Sys=0.00s Real=0.00s
[2026-02-10T17:27:46.720+0530] GC(4) Concurrent Cleanup for Next Mark
[2026-02-10T17:27:46.722+0530] GC(4) Concurrent Cleanup for Next Mark 1.611ms
[2026-02-10T17:27:46.722+0530] GC(4) Concurrent Mark Cycle 40.810ms
[2026-02-10T17:27:48.775+0530] GC(5) Pause Young (Normal) (G1 Evacuation Pause)
[2026-02-10T17:27:48.775+0530] GC(5) Using 4 workers of 4 for evacuation
[2026-02-10T17:27:48.788+0530] GC(5)   Pre Evacuate Collection Set: 0.1ms
[2026-02-10T17:27:48.788+0530] GC(5)   Merge Heap Roots: 0.1ms
[2026-02-10T17:27:48.788+0530] GC(5)   Evacuate Collection Set: 12.4ms
[2026-02-10T17:27:48.788+0530] GC(5)   Post Evacuate Collection Set: 0.8ms
[2026-02-10T17:27:48.788+0530] GC(5)   Other: 0.2ms
[2026-02-10T17:27:48.788+0530] GC(5) Eden regions: 99->0(148)
[2026-02-10T17:27:48.788+0530] GC(5) Survivor regions: 12->5(14)
[2026-02-10T17:27:48.788+0530] GC(5) Old regions: 9->20
[2026-02-10T17:27:48.788+0530] GC(5) Archive regions: 0->0
[2026-02-10T17:27:48.788+0530] GC(5) Humongous regions: 5->5
[2026-02-10T17:27:48.788+0530] GC(5) Metaspace: 33964K(34496K)->33964K(34496K) NonClass: 30190K(30464K)->30190K(30464K) Class: 3773K(4032K)->3773K(4032K)
[2026-02-10T17:27:48.788+0530] GC(5) Pause Young (Normal) (G1 Evacuation Pause) 124M->29M(256M) 13.868ms
[2026-02-10T17:27:48.788+0530] GC(5) User=0.03s Sys=0.03s Real=0.01s
[2026-02-10T17:27:49.228+0530] GC(6) Pause Young (Concurrent Start) (Metadata GC Threshold)
[2026-02-10T17:27:49.228+0530] GC(6) Using 4 workers of 4 for evacuation
[2026-02-10T17:27:49.234+0530] GC(6)   Pre Evacuate Collection Set: 0.1ms
[2026-02-10T17:27:49.234+0530] GC(6)   Merge Heap Roots: 0.1ms
[2026-02-10T17:27:49.234+0530] GC(6)   Evacuate Collection Set: 5.3ms
[2026-02-10T17:27:49.234+0530] GC(6)   Post Evacuate Collection Set: 0.4ms
[2026-02-10T17:27:49.234+0530] GC(6)   Other: 0.2ms
[2026-02-10T17:27:49.234+0530] GC(6) Eden regions: 13->0(147)
[2026-02-10T17:27:49.234+0530] GC(6) Survivor regions: 5->6(20)
[2026-02-10T17:27:49.234+0530] GC(6) Old regions: 20->20
[2026-02-10T17:27:49.234+0530] GC(6) Archive regions: 0->0
[2026-02-10T17:27:49.234+0530] GC(6) Humongous regions: 5->5
[2026-02-10T17:27:49.234+0530] GC(6) Metaspace: 35771K(36288K)->35771K(36288K) NonClass: 31811K(32064K)->31811K(32064K) Class: 3960K(4224K)->3960K(4224K)
[2026-02-10T17:27:49.234+0530] GC(6) Pause Young (Concurrent Start) (Metadata GC Threshold) 42M->30M(256M) 6.232ms
[2026-02-10T17:27:49.234+0530] GC(6) User=0.03s Sys=0.03s Real=0.01s
[2026-02-10T17:27:49.234+0530] GC(7) Concurrent Mark Cycle
[2026-02-10T17:27:49.234+0530] GC(7) Concurrent Clear Claimed Marks
[2026-02-10T17:27:49.234+0530] GC(7) Concurrent Clear Claimed Marks 0.038ms
[2026-02-10T17:27:49.234+0530] GC(7) Concurrent Scan Root Regions
[2026-02-10T17:27:49.242+0530] GC(7) Concurrent Scan Root Regions 6.677ms
[2026-02-10T17:27:49.242+0530] GC(7) Concurrent Mark
[2026-02-10T17:27:49.242+0530] GC(7) Concurrent Mark From Roots
[2026-02-10T17:27:49.242+0530] GC(7) Using 1 workers of 1 for marking
[2026-02-10T17:27:49.274+0530] GC(7) Concurrent Mark From Roots 32.117ms
[2026-02-10T17:27:49.274+0530] GC(7) Concurrent Preclean
[2026-02-10T17:27:49.274+0530] GC(7) Concurrent Preclean 0.091ms
[2026-02-10T17:27:49.274+0530] GC(7) Pause Remark
[2026-02-10T17:27:49.286+0530] GC(7) Pause Remark 31M->31M(256M) 11.740ms
[2026-02-10T17:27:49.286+0530] GC(7) User=0.03s Sys=0.00s Real=0.01s
[2026-02-10T17:27:49.287+0530] GC(7) Concurrent Mark 44.867ms
[2026-02-10T17:27:49.287+0530] GC(7) Concurrent Rebuild Remembered Sets
[2026-02-10T17:27:49.301+0530] GC(7) Concurrent Rebuild Remembered Sets 14.192ms
[2026-02-10T17:27:49.301+0530] GC(7) Pause Cleanup
[2026-02-10T17:27:49.301+0530] GC(7) Pause Cleanup 31M->31M(256M) 0.107ms
[2026-02-10T17:27:49.301+0530] GC(7) User=0.00s Sys=0.00s Real=0.00s
[2026-02-10T17:27:49.301+0530] GC(7) Concurrent Cleanup for Next Mark
[2026-02-10T17:27:49.303+0530] GC(7) Concurrent Cleanup for Next Mark 1.895ms
[2026-02-10T17:27:49.303+0530] GC(7) Concurrent Mark Cycle 68.331ms
[2026-02-10T17:27:51.596+0530] GC(8) Pause Young (Normal) (G1 Evacuation Pause)
[2026-02-10T17:27:51.596+0530] GC(8) Using 4 workers of 4 for evacuation
[2026-02-10T17:27:51.636+0530] GC(8)   Pre Evacuate Collection Set: 0.1ms
[2026-02-10T17:27:51.636+0530] GC(8)   Merge Heap Roots: 0.1ms
[2026-02-10T17:27:51.636+0530] GC(8)   Evacuate Collection Set: 39.6ms
[2026-02-10T17:27:51.636+0530] GC(8)   Post Evacuate Collection Set: 0.6ms
[2026-02-10T17:27:51.636+0530] GC(8)   Other: 0.2ms
[2026-02-10T17:27:51.636+0530] GC(8) Eden regions: 147->0(130)
[2026-02-10T17:27:51.636+0530] GC(8) Survivor regions: 6->20(20)
[2026-02-10T17:27:51.636+0530] GC(8) Old regions: 20->25
[2026-02-10T17:27:51.636+0530] GC(8) Archive regions: 0->0
[2026-02-10T17:27:51.636+0530] GC(8) Humongous regions: 5->5
[2026-02-10T17:27:51.636+0530] GC(8) Metaspace: 36662K(37120K)->36662K(37120K) NonClass: 32659K(32896K)->32659K(32896K) Class: 4002K(4224K)->4002K(4224K)
[2026-02-10T17:27:51.637+0530] GC(8) Pause Young (Normal) (G1 Evacuation Pause) 177M->49M(256M) 40.831ms
[2026-02-10T17:27:51.637+0530] GC(8) User=0.11s Sys=0.02s Real=0.04s
[2026-02-10T17:27:52.396+0530] Heap
[2026-02-10T17:27:52.396+0530]  garbage-first heap   total 262144K, used 134582K [0x00000000f0000000, 0x0000000100000000)
[2026-02-10T17:27:52.396+0530]   region size 1024K, 102 young (104448K), 20 survivors (20480K)
[2026-02-10T17:27:52.396+0530]  Metaspace       used 36806K, committed 37376K, reserved 1114112K
[2026-02-10T17:27:52.396+0530]   class space    used 4018K, committed 4288K, reserved 1048576K
