[2026-02-10T21:43:06.756+0530] Using G1
[2026-02-10T21:43:06.760+0530] Version: 17.0.12+8-LTS-286 (release)
[2026-02-10T21:43:06.761+0530] CPUs: 8 total, 4 available
[2026-02-10T21:43:06.761+0530] Memory: 7914M
[2026-02-10T21:43:06.761+0530] Large Page Support: Disabled
[2026-02-10T21:43:06.761+0530] NUMA Support: Disabled
[2026-02-10T21:43:06.761+0530] Compressed Oops: Enabled (32-bit)
[2026-02-10T21:43:06.761+0530] Heap Region Size: 1M
[2026-02-10T21:43:06.761+0530] Heap Min Capacity: 512M
[2026-02-10T21:43:06.762+0530] Heap Initial Capacity: 512M
[2026-02-10T21:43:06.762+0530] Heap Max Capacity: 512M
[2026-02-10T21:43:06.762+0530] Pre-touch: Disabled
[2026-02-10T21:43:06.762+0530] Parallel Workers: 4
[2026-02-10T21:43:06.762+0530] Concurrent Workers: 1
[2026-02-10T21:43:06.762+0530] Concurrent Refinement Workers: 4
[2026-02-10T21:43:06.762+0530] Periodic GC: Disabled
[2026-02-10T21:43:06.778+0530] CDS archive(s) mapped at: [0x0000023100000000-0x0000023100bd0000-0x0000023100bd0000), size 12386304, SharedBaseAddress: 0x0000023100000000, ArchiveRelocationMode: 1.
[2026-02-10T21:43:06.779+0530] Compressed class space mapped at: 0x0000023101000000-0x0000023141000000, reserved size: 1073741824
[2026-02-10T21:43:06.779+0530] Narrow klass base: 0x0000023100000000, Narrow klass shift: 0, Narrow klass range: 0x100000000
[2026-02-10T21:43:07.819+0530] GC(0) Pause Young (Normal) (G1 Evacuation Pause)
[2026-02-10T21:43:07.819+0530] GC(0) Using 4 workers of 4 for evacuation
[2026-02-10T21:43:07.835+0530] GC(0)   Pre Evacuate Collection Set: 0.1ms
[2026-02-10T21:43:07.835+0530] GC(0)   Merge Heap Roots: 0.1ms
[2026-02-10T21:43:07.835+0530] GC(0)   Evacuate Collection Set: 15.0ms
[2026-02-10T21:43:07.835+0530] GC(0)   Post Evacuate Collection Set: 0.5ms
[2026-02-10T21:43:07.835+0530] GC(0)   Other: 0.4ms
[2026-02-10T21:43:07.835+0530] GC(0) Eden regions: 25->0(21)
[2026-02-10T21:43:07.835+0530] GC(0) Survivor regions: 0->4(4)
[2026-02-10T21:43:07.835+0530] GC(0) Old regions: 0->4
[2026-02-10T21:43:07.835+0530] GC(0) Archive regions: 0->0
[2026-02-10T21:43:07.835+0530] GC(0) Humongous regions: 5->5
[2026-02-10T21:43:07.835+0530] GC(0) Metaspace: 5432K(5568K)->5432K(5568K) NonClass: 4862K(4928K)->4862K(4928K) Class: 570K(640K)->570K(640K)
[2026-02-10T21:43:07.835+0530] GC(0) Pause Young (Normal) (G1 Evacuation Pause) 30M->12M(512M) 16.198ms
[2026-02-10T21:43:07.835+0530] GC(0) User=0.03s Sys=0.03s Real=0.02s
[2026-02-10T21:43:08.447+0530] GC(1) Pause Young (Normal) (G1 Evacuation Pause)
[2026-02-10T21:43:08.447+0530] GC(1) Using 4 workers of 4 for evacuation
[2026-02-10T21:43:08.457+0530] GC(1)   Pre Evacuate Collection Set: 0.1ms
[2026-02-10T21:43:08.457+0530] GC(1)   Merge Heap Roots: 0.1ms
[2026-02-10T21:43:08.457+0530] GC(1)   Evacuate Collection Set: 8.7ms
[2026-02-10T21:43:08.457+0530] GC(1)   Post Evacuate Collection Set: 0.5ms
[2026-02-10T21:43:08.457+0530] GC(1)   Other: 0.1ms
[2026-02-10T21:43:08.457+0530] GC(1) Eden regions: 21->0(24)
[2026-02-10T21:43:08.457+0530] GC(1) Survivor regions: 4->2(4)
[2026-02-10T21:43:08.457+0530] GC(1) Old regions: 4->8
[2026-02-10T21:43:08.457+0530] GC(1) Archive regions: 0->0
[2026-02-10T21:43:08.457+0530] GC(1) Humongous regions: 5->5
[2026-02-10T21:43:08.457+0530] GC(1) Metaspace: 11722K(11968K)->11722K(11968K) NonClass: 10392K(10496K)->10392K(10496K) Class: 1330K(1472K)->1330K(1472K)
[2026-02-10T21:43:08.457+0530] GC(1) Pause Young (Normal) (G1 Evacuation Pause) 33M->14M(512M) 9.806ms
[2026-02-10T21:43:08.457+0530] GC(1) User=0.05s Sys=0.02s Real=0.01s
[2026-02-10T21:43:08.870+0530] GC(2) Pause Young (Normal) (G1 Evacuation Pause)
[2026-02-10T21:43:08.870+0530] GC(2) Using 4 workers of 4 for evacuation
[2026-02-10T21:43:08.884+0530] GC(2)   Pre Evacuate Collection Set: 0.1ms
[2026-02-10T21:43:08.884+0530] GC(2)   Merge Heap Roots: 0.0ms
[2026-02-10T21:43:08.884+0530] GC(2)   Evacuate Collection Set: 12.8ms
[2026-02-10T21:43:08.884+0530] GC(2)   Post Evacuate Collection Set: 0.5ms
[2026-02-10T21:43:08.884+0530] GC(2)   Other: 0.2ms
[2026-02-10T21:43:08.884+0530] GC(2) Eden regions: 24->0(37)
[2026-02-10T21:43:08.884+0530] GC(2) Survivor regions: 2->4(4)
[2026-02-10T21:43:08.884+0530] GC(2) Old regions: 8->15
[2026-02-10T21:43:08.884+0530] GC(2) Archive regions: 0->0
[2026-02-10T21:43:08.884+0530] GC(2) Humongous regions: 5->5
[2026-02-10T21:43:08.884+0530] GC(2) Metaspace: 14804K(15104K)->14804K(15104K) NonClass: 13143K(13312K)->13143K(13312K) Class: 1660K(1792K)->1660K(1792K)
[2026-02-10T21:43:08.884+0530] GC(2) Pause Young (Normal) (G1 Evacuation Pause) 38M->23M(512M) 13.913ms
[2026-02-10T21:43:08.884+0530] GC(2) User=0.03s Sys=0.03s Real=0.01s
[2026-02-10T21:43:09.916+0530] GC(3) Pause Young (Normal) (G1 Evacuation Pause)
[2026-02-10T21:43:09.916+0530] GC(3) Using 4 workers of 4 for evacuation
[2026-02-10T21:43:09.924+0530] GC(3)   Pre Evacuate Collection Set: 0.1ms
[2026-02-10T21:43:09.924+0530] GC(3)   Merge Heap Roots: 0.1ms
[2026-02-10T21:43:09.924+0530] GC(3)   Evacuate Collection Set: 7.2ms
[2026-02-10T21:43:09.924+0530] GC(3)   Post Evacuate Collection Set: 0.5ms
[2026-02-10T21:43:09.925+0530] GC(3)   Other: 0.4ms
[2026-02-10T21:43:09.925+0530] GC(3) Eden regions: 37->0(151)
[2026-02-10T21:43:09.925+0530] GC(3) Survivor regions: 4->3(6)
[2026-02-10T21:43:09.925+0530] GC(3) Old regions: 15->19
[2026-02-10T21:43:09.925+0530] GC(3) Archive regions: 0->0
[2026-02-10T21:43:09.925+0530] GC(3) Humongous regions: 5->5
[2026-02-10T21:43:09.925+0530] GC(3) Metaspace: 21195K(21504K)->21195K(21504K) NonClass: 19036K(19200K)->19036K(19200K) Class: 2158K(2304K)->2158K(2304K)
[2026-02-10T21:43:09.925+0530] GC(3) Pause Young (Normal) (G1 Evacuation Pause) 60M->26M(512M) 8.563ms
[2026-02-10T21:43:09.925+0530] GC(3) User=0.06s Sys=0.00s Real=0.01s
[2026-02-10T21:43:09.930+0530] GC(4) Pause Young (Concurrent Start) (Metadata GC Threshold)
[2026-02-10T21:43:09.930+0530] GC(4) Using 4 workers of 4 for evacuation
[2026-02-10T21:43:09.935+0530] GC(4)   Pre Evacuate Collection Set: 0.1ms
[2026-02-10T21:43:09.935+0530] GC(4)   Merge Heap Roots: 0.1ms
[2026-02-10T21:43:09.935+0530] GC(4)   Evacuate Collection Set: 4.1ms
[2026-02-10T21:43:09.935+0530] GC(4)   Post Evacuate Collection Set: 0.5ms
[2026-02-10T21:43:09.935+0530] GC(4)   Other: 0.3ms
[2026-02-10T21:43:09.935+0530] GC(4) Eden regions: 1->0(205)
[2026-02-10T21:43:09.935+0530] GC(4) Survivor regions: 3->3(20)
[2026-02-10T21:43:09.935+0530] GC(4) Old regions: 19->19
[2026-02-10T21:43:09.935+0530] GC(4) Archive regions: 0->0
[2026-02-10T21:43:09.935+0530] GC(4) Humongous regions: 5->5
[2026-02-10T21:43:09.935+0530] GC(4) Metaspace: 21224K(21504K)->21224K(21504K) NonClass: 19066K(19200K)->19066K(19200K) Class: 2158K(2304K)->2158K(2304K)
[2026-02-10T21:43:09.935+0530] GC(4) Pause Young (Concurrent Start) (Metadata GC Threshold) 26M->26M(512M) 5.299ms
[2026-02-10T21:43:09.935+0530] GC(4) User=0.00s Sys=0.00s Real=0.00s
[2026-02-10T21:43:09.936+0530] GC(5) Concurrent Mark Cycle
[2026-02-10T21:43:09.936+0530] GC(5) Concurrent Clear Claimed Marks
[2026-02-10T21:43:09.936+0530] GC(5) Concurrent Clear Claimed Marks 0.033ms
[2026-02-10T21:43:09.936+0530] GC(5) Concurrent Scan Root Regions
[2026-02-10T21:43:09.939+0530] GC(5) Concurrent Scan Root Regions 3.380ms
[2026-02-10T21:43:09.939+0530] GC(5) Concurrent Mark
[2026-02-10T21:43:09.939+0530] GC(5) Concurrent Mark From Roots
[2026-02-10T21:43:09.939+0530] GC(5) Using 1 workers of 1 for marking
[2026-02-10T21:43:09.973+0530] GC(5) Concurrent Mark From Roots 35.392ms
[2026-02-10T21:43:09.973+0530] GC(5) Concurrent Preclean
[2026-02-10T21:43:09.975+0530] GC(5) Concurrent Preclean 0.136ms
[2026-02-10T21:43:09.975+0530] GC(5) Pause Remark
[2026-02-10T21:43:09.984+0530] GC(5) Pause Remark 27M->27M(512M) 9.211ms
[2026-02-10T21:43:09.984+0530] GC(5) User=0.00s Sys=0.00s Real=0.01s
[2026-02-10T21:43:09.986+0530] GC(5) Concurrent Mark 46.842ms
[2026-02-10T21:43:09.986+0530] GC(5) Concurrent Rebuild Remembered Sets
[2026-02-10T21:43:10.001+0530] GC(5) Concurrent Rebuild Remembered Sets 15.426ms
[2026-02-10T21:43:10.001+0530] GC(5) Pause Cleanup
[2026-02-10T21:43:10.002+0530] GC(5) Pause Cleanup 27M->27M(512M) 0.367ms
[2026-02-10T21:43:10.002+0530] GC(5) User=0.00s Sys=0.00s Real=0.00s
[2026-02-10T21:43:10.002+0530] GC(5) Concurrent Cleanup for Next Mark
[2026-02-10T21:43:10.006+0530] GC(5) Concurrent Cleanup for Next Mark 3.678ms
[2026-02-10T21:43:10.006+0530] GC(5) Concurrent Mark Cycle 70.357ms
[2026-02-10T21:43:12.460+0530] GC(6) Pause Young (Concurrent Start) (Metadata GC Threshold)
[2026-02-10T21:43:12.460+0530] GC(6) Using 4 workers of 4 for evacuation
[2026-02-10T21:43:12.475+0530] GC(6)   Pre Evacuate Collection Set: 0.2ms
[2026-02-10T21:43:12.476+0530] GC(6)   Merge Heap Roots: 0.2ms
[2026-02-10T21:43:12.476+0530] GC(6)   Evacuate Collection Set: 13.8ms
[2026-02-10T21:43:12.476+0530] GC(6)   Post Evacuate Collection Set: 0.9ms
[2026-02-10T21:43:12.476+0530] GC(6)   Other: 0.3ms
[2026-02-10T21:43:12.476+0530] GC(6) Eden regions: 109->0(299)
[2026-02-10T21:43:12.476+0530] GC(6) Survivor regions: 3->7(26)
[2026-02-10T21:43:12.476+0530] GC(6) Old regions: 19->19
[2026-02-10T21:43:12.476+0530] GC(6) Archive regions: 0->0
[2026-02-10T21:43:12.476+0530] GC(6) Humongous regions: 5->5
[2026-02-10T21:43:12.476+0530] GC(6) Metaspace: 35547K(36096K)->35547K(36096K) NonClass: 31600K(31872K)->31600K(31872K) Class: 3946K(4224K)->3946K(4224K)
[2026-02-10T21:43:12.476+0530] GC(6) Pause Young (Concurrent Start) (Metadata GC Threshold) 135M->30M(512M) 15.486ms
[2026-02-10T21:43:12.476+0530] GC(6) User=0.06s Sys=0.00s Real=0.02s
[2026-02-10T21:43:12.476+0530] GC(7) Concurrent Mark Cycle
[2026-02-10T21:43:12.476+0530] GC(7) Concurrent Clear Claimed Marks
[2026-02-10T21:43:12.476+0530] GC(7) Concurrent Clear Claimed Marks 0.042ms
[2026-02-10T21:43:12.476+0530] GC(7) Concurrent Scan Root Regions
[2026-02-10T21:43:12.485+0530] GC(7) Concurrent Scan Root Regions 8.483ms
[2026-02-10T21:43:12.485+0530] GC(7) Concurrent Mark
[2026-02-10T21:43:12.485+0530] GC(7) Concurrent Mark From Roots
[2026-02-10T21:43:12.485+0530] GC(7) Using 1 workers of 1 for marking
[2026-02-10T21:43:12.511+0530] GC(7) Concurrent Mark From Roots 26.421ms
[2026-02-10T21:43:12.511+0530] GC(7) Concurrent Preclean
[2026-02-10T21:43:12.511+0530] GC(7) Concurrent Preclean 0.086ms
[2026-02-10T21:43:12.511+0530] GC(7) Pause Remark
[2026-02-10T21:43:12.515+0530] GC(7) Pause Remark 31M->31M(512M) 3.759ms
[2026-02-10T21:43:12.515+0530] GC(7) User=0.00s Sys=0.00s Real=0.00s
[2026-02-10T21:43:12.515+0530] GC(7) Concurrent Mark 30.856ms
[2026-02-10T21:43:12.516+0530] GC(7) Concurrent Rebuild Remembered Sets
[2026-02-10T21:43:12.528+0530] GC(7) Concurrent Rebuild Remembered Sets 12.688ms
[2026-02-10T21:43:12.528+0530] GC(7) Pause Cleanup
[2026-02-10T21:43:12.528+0530] GC(7) Pause Cleanup 32M->32M(512M) 0.181ms
[2026-02-10T21:43:12.528+0530] GC(7) User=0.00s Sys=0.00s Real=0.00s
[2026-02-10T21:43:12.528+0530] GC(7) Concurrent Cleanup for Next Mark
[2026-02-10T21:43:12.531+0530] GC(7) Concurrent Cleanup for Next Mark 2.344ms
[2026-02-10T21:43:12.531+0530] GC(7) Concurrent Mark Cycle 55.088ms
[2026-02-10T21:43:17.195+0530] Heap
[2026-02-10T21:43:17.195+0530]  garbage-first heap   total 524288K, used 266098K [0x00000000e0000000, 0x0000000100000000)
[2026-02-10T21:43:17.195+0530]   region size 1024K, 237 young (242688K), 7 survivors (7168K)
[2026-02-10T21:43:17.195+0530]  Metaspace       used 36939K, committed 37568K, reserved 1114112K
[2026-02-10T21:43:17.195+0530]   class space    used 4017K, committed 4288K, reserved 1048576K
