[2026-02-10T17:19:46.168+0530] Using G1
[2026-02-10T17:19:46.172+0530] Version: 17.0.12+8-LTS-286 (release)
[2026-02-10T17:19:46.172+0530] CPUs: 8 total, 4 available
[2026-02-10T17:19:46.173+0530] Memory: 7914M
[2026-02-10T17:19:46.173+0530] Large Page Support: Disabled
[2026-02-10T17:19:46.173+0530] NUMA Support: Disabled
[2026-02-10T17:19:46.173+0530] Compressed Oops: Enabled (32-bit)
[2026-02-10T17:19:46.173+0530] Heap Region Size: 1M
[2026-02-10T17:19:46.173+0530] Heap Min Capacity: 256M
[2026-02-10T17:19:46.173+0530] Heap Initial Capacity: 256M
[2026-02-10T17:19:46.173+0530] Heap Max Capacity: 256M
[2026-02-10T17:19:46.173+0530] Pre-touch: Disabled
[2026-02-10T17:19:46.173+0530] Parallel Workers: 4
[2026-02-10T17:19:46.173+0530] Concurrent Workers: 1
[2026-02-10T17:19:46.173+0530] Concurrent Refinement Workers: 4
[2026-02-10T17:19:46.173+0530] Periodic GC: Disabled
[2026-02-10T17:19:46.185+0530] CDS archive(s) mapped at: [0x000001fe80000000-0x000001fe80bd0000-0x000001fe80bd0000), size 12386304, SharedBaseAddress: 0x000001fe80000000, ArchiveRelocationMode: 1.
[2026-02-10T17:19:46.185+0530] Compressed class space mapped at: 0x000001fe81000000-0x000001fec1000000, reserved size: 1073741824
[2026-02-10T17:19:46.185+0530] Narrow klass base: 0x000001fe80000000, Narrow klass shift: 0, Narrow klass range: 0x100000000
[2026-02-10T17:19:46.834+0530] GC(0) Pause Young (Normal) (G1 Evacuation Pause)
[2026-02-10T17:19:46.834+0530] GC(0) Using 4 workers of 4 for evacuation
[2026-02-10T17:19:46.841+0530] GC(0)   Pre Evacuate Collection Set: 0.1ms
[2026-02-10T17:19:46.841+0530] GC(0)   Merge Heap Roots: 0.1ms
[2026-02-10T17:19:46.841+0530] GC(0)   Evacuate Collection Set: 5.6ms
[2026-02-10T17:19:46.841+0530] GC(0)   Post Evacuate Collection Set: 0.5ms
[2026-02-10T17:19:46.841+0530] GC(0)   Other: 0.5ms
[2026-02-10T17:19:46.841+0530] GC(0) Eden regions: 13->0(13)
[2026-02-10T17:19:46.841+0530] GC(0) Survivor regions: 0->2(2)
[2026-02-10T17:19:46.841+0530] GC(0) Old regions: 0->3
[2026-02-10T17:19:46.841+0530] GC(0) Archive regions: 0->0
[2026-02-10T17:19:46.841+0530] GC(0) Humongous regions: 5->5
[2026-02-10T17:19:46.841+0530] GC(0) Metaspace: 4457K(4672K)->4457K(4672K) NonClass: 3976K(4096K)->3976K(4096K) Class: 480K(576K)->480K(576K)
[2026-02-10T17:19:46.841+0530] GC(0) Pause Young (Normal) (G1 Evacuation Pause) 18M->9M(256M) 6.993ms
[2026-02-10T17:19:46.841+0530] GC(0) User=0.00s Sys=0.00s Real=0.01s
[2026-02-10T17:19:47.101+0530] GC(1) Pause Young (Normal) (G1 Evacuation Pause)
[2026-02-10T17:19:47.103+0530] GC(1) Using 4 workers of 4 for evacuation
[2026-02-10T17:19:47.112+0530] GC(1)   Pre Evacuate Collection Set: 0.1ms
[2026-02-10T17:19:47.112+0530] GC(1)   Merge Heap Roots: 0.1ms
[2026-02-10T17:19:47.112+0530] GC(1)   Evacuate Collection Set: 8.2ms
[2026-02-10T17:19:47.112+0530] GC(1)   Post Evacuate Collection Set: 0.4ms
[2026-02-10T17:19:47.112+0530] GC(1)   Other: 0.2ms
[2026-02-10T17:19:47.112+0530] GC(1) Eden regions: 13->0(19)
[2026-02-10T17:19:47.112+0530] GC(1) Survivor regions: 2->2(2)
[2026-02-10T17:19:47.112+0530] GC(1) Old regions: 3->6
[2026-02-10T17:19:47.112+0530] GC(1) Archive regions: 0->0
[2026-02-10T17:19:47.112+0530] GC(1) Humongous regions: 5->5
[2026-02-10T17:19:47.112+0530] GC(1) Metaspace: 6012K(6144K)->6012K(6144K) NonClass: 5354K(5440K)->5354K(5440K) Class: 657K(704K)->657K(704K)
[2026-02-10T17:19:47.112+0530] GC(1) Pause Young (Normal) (G1 Evacuation Pause) 22M->12M(256M) 9.078ms
[2026-02-10T17:19:47.112+0530] GC(1) User=0.03s Sys=0.03s Real=0.01s
[2026-02-10T17:19:47.721+0530] GC(2) Pause Young (Normal) (G1 Evacuation Pause)
[2026-02-10T17:19:47.721+0530] GC(2) Using 4 workers of 4 for evacuation
[2026-02-10T17:19:47.725+0530] GC(2)   Pre Evacuate Collection Set: 0.1ms
[2026-02-10T17:19:47.725+0530] GC(2)   Merge Heap Roots: 0.1ms
[2026-02-10T17:19:47.725+0530] GC(2)   Evacuate Collection Set: 3.9ms
[2026-02-10T17:19:47.725+0530] GC(2)   Post Evacuate Collection Set: 0.3ms
[2026-02-10T17:19:47.725+0530] GC(2)   Other: 0.1ms
[2026-02-10T17:19:47.725+0530] GC(2) Eden regions: 19->0(95)
[2026-02-10T17:19:47.725+0530] GC(2) Survivor regions: 2->2(3)
[2026-02-10T17:19:47.725+0530] GC(2) Old regions: 6->8
[2026-02-10T17:19:47.725+0530] GC(2) Archive regions: 0->0
[2026-02-10T17:19:47.725+0530] GC(2) Humongous regions: 5->5
[2026-02-10T17:19:47.725+0530] GC(2) Metaspace: 11701K(11968K)->11701K(11968K) NonClass: 10378K(10496K)->10378K(10496K) Class: 1322K(1472K)->1322K(1472K)
[2026-02-10T17:19:47.725+0530] GC(2) Pause Young (Normal) (G1 Evacuation Pause) 31M->14M(256M) 4.697ms
[2026-02-10T17:19:47.725+0530] GC(2) User=0.00s Sys=0.00s Real=0.00s
[2026-02-10T17:19:48.820+0530] GC(3) Pause Young (Concurrent Start) (Metadata GC Threshold)
[2026-02-10T17:19:48.820+0530] GC(3) Using 4 workers of 4 for evacuation
[2026-02-10T17:19:48.831+0530] GC(3)   Pre Evacuate Collection Set: 0.9ms
[2026-02-10T17:19:48.831+0530] GC(3)   Merge Heap Roots: 0.3ms
[2026-02-10T17:19:48.831+0530] GC(3)   Evacuate Collection Set: 8.4ms
[2026-02-10T17:19:48.831+0530] GC(3)   Post Evacuate Collection Set: 0.5ms
[2026-02-10T17:19:48.831+0530] GC(3)   Other: 0.5ms
[2026-02-10T17:19:48.831+0530] GC(3) Eden regions: 62->0(73)
[2026-02-10T17:19:48.831+0530] GC(3) Survivor regions: 2->13(13)
[2026-02-10T17:19:48.831+0530] GC(3) Old regions: 8->8
[2026-02-10T17:19:48.831+0530] GC(3) Archive regions: 0->0
[2026-02-10T17:19:48.831+0530] GC(3) Humongous regions: 5->5
[2026-02-10T17:19:48.831+0530] GC(3) Metaspace: 21239K(21504K)->21239K(21504K) NonClass: 19075K(19200K)->19075K(19200K) Class: 2163K(2304K)->2163K(2304K)
[2026-02-10T17:19:48.831+0530] GC(3) Pause Young (Concurrent Start) (Metadata GC Threshold) 75M->25M(256M) 10.930ms
[2026-02-10T17:19:48.831+0530] GC(3) User=0.05s Sys=0.00s Real=0.01s
[2026-02-10T17:19:48.831+0530] GC(4) Concurrent Mark Cycle
[2026-02-10T17:19:48.831+0530] GC(4) Concurrent Clear Claimed Marks
[2026-02-10T17:19:48.831+0530] GC(4) Concurrent Clear Claimed Marks 0.044ms
[2026-02-10T17:19:48.831+0530] GC(4) Concurrent Scan Root Regions
[2026-02-10T17:19:48.837+0530] GC(4) Concurrent Scan Root Regions 5.131ms
[2026-02-10T17:19:48.837+0530] GC(4) Concurrent Mark
[2026-02-10T17:19:48.837+0530] GC(4) Concurrent Mark From Roots
[2026-02-10T17:19:48.837+0530] GC(4) Using 1 workers of 1 for marking
[2026-02-10T17:19:48.861+0530] GC(4) Concurrent Mark From Roots 24.394ms
[2026-02-10T17:19:48.861+0530] GC(4) Concurrent Preclean
[2026-02-10T17:19:48.862+0530] GC(4) Concurrent Preclean 0.068ms
[2026-02-10T17:19:48.862+0530] GC(4) Pause Remark
[2026-02-10T17:19:48.866+0530] GC(4) Pause Remark 25M->25M(256M) 3.909ms
[2026-02-10T17:19:48.866+0530] GC(4) User=0.00s Sys=0.00s Real=0.00s
[2026-02-10T17:19:48.866+0530] GC(4) Concurrent Mark 29.182ms
[2026-02-10T17:19:48.866+0530] GC(4) Concurrent Rebuild Remembered Sets
[2026-02-10T17:19:48.875+0530] GC(4) Concurrent Rebuild Remembered Sets 9.227ms
[2026-02-10T17:19:48.876+0530] GC(4) Pause Cleanup
[2026-02-10T17:19:48.876+0530] GC(4) Pause Cleanup 25M->25M(256M) 0.072ms
[2026-02-10T17:19:48.876+0530] GC(4) User=0.00s Sys=0.00s Real=0.00s
[2026-02-10T17:19:48.876+0530] GC(4) Concurrent Cleanup for Next Mark
[2026-02-10T17:19:48.878+0530] GC(4) Concurrent Cleanup for Next Mark 1.690ms
[2026-02-10T17:19:48.878+0530] GC(4) Concurrent Mark Cycle 46.302ms
[2026-02-10T17:19:50.455+0530] GC(5) Pause Young (Normal) (G1 Evacuation Pause)
[2026-02-10T17:19:50.455+0530] GC(5) Using 4 workers of 4 for evacuation
[2026-02-10T17:19:50.466+0530] GC(5)   Pre Evacuate Collection Set: 0.1ms
[2026-02-10T17:19:50.466+0530] GC(5)   Merge Heap Roots: 0.1ms
[2026-02-10T17:19:50.466+0530] GC(5)   Evacuate Collection Set: 10.4ms
[2026-02-10T17:19:50.466+0530] GC(5)   Post Evacuate Collection Set: 0.6ms
[2026-02-10T17:19:50.466+0530] GC(5)   Other: 0.2ms
[2026-02-10T17:19:50.466+0530] GC(5) Eden regions: 73->0(149)
[2026-02-10T17:19:50.466+0530] GC(5) Survivor regions: 13->4(11)
[2026-02-10T17:19:50.466+0530] GC(5) Old regions: 8->20
[2026-02-10T17:19:50.467+0530] GC(5) Archive regions: 0->0
[2026-02-10T17:19:50.467+0530] GC(5) Humongous regions: 5->5
[2026-02-10T17:19:50.467+0530] GC(5) Metaspace: 27839K(28288K)->27839K(28288K) NonClass: 24836K(25088K)->24836K(25088K) Class: 3002K(3200K)->3002K(3200K)
[2026-02-10T17:19:50.467+0530] GC(5) Pause Young (Normal) (G1 Evacuation Pause) 98M->28M(256M) 11.951ms
[2026-02-10T17:19:50.467+0530] GC(5) User=0.00s Sys=0.00s Real=0.01s
[2026-02-10T17:19:50.974+0530] Heap
[2026-02-10T17:19:50.974+0530]  garbage-first heap   total 262144K, used 55062K [0x00000000f0000000, 0x0000000100000000)
[2026-02-10T17:19:50.974+0530]   region size 1024K, 30 young (30720K), 4 survivors (4096K)
[2026-02-10T17:19:50.974+0530]  Metaspace       used 33332K, committed 33856K, reserved 1114112K
[2026-02-10T17:19:50.974+0530]   class space    used 3676K, committed 3904K, reserved 1048576K
