[2026-02-10T17:19:40.716+0530] Using G1
[2026-02-10T17:19:40.721+0530] Version: 17.0.12+8-LTS-286 (release)
[2026-02-10T17:19:40.721+0530] CPUs: 8 total, 4 available
[2026-02-10T17:19:40.721+0530] Memory: 7914M
[2026-02-10T17:19:40.721+0530] Large Page Support: Disabled
[2026-02-10T17:19:40.721+0530] NUMA Support: Disabled
[2026-02-10T17:19:40.721+0530] Compressed Oops: Enabled (32-bit)
[2026-02-10T17:19:40.721+0530] Heap Region Size: 1M
[2026-02-10T17:19:40.721+0530] Heap Min Capacity: 256M
[2026-02-10T17:19:40.721+0530] Heap Initial Capacity: 256M
[2026-02-10T17:19:40.721+0530] Heap Max Capacity: 256M
[2026-02-10T17:19:40.721+0530] Pre-touch: Disabled
[2026-02-10T17:19:40.721+0530] Parallel Workers: 4
[2026-02-10T17:19:40.723+0530] Concurrent Workers: 1
[2026-02-10T17:19:40.723+0530] Concurrent Refinement Workers: 4
[2026-02-10T17:19:40.723+0530] Periodic GC: Disabled
[2026-02-10T17:19:40.737+0530] CDS archive(s) mapped at: [0x000001ef19000000-0x000001ef19bd0000-0x000001ef19bd0000), size 12386304, SharedBaseAddress: 0x000001ef19000000, ArchiveRelocationMode: 1.
[2026-02-10T17:19:40.737+0530] Compressed class space mapped at: 0x000001ef1a000000-0x000001ef5a000000, reserved size: 1073741824
[2026-02-10T17:19:40.737+0530] Narrow klass base: 0x000001ef19000000, Narrow klass shift: 0, Narrow klass range: 0x100000000
[2026-02-10T17:19:41.385+0530] GC(0) Pause Young (Normal) (G1 Evacuation Pause)
[2026-02-10T17:19:41.386+0530] GC(0) Using 4 workers of 4 for evacuation
[2026-02-10T17:19:41.394+0530] GC(0)   Pre Evacuate Collection Set: 0.1ms
[2026-02-10T17:19:41.394+0530] GC(0)   Merge Heap Roots: 0.1ms
[2026-02-10T17:19:41.394+0530] GC(0)   Evacuate Collection Set: 7.6ms
[2026-02-10T17:19:41.394+0530] GC(0)   Post Evacuate Collection Set: 0.5ms
[2026-02-10T17:19:41.394+0530] GC(0)   Other: 0.5ms
[2026-02-10T17:19:41.394+0530] GC(0) Eden regions: 13->0(13)
[2026-02-10T17:19:41.394+0530] GC(0) Survivor regions: 0->2(2)
[2026-02-10T17:19:41.394+0530] GC(0) Old regions: 0->3
[2026-02-10T17:19:41.394+0530] GC(0) Archive regions: 0->0
[2026-02-10T17:19:41.394+0530] GC(0) Humongous regions: 5->5
[2026-02-10T17:19:41.394+0530] GC(0) Metaspace: 4447K(4672K)->4447K(4672K) NonClass: 3967K(4096K)->3967K(4096K) Class: 480K(576K)->480K(576K)
[2026-02-10T17:19:41.394+0530] GC(0) Pause Young (Normal) (G1 Evacuation Pause) 18M->9M(256M) 9.056ms
[2026-02-10T17:19:41.394+0530] GC(0) User=0.00s Sys=0.05s Real=0.01s
[2026-02-10T17:19:41.615+0530] GC(1) Pause Young (Normal) (G1 Evacuation Pause)
[2026-02-10T17:19:41.615+0530] GC(1) Using 4 workers of 4 for evacuation
[2026-02-10T17:19:41.629+0530] GC(1)   Pre Evacuate Collection Set: 0.1ms
[2026-02-10T17:19:41.629+0530] GC(1)   Merge Heap Roots: 0.1ms
[2026-02-10T17:19:41.629+0530] GC(1)   Evacuate Collection Set: 13.6ms
[2026-02-10T17:19:41.629+0530] GC(1)   Post Evacuate Collection Set: 0.5ms
[2026-02-10T17:19:41.629+0530] GC(1)   Other: 0.1ms
[2026-02-10T17:19:41.629+0530] GC(1) Eden regions: 13->0(18)
[2026-02-10T17:19:41.629+0530] GC(1) Survivor regions: 2->2(2)
[2026-02-10T17:19:41.629+0530] GC(1) Old regions: 3->6
[2026-02-10T17:19:41.629+0530] GC(1) Archive regions: 0->0
[2026-02-10T17:19:41.629+0530] GC(1) Humongous regions: 5->5
[2026-02-10T17:19:41.629+0530] GC(1) Metaspace: 5999K(6144K)->5999K(6144K) NonClass: 5342K(5440K)->5342K(5440K) Class: 656K(704K)->656K(704K)
[2026-02-10T17:19:41.629+0530] GC(1) Pause Young (Normal) (G1 Evacuation Pause) 22M->12M(256M) 14.666ms
[2026-02-10T17:19:41.629+0530] GC(1) User=0.05s Sys=0.00s Real=0.01s
[2026-02-10T17:19:42.465+0530] GC(2) Pause Young (Normal) (G1 Evacuation Pause)
[2026-02-10T17:19:42.466+0530] GC(2) Using 4 workers of 4 for evacuation
[2026-02-10T17:19:42.472+0530] GC(2)   Pre Evacuate Collection Set: 0.1ms
[2026-02-10T17:19:42.472+0530] GC(2)   Merge Heap Roots: 0.1ms
[2026-02-10T17:19:42.472+0530] GC(2)   Evacuate Collection Set: 5.8ms
[2026-02-10T17:19:42.472+0530] GC(2)   Post Evacuate Collection Set: 0.5ms
[2026-02-10T17:19:42.472+0530] GC(2)   Other: 0.2ms
[2026-02-10T17:19:42.472+0530] GC(2) Eden regions: 18->0(92)
[2026-02-10T17:19:42.472+0530] GC(2) Survivor regions: 2->2(3)
[2026-02-10T17:19:42.472+0530] GC(2) Old regions: 6->8
[2026-02-10T17:19:42.472+0530] GC(2) Archive regions: 0->0
[2026-02-10T17:19:42.472+0530] GC(2) Humongous regions: 5->5
[2026-02-10T17:19:42.472+0530] GC(2) Metaspace: 11407K(11648K)->11407K(11648K) NonClass: 10121K(10240K)->10121K(10240K) Class: 1286K(1408K)->1286K(1408K)
[2026-02-10T17:19:42.472+0530] GC(2) Pause Young (Normal) (G1 Evacuation Pause) 30M->14M(256M) 7.003ms
[2026-02-10T17:19:42.472+0530] GC(2) User=0.06s Sys=0.00s Real=0.01s
[2026-02-10T17:19:43.687+0530] GC(3) Pause Young (Concurrent Start) (Metadata GC Threshold)
[2026-02-10T17:19:43.687+0530] GC(3) Using 4 workers of 4 for evacuation
[2026-02-10T17:19:43.699+0530] GC(3)   Pre Evacuate Collection Set: 0.1ms
[2026-02-10T17:19:43.699+0530] GC(3)   Merge Heap Roots: 0.1ms
[2026-02-10T17:19:43.699+0530] GC(3)   Evacuate Collection Set: 11.1ms
[2026-02-10T17:19:43.699+0530] GC(3)   Post Evacuate Collection Set: 0.5ms
[2026-02-10T17:19:43.699+0530] GC(3)   Other: 0.2ms
[2026-02-10T17:19:43.699+0530] GC(3) Eden regions: 63->0(107)
[2026-02-10T17:19:43.699+0530] GC(3) Survivor regions: 2->12(12)
[2026-02-10T17:19:43.700+0530] GC(3) Old regions: 8->9
[2026-02-10T17:19:43.700+0530] GC(3) Archive regions: 0->0
[2026-02-10T17:19:43.700+0530] GC(3) Humongous regions: 5->5
[2026-02-10T17:19:43.700+0530] GC(3) Metaspace: 21240K(21504K)->21240K(21504K) NonClass: 19072K(19200K)->19072K(19200K) Class: 2168K(2304K)->2168K(2304K)
[2026-02-10T17:19:43.700+0530] GC(3) Pause Young (Concurrent Start) (Metadata GC Threshold) 77M->25M(256M) 12.345ms
[2026-02-10T17:19:43.700+0530] GC(3) User=0.00s Sys=0.00s Real=0.01s
[2026-02-10T17:19:43.700+0530] GC(4) Concurrent Mark Cycle
[2026-02-10T17:19:43.700+0530] GC(4) Concurrent Clear Claimed Marks
[2026-02-10T17:19:43.700+0530] GC(4) Concurrent Clear Claimed Marks 0.034ms
[2026-02-10T17:19:43.700+0530] GC(4) Concurrent Scan Root Regions
[2026-02-10T17:19:43.704+0530] GC(4) Concurrent Scan Root Regions 4.773ms
[2026-02-10T17:19:43.704+0530] GC(4) Concurrent Mark
[2026-02-10T17:19:43.705+0530] GC(4) Concurrent Mark From Roots
[2026-02-10T17:19:43.705+0530] GC(4) Using 1 workers of 1 for marking
[2026-02-10T17:19:43.727+0530] GC(4) Concurrent Mark From Roots 22.242ms
[2026-02-10T17:19:43.727+0530] GC(4) Concurrent Preclean
[2026-02-10T17:19:43.727+0530] GC(4) Concurrent Preclean 0.063ms
[2026-02-10T17:19:43.727+0530] GC(4) Pause Remark
[2026-02-10T17:19:43.732+0530] GC(4) Pause Remark 26M->26M(256M) 4.256ms
[2026-02-10T17:19:43.732+0530] GC(4) User=0.00s Sys=0.00s Real=0.01s
[2026-02-10T17:19:43.732+0530] GC(4) Concurrent Mark 26.913ms
[2026-02-10T17:19:43.732+0530] GC(4) Concurrent Rebuild Remembered Sets
[2026-02-10T17:19:43.743+0530] GC(4) Concurrent Rebuild Remembered Sets 10.758ms
[2026-02-10T17:19:43.743+0530] GC(4) Pause Cleanup
[2026-02-10T17:19:43.743+0530] GC(4) Pause Cleanup 26M->26M(256M) 0.088ms
[2026-02-10T17:19:43.743+0530] GC(4) User=0.00s Sys=0.00s Real=0.00s
[2026-02-10T17:19:43.743+0530] GC(4) Concurrent Cleanup for Next Mark
[2026-02-10T17:19:43.745+0530] GC(4) Concurrent Cleanup for Next Mark 1.597ms
[2026-02-10T17:19:43.745+0530] GC(4) Concurrent Mark Cycle 44.779ms
[2026-02-10T17:19:45.939+0530] Heap
[2026-02-10T17:19:45.939+0530]  garbage-first heap   total 262144K, used 124913K [0x00000000f0000000, 0x0000000100000000)
[2026-02-10T17:19:45.939+0530]   region size 1024K, 109 young (111616K), 12 survivors (12288K)
[2026-02-10T17:19:45.939+0530]  Metaspace       used 33291K, committed 33792K, reserved 1114112K
[2026-02-10T17:19:45.939+0530]   class space    used 3675K, committed 3904K, reserved 1048576K
