[2026-02-10T17:26:41.820+0530] Using G1
[2026-02-10T17:26:41.823+0530] Version: 17.0.12+8-LTS-286 (release)
[2026-02-10T17:26:41.823+0530] CPUs: 8 total, 4 available
[2026-02-10T17:26:41.823+0530] Memory: 7914M
[2026-02-10T17:26:41.823+0530] Large Page Support: Disabled
[2026-02-10T17:26:41.823+0530] NUMA Support: Disabled
[2026-02-10T17:26:41.823+0530] Compressed Oops: Enabled (32-bit)
[2026-02-10T17:26:41.823+0530] Heap Region Size: 1M
[2026-02-10T17:26:41.823+0530] Heap Min Capacity: 128M
[2026-02-10T17:26:41.823+0530] Heap Initial Capacity: 128M
[2026-02-10T17:26:41.823+0530] Heap Max Capacity: 128M
[2026-02-10T17:26:41.823+0530] Pre-touch: Disabled
[2026-02-10T17:26:41.823+0530] Parallel Workers: 4
[2026-02-10T17:26:41.824+0530] Concurrent Workers: 1
[2026-02-10T17:26:41.824+0530] Concurrent Refinement Workers: 4
[2026-02-10T17:26:41.824+0530] Periodic GC: Disabled
[2026-02-10T17:26:41.843+0530] CDS archive(s) mapped at: [0x0000023d80000000-0x0000023d80bd0000-0x0000023d80bd0000), size 12386304, SharedBaseAddress: 0x0000023d80000000, ArchiveRelocationMode: 1.
[2026-02-10T17:26:41.843+0530] Compressed class space mapped at: 0x0000023d81000000-0x0000023dc1000000, reserved size: 1073741824
[2026-02-10T17:26:41.843+0530] Narrow klass base: 0x0000023d80000000, Narrow klass shift: 0, Narrow klass range: 0x100000000
[2026-02-10T17:26:42.460+0530] GC(0) Pause Young (Normal) (G1 Evacuation Pause)
[2026-02-10T17:26:42.460+0530] GC(0) Using 3 workers of 4 for evacuation
[2026-02-10T17:26:42.468+0530] GC(0)   Pre Evacuate Collection Set: 0.1ms
[2026-02-10T17:26:42.468+0530] GC(0)   Merge Heap Roots: 0.1ms
[2026-02-10T17:26:42.468+0530] GC(0)   Evacuate Collection Set: 6.5ms
[2026-02-10T17:26:42.468+0530] GC(0)   Post Evacuate Collection Set: 0.6ms
[2026-02-10T17:26:42.468+0530] GC(0)   Other: 0.4ms
[2026-02-10T17:26:42.468+0530] GC(0) Eden regions: 13->0(13)
[2026-02-10T17:26:42.468+0530] GC(0) Survivor regions: 0->2(2)
[2026-02-10T17:26:42.468+0530] GC(0) Old regions: 0->3
[2026-02-10T17:26:42.468+0530] GC(0) Archive regions: 0->0
[2026-02-10T17:26:42.468+0530] GC(0) Humongous regions: 5->5
[2026-02-10T17:26:42.468+0530] GC(0) Metaspace: 4459K(4672K)->4459K(4672K) NonClass: 3979K(4096K)->3979K(4096K) Class: 480K(576K)->480K(576K)
[2026-02-10T17:26:42.468+0530] GC(0) Pause Young (Normal) (G1 Evacuation Pause) 18M->9M(128M) 7.837ms
[2026-02-10T17:26:42.468+0530] GC(0) User=0.03s Sys=0.02s Real=0.01s
[2026-02-10T17:26:42.661+0530] GC(1) Pause Young (Normal) (G1 Evacuation Pause)
[2026-02-10T17:26:42.661+0530] GC(1) Using 3 workers of 4 for evacuation
[2026-02-10T17:26:42.669+0530] GC(1)   Pre Evacuate Collection Set: 0.1ms
[2026-02-10T17:26:42.669+0530] GC(1)   Merge Heap Roots: 0.1ms
[2026-02-10T17:26:42.669+0530] GC(1)   Evacuate Collection Set: 7.6ms
[2026-02-10T17:26:42.669+0530] GC(1)   Post Evacuate Collection Set: 0.4ms
[2026-02-10T17:26:42.669+0530] GC(1)   Other: 0.2ms
[2026-02-10T17:26:42.669+0530] GC(1) Eden regions: 13->0(18)
[2026-02-10T17:26:42.669+0530] GC(1) Survivor regions: 2->2(2)
[2026-02-10T17:26:42.669+0530] GC(1) Old regions: 3->6
[2026-02-10T17:26:42.669+0530] GC(1) Archive regions: 0->0
[2026-02-10T17:26:42.669+0530] GC(1) Humongous regions: 5->5
[2026-02-10T17:26:42.669+0530] GC(1) Metaspace: 6001K(6144K)->6001K(6144K) NonClass: 5345K(5440K)->5345K(5440K) Class: 656K(704K)->656K(704K)
[2026-02-10T17:26:42.669+0530] GC(1) Pause Young (Normal) (G1 Evacuation Pause) 22M->12M(128M) 8.526ms
[2026-02-10T17:26:42.669+0530] GC(1) User=0.00s Sys=0.00s Real=0.01s
[2026-02-10T17:26:43.099+0530] GC(2) Pause Young (Normal) (G1 Evacuation Pause)
[2026-02-10T17:26:43.099+0530] GC(2) Using 3 workers of 4 for evacuation
[2026-02-10T17:26:43.105+0530] GC(2)   Pre Evacuate Collection Set: 0.0ms
[2026-02-10T17:26:43.105+0530] GC(2)   Merge Heap Roots: 0.0ms
[2026-02-10T17:26:43.105+0530] GC(2)   Evacuate Collection Set: 6.3ms
[2026-02-10T17:26:43.105+0530] GC(2)   Post Evacuate Collection Set: 0.3ms
[2026-02-10T17:26:43.105+0530] GC(2)   Other: 0.1ms
[2026-02-10T17:26:43.105+0530] GC(2) Eden regions: 18->0(70)
[2026-02-10T17:26:43.105+0530] GC(2) Survivor regions: 2->2(3)
[2026-02-10T17:26:43.105+0530] GC(2) Old regions: 6->8
[2026-02-10T17:26:43.105+0530] GC(2) Archive regions: 0->0
[2026-02-10T17:26:43.105+0530] GC(2) Humongous regions: 5->5
[2026-02-10T17:26:43.105+0530] GC(2) Metaspace: 11363K(11584K)->11363K(11584K) NonClass: 10082K(10176K)->10082K(10176K) Class: 1280K(1408K)->1280K(1408K)
[2026-02-10T17:26:43.105+0530] GC(2) Pause Young (Normal) (G1 Evacuation Pause) 30M->14M(128M) 7.106ms
[2026-02-10T17:26:43.105+0530] GC(2) User=0.00s Sys=0.00s Real=0.01s
[2026-02-10T17:26:44.234+0530] GC(3) Pause Young (Concurrent Start) (Metadata GC Threshold)
[2026-02-10T17:26:44.234+0530] GC(3) Using 3 workers of 4 for evacuation
[2026-02-10T17:26:44.242+0530] GC(3)   Pre Evacuate Collection Set: 0.1ms
[2026-02-10T17:26:44.242+0530] GC(3)   Merge Heap Roots: 0.0ms
[2026-02-10T17:26:44.242+0530] GC(3)   Evacuate Collection Set: 8.1ms
[2026-02-10T17:26:44.242+0530] GC(3)   Post Evacuate Collection Set: 0.4ms
[2026-02-10T17:26:44.242+0530] GC(3)   Other: 0.2ms
[2026-02-10T17:26:44.242+0530] GC(3) Eden regions: 63->0(55)
[2026-02-10T17:26:44.242+0530] GC(3) Survivor regions: 2->9(9)
[2026-02-10T17:26:44.242+0530] GC(3) Old regions: 8->13
[2026-02-10T17:26:44.242+0530] GC(3) Archive regions: 0->0
[2026-02-10T17:26:44.242+0530] GC(3) Humongous regions: 5->5
[2026-02-10T17:26:44.242+0530] GC(3) Metaspace: 21263K(21504K)->21263K(21504K) NonClass: 19086K(19200K)->19086K(19200K) Class: 2177K(2304K)->2177K(2304K)
[2026-02-10T17:26:44.242+0530] GC(3) Pause Young (Concurrent Start) (Metadata GC Threshold) 77M->26M(128M) 8.989ms
[2026-02-10T17:26:44.242+0530] GC(3) User=0.02s Sys=0.00s Real=0.01s
[2026-02-10T17:26:44.242+0530] GC(4) Concurrent Mark Cycle
[2026-02-10T17:26:44.242+0530] GC(4) Concurrent Clear Claimed Marks
[2026-02-10T17:26:44.243+0530] GC(4) Concurrent Clear Claimed Marks 0.029ms
[2026-02-10T17:26:44.243+0530] GC(4) Concurrent Scan Root Regions
[2026-02-10T17:26:44.247+0530] GC(4) Concurrent Scan Root Regions 4.203ms
[2026-02-10T17:26:44.247+0530] GC(4) Concurrent Mark
[2026-02-10T17:26:44.247+0530] GC(4) Concurrent Mark From Roots
[2026-02-10T17:26:44.247+0530] GC(4) Using 1 workers of 1 for marking
[2026-02-10T17:26:44.268+0530] GC(4) Concurrent Mark From Roots 20.523ms
[2026-02-10T17:26:44.268+0530] GC(4) Concurrent Preclean
[2026-02-10T17:26:44.268+0530] GC(4) Concurrent Preclean 0.063ms
[2026-02-10T17:26:44.268+0530] GC(4) Pause Remark
[2026-02-10T17:26:44.271+0530] GC(4) Pause Remark 26M->26M(128M) 3.018ms
[2026-02-10T17:26:44.271+0530] GC(4) User=0.00s Sys=0.00s Real=0.00s
[2026-02-10T17:26:44.271+0530] GC(4) Concurrent Mark 23.948ms
[2026-02-10T17:26:44.271+0530] GC(4) Concurrent Rebuild Remembered Sets
[2026-02-10T17:26:44.282+0530] GC(4) Concurrent Rebuild Remembered Sets 10.447ms
[2026-02-10T17:26:44.282+0530] GC(4) Pause Cleanup
[2026-02-10T17:26:44.282+0530] GC(4) Pause Cleanup 26M->26M(128M) 0.102ms
[2026-02-10T17:26:44.282+0530] GC(4) User=0.00s Sys=0.00s Real=0.00s
[2026-02-10T17:26:44.282+0530] GC(4) Concurrent Cleanup for Next Mark
[2026-02-10T17:26:44.283+0530] GC(4) Concurrent Cleanup for Next Mark 0.765ms
[2026-02-10T17:26:44.283+0530] GC(4) Concurrent Mark Cycle 40.017ms
[2026-02-10T17:26:45.454+0530] GC(5) Pause Young (Normal) (G1 Evacuation Pause)
[2026-02-10T17:26:45.454+0530] GC(5) Using 3 workers of 4 for evacuation
[2026-02-10T17:26:45.466+0530] GC(5)   Pre Evacuate Collection Set: 0.1ms
[2026-02-10T17:26:45.466+0530] GC(5)   Merge Heap Roots: 0.1ms
[2026-02-10T17:26:45.466+0530] GC(5)   Evacuate Collection Set: 11.5ms
[2026-02-10T17:26:45.466+0530] GC(5)   Post Evacuate Collection Set: 0.5ms
[2026-02-10T17:26:45.466+0530] GC(5)   Other: 0.2ms
[2026-02-10T17:26:45.466+0530] GC(5) Eden regions: 55->0(54)
[2026-02-10T17:26:45.466+0530] GC(5) Survivor regions: 9->4(8)
[2026-02-10T17:26:45.466+0530] GC(5) Old regions: 13->21
[2026-02-10T17:26:45.466+0530] GC(5) Archive regions: 0->0
[2026-02-10T17:26:45.466+0530] GC(5) Humongous regions: 5->5
[2026-02-10T17:26:45.467+0530] GC(5) Metaspace: 27447K(27904K)->27447K(27904K) NonClass: 24486K(24704K)->24486K(24704K) Class: 2960K(3200K)->2960K(3200K)
[2026-02-10T17:26:45.467+0530] GC(5) Pause Young (Normal) (G1 Evacuation Pause) 81M->28M(128M) 12.624ms
[2026-02-10T17:26:45.467+0530] GC(5) User=0.00s Sys=0.00s Real=0.01s
[2026-02-10T17:26:46.615+0530] GC(6) Pause Young (Concurrent Start) (Metadata GC Threshold)
[2026-02-10T17:26:46.615+0530] GC(6) Using 3 workers of 4 for evacuation
[2026-02-10T17:26:46.623+0530] GC(6)   Pre Evacuate Collection Set: 0.1ms
[2026-02-10T17:26:46.623+0530] GC(6)   Merge Heap Roots: 0.1ms
[2026-02-10T17:26:46.623+0530] GC(6)   Evacuate Collection Set: 7.3ms
[2026-02-10T17:26:46.623+0530] GC(6)   Post Evacuate Collection Set: 0.4ms
[2026-02-10T17:26:46.623+0530] GC(6)   Other: 0.2ms
[2026-02-10T17:26:46.623+0530] GC(6) Eden regions: 54->0(58)
[2026-02-10T17:26:46.623+0530] GC(6) Survivor regions: 4->6(8)
[2026-02-10T17:26:46.623+0530] GC(6) Old regions: 21->21
[2026-02-10T17:26:46.623+0530] GC(6) Archive regions: 0->0
[2026-02-10T17:26:46.623+0530] GC(6) Humongous regions: 5->5
[2026-02-10T17:26:46.623+0530] GC(6) Metaspace: 35509K(36096K)->35509K(36096K) NonClass: 31558K(31872K)->31558K(31872K) Class: 3951K(4224K)->3951K(4224K)
[2026-02-10T17:26:46.623+0530] GC(6) Pause Young (Concurrent Start) (Metadata GC Threshold) 82M->31M(128M) 8.184ms
[2026-02-10T17:26:46.623+0530] GC(6) User=0.00s Sys=0.00s Real=0.01s
[2026-02-10T17:26:46.623+0530] GC(7) Concurrent Mark Cycle
[2026-02-10T17:26:46.623+0530] GC(7) Concurrent Clear Claimed Marks
[2026-02-10T17:26:46.623+0530] GC(7) Concurrent Clear Claimed Marks 0.049ms
[2026-02-10T17:26:46.623+0530] GC(7) Concurrent Scan Root Regions
[2026-02-10T17:26:46.631+0530] GC(7) Concurrent Scan Root Regions 7.599ms
[2026-02-10T17:26:46.631+0530] GC(7) Concurrent Mark
[2026-02-10T17:26:46.631+0530] GC(7) Concurrent Mark From Roots
[2026-02-10T17:26:46.631+0530] GC(7) Using 1 workers of 1 for marking
[2026-02-10T17:26:46.665+0530] GC(7) Concurrent Mark From Roots 34.323ms
[2026-02-10T17:26:46.665+0530] GC(7) Concurrent Preclean
[2026-02-10T17:26:46.665+0530] GC(7) Concurrent Preclean 0.068ms
[2026-02-10T17:26:46.665+0530] GC(7) Pause Remark
[2026-02-10T17:26:46.678+0530] GC(7) Pause Remark 32M->32M(128M) 12.226ms
[2026-02-10T17:26:46.678+0530] GC(7) User=0.02s Sys=0.00s Real=0.01s
[2026-02-10T17:26:46.679+0530] GC(7) Concurrent Mark 48.129ms
[2026-02-10T17:26:46.679+0530] GC(7) Concurrent Rebuild Remembered Sets
[2026-02-10T17:26:46.693+0530] GC(7) Concurrent Rebuild Remembered Sets 13.919ms
[2026-02-10T17:26:46.694+0530] GC(7) Pause Cleanup
[2026-02-10T17:26:46.694+0530] GC(7) Pause Cleanup 32M->32M(128M) 0.101ms
[2026-02-10T17:26:46.694+0530] GC(7) User=0.00s Sys=0.00s Real=0.00s
[2026-02-10T17:26:46.695+0530] GC(7) Concurrent Cleanup for Next Mark
[2026-02-10T17:26:46.696+0530] GC(7) Concurrent Cleanup for Next Mark 0.833ms
[2026-02-10T17:26:46.696+0530] GC(7) Concurrent Mark Cycle 72.310ms
[2026-02-10T17:26:48.115+0530] GC(8) Pause Young (Normal) (G1 Evacuation Pause)
[2026-02-10T17:26:48.115+0530] GC(8) Using 3 workers of 4 for evacuation
[2026-02-10T17:26:48.134+0530] GC(8)   Pre Evacuate Collection Set: 0.1ms
[2026-02-10T17:26:48.136+0530] GC(8)   Merge Heap Roots: 0.1ms
[2026-02-10T17:26:48.136+0530] GC(8)   Evacuate Collection Set: 18.7ms
[2026-02-10T17:26:48.136+0530] GC(8)   Post Evacuate Collection Set: 0.5ms
[2026-02-10T17:26:48.136+0530] GC(8)   Other: 0.2ms
[2026-02-10T17:26:48.136+0530] GC(8) Eden regions: 58->0(54)
[2026-02-10T17:26:48.136+0530] GC(8) Survivor regions: 6->8(8)
[2026-02-10T17:26:48.136+0530] GC(8) Old regions: 21->25
[2026-02-10T17:26:48.136+0530] GC(8) Archive regions: 0->0
[2026-02-10T17:26:48.136+0530] GC(8) Humongous regions: 5->5
[2026-02-10T17:26:48.136+0530] GC(8) Metaspace: 36582K(37184K)->36582K(37184K) NonClass: 32590K(32896K)->32590K(32896K) Class: 3991K(4288K)->3991K(4288K)
[2026-02-10T17:26:48.136+0530] GC(8) Pause Young (Normal) (G1 Evacuation Pause) 89M->37M(128M) 19.739ms
[2026-02-10T17:26:48.136+0530] GC(8) User=0.03s Sys=0.03s Real=0.02s
[2026-02-10T17:26:48.884+0530] GC(9) Pause Young (Normal) (G1 Evacuation Pause)
[2026-02-10T17:26:48.884+0530] GC(9) Using 3 workers of 4 for evacuation
[2026-02-10T17:26:48.906+0530] GC(9)   Pre Evacuate Collection Set: 0.0ms
[2026-02-10T17:26:48.906+0530] GC(9)   Merge Heap Roots: 0.1ms
[2026-02-10T17:26:48.906+0530] GC(9)   Evacuate Collection Set: 21.0ms
[2026-02-10T17:26:48.906+0530] GC(9)   Post Evacuate Collection Set: 0.3ms
[2026-02-10T17:26:48.906+0530] GC(9)   Other: 0.1ms
[2026-02-10T17:26:48.906+0530] GC(9) Eden regions: 54->0(51)
[2026-02-10T17:26:48.906+0530] GC(9) Survivor regions: 8->8(8)
[2026-02-10T17:26:48.906+0530] GC(9) Old regions: 25->33
[2026-02-10T17:26:48.906+0530] GC(9) Archive regions: 0->0
[2026-02-10T17:26:48.906+0530] GC(9) Humongous regions: 5->5
[2026-02-10T17:26:48.906+0530] GC(9) Metaspace: 36625K(37184K)->36625K(37184K) NonClass: 32631K(32896K)->32631K(32896K) Class: 3993K(4288K)->3993K(4288K)
[2026-02-10T17:26:48.906+0530] GC(9) Pause Young (Normal) (G1 Evacuation Pause) 91M->45M(128M) 21.816ms
[2026-02-10T17:26:48.906+0530] GC(9) User=0.09s Sys=0.00s Real=0.02s
[2026-02-10T17:26:49.481+0530] GC(10) Pause Young (Normal) (G1 Evacuation Pause)
[2026-02-10T17:26:49.481+0530] GC(10) Using 3 workers of 4 for evacuation
[2026-02-10T17:26:49.508+0530] GC(10)   Pre Evacuate Collection Set: 0.1ms
[2026-02-10T17:26:49.508+0530] GC(10)   Merge Heap Roots: 0.1ms
[2026-02-10T17:26:49.508+0530] GC(10)   Evacuate Collection Set: 27.0ms
[2026-02-10T17:26:49.508+0530] GC(10)   Post Evacuate Collection Set: 0.3ms
[2026-02-10T17:26:49.508+0530] GC(10)   Other: 0.2ms
[2026-02-10T17:26:49.508+0530] GC(10) Eden regions: 51->0(45)
[2026-02-10T17:26:49.508+0530] GC(10) Survivor regions: 8->8(8)
[2026-02-10T17:26:49.508+0530] GC(10) Old regions: 33->41
[2026-02-10T17:26:49.508+0530] GC(10) Archive regions: 0->0
[2026-02-10T17:26:49.508+0530] GC(10) Humongous regions: 5->5
[2026-02-10T17:26:49.508+0530] GC(10) Metaspace: 36693K(37248K)->36693K(37248K) NonClass: 32693K(32960K)->32693K(32960K) Class: 3999K(4288K)->3999K(4288K)
[2026-02-10T17:26:49.508+0530] GC(10) Pause Young (Normal) (G1 Evacuation Pause) 96M->54M(128M) 27.923ms
[2026-02-10T17:26:49.508+0530] GC(10) User=0.12s Sys=0.00s Real=0.03s
[2026-02-10T17:26:49.960+0530] GC(11) Pause Young (Normal) (G1 Evacuation Pause)
[2026-02-10T17:26:49.960+0530] GC(11) Using 3 workers of 4 for evacuation
[2026-02-10T17:26:49.992+0530] GC(11)   Pre Evacuate Collection Set: 0.1ms
[2026-02-10T17:26:49.992+0530] GC(11)   Merge Heap Roots: 0.2ms
[2026-02-10T17:26:49.992+0530] GC(11)   Evacuate Collection Set: 31.4ms
[2026-02-10T17:26:49.992+0530] GC(11)   Post Evacuate Collection Set: 0.4ms
[2026-02-10T17:26:49.992+0530] GC(11)   Other: 0.1ms
[2026-02-10T17:26:49.992+0530] GC(11) Eden regions: 45->0(36)
[2026-02-10T17:26:49.992+0530] GC(11) Survivor regions: 8->7(7)
[2026-02-10T17:26:49.992+0530] GC(11) Old regions: 41->52
[2026-02-10T17:26:49.992+0530] GC(11) Archive regions: 0->0
[2026-02-10T17:26:49.992+0530] GC(11) Humongous regions: 5->5
[2026-02-10T17:26:49.992+0530] GC(11) Metaspace: 36725K(37312K)->36725K(37312K) NonClass: 32723K(33024K)->32723K(33024K) Class: 4002K(4288K)->4002K(4288K)
[2026-02-10T17:26:49.992+0530] GC(11) Pause Young (Normal) (G1 Evacuation Pause) 99M->63M(128M) 32.381ms
[2026-02-10T17:26:49.992+0530] GC(11) User=0.12s Sys=0.00s Real=0.03s
[2026-02-10T17:26:50.210+0530] Heap
[2026-02-10T17:26:50.210+0530]  garbage-first heap   total 131072K, used 89334K [0x00000000f8000000, 0x0000000100000000)
[2026-02-10T17:26:50.210+0530]   region size 1024K, 31 young (31744K), 7 survivors (7168K)
[2026-02-10T17:26:50.210+0530]  Metaspace       used 36819K, committed 37376K, reserved 1114112K
[2026-02-10T17:26:50.210+0530]   class space    used 4013K, committed 4288K, reserved 1048576K
