[2026-02-10T17:28:28.186+0530] Using G1
[2026-02-10T17:28:28.188+0530] Version: 17.0.12+8-LTS-286 (release)
[2026-02-10T17:28:28.188+0530] CPUs: 8 total, 4 available
[2026-02-10T17:28:28.188+0530] Memory: 7914M
[2026-02-10T17:28:28.188+0530] Large Page Support: Disabled
[2026-02-10T17:28:28.188+0530] NUMA Support: Disabled
[2026-02-10T17:28:28.189+0530] Compressed Oops: Enabled (32-bit)
[2026-02-10T17:28:28.189+0530] Heap Region Size: 1M
[2026-02-10T17:28:28.189+0530] Heap Min Capacity: 256M
[2026-02-10T17:28:28.189+0530] Heap Initial Capacity: 256M
[2026-02-10T17:28:28.189+0530] Heap Max Capacity: 256M
[2026-02-10T17:28:28.189+0530] Pre-touch: Disabled
[2026-02-10T17:28:28.189+0530] Parallel Workers: 4
[2026-02-10T17:28:28.189+0530] Concurrent Workers: 1
[2026-02-10T17:28:28.189+0530] Concurrent Refinement Workers: 4
[2026-02-10T17:28:28.189+0530] Periodic GC: Disabled
[2026-02-10T17:28:28.203+0530] CDS archive(s) mapped at: [0x0000020b92000000-0x0000020b92bd0000-0x0000020b92bd0000), size 12386304, SharedBaseAddress: 0x0000020b92000000, ArchiveRelocationMode: 1.
[2026-02-10T17:28:28.203+0530] Compressed class space mapped at: 0x0000020b93000000-0x0000020bd3000000, reserved size: 1073741824
[2026-02-10T17:28:28.203+0530] Narrow klass base: 0x0000020b92000000, Narrow klass shift: 0, Narrow klass range: 0x100000000
[2026-02-10T17:28:28.794+0530] GC(0) Pause Young (Normal) (G1 Evacuation Pause)
[2026-02-10T17:28:28.794+0530] GC(0) Using 4 workers of 4 for evacuation
[2026-02-10T17:28:28.801+0530] GC(0)   Pre Evacuate Collection Set: 0.1ms
[2026-02-10T17:28:28.801+0530] GC(0)   Merge Heap Roots: 0.1ms
[2026-02-10T17:28:28.801+0530] GC(0)   Evacuate Collection Set: 5.8ms
[2026-02-10T17:28:28.801+0530] GC(0)   Post Evacuate Collection Set: 0.5ms
[2026-02-10T17:28:28.801+0530] GC(0)   Other: 0.6ms
[2026-02-10T17:28:28.801+0530] GC(0) Eden regions: 13->0(13)
[2026-02-10T17:28:28.801+0530] GC(0) Survivor regions: 0->2(2)
[2026-02-10T17:28:28.801+0530] GC(0) Old regions: 0->3
[2026-02-10T17:28:28.801+0530] GC(0) Archive regions: 0->0
[2026-02-10T17:28:28.801+0530] GC(0) Humongous regions: 5->5
[2026-02-10T17:28:28.801+0530] GC(0) Metaspace: 4441K(4672K)->4441K(4672K) NonClass: 3960K(4096K)->3960K(4096K) Class: 480K(576K)->480K(576K)
[2026-02-10T17:28:28.801+0530] GC(0) Pause Young (Normal) (G1 Evacuation Pause) 18M->9M(256M) 7.219ms
[2026-02-10T17:28:28.801+0530] GC(0) User=0.06s Sys=0.00s Real=0.01s
[2026-02-10T17:28:28.999+0530] GC(1) Pause Young (Normal) (G1 Evacuation Pause)
[2026-02-10T17:28:28.999+0530] GC(1) Using 4 workers of 4 for evacuation
[2026-02-10T17:28:29.008+0530] GC(1)   Pre Evacuate Collection Set: 0.1ms
[2026-02-10T17:28:29.008+0530] GC(1)   Merge Heap Roots: 0.1ms
[2026-02-10T17:28:29.008+0530] GC(1)   Evacuate Collection Set: 9.7ms
[2026-02-10T17:28:29.008+0530] GC(1)   Post Evacuate Collection Set: 0.3ms
[2026-02-10T17:28:29.008+0530] GC(1)   Other: 0.2ms
[2026-02-10T17:28:29.008+0530] GC(1) Eden regions: 13->0(19)
[2026-02-10T17:28:29.008+0530] GC(1) Survivor regions: 2->2(2)
[2026-02-10T17:28:29.008+0530] GC(1) Old regions: 3->6
[2026-02-10T17:28:29.008+0530] GC(1) Archive regions: 0->0
[2026-02-10T17:28:29.008+0530] GC(1) Humongous regions: 5->5
[2026-02-10T17:28:29.008+0530] GC(1) Metaspace: 5990K(6144K)->5990K(6144K) NonClass: 5332K(5440K)->5332K(5440K) Class: 657K(704K)->657K(704K)
[2026-02-10T17:28:29.008+0530] GC(1) Pause Young (Normal) (G1 Evacuation Pause) 22M->12M(256M) 10.630ms
[2026-02-10T17:28:29.008+0530] GC(1) User=0.03s Sys=0.00s Real=0.01s
[2026-02-10T17:28:29.543+0530] GC(2) Pause Young (Normal) (G1 Evacuation Pause)
[2026-02-10T17:28:29.543+0530] GC(2) Using 4 workers of 4 for evacuation
[2026-02-10T17:28:29.548+0530] GC(2)   Pre Evacuate Collection Set: 0.1ms
[2026-02-10T17:28:29.548+0530] GC(2)   Merge Heap Roots: 0.1ms
[2026-02-10T17:28:29.548+0530] GC(2)   Evacuate Collection Set: 4.8ms
[2026-02-10T17:28:29.548+0530] GC(2)   Post Evacuate Collection Set: 0.3ms
[2026-02-10T17:28:29.548+0530] GC(2)   Other: 0.1ms
[2026-02-10T17:28:29.548+0530] GC(2) Eden regions: 19->0(95)
[2026-02-10T17:28:29.548+0530] GC(2) Survivor regions: 2->2(3)
[2026-02-10T17:28:29.548+0530] GC(2) Old regions: 6->8
[2026-02-10T17:28:29.548+0530] GC(2) Archive regions: 0->0
[2026-02-10T17:28:29.548+0530] GC(2) Humongous regions: 5->5
[2026-02-10T17:28:29.548+0530] GC(2) Metaspace: 11634K(11840K)->11634K(11840K) NonClass: 10317K(10432K)->10317K(10432K) Class: 1317K(1408K)->1317K(1408K)
[2026-02-10T17:28:29.548+0530] GC(2) Pause Young (Normal) (G1 Evacuation Pause) 31M->14M(256M) 5.594ms
[2026-02-10T17:28:29.549+0530] GC(2) User=0.06s Sys=0.00s Real=0.01s
[2026-02-10T17:28:30.661+0530] GC(3) Pause Young (Concurrent Start) (Metadata GC Threshold)
[2026-02-10T17:28:30.661+0530] GC(3) Using 4 workers of 4 for evacuation
[2026-02-10T17:28:30.669+0530] GC(3)   Pre Evacuate Collection Set: 0.1ms
[2026-02-10T17:28:30.669+0530] GC(3)   Merge Heap Roots: 0.1ms
[2026-02-10T17:28:30.669+0530] GC(3)   Evacuate Collection Set: 7.8ms
[2026-02-10T17:28:30.669+0530] GC(3)   Post Evacuate Collection Set: 0.9ms
[2026-02-10T17:28:30.670+0530] GC(3)   Other: 0.2ms
[2026-02-10T17:28:30.670+0530] GC(3) Eden regions: 62->0(75)
[2026-02-10T17:28:30.670+0530] GC(3) Survivor regions: 2->13(13)
[2026-02-10T17:28:30.670+0530] GC(3) Old regions: 8->8
[2026-02-10T17:28:30.670+0530] GC(3) Archive regions: 0->0
[2026-02-10T17:28:30.670+0530] GC(3) Humongous regions: 5->5
[2026-02-10T17:28:30.670+0530] GC(3) Metaspace: 21213K(21504K)->21213K(21504K) NonClass: 19043K(19200K)->19043K(19200K) Class: 2169K(2304K)->2169K(2304K)
[2026-02-10T17:28:30.670+0530] GC(3) Pause Young (Concurrent Start) (Metadata GC Threshold) 76M->25M(256M) 9.352ms
[2026-02-10T17:28:30.670+0530] GC(3) User=0.00s Sys=0.00s Real=0.01s
[2026-02-10T17:28:30.670+0530] GC(4) Concurrent Mark Cycle
[2026-02-10T17:28:30.670+0530] GC(4) Concurrent Clear Claimed Marks
[2026-02-10T17:28:30.670+0530] GC(4) Concurrent Clear Claimed Marks 0.041ms
[2026-02-10T17:28:30.670+0530] GC(4) Concurrent Scan Root Regions
[2026-02-10T17:28:30.675+0530] GC(4) Concurrent Scan Root Regions 5.212ms
[2026-02-10T17:28:30.675+0530] GC(4) Concurrent Mark
[2026-02-10T17:28:30.675+0530] GC(4) Concurrent Mark From Roots
[2026-02-10T17:28:30.675+0530] GC(4) Using 1 workers of 1 for marking
[2026-02-10T17:28:30.700+0530] GC(4) Concurrent Mark From Roots 25.342ms
[2026-02-10T17:28:30.700+0530] GC(4) Concurrent Preclean
[2026-02-10T17:28:30.700+0530] GC(4) Concurrent Preclean 0.073ms
[2026-02-10T17:28:30.701+0530] GC(4) Pause Remark
[2026-02-10T17:28:30.705+0530] GC(4) Pause Remark 25M->25M(256M) 4.223ms
[2026-02-10T17:28:30.705+0530] GC(4) User=0.06s Sys=0.00s Real=0.00s
[2026-02-10T17:28:30.705+0530] GC(4) Concurrent Mark 30.078ms
[2026-02-10T17:28:30.705+0530] GC(4) Concurrent Rebuild Remembered Sets
[2026-02-10T17:28:30.716+0530] GC(4) Concurrent Rebuild Remembered Sets 10.698ms
[2026-02-10T17:28:30.716+0530] GC(4) Pause Cleanup
[2026-02-10T17:28:30.716+0530] GC(4) Pause Cleanup 25M->25M(256M) 0.105ms
[2026-02-10T17:28:30.716+0530] GC(4) User=0.00s Sys=0.00s Real=0.00s
[2026-02-10T17:28:30.716+0530] GC(4) Concurrent Cleanup for Next Mark
[2026-02-10T17:28:30.718+0530] GC(4) Concurrent Cleanup for Next Mark 1.868ms
[2026-02-10T17:28:30.718+0530] GC(4) Concurrent Mark Cycle 48.839ms
[2026-02-10T17:28:32.195+0530] GC(5) Pause Young (Normal) (G1 Evacuation Pause)
[2026-02-10T17:28:32.195+0530] GC(5) Using 4 workers of 4 for evacuation
[2026-02-10T17:28:32.216+0530] GC(5)   Pre Evacuate Collection Set: 0.2ms
[2026-02-10T17:28:32.216+0530] GC(5)   Merge Heap Roots: 0.1ms
[2026-02-10T17:28:32.216+0530] GC(5)   Evacuate Collection Set: 19.4ms
[2026-02-10T17:28:32.216+0530] GC(5)   Post Evacuate Collection Set: 0.9ms
[2026-02-10T17:28:32.216+0530] GC(5)   Other: 0.6ms
[2026-02-10T17:28:32.216+0530] GC(5) Eden regions: 75->0(148)
[2026-02-10T17:28:32.216+0530] GC(5) Survivor regions: 13->5(11)
[2026-02-10T17:28:32.216+0530] GC(5) Old regions: 8->20
[2026-02-10T17:28:32.216+0530] GC(5) Archive regions: 0->0
[2026-02-10T17:28:32.216+0530] GC(5) Humongous regions: 5->5
[2026-02-10T17:28:32.218+0530] GC(5) Metaspace: 27922K(28352K)->27922K(28352K) NonClass: 24919K(25152K)->24919K(25152K) Class: 3003K(3200K)->3003K(3200K)
[2026-02-10T17:28:32.218+0530] GC(5) Pause Young (Normal) (G1 Evacuation Pause) 100M->28M(256M) 21.413ms
[2026-02-10T17:28:32.218+0530] GC(5) User=0.05s Sys=0.00s Real=0.02s
[2026-02-10T17:28:33.054+0530] GC(6) Pause Young (Concurrent Start) (Metadata GC Threshold)
[2026-02-10T17:28:33.054+0530] GC(6) Using 4 workers of 4 for evacuation
[2026-02-10T17:28:33.059+0530] GC(6)   Pre Evacuate Collection Set: 0.1ms
[2026-02-10T17:28:33.059+0530] GC(6)   Merge Heap Roots: 0.1ms
[2026-02-10T17:28:33.059+0530] GC(6)   Evacuate Collection Set: 5.3ms
[2026-02-10T17:28:33.059+0530] GC(6)   Post Evacuate Collection Set: 0.4ms
[2026-02-10T17:28:33.059+0530] GC(6)   Other: 0.2ms
[2026-02-10T17:28:33.059+0530] GC(6) Eden regions: 35->0(147)
[2026-02-10T17:28:33.059+0530] GC(6) Survivor regions: 5->6(20)
[2026-02-10T17:28:33.059+0530] GC(6) Old regions: 20->20
[2026-02-10T17:28:33.059+0530] GC(6) Archive regions: 0->0
[2026-02-10T17:28:33.059+0530] GC(6) Humongous regions: 5->5
[2026-02-10T17:28:33.059+0530] GC(6) Metaspace: 35619K(36160K)->35619K(36160K) NonClass: 31665K(31936K)->31665K(31936K) Class: 3953K(4224K)->3953K(4224K)
[2026-02-10T17:28:33.059+0530] GC(6) Pause Young (Concurrent Start) (Metadata GC Threshold) 63M->30M(256M) 6.194ms
[2026-02-10T17:28:33.059+0530] GC(6) User=0.00s Sys=0.00s Real=0.01s
[2026-02-10T17:28:33.059+0530] GC(7) Concurrent Mark Cycle
[2026-02-10T17:28:33.059+0530] GC(7) Concurrent Clear Claimed Marks
[2026-02-10T17:28:33.059+0530] GC(7) Concurrent Clear Claimed Marks 0.035ms
[2026-02-10T17:28:33.059+0530] GC(7) Concurrent Scan Root Regions
[2026-02-10T17:28:33.066+0530] GC(7) Concurrent Scan Root Regions 6.274ms
[2026-02-10T17:28:33.066+0530] GC(7) Concurrent Mark
[2026-02-10T17:28:33.066+0530] GC(7) Concurrent Mark From Roots
[2026-02-10T17:28:33.066+0530] GC(7) Using 1 workers of 1 for marking
[2026-02-10T17:28:33.097+0530] GC(7) Concurrent Mark From Roots 31.121ms
[2026-02-10T17:28:33.097+0530] GC(7) Concurrent Preclean
[2026-02-10T17:28:33.097+0530] GC(7) Concurrent Preclean 0.083ms
[2026-02-10T17:28:33.097+0530] GC(7) Pause Remark
[2026-02-10T17:28:33.106+0530] GC(7) Pause Remark 31M->31M(256M) 8.721ms
[2026-02-10T17:28:33.106+0530] GC(7) User=0.00s Sys=0.00s Real=0.01s
[2026-02-10T17:28:33.106+0530] GC(7) Concurrent Mark 40.327ms
[2026-02-10T17:28:33.106+0530] GC(7) Concurrent Rebuild Remembered Sets
[2026-02-10T17:28:33.121+0530] GC(7) Concurrent Rebuild Remembered Sets 14.812ms
[2026-02-10T17:28:33.121+0530] GC(7) Pause Cleanup
[2026-02-10T17:28:33.121+0530] GC(7) Pause Cleanup 31M->31M(256M) 0.117ms
[2026-02-10T17:28:33.121+0530] GC(7) User=0.00s Sys=0.00s Real=0.00s
[2026-02-10T17:28:33.121+0530] GC(7) Concurrent Cleanup for Next Mark
[2026-02-10T17:28:33.123+0530] GC(7) Concurrent Cleanup for Next Mark 1.556ms
[2026-02-10T17:28:33.123+0530] GC(7) Concurrent Mark Cycle 63.578ms
[2026-02-10T17:28:35.618+0530] GC(8) Pause Young (Prepare Mixed) (G1 Evacuation Pause)
[2026-02-10T17:28:35.618+0530] GC(8) Using 4 workers of 4 for evacuation
[2026-02-10T17:28:35.652+0530] GC(8)   Pre Evacuate Collection Set: 0.1ms
[2026-02-10T17:28:35.652+0530] GC(8)   Merge Heap Roots: 0.1ms
[2026-02-10T17:28:35.652+0530] GC(8)   Evacuate Collection Set: 33.4ms
[2026-02-10T17:28:35.652+0530] GC(8)   Post Evacuate Collection Set: 0.8ms
[2026-02-10T17:28:35.652+0530] GC(8)   Other: 0.2ms
[2026-02-10T17:28:35.652+0530] GC(8) Eden regions: 147->0(1)
[2026-02-10T17:28:35.652+0530] GC(8) Survivor regions: 6->20(20)
[2026-02-10T17:28:35.653+0530] GC(8) Old regions: 20->25
[2026-02-10T17:28:35.653+0530] GC(8) Archive regions: 0->0
[2026-02-10T17:28:35.653+0530] GC(8) Humongous regions: 5->5
[2026-02-10T17:28:35.653+0530] GC(8) Metaspace: 36736K(37312K)->36736K(37312K) NonClass: 32735K(33024K)->32735K(33024K) Class: 4001K(4288K)->4001K(4288K)
[2026-02-10T17:28:35.653+0530] GC(8) Pause Young (Prepare Mixed) (G1 Evacuation Pause) 177M->49M(256M) 34.752ms
[2026-02-10T17:28:35.653+0530] GC(8) User=0.11s Sys=0.02s Real=0.04s
[2026-02-10T17:28:35.673+0530] GC(9) Pause Young (Mixed) (G1 Evacuation Pause)
[2026-02-10T17:28:35.673+0530] GC(9) Using 4 workers of 4 for evacuation
[2026-02-10T17:28:35.713+0530] GC(9)   Pre Evacuate Collection Set: 0.1ms
[2026-02-10T17:28:35.713+0530] GC(9)   Merge Heap Roots: 0.3ms
[2026-02-10T17:28:35.713+0530] GC(9)   Evacuate Collection Set: 38.2ms
[2026-02-10T17:28:35.713+0530] GC(9)   Post Evacuate Collection Set: 0.5ms
[2026-02-10T17:28:35.713+0530] GC(9)   Other: 0.2ms
[2026-02-10T17:28:35.713+0530] GC(9) Eden regions: 1->0(124)
[2026-02-10T17:28:35.713+0530] GC(9) Survivor regions: 20->2(3)
[2026-02-10T17:28:35.713+0530] GC(9) Old regions: 25->45
[2026-02-10T17:28:35.713+0530] GC(9) Archive regions: 0->0
[2026-02-10T17:28:35.713+0530] GC(9) Humongous regions: 5->5
[2026-02-10T17:28:35.713+0530] GC(9) Metaspace: 36736K(37312K)->36736K(37312K) NonClass: 32735K(33024K)->32735K(33024K) Class: 4001K(4288K)->4001K(4288K)
[2026-02-10T17:28:35.713+0530] GC(9) Pause Young (Mixed) (G1 Evacuation Pause) 50M->51M(256M) 39.515ms
[2026-02-10T17:28:35.713+0530] GC(9) User=0.09s Sys=0.03s Real=0.04s
[2026-02-10T17:28:36.607+0530] Heap
[2026-02-10T17:28:36.608+0530]  garbage-first heap   total 262144K, used 138397K [0x00000000f0000000, 0x0000000100000000)
[2026-02-10T17:28:36.608+0530]   region size 1024K, 86 young (88064K), 2 survivors (2048K)
[2026-02-10T17:28:36.608+0530]  Metaspace       used 36881K, committed 37504K, reserved 1114112K
[2026-02-10T17:28:36.608+0530]   class space    used 4015K, committed 4288K, reserved 1048576K
