[2026-02-10T17:25:57.259+0530] Using G1
[2026-02-10T17:25:57.262+0530] Version: 17.0.12+8-LTS-286 (release)
[2026-02-10T17:25:57.262+0530] CPUs: 8 total, 4 available
[2026-02-10T17:25:57.262+0530] Memory: 7914M
[2026-02-10T17:25:57.262+0530] Large Page Support: Disabled
[2026-02-10T17:25:57.262+0530] NUMA Support: Disabled
[2026-02-10T17:25:57.262+0530] Compressed Oops: Enabled (32-bit)
[2026-02-10T17:25:57.262+0530] Heap Region Size: 1M
[2026-02-10T17:25:57.262+0530] Heap Min Capacity: 128M
[2026-02-10T17:25:57.262+0530] Heap Initial Capacity: 128M
[2026-02-10T17:25:57.262+0530] Heap Max Capacity: 128M
[2026-02-10T17:25:57.262+0530] Pre-touch: Disabled
[2026-02-10T17:25:57.262+0530] Parallel Workers: 4
[2026-02-10T17:25:57.264+0530] Concurrent Workers: 1
[2026-02-10T17:25:57.264+0530] Concurrent Refinement Workers: 4
[2026-02-10T17:25:57.264+0530] Periodic GC: Disabled
[2026-02-10T17:25:57.279+0530] CDS archive(s) mapped at: [0x0000015c80000000-0x0000015c80bd0000-0x0000015c80bd0000), size 12386304, SharedBaseAddress: 0x0000015c80000000, ArchiveRelocationMode: 1.
[2026-02-10T17:25:57.279+0530] Compressed class space mapped at: 0x0000015c81000000-0x0000015cc1000000, reserved size: 1073741824
[2026-02-10T17:25:57.279+0530] Narrow klass base: 0x0000015c80000000, Narrow klass shift: 0, Narrow klass range: 0x100000000
[2026-02-10T17:25:57.897+0530] GC(0) Pause Young (Normal) (G1 Evacuation Pause)
[2026-02-10T17:25:57.897+0530] GC(0) Using 3 workers of 4 for evacuation
[2026-02-10T17:25:57.906+0530] GC(0)   Pre Evacuate Collection Set: 0.0ms
[2026-02-10T17:25:57.906+0530] GC(0)   Merge Heap Roots: 0.0ms
[2026-02-10T17:25:57.906+0530] GC(0)   Evacuate Collection Set: 7.4ms
[2026-02-10T17:25:57.906+0530] GC(0)   Post Evacuate Collection Set: 1.7ms
[2026-02-10T17:25:57.906+0530] GC(0)   Other: 0.4ms
[2026-02-10T17:25:57.906+0530] GC(0) Eden regions: 13->0(13)
[2026-02-10T17:25:57.906+0530] GC(0) Survivor regions: 0->2(2)
[2026-02-10T17:25:57.906+0530] GC(0) Old regions: 0->3
[2026-02-10T17:25:57.906+0530] GC(0) Archive regions: 0->0
[2026-02-10T17:25:57.906+0530] GC(0) Humongous regions: 5->5
[2026-02-10T17:25:57.906+0530] GC(0) Metaspace: 4446K(4672K)->4446K(4672K) NonClass: 3966K(4096K)->3966K(4096K) Class: 480K(576K)->480K(576K)
[2026-02-10T17:25:57.906+0530] GC(0) Pause Young (Normal) (G1 Evacuation Pause) 18M->9M(128M) 9.754ms
[2026-02-10T17:25:57.906+0530] GC(0) User=0.02s Sys=0.00s Real=0.01s
[2026-02-10T17:25:58.103+0530] GC(1) Pause Young (Normal) (G1 Evacuation Pause)
[2026-02-10T17:25:58.104+0530] GC(1) Using 3 workers of 4 for evacuation
[2026-02-10T17:25:58.112+0530] GC(1)   Pre Evacuate Collection Set: 0.0ms
[2026-02-10T17:25:58.112+0530] GC(1)   Merge Heap Roots: 0.1ms
[2026-02-10T17:25:58.112+0530] GC(1)   Evacuate Collection Set: 7.3ms
[2026-02-10T17:25:58.112+0530] GC(1)   Post Evacuate Collection Set: 0.3ms
[2026-02-10T17:25:58.112+0530] GC(1)   Other: 0.1ms
[2026-02-10T17:25:58.112+0530] GC(1) Eden regions: 13->0(18)
[2026-02-10T17:25:58.112+0530] GC(1) Survivor regions: 2->2(2)
[2026-02-10T17:25:58.112+0530] GC(1) Old regions: 3->6
[2026-02-10T17:25:58.112+0530] GC(1) Archive regions: 0->0
[2026-02-10T17:25:58.112+0530] GC(1) Humongous regions: 5->5
[2026-02-10T17:25:58.112+0530] GC(1) Metaspace: 6005K(6144K)->6005K(6144K) NonClass: 5348K(5440K)->5348K(5440K) Class: 657K(704K)->657K(704K)
[2026-02-10T17:25:58.112+0530] GC(1) Pause Young (Normal) (G1 Evacuation Pause) 22M->12M(128M) 7.987ms
[2026-02-10T17:25:58.112+0530] GC(1) User=0.02s Sys=0.05s Real=0.01s
[2026-02-10T17:25:58.532+0530] GC(2) Pause Young (Normal) (G1 Evacuation Pause)
[2026-02-10T17:25:58.532+0530] GC(2) Using 3 workers of 4 for evacuation
[2026-02-10T17:25:58.538+0530] GC(2)   Pre Evacuate Collection Set: 0.1ms
[2026-02-10T17:25:58.538+0530] GC(2)   Merge Heap Roots: 0.1ms
[2026-02-10T17:25:58.538+0530] GC(2)   Evacuate Collection Set: 4.7ms
[2026-02-10T17:25:58.538+0530] GC(2)   Post Evacuate Collection Set: 0.4ms
[2026-02-10T17:25:58.538+0530] GC(2)   Other: 0.2ms
[2026-02-10T17:25:58.538+0530] GC(2) Eden regions: 18->0(70)
[2026-02-10T17:25:58.538+0530] GC(2) Survivor regions: 2->2(3)
[2026-02-10T17:25:58.538+0530] GC(2) Old regions: 6->8
[2026-02-10T17:25:58.538+0530] GC(2) Archive regions: 0->0
[2026-02-10T17:25:58.538+0530] GC(2) Humongous regions: 5->5
[2026-02-10T17:25:58.538+0530] GC(2) Metaspace: 11350K(11584K)->11350K(11584K) NonClass: 10069K(10176K)->10069K(10176K) Class: 1281K(1408K)->1281K(1408K)
[2026-02-10T17:25:58.538+0530] GC(2) Pause Young (Normal) (G1 Evacuation Pause) 30M->14M(128M) 5.688ms
[2026-02-10T17:25:58.538+0530] GC(2) User=0.00s Sys=0.00s Real=0.01s
[2026-02-10T17:25:59.666+0530] GC(3) Pause Young (Concurrent Start) (Metadata GC Threshold)
[2026-02-10T17:25:59.666+0530] GC(3) Using 3 workers of 4 for evacuation
[2026-02-10T17:25:59.676+0530] GC(3)   Pre Evacuate Collection Set: 0.1ms
[2026-02-10T17:25:59.676+0530] GC(3)   Merge Heap Roots: 0.0ms
[2026-02-10T17:25:59.676+0530] GC(3)   Evacuate Collection Set: 8.6ms
[2026-02-10T17:25:59.676+0530] GC(3)   Post Evacuate Collection Set: 0.5ms
[2026-02-10T17:25:59.676+0530] GC(3)   Other: 0.2ms
[2026-02-10T17:25:59.676+0530] GC(3) Eden regions: 63->0(55)
[2026-02-10T17:25:59.676+0530] GC(3) Survivor regions: 2->9(9)
[2026-02-10T17:25:59.676+0530] GC(3) Old regions: 8->12
[2026-02-10T17:25:59.676+0530] GC(3) Archive regions: 0->0
[2026-02-10T17:25:59.676+0530] GC(3) Humongous regions: 5->5
[2026-02-10T17:25:59.676+0530] GC(3) Metaspace: 21270K(21504K)->21270K(21504K) NonClass: 19099K(19200K)->19099K(19200K) Class: 2171K(2304K)->2171K(2304K)
[2026-02-10T17:25:59.676+0530] GC(3) Pause Young (Concurrent Start) (Metadata GC Threshold) 77M->25M(128M) 9.536ms
[2026-02-10T17:25:59.676+0530] GC(3) User=0.05s Sys=0.00s Real=0.01s
[2026-02-10T17:25:59.676+0530] GC(4) Concurrent Mark Cycle
[2026-02-10T17:25:59.676+0530] GC(4) Concurrent Clear Claimed Marks
[2026-02-10T17:25:59.676+0530] GC(4) Concurrent Clear Claimed Marks 0.030ms
[2026-02-10T17:25:59.676+0530] GC(4) Concurrent Scan Root Regions
[2026-02-10T17:25:59.680+0530] GC(4) Concurrent Scan Root Regions 4.106ms
[2026-02-10T17:25:59.680+0530] GC(4) Concurrent Mark
[2026-02-10T17:25:59.680+0530] GC(4) Concurrent Mark From Roots
[2026-02-10T17:25:59.680+0530] GC(4) Using 1 workers of 1 for marking
[2026-02-10T17:25:59.701+0530] GC(4) Concurrent Mark From Roots 20.654ms
[2026-02-10T17:25:59.701+0530] GC(4) Concurrent Preclean
[2026-02-10T17:25:59.701+0530] GC(4) Concurrent Preclean 0.065ms
[2026-02-10T17:25:59.701+0530] GC(4) Pause Remark
[2026-02-10T17:25:59.705+0530] GC(4) Pause Remark 26M->26M(128M) 3.750ms
[2026-02-10T17:25:59.705+0530] GC(4) User=0.05s Sys=0.02s Real=0.00s
[2026-02-10T17:25:59.705+0530] GC(4) Concurrent Mark 24.798ms
[2026-02-10T17:25:59.705+0530] GC(4) Concurrent Rebuild Remembered Sets
[2026-02-10T17:25:59.715+0530] GC(4) Concurrent Rebuild Remembered Sets 10.079ms
[2026-02-10T17:25:59.715+0530] GC(4) Pause Cleanup
[2026-02-10T17:25:59.715+0530] GC(4) Pause Cleanup 26M->26M(128M) 0.090ms
[2026-02-10T17:25:59.715+0530] GC(4) User=0.00s Sys=0.00s Real=0.00s
[2026-02-10T17:25:59.716+0530] GC(4) Concurrent Cleanup for Next Mark
[2026-02-10T17:25:59.716+0530] GC(4) Concurrent Cleanup for Next Mark 0.874ms
[2026-02-10T17:25:59.716+0530] GC(4) Concurrent Mark Cycle 41.175ms
[2026-02-10T17:26:01.127+0530] GC(5) Pause Young (Normal) (G1 Evacuation Pause)
[2026-02-10T17:26:01.128+0530] GC(5) Using 3 workers of 4 for evacuation
[2026-02-10T17:26:01.152+0530] GC(5)   Pre Evacuate Collection Set: 0.1ms
[2026-02-10T17:26:01.152+0530] GC(5)   Merge Heap Roots: 0.1ms
[2026-02-10T17:26:01.152+0530] GC(5)   Evacuate Collection Set: 23.9ms
[2026-02-10T17:26:01.152+0530] GC(5)   Post Evacuate Collection Set: 0.7ms
[2026-02-10T17:26:01.152+0530] GC(5)   Other: 0.2ms
[2026-02-10T17:26:01.152+0530] GC(5) Eden regions: 55->0(54)
[2026-02-10T17:26:01.152+0530] GC(5) Survivor regions: 9->4(8)
[2026-02-10T17:26:01.152+0530] GC(5) Old regions: 12->21
[2026-02-10T17:26:01.152+0530] GC(5) Archive regions: 0->0
[2026-02-10T17:26:01.152+0530] GC(5) Humongous regions: 5->5
[2026-02-10T17:26:01.153+0530] GC(5) Metaspace: 27591K(28096K)->27591K(28096K) NonClass: 24634K(24896K)->24634K(24896K) Class: 2957K(3200K)->2957K(3200K)
[2026-02-10T17:26:01.153+0530] GC(5) Pause Young (Normal) (G1 Evacuation Pause) 80M->28M(128M) 25.436ms
[2026-02-10T17:26:01.153+0530] GC(5) User=0.05s Sys=0.02s Real=0.03s
[2026-02-10T17:26:02.239+0530] GC(6) Pause Young (Concurrent Start) (Metadata GC Threshold)
[2026-02-10T17:26:02.239+0530] GC(6) Using 3 workers of 4 for evacuation
[2026-02-10T17:26:02.251+0530] GC(6)   Pre Evacuate Collection Set: 0.1ms
[2026-02-10T17:26:02.251+0530] GC(6)   Merge Heap Roots: 1.8ms
[2026-02-10T17:26:02.251+0530] GC(6)   Evacuate Collection Set: 8.9ms
[2026-02-10T17:26:02.251+0530] GC(6)   Post Evacuate Collection Set: 0.5ms
[2026-02-10T17:26:02.251+0530] GC(6)   Other: 0.2ms
[2026-02-10T17:26:02.251+0530] GC(6) Eden regions: 53->0(58)
[2026-02-10T17:26:02.251+0530] GC(6) Survivor regions: 4->6(8)
[2026-02-10T17:26:02.251+0530] GC(6) Old regions: 21->21
[2026-02-10T17:26:02.251+0530] GC(6) Archive regions: 0->0
[2026-02-10T17:26:02.251+0530] GC(6) Humongous regions: 5->5
[2026-02-10T17:26:02.251+0530] GC(6) Metaspace: 35615K(36160K)->35615K(36160K) NonClass: 31672K(31936K)->31672K(31936K) Class: 3942K(4224K)->3942K(4224K)
[2026-02-10T17:26:02.251+0530] GC(6) Pause Young (Concurrent Start) (Metadata GC Threshold) 81M->30M(128M) 11.697ms
[2026-02-10T17:26:02.251+0530] GC(6) User=0.06s Sys=0.00s Real=0.01s
[2026-02-10T17:26:02.251+0530] GC(7) Concurrent Mark Cycle
[2026-02-10T17:26:02.251+0530] GC(7) Concurrent Clear Claimed Marks
[2026-02-10T17:26:02.251+0530] GC(7) Concurrent Clear Claimed Marks 0.045ms
[2026-02-10T17:26:02.251+0530] GC(7) Concurrent Scan Root Regions
[2026-02-10T17:26:02.258+0530] GC(7) Concurrent Scan Root Regions 7.475ms
[2026-02-10T17:26:02.258+0530] GC(7) Concurrent Mark
[2026-02-10T17:26:02.258+0530] GC(7) Concurrent Mark From Roots
[2026-02-10T17:26:02.259+0530] GC(7) Using 1 workers of 1 for marking
[2026-02-10T17:26:02.295+0530] GC(7) Concurrent Mark From Roots 35.713ms
[2026-02-10T17:26:02.295+0530] GC(7) Concurrent Preclean
[2026-02-10T17:26:02.295+0530] GC(7) Concurrent Preclean 0.087ms
[2026-02-10T17:26:02.295+0530] GC(7) Pause Remark
[2026-02-10T17:26:02.311+0530] GC(7) Pause Remark 31M->31M(128M) 16.651ms
[2026-02-10T17:26:02.311+0530] GC(7) User=0.09s Sys=0.02s Real=0.02s
[2026-02-10T17:26:02.312+0530] GC(7) Concurrent Mark 53.193ms
[2026-02-10T17:26:02.312+0530] GC(7) Concurrent Rebuild Remembered Sets
[2026-02-10T17:26:02.330+0530] GC(7) Concurrent Rebuild Remembered Sets 18.464ms
[2026-02-10T17:26:02.330+0530] GC(7) Pause Cleanup
[2026-02-10T17:26:02.331+0530] GC(7) Pause Cleanup 31M->31M(128M) 0.140ms
[2026-02-10T17:26:02.331+0530] GC(7) User=0.00s Sys=0.00s Real=0.00s
[2026-02-10T17:26:02.331+0530] GC(7) Concurrent Cleanup for Next Mark
[2026-02-10T17:26:02.334+0530] GC(7) Concurrent Cleanup for Next Mark 2.311ms
[2026-02-10T17:26:02.334+0530] GC(7) Concurrent Mark Cycle 83.002ms
[2026-02-10T17:26:03.891+0530] GC(8) Pause Young (Normal) (G1 Evacuation Pause)
[2026-02-10T17:26:03.891+0530] GC(8) Using 3 workers of 4 for evacuation
[2026-02-10T17:26:03.910+0530] GC(8)   Pre Evacuate Collection Set: 0.1ms
[2026-02-10T17:26:03.910+0530] GC(8)   Merge Heap Roots: 0.1ms
[2026-02-10T17:26:03.910+0530] GC(8)   Evacuate Collection Set: 18.5ms
[2026-02-10T17:26:03.910+0530] GC(8)   Post Evacuate Collection Set: 0.5ms
[2026-02-10T17:26:03.910+0530] GC(8)   Other: 0.2ms
[2026-02-10T17:26:03.910+0530] GC(8) Eden regions: 58->0(55)
[2026-02-10T17:26:03.910+0530] GC(8) Survivor regions: 6->8(8)
[2026-02-10T17:26:03.910+0530] GC(8) Old regions: 21->25
[2026-02-10T17:26:03.910+0530] GC(8) Archive regions: 0->0
[2026-02-10T17:26:03.910+0530] GC(8) Humongous regions: 5->5
[2026-02-10T17:26:03.910+0530] GC(8) Metaspace: 36744K(37248K)->36744K(37248K) NonClass: 32758K(33024K)->32758K(33024K) Class: 3985K(4224K)->3985K(4224K)
[2026-02-10T17:26:03.910+0530] GC(8) Pause Young (Normal) (G1 Evacuation Pause) 88M->37M(128M) 19.493ms
[2026-02-10T17:26:03.910+0530] GC(8) User=0.06s Sys=0.00s Real=0.02s
[2026-02-10T17:26:04.781+0530] GC(9) Pause Young (Normal) (G1 Evacuation Pause)
[2026-02-10T17:26:04.781+0530] GC(9) Using 3 workers of 4 for evacuation
[2026-02-10T17:26:04.808+0530] GC(9)   Pre Evacuate Collection Set: 0.1ms
[2026-02-10T17:26:04.808+0530] GC(9)   Merge Heap Roots: 0.1ms
[2026-02-10T17:26:04.808+0530] GC(9)   Evacuate Collection Set: 25.5ms
[2026-02-10T17:26:04.808+0530] GC(9)   Post Evacuate Collection Set: 0.5ms
[2026-02-10T17:26:04.808+0530] GC(9)   Other: 0.2ms
[2026-02-10T17:26:04.808+0530] GC(9) Eden regions: 55->0(51)
[2026-02-10T17:26:04.808+0530] GC(9) Survivor regions: 8->8(8)
[2026-02-10T17:26:04.808+0530] GC(9) Old regions: 25->33
[2026-02-10T17:26:04.808+0530] GC(9) Archive regions: 0->0
[2026-02-10T17:26:04.808+0530] GC(9) Humongous regions: 5->5
[2026-02-10T17:26:04.808+0530] GC(9) Metaspace: 36814K(37312K)->36814K(37312K) NonClass: 32821K(33088K)->32821K(33088K) Class: 3992K(4224K)->3992K(4224K)
[2026-02-10T17:26:04.808+0530] GC(9) Pause Young (Normal) (G1 Evacuation Pause) 92M->45M(128M) 26.666ms
[2026-02-10T17:26:04.808+0530] GC(9) User=0.06s Sys=0.00s Real=0.03s
[2026-02-10T17:26:05.441+0530] GC(10) Pause Young (Normal) (G1 Evacuation Pause)
[2026-02-10T17:26:05.441+0530] GC(10) Using 3 workers of 4 for evacuation
[2026-02-10T17:26:05.471+0530] GC(10)   Pre Evacuate Collection Set: 0.1ms
[2026-02-10T17:26:05.471+0530] GC(10)   Merge Heap Roots: 0.1ms
[2026-02-10T17:26:05.471+0530] GC(10)   Evacuate Collection Set: 29.0ms
[2026-02-10T17:26:05.471+0530] GC(10)   Post Evacuate Collection Set: 0.4ms
[2026-02-10T17:26:05.471+0530] GC(10)   Other: 0.2ms
[2026-02-10T17:26:05.471+0530] GC(10) Eden regions: 51->0(45)
[2026-02-10T17:26:05.471+0530] GC(10) Survivor regions: 8->8(8)
[2026-02-10T17:26:05.471+0530] GC(10) Old regions: 33->41
[2026-02-10T17:26:05.471+0530] GC(10) Archive regions: 0->0
[2026-02-10T17:26:05.471+0530] GC(10) Humongous regions: 5->5
[2026-02-10T17:26:05.471+0530] GC(10) Metaspace: 36855K(37376K)->36855K(37376K) NonClass: 32861K(33152K)->32861K(33152K) Class: 3994K(4224K)->3994K(4224K)
[2026-02-10T17:26:05.471+0530] GC(10) Pause Young (Normal) (G1 Evacuation Pause) 96M->53M(128M) 29.942ms
[2026-02-10T17:26:05.471+0530] GC(10) User=0.11s Sys=0.02s Real=0.03s
[2026-02-10T17:26:05.966+0530] GC(11) Pause Young (Normal) (G1 Evacuation Pause)
[2026-02-10T17:26:05.966+0530] GC(11) Using 3 workers of 4 for evacuation
[2026-02-10T17:26:06.001+0530] GC(11)   Pre Evacuate Collection Set: 0.1ms
[2026-02-10T17:26:06.001+0530] GC(11)   Merge Heap Roots: 0.1ms
[2026-02-10T17:26:06.001+0530] GC(11)   Evacuate Collection Set: 34.0ms
[2026-02-10T17:26:06.001+0530] GC(11)   Post Evacuate Collection Set: 0.5ms
[2026-02-10T17:26:06.001+0530] GC(11)   Other: 0.2ms
[2026-02-10T17:26:06.001+0530] GC(11) Eden regions: 45->0(36)
[2026-02-10T17:26:06.001+0530] GC(11) Survivor regions: 8->7(7)
[2026-02-10T17:26:06.001+0530] GC(11) Old regions: 41->52
[2026-02-10T17:26:06.001+0530] GC(11) Archive regions: 0->0
[2026-02-10T17:26:06.001+0530] GC(11) Humongous regions: 5->5
[2026-02-10T17:26:06.001+0530] GC(11) Metaspace: 36885K(37440K)->36885K(37440K) NonClass: 32888K(33216K)->32888K(33216K) Class: 3996K(4224K)->3996K(4224K)
[2026-02-10T17:26:06.001+0530] GC(11) Pause Young (Normal) (G1 Evacuation Pause) 98M->63M(128M) 35.228ms
[2026-02-10T17:26:06.001+0530] GC(11) User=0.16s Sys=0.00s Real=0.03s
[2026-02-10T17:26:06.469+0530] Heap
[2026-02-10T17:26:06.469+0530]  garbage-first heap   total 131072K, used 87337K [0x00000000f8000000, 0x0000000100000000)
[2026-02-10T17:26:06.469+0530]   region size 1024K, 29 young (29696K), 7 survivors (7168K)
[2026-02-10T17:26:06.469+0530]  Metaspace       used 36981K, committed 37568K, reserved 1114112K
[2026-02-10T17:26:06.469+0530]   class space    used 4008K, committed 4288K, reserved 1048576K
