[2026-02-10T21:45:45.356+0530] Using G1
[2026-02-10T21:45:45.360+0530] Version: 17.0.12+8-LTS-286 (release)
[2026-02-10T21:45:45.360+0530] CPUs: 8 total, 4 available
[2026-02-10T21:45:45.360+0530] Memory: 7914M
[2026-02-10T21:45:45.360+0530] Large Page Support: Disabled
[2026-02-10T21:45:45.360+0530] NUMA Support: Disabled
[2026-02-10T21:45:45.360+0530] Compressed Oops: Enabled (32-bit)
[2026-02-10T21:45:45.360+0530] Heap Region Size: 1M
[2026-02-10T21:45:45.360+0530] Heap Min Capacity: 512M
[2026-02-10T21:45:45.360+0530] Heap Initial Capacity: 512M
[2026-02-10T21:45:45.360+0530] Heap Max Capacity: 512M
[2026-02-10T21:45:45.360+0530] Pre-touch: Disabled
[2026-02-10T21:45:45.360+0530] Parallel Workers: 4
[2026-02-10T21:45:45.360+0530] Concurrent Workers: 1
[2026-02-10T21:45:45.360+0530] Concurrent Refinement Workers: 4
[2026-02-10T21:45:45.360+0530] Periodic GC: Disabled
[2026-02-10T21:45:45.370+0530] CDS archive(s) mapped at: [0x000001fb80000000-0x000001fb80bd0000-0x000001fb80bd0000), size 12386304, SharedBaseAddress: 0x000001fb80000000, ArchiveRelocationMode: 1.
[2026-02-10T21:45:45.370+0530] Compressed class space mapped at: 0x000001fb81000000-0x000001fbc1000000, reserved size: 1073741824
[2026-02-10T21:45:45.370+0530] Narrow klass base: 0x000001fb80000000, Narrow klass shift: 0, Narrow klass range: 0x100000000
[2026-02-10T21:45:46.421+0530] GC(0) Pause Young (Normal) (G1 Evacuation Pause)
[2026-02-10T21:45:46.422+0530] GC(0) Using 4 workers of 4 for evacuation
[2026-02-10T21:45:46.434+0530] GC(0)   Pre Evacuate Collection Set: 0.1ms
[2026-02-10T21:45:46.434+0530] GC(0)   Merge Heap Roots: 0.1ms
[2026-02-10T21:45:46.435+0530] GC(0)   Evacuate Collection Set: 11.5ms
[2026-02-10T21:45:46.435+0530] GC(0)   Post Evacuate Collection Set: 0.6ms
[2026-02-10T21:45:46.435+0530] GC(0)   Other: 0.5ms
[2026-02-10T21:45:46.435+0530] GC(0) Eden regions: 25->0(21)
[2026-02-10T21:45:46.435+0530] GC(0) Survivor regions: 0->4(4)
[2026-02-10T21:45:46.435+0530] GC(0) Old regions: 0->4
[2026-02-10T21:45:46.435+0530] GC(0) Archive regions: 0->0
[2026-02-10T21:45:46.435+0530] GC(0) Humongous regions: 5->5
[2026-02-10T21:45:46.435+0530] GC(0) Metaspace: 5436K(5632K)->5436K(5632K) NonClass: 4865K(4992K)->4865K(4992K) Class: 570K(640K)->570K(640K)
[2026-02-10T21:45:46.435+0530] GC(0) Pause Young (Normal) (G1 Evacuation Pause) 30M->12M(512M) 13.093ms
[2026-02-10T21:45:46.435+0530] GC(0) User=0.00s Sys=0.03s Real=0.01s
[2026-02-10T21:45:47.101+0530] GC(1) Pause Young (Normal) (G1 Evacuation Pause)
[2026-02-10T21:45:47.101+0530] GC(1) Using 4 workers of 4 for evacuation
[2026-02-10T21:45:47.112+0530] GC(1)   Pre Evacuate Collection Set: 0.1ms
[2026-02-10T21:45:47.112+0530] GC(1)   Merge Heap Roots: 0.1ms
[2026-02-10T21:45:47.112+0530] GC(1)   Evacuate Collection Set: 9.3ms
[2026-02-10T21:45:47.112+0530] GC(1)   Post Evacuate Collection Set: 0.5ms
[2026-02-10T21:45:47.112+0530] GC(1)   Other: 0.2ms
[2026-02-10T21:45:47.112+0530] GC(1) Eden regions: 21->0(26)
[2026-02-10T21:45:47.112+0530] GC(1) Survivor regions: 4->3(4)
[2026-02-10T21:45:47.112+0530] GC(1) Old regions: 4->8
[2026-02-10T21:45:47.112+0530] GC(1) Archive regions: 0->0
[2026-02-10T21:45:47.112+0530] GC(1) Humongous regions: 5->5
[2026-02-10T21:45:47.112+0530] GC(1) Metaspace: 11714K(11968K)->11714K(11968K) NonClass: 10383K(10496K)->10383K(10496K) Class: 1331K(1472K)->1331K(1472K)
[2026-02-10T21:45:47.112+0530] GC(1) Pause Young (Normal) (G1 Evacuation Pause) 33M->14M(512M) 10.503ms
[2026-02-10T21:45:47.112+0530] GC(1) User=0.00s Sys=0.06s Real=0.01s
[2026-02-10T21:45:47.812+0530] GC(2) Pause Young (Normal) (G1 Evacuation Pause)
[2026-02-10T21:45:47.812+0530] GC(2) Using 4 workers of 4 for evacuation
[2026-02-10T21:45:47.820+0530] GC(2)   Pre Evacuate Collection Set: 0.1ms
[2026-02-10T21:45:47.820+0530] GC(2)   Merge Heap Roots: 0.1ms
[2026-02-10T21:45:47.820+0530] GC(2)   Evacuate Collection Set: 7.5ms
[2026-02-10T21:45:47.820+0530] GC(2)   Post Evacuate Collection Set: 0.4ms
[2026-02-10T21:45:47.820+0530] GC(2)   Other: 0.2ms
[2026-02-10T21:45:47.820+0530] GC(2) Eden regions: 26->0(75)
[2026-02-10T21:45:47.820+0530] GC(2) Survivor regions: 3->4(4)
[2026-02-10T21:45:47.820+0530] GC(2) Old regions: 8->15
[2026-02-10T21:45:47.820+0530] GC(2) Archive regions: 0->0
[2026-02-10T21:45:47.820+0530] GC(2) Humongous regions: 5->5
[2026-02-10T21:45:47.820+0530] GC(2) Metaspace: 14875K(15168K)->14875K(15168K) NonClass: 13209K(13376K)->13209K(13376K) Class: 1665K(1792K)->1665K(1792K)
[2026-02-10T21:45:47.820+0530] GC(2) Pause Young (Normal) (G1 Evacuation Pause) 40M->23M(512M) 8.671ms
[2026-02-10T21:45:47.820+0530] GC(2) User=0.05s Sys=0.02s Real=0.01s
[2026-02-10T21:45:48.761+0530] GC(3) Pause Young (Concurrent Start) (Metadata GC Threshold)
[2026-02-10T21:45:48.762+0530] GC(3) Using 4 workers of 4 for evacuation
[2026-02-10T21:45:48.770+0530] GC(3)   Pre Evacuate Collection Set: 0.1ms
[2026-02-10T21:45:48.770+0530] GC(3)   Merge Heap Roots: 0.1ms
[2026-02-10T21:45:48.770+0530] GC(3)   Evacuate Collection Set: 7.2ms
[2026-02-10T21:45:48.770+0530] GC(3)   Post Evacuate Collection Set: 0.4ms
[2026-02-10T21:45:48.770+0530] GC(3)   Other: 0.2ms
[2026-02-10T21:45:48.770+0530] GC(3) Eden regions: 36->0(146)
[2026-02-10T21:45:48.770+0530] GC(3) Survivor regions: 4->7(10)
[2026-02-10T21:45:48.770+0530] GC(3) Old regions: 15->15
[2026-02-10T21:45:48.770+0530] GC(3) Archive regions: 0->0
[2026-02-10T21:45:48.770+0530] GC(3) Humongous regions: 5->5
[2026-02-10T21:45:48.770+0530] GC(3) Metaspace: 21272K(21504K)->21272K(21504K) NonClass: 19100K(19200K)->19100K(19200K) Class: 2172K(2304K)->2172K(2304K)
[2026-02-10T21:45:48.770+0530] GC(3) Pause Young (Concurrent Start) (Metadata GC Threshold) 59M->25M(512M) 8.285ms
[2026-02-10T21:45:48.770+0530] GC(3) User=0.05s Sys=0.02s Real=0.01s
[2026-02-10T21:45:48.770+0530] GC(4) Concurrent Mark Cycle
[2026-02-10T21:45:48.770+0530] GC(4) Concurrent Clear Claimed Marks
[2026-02-10T21:45:48.770+0530] GC(4) Concurrent Clear Claimed Marks 0.033ms
[2026-02-10T21:45:48.770+0530] GC(4) Concurrent Scan Root Regions
[2026-02-10T21:45:48.774+0530] GC(4) Concurrent Scan Root Regions 4.076ms
[2026-02-10T21:45:48.774+0530] GC(4) Concurrent Mark
[2026-02-10T21:45:48.774+0530] GC(4) Concurrent Mark From Roots
[2026-02-10T21:45:48.774+0530] GC(4) Using 1 workers of 1 for marking
[2026-02-10T21:45:48.798+0530] GC(4) Concurrent Mark From Roots 24.182ms
[2026-02-10T21:45:48.798+0530] GC(4) Concurrent Preclean
[2026-02-10T21:45:48.798+0530] GC(4) Concurrent Preclean 0.077ms
[2026-02-10T21:45:48.798+0530] GC(4) Pause Remark
[2026-02-10T21:45:48.802+0530] GC(4) Pause Remark 26M->26M(512M) 2.421ms
[2026-02-10T21:45:48.802+0530] GC(4) User=0.03s Sys=0.03s Real=0.00s
[2026-02-10T21:45:48.802+0530] GC(4) Concurrent Mark 27.083ms
[2026-02-10T21:45:48.802+0530] GC(4) Concurrent Rebuild Remembered Sets
[2026-02-10T21:45:48.812+0530] GC(4) Concurrent Rebuild Remembered Sets 10.803ms
[2026-02-10T21:45:48.812+0530] GC(4) Pause Cleanup
[2026-02-10T21:45:48.812+0530] GC(4) Pause Cleanup 26M->26M(512M) 0.117ms
[2026-02-10T21:45:48.812+0530] GC(4) User=0.00s Sys=0.00s Real=0.00s
[2026-02-10T21:45:48.812+0530] GC(4) Concurrent Cleanup for Next Mark
[2026-02-10T21:45:48.816+0530] GC(4) Concurrent Cleanup for Next Mark 3.127ms
[2026-02-10T21:45:48.816+0530] GC(4) Concurrent Mark Cycle 45.674ms
[2026-02-10T21:45:51.687+0530] GC(5) Pause Young (Concurrent Start) (Metadata GC Threshold)
[2026-02-10T21:45:51.687+0530] GC(5) Using 4 workers of 4 for evacuation
[2026-02-10T21:45:51.711+0530] GC(5)   Pre Evacuate Collection Set: 0.1ms
[2026-02-10T21:45:51.711+0530] GC(5)   Merge Heap Roots: 0.1ms
[2026-02-10T21:45:51.711+0530] GC(5)   Evacuate Collection Set: 22.4ms
[2026-02-10T21:45:51.711+0530] GC(5)   Post Evacuate Collection Set: 0.9ms
[2026-02-10T21:45:51.711+0530] GC(5)   Other: 0.3ms
[2026-02-10T21:45:51.711+0530] GC(5) Eden regions: 109->0(183)
[2026-02-10T21:45:51.711+0530] GC(5) Survivor regions: 7->11(20)
[2026-02-10T21:45:51.711+0530] GC(5) Old regions: 15->15
[2026-02-10T21:45:51.711+0530] GC(5) Archive regions: 0->0
[2026-02-10T21:45:51.711+0530] GC(5) Humongous regions: 5->5
[2026-02-10T21:45:51.711+0530] GC(5) Metaspace: 35557K(36096K)->35557K(36096K) NonClass: 31614K(31872K)->31614K(31872K) Class: 3943K(4224K)->3943K(4224K)
[2026-02-10T21:45:51.711+0530] GC(5) Pause Young (Concurrent Start) (Metadata GC Threshold) 134M->30M(512M) 24.315ms
[2026-02-10T21:45:51.711+0530] GC(5) User=0.11s Sys=0.02s Real=0.02s
[2026-02-10T21:45:51.711+0530] GC(6) Concurrent Mark Cycle
[2026-02-10T21:45:51.711+0530] GC(6) Concurrent Clear Claimed Marks
[2026-02-10T21:45:51.711+0530] GC(6) Concurrent Clear Claimed Marks 0.053ms
[2026-02-10T21:45:51.711+0530] GC(6) Concurrent Scan Root Regions
[2026-02-10T21:45:51.756+0530] GC(6) Concurrent Scan Root Regions 43.965ms
[2026-02-10T21:45:51.756+0530] GC(6) Concurrent Mark
[2026-02-10T21:45:51.756+0530] GC(6) Concurrent Mark From Roots
[2026-02-10T21:45:51.756+0530] GC(6) Using 1 workers of 1 for marking
[2026-02-10T21:45:51.788+0530] GC(6) Concurrent Mark From Roots 32.451ms
[2026-02-10T21:45:51.788+0530] GC(6) Concurrent Preclean
[2026-02-10T21:45:51.788+0530] GC(6) Concurrent Preclean 0.082ms
[2026-02-10T21:45:51.788+0530] GC(6) Pause Remark
[2026-02-10T21:45:51.794+0530] GC(6) Pause Remark 32M->32M(512M) 5.886ms
[2026-02-10T21:45:51.794+0530] GC(6) User=0.00s Sys=0.00s Real=0.01s
[2026-02-10T21:45:51.795+0530] GC(6) Concurrent Mark 39.416ms
[2026-02-10T21:45:51.795+0530] GC(6) Concurrent Rebuild Remembered Sets
[2026-02-10T21:45:51.809+0530] GC(6) Concurrent Rebuild Remembered Sets 14.216ms
[2026-02-10T21:45:51.810+0530] GC(6) Pause Cleanup
[2026-02-10T21:45:51.810+0530] GC(6) Pause Cleanup 32M->32M(512M) 0.183ms
[2026-02-10T21:45:51.810+0530] GC(6) User=0.00s Sys=0.00s Real=0.00s
[2026-02-10T21:45:51.811+0530] GC(6) Concurrent Cleanup for Next Mark
[2026-02-10T21:45:51.815+0530] GC(6) Concurrent Cleanup for Next Mark 4.343ms
[2026-02-10T21:45:51.815+0530] GC(6) Concurrent Mark Cycle 103.419ms
[2026-02-10T21:45:57.715+0530] GC(7) Pause Young (Normal) (G1 Evacuation Pause)
[2026-02-10T21:45:57.715+0530] GC(7) Using 4 workers of 4 for evacuation
[2026-02-10T21:45:57.830+0530] GC(7)   Pre Evacuate Collection Set: 0.1ms
[2026-02-10T21:45:57.830+0530] GC(7)   Merge Heap Roots: 0.1ms
[2026-02-10T21:45:57.830+0530] GC(7)   Evacuate Collection Set: 114.2ms
[2026-02-10T21:45:57.830+0530] GC(7)   Post Evacuate Collection Set: 1.3ms
[2026-02-10T21:45:57.830+0530] GC(7)   Other: 0.3ms
[2026-02-10T21:45:57.830+0530] GC(7) Eden regions: 206->0(125)
[2026-02-10T21:45:57.830+0530] GC(7) Survivor regions: 11->28(28)
[2026-02-10T21:45:57.830+0530] GC(7) Old regions: 15->28
[2026-02-10T21:45:57.830+0530] GC(7) Archive regions: 0->0
[2026-02-10T21:45:57.830+0530] GC(7) Humongous regions: 5->5
[2026-02-10T21:45:57.830+0530] GC(7) Metaspace: 36876K(37440K)->36876K(37440K) NonClass: 32864K(33152K)->32864K(33152K) Class: 4012K(4288K)->4012K(4288K)
[2026-02-10T21:45:57.830+0530] GC(7) Pause Young (Normal) (G1 Evacuation Pause) 236M->60M(512M) 116.233ms
[2026-02-10T21:45:57.830+0530] GC(7) User=0.39s Sys=0.08s Real=0.12s
[2026-02-10T21:45:58.145+0530] GC(8) Pause Young (Normal) (G1 Evacuation Pause)
[2026-02-10T21:45:58.145+0530] GC(8) Using 4 workers of 4 for evacuation
[2026-02-10T21:45:58.237+0530] GC(8)   Pre Evacuate Collection Set: 0.2ms
[2026-02-10T21:45:58.237+0530] GC(8)   Merge Heap Roots: 0.8ms
[2026-02-10T21:45:58.237+0530] GC(8)   Evacuate Collection Set: 89.8ms
[2026-02-10T21:45:58.237+0530] GC(8)   Post Evacuate Collection Set: 0.9ms
[2026-02-10T21:45:58.237+0530] GC(8)   Other: 0.3ms
[2026-02-10T21:45:58.237+0530] GC(8) Eden regions: 7->0(89)
[2026-02-10T21:45:58.237+0530] GC(8) Survivor regions: 28->3(5)
[2026-02-10T21:45:58.237+0530] GC(8) Old regions: 28->57
[2026-02-10T21:45:58.237+0530] GC(8) Archive regions: 0->0
[2026-02-10T21:45:58.237+0530] GC(8) Humongous regions: 5->5
[2026-02-10T21:45:58.237+0530] GC(8) Metaspace: 36882K(37440K)->36882K(37440K) NonClass: 32870K(33152K)->32870K(33152K) Class: 4012K(4288K)->4012K(4288K)
[2026-02-10T21:45:58.237+0530] GC(8) Pause Young (Normal) (G1 Evacuation Pause) 67M->64M(512M) 92.315ms
[2026-02-10T21:45:58.237+0530] GC(8) User=0.31s Sys=0.03s Real=0.09s
[2026-02-10T21:45:58.328+0530] Heap
[2026-02-10T21:45:58.328+0530]  garbage-first heap   total 524288K, used 74221K [0x00000000e0000000, 0x0000000100000000)
[2026-02-10T21:45:58.328+0530]   region size 1024K, 11 young (11264K), 3 survivors (3072K)
[2026-02-10T21:45:58.328+0530]  Metaspace       used 36961K, committed 37568K, reserved 1114112K
[2026-02-10T21:45:58.328+0530]   class space    used 4023K, committed 4288K, reserved 1048576K
