[2026-02-10T21:42:54.387+0530] Using G1
[2026-02-10T21:42:54.396+0530] Version: 17.0.12+8-LTS-286 (release)
[2026-02-10T21:42:54.396+0530] CPUs: 8 total, 4 available
[2026-02-10T21:42:54.396+0530] Memory: 7914M
[2026-02-10T21:42:54.396+0530] Large Page Support: Disabled
[2026-02-10T21:42:54.396+0530] NUMA Support: Disabled
[2026-02-10T21:42:54.396+0530] Compressed Oops: Enabled (32-bit)
[2026-02-10T21:42:54.396+0530] Heap Region Size: 1M
[2026-02-10T21:42:54.396+0530] Heap Min Capacity: 512M
[2026-02-10T21:42:54.396+0530] Heap Initial Capacity: 512M
[2026-02-10T21:42:54.397+0530] Heap Max Capacity: 512M
[2026-02-10T21:42:54.397+0530] Pre-touch: Disabled
[2026-02-10T21:42:54.397+0530] Parallel Workers: 4
[2026-02-10T21:42:54.397+0530] Concurrent Workers: 1
[2026-02-10T21:42:54.397+0530] Concurrent Refinement Workers: 4
[2026-02-10T21:42:54.397+0530] Periodic GC: Disabled
[2026-02-10T21:42:54.421+0530] CDS archive(s) mapped at: [0x0000017997000000-0x0000017997bd0000-0x0000017997bd0000), size 12386304, SharedBaseAddress: 0x0000017997000000, ArchiveRelocationMode: 1.
[2026-02-10T21:42:54.422+0530] Compressed class space mapped at: 0x0000017998000000-0x00000179d8000000, reserved size: 1073741824
[2026-02-10T21:42:54.422+0530] Narrow klass base: 0x0000017997000000, Narrow klass shift: 0, Narrow klass range: 0x100000000
[2026-02-10T21:42:55.860+0530] GC(0) Pause Young (Normal) (G1 Evacuation Pause)
[2026-02-10T21:42:55.860+0530] GC(0) Using 4 workers of 4 for evacuation
[2026-02-10T21:42:55.875+0530] GC(0)   Pre Evacuate Collection Set: 0.1ms
[2026-02-10T21:42:55.875+0530] GC(0)   Merge Heap Roots: 0.1ms
[2026-02-10T21:42:55.875+0530] GC(0)   Evacuate Collection Set: 14.6ms
[2026-02-10T21:42:55.875+0530] GC(0)   Post Evacuate Collection Set: 0.5ms
[2026-02-10T21:42:55.875+0530] GC(0)   Other: 0.5ms
[2026-02-10T21:42:55.875+0530] GC(0) Eden regions: 25->0(21)
[2026-02-10T21:42:55.875+0530] GC(0) Survivor regions: 0->4(4)
[2026-02-10T21:42:55.875+0530] GC(0) Old regions: 0->4
[2026-02-10T21:42:55.875+0530] GC(0) Archive regions: 0->0
[2026-02-10T21:42:55.875+0530] GC(0) Humongous regions: 5->5
[2026-02-10T21:42:55.875+0530] GC(0) Metaspace: 5638K(5824K)->5638K(5824K) NonClass: 5037K(5120K)->5037K(5120K) Class: 600K(704K)->600K(704K)
[2026-02-10T21:42:55.875+0530] GC(0) Pause Young (Normal) (G1 Evacuation Pause) 30M->12M(512M) 16.173ms
[2026-02-10T21:42:55.875+0530] GC(0) User=0.05s Sys=0.02s Real=0.02s
[2026-02-10T21:42:56.924+0530] GC(1) Pause Young (Normal) (G1 Evacuation Pause)
[2026-02-10T21:42:56.924+0530] GC(1) Using 4 workers of 4 for evacuation
[2026-02-10T21:42:56.933+0530] GC(1)   Pre Evacuate Collection Set: 0.1ms
[2026-02-10T21:42:56.933+0530] GC(1)   Merge Heap Roots: 0.1ms
[2026-02-10T21:42:56.933+0530] GC(1)   Evacuate Collection Set: 8.2ms
[2026-02-10T21:42:56.933+0530] GC(1)   Post Evacuate Collection Set: 0.6ms
[2026-02-10T21:42:56.933+0530] GC(1)   Other: 0.2ms
[2026-02-10T21:42:56.933+0530] GC(1) Eden regions: 21->0(23)
[2026-02-10T21:42:56.933+0530] GC(1) Survivor regions: 4->2(4)
[2026-02-10T21:42:56.933+0530] GC(1) Old regions: 4->8
[2026-02-10T21:42:56.933+0530] GC(1) Archive regions: 0->0
[2026-02-10T21:42:56.934+0530] GC(1) Humongous regions: 5->5
[2026-02-10T21:42:56.934+0530] GC(1) Metaspace: 11924K(12160K)->11924K(12160K) NonClass: 10571K(10688K)->10571K(10688K) Class: 1352K(1472K)->1352K(1472K)
[2026-02-10T21:42:56.934+0530] GC(1) Pause Young (Normal) (G1 Evacuation Pause) 33M->14M(512M) 9.452ms
[2026-02-10T21:42:56.934+0530] GC(1) User=0.02s Sys=0.00s Real=0.01s
[2026-02-10T21:42:57.789+0530] GC(2) Pause Young (Normal) (G1 Evacuation Pause)
[2026-02-10T21:42:57.790+0530] GC(2) Using 4 workers of 4 for evacuation
[2026-02-10T21:42:57.798+0530] GC(2)   Pre Evacuate Collection Set: 0.1ms
[2026-02-10T21:42:57.798+0530] GC(2)   Merge Heap Roots: 0.1ms
[2026-02-10T21:42:57.798+0530] GC(2)   Evacuate Collection Set: 7.3ms
[2026-02-10T21:42:57.798+0530] GC(2)   Post Evacuate Collection Set: 0.5ms
[2026-02-10T21:42:57.798+0530] GC(2)   Other: 0.2ms
[2026-02-10T21:42:57.798+0530] GC(2) Eden regions: 23->0(35)
[2026-02-10T21:42:57.799+0530] GC(2) Survivor regions: 2->4(4)
[2026-02-10T21:42:57.799+0530] GC(2) Old regions: 8->14
[2026-02-10T21:42:57.799+0530] GC(2) Archive regions: 0->0
[2026-02-10T21:42:57.799+0530] GC(2) Humongous regions: 5->5
[2026-02-10T21:42:57.799+0530] GC(2) Metaspace: 14880K(15168K)->14880K(15168K) NonClass: 13226K(13376K)->13226K(13376K) Class: 1654K(1792K)->1654K(1792K)
[2026-02-10T21:42:57.799+0530] GC(2) Pause Young (Normal) (G1 Evacuation Pause) 37M->23M(512M) 8.789ms
[2026-02-10T21:42:57.799+0530] GC(2) User=0.00s Sys=0.00s Real=0.01s
[2026-02-10T21:42:58.956+0530] GC(3) Pause Young (Normal) (G1 Evacuation Pause)
[2026-02-10T21:42:58.956+0530] GC(3) Using 4 workers of 4 for evacuation
[2026-02-10T21:42:58.965+0530] GC(3)   Pre Evacuate Collection Set: 0.1ms
[2026-02-10T21:42:58.965+0530] GC(3)   Merge Heap Roots: 0.1ms
[2026-02-10T21:42:58.965+0530] GC(3)   Evacuate Collection Set: 7.4ms
[2026-02-10T21:42:58.965+0530] GC(3)   Post Evacuate Collection Set: 0.4ms
[2026-02-10T21:42:58.965+0530] GC(3)   Other: 0.2ms
[2026-02-10T21:42:58.965+0530] GC(3) Eden regions: 35->0(143)
[2026-02-10T21:42:58.965+0530] GC(3) Survivor regions: 4->2(5)
[2026-02-10T21:42:58.965+0530] GC(3) Old regions: 14->19
[2026-02-10T21:42:58.965+0530] GC(3) Archive regions: 0->0
[2026-02-10T21:42:58.965+0530] GC(3) Humongous regions: 5->5
[2026-02-10T21:42:58.965+0530] GC(3) Metaspace: 20298K(20672K)->20298K(20672K) NonClass: 18195K(18368K)->18195K(18368K) Class: 2102K(2304K)->2102K(2304K)
[2026-02-10T21:42:58.965+0530] GC(3) Pause Young (Normal) (G1 Evacuation Pause) 58M->25M(512M) 8.492ms
[2026-02-10T21:42:58.965+0530] GC(3) User=0.00s Sys=0.00s Real=0.01s
[2026-02-10T21:42:59.144+0530] GC(4) Pause Young (Concurrent Start) (Metadata GC Threshold)
[2026-02-10T21:42:59.144+0530] GC(4) Using 4 workers of 4 for evacuation
[2026-02-10T21:42:59.149+0530] GC(4)   Pre Evacuate Collection Set: 0.1ms
[2026-02-10T21:42:59.149+0530] GC(4)   Merge Heap Roots: 0.1ms
[2026-02-10T21:42:59.149+0530] GC(4)   Evacuate Collection Set: 4.1ms
[2026-02-10T21:42:59.149+0530] GC(4)   Post Evacuate Collection Set: 0.4ms
[2026-02-10T21:42:59.149+0530] GC(4)   Other: 0.4ms
[2026-02-10T21:42:59.149+0530] GC(4) Eden regions: 3->0(91)
[2026-02-10T21:42:59.149+0530] GC(4) Survivor regions: 2->3(19)
[2026-02-10T21:42:59.149+0530] GC(4) Old regions: 19->19
[2026-02-10T21:42:59.149+0530] GC(4) Archive regions: 0->0
[2026-02-10T21:42:59.149+0530] GC(4) Humongous regions: 5->5
[2026-02-10T21:42:59.149+0530] GC(4) Metaspace: 21190K(21504K)->21190K(21504K) NonClass: 19035K(19200K)->19035K(19200K) Class: 2154K(2304K)->2154K(2304K)
[2026-02-10T21:42:59.149+0530] GC(4) Pause Young (Concurrent Start) (Metadata GC Threshold) 27M->25M(512M) 5.362ms
[2026-02-10T21:42:59.149+0530] GC(4) User=0.00s Sys=0.00s Real=0.00s
[2026-02-10T21:42:59.149+0530] GC(5) Concurrent Mark Cycle
[2026-02-10T21:42:59.149+0530] GC(5) Concurrent Clear Claimed Marks
[2026-02-10T21:42:59.149+0530] GC(5) Concurrent Clear Claimed Marks 0.054ms
[2026-02-10T21:42:59.149+0530] GC(5) Concurrent Scan Root Regions
[2026-02-10T21:42:59.152+0530] GC(5) Concurrent Scan Root Regions 2.683ms
[2026-02-10T21:42:59.152+0530] GC(5) Concurrent Mark
[2026-02-10T21:42:59.152+0530] GC(5) Concurrent Mark From Roots
[2026-02-10T21:42:59.152+0530] GC(5) Using 1 workers of 1 for marking
[2026-02-10T21:42:59.184+0530] GC(5) Concurrent Mark From Roots 32.159ms
[2026-02-10T21:42:59.184+0530] GC(5) Concurrent Preclean
[2026-02-10T21:42:59.184+0530] GC(5) Concurrent Preclean 0.105ms
[2026-02-10T21:42:59.184+0530] GC(5) Pause Remark
[2026-02-10T21:42:59.194+0530] GC(5) Pause Remark 26M->26M(512M) 9.592ms
[2026-02-10T21:42:59.194+0530] GC(5) User=0.03s Sys=0.03s Real=0.01s
[2026-02-10T21:42:59.195+0530] GC(5) Concurrent Mark 43.112ms
[2026-02-10T21:42:59.195+0530] GC(5) Concurrent Rebuild Remembered Sets
[2026-02-10T21:42:59.210+0530] GC(5) Concurrent Rebuild Remembered Sets 14.726ms
[2026-02-10T21:42:59.210+0530] GC(5) Pause Cleanup
[2026-02-10T21:42:59.211+0530] GC(5) Pause Cleanup 26M->26M(512M) 0.866ms
[2026-02-10T21:42:59.211+0530] GC(5) User=0.00s Sys=0.00s Real=0.00s
[2026-02-10T21:42:59.212+0530] GC(5) Concurrent Cleanup for Next Mark
[2026-02-10T21:42:59.218+0530] GC(5) Concurrent Cleanup for Next Mark 6.327ms
[2026-02-10T21:42:59.218+0530] GC(5) Concurrent Mark Cycle 68.864ms
[2026-02-10T21:43:01.703+0530] GC(6) Pause Young (Normal) (G1 Evacuation Pause)
[2026-02-10T21:43:01.703+0530] GC(6) Using 4 workers of 4 for evacuation
[2026-02-10T21:43:01.711+0530] GC(6)   Pre Evacuate Collection Set: 0.1ms
[2026-02-10T21:43:01.711+0530] GC(6)   Merge Heap Roots: 0.1ms
[2026-02-10T21:43:01.711+0530] GC(6)   Evacuate Collection Set: 7.5ms
[2026-02-10T21:43:01.711+0530] GC(6)   Post Evacuate Collection Set: 0.6ms
[2026-02-10T21:43:01.711+0530] GC(6)   Other: 0.1ms
[2026-02-10T21:43:01.711+0530] GC(6) Eden regions: 91->0(301)
[2026-02-10T21:43:01.711+0530] GC(6) Survivor regions: 3->6(12)
[2026-02-10T21:43:01.711+0530] GC(6) Old regions: 19->19
[2026-02-10T21:43:01.711+0530] GC(6) Archive regions: 0->0
[2026-02-10T21:43:01.711+0530] GC(6) Humongous regions: 5->5
[2026-02-10T21:43:01.711+0530] GC(6) Metaspace: 31782K(32256K)->31782K(32256K) NonClass: 28351K(28608K)->28351K(28608K) Class: 3431K(3648K)->3431K(3648K)
[2026-02-10T21:43:01.711+0530] GC(6) Pause Young (Normal) (G1 Evacuation Pause) 116M->29M(512M) 8.565ms
[2026-02-10T21:43:01.711+0530] GC(6) User=0.05s Sys=0.02s Real=0.01s
[2026-02-10T21:43:02.235+0530] GC(7) Pause Young (Concurrent Start) (Metadata GC Threshold)
[2026-02-10T21:43:02.235+0530] GC(7) Using 4 workers of 4 for evacuation
[2026-02-10T21:43:02.247+0530] GC(7)   Pre Evacuate Collection Set: 0.2ms
[2026-02-10T21:43:02.247+0530] GC(7)   Merge Heap Roots: 0.1ms
[2026-02-10T21:43:02.247+0530] GC(7)   Evacuate Collection Set: 10.8ms
[2026-02-10T21:43:02.247+0530] GC(7)   Post Evacuate Collection Set: 0.6ms
[2026-02-10T21:43:02.247+0530] GC(7)   Other: 0.2ms
[2026-02-10T21:43:02.247+0530] GC(7) Eden regions: 20->0(299)
[2026-02-10T21:43:02.247+0530] GC(7) Survivor regions: 6->8(39)
[2026-02-10T21:43:02.247+0530] GC(7) Old regions: 19->19
[2026-02-10T21:43:02.247+0530] GC(7) Archive regions: 0->0
[2026-02-10T21:43:02.247+0530] GC(7) Humongous regions: 5->5
[2026-02-10T21:43:02.247+0530] GC(7) Metaspace: 35632K(36096K)->35632K(36096K) NonClass: 31701K(31936K)->31701K(31936K) Class: 3930K(4160K)->3930K(4160K)
[2026-02-10T21:43:02.247+0530] GC(7) Pause Young (Concurrent Start) (Metadata GC Threshold) 48M->30M(512M) 12.165ms
[2026-02-10T21:43:02.247+0530] GC(7) User=0.06s Sys=0.00s Real=0.01s
[2026-02-10T21:43:02.247+0530] GC(8) Concurrent Mark Cycle
[2026-02-10T21:43:02.247+0530] GC(8) Concurrent Clear Claimed Marks
[2026-02-10T21:43:02.247+0530] GC(8) Concurrent Clear Claimed Marks 0.049ms
[2026-02-10T21:43:02.247+0530] GC(8) Concurrent Scan Root Regions
[2026-02-10T21:43:02.257+0530] GC(8) Concurrent Scan Root Regions 10.039ms
[2026-02-10T21:43:02.257+0530] GC(8) Concurrent Mark
[2026-02-10T21:43:02.257+0530] GC(8) Concurrent Mark From Roots
[2026-02-10T21:43:02.257+0530] GC(8) Using 1 workers of 1 for marking
[2026-02-10T21:43:02.287+0530] GC(8) Concurrent Mark From Roots 30.795ms
[2026-02-10T21:43:02.288+0530] GC(8) Concurrent Preclean
[2026-02-10T21:43:02.288+0530] GC(8) Concurrent Preclean 0.103ms
[2026-02-10T21:43:02.288+0530] GC(8) Pause Remark
[2026-02-10T21:43:02.297+0530] GC(8) Pause Remark 33M->33M(512M) 9.566ms
[2026-02-10T21:43:02.297+0530] GC(8) User=0.00s Sys=0.00s Real=0.01s
[2026-02-10T21:43:02.297+0530] GC(8) Concurrent Mark 40.877ms
[2026-02-10T21:43:02.298+0530] GC(8) Concurrent Rebuild Remembered Sets
[2026-02-10T21:43:02.311+0530] GC(8) Concurrent Rebuild Remembered Sets 13.474ms
[2026-02-10T21:43:02.312+0530] GC(8) Pause Cleanup
[2026-02-10T21:43:02.312+0530] GC(8) Pause Cleanup 33M->33M(512M) 0.159ms
[2026-02-10T21:43:02.312+0530] GC(8) User=0.00s Sys=0.00s Real=0.00s
[2026-02-10T21:43:02.312+0530] GC(8) Concurrent Cleanup for Next Mark
[2026-02-10T21:43:02.317+0530] GC(8) Concurrent Cleanup for Next Mark 5.232ms
[2026-02-10T21:43:02.317+0530] GC(8) Concurrent Mark Cycle 70.401ms
[2026-02-10T21:43:06.506+0530] Heap
[2026-02-10T21:43:06.506+0530]  garbage-first heap   total 524288K, used 260955K [0x00000000e0000000, 0x0000000100000000)
[2026-02-10T21:43:06.506+0530]   region size 1024K, 233 young (238592K), 8 survivors (8192K)
[2026-02-10T21:43:06.506+0530]  Metaspace       used 37036K, committed 37504K, reserved 1114112K
[2026-02-10T21:43:06.506+0530]   class space    used 4010K, committed 4224K, reserved 1048576K
