[2026-02-10T17:25:48.575+0530] Using G1
[2026-02-10T17:25:48.577+0530] Version: 17.0.12+8-LTS-286 (release)
[2026-02-10T17:25:48.578+0530] CPUs: 8 total, 4 available
[2026-02-10T17:25:48.578+0530] Memory: 7914M
[2026-02-10T17:25:48.578+0530] Large Page Support: Disabled
[2026-02-10T17:25:48.578+0530] NUMA Support: Disabled
[2026-02-10T17:25:48.578+0530] Compressed Oops: Enabled (32-bit)
[2026-02-10T17:25:48.578+0530] Heap Region Size: 1M
[2026-02-10T17:25:48.578+0530] Heap Min Capacity: 128M
[2026-02-10T17:25:48.578+0530] Heap Initial Capacity: 128M
[2026-02-10T17:25:48.578+0530] Heap Max Capacity: 128M
[2026-02-10T17:25:48.578+0530] Pre-touch: Disabled
[2026-02-10T17:25:48.578+0530] Parallel Workers: 4
[2026-02-10T17:25:48.579+0530] Concurrent Workers: 1
[2026-02-10T17:25:48.579+0530] Concurrent Refinement Workers: 4
[2026-02-10T17:25:48.579+0530] Periodic GC: Disabled
[2026-02-10T17:25:48.595+0530] CDS archive(s) mapped at: [0x000001b997000000-0x000001b997bd0000-0x000001b997bd0000), size 12386304, SharedBaseAddress: 0x000001b997000000, ArchiveRelocationMode: 1.
[2026-02-10T17:25:48.595+0530] Compressed class space mapped at: 0x000001b998000000-0x000001b9d8000000, reserved size: 1073741824
[2026-02-10T17:25:48.595+0530] Narrow klass base: 0x000001b997000000, Narrow klass shift: 0, Narrow klass range: 0x100000000
[2026-02-10T17:25:49.195+0530] GC(0) Pause Young (Normal) (G1 Evacuation Pause)
[2026-02-10T17:25:49.195+0530] GC(0) Using 3 workers of 4 for evacuation
[2026-02-10T17:25:49.202+0530] GC(0)   Pre Evacuate Collection Set: 0.0ms
[2026-02-10T17:25:49.202+0530] GC(0)   Merge Heap Roots: 0.0ms
[2026-02-10T17:25:49.202+0530] GC(0)   Evacuate Collection Set: 5.7ms
[2026-02-10T17:25:49.202+0530] GC(0)   Post Evacuate Collection Set: 0.5ms
[2026-02-10T17:25:49.202+0530] GC(0)   Other: 0.4ms
[2026-02-10T17:25:49.202+0530] GC(0) Eden regions: 13->0(13)
[2026-02-10T17:25:49.202+0530] GC(0) Survivor regions: 0->2(2)
[2026-02-10T17:25:49.202+0530] GC(0) Old regions: 0->3
[2026-02-10T17:25:49.202+0530] GC(0) Archive regions: 0->0
[2026-02-10T17:25:49.202+0530] GC(0) Humongous regions: 5->5
[2026-02-10T17:25:49.202+0530] GC(0) Metaspace: 4459K(4672K)->4459K(4672K) NonClass: 3978K(4096K)->3978K(4096K) Class: 480K(576K)->480K(576K)
[2026-02-10T17:25:49.202+0530] GC(0) Pause Young (Normal) (G1 Evacuation Pause) 18M->9M(128M) 6.891ms
[2026-02-10T17:25:49.202+0530] GC(0) User=0.02s Sys=0.00s Real=0.01s
[2026-02-10T17:25:49.440+0530] GC(1) Pause Young (Normal) (G1 Evacuation Pause)
[2026-02-10T17:25:49.440+0530] GC(1) Using 3 workers of 4 for evacuation
[2026-02-10T17:25:49.451+0530] GC(1)   Pre Evacuate Collection Set: 0.1ms
[2026-02-10T17:25:49.451+0530] GC(1)   Merge Heap Roots: 0.1ms
[2026-02-10T17:25:49.451+0530] GC(1)   Evacuate Collection Set: 9.9ms
[2026-02-10T17:25:49.451+0530] GC(1)   Post Evacuate Collection Set: 0.4ms
[2026-02-10T17:25:49.451+0530] GC(1)   Other: 0.2ms
[2026-02-10T17:25:49.451+0530] GC(1) Eden regions: 13->0(18)
[2026-02-10T17:25:49.451+0530] GC(1) Survivor regions: 2->2(2)
[2026-02-10T17:25:49.451+0530] GC(1) Old regions: 3->6
[2026-02-10T17:25:49.451+0530] GC(1) Archive regions: 0->0
[2026-02-10T17:25:49.451+0530] GC(1) Humongous regions: 5->5
[2026-02-10T17:25:49.451+0530] GC(1) Metaspace: 6009K(6144K)->6009K(6144K) NonClass: 5351K(5440K)->5351K(5440K) Class: 657K(704K)->657K(704K)
[2026-02-10T17:25:49.451+0530] GC(1) Pause Young (Normal) (G1 Evacuation Pause) 22M->12M(128M) 10.901ms
[2026-02-10T17:25:49.451+0530] GC(1) User=0.00s Sys=0.00s Real=0.01s
[2026-02-10T17:25:50.023+0530] GC(2) Pause Young (Normal) (G1 Evacuation Pause)
[2026-02-10T17:25:50.023+0530] GC(2) Using 3 workers of 4 for evacuation
[2026-02-10T17:25:50.031+0530] GC(2)   Pre Evacuate Collection Set: 0.1ms
[2026-02-10T17:25:50.031+0530] GC(2)   Merge Heap Roots: 0.0ms
[2026-02-10T17:25:50.031+0530] GC(2)   Evacuate Collection Set: 7.1ms
[2026-02-10T17:25:50.031+0530] GC(2)   Post Evacuate Collection Set: 0.3ms
[2026-02-10T17:25:50.031+0530] GC(2)   Other: 0.1ms
[2026-02-10T17:25:50.031+0530] GC(2) Eden regions: 18->0(70)
[2026-02-10T17:25:50.031+0530] GC(2) Survivor regions: 2->2(3)
[2026-02-10T17:25:50.031+0530] GC(2) Old regions: 6->8
[2026-02-10T17:25:50.031+0530] GC(2) Archive regions: 0->0
[2026-02-10T17:25:50.031+0530] GC(2) Humongous regions: 5->5
[2026-02-10T17:25:50.031+0530] GC(2) Metaspace: 11385K(11584K)->11385K(11584K) NonClass: 10101K(10176K)->10101K(10176K) Class: 1283K(1408K)->1283K(1408K)
[2026-02-10T17:25:50.031+0530] GC(2) Pause Young (Normal) (G1 Evacuation Pause) 30M->14M(128M) 7.954ms
[2026-02-10T17:25:50.031+0530] GC(2) User=0.02s Sys=0.02s Real=0.01s
[2026-02-10T17:25:51.218+0530] GC(3) Pause Young (Concurrent Start) (Metadata GC Threshold)
[2026-02-10T17:25:51.218+0530] GC(3) Using 3 workers of 4 for evacuation
[2026-02-10T17:25:51.230+0530] GC(3)   Pre Evacuate Collection Set: 0.1ms
[2026-02-10T17:25:51.230+0530] GC(3)   Merge Heap Roots: 0.1ms
[2026-02-10T17:25:51.230+0530] GC(3)   Evacuate Collection Set: 10.9ms
[2026-02-10T17:25:51.230+0530] GC(3)   Post Evacuate Collection Set: 0.4ms
[2026-02-10T17:25:51.230+0530] GC(3)   Other: 0.2ms
[2026-02-10T17:25:51.230+0530] GC(3) Eden regions: 63->0(55)
[2026-02-10T17:25:51.230+0530] GC(3) Survivor regions: 2->9(9)
[2026-02-10T17:25:51.230+0530] GC(3) Old regions: 8->13
[2026-02-10T17:25:51.230+0530] GC(3) Archive regions: 0->0
[2026-02-10T17:25:51.230+0530] GC(3) Humongous regions: 5->5
[2026-02-10T17:25:51.230+0530] GC(3) Metaspace: 21208K(21504K)->21208K(21504K) NonClass: 19044K(19200K)->19044K(19200K) Class: 2163K(2304K)->2163K(2304K)
[2026-02-10T17:25:51.230+0530] GC(3) Pause Young (Concurrent Start) (Metadata GC Threshold) 76M->26M(128M) 11.890ms
[2026-02-10T17:25:51.230+0530] GC(3) User=0.03s Sys=0.00s Real=0.01s
[2026-02-10T17:25:51.230+0530] GC(4) Concurrent Mark Cycle
[2026-02-10T17:25:51.230+0530] GC(4) Concurrent Clear Claimed Marks
[2026-02-10T17:25:51.230+0530] GC(4) Concurrent Clear Claimed Marks 0.034ms
[2026-02-10T17:25:51.230+0530] GC(4) Concurrent Scan Root Regions
[2026-02-10T17:25:51.235+0530] GC(4) Concurrent Scan Root Regions 4.288ms
[2026-02-10T17:25:51.235+0530] GC(4) Concurrent Mark
[2026-02-10T17:25:51.235+0530] GC(4) Concurrent Mark From Roots
[2026-02-10T17:25:51.235+0530] GC(4) Using 1 workers of 1 for marking
[2026-02-10T17:25:51.256+0530] GC(4) Concurrent Mark From Roots 22.038ms
[2026-02-10T17:25:51.257+0530] GC(4) Concurrent Preclean
[2026-02-10T17:25:51.257+0530] GC(4) Concurrent Preclean 0.065ms
[2026-02-10T17:25:51.257+0530] GC(4) Pause Remark
[2026-02-10T17:25:51.259+0530] GC(4) Pause Remark 26M->26M(128M) 2.719ms
[2026-02-10T17:25:51.259+0530] GC(4) User=0.00s Sys=0.00s Real=0.00s
[2026-02-10T17:25:51.260+0530] GC(4) Concurrent Mark 26.014ms
[2026-02-10T17:25:51.260+0530] GC(4) Concurrent Rebuild Remembered Sets
[2026-02-10T17:25:51.274+0530] GC(4) Concurrent Rebuild Remembered Sets 13.643ms
[2026-02-10T17:25:51.274+0530] GC(4) Pause Cleanup
[2026-02-10T17:25:51.274+0530] GC(4) Pause Cleanup 27M->27M(128M) 0.124ms
[2026-02-10T17:25:51.274+0530] GC(4) User=0.00s Sys=0.00s Real=0.00s
[2026-02-10T17:25:51.274+0530] GC(4) Concurrent Cleanup for Next Mark
[2026-02-10T17:25:51.275+0530] GC(4) Concurrent Cleanup for Next Mark 0.854ms
[2026-02-10T17:25:51.275+0530] GC(4) Concurrent Mark Cycle 45.451ms
[2026-02-10T17:25:52.387+0530] GC(5) Pause Young (Normal) (G1 Evacuation Pause)
[2026-02-10T17:25:52.387+0530] GC(5) Using 3 workers of 4 for evacuation
[2026-02-10T17:25:52.404+0530] GC(5)   Pre Evacuate Collection Set: 0.1ms
[2026-02-10T17:25:52.404+0530] GC(5)   Merge Heap Roots: 0.1ms
[2026-02-10T17:25:52.404+0530] GC(5)   Evacuate Collection Set: 15.7ms
[2026-02-10T17:25:52.404+0530] GC(5)   Post Evacuate Collection Set: 0.4ms
[2026-02-10T17:25:52.404+0530] GC(5)   Other: 0.2ms
[2026-02-10T17:25:52.404+0530] GC(5) Eden regions: 55->0(54)
[2026-02-10T17:25:52.404+0530] GC(5) Survivor regions: 9->4(8)
[2026-02-10T17:25:52.404+0530] GC(5) Old regions: 13->21
[2026-02-10T17:25:52.404+0530] GC(5) Archive regions: 0->0
[2026-02-10T17:25:52.404+0530] GC(5) Humongous regions: 5->5
[2026-02-10T17:25:52.404+0530] GC(5) Metaspace: 27521K(27968K)->27521K(27968K) NonClass: 24567K(24832K)->24567K(24832K) Class: 2954K(3136K)->2954K(3136K)
[2026-02-10T17:25:52.405+0530] GC(5) Pause Young (Normal) (G1 Evacuation Pause) 81M->28M(128M) 16.703ms
[2026-02-10T17:25:52.405+0530] GC(5) User=0.05s Sys=0.02s Real=0.02s
[2026-02-10T17:25:53.401+0530] GC(6) Pause Young (Concurrent Start) (Metadata GC Threshold)
[2026-02-10T17:25:53.401+0530] GC(6) Using 3 workers of 4 for evacuation
[2026-02-10T17:25:53.409+0530] GC(6)   Pre Evacuate Collection Set: 0.1ms
[2026-02-10T17:25:53.409+0530] GC(6)   Merge Heap Roots: 0.1ms
[2026-02-10T17:25:53.409+0530] GC(6)   Evacuate Collection Set: 6.8ms
[2026-02-10T17:25:53.409+0530] GC(6)   Post Evacuate Collection Set: 0.4ms
[2026-02-10T17:25:53.409+0530] GC(6)   Other: 0.1ms
[2026-02-10T17:25:53.409+0530] GC(6) Eden regions: 54->0(58)
[2026-02-10T17:25:53.409+0530] GC(6) Survivor regions: 4->6(8)
[2026-02-10T17:25:53.409+0530] GC(6) Old regions: 21->21
[2026-02-10T17:25:53.409+0530] GC(6) Archive regions: 0->0
[2026-02-10T17:25:53.409+0530] GC(6) Humongous regions: 5->5
[2026-02-10T17:25:53.409+0530] GC(6) Metaspace: 35579K(36096K)->35579K(36096K) NonClass: 31632K(31872K)->31632K(31872K) Class: 3946K(4224K)->3946K(4224K)
[2026-02-10T17:25:53.409+0530] GC(6) Pause Young (Concurrent Start) (Metadata GC Threshold) 82M->31M(128M) 7.744ms
[2026-02-10T17:25:53.409+0530] GC(6) User=0.05s Sys=0.00s Real=0.01s
[2026-02-10T17:25:53.409+0530] GC(7) Concurrent Mark Cycle
[2026-02-10T17:25:53.409+0530] GC(7) Concurrent Clear Claimed Marks
[2026-02-10T17:25:53.409+0530] GC(7) Concurrent Clear Claimed Marks 0.039ms
[2026-02-10T17:25:53.409+0530] GC(7) Concurrent Scan Root Regions
[2026-02-10T17:25:53.416+0530] GC(7) Concurrent Scan Root Regions 6.933ms
[2026-02-10T17:25:53.416+0530] GC(7) Concurrent Mark
[2026-02-10T17:25:53.416+0530] GC(7) Concurrent Mark From Roots
[2026-02-10T17:25:53.416+0530] GC(7) Using 1 workers of 1 for marking
[2026-02-10T17:25:53.446+0530] GC(7) Concurrent Mark From Roots 29.931ms
[2026-02-10T17:25:53.446+0530] GC(7) Concurrent Preclean
[2026-02-10T17:25:53.446+0530] GC(7) Concurrent Preclean 0.059ms
[2026-02-10T17:25:53.446+0530] GC(7) Pause Remark
[2026-02-10T17:25:53.457+0530] GC(7) Pause Remark 32M->32M(128M) 10.342ms
[2026-02-10T17:25:53.457+0530] GC(7) User=0.03s Sys=0.03s Real=0.01s
[2026-02-10T17:25:53.457+0530] GC(7) Concurrent Mark 41.693ms
[2026-02-10T17:25:53.457+0530] GC(7) Concurrent Rebuild Remembered Sets
[2026-02-10T17:25:53.473+0530] GC(7) Concurrent Rebuild Remembered Sets 15.355ms
[2026-02-10T17:25:53.473+0530] GC(7) Pause Cleanup
[2026-02-10T17:25:53.473+0530] GC(7) Pause Cleanup 32M->32M(128M) 0.091ms
[2026-02-10T17:25:53.473+0530] GC(7) User=0.00s Sys=0.00s Real=0.00s
[2026-02-10T17:25:53.473+0530] GC(7) Concurrent Cleanup for Next Mark
[2026-02-10T17:25:53.475+0530] GC(7) Concurrent Cleanup for Next Mark 0.853ms
[2026-02-10T17:25:53.475+0530] GC(7) Concurrent Mark Cycle 65.629ms
[2026-02-10T17:25:54.792+0530] GC(8) Pause Young (Normal) (G1 Evacuation Pause)
[2026-02-10T17:25:54.792+0530] GC(8) Using 3 workers of 4 for evacuation
[2026-02-10T17:25:54.811+0530] GC(8)   Pre Evacuate Collection Set: 0.1ms
[2026-02-10T17:25:54.811+0530] GC(8)   Merge Heap Roots: 0.1ms
[2026-02-10T17:25:54.811+0530] GC(8)   Evacuate Collection Set: 18.5ms
[2026-02-10T17:25:54.811+0530] GC(8)   Post Evacuate Collection Set: 0.6ms
[2026-02-10T17:25:54.811+0530] GC(8)   Other: 0.2ms
[2026-02-10T17:25:54.811+0530] GC(8) Eden regions: 58->0(54)
[2026-02-10T17:25:54.811+0530] GC(8) Survivor regions: 6->8(8)
[2026-02-10T17:25:54.811+0530] GC(8) Old regions: 21->25
[2026-02-10T17:25:54.811+0530] GC(8) Archive regions: 0->0
[2026-02-10T17:25:54.811+0530] GC(8) Humongous regions: 5->5
[2026-02-10T17:25:54.811+0530] GC(8) Metaspace: 36627K(37184K)->36627K(37184K) NonClass: 32637K(32896K)->32637K(32896K) Class: 3990K(4288K)->3990K(4288K)
[2026-02-10T17:25:54.811+0530] GC(8) Pause Young (Normal) (G1 Evacuation Pause) 89M->37M(128M) 19.615ms
[2026-02-10T17:25:54.811+0530] GC(8) User=0.06s Sys=0.03s Real=0.02s
[2026-02-10T17:25:55.741+0530] GC(9) Pause Young (Normal) (G1 Evacuation Pause)
[2026-02-10T17:25:55.741+0530] GC(9) Using 3 workers of 4 for evacuation
[2026-02-10T17:25:55.761+0530] GC(9)   Pre Evacuate Collection Set: 0.1ms
[2026-02-10T17:25:55.761+0530] GC(9)   Merge Heap Roots: 0.1ms
[2026-02-10T17:25:55.761+0530] GC(9)   Evacuate Collection Set: 18.6ms
[2026-02-10T17:25:55.761+0530] GC(9)   Post Evacuate Collection Set: 0.3ms
[2026-02-10T17:25:55.761+0530] GC(9)   Other: 0.1ms
[2026-02-10T17:25:55.761+0530] GC(9) Eden regions: 54->0(50)
[2026-02-10T17:25:55.761+0530] GC(9) Survivor regions: 8->8(8)
[2026-02-10T17:25:55.761+0530] GC(9) Old regions: 25->33
[2026-02-10T17:25:55.761+0530] GC(9) Archive regions: 0->0
[2026-02-10T17:25:55.761+0530] GC(9) Humongous regions: 5->5
[2026-02-10T17:25:55.761+0530] GC(9) Metaspace: 36698K(37248K)->36698K(37248K) NonClass: 32701K(32960K)->32701K(32960K) Class: 3997K(4288K)->3997K(4288K)
[2026-02-10T17:25:55.761+0530] GC(9) Pause Young (Normal) (G1 Evacuation Pause) 91M->45M(128M) 19.409ms
[2026-02-10T17:25:55.761+0530] GC(9) User=0.05s Sys=0.00s Real=0.02s
[2026-02-10T17:25:56.310+0530] GC(10) Pause Young (Normal) (G1 Evacuation Pause)
[2026-02-10T17:25:56.310+0530] GC(10) Using 3 workers of 4 for evacuation
[2026-02-10T17:25:56.333+0530] GC(10)   Pre Evacuate Collection Set: 0.1ms
[2026-02-10T17:25:56.333+0530] GC(10)   Merge Heap Roots: 0.1ms
[2026-02-10T17:25:56.333+0530] GC(10)   Evacuate Collection Set: 23.2ms
[2026-02-10T17:25:56.333+0530] GC(10)   Post Evacuate Collection Set: 0.3ms
[2026-02-10T17:25:56.333+0530] GC(10)   Other: 0.1ms
[2026-02-10T17:25:56.333+0530] GC(10) Eden regions: 50->0(44)
[2026-02-10T17:25:56.333+0530] GC(10) Survivor regions: 8->8(8)
[2026-02-10T17:25:56.333+0530] GC(10) Old regions: 33->41
[2026-02-10T17:25:56.333+0530] GC(10) Archive regions: 0->0
[2026-02-10T17:25:56.333+0530] GC(10) Humongous regions: 5->5
[2026-02-10T17:25:56.333+0530] GC(10) Metaspace: 36739K(37312K)->36739K(37312K) NonClass: 32741K(33024K)->32741K(33024K) Class: 3998K(4288K)->3998K(4288K)
[2026-02-10T17:25:56.333+0530] GC(10) Pause Young (Normal) (G1 Evacuation Pause) 95M->53M(128M) 24.046ms
[2026-02-10T17:25:56.333+0530] GC(10) User=0.09s Sys=0.02s Real=0.02s
[2026-02-10T17:25:56.772+0530] GC(11) Pause Young (Normal) (G1 Evacuation Pause)
[2026-02-10T17:25:56.772+0530] GC(11) Using 3 workers of 4 for evacuation
[2026-02-10T17:25:56.805+0530] GC(11)   Pre Evacuate Collection Set: 0.0ms
[2026-02-10T17:25:56.805+0530] GC(11)   Merge Heap Roots: 0.2ms
[2026-02-10T17:25:56.805+0530] GC(11)   Evacuate Collection Set: 31.3ms
[2026-02-10T17:25:56.805+0530] GC(11)   Post Evacuate Collection Set: 0.3ms
[2026-02-10T17:25:56.805+0530] GC(11)   Other: 0.2ms
[2026-02-10T17:25:56.805+0530] GC(11) Eden regions: 44->0(36)
[2026-02-10T17:25:56.805+0530] GC(11) Survivor regions: 8->7(7)
[2026-02-10T17:25:56.805+0530] GC(11) Old regions: 41->51
[2026-02-10T17:25:56.805+0530] GC(11) Archive regions: 0->0
[2026-02-10T17:25:56.805+0530] GC(11) Humongous regions: 5->5
[2026-02-10T17:25:56.805+0530] GC(11) Metaspace: 36767K(37312K)->36767K(37312K) NonClass: 32766K(33024K)->32766K(33024K) Class: 4001K(4288K)->4001K(4288K)
[2026-02-10T17:25:56.805+0530] GC(11) Pause Young (Normal) (G1 Evacuation Pause) 97M->62M(128M) 32.194ms
[2026-02-10T17:25:56.805+0530] GC(11) User=0.12s Sys=0.00s Real=0.03s
[2026-02-10T17:25:57.026+0530] Heap
[2026-02-10T17:25:57.027+0530]  garbage-first heap   total 131072K, used 88873K [0x00000000f8000000, 0x0000000100000000)
[2026-02-10T17:25:57.027+0530]   region size 1024K, 32 young (32768K), 7 survivors (7168K)
[2026-02-10T17:25:57.027+0530]  Metaspace       used 36863K, committed 37440K, reserved 1114112K
[2026-02-10T17:25:57.027+0530]   class space    used 4012K, committed 4288K, reserved 1048576K
