[2026-02-10T17:27:18.057+0530] Using G1
[2026-02-10T17:27:18.062+0530] Version: 17.0.12+8-LTS-286 (release)
[2026-02-10T17:27:18.062+0530] CPUs: 8 total, 4 available
[2026-02-10T17:27:18.062+0530] Memory: 7914M
[2026-02-10T17:27:18.062+0530] Large Page Support: Disabled
[2026-02-10T17:27:18.062+0530] NUMA Support: Disabled
[2026-02-10T17:27:18.062+0530] Compressed Oops: Enabled (32-bit)
[2026-02-10T17:27:18.062+0530] Heap Region Size: 1M
[2026-02-10T17:27:18.063+0530] Heap Min Capacity: 256M
[2026-02-10T17:27:18.063+0530] Heap Initial Capacity: 256M
[2026-02-10T17:27:18.063+0530] Heap Max Capacity: 256M
[2026-02-10T17:27:18.063+0530] Pre-touch: Disabled
[2026-02-10T17:27:18.063+0530] Parallel Workers: 4
[2026-02-10T17:27:18.063+0530] Concurrent Workers: 1
[2026-02-10T17:27:18.063+0530] Concurrent Refinement Workers: 4
[2026-02-10T17:27:18.063+0530] Periodic GC: Disabled
[2026-02-10T17:27:18.080+0530] CDS archive(s) mapped at: [0x00000192b9000000-0x00000192b9bd0000-0x00000192b9bd0000), size 12386304, SharedBaseAddress: 0x00000192b9000000, ArchiveRelocationMode: 1.
[2026-02-10T17:27:18.080+0530] Compressed class space mapped at: 0x00000192ba000000-0x00000192fa000000, reserved size: 1073741824
[2026-02-10T17:27:18.080+0530] Narrow klass base: 0x00000192b9000000, Narrow klass shift: 0, Narrow klass range: 0x100000000
[2026-02-10T17:27:18.738+0530] GC(0) Pause Young (Normal) (G1 Evacuation Pause)
[2026-02-10T17:27:18.738+0530] GC(0) Using 4 workers of 4 for evacuation
[2026-02-10T17:27:18.744+0530] GC(0)   Pre Evacuate Collection Set: 0.1ms
[2026-02-10T17:27:18.744+0530] GC(0)   Merge Heap Roots: 0.1ms
[2026-02-10T17:27:18.744+0530] GC(0)   Evacuate Collection Set: 4.9ms
[2026-02-10T17:27:18.744+0530] GC(0)   Post Evacuate Collection Set: 0.4ms
[2026-02-10T17:27:18.744+0530] GC(0)   Other: 0.4ms
[2026-02-10T17:27:18.744+0530] GC(0) Eden regions: 13->0(13)
[2026-02-10T17:27:18.744+0530] GC(0) Survivor regions: 0->2(2)
[2026-02-10T17:27:18.744+0530] GC(0) Old regions: 0->3
[2026-02-10T17:27:18.744+0530] GC(0) Archive regions: 0->0
[2026-02-10T17:27:18.744+0530] GC(0) Humongous regions: 5->5
[2026-02-10T17:27:18.744+0530] GC(0) Metaspace: 4450K(4672K)->4450K(4672K) NonClass: 3970K(4096K)->3970K(4096K) Class: 480K(576K)->480K(576K)
[2026-02-10T17:27:18.744+0530] GC(0) Pause Young (Normal) (G1 Evacuation Pause) 18M->9M(256M) 5.918ms
[2026-02-10T17:27:18.744+0530] GC(0) User=0.00s Sys=0.00s Real=0.01s
[2026-02-10T17:27:18.942+0530] GC(1) Pause Young (Normal) (G1 Evacuation Pause)
[2026-02-10T17:27:18.942+0530] GC(1) Using 4 workers of 4 for evacuation
[2026-02-10T17:27:18.955+0530] GC(1)   Pre Evacuate Collection Set: 0.1ms
[2026-02-10T17:27:18.955+0530] GC(1)   Merge Heap Roots: 0.1ms
[2026-02-10T17:27:18.955+0530] GC(1)   Evacuate Collection Set: 12.7ms
[2026-02-10T17:27:18.955+0530] GC(1)   Post Evacuate Collection Set: 0.4ms
[2026-02-10T17:27:18.955+0530] GC(1)   Other: 0.2ms
[2026-02-10T17:27:18.955+0530] GC(1) Eden regions: 13->0(17)
[2026-02-10T17:27:18.955+0530] GC(1) Survivor regions: 2->2(2)
[2026-02-10T17:27:18.955+0530] GC(1) Old regions: 3->6
[2026-02-10T17:27:18.955+0530] GC(1) Archive regions: 0->0
[2026-02-10T17:27:18.955+0530] GC(1) Humongous regions: 5->5
[2026-02-10T17:27:18.956+0530] GC(1) Metaspace: 6017K(6144K)->6017K(6144K) NonClass: 5359K(5440K)->5359K(5440K) Class: 657K(704K)->657K(704K)
[2026-02-10T17:27:18.956+0530] GC(1) Pause Young (Normal) (G1 Evacuation Pause) 22M->12M(256M) 13.799ms
[2026-02-10T17:27:18.956+0530] GC(1) User=0.05s Sys=0.02s Real=0.01s
[2026-02-10T17:27:19.383+0530] GC(2) Pause Young (Normal) (G1 Evacuation Pause)
[2026-02-10T17:27:19.384+0530] GC(2) Using 4 workers of 4 for evacuation
[2026-02-10T17:27:19.389+0530] GC(2)   Pre Evacuate Collection Set: 0.1ms
[2026-02-10T17:27:19.389+0530] GC(2)   Merge Heap Roots: 0.1ms
[2026-02-10T17:27:19.389+0530] GC(2)   Evacuate Collection Set: 4.7ms
[2026-02-10T17:27:19.389+0530] GC(2)   Post Evacuate Collection Set: 0.4ms
[2026-02-10T17:27:19.389+0530] GC(2)   Other: 0.2ms
[2026-02-10T17:27:19.389+0530] GC(2) Eden regions: 17->0(90)
[2026-02-10T17:27:19.389+0530] GC(2) Survivor regions: 2->2(3)
[2026-02-10T17:27:19.389+0530] GC(2) Old regions: 6->8
[2026-02-10T17:27:19.389+0530] GC(2) Archive regions: 0->0
[2026-02-10T17:27:19.389+0530] GC(2) Humongous regions: 5->5
[2026-02-10T17:27:19.389+0530] GC(2) Metaspace: 11094K(11264K)->11094K(11264K) NonClass: 9844K(9920K)->9844K(9920K) Class: 1250K(1344K)->1250K(1344K)
[2026-02-10T17:27:19.389+0530] GC(2) Pause Young (Normal) (G1 Evacuation Pause) 29M->14M(256M) 5.716ms
[2026-02-10T17:27:19.389+0530] GC(2) User=0.02s Sys=0.02s Real=0.01s
[2026-02-10T17:27:20.780+0530] GC(3) Pause Young (Concurrent Start) (Metadata GC Threshold)
[2026-02-10T17:27:20.781+0530] GC(3) Using 4 workers of 4 for evacuation
[2026-02-10T17:27:20.790+0530] GC(3)   Pre Evacuate Collection Set: 0.1ms
[2026-02-10T17:27:20.790+0530] GC(3)   Merge Heap Roots: 0.1ms
[2026-02-10T17:27:20.790+0530] GC(3)   Evacuate Collection Set: 7.5ms
[2026-02-10T17:27:20.790+0530] GC(3)   Post Evacuate Collection Set: 0.6ms
[2026-02-10T17:27:20.790+0530] GC(3)   Other: 0.3ms
[2026-02-10T17:27:20.790+0530] GC(3) Eden regions: 65->0(137)
[2026-02-10T17:27:20.790+0530] GC(3) Survivor regions: 2->12(12)
[2026-02-10T17:27:20.790+0530] GC(3) Old regions: 8->9
[2026-02-10T17:27:20.790+0530] GC(3) Archive regions: 0->0
[2026-02-10T17:27:20.790+0530] GC(3) Humongous regions: 5->5
[2026-02-10T17:27:20.790+0530] GC(3) Metaspace: 21200K(21504K)->21200K(21504K) NonClass: 19037K(19200K)->19037K(19200K) Class: 2163K(2304K)->2163K(2304K)
[2026-02-10T17:27:20.790+0530] GC(3) Pause Young (Concurrent Start) (Metadata GC Threshold) 78M->25M(256M) 8.781ms
[2026-02-10T17:27:20.790+0530] GC(3) User=0.02s Sys=0.00s Real=0.01s
[2026-02-10T17:27:20.790+0530] GC(4) Concurrent Mark Cycle
[2026-02-10T17:27:20.790+0530] GC(4) Concurrent Clear Claimed Marks
[2026-02-10T17:27:20.790+0530] GC(4) Concurrent Clear Claimed Marks 0.040ms
[2026-02-10T17:27:20.790+0530] GC(4) Concurrent Scan Root Regions
[2026-02-10T17:27:20.794+0530] GC(4) Concurrent Scan Root Regions 4.400ms
[2026-02-10T17:27:20.794+0530] GC(4) Concurrent Mark
[2026-02-10T17:27:20.794+0530] GC(4) Concurrent Mark From Roots
[2026-02-10T17:27:20.794+0530] GC(4) Using 1 workers of 1 for marking
[2026-02-10T17:27:20.815+0530] GC(4) Concurrent Mark From Roots 21.619ms
[2026-02-10T17:27:20.816+0530] GC(4) Concurrent Preclean
[2026-02-10T17:27:20.816+0530] GC(4) Concurrent Preclean 0.084ms
[2026-02-10T17:27:20.816+0530] GC(4) Pause Remark
[2026-02-10T17:27:20.819+0530] GC(4) Pause Remark 26M->26M(256M) 3.264ms
[2026-02-10T17:27:20.819+0530] GC(4) User=0.00s Sys=0.00s Real=0.00s
[2026-02-10T17:27:20.819+0530] GC(4) Concurrent Mark 25.300ms
[2026-02-10T17:27:20.819+0530] GC(4) Concurrent Rebuild Remembered Sets
[2026-02-10T17:27:20.830+0530] GC(4) Concurrent Rebuild Remembered Sets 10.109ms
[2026-02-10T17:27:20.830+0530] GC(4) Pause Cleanup
[2026-02-10T17:27:20.830+0530] GC(4) Pause Cleanup 26M->26M(256M) 0.093ms
[2026-02-10T17:27:20.830+0530] GC(4) User=0.00s Sys=0.00s Real=0.00s
[2026-02-10T17:27:20.830+0530] GC(4) Concurrent Cleanup for Next Mark
[2026-02-10T17:27:20.832+0530] GC(4) Concurrent Cleanup for Next Mark 1.611ms
[2026-02-10T17:27:20.832+0530] GC(4) Concurrent Mark Cycle 42.142ms
[2026-02-10T17:27:23.094+0530] GC(5) Pause Young (Prepare Mixed) (Metadata GC Threshold)
[2026-02-10T17:27:23.094+0530] GC(5) Using 4 workers of 4 for evacuation
[2026-02-10T17:27:23.113+0530] GC(5)   Pre Evacuate Collection Set: 0.1ms
[2026-02-10T17:27:23.113+0530] GC(5)   Merge Heap Roots: 0.1ms
[2026-02-10T17:27:23.113+0530] GC(5)   Evacuate Collection Set: 18.1ms
[2026-02-10T17:27:23.113+0530] GC(5)   Post Evacuate Collection Set: 0.7ms
[2026-02-10T17:27:23.113+0530] GC(5)   Other: 0.2ms
[2026-02-10T17:27:23.113+0530] GC(5) Eden regions: 109->0(6)
[2026-02-10T17:27:23.113+0530] GC(5) Survivor regions: 12->6(19)
[2026-02-10T17:27:23.113+0530] GC(5) Old regions: 9->20
[2026-02-10T17:27:23.113+0530] GC(5) Archive regions: 0->0
[2026-02-10T17:27:23.113+0530] GC(5) Humongous regions: 5->5
[2026-02-10T17:27:23.114+0530] GC(5) Metaspace: 35523K(36096K)->35523K(36096K) NonClass: 31583K(31872K)->31583K(31872K) Class: 3940K(4224K)->3940K(4224K)
[2026-02-10T17:27:23.114+0530] GC(5) Pause Young (Prepare Mixed) (Metadata GC Threshold) 134M->30M(256M) 19.599ms
[2026-02-10T17:27:23.114+0530] GC(5) User=0.03s Sys=0.03s Real=0.02s
[2026-02-10T17:27:23.248+0530] GC(6) Pause Young (Mixed) (Metadata GC Threshold)
[2026-02-10T17:27:23.248+0530] GC(6) Using 4 workers of 4 for evacuation
[2026-02-10T17:27:23.255+0530] GC(6)   Pre Evacuate Collection Set: 0.1ms
[2026-02-10T17:27:23.255+0530] GC(6)   Merge Heap Roots: 0.1ms
[2026-02-10T17:27:23.255+0530] GC(6)   Evacuate Collection Set: 6.8ms
[2026-02-10T17:27:23.256+0530] GC(6)   Post Evacuate Collection Set: 0.4ms
[2026-02-10T17:27:23.256+0530] GC(6)   Other: 0.2ms
[2026-02-10T17:27:23.256+0530] GC(6) Eden regions: 3->0(152)
[2026-02-10T17:27:23.256+0530] GC(6) Survivor regions: 6->1(2)
[2026-02-10T17:27:23.256+0530] GC(6) Old regions: 20->25
[2026-02-10T17:27:23.256+0530] GC(6) Archive regions: 0->0
[2026-02-10T17:27:23.256+0530] GC(6) Humongous regions: 5->5
[2026-02-10T17:27:23.256+0530] GC(6) Metaspace: 35850K(36416K)->35850K(36416K) NonClass: 31895K(32192K)->31895K(32192K) Class: 3955K(4224K)->3955K(4224K)
[2026-02-10T17:27:23.256+0530] GC(6) Pause Young (Mixed) (Metadata GC Threshold) 32M->30M(256M) 7.715ms
[2026-02-10T17:27:23.256+0530] GC(6) User=0.05s Sys=0.02s Real=0.01s
[2026-02-10T17:27:23.478+0530] GC(7) Pause Young (Concurrent Start) (Metadata GC Threshold)
[2026-02-10T17:27:23.478+0530] GC(7) Using 4 workers of 4 for evacuation
[2026-02-10T17:27:23.481+0530] GC(7)   Pre Evacuate Collection Set: 0.1ms
[2026-02-10T17:27:23.481+0530] GC(7)   Merge Heap Roots: 0.1ms
[2026-02-10T17:27:23.481+0530] GC(7)   Evacuate Collection Set: 1.8ms
[2026-02-10T17:27:23.481+0530] GC(7)   Post Evacuate Collection Set: 0.3ms
[2026-02-10T17:27:23.481+0530] GC(7)   Other: 0.2ms
[2026-02-10T17:27:23.481+0530] GC(7) Eden regions: 6->0(152)
[2026-02-10T17:27:23.481+0530] GC(7) Survivor regions: 1->1(20)
[2026-02-10T17:27:23.481+0530] GC(7) Old regions: 25->25
[2026-02-10T17:27:23.481+0530] GC(7) Archive regions: 0->0
[2026-02-10T17:27:23.481+0530] GC(7) Humongous regions: 5->5
[2026-02-10T17:27:23.481+0530] GC(7) Metaspace: 36181K(36736K)->36181K(36736K) NonClass: 32205K(32512K)->32205K(32512K) Class: 3975K(4224K)->3975K(4224K)
[2026-02-10T17:27:23.481+0530] GC(7) Pause Young (Concurrent Start) (Metadata GC Threshold) 36M->30M(256M) 2.593ms
[2026-02-10T17:27:23.481+0530] GC(7) User=0.00s Sys=0.00s Real=0.00s
[2026-02-10T17:27:23.481+0530] GC(8) Concurrent Mark Cycle
[2026-02-10T17:27:23.481+0530] GC(8) Concurrent Clear Claimed Marks
[2026-02-10T17:27:23.481+0530] GC(8) Concurrent Clear Claimed Marks 0.032ms
[2026-02-10T17:27:23.481+0530] GC(8) Concurrent Scan Root Regions
[2026-02-10T17:27:23.483+0530] GC(8) Concurrent Scan Root Regions 1.579ms
[2026-02-10T17:27:23.483+0530] GC(8) Concurrent Mark
[2026-02-10T17:27:23.483+0530] GC(8) Concurrent Mark From Roots
[2026-02-10T17:27:23.483+0530] GC(8) Using 1 workers of 1 for marking
[2026-02-10T17:27:23.529+0530] GC(8) Concurrent Mark From Roots 46.028ms
[2026-02-10T17:27:23.529+0530] GC(8) Concurrent Preclean
[2026-02-10T17:27:23.529+0530] GC(8) Concurrent Preclean 0.101ms
[2026-02-10T17:27:23.529+0530] GC(8) Pause Remark
[2026-02-10T17:27:23.540+0530] GC(8) Pause Remark 31M->31M(256M) 11.033ms
[2026-02-10T17:27:23.541+0530] GC(8) User=0.03s Sys=0.00s Real=0.01s
[2026-02-10T17:27:23.541+0530] GC(8) Concurrent Mark 57.835ms
[2026-02-10T17:27:23.541+0530] GC(8) Concurrent Rebuild Remembered Sets
[2026-02-10T17:27:23.562+0530] GC(8) Concurrent Rebuild Remembered Sets 21.148ms
[2026-02-10T17:27:23.562+0530] GC(8) Pause Cleanup
[2026-02-10T17:27:23.562+0530] GC(8) Pause Cleanup 32M->32M(256M) 0.129ms
[2026-02-10T17:27:23.562+0530] GC(8) User=0.00s Sys=0.00s Real=0.00s
[2026-02-10T17:27:23.563+0530] GC(8) Concurrent Cleanup for Next Mark
[2026-02-10T17:27:23.564+0530] GC(8) Concurrent Cleanup for Next Mark 1.589ms
[2026-02-10T17:27:23.564+0530] GC(8) Concurrent Mark Cycle 82.893ms
[2026-02-10T17:27:26.029+0530] GC(9) Pause Young (Normal) (G1 Evacuation Pause)
[2026-02-10T17:27:26.029+0530] GC(9) Using 4 workers of 4 for evacuation
[2026-02-10T17:27:26.059+0530] GC(9)   Pre Evacuate Collection Set: 0.1ms
[2026-02-10T17:27:26.059+0530] GC(9)   Merge Heap Roots: 0.1ms
[2026-02-10T17:27:26.059+0530] GC(9)   Evacuate Collection Set: 29.2ms
[2026-02-10T17:27:26.060+0530] GC(9)   Post Evacuate Collection Set: 0.6ms
[2026-02-10T17:27:26.060+0530] GC(9)   Other: 0.2ms
[2026-02-10T17:27:26.060+0530] GC(9) Eden regions: 152->0(128)
[2026-02-10T17:27:26.060+0530] GC(9) Survivor regions: 1->20(20)
[2026-02-10T17:27:26.060+0530] GC(9) Old regions: 25->27
[2026-02-10T17:27:26.060+0530] GC(9) Archive regions: 0->0
[2026-02-10T17:27:26.060+0530] GC(9) Humongous regions: 5->5
[2026-02-10T17:27:26.060+0530] GC(9) Metaspace: 36769K(37312K)->36769K(37312K) NonClass: 32773K(33088K)->32773K(33088K) Class: 3996K(4224K)->3996K(4224K)
[2026-02-10T17:27:26.060+0530] GC(9) Pause Young (Normal) (G1 Evacuation Pause) 182M->51M(256M) 30.359ms
[2026-02-10T17:27:26.060+0530] GC(9) User=0.11s Sys=0.02s Real=0.03s
[2026-02-10T17:27:26.665+0530] Heap
[2026-02-10T17:27:26.665+0530]  garbage-first heap   total 262144K, used 123114K [0x00000000f0000000, 0x0000000100000000)
[2026-02-10T17:27:26.665+0530]   region size 1024K, 89 young (91136K), 20 survivors (20480K)
[2026-02-10T17:27:26.665+0530]  Metaspace       used 36891K, committed 37440K, reserved 1114112K
[2026-02-10T17:27:26.665+0530]   class space    used 4009K, committed 4224K, reserved 1048576K
