[2026-02-10T21:43:27.910+0530] Using G1
[2026-02-10T21:43:27.914+0530] Version: 17.0.12+8-LTS-286 (release)
[2026-02-10T21:43:27.914+0530] CPUs: 8 total, 4 available
[2026-02-10T21:43:27.914+0530] Memory: 7914M
[2026-02-10T21:43:27.914+0530] Large Page Support: Disabled
[2026-02-10T21:43:27.914+0530] NUMA Support: Disabled
[2026-02-10T21:43:27.914+0530] Compressed Oops: Enabled (32-bit)
[2026-02-10T21:43:27.914+0530] Heap Region Size: 1M
[2026-02-10T21:43:27.914+0530] Heap Min Capacity: 512M
[2026-02-10T21:43:27.914+0530] Heap Initial Capacity: 512M
[2026-02-10T21:43:27.915+0530] Heap Max Capacity: 512M
[2026-02-10T21:43:27.915+0530] Pre-touch: Disabled
[2026-02-10T21:43:27.915+0530] Parallel Workers: 4
[2026-02-10T21:43:27.915+0530] Concurrent Workers: 1
[2026-02-10T21:43:27.915+0530] Concurrent Refinement Workers: 4
[2026-02-10T21:43:27.915+0530] Periodic GC: Disabled
[2026-02-10T21:43:27.924+0530] CDS archive(s) mapped at: [0x0000020c00000000-0x0000020c00bd0000-0x0000020c00bd0000), size 12386304, SharedBaseAddress: 0x0000020c00000000, ArchiveRelocationMode: 1.
[2026-02-10T21:43:27.924+0530] Compressed class space mapped at: 0x0000020c01000000-0x0000020c41000000, reserved size: 1073741824
[2026-02-10T21:43:27.924+0530] Narrow klass base: 0x0000020c00000000, Narrow klass shift: 0, Narrow klass range: 0x100000000
[2026-02-10T21:43:28.722+0530] GC(0) Pause Young (Normal) (G1 Evacuation Pause)
[2026-02-10T21:43:28.722+0530] GC(0) Using 4 workers of 4 for evacuation
[2026-02-10T21:43:28.735+0530] GC(0)   Pre Evacuate Collection Set: 0.1ms
[2026-02-10T21:43:28.735+0530] GC(0)   Merge Heap Roots: 0.1ms
[2026-02-10T21:43:28.735+0530] GC(0)   Evacuate Collection Set: 12.6ms
[2026-02-10T21:43:28.735+0530] GC(0)   Post Evacuate Collection Set: 0.6ms
[2026-02-10T21:43:28.735+0530] GC(0)   Other: 0.5ms
[2026-02-10T21:43:28.735+0530] GC(0) Eden regions: 25->0(21)
[2026-02-10T21:43:28.735+0530] GC(0) Survivor regions: 0->4(4)
[2026-02-10T21:43:28.735+0530] GC(0) Old regions: 0->4
[2026-02-10T21:43:28.735+0530] GC(0) Archive regions: 0->0
[2026-02-10T21:43:28.735+0530] GC(0) Humongous regions: 5->5
[2026-02-10T21:43:28.735+0530] GC(0) Metaspace: 5438K(5632K)->5438K(5632K) NonClass: 4867K(4992K)->4867K(4992K) Class: 570K(640K)->570K(640K)
[2026-02-10T21:43:28.735+0530] GC(0) Pause Young (Normal) (G1 Evacuation Pause) 30M->12M(512M) 14.117ms
[2026-02-10T21:43:28.735+0530] GC(0) User=0.00s Sys=0.00s Real=0.01s
[2026-02-10T21:43:29.333+0530] GC(1) Pause Young (Normal) (GCLocker Initiated GC)
[2026-02-10T21:43:29.335+0530] GC(1) Using 4 workers of 4 for evacuation
[2026-02-10T21:43:29.342+0530] GC(1)   Pre Evacuate Collection Set: 0.1ms
[2026-02-10T21:43:29.342+0530] GC(1)   Merge Heap Roots: 0.1ms
[2026-02-10T21:43:29.342+0530] GC(1)   Evacuate Collection Set: 6.7ms
[2026-02-10T21:43:29.342+0530] GC(1)   Post Evacuate Collection Set: 0.5ms
[2026-02-10T21:43:29.342+0530] GC(1)   Other: 0.2ms
[2026-02-10T21:43:29.342+0530] GC(1) Eden regions: 21->0(23)
[2026-02-10T21:43:29.342+0530] GC(1) Survivor regions: 4->2(4)
[2026-02-10T21:43:29.342+0530] GC(1) Old regions: 4->8
[2026-02-10T21:43:29.342+0530] GC(1) Archive regions: 0->0
[2026-02-10T21:43:29.342+0530] GC(1) Humongous regions: 5->5
[2026-02-10T21:43:29.342+0530] GC(1) Metaspace: 11726K(11968K)->11726K(11968K) NonClass: 10396K(10496K)->10396K(10496K) Class: 1330K(1472K)->1330K(1472K)
[2026-02-10T21:43:29.342+0530] GC(1) Pause Young (Normal) (GCLocker Initiated GC) 33M->14M(512M) 7.777ms
[2026-02-10T21:43:29.342+0530] GC(1) User=0.00s Sys=0.00s Real=0.01s
[2026-02-10T21:43:29.711+0530] GC(2) Pause Young (Normal) (G1 Evacuation Pause)
[2026-02-10T21:43:29.712+0530] GC(2) Using 4 workers of 4 for evacuation
[2026-02-10T21:43:29.718+0530] GC(2)   Pre Evacuate Collection Set: 0.1ms
[2026-02-10T21:43:29.718+0530] GC(2)   Merge Heap Roots: 0.1ms
[2026-02-10T21:43:29.718+0530] GC(2)   Evacuate Collection Set: 5.7ms
[2026-02-10T21:43:29.718+0530] GC(2)   Post Evacuate Collection Set: 0.4ms
[2026-02-10T21:43:29.718+0530] GC(2)   Other: 0.2ms
[2026-02-10T21:43:29.718+0530] GC(2) Eden regions: 23->0(36)
[2026-02-10T21:43:29.718+0530] GC(2) Survivor regions: 2->4(4)
[2026-02-10T21:43:29.718+0530] GC(2) Old regions: 8->14
[2026-02-10T21:43:29.718+0530] GC(2) Archive regions: 0->0
[2026-02-10T21:43:29.718+0530] GC(2) Humongous regions: 5->5
[2026-02-10T21:43:29.718+0530] GC(2) Metaspace: 14657K(14912K)->14657K(14912K) NonClass: 13006K(13120K)->13006K(13120K) Class: 1650K(1792K)->1650K(1792K)
[2026-02-10T21:43:29.718+0530] GC(2) Pause Young (Normal) (G1 Evacuation Pause) 37M->23M(512M) 6.939ms
[2026-02-10T21:43:29.718+0530] GC(2) User=0.00s Sys=0.00s Real=0.01s
[2026-02-10T21:43:30.328+0530] GC(3) Pause Young (Normal) (G1 Evacuation Pause)
[2026-02-10T21:43:30.328+0530] GC(3) Using 4 workers of 4 for evacuation
[2026-02-10T21:43:30.333+0530] GC(3)   Pre Evacuate Collection Set: 0.1ms
[2026-02-10T21:43:30.333+0530] GC(3)   Merge Heap Roots: 0.1ms
[2026-02-10T21:43:30.333+0530] GC(3)   Evacuate Collection Set: 5.9ms
[2026-02-10T21:43:30.333+0530] GC(3)   Post Evacuate Collection Set: 0.5ms
[2026-02-10T21:43:30.333+0530] GC(3)   Other: 0.2ms
[2026-02-10T21:43:30.333+0530] GC(3) Eden regions: 36->0(157)
[2026-02-10T21:43:30.333+0530] GC(3) Survivor regions: 4->2(5)
[2026-02-10T21:43:30.333+0530] GC(3) Old regions: 14->19
[2026-02-10T21:43:30.333+0530] GC(3) Archive regions: 0->0
[2026-02-10T21:43:30.333+0530] GC(3) Humongous regions: 5->5
[2026-02-10T21:43:30.333+0530] GC(3) Metaspace: 20167K(20480K)->20167K(20480K) NonClass: 18073K(18240K)->18073K(18240K) Class: 2093K(2240K)->2093K(2240K)
[2026-02-10T21:43:30.333+0530] GC(3) Pause Young (Normal) (G1 Evacuation Pause) 59M->25M(512M) 6.860ms
[2026-02-10T21:43:30.335+0530] GC(3) User=0.03s Sys=0.03s Real=0.01s
[2026-02-10T21:43:30.497+0530] GC(4) Pause Young (Concurrent Start) (Metadata GC Threshold)
[2026-02-10T21:43:30.497+0530] GC(4) Using 4 workers of 4 for evacuation
[2026-02-10T21:43:30.501+0530] GC(4)   Pre Evacuate Collection Set: 0.1ms
[2026-02-10T21:43:30.501+0530] GC(4)   Merge Heap Roots: 0.1ms
[2026-02-10T21:43:30.501+0530] GC(4)   Evacuate Collection Set: 3.4ms
[2026-02-10T21:43:30.501+0530] GC(4)   Post Evacuate Collection Set: 0.3ms
[2026-02-10T21:43:30.501+0530] GC(4)   Other: 0.2ms
[2026-02-10T21:43:30.501+0530] GC(4) Eden regions: 3->0(86)
[2026-02-10T21:43:30.501+0530] GC(4) Survivor regions: 2->3(20)
[2026-02-10T21:43:30.501+0530] GC(4) Old regions: 19->19
[2026-02-10T21:43:30.501+0530] GC(4) Archive regions: 0->0
[2026-02-10T21:43:30.501+0530] GC(4) Humongous regions: 5->5
[2026-02-10T21:43:30.501+0530] GC(4) Metaspace: 21268K(21504K)->21268K(21504K) NonClass: 19097K(19200K)->19097K(19200K) Class: 2171K(2304K)->2171K(2304K)
[2026-02-10T21:43:30.501+0530] GC(4) Pause Young (Concurrent Start) (Metadata GC Threshold) 28M->25M(512M) 4.289ms
[2026-02-10T21:43:30.501+0530] GC(4) User=0.00s Sys=0.00s Real=0.00s
[2026-02-10T21:43:30.501+0530] GC(5) Concurrent Mark Cycle
[2026-02-10T21:43:30.501+0530] GC(5) Concurrent Clear Claimed Marks
[2026-02-10T21:43:30.501+0530] GC(5) Concurrent Clear Claimed Marks 0.039ms
[2026-02-10T21:43:30.501+0530] GC(5) Concurrent Scan Root Regions
[2026-02-10T21:43:30.504+0530] GC(5) Concurrent Scan Root Regions 2.618ms
[2026-02-10T21:43:30.504+0530] GC(5) Concurrent Mark
[2026-02-10T21:43:30.504+0530] GC(5) Concurrent Mark From Roots
[2026-02-10T21:43:30.504+0530] GC(5) Using 1 workers of 1 for marking
[2026-02-10T21:43:30.534+0530] GC(5) Concurrent Mark From Roots 29.404ms
[2026-02-10T21:43:30.534+0530] GC(5) Concurrent Preclean
[2026-02-10T21:43:30.534+0530] GC(5) Concurrent Preclean 0.101ms
[2026-02-10T21:43:30.534+0530] GC(5) Pause Remark
[2026-02-10T21:43:30.541+0530] GC(5) Pause Remark 26M->26M(512M) 7.515ms
[2026-02-10T21:43:30.541+0530] GC(5) User=0.00s Sys=0.00s Real=0.01s
[2026-02-10T21:43:30.541+0530] GC(5) Concurrent Mark 37.477ms
[2026-02-10T21:43:30.541+0530] GC(5) Concurrent Rebuild Remembered Sets
[2026-02-10T21:43:30.555+0530] GC(5) Concurrent Rebuild Remembered Sets 13.204ms
[2026-02-10T21:43:30.555+0530] GC(5) Pause Cleanup
[2026-02-10T21:43:30.555+0530] GC(5) Pause Cleanup 26M->26M(512M) 0.298ms
[2026-02-10T21:43:30.555+0530] GC(5) User=0.00s Sys=0.00s Real=0.00s
[2026-02-10T21:43:30.555+0530] GC(5) Concurrent Cleanup for Next Mark
[2026-02-10T21:43:30.559+0530] GC(5) Concurrent Cleanup for Next Mark 3.235ms
[2026-02-10T21:43:30.559+0530] GC(5) Concurrent Mark Cycle 57.437ms
[2026-02-10T21:43:33.388+0530] GC(6) Pause Young (Normal) (G1 Evacuation Pause)
[2026-02-10T21:43:33.388+0530] GC(6) Using 4 workers of 4 for evacuation
[2026-02-10T21:43:33.396+0530] GC(6)   Pre Evacuate Collection Set: 0.1ms
[2026-02-10T21:43:33.396+0530] GC(6)   Merge Heap Roots: 0.1ms
[2026-02-10T21:43:33.396+0530] GC(6)   Evacuate Collection Set: 7.0ms
[2026-02-10T21:43:33.396+0530] GC(6)   Post Evacuate Collection Set: 0.5ms
[2026-02-10T21:43:33.396+0530] GC(6)   Other: 0.1ms
[2026-02-10T21:43:33.396+0530] GC(6) Eden regions: 86->0(301)
[2026-02-10T21:43:33.396+0530] GC(6) Survivor regions: 3->6(12)
[2026-02-10T21:43:33.396+0530] GC(6) Old regions: 19->19
[2026-02-10T21:43:33.396+0530] GC(6) Archive regions: 0->0
[2026-02-10T21:43:33.396+0530] GC(6) Humongous regions: 5->5
[2026-02-10T21:43:33.396+0530] GC(6) Metaspace: 30337K(30848K)->30337K(30848K) NonClass: 27049K(27328K)->27049K(27328K) Class: 3287K(3520K)->3287K(3520K)
[2026-02-10T21:43:33.396+0530] GC(6) Pause Young (Normal) (G1 Evacuation Pause) 111M->29M(512M) 7.929ms
[2026-02-10T21:43:33.396+0530] GC(6) User=0.03s Sys=0.03s Real=0.01s
[2026-02-10T21:43:33.925+0530] GC(7) Pause Young (Concurrent Start) (Metadata GC Threshold)
[2026-02-10T21:43:33.925+0530] GC(7) Using 4 workers of 4 for evacuation
[2026-02-10T21:43:33.933+0530] GC(7)   Pre Evacuate Collection Set: 0.1ms
[2026-02-10T21:43:33.933+0530] GC(7)   Merge Heap Roots: 0.1ms
[2026-02-10T21:43:33.933+0530] GC(7)   Evacuate Collection Set: 7.0ms
[2026-02-10T21:43:33.933+0530] GC(7)   Post Evacuate Collection Set: 0.4ms
[2026-02-10T21:43:33.933+0530] GC(7)   Other: 0.1ms
[2026-02-10T21:43:33.933+0530] GC(7) Eden regions: 26->0(299)
[2026-02-10T21:43:33.933+0530] GC(7) Survivor regions: 6->8(39)
[2026-02-10T21:43:33.933+0530] GC(7) Old regions: 19->19
[2026-02-10T21:43:33.933+0530] GC(7) Archive regions: 0->0
[2026-02-10T21:43:33.933+0530] GC(7) Humongous regions: 5->5
[2026-02-10T21:43:33.933+0530] GC(7) Metaspace: 35605K(36160K)->35605K(36160K) NonClass: 31664K(31936K)->31664K(31936K) Class: 3941K(4224K)->3941K(4224K)
[2026-02-10T21:43:33.933+0530] GC(7) Pause Young (Concurrent Start) (Metadata GC Threshold) 54M->30M(512M) 7.891ms
[2026-02-10T21:43:33.933+0530] GC(7) User=0.00s Sys=0.00s Real=0.01s
[2026-02-10T21:43:33.933+0530] GC(8) Concurrent Mark Cycle
[2026-02-10T21:43:33.933+0530] GC(8) Concurrent Clear Claimed Marks
[2026-02-10T21:43:33.933+0530] GC(8) Concurrent Clear Claimed Marks 0.031ms
[2026-02-10T21:43:33.933+0530] GC(8) Concurrent Scan Root Regions
[2026-02-10T21:43:33.941+0530] GC(8) Concurrent Scan Root Regions 8.245ms
[2026-02-10T21:43:33.941+0530] GC(8) Concurrent Mark
[2026-02-10T21:43:33.941+0530] GC(8) Concurrent Mark From Roots
[2026-02-10T21:43:33.941+0530] GC(8) Using 1 workers of 1 for marking
[2026-02-10T21:43:33.963+0530] GC(8) Concurrent Mark From Roots 21.370ms
[2026-02-10T21:43:33.963+0530] GC(8) Concurrent Preclean
[2026-02-10T21:43:33.963+0530] GC(8) Concurrent Preclean 0.080ms
[2026-02-10T21:43:33.963+0530] GC(8) Pause Remark
[2026-02-10T21:43:33.967+0530] GC(8) Pause Remark 32M->32M(512M) 3.601ms
[2026-02-10T21:43:33.967+0530] GC(8) User=0.00s Sys=0.00s Real=0.00s
[2026-02-10T21:43:33.967+0530] GC(8) Concurrent Mark 25.573ms
[2026-02-10T21:43:33.968+0530] GC(8) Concurrent Rebuild Remembered Sets
[2026-02-10T21:43:33.977+0530] GC(8) Concurrent Rebuild Remembered Sets 9.437ms
[2026-02-10T21:43:33.977+0530] GC(8) Pause Cleanup
[2026-02-10T21:43:33.977+0530] GC(8) Pause Cleanup 32M->32M(512M) 0.127ms
[2026-02-10T21:43:33.977+0530] GC(8) User=0.00s Sys=0.00s Real=0.00s
[2026-02-10T21:43:33.977+0530] GC(8) Concurrent Cleanup for Next Mark
[2026-02-10T21:43:33.980+0530] GC(8) Concurrent Cleanup for Next Mark 2.903ms
[2026-02-10T21:43:33.980+0530] GC(8) Concurrent Mark Cycle 46.788ms
[2026-02-10T21:43:40.132+0530] Heap
[2026-02-10T21:43:40.132+0530]  garbage-first heap   total 524288K, used 266212K [0x00000000e0000000, 0x0000000100000000)
[2026-02-10T21:43:40.132+0530]   region size 1024K, 238 young (243712K), 8 survivors (8192K)
[2026-02-10T21:43:40.132+0530]  Metaspace       used 36838K, committed 37440K, reserved 1114112K
[2026-02-10T21:43:40.132+0530]   class space    used 4009K, committed 4288K, reserved 1048576K
