[2026-02-10T17:19:21.491+0530] Using G1
[2026-02-10T17:19:21.494+0530] Version: 17.0.12+8-LTS-286 (release)
[2026-02-10T17:19:21.495+0530] CPUs: 8 total, 4 available
[2026-02-10T17:19:21.495+0530] Memory: 7914M
[2026-02-10T17:19:21.495+0530] Large Page Support: Disabled
[2026-02-10T17:19:21.495+0530] NUMA Support: Disabled
[2026-02-10T17:19:21.495+0530] Compressed Oops: Enabled (32-bit)
[2026-02-10T17:19:21.495+0530] Heap Region Size: 1M
[2026-02-10T17:19:21.495+0530] Heap Min Capacity: 256M
[2026-02-10T17:19:21.495+0530] Heap Initial Capacity: 256M
[2026-02-10T17:19:21.495+0530] Heap Max Capacity: 256M
[2026-02-10T17:19:21.495+0530] Pre-touch: Disabled
[2026-02-10T17:19:21.495+0530] Parallel Workers: 4
[2026-02-10T17:19:21.495+0530] Concurrent Workers: 1
[2026-02-10T17:19:21.495+0530] Concurrent Refinement Workers: 4
[2026-02-10T17:19:21.495+0530] Periodic GC: Disabled
[2026-02-10T17:19:21.507+0530] CDS archive(s) mapped at: [0x0000026600000000-0x0000026600bd0000-0x0000026600bd0000), size 12386304, SharedBaseAddress: 0x0000026600000000, ArchiveRelocationMode: 1.
[2026-02-10T17:19:21.507+0530] Compressed class space mapped at: 0x0000026601000000-0x0000026641000000, reserved size: 1073741824
[2026-02-10T17:19:21.507+0530] Narrow klass base: 0x0000026600000000, Narrow klass shift: 0, Narrow klass range: 0x100000000
[2026-02-10T17:19:22.191+0530] GC(0) Pause Young (Normal) (G1 Evacuation Pause)
[2026-02-10T17:19:22.191+0530] GC(0) Using 4 workers of 4 for evacuation
[2026-02-10T17:19:22.204+0530] GC(0)   Pre Evacuate Collection Set: 0.1ms
[2026-02-10T17:19:22.204+0530] GC(0)   Merge Heap Roots: 0.1ms
[2026-02-10T17:19:22.204+0530] GC(0)   Evacuate Collection Set: 12.4ms
[2026-02-10T17:19:22.204+0530] GC(0)   Post Evacuate Collection Set: 0.5ms
[2026-02-10T17:19:22.204+0530] GC(0)   Other: 0.7ms
[2026-02-10T17:19:22.204+0530] GC(0) Eden regions: 13->0(13)
[2026-02-10T17:19:22.204+0530] GC(0) Survivor regions: 0->2(2)
[2026-02-10T17:19:22.205+0530] GC(0) Old regions: 0->3
[2026-02-10T17:19:22.205+0530] GC(0) Archive regions: 0->0
[2026-02-10T17:19:22.205+0530] GC(0) Humongous regions: 5->5
[2026-02-10T17:19:22.205+0530] GC(0) Metaspace: 4464K(4672K)->4464K(4672K) NonClass: 3983K(4096K)->3983K(4096K) Class: 480K(576K)->480K(576K)
[2026-02-10T17:19:22.205+0530] GC(0) Pause Young (Normal) (G1 Evacuation Pause) 18M->9M(256M) 14.108ms
[2026-02-10T17:19:22.205+0530] GC(0) User=0.02s Sys=0.02s Real=0.01s
[2026-02-10T17:19:22.389+0530] GC(1) Pause Young (Normal) (G1 Evacuation Pause)
[2026-02-10T17:19:22.389+0530] GC(1) Using 4 workers of 4 for evacuation
[2026-02-10T17:19:22.398+0530] GC(1)   Pre Evacuate Collection Set: 0.1ms
[2026-02-10T17:19:22.398+0530] GC(1)   Merge Heap Roots: 0.1ms
[2026-02-10T17:19:22.398+0530] GC(1)   Evacuate Collection Set: 9.0ms
[2026-02-10T17:19:22.398+0530] GC(1)   Post Evacuate Collection Set: 0.3ms
[2026-02-10T17:19:22.398+0530] GC(1)   Other: 0.1ms
[2026-02-10T17:19:22.398+0530] GC(1) Eden regions: 13->0(20)
[2026-02-10T17:19:22.398+0530] GC(1) Survivor regions: 2->2(2)
[2026-02-10T17:19:22.398+0530] GC(1) Old regions: 3->6
[2026-02-10T17:19:22.398+0530] GC(1) Archive regions: 0->0
[2026-02-10T17:19:22.398+0530] GC(1) Humongous regions: 5->5
[2026-02-10T17:19:22.398+0530] GC(1) Metaspace: 6008K(6144K)->6008K(6144K) NonClass: 5350K(5440K)->5350K(5440K) Class: 657K(704K)->657K(704K)
[2026-02-10T17:19:22.398+0530] GC(1) Pause Young (Normal) (G1 Evacuation Pause) 22M->12M(256M) 9.788ms
[2026-02-10T17:19:22.398+0530] GC(1) User=0.03s Sys=0.03s Real=0.01s
[2026-02-10T17:19:22.825+0530] GC(2) Pause Young (Normal) (G1 Evacuation Pause)
[2026-02-10T17:19:22.825+0530] GC(2) Using 4 workers of 4 for evacuation
[2026-02-10T17:19:22.829+0530] GC(2)   Pre Evacuate Collection Set: 0.1ms
[2026-02-10T17:19:22.830+0530] GC(2)   Merge Heap Roots: 0.1ms
[2026-02-10T17:19:22.830+0530] GC(2)   Evacuate Collection Set: 3.9ms
[2026-02-10T17:19:22.830+0530] GC(2)   Post Evacuate Collection Set: 0.3ms
[2026-02-10T17:19:22.830+0530] GC(2)   Other: 0.2ms
[2026-02-10T17:19:22.830+0530] GC(2) Eden regions: 20->0(96)
[2026-02-10T17:19:22.830+0530] GC(2) Survivor regions: 2->2(3)
[2026-02-10T17:19:22.830+0530] GC(2) Old regions: 6->8
[2026-02-10T17:19:22.830+0530] GC(2) Archive regions: 0->0
[2026-02-10T17:19:22.830+0530] GC(2) Humongous regions: 5->5
[2026-02-10T17:19:22.830+0530] GC(2) Metaspace: 11725K(11968K)->11725K(11968K) NonClass: 10394K(10496K)->10394K(10496K) Class: 1331K(1472K)->1331K(1472K)
[2026-02-10T17:19:22.830+0530] GC(2) Pause Young (Normal) (G1 Evacuation Pause) 32M->14M(256M) 4.846ms
[2026-02-10T17:19:22.830+0530] GC(2) User=0.03s Sys=0.03s Real=0.00s
[2026-02-10T17:19:23.861+0530] GC(3) Pause Young (Concurrent Start) (Metadata GC Threshold)
[2026-02-10T17:19:23.862+0530] GC(3) Using 4 workers of 4 for evacuation
[2026-02-10T17:19:23.869+0530] GC(3)   Pre Evacuate Collection Set: 0.1ms
[2026-02-10T17:19:23.869+0530] GC(3)   Merge Heap Roots: 0.1ms
[2026-02-10T17:19:23.869+0530] GC(3)   Evacuate Collection Set: 6.8ms
[2026-02-10T17:19:23.869+0530] GC(3)   Post Evacuate Collection Set: 0.5ms
[2026-02-10T17:19:23.869+0530] GC(3)   Other: 0.2ms
[2026-02-10T17:19:23.869+0530] GC(3) Eden regions: 61->0(113)
[2026-02-10T17:19:23.869+0530] GC(3) Survivor regions: 2->13(13)
[2026-02-10T17:19:23.869+0530] GC(3) Old regions: 8->8
[2026-02-10T17:19:23.869+0530] GC(3) Archive regions: 0->0
[2026-02-10T17:19:23.870+0530] GC(3) Humongous regions: 5->5
[2026-02-10T17:19:23.870+0530] GC(3) Metaspace: 21157K(21504K)->21157K(21504K) NonClass: 18985K(19136K)->18985K(19136K) Class: 2172K(2368K)->2172K(2368K)
[2026-02-10T17:19:23.870+0530] GC(3) Pause Young (Concurrent Start) (Metadata GC Threshold) 75M->25M(256M) 7.776ms
[2026-02-10T17:19:23.870+0530] GC(3) User=0.00s Sys=0.00s Real=0.01s
[2026-02-10T17:19:23.870+0530] GC(4) Concurrent Mark Cycle
[2026-02-10T17:19:23.870+0530] GC(4) Concurrent Clear Claimed Marks
[2026-02-10T17:19:23.870+0530] GC(4) Concurrent Clear Claimed Marks 0.033ms
[2026-02-10T17:19:23.870+0530] GC(4) Concurrent Scan Root Regions
[2026-02-10T17:19:23.874+0530] GC(4) Concurrent Scan Root Regions 4.166ms
[2026-02-10T17:19:23.874+0530] GC(4) Concurrent Mark
[2026-02-10T17:19:23.874+0530] GC(4) Concurrent Mark From Roots
[2026-02-10T17:19:23.874+0530] GC(4) Using 1 workers of 1 for marking
[2026-02-10T17:19:23.896+0530] GC(4) Concurrent Mark From Roots 22.243ms
[2026-02-10T17:19:23.896+0530] GC(4) Concurrent Preclean
[2026-02-10T17:19:23.896+0530] GC(4) Concurrent Preclean 0.065ms
[2026-02-10T17:19:23.896+0530] GC(4) Pause Remark
[2026-02-10T17:19:23.900+0530] GC(4) Pause Remark 26M->26M(256M) 3.510ms
[2026-02-10T17:19:23.900+0530] GC(4) User=0.00s Sys=0.00s Real=0.00s
[2026-02-10T17:19:23.901+0530] GC(4) Concurrent Mark 26.824ms
[2026-02-10T17:19:23.901+0530] GC(4) Concurrent Rebuild Remembered Sets
[2026-02-10T17:19:23.910+0530] GC(4) Concurrent Rebuild Remembered Sets 9.691ms
[2026-02-10T17:19:23.911+0530] GC(4) Pause Cleanup
[2026-02-10T17:19:23.911+0530] GC(4) Pause Cleanup 26M->26M(256M) 0.121ms
[2026-02-10T17:19:23.911+0530] GC(4) User=0.00s Sys=0.00s Real=0.00s
[2026-02-10T17:19:23.911+0530] GC(4) Concurrent Cleanup for Next Mark
[2026-02-10T17:19:23.912+0530] GC(4) Concurrent Cleanup for Next Mark 1.612ms
[2026-02-10T17:19:23.913+0530] GC(4) Concurrent Mark Cycle 42.935ms
[2026-02-10T17:19:25.755+0530] Heap
[2026-02-10T17:19:25.755+0530]  garbage-first heap   total 262144K, used 125903K [0x00000000f0000000, 0x0000000100000000)
[2026-02-10T17:19:25.755+0530]   region size 1024K, 111 young (113664K), 13 survivors (13312K)
[2026-02-10T17:19:25.756+0530]  Metaspace       used 33386K, committed 33920K, reserved 1114112K
[2026-02-10T17:19:25.756+0530]   class space    used 3680K, committed 3968K, reserved 1048576K
