[2026-02-10T17:18:16.030+0530] Using G1
[2026-02-10T17:18:16.032+0530] Version: 17.0.12+8-LTS-286 (release)
[2026-02-10T17:18:16.032+0530] CPUs: 8 total, 4 available
[2026-02-10T17:18:16.032+0530] Memory: 7914M
[2026-02-10T17:18:16.033+0530] Large Page Support: Disabled
[2026-02-10T17:18:16.033+0530] NUMA Support: Disabled
[2026-02-10T17:18:16.033+0530] Compressed Oops: Enabled (32-bit)
[2026-02-10T17:18:16.033+0530] Heap Region Size: 1M
[2026-02-10T17:18:16.033+0530] Heap Min Capacity: 128M
[2026-02-10T17:18:16.033+0530] Heap Initial Capacity: 128M
[2026-02-10T17:18:16.033+0530] Heap Max Capacity: 128M
[2026-02-10T17:18:16.033+0530] Pre-touch: Disabled
[2026-02-10T17:18:16.033+0530] Parallel Workers: 4
[2026-02-10T17:18:16.033+0530] Concurrent Workers: 1
[2026-02-10T17:18:16.033+0530] Concurrent Refinement Workers: 4
[2026-02-10T17:18:16.033+0530] Periodic GC: Disabled
[2026-02-10T17:18:16.049+0530] CDS archive(s) mapped at: [0x00000219d0000000-0x00000219d0bd0000-0x00000219d0bd0000), size 12386304, SharedBaseAddress: 0x00000219d0000000, ArchiveRelocationMode: 1.
[2026-02-10T17:18:16.049+0530] Compressed class space mapped at: 0x00000219d1000000-0x0000021a11000000, reserved size: 1073741824
[2026-02-10T17:18:16.049+0530] Narrow klass base: 0x00000219d0000000, Narrow klass shift: 0, Narrow klass range: 0x100000000
[2026-02-10T17:18:16.699+0530] GC(0) Pause Young (Normal) (G1 Evacuation Pause)
[2026-02-10T17:18:16.699+0530] GC(0) Using 3 workers of 4 for evacuation
[2026-02-10T17:18:16.707+0530] GC(0)   Pre Evacuate Collection Set: 0.1ms
[2026-02-10T17:18:16.707+0530] GC(0)   Merge Heap Roots: 0.1ms
[2026-02-10T17:18:16.707+0530] GC(0)   Evacuate Collection Set: 7.4ms
[2026-02-10T17:18:16.707+0530] GC(0)   Post Evacuate Collection Set: 0.5ms
[2026-02-10T17:18:16.707+0530] GC(0)   Other: 0.4ms
[2026-02-10T17:18:16.707+0530] GC(0) Eden regions: 13->0(13)
[2026-02-10T17:18:16.707+0530] GC(0) Survivor regions: 0->2(2)
[2026-02-10T17:18:16.707+0530] GC(0) Old regions: 0->3
[2026-02-10T17:18:16.707+0530] GC(0) Archive regions: 0->0
[2026-02-10T17:18:16.707+0530] GC(0) Humongous regions: 5->5
[2026-02-10T17:18:16.707+0530] GC(0) Metaspace: 4459K(4672K)->4459K(4672K) NonClass: 3979K(4096K)->3979K(4096K) Class: 480K(576K)->480K(576K)
[2026-02-10T17:18:16.707+0530] GC(0) Pause Young (Normal) (G1 Evacuation Pause) 18M->9M(128M) 8.729ms
[2026-02-10T17:18:16.707+0530] GC(0) User=0.03s Sys=0.02s Real=0.01s
[2026-02-10T17:18:16.898+0530] GC(1) Pause Young (Normal) (G1 Evacuation Pause)
[2026-02-10T17:18:16.898+0530] GC(1) Using 3 workers of 4 for evacuation
[2026-02-10T17:18:16.907+0530] GC(1)   Pre Evacuate Collection Set: 0.0ms
[2026-02-10T17:18:16.907+0530] GC(1)   Merge Heap Roots: 0.1ms
[2026-02-10T17:18:16.907+0530] GC(1)   Evacuate Collection Set: 8.4ms
[2026-02-10T17:18:16.907+0530] GC(1)   Post Evacuate Collection Set: 0.3ms
[2026-02-10T17:18:16.907+0530] GC(1)   Other: 0.2ms
[2026-02-10T17:18:16.907+0530] GC(1) Eden regions: 13->0(18)
[2026-02-10T17:18:16.907+0530] GC(1) Survivor regions: 2->2(2)
[2026-02-10T17:18:16.907+0530] GC(1) Old regions: 3->6
[2026-02-10T17:18:16.907+0530] GC(1) Archive regions: 0->0
[2026-02-10T17:18:16.907+0530] GC(1) Humongous regions: 5->5
[2026-02-10T17:18:16.907+0530] GC(1) Metaspace: 6009K(6144K)->6009K(6144K) NonClass: 5351K(5440K)->5351K(5440K) Class: 657K(704K)->657K(704K)
[2026-02-10T17:18:16.907+0530] GC(1) Pause Young (Normal) (G1 Evacuation Pause) 22M->12M(128M) 9.172ms
[2026-02-10T17:18:16.907+0530] GC(1) User=0.02s Sys=0.05s Real=0.01s
[2026-02-10T17:18:17.671+0530] GC(2) Pause Young (Normal) (G1 Evacuation Pause)
[2026-02-10T17:18:17.671+0530] GC(2) Using 3 workers of 4 for evacuation
[2026-02-10T17:18:17.678+0530] GC(2)   Pre Evacuate Collection Set: 0.1ms
[2026-02-10T17:18:17.678+0530] GC(2)   Merge Heap Roots: 0.1ms
[2026-02-10T17:18:17.678+0530] GC(2)   Evacuate Collection Set: 6.2ms
[2026-02-10T17:18:17.678+0530] GC(2)   Post Evacuate Collection Set: 0.4ms
[2026-02-10T17:18:17.678+0530] GC(2)   Other: 0.2ms
[2026-02-10T17:18:17.678+0530] GC(2) Eden regions: 18->0(70)
[2026-02-10T17:18:17.679+0530] GC(2) Survivor regions: 2->2(3)
[2026-02-10T17:18:17.679+0530] GC(2) Old regions: 6->8
[2026-02-10T17:18:17.679+0530] GC(2) Archive regions: 0->0
[2026-02-10T17:18:17.679+0530] GC(2) Humongous regions: 5->5
[2026-02-10T17:18:17.679+0530] GC(2) Metaspace: 11437K(11712K)->11437K(11712K) NonClass: 10151K(10304K)->10151K(10304K) Class: 1286K(1408K)->1286K(1408K)
[2026-02-10T17:18:17.679+0530] GC(2) Pause Young (Normal) (G1 Evacuation Pause) 30M->14M(128M) 7.275ms
[2026-02-10T17:18:17.679+0530] GC(2) User=0.00s Sys=0.00s Real=0.01s
[2026-02-10T17:18:19.375+0530] GC(3) Pause Young (Concurrent Start) (Metadata GC Threshold)
[2026-02-10T17:18:19.375+0530] GC(3) Using 3 workers of 4 for evacuation
[2026-02-10T17:18:19.390+0530] GC(3)   Pre Evacuate Collection Set: 0.1ms
[2026-02-10T17:18:19.390+0530] GC(3)   Merge Heap Roots: 0.1ms
[2026-02-10T17:18:19.390+0530] GC(3)   Evacuate Collection Set: 12.8ms
[2026-02-10T17:18:19.390+0530] GC(3)   Post Evacuate Collection Set: 0.5ms
[2026-02-10T17:18:19.390+0530] GC(3)   Other: 0.3ms
[2026-02-10T17:18:19.390+0530] GC(3) Eden regions: 63->0(55)
[2026-02-10T17:18:19.390+0530] GC(3) Survivor regions: 2->9(9)
[2026-02-10T17:18:19.390+0530] GC(3) Old regions: 8->12
[2026-02-10T17:18:19.390+0530] GC(3) Archive regions: 0->0
[2026-02-10T17:18:19.390+0530] GC(3) Humongous regions: 5->5
[2026-02-10T17:18:19.390+0530] GC(3) Metaspace: 21219K(21504K)->21219K(21504K) NonClass: 19058K(19200K)->19058K(19200K) Class: 2161K(2304K)->2161K(2304K)
[2026-02-10T17:18:19.390+0530] GC(3) Pause Young (Concurrent Start) (Metadata GC Threshold) 77M->25M(128M) 14.068ms
[2026-02-10T17:18:19.390+0530] GC(3) User=0.00s Sys=0.02s Real=0.02s
[2026-02-10T17:18:19.390+0530] GC(4) Concurrent Mark Cycle
[2026-02-10T17:18:19.390+0530] GC(4) Concurrent Clear Claimed Marks
[2026-02-10T17:18:19.390+0530] GC(4) Concurrent Clear Claimed Marks 0.038ms
[2026-02-10T17:18:19.390+0530] GC(4) Concurrent Scan Root Regions
[2026-02-10T17:18:19.394+0530] GC(4) Concurrent Scan Root Regions 4.729ms
[2026-02-10T17:18:19.394+0530] GC(4) Concurrent Mark
[2026-02-10T17:18:19.394+0530] GC(4) Concurrent Mark From Roots
[2026-02-10T17:18:19.394+0530] GC(4) Using 1 workers of 1 for marking
[2026-02-10T17:18:19.421+0530] GC(4) Concurrent Mark From Roots 25.692ms
[2026-02-10T17:18:19.421+0530] GC(4) Concurrent Preclean
[2026-02-10T17:18:19.421+0530] GC(4) Concurrent Preclean 0.068ms
[2026-02-10T17:18:19.421+0530] GC(4) Pause Remark
[2026-02-10T17:18:19.426+0530] GC(4) Pause Remark 26M->26M(128M) 4.659ms
[2026-02-10T17:18:19.426+0530] GC(4) User=0.00s Sys=0.00s Real=0.01s
[2026-02-10T17:18:19.426+0530] GC(4) Concurrent Mark 30.836ms
[2026-02-10T17:18:19.426+0530] GC(4) Concurrent Rebuild Remembered Sets
[2026-02-10T17:18:19.438+0530] GC(4) Concurrent Rebuild Remembered Sets 12.979ms
[2026-02-10T17:18:19.438+0530] GC(4) Pause Cleanup
[2026-02-10T17:18:19.438+0530] GC(4) Pause Cleanup 26M->26M(128M) 0.091ms
[2026-02-10T17:18:19.439+0530] GC(4) User=0.00s Sys=0.00s Real=0.00s
[2026-02-10T17:18:19.439+0530] GC(4) Concurrent Cleanup for Next Mark
[2026-02-10T17:18:19.440+0530] GC(4) Concurrent Cleanup for Next Mark 1.254ms
[2026-02-10T17:18:19.440+0530] GC(4) Concurrent Mark Cycle 50.548ms
[2026-02-10T17:18:21.084+0530] GC(5) Pause Young (Normal) (G1 Evacuation Pause)
[2026-02-10T17:18:21.084+0530] GC(5) Using 3 workers of 4 for evacuation
[2026-02-10T17:18:21.105+0530] GC(5)   Pre Evacuate Collection Set: 0.1ms
[2026-02-10T17:18:21.105+0530] GC(5)   Merge Heap Roots: 0.1ms
[2026-02-10T17:18:21.105+0530] GC(5)   Evacuate Collection Set: 19.6ms
[2026-02-10T17:18:21.105+0530] GC(5)   Post Evacuate Collection Set: 0.7ms
[2026-02-10T17:18:21.105+0530] GC(5)   Other: 0.3ms
[2026-02-10T17:18:21.105+0530] GC(5) Eden regions: 55->0(54)
[2026-02-10T17:18:21.105+0530] GC(5) Survivor regions: 9->4(8)
[2026-02-10T17:18:21.105+0530] GC(5) Old regions: 12->21
[2026-02-10T17:18:21.105+0530] GC(5) Archive regions: 0->0
[2026-02-10T17:18:21.105+0530] GC(5) Humongous regions: 5->5
[2026-02-10T17:18:21.105+0530] GC(5) Metaspace: 27542K(28032K)->27542K(28032K) NonClass: 24579K(24832K)->24579K(24832K) Class: 2962K(3200K)->2962K(3200K)
[2026-02-10T17:18:21.105+0530] GC(5) Pause Young (Normal) (G1 Evacuation Pause) 80M->28M(128M) 21.198ms
[2026-02-10T17:18:21.105+0530] GC(5) User=0.03s Sys=0.02s Real=0.02s
[2026-02-10T17:18:22.002+0530] Heap
[2026-02-10T17:18:22.002+0530]  garbage-first heap   total 131072K, used 71310K [0x00000000f8000000, 0x0000000100000000)
[2026-02-10T17:18:22.002+0530]   region size 1024K, 45 young (46080K), 4 survivors (4096K)
[2026-02-10T17:18:22.002+0530]  Metaspace       used 33460K, committed 34048K, reserved 1114112K
[2026-02-10T17:18:22.002+0530]   class space    used 3679K, committed 3968K, reserved 1048576K
