[2026-02-10T21:45:25.118+0530] Using G1
[2026-02-10T21:45:25.120+0530] Version: 17.0.12+8-LTS-286 (release)
[2026-02-10T21:45:25.120+0530] CPUs: 8 total, 4 available
[2026-02-10T21:45:25.120+0530] Memory: 7914M
[2026-02-10T21:45:25.120+0530] Large Page Support: Disabled
[2026-02-10T21:45:25.120+0530] NUMA Support: Disabled
[2026-02-10T21:45:25.120+0530] Compressed Oops: Enabled (32-bit)
[2026-02-10T21:45:25.120+0530] Heap Region Size: 1M
[2026-02-10T21:45:25.120+0530] Heap Min Capacity: 512M
[2026-02-10T21:45:25.120+0530] Heap Initial Capacity: 512M
[2026-02-10T21:45:25.120+0530] Heap Max Capacity: 512M
[2026-02-10T21:45:25.120+0530] Pre-touch: Disabled
[2026-02-10T21:45:25.120+0530] Parallel Workers: 4
[2026-02-10T21:45:25.121+0530] Concurrent Workers: 1
[2026-02-10T21:45:25.121+0530] Concurrent Refinement Workers: 4
[2026-02-10T21:45:25.121+0530] Periodic GC: Disabled
[2026-02-10T21:45:25.130+0530] CDS archive(s) mapped at: [0x000001d643000000-0x000001d643bd0000-0x000001d643bd0000), size 12386304, SharedBaseAddress: 0x000001d643000000, ArchiveRelocationMode: 1.
[2026-02-10T21:45:25.130+0530] Compressed class space mapped at: 0x000001d644000000-0x000001d684000000, reserved size: 1073741824
[2026-02-10T21:45:25.130+0530] Narrow klass base: 0x000001d643000000, Narrow klass shift: 0, Narrow klass range: 0x100000000
[2026-02-10T21:45:26.128+0530] GC(0) Pause Young (Normal) (G1 Evacuation Pause)
[2026-02-10T21:45:26.128+0530] GC(0) Using 4 workers of 4 for evacuation
[2026-02-10T21:45:26.153+0530] GC(0)   Pre Evacuate Collection Set: 0.1ms
[2026-02-10T21:45:26.153+0530] GC(0)   Merge Heap Roots: 0.1ms
[2026-02-10T21:45:26.153+0530] GC(0)   Evacuate Collection Set: 23.6ms
[2026-02-10T21:45:26.153+0530] GC(0)   Post Evacuate Collection Set: 0.7ms
[2026-02-10T21:45:26.153+0530] GC(0)   Other: 1.0ms
[2026-02-10T21:45:26.153+0530] GC(0) Eden regions: 25->0(21)
[2026-02-10T21:45:26.153+0530] GC(0) Survivor regions: 0->4(4)
[2026-02-10T21:45:26.153+0530] GC(0) Old regions: 0->4
[2026-02-10T21:45:26.153+0530] GC(0) Archive regions: 0->0
[2026-02-10T21:45:26.153+0530] GC(0) Humongous regions: 5->5
[2026-02-10T21:45:26.153+0530] GC(0) Metaspace: 5445K(5632K)->5445K(5632K) NonClass: 4874K(4992K)->4874K(4992K) Class: 570K(640K)->570K(640K)
[2026-02-10T21:45:26.153+0530] GC(0) Pause Young (Normal) (G1 Evacuation Pause) 30M->12M(512M) 25.794ms
[2026-02-10T21:45:26.153+0530] GC(0) User=0.06s Sys=0.02s Real=0.03s
[2026-02-10T21:45:26.772+0530] GC(1) Pause Young (Normal) (G1 Evacuation Pause)
[2026-02-10T21:45:26.772+0530] GC(1) Using 4 workers of 4 for evacuation
[2026-02-10T21:45:26.779+0530] GC(1)   Pre Evacuate Collection Set: 0.1ms
[2026-02-10T21:45:26.779+0530] GC(1)   Merge Heap Roots: 0.2ms
[2026-02-10T21:45:26.779+0530] GC(1)   Evacuate Collection Set: 6.7ms
[2026-02-10T21:45:26.779+0530] GC(1)   Post Evacuate Collection Set: 0.7ms
[2026-02-10T21:45:26.779+0530] GC(1)   Other: 0.2ms
[2026-02-10T21:45:26.779+0530] GC(1) Eden regions: 21->0(23)
[2026-02-10T21:45:26.779+0530] GC(1) Survivor regions: 4->2(4)
[2026-02-10T21:45:26.779+0530] GC(1) Old regions: 4->8
[2026-02-10T21:45:26.779+0530] GC(1) Archive regions: 0->0
[2026-02-10T21:45:26.779+0530] GC(1) Humongous regions: 5->5
[2026-02-10T21:45:26.779+0530] GC(1) Metaspace: 11739K(11968K)->11739K(11968K) NonClass: 10408K(10496K)->10408K(10496K) Class: 1330K(1472K)->1330K(1472K)
[2026-02-10T21:45:26.779+0530] GC(1) Pause Young (Normal) (G1 Evacuation Pause) 33M->14M(512M) 7.950ms
[2026-02-10T21:45:26.779+0530] GC(1) User=0.00s Sys=0.00s Real=0.01s
[2026-02-10T21:45:27.173+0530] GC(2) Pause Young (Normal) (G1 Evacuation Pause)
[2026-02-10T21:45:27.173+0530] GC(2) Using 4 workers of 4 for evacuation
[2026-02-10T21:45:27.187+0530] GC(2)   Pre Evacuate Collection Set: 0.2ms
[2026-02-10T21:45:27.187+0530] GC(2)   Merge Heap Roots: 0.1ms
[2026-02-10T21:45:27.187+0530] GC(2)   Evacuate Collection Set: 13.3ms
[2026-02-10T21:45:27.187+0530] GC(2)   Post Evacuate Collection Set: 0.4ms
[2026-02-10T21:45:27.187+0530] GC(2)   Other: 0.2ms
[2026-02-10T21:45:27.187+0530] GC(2) Eden regions: 23->0(36)
[2026-02-10T21:45:27.188+0530] GC(2) Survivor regions: 2->4(4)
[2026-02-10T21:45:27.188+0530] GC(2) Old regions: 8->14
[2026-02-10T21:45:27.188+0530] GC(2) Archive regions: 0->0
[2026-02-10T21:45:27.188+0530] GC(2) Humongous regions: 5->5
[2026-02-10T21:45:27.188+0530] GC(2) Metaspace: 14631K(14912K)->14631K(14912K) NonClass: 12966K(13120K)->12966K(13120K) Class: 1664K(1792K)->1664K(1792K)
[2026-02-10T21:45:27.188+0530] GC(2) Pause Young (Normal) (G1 Evacuation Pause) 37M->22M(512M) 14.494ms
[2026-02-10T21:45:27.188+0530] GC(2) User=0.05s Sys=0.02s Real=0.01s
[2026-02-10T21:45:27.773+0530] GC(3) Pause Young (Normal) (G1 Evacuation Pause)
[2026-02-10T21:45:27.773+0530] GC(3) Using 4 workers of 4 for evacuation
[2026-02-10T21:45:27.781+0530] GC(3)   Pre Evacuate Collection Set: 0.1ms
[2026-02-10T21:45:27.781+0530] GC(3)   Merge Heap Roots: 0.1ms
[2026-02-10T21:45:27.781+0530] GC(3)   Evacuate Collection Set: 6.5ms
[2026-02-10T21:45:27.781+0530] GC(3)   Post Evacuate Collection Set: 0.4ms
[2026-02-10T21:45:27.781+0530] GC(3)   Other: 0.2ms
[2026-02-10T21:45:27.781+0530] GC(3) Eden regions: 36->0(206)
[2026-02-10T21:45:27.781+0530] GC(3) Survivor regions: 4->2(5)
[2026-02-10T21:45:27.781+0530] GC(3) Old regions: 14->18
[2026-02-10T21:45:27.781+0530] GC(3) Archive regions: 0->0
[2026-02-10T21:45:27.782+0530] GC(3) Humongous regions: 5->5
[2026-02-10T21:45:27.782+0530] GC(3) Metaspace: 19977K(20352K)->19977K(20352K) NonClass: 17890K(18112K)->17890K(18112K) Class: 2086K(2240K)->2086K(2240K)
[2026-02-10T21:45:27.782+0530] GC(3) Pause Young (Normal) (G1 Evacuation Pause) 58M->24M(512M) 7.536ms
[2026-02-10T21:45:27.782+0530] GC(3) User=0.00s Sys=0.00s Real=0.01s
[2026-02-10T21:45:27.941+0530] GC(4) Pause Young (Concurrent Start) (Metadata GC Threshold)
[2026-02-10T21:45:27.941+0530] GC(4) Using 4 workers of 4 for evacuation
[2026-02-10T21:45:27.945+0530] GC(4)   Pre Evacuate Collection Set: 0.1ms
[2026-02-10T21:45:27.945+0530] GC(4)   Merge Heap Roots: 0.1ms
[2026-02-10T21:45:27.945+0530] GC(4)   Evacuate Collection Set: 3.5ms
[2026-02-10T21:45:27.945+0530] GC(4)   Post Evacuate Collection Set: 0.3ms
[2026-02-10T21:45:27.945+0530] GC(4)   Other: 0.2ms
[2026-02-10T21:45:27.945+0530] GC(4) Eden regions: 3->0(109)
[2026-02-10T21:45:27.945+0530] GC(4) Survivor regions: 2->3(26)
[2026-02-10T21:45:27.945+0530] GC(4) Old regions: 18->18
[2026-02-10T21:45:27.945+0530] GC(4) Archive regions: 0->0
[2026-02-10T21:45:27.945+0530] GC(4) Humongous regions: 5->5
[2026-02-10T21:45:27.945+0530] GC(4) Metaspace: 21190K(21504K)->21190K(21504K) NonClass: 19022K(19200K)->19022K(19200K) Class: 2168K(2304K)->2168K(2304K)
[2026-02-10T21:45:27.946+0530] GC(4) Pause Young (Concurrent Start) (Metadata GC Threshold) 27M->25M(512M) 4.328ms
[2026-02-10T21:45:27.946+0530] GC(4) User=0.00s Sys=0.00s Real=0.01s
[2026-02-10T21:45:27.946+0530] GC(5) Concurrent Mark Cycle
[2026-02-10T21:45:27.946+0530] GC(5) Concurrent Clear Claimed Marks
[2026-02-10T21:45:27.946+0530] GC(5) Concurrent Clear Claimed Marks 0.033ms
[2026-02-10T21:45:27.946+0530] GC(5) Concurrent Scan Root Regions
[2026-02-10T21:45:27.948+0530] GC(5) Concurrent Scan Root Regions 2.652ms
[2026-02-10T21:45:27.948+0530] GC(5) Concurrent Mark
[2026-02-10T21:45:27.948+0530] GC(5) Concurrent Mark From Roots
[2026-02-10T21:45:27.948+0530] GC(5) Using 1 workers of 1 for marking
[2026-02-10T21:45:27.977+0530] GC(5) Concurrent Mark From Roots 28.698ms
[2026-02-10T21:45:27.977+0530] GC(5) Concurrent Preclean
[2026-02-10T21:45:27.977+0530] GC(5) Concurrent Preclean 0.102ms
[2026-02-10T21:45:27.978+0530] GC(5) Pause Remark
[2026-02-10T21:45:27.982+0530] GC(5) Pause Remark 25M->25M(512M) 5.207ms
[2026-02-10T21:45:27.982+0530] GC(5) User=0.00s Sys=0.00s Real=0.00s
[2026-02-10T21:45:27.985+0530] GC(5) Concurrent Mark 36.392ms
[2026-02-10T21:45:27.985+0530] GC(5) Concurrent Rebuild Remembered Sets
[2026-02-10T21:45:28.000+0530] GC(5) Concurrent Rebuild Remembered Sets 14.976ms
[2026-02-10T21:45:28.001+0530] GC(5) Pause Cleanup
[2026-02-10T21:45:28.001+0530] GC(5) Pause Cleanup 25M->25M(512M) 0.292ms
[2026-02-10T21:45:28.001+0530] GC(5) User=0.00s Sys=0.00s Real=0.00s
[2026-02-10T21:45:28.001+0530] GC(5) Concurrent Cleanup for Next Mark
[2026-02-10T21:45:28.005+0530] GC(5) Concurrent Cleanup for Next Mark 3.583ms
[2026-02-10T21:45:28.005+0530] GC(5) Concurrent Mark Cycle 58.983ms
[2026-02-10T21:45:30.581+0530] GC(6) Pause Young (Prepare Mixed) (G1 Evacuation Pause)
[2026-02-10T21:45:30.581+0530] GC(6) Using 4 workers of 4 for evacuation
[2026-02-10T21:45:30.592+0530] GC(6)   Pre Evacuate Collection Set: 0.1ms
[2026-02-10T21:45:30.593+0530] GC(6)   Merge Heap Roots: 0.1ms
[2026-02-10T21:45:30.593+0530] GC(6)   Evacuate Collection Set: 11.0ms
[2026-02-10T21:45:30.593+0530] GC(6)   Post Evacuate Collection Set: 0.5ms
[2026-02-10T21:45:30.593+0530] GC(6)   Other: 0.2ms
[2026-02-10T21:45:30.593+0530] GC(6) Eden regions: 109->0(17)
[2026-02-10T21:45:30.593+0530] GC(6) Survivor regions: 3->8(14)
[2026-02-10T21:45:30.593+0530] GC(6) Old regions: 18->18
[2026-02-10T21:45:30.593+0530] GC(6) Archive regions: 0->0
[2026-02-10T21:45:30.593+0530] GC(6) Humongous regions: 5->5
[2026-02-10T21:45:30.593+0530] GC(6) Metaspace: 35613K(36096K)->35613K(36096K) NonClass: 31660K(31936K)->31660K(31936K) Class: 3953K(4160K)->3953K(4160K)
[2026-02-10T21:45:30.593+0530] GC(6) Pause Young (Prepare Mixed) (G1 Evacuation Pause) 134M->29M(512M) 12.060ms
[2026-02-10T21:45:30.593+0530] GC(6) User=0.00s Sys=0.00s Real=0.01s
[2026-02-10T21:45:30.603+0530] GC(7) Pause Young (Mixed) (Metadata GC Threshold)
[2026-02-10T21:45:30.604+0530] GC(7) Using 4 workers of 4 for evacuation
[2026-02-10T21:45:30.615+0530] GC(7)   Pre Evacuate Collection Set: 0.1ms
[2026-02-10T21:45:30.615+0530] GC(7)   Merge Heap Roots: 0.1ms
[2026-02-10T21:45:30.615+0530] GC(7)   Evacuate Collection Set: 10.1ms
[2026-02-10T21:45:30.615+0530] GC(7)   Post Evacuate Collection Set: 0.4ms
[2026-02-10T21:45:30.615+0530] GC(7)   Other: 0.1ms
[2026-02-10T21:45:30.615+0530] GC(7) Eden regions: 1->0(306)
[2026-02-10T21:45:30.615+0530] GC(7) Survivor regions: 8->1(4)
[2026-02-10T21:45:30.615+0530] GC(7) Old regions: 18->25
[2026-02-10T21:45:30.615+0530] GC(7) Archive regions: 0->0
[2026-02-10T21:45:30.615+0530] GC(7) Humongous regions: 5->5
[2026-02-10T21:45:30.615+0530] GC(7) Metaspace: 35630K(36096K)->35630K(36096K) NonClass: 31676K(31936K)->31676K(31936K) Class: 3953K(4160K)->3953K(4160K)
[2026-02-10T21:45:30.615+0530] GC(7) Pause Young (Mixed) (Metadata GC Threshold) 29M->30M(512M) 11.007ms
[2026-02-10T21:45:30.615+0530] GC(7) User=0.06s Sys=0.00s Real=0.01s
[2026-02-10T21:45:30.730+0530] GC(8) Pause Young (Concurrent Start) (Metadata GC Threshold)
[2026-02-10T21:45:30.732+0530] GC(8) Using 4 workers of 4 for evacuation
[2026-02-10T21:45:30.732+0530] GC(8)   Pre Evacuate Collection Set: 0.1ms
[2026-02-10T21:45:30.732+0530] GC(8)   Merge Heap Roots: 0.1ms
[2026-02-10T21:45:30.732+0530] GC(8)   Evacuate Collection Set: 1.1ms
[2026-02-10T21:45:30.732+0530] GC(8)   Post Evacuate Collection Set: 0.3ms
[2026-02-10T21:45:30.732+0530] GC(8)   Other: 0.2ms
[2026-02-10T21:45:30.732+0530] GC(8) Eden regions: 5->0(306)
[2026-02-10T21:45:30.733+0530] GC(8) Survivor regions: 1->1(39)
[2026-02-10T21:45:30.733+0530] GC(8) Old regions: 25->25
[2026-02-10T21:45:30.733+0530] GC(8) Archive regions: 0->0
[2026-02-10T21:45:30.733+0530] GC(8) Humongous regions: 5->5
[2026-02-10T21:45:30.733+0530] GC(8) Metaspace: 35864K(36416K)->35864K(36416K) NonClass: 31903K(32192K)->31903K(32192K) Class: 3961K(4224K)->3961K(4224K)
[2026-02-10T21:45:30.733+0530] GC(8) Pause Young (Concurrent Start) (Metadata GC Threshold) 34M->29M(512M) 2.016ms
[2026-02-10T21:45:30.733+0530] GC(8) User=0.00s Sys=0.00s Real=0.00s
[2026-02-10T21:45:30.733+0530] GC(9) Concurrent Mark Cycle
[2026-02-10T21:45:30.733+0530] GC(9) Concurrent Clear Claimed Marks
[2026-02-10T21:45:30.733+0530] GC(9) Concurrent Clear Claimed Marks 0.025ms
[2026-02-10T21:45:30.733+0530] GC(9) Concurrent Scan Root Regions
[2026-02-10T21:45:30.733+0530] GC(9) Concurrent Scan Root Regions 0.832ms
[2026-02-10T21:45:30.733+0530] GC(9) Concurrent Mark
[2026-02-10T21:45:30.733+0530] GC(9) Concurrent Mark From Roots
[2026-02-10T21:45:30.733+0530] GC(9) Using 1 workers of 1 for marking
[2026-02-10T21:45:30.780+0530] GC(9) Concurrent Mark From Roots 46.042ms
[2026-02-10T21:45:30.780+0530] GC(9) Concurrent Preclean
[2026-02-10T21:45:30.780+0530] GC(9) Concurrent Preclean 0.059ms
[2026-02-10T21:45:30.780+0530] GC(9) Pause Remark
[2026-02-10T21:45:30.789+0530] GC(9) Pause Remark 33M->33M(512M) 8.545ms
[2026-02-10T21:45:30.789+0530] GC(9) User=0.05s Sys=0.02s Real=0.01s
[2026-02-10T21:45:30.789+0530] GC(9) Concurrent Mark 54.975ms
[2026-02-10T21:45:30.789+0530] GC(9) Concurrent Rebuild Remembered Sets
[2026-02-10T21:45:30.808+0530] GC(9) Concurrent Rebuild Remembered Sets 19.044ms
[2026-02-10T21:45:30.808+0530] GC(9) Pause Cleanup
[2026-02-10T21:45:30.808+0530] GC(9) Pause Cleanup 33M->33M(512M) 0.087ms
[2026-02-10T21:45:30.808+0530] GC(9) User=0.00s Sys=0.00s Real=0.00s
[2026-02-10T21:45:30.808+0530] GC(9) Concurrent Cleanup for Next Mark
[2026-02-10T21:45:30.811+0530] GC(9) Concurrent Cleanup for Next Mark 2.930ms
[2026-02-10T21:45:30.811+0530] GC(9) Concurrent Mark Cycle 78.353ms
[2026-02-10T21:45:33.783+0530] Heap
[2026-02-10T21:45:33.783+0530]  garbage-first heap   total 524288K, used 257400K [0x00000000e0000000, 0x0000000100000000)
[2026-02-10T21:45:33.783+0530]   region size 1024K, 223 young (228352K), 1 survivors (1024K)
[2026-02-10T21:45:33.783+0530]  Metaspace       used 36780K, committed 37376K, reserved 1114112K
[2026-02-10T21:45:33.783+0530]   class space    used 4019K, committed 4288K, reserved 1048576K
