[2026-02-10T17:28:01.159+0530] Using G1
[2026-02-10T17:28:01.164+0530] Version: 17.0.12+8-LTS-286 (release)
[2026-02-10T17:28:01.164+0530] CPUs: 8 total, 4 available
[2026-02-10T17:28:01.164+0530] Memory: 7914M
[2026-02-10T17:28:01.164+0530] Large Page Support: Disabled
[2026-02-10T17:28:01.164+0530] NUMA Support: Disabled
[2026-02-10T17:28:01.164+0530] Compressed Oops: Enabled (32-bit)
[2026-02-10T17:28:01.164+0530] Heap Region Size: 1M
[2026-02-10T17:28:01.164+0530] Heap Min Capacity: 256M
[2026-02-10T17:28:01.164+0530] Heap Initial Capacity: 256M
[2026-02-10T17:28:01.164+0530] Heap Max Capacity: 256M
[2026-02-10T17:28:01.164+0530] Pre-touch: Disabled
[2026-02-10T17:28:01.164+0530] Parallel Workers: 4
[2026-02-10T17:28:01.164+0530] Concurrent Workers: 1
[2026-02-10T17:28:01.164+0530] Concurrent Refinement Workers: 4
[2026-02-10T17:28:01.164+0530] Periodic GC: Disabled
[2026-02-10T17:28:01.177+0530] CDS archive(s) mapped at: [0x000001c980000000-0x000001c980bd0000-0x000001c980bd0000), size 12386304, SharedBaseAddress: 0x000001c980000000, ArchiveRelocationMode: 1.
[2026-02-10T17:28:01.177+0530] Compressed class space mapped at: 0x000001c981000000-0x000001c9c1000000, reserved size: 1073741824
[2026-02-10T17:28:01.177+0530] Narrow klass base: 0x000001c980000000, Narrow klass shift: 0, Narrow klass range: 0x100000000
[2026-02-10T17:28:01.767+0530] GC(0) Pause Young (Normal) (G1 Evacuation Pause)
[2026-02-10T17:28:01.768+0530] GC(0) Using 4 workers of 4 for evacuation
[2026-02-10T17:28:01.773+0530] GC(0)   Pre Evacuate Collection Set: 0.1ms
[2026-02-10T17:28:01.773+0530] GC(0)   Merge Heap Roots: 0.1ms
[2026-02-10T17:28:01.773+0530] GC(0)   Evacuate Collection Set: 5.1ms
[2026-02-10T17:28:01.773+0530] GC(0)   Post Evacuate Collection Set: 0.4ms
[2026-02-10T17:28:01.773+0530] GC(0)   Other: 0.4ms
[2026-02-10T17:28:01.773+0530] GC(0) Eden regions: 13->0(13)
[2026-02-10T17:28:01.773+0530] GC(0) Survivor regions: 0->2(2)
[2026-02-10T17:28:01.773+0530] GC(0) Old regions: 0->3
[2026-02-10T17:28:01.773+0530] GC(0) Archive regions: 0->0
[2026-02-10T17:28:01.773+0530] GC(0) Humongous regions: 5->5
[2026-02-10T17:28:01.773+0530] GC(0) Metaspace: 4442K(4672K)->4442K(4672K) NonClass: 3962K(4096K)->3962K(4096K) Class: 480K(576K)->480K(576K)
[2026-02-10T17:28:01.773+0530] GC(0) Pause Young (Normal) (G1 Evacuation Pause) 18M->9M(256M) 6.141ms
[2026-02-10T17:28:01.774+0530] GC(0) User=0.00s Sys=0.00s Real=0.01s
[2026-02-10T17:28:01.959+0530] GC(1) Pause Young (Normal) (G1 Evacuation Pause)
[2026-02-10T17:28:01.959+0530] GC(1) Using 4 workers of 4 for evacuation
[2026-02-10T17:28:01.974+0530] GC(1)   Pre Evacuate Collection Set: 0.1ms
[2026-02-10T17:28:01.974+0530] GC(1)   Merge Heap Roots: 0.1ms
[2026-02-10T17:28:01.974+0530] GC(1)   Evacuate Collection Set: 13.3ms
[2026-02-10T17:28:01.974+0530] GC(1)   Post Evacuate Collection Set: 0.3ms
[2026-02-10T17:28:01.974+0530] GC(1)   Other: 0.1ms
[2026-02-10T17:28:01.974+0530] GC(1) Eden regions: 13->0(19)
[2026-02-10T17:28:01.974+0530] GC(1) Survivor regions: 2->2(2)
[2026-02-10T17:28:01.974+0530] GC(1) Old regions: 3->6
[2026-02-10T17:28:01.974+0530] GC(1) Archive regions: 0->0
[2026-02-10T17:28:01.974+0530] GC(1) Humongous regions: 5->5
[2026-02-10T17:28:01.974+0530] GC(1) Metaspace: 6000K(6144K)->6000K(6144K) NonClass: 5343K(5440K)->5343K(5440K) Class: 657K(704K)->657K(704K)
[2026-02-10T17:28:01.974+0530] GC(1) Pause Young (Normal) (G1 Evacuation Pause) 22M->12M(256M) 14.031ms
[2026-02-10T17:28:01.974+0530] GC(1) User=0.03s Sys=0.02s Real=0.01s
[2026-02-10T17:28:02.461+0530] GC(2) Pause Young (Normal) (G1 Evacuation Pause)
[2026-02-10T17:28:02.461+0530] GC(2) Using 4 workers of 4 for evacuation
[2026-02-10T17:28:02.466+0530] GC(2)   Pre Evacuate Collection Set: 0.1ms
[2026-02-10T17:28:02.466+0530] GC(2)   Merge Heap Roots: 0.1ms
[2026-02-10T17:28:02.466+0530] GC(2)   Evacuate Collection Set: 4.4ms
[2026-02-10T17:28:02.466+0530] GC(2)   Post Evacuate Collection Set: 0.5ms
[2026-02-10T17:28:02.466+0530] GC(2)   Other: 0.2ms
[2026-02-10T17:28:02.466+0530] GC(2) Eden regions: 19->0(96)
[2026-02-10T17:28:02.467+0530] GC(2) Survivor regions: 2->2(3)
[2026-02-10T17:28:02.467+0530] GC(2) Old regions: 6->8
[2026-02-10T17:28:02.467+0530] GC(2) Archive regions: 0->0
[2026-02-10T17:28:02.467+0530] GC(2) Humongous regions: 5->5
[2026-02-10T17:28:02.467+0530] GC(2) Metaspace: 11651K(11904K)->11651K(11904K) NonClass: 10331K(10496K)->10331K(10496K) Class: 1319K(1408K)->1319K(1408K)
[2026-02-10T17:28:02.467+0530] GC(2) Pause Young (Normal) (G1 Evacuation Pause) 31M->14M(256M) 5.543ms
[2026-02-10T17:28:02.467+0530] GC(2) User=0.00s Sys=0.00s Real=0.01s
[2026-02-10T17:28:03.625+0530] GC(3) Pause Young (Concurrent Start) (Metadata GC Threshold)
[2026-02-10T17:28:03.625+0530] GC(3) Using 4 workers of 4 for evacuation
[2026-02-10T17:28:03.633+0530] GC(3)   Pre Evacuate Collection Set: 0.1ms
[2026-02-10T17:28:03.633+0530] GC(3)   Merge Heap Roots: 0.1ms
[2026-02-10T17:28:03.633+0530] GC(3)   Evacuate Collection Set: 6.6ms
[2026-02-10T17:28:03.633+0530] GC(3)   Post Evacuate Collection Set: 0.5ms
[2026-02-10T17:28:03.633+0530] GC(3)   Other: 0.3ms
[2026-02-10T17:28:03.633+0530] GC(3) Eden regions: 63->0(74)
[2026-02-10T17:28:03.633+0530] GC(3) Survivor regions: 2->13(13)
[2026-02-10T17:28:03.633+0530] GC(3) Old regions: 8->8
[2026-02-10T17:28:03.633+0530] GC(3) Archive regions: 0->0
[2026-02-10T17:28:03.633+0530] GC(3) Humongous regions: 5->5
[2026-02-10T17:28:03.633+0530] GC(3) Metaspace: 21273K(21504K)->21273K(21504K) NonClass: 19102K(19200K)->19102K(19200K) Class: 2170K(2304K)->2170K(2304K)
[2026-02-10T17:28:03.633+0530] GC(3) Pause Young (Concurrent Start) (Metadata GC Threshold) 77M->25M(256M) 7.818ms
[2026-02-10T17:28:03.633+0530] GC(3) User=0.00s Sys=0.00s Real=0.01s
[2026-02-10T17:28:03.633+0530] GC(4) Concurrent Mark Cycle
[2026-02-10T17:28:03.633+0530] GC(4) Concurrent Clear Claimed Marks
[2026-02-10T17:28:03.633+0530] GC(4) Concurrent Clear Claimed Marks 0.029ms
[2026-02-10T17:28:03.633+0530] GC(4) Concurrent Scan Root Regions
[2026-02-10T17:28:03.638+0530] GC(4) Concurrent Scan Root Regions 4.326ms
[2026-02-10T17:28:03.638+0530] GC(4) Concurrent Mark
[2026-02-10T17:28:03.638+0530] GC(4) Concurrent Mark From Roots
[2026-02-10T17:28:03.638+0530] GC(4) Using 1 workers of 1 for marking
[2026-02-10T17:28:03.660+0530] GC(4) Concurrent Mark From Roots 21.674ms
[2026-02-10T17:28:03.660+0530] GC(4) Concurrent Preclean
[2026-02-10T17:28:03.660+0530] GC(4) Concurrent Preclean 0.063ms
[2026-02-10T17:28:03.660+0530] GC(4) Pause Remark
[2026-02-10T17:28:03.664+0530] GC(4) Pause Remark 26M->26M(256M) 3.892ms
[2026-02-10T17:28:03.664+0530] GC(4) User=0.00s Sys=0.00s Real=0.00s
[2026-02-10T17:28:03.664+0530] GC(4) Concurrent Mark 26.249ms
[2026-02-10T17:28:03.664+0530] GC(4) Concurrent Rebuild Remembered Sets
[2026-02-10T17:28:03.673+0530] GC(4) Concurrent Rebuild Remembered Sets 9.250ms
[2026-02-10T17:28:03.673+0530] GC(4) Pause Cleanup
[2026-02-10T17:28:03.673+0530] GC(4) Pause Cleanup 26M->26M(256M) 0.124ms
[2026-02-10T17:28:03.673+0530] GC(4) User=0.00s Sys=0.00s Real=0.00s
[2026-02-10T17:28:03.674+0530] GC(4) Concurrent Cleanup for Next Mark
[2026-02-10T17:28:03.675+0530] GC(4) Concurrent Cleanup for Next Mark 1.750ms
[2026-02-10T17:28:03.675+0530] GC(4) Concurrent Mark Cycle 42.232ms
[2026-02-10T17:28:05.228+0530] GC(5) Pause Young (Prepare Mixed) (G1 Evacuation Pause)
[2026-02-10T17:28:05.228+0530] GC(5) Using 4 workers of 4 for evacuation
[2026-02-10T17:28:05.240+0530] GC(5)   Pre Evacuate Collection Set: 0.1ms
[2026-02-10T17:28:05.240+0530] GC(5)   Merge Heap Roots: 0.1ms
[2026-02-10T17:28:05.240+0530] GC(5)   Evacuate Collection Set: 11.4ms
[2026-02-10T17:28:05.240+0530] GC(5)   Post Evacuate Collection Set: 0.6ms
[2026-02-10T17:28:05.240+0530] GC(5)   Other: 0.2ms
[2026-02-10T17:28:05.240+0530] GC(5) Eden regions: 74->0(8)
[2026-02-10T17:28:05.240+0530] GC(5) Survivor regions: 13->4(11)
[2026-02-10T17:28:05.240+0530] GC(5) Old regions: 8->21
[2026-02-10T17:28:05.240+0530] GC(5) Archive regions: 0->0
[2026-02-10T17:28:05.240+0530] GC(5) Humongous regions: 5->5
[2026-02-10T17:28:05.240+0530] GC(5) Metaspace: 27846K(28288K)->27846K(28288K) NonClass: 24851K(25088K)->24851K(25088K) Class: 2994K(3200K)->2994K(3200K)
[2026-02-10T17:28:05.240+0530] GC(5) Pause Young (Prepare Mixed) (G1 Evacuation Pause) 99M->29M(256M) 12.560ms
[2026-02-10T17:28:05.240+0530] GC(5) User=0.05s Sys=0.02s Real=0.01s
[2026-02-10T17:28:05.406+0530] GC(6) Pause Young (Mixed) (G1 Evacuation Pause)
[2026-02-10T17:28:05.406+0530] GC(6) Using 4 workers of 4 for evacuation
[2026-02-10T17:28:05.412+0530] GC(6)   Pre Evacuate Collection Set: 0.1ms
[2026-02-10T17:28:05.412+0530] GC(6)   Merge Heap Roots: 0.1ms
[2026-02-10T17:28:05.412+0530] GC(6)   Evacuate Collection Set: 6.0ms
[2026-02-10T17:28:05.412+0530] GC(6)   Post Evacuate Collection Set: 0.3ms
[2026-02-10T17:28:05.412+0530] GC(6)   Other: 0.1ms
[2026-02-10T17:28:05.412+0530] GC(6) Eden regions: 8->0(151)
[2026-02-10T17:28:05.412+0530] GC(6) Survivor regions: 4->1(2)
[2026-02-10T17:28:05.412+0530] GC(6) Old regions: 21->24
[2026-02-10T17:28:05.412+0530] GC(6) Archive regions: 0->0
[2026-02-10T17:28:05.412+0530] GC(6) Humongous regions: 5->5
[2026-02-10T17:28:05.412+0530] GC(6) Metaspace: 28810K(29312K)->28810K(29312K) NonClass: 25661K(25920K)->25661K(25920K) Class: 3149K(3392K)->3149K(3392K)
[2026-02-10T17:28:05.412+0530] GC(6) Pause Young (Mixed) (G1 Evacuation Pause) 37M->29M(256M) 6.694ms
[2026-02-10T17:28:05.412+0530] GC(6) User=0.02s Sys=0.00s Real=0.01s
[2026-02-10T17:28:06.031+0530] GC(7) Pause Young (Concurrent Start) (Metadata GC Threshold)
[2026-02-10T17:28:06.031+0530] GC(7) Using 4 workers of 4 for evacuation
[2026-02-10T17:28:06.037+0530] GC(7)   Pre Evacuate Collection Set: 0.1ms
[2026-02-10T17:28:06.037+0530] GC(7)   Merge Heap Roots: 0.1ms
[2026-02-10T17:28:06.037+0530] GC(7)   Evacuate Collection Set: 5.8ms
[2026-02-10T17:28:06.037+0530] GC(7)   Post Evacuate Collection Set: 0.4ms
[2026-02-10T17:28:06.037+0530] GC(7)   Other: 0.2ms
[2026-02-10T17:28:06.037+0530] GC(7) Eden regions: 28->0(147)
[2026-02-10T17:28:06.037+0530] GC(7) Survivor regions: 1->2(19)
[2026-02-10T17:28:06.037+0530] GC(7) Old regions: 24->24
[2026-02-10T17:28:06.037+0530] GC(7) Archive regions: 0->0
[2026-02-10T17:28:06.037+0530] GC(7) Humongous regions: 5->5
[2026-02-10T17:28:06.038+0530] GC(7) Metaspace: 35585K(36096K)->35585K(36096K) NonClass: 31641K(31872K)->31641K(31872K) Class: 3944K(4224K)->3944K(4224K)
[2026-02-10T17:28:06.038+0530] GC(7) Pause Young (Concurrent Start) (Metadata GC Threshold) 57M->30M(256M) 6.770ms
[2026-02-10T17:28:06.038+0530] GC(7) User=0.02s Sys=0.00s Real=0.01s
[2026-02-10T17:28:06.038+0530] GC(8) Concurrent Mark Cycle
[2026-02-10T17:28:06.038+0530] GC(8) Concurrent Clear Claimed Marks
[2026-02-10T17:28:06.038+0530] GC(8) Concurrent Clear Claimed Marks 0.036ms
[2026-02-10T17:28:06.038+0530] GC(8) Concurrent Scan Root Regions
[2026-02-10T17:28:06.040+0530] GC(8) Concurrent Scan Root Regions 2.816ms
[2026-02-10T17:28:06.040+0530] GC(8) Concurrent Mark
[2026-02-10T17:28:06.040+0530] GC(8) Concurrent Mark From Roots
[2026-02-10T17:28:06.040+0530] GC(8) Using 1 workers of 1 for marking
[2026-02-10T17:28:06.080+0530] GC(8) Concurrent Mark From Roots 39.676ms
[2026-02-10T17:28:06.080+0530] GC(8) Concurrent Preclean
[2026-02-10T17:28:06.080+0530] GC(8) Concurrent Preclean 0.087ms
[2026-02-10T17:28:06.080+0530] GC(8) Pause Remark
[2026-02-10T17:28:06.088+0530] GC(8) Pause Remark 31M->31M(256M) 7.715ms
[2026-02-10T17:28:06.088+0530] GC(8) User=0.00s Sys=0.00s Real=0.01s
[2026-02-10T17:28:06.088+0530] GC(8) Concurrent Mark 47.882ms
[2026-02-10T17:28:06.090+0530] GC(8) Concurrent Rebuild Remembered Sets
[2026-02-10T17:28:06.106+0530] GC(8) Concurrent Rebuild Remembered Sets 16.592ms
[2026-02-10T17:28:06.106+0530] GC(8) Pause Cleanup
[2026-02-10T17:28:06.106+0530] GC(8) Pause Cleanup 32M->32M(256M) 0.089ms
[2026-02-10T17:28:06.106+0530] GC(8) User=0.00s Sys=0.00s Real=0.00s
[2026-02-10T17:28:06.106+0530] GC(8) Concurrent Cleanup for Next Mark
[2026-02-10T17:28:06.107+0530] GC(8) Concurrent Cleanup for Next Mark 1.335ms
[2026-02-10T17:28:06.107+0530] GC(8) Concurrent Mark Cycle 69.168ms
[2026-02-10T17:28:08.366+0530] GC(9) Pause Young (Prepare Mixed) (G1 Evacuation Pause)
[2026-02-10T17:28:08.366+0530] GC(9) Using 4 workers of 4 for evacuation
[2026-02-10T17:28:08.406+0530] GC(9)   Pre Evacuate Collection Set: 0.1ms
[2026-02-10T17:28:08.406+0530] GC(9)   Merge Heap Roots: 0.1ms
[2026-02-10T17:28:08.406+0530] GC(9)   Evacuate Collection Set: 39.7ms
[2026-02-10T17:28:08.406+0530] GC(9)   Post Evacuate Collection Set: 0.5ms
[2026-02-10T17:28:08.406+0530] GC(9)   Other: 0.2ms
[2026-02-10T17:28:08.406+0530] GC(9) Eden regions: 147->0(1)
[2026-02-10T17:28:08.406+0530] GC(9) Survivor regions: 2->19(19)
[2026-02-10T17:28:08.406+0530] GC(9) Old regions: 24->26
[2026-02-10T17:28:08.406+0530] GC(9) Archive regions: 0->0
[2026-02-10T17:28:08.406+0530] GC(9) Humongous regions: 5->5
[2026-02-10T17:28:08.406+0530] GC(9) Metaspace: 36686K(37312K)->36686K(37312K) NonClass: 32691K(33024K)->32691K(33024K) Class: 3994K(4288K)->3994K(4288K)
[2026-02-10T17:28:08.406+0530] GC(9) Pause Young (Prepare Mixed) (G1 Evacuation Pause) 177M->49M(256M) 40.770ms
[2026-02-10T17:28:08.406+0530] GC(9) User=0.19s Sys=0.00s Real=0.04s
[2026-02-10T17:28:08.424+0530] GC(10) Pause Young (Mixed) (G1 Evacuation Pause)
[2026-02-10T17:28:08.424+0530] GC(10) Using 4 workers of 4 for evacuation
[2026-02-10T17:28:08.457+0530] GC(10)   Pre Evacuate Collection Set: 0.1ms
[2026-02-10T17:28:08.457+0530] GC(10)   Merge Heap Roots: 0.2ms
[2026-02-10T17:28:08.457+0530] GC(10)   Evacuate Collection Set: 33.1ms
[2026-02-10T17:28:08.457+0530] GC(10)   Post Evacuate Collection Set: 0.4ms
[2026-02-10T17:28:08.457+0530] GC(10)   Other: 0.2ms
[2026-02-10T17:28:08.457+0530] GC(10) Eden regions: 1->0(122)
[2026-02-10T17:28:08.457+0530] GC(10) Survivor regions: 19->2(3)
[2026-02-10T17:28:08.457+0530] GC(10) Old regions: 26->45
[2026-02-10T17:28:08.457+0530] GC(10) Archive regions: 0->0
[2026-02-10T17:28:08.457+0530] GC(10) Humongous regions: 5->5
[2026-02-10T17:28:08.457+0530] GC(10) Metaspace: 36690K(37312K)->36690K(37312K) NonClass: 32694K(33024K)->32694K(33024K) Class: 3996K(4288K)->3996K(4288K)
[2026-02-10T17:28:08.457+0530] GC(10) Pause Young (Mixed) (G1 Evacuation Pause) 50M->51M(256M) 34.189ms
[2026-02-10T17:28:08.457+0530] GC(10) User=0.11s Sys=0.02s Real=0.03s
[2026-02-10T17:28:09.256+0530] Heap
[2026-02-10T17:28:09.256+0530]  garbage-first heap   total 262144K, used 135044K [0x00000000f0000000, 0x0000000100000000)
[2026-02-10T17:28:09.256+0530]   region size 1024K, 83 young (84992K), 2 survivors (2048K)
[2026-02-10T17:28:09.256+0530]  Metaspace       used 36823K, committed 37440K, reserved 1114112K
[2026-02-10T17:28:09.256+0530]   class space    used 4009K, committed 4288K, reserved 1048576K
