[2026-02-10T17:17:56.996+0530] Using G1
[2026-02-10T17:17:56.999+0530] Version: 17.0.12+8-LTS-286 (release)
[2026-02-10T17:17:56.999+0530] CPUs: 8 total, 4 available
[2026-02-10T17:17:56.999+0530] Memory: 7914M
[2026-02-10T17:17:56.999+0530] Large Page Support: Disabled
[2026-02-10T17:17:56.999+0530] NUMA Support: Disabled
[2026-02-10T17:17:56.999+0530] Compressed Oops: Enabled (32-bit)
[2026-02-10T17:17:56.999+0530] Heap Region Size: 1M
[2026-02-10T17:17:56.999+0530] Heap Min Capacity: 128M
[2026-02-10T17:17:56.999+0530] Heap Initial Capacity: 128M
[2026-02-10T17:17:56.999+0530] Heap Max Capacity: 128M
[2026-02-10T17:17:56.999+0530] Pre-touch: Disabled
[2026-02-10T17:17:56.999+0530] Parallel Workers: 4
[2026-02-10T17:17:56.999+0530] Concurrent Workers: 1
[2026-02-10T17:17:56.999+0530] Concurrent Refinement Workers: 4
[2026-02-10T17:17:56.999+0530] Periodic GC: Disabled
[2026-02-10T17:17:57.015+0530] CDS archive(s) mapped at: [0x0000017f0f000000-0x0000017f0fbd0000-0x0000017f0fbd0000), size 12386304, SharedBaseAddress: 0x0000017f0f000000, ArchiveRelocationMode: 1.
[2026-02-10T17:17:57.015+0530] Compressed class space mapped at: 0x0000017f10000000-0x0000017f50000000, reserved size: 1073741824
[2026-02-10T17:17:57.015+0530] Narrow klass base: 0x0000017f0f000000, Narrow klass shift: 0, Narrow klass range: 0x100000000
[2026-02-10T17:17:57.580+0530] GC(0) Pause Young (Normal) (G1 Evacuation Pause)
[2026-02-10T17:17:57.580+0530] GC(0) Using 3 workers of 4 for evacuation
[2026-02-10T17:17:57.586+0530] GC(0)   Pre Evacuate Collection Set: 0.0ms
[2026-02-10T17:17:57.586+0530] GC(0)   Merge Heap Roots: 0.0ms
[2026-02-10T17:17:57.586+0530] GC(0)   Evacuate Collection Set: 6.0ms
[2026-02-10T17:17:57.586+0530] GC(0)   Post Evacuate Collection Set: 0.5ms
[2026-02-10T17:17:57.586+0530] GC(0)   Other: 0.3ms
[2026-02-10T17:17:57.586+0530] GC(0) Eden regions: 13->0(13)
[2026-02-10T17:17:57.586+0530] GC(0) Survivor regions: 0->2(2)
[2026-02-10T17:17:57.586+0530] GC(0) Old regions: 0->3
[2026-02-10T17:17:57.586+0530] GC(0) Archive regions: 0->0
[2026-02-10T17:17:57.586+0530] GC(0) Humongous regions: 5->5
[2026-02-10T17:17:57.586+0530] GC(0) Metaspace: 4459K(4672K)->4459K(4672K) NonClass: 3979K(4096K)->3979K(4096K) Class: 480K(576K)->480K(576K)
[2026-02-10T17:17:57.586+0530] GC(0) Pause Young (Normal) (G1 Evacuation Pause) 18M->9M(128M) 7.083ms
[2026-02-10T17:17:57.586+0530] GC(0) User=0.00s Sys=0.00s Real=0.01s
[2026-02-10T17:17:57.772+0530] GC(1) Pause Young (Normal) (G1 Evacuation Pause)
[2026-02-10T17:17:57.772+0530] GC(1) Using 3 workers of 4 for evacuation
[2026-02-10T17:17:57.780+0530] GC(1)   Pre Evacuate Collection Set: 0.0ms
[2026-02-10T17:17:57.780+0530] GC(1)   Merge Heap Roots: 0.1ms
[2026-02-10T17:17:57.780+0530] GC(1)   Evacuate Collection Set: 7.6ms
[2026-02-10T17:17:57.780+0530] GC(1)   Post Evacuate Collection Set: 0.3ms
[2026-02-10T17:17:57.780+0530] GC(1)   Other: 0.2ms
[2026-02-10T17:17:57.780+0530] GC(1) Eden regions: 13->0(18)
[2026-02-10T17:17:57.780+0530] GC(1) Survivor regions: 2->2(2)
[2026-02-10T17:17:57.780+0530] GC(1) Old regions: 3->6
[2026-02-10T17:17:57.780+0530] GC(1) Archive regions: 0->0
[2026-02-10T17:17:57.780+0530] GC(1) Humongous regions: 5->5
[2026-02-10T17:17:57.780+0530] GC(1) Metaspace: 6009K(6144K)->6009K(6144K) NonClass: 5351K(5440K)->5351K(5440K) Class: 657K(704K)->657K(704K)
[2026-02-10T17:17:57.780+0530] GC(1) Pause Young (Normal) (G1 Evacuation Pause) 22M->12M(128M) 8.286ms
[2026-02-10T17:17:57.780+0530] GC(1) User=0.00s Sys=0.00s Real=0.01s
[2026-02-10T17:17:58.287+0530] GC(2) Pause Young (Normal) (G1 Evacuation Pause)
[2026-02-10T17:17:58.287+0530] GC(2) Using 3 workers of 4 for evacuation
[2026-02-10T17:17:58.291+0530] GC(2)   Pre Evacuate Collection Set: 0.0ms
[2026-02-10T17:17:58.291+0530] GC(2)   Merge Heap Roots: 0.0ms
[2026-02-10T17:17:58.291+0530] GC(2)   Evacuate Collection Set: 4.7ms
[2026-02-10T17:17:58.291+0530] GC(2)   Post Evacuate Collection Set: 0.3ms
[2026-02-10T17:17:58.291+0530] GC(2)   Other: 0.1ms
[2026-02-10T17:17:58.291+0530] GC(2) Eden regions: 18->0(70)
[2026-02-10T17:17:58.292+0530] GC(2) Survivor regions: 2->2(3)
[2026-02-10T17:17:58.292+0530] GC(2) Old regions: 6->8
[2026-02-10T17:17:58.292+0530] GC(2) Archive regions: 0->0
[2026-02-10T17:17:58.292+0530] GC(2) Humongous regions: 5->5
[2026-02-10T17:17:58.292+0530] GC(2) Metaspace: 11396K(11584K)->11396K(11584K) NonClass: 10109K(10176K)->10109K(10176K) Class: 1287K(1408K)->1287K(1408K)
[2026-02-10T17:17:58.292+0530] GC(2) Pause Young (Normal) (G1 Evacuation Pause) 30M->14M(128M) 5.476ms
[2026-02-10T17:17:58.292+0530] GC(2) User=0.00s Sys=0.00s Real=0.01s
[2026-02-10T17:17:59.561+0530] GC(3) Pause Young (Concurrent Start) (Metadata GC Threshold)
[2026-02-10T17:17:59.561+0530] GC(3) Using 3 workers of 4 for evacuation
[2026-02-10T17:17:59.571+0530] GC(3)   Pre Evacuate Collection Set: 0.1ms
[2026-02-10T17:17:59.571+0530] GC(3)   Merge Heap Roots: 0.1ms
[2026-02-10T17:17:59.572+0530] GC(3)   Evacuate Collection Set: 8.8ms
[2026-02-10T17:17:59.572+0530] GC(3)   Post Evacuate Collection Set: 0.4ms
[2026-02-10T17:17:59.572+0530] GC(3)   Other: 0.3ms
[2026-02-10T17:17:59.572+0530] GC(3) Eden regions: 64->0(55)
[2026-02-10T17:17:59.572+0530] GC(3) Survivor regions: 2->9(9)
[2026-02-10T17:17:59.572+0530] GC(3) Old regions: 8->12
[2026-02-10T17:17:59.572+0530] GC(3) Archive regions: 0->0
[2026-02-10T17:17:59.572+0530] GC(3) Humongous regions: 5->5
[2026-02-10T17:17:59.572+0530] GC(3) Metaspace: 21237K(21504K)->21237K(21504K) NonClass: 19072K(19200K)->19072K(19200K) Class: 2165K(2304K)->2165K(2304K)
[2026-02-10T17:17:59.572+0530] GC(3) Pause Young (Concurrent Start) (Metadata GC Threshold) 78M->25M(128M) 9.801ms
[2026-02-10T17:17:59.572+0530] GC(3) User=0.00s Sys=0.00s Real=0.01s
[2026-02-10T17:17:59.572+0530] GC(4) Concurrent Mark Cycle
[2026-02-10T17:17:59.572+0530] GC(4) Concurrent Clear Claimed Marks
[2026-02-10T17:17:59.572+0530] GC(4) Concurrent Clear Claimed Marks 0.038ms
[2026-02-10T17:17:59.572+0530] GC(4) Concurrent Scan Root Regions
[2026-02-10T17:17:59.577+0530] GC(4) Concurrent Scan Root Regions 4.571ms
[2026-02-10T17:17:59.577+0530] GC(4) Concurrent Mark
[2026-02-10T17:17:59.577+0530] GC(4) Concurrent Mark From Roots
[2026-02-10T17:17:59.577+0530] GC(4) Using 1 workers of 1 for marking
[2026-02-10T17:17:59.597+0530] GC(4) Concurrent Mark From Roots 21.412ms
[2026-02-10T17:17:59.597+0530] GC(4) Concurrent Preclean
[2026-02-10T17:17:59.598+0530] GC(4) Concurrent Preclean 0.068ms
[2026-02-10T17:17:59.598+0530] GC(4) Pause Remark
[2026-02-10T17:17:59.601+0530] GC(4) Pause Remark 26M->26M(128M) 3.164ms
[2026-02-10T17:17:59.601+0530] GC(4) User=0.00s Sys=0.00s Real=0.00s
[2026-02-10T17:17:59.601+0530] GC(4) Concurrent Mark 24.994ms
[2026-02-10T17:17:59.601+0530] GC(4) Concurrent Rebuild Remembered Sets
[2026-02-10T17:17:59.614+0530] GC(4) Concurrent Rebuild Remembered Sets 11.621ms
[2026-02-10T17:17:59.614+0530] GC(4) Pause Cleanup
[2026-02-10T17:17:59.614+0530] GC(4) Pause Cleanup 26M->26M(128M) 0.077ms
[2026-02-10T17:17:59.614+0530] GC(4) User=0.00s Sys=0.00s Real=0.00s
[2026-02-10T17:17:59.614+0530] GC(4) Concurrent Cleanup for Next Mark
[2026-02-10T17:17:59.615+0530] GC(4) Concurrent Cleanup for Next Mark 0.896ms
[2026-02-10T17:17:59.615+0530] GC(4) Concurrent Mark Cycle 43.191ms
[2026-02-10T17:18:00.811+0530] GC(5) Pause Young (Normal) (G1 Evacuation Pause)
[2026-02-10T17:18:00.811+0530] GC(5) Using 3 workers of 4 for evacuation
[2026-02-10T17:18:00.825+0530] GC(5)   Pre Evacuate Collection Set: 0.1ms
[2026-02-10T17:18:00.825+0530] GC(5)   Merge Heap Roots: 0.1ms
[2026-02-10T17:18:00.825+0530] GC(5)   Evacuate Collection Set: 13.2ms
[2026-02-10T17:18:00.825+0530] GC(5)   Post Evacuate Collection Set: 0.4ms
[2026-02-10T17:18:00.825+0530] GC(5)   Other: 0.2ms
[2026-02-10T17:18:00.825+0530] GC(5) Eden regions: 55->0(55)
[2026-02-10T17:18:00.825+0530] GC(5) Survivor regions: 9->4(8)
[2026-02-10T17:18:00.825+0530] GC(5) Old regions: 12->21
[2026-02-10T17:18:00.825+0530] GC(5) Archive regions: 0->0
[2026-02-10T17:18:00.825+0530] GC(5) Humongous regions: 5->5
[2026-02-10T17:18:00.825+0530] GC(5) Metaspace: 27532K(27968K)->27532K(27968K) NonClass: 24571K(24832K)->24571K(24832K) Class: 2960K(3136K)->2960K(3136K)
[2026-02-10T17:18:00.825+0530] GC(5) Pause Young (Normal) (G1 Evacuation Pause) 80M->28M(128M) 14.140ms
[2026-02-10T17:18:00.825+0530] GC(5) User=0.00s Sys=0.00s Real=0.01s
[2026-02-10T17:18:01.470+0530] Heap
[2026-02-10T17:18:01.471+0530]  garbage-first heap   total 131072K, used 72479K [0x00000000f8000000, 0x0000000100000000)
[2026-02-10T17:18:01.471+0530]   region size 1024K, 47 young (48128K), 4 survivors (4096K)
[2026-02-10T17:18:01.471+0530]  Metaspace       used 33358K, committed 33856K, reserved 1114112K
[2026-02-10T17:18:01.471+0530]   class space    used 3674K, committed 3904K, reserved 1048576K
