[2026-02-10T17:24:49.290+0530] Using G1
[2026-02-10T17:24:49.293+0530] Version: 17.0.12+8-LTS-286 (release)
[2026-02-10T17:24:49.293+0530] CPUs: 8 total, 4 available
[2026-02-10T17:24:49.293+0530] Memory: 7914M
[2026-02-10T17:24:49.293+0530] Large Page Support: Disabled
[2026-02-10T17:24:49.293+0530] NUMA Support: Disabled
[2026-02-10T17:24:49.293+0530] Compressed Oops: Enabled (32-bit)
[2026-02-10T17:24:49.293+0530] Heap Region Size: 1M
[2026-02-10T17:24:49.293+0530] Heap Min Capacity: 128M
[2026-02-10T17:24:49.293+0530] Heap Initial Capacity: 128M
[2026-02-10T17:24:49.293+0530] Heap Max Capacity: 128M
[2026-02-10T17:24:49.293+0530] Pre-touch: Disabled
[2026-02-10T17:24:49.293+0530] Parallel Workers: 4
[2026-02-10T17:24:49.296+0530] Concurrent Workers: 1
[2026-02-10T17:24:49.296+0530] Concurrent Refinement Workers: 4
[2026-02-10T17:24:49.296+0530] Periodic GC: Disabled
[2026-02-10T17:24:49.314+0530] CDS archive(s) mapped at: [0x0000019300000000-0x0000019300bd0000-0x0000019300bd0000), size 12386304, SharedBaseAddress: 0x0000019300000000, ArchiveRelocationMode: 1.
[2026-02-10T17:24:49.314+0530] Compressed class space mapped at: 0x0000019301000000-0x0000019341000000, reserved size: 1073741824
[2026-02-10T17:24:49.314+0530] Narrow klass base: 0x0000019300000000, Narrow klass shift: 0, Narrow klass range: 0x100000000
[2026-02-10T17:24:50.018+0530] GC(0) Pause Young (Normal) (G1 Evacuation Pause)
[2026-02-10T17:24:50.019+0530] GC(0) Using 3 workers of 4 for evacuation
[2026-02-10T17:24:50.027+0530] GC(0)   Pre Evacuate Collection Set: 0.1ms
[2026-02-10T17:24:50.027+0530] GC(0)   Merge Heap Roots: 0.1ms
[2026-02-10T17:24:50.027+0530] GC(0)   Evacuate Collection Set: 7.4ms
[2026-02-10T17:24:50.027+0530] GC(0)   Post Evacuate Collection Set: 0.5ms
[2026-02-10T17:24:50.027+0530] GC(0)   Other: 0.5ms
[2026-02-10T17:24:50.027+0530] GC(0) Eden regions: 13->0(13)
[2026-02-10T17:24:50.027+0530] GC(0) Survivor regions: 0->2(2)
[2026-02-10T17:24:50.027+0530] GC(0) Old regions: 0->3
[2026-02-10T17:24:50.027+0530] GC(0) Archive regions: 0->0
[2026-02-10T17:24:50.027+0530] GC(0) Humongous regions: 5->5
[2026-02-10T17:24:50.027+0530] GC(0) Metaspace: 4456K(4672K)->4456K(4672K) NonClass: 3976K(4096K)->3976K(4096K) Class: 480K(576K)->480K(576K)
[2026-02-10T17:24:50.027+0530] GC(0) Pause Young (Normal) (G1 Evacuation Pause) 18M->9M(128M) 8.718ms
[2026-02-10T17:24:50.027+0530] GC(0) User=0.00s Sys=0.00s Real=0.01s
[2026-02-10T17:24:50.221+0530] GC(1) Pause Young (Normal) (G1 Evacuation Pause)
[2026-02-10T17:24:50.221+0530] GC(1) Using 3 workers of 4 for evacuation
[2026-02-10T17:24:50.229+0530] GC(1)   Pre Evacuate Collection Set: 0.1ms
[2026-02-10T17:24:50.230+0530] GC(1)   Merge Heap Roots: 0.1ms
[2026-02-10T17:24:50.230+0530] GC(1)   Evacuate Collection Set: 8.1ms
[2026-02-10T17:24:50.230+0530] GC(1)   Post Evacuate Collection Set: 0.3ms
[2026-02-10T17:24:50.230+0530] GC(1)   Other: 0.2ms
[2026-02-10T17:24:50.230+0530] GC(1) Eden regions: 13->0(18)
[2026-02-10T17:24:50.230+0530] GC(1) Survivor regions: 2->2(2)
[2026-02-10T17:24:50.230+0530] GC(1) Old regions: 3->6
[2026-02-10T17:24:50.230+0530] GC(1) Archive regions: 0->0
[2026-02-10T17:24:50.230+0530] GC(1) Humongous regions: 5->5
[2026-02-10T17:24:50.230+0530] GC(1) Metaspace: 6000K(6144K)->6000K(6144K) NonClass: 5342K(5440K)->5342K(5440K) Class: 657K(704K)->657K(704K)
[2026-02-10T17:24:50.230+0530] GC(1) Pause Young (Normal) (G1 Evacuation Pause) 22M->13M(128M) 8.989ms
[2026-02-10T17:24:50.230+0530] GC(1) User=0.00s Sys=0.00s Real=0.01s
[2026-02-10T17:24:50.685+0530] GC(2) Pause Young (Normal) (G1 Evacuation Pause)
[2026-02-10T17:24:50.685+0530] GC(2) Using 3 workers of 4 for evacuation
[2026-02-10T17:24:50.691+0530] GC(2)   Pre Evacuate Collection Set: 0.1ms
[2026-02-10T17:24:50.691+0530] GC(2)   Merge Heap Roots: 0.0ms
[2026-02-10T17:24:50.691+0530] GC(2)   Evacuate Collection Set: 5.0ms
[2026-02-10T17:24:50.691+0530] GC(2)   Post Evacuate Collection Set: 0.3ms
[2026-02-10T17:24:50.691+0530] GC(2)   Other: 0.2ms
[2026-02-10T17:24:50.691+0530] GC(2) Eden regions: 18->0(69)
[2026-02-10T17:24:50.693+0530] GC(2) Survivor regions: 2->2(3)
[2026-02-10T17:24:50.693+0530] GC(2) Old regions: 6->9
[2026-02-10T17:24:50.693+0530] GC(2) Archive regions: 0->0
[2026-02-10T17:24:50.693+0530] GC(2) Humongous regions: 5->5
[2026-02-10T17:24:50.693+0530] GC(2) Metaspace: 11381K(11584K)->11381K(11584K) NonClass: 10097K(10176K)->10097K(10176K) Class: 1283K(1408K)->1283K(1408K)
[2026-02-10T17:24:50.693+0530] GC(2) Pause Young (Normal) (G1 Evacuation Pause) 31M->14M(128M) 7.164ms
[2026-02-10T17:24:50.693+0530] GC(2) User=0.03s Sys=0.03s Real=0.01s
[2026-02-10T17:24:52.727+0530] GC(3) Pause Young (Concurrent Start) (Metadata GC Threshold)
[2026-02-10T17:24:52.727+0530] GC(3) Using 3 workers of 4 for evacuation
[2026-02-10T17:24:52.738+0530] GC(3)   Pre Evacuate Collection Set: 0.1ms
[2026-02-10T17:24:52.740+0530] GC(3)   Merge Heap Roots: 0.1ms
[2026-02-10T17:24:52.740+0530] GC(3)   Evacuate Collection Set: 11.0ms
[2026-02-10T17:24:52.740+0530] GC(3)   Post Evacuate Collection Set: 0.6ms
[2026-02-10T17:24:52.740+0530] GC(3)   Other: 0.3ms
[2026-02-10T17:24:52.740+0530] GC(3) Eden regions: 64->0(55)
[2026-02-10T17:24:52.740+0530] GC(3) Survivor regions: 2->9(9)
[2026-02-10T17:24:52.740+0530] GC(3) Old regions: 9->12
[2026-02-10T17:24:52.740+0530] GC(3) Archive regions: 0->0
[2026-02-10T17:24:52.740+0530] GC(3) Humongous regions: 5->5
[2026-02-10T17:24:52.740+0530] GC(3) Metaspace: 21247K(21504K)->21247K(21504K) NonClass: 19088K(19200K)->19088K(19200K) Class: 2158K(2304K)->2158K(2304K)
[2026-02-10T17:24:52.740+0530] GC(3) Pause Young (Concurrent Start) (Metadata GC Threshold) 78M->25M(128M) 12.421ms
[2026-02-10T17:24:52.740+0530] GC(3) User=0.05s Sys=0.02s Real=0.01s
[2026-02-10T17:24:52.740+0530] GC(4) Concurrent Mark Cycle
[2026-02-10T17:24:52.740+0530] GC(4) Concurrent Clear Claimed Marks
[2026-02-10T17:24:52.740+0530] GC(4) Concurrent Clear Claimed Marks 0.039ms
[2026-02-10T17:24:52.740+0530] GC(4) Concurrent Scan Root Regions
[2026-02-10T17:24:52.745+0530] GC(4) Concurrent Scan Root Regions 5.143ms
[2026-02-10T17:24:52.745+0530] GC(4) Concurrent Mark
[2026-02-10T17:24:52.745+0530] GC(4) Concurrent Mark From Roots
[2026-02-10T17:24:52.745+0530] GC(4) Using 1 workers of 1 for marking
[2026-02-10T17:24:52.770+0530] GC(4) Concurrent Mark From Roots 25.173ms
[2026-02-10T17:24:52.770+0530] GC(4) Concurrent Preclean
[2026-02-10T17:24:52.770+0530] GC(4) Concurrent Preclean 0.075ms
[2026-02-10T17:24:52.770+0530] GC(4) Pause Remark
[2026-02-10T17:24:52.774+0530] GC(4) Pause Remark 26M->26M(128M) 3.926ms
[2026-02-10T17:24:52.774+0530] GC(4) User=0.00s Sys=0.00s Real=0.00s
[2026-02-10T17:24:52.775+0530] GC(4) Concurrent Mark 29.563ms
[2026-02-10T17:24:52.775+0530] GC(4) Concurrent Rebuild Remembered Sets
[2026-02-10T17:24:52.788+0530] GC(4) Concurrent Rebuild Remembered Sets 13.188ms
[2026-02-10T17:24:52.788+0530] GC(4) Pause Cleanup
[2026-02-10T17:24:52.788+0530] GC(4) Pause Cleanup 26M->26M(128M) 0.140ms
[2026-02-10T17:24:52.788+0530] GC(4) User=0.00s Sys=0.00s Real=0.00s
[2026-02-10T17:24:52.788+0530] GC(4) Concurrent Cleanup for Next Mark
[2026-02-10T17:24:52.789+0530] GC(4) Concurrent Cleanup for Next Mark 0.911ms
[2026-02-10T17:24:52.789+0530] GC(4) Concurrent Mark Cycle 49.564ms
[2026-02-10T17:24:54.191+0530] GC(5) Pause Young (Normal) (G1 Evacuation Pause)
[2026-02-10T17:24:54.191+0530] GC(5) Using 3 workers of 4 for evacuation
[2026-02-10T17:24:54.207+0530] GC(5)   Pre Evacuate Collection Set: 0.1ms
[2026-02-10T17:24:54.207+0530] GC(5)   Merge Heap Roots: 0.1ms
[2026-02-10T17:24:54.207+0530] GC(5)   Evacuate Collection Set: 15.2ms
[2026-02-10T17:24:54.207+0530] GC(5)   Post Evacuate Collection Set: 0.6ms
[2026-02-10T17:24:54.207+0530] GC(5)   Other: 0.2ms
[2026-02-10T17:24:54.207+0530] GC(5) Eden regions: 55->0(55)
[2026-02-10T17:24:54.207+0530] GC(5) Survivor regions: 9->4(8)
[2026-02-10T17:24:54.207+0530] GC(5) Old regions: 12->21
[2026-02-10T17:24:54.207+0530] GC(5) Archive regions: 0->0
[2026-02-10T17:24:54.207+0530] GC(5) Humongous regions: 5->5
[2026-02-10T17:24:54.207+0530] GC(5) Metaspace: 27581K(28032K)->27581K(28032K) NonClass: 24624K(24896K)->24624K(24896K) Class: 2957K(3136K)->2957K(3136K)
[2026-02-10T17:24:54.207+0530] GC(5) Pause Young (Normal) (G1 Evacuation Pause) 80M->28M(128M) 16.402ms
[2026-02-10T17:24:54.207+0530] GC(5) User=0.03s Sys=0.03s Real=0.02s
[2026-02-10T17:24:55.314+0530] GC(6) Pause Young (Concurrent Start) (Metadata GC Threshold)
[2026-02-10T17:24:55.314+0530] GC(6) Using 3 workers of 4 for evacuation
[2026-02-10T17:24:55.322+0530] GC(6)   Pre Evacuate Collection Set: 0.1ms
[2026-02-10T17:24:55.322+0530] GC(6)   Merge Heap Roots: 0.1ms
[2026-02-10T17:24:55.322+0530] GC(6)   Evacuate Collection Set: 7.1ms
[2026-02-10T17:24:55.322+0530] GC(6)   Post Evacuate Collection Set: 0.4ms
[2026-02-10T17:24:55.322+0530] GC(6)   Other: 0.2ms
[2026-02-10T17:24:55.322+0530] GC(6) Eden regions: 54->0(58)
[2026-02-10T17:24:55.322+0530] GC(6) Survivor regions: 4->6(8)
[2026-02-10T17:24:55.322+0530] GC(6) Old regions: 21->21
[2026-02-10T17:24:55.322+0530] GC(6) Archive regions: 0->0
[2026-02-10T17:24:55.322+0530] GC(6) Humongous regions: 5->5
[2026-02-10T17:24:55.322+0530] GC(6) Metaspace: 35572K(36096K)->35572K(36096K) NonClass: 31623K(31872K)->31623K(31872K) Class: 3949K(4224K)->3949K(4224K)
[2026-02-10T17:24:55.322+0530] GC(6) Pause Young (Concurrent Start) (Metadata GC Threshold) 82M->31M(128M) 7.949ms
[2026-02-10T17:24:55.322+0530] GC(6) User=0.00s Sys=0.00s Real=0.01s
[2026-02-10T17:24:55.322+0530] GC(7) Concurrent Mark Cycle
[2026-02-10T17:24:55.322+0530] GC(7) Concurrent Clear Claimed Marks
[2026-02-10T17:24:55.322+0530] GC(7) Concurrent Clear Claimed Marks 0.038ms
[2026-02-10T17:24:55.322+0530] GC(7) Concurrent Scan Root Regions
[2026-02-10T17:24:55.330+0530] GC(7) Concurrent Scan Root Regions 7.237ms
[2026-02-10T17:24:55.330+0530] GC(7) Concurrent Mark
[2026-02-10T17:24:55.330+0530] GC(7) Concurrent Mark From Roots
[2026-02-10T17:24:55.330+0530] GC(7) Using 1 workers of 1 for marking
[2026-02-10T17:24:55.363+0530] GC(7) Concurrent Mark From Roots 32.215ms
[2026-02-10T17:24:55.363+0530] GC(7) Concurrent Preclean
[2026-02-10T17:24:55.363+0530] GC(7) Concurrent Preclean 0.067ms
[2026-02-10T17:24:55.363+0530] GC(7) Pause Remark
[2026-02-10T17:24:55.374+0530] GC(7) Pause Remark 31M->31M(128M) 11.856ms
[2026-02-10T17:24:55.374+0530] GC(7) User=0.05s Sys=0.00s Real=0.01s
[2026-02-10T17:24:55.375+0530] GC(7) Concurrent Mark 44.780ms
[2026-02-10T17:24:55.375+0530] GC(7) Concurrent Rebuild Remembered Sets
[2026-02-10T17:24:55.391+0530] GC(7) Concurrent Rebuild Remembered Sets 15.918ms
[2026-02-10T17:24:55.392+0530] GC(7) Pause Cleanup
[2026-02-10T17:24:55.392+0530] GC(7) Pause Cleanup 32M->32M(128M) 0.083ms
[2026-02-10T17:24:55.392+0530] GC(7) User=0.00s Sys=0.00s Real=0.00s
[2026-02-10T17:24:55.393+0530] GC(7) Concurrent Cleanup for Next Mark
[2026-02-10T17:24:55.394+0530] GC(7) Concurrent Cleanup for Next Mark 1.107ms
[2026-02-10T17:24:55.394+0530] GC(7) Concurrent Mark Cycle 71.118ms
[2026-02-10T17:24:56.740+0530] GC(8) Pause Young (Normal) (G1 Evacuation Pause)
[2026-02-10T17:24:56.740+0530] GC(8) Using 3 workers of 4 for evacuation
[2026-02-10T17:24:56.760+0530] GC(8)   Pre Evacuate Collection Set: 0.0ms
[2026-02-10T17:24:56.760+0530] GC(8)   Merge Heap Roots: 0.1ms
[2026-02-10T17:24:56.760+0530] GC(8)   Evacuate Collection Set: 18.5ms
[2026-02-10T17:24:56.760+0530] GC(8)   Post Evacuate Collection Set: 0.5ms
[2026-02-10T17:24:56.760+0530] GC(8)   Other: 0.1ms
[2026-02-10T17:24:56.760+0530] GC(8) Eden regions: 58->0(55)
[2026-02-10T17:24:56.760+0530] GC(8) Survivor regions: 6->8(8)
[2026-02-10T17:24:56.760+0530] GC(8) Old regions: 21->25
[2026-02-10T17:24:56.760+0530] GC(8) Archive regions: 0->0
[2026-02-10T17:24:56.760+0530] GC(8) Humongous regions: 5->5
[2026-02-10T17:24:56.760+0530] GC(8) Metaspace: 36596K(37120K)->36596K(37120K) NonClass: 32606K(32896K)->32606K(32896K) Class: 3990K(4224K)->3990K(4224K)
[2026-02-10T17:24:56.760+0530] GC(8) Pause Young (Normal) (G1 Evacuation Pause) 89M->37M(128M) 19.567ms
[2026-02-10T17:24:56.760+0530] GC(8) User=0.06s Sys=0.00s Real=0.02s
[2026-02-10T17:24:57.494+0530] GC(9) Pause Young (Normal) (G1 Evacuation Pause)
[2026-02-10T17:24:57.494+0530] GC(9) Using 3 workers of 4 for evacuation
[2026-02-10T17:24:57.522+0530] GC(9)   Pre Evacuate Collection Set: 0.0ms
[2026-02-10T17:24:57.522+0530] GC(9)   Merge Heap Roots: 0.1ms
[2026-02-10T17:24:57.522+0530] GC(9)   Evacuate Collection Set: 27.6ms
[2026-02-10T17:24:57.522+0530] GC(9)   Post Evacuate Collection Set: 0.4ms
[2026-02-10T17:24:57.522+0530] GC(9)   Other: 0.1ms
[2026-02-10T17:24:57.522+0530] GC(9) Eden regions: 55->0(51)
[2026-02-10T17:24:57.522+0530] GC(9) Survivor regions: 8->8(8)
[2026-02-10T17:24:57.522+0530] GC(9) Old regions: 25->33
[2026-02-10T17:24:57.522+0530] GC(9) Archive regions: 0->0
[2026-02-10T17:24:57.522+0530] GC(9) Humongous regions: 5->5
[2026-02-10T17:24:57.522+0530] GC(9) Metaspace: 36666K(37184K)->36666K(37184K) NonClass: 32668K(32960K)->32668K(32960K) Class: 3997K(4224K)->3997K(4224K)
[2026-02-10T17:24:57.522+0530] GC(9) Pause Young (Normal) (G1 Evacuation Pause) 92M->45M(128M) 28.637ms
[2026-02-10T17:24:57.522+0530] GC(9) User=0.11s Sys=0.02s Real=0.03s
[2026-02-10T17:25:00.612+0530] GC(10) Pause Young (Normal) (G1 Evacuation Pause)
[2026-02-10T17:25:00.612+0530] GC(10) Using 3 workers of 4 for evacuation
[2026-02-10T17:25:00.647+0530] GC(10)   Pre Evacuate Collection Set: 0.1ms
[2026-02-10T17:25:00.647+0530] GC(10)   Merge Heap Roots: 0.1ms
[2026-02-10T17:25:00.647+0530] GC(10)   Evacuate Collection Set: 34.2ms
[2026-02-10T17:25:00.647+0530] GC(10)   Post Evacuate Collection Set: 0.4ms
[2026-02-10T17:25:00.647+0530] GC(10)   Other: 0.3ms
[2026-02-10T17:25:00.647+0530] GC(10) Eden regions: 51->0(44)
[2026-02-10T17:25:00.647+0530] GC(10) Survivor regions: 8->8(8)
[2026-02-10T17:25:00.647+0530] GC(10) Old regions: 33->42
[2026-02-10T17:25:00.647+0530] GC(10) Archive regions: 0->0
[2026-02-10T17:25:00.647+0530] GC(10) Humongous regions: 5->5
[2026-02-10T17:25:00.647+0530] GC(10) Metaspace: 36714K(37248K)->36714K(37248K) NonClass: 32715K(33024K)->32715K(33024K) Class: 3999K(4224K)->3999K(4224K)
[2026-02-10T17:25:00.647+0530] GC(10) Pause Young (Normal) (G1 Evacuation Pause) 96M->54M(128M) 35.399ms
[2026-02-10T17:25:00.648+0530] GC(10) User=0.11s Sys=0.00s Real=0.04s
[2026-02-10T17:25:01.152+0530] GC(11) Pause Young (Normal) (G1 Evacuation Pause)
[2026-02-10T17:25:01.152+0530] GC(11) Using 3 workers of 4 for evacuation
[2026-02-10T17:25:01.181+0530] GC(11)   Pre Evacuate Collection Set: 0.1ms
[2026-02-10T17:25:01.181+0530] GC(11)   Merge Heap Roots: 0.3ms
[2026-02-10T17:25:01.181+0530] GC(11)   Evacuate Collection Set: 28.5ms
[2026-02-10T17:25:01.181+0530] GC(11)   Post Evacuate Collection Set: 0.4ms
[2026-02-10T17:25:01.181+0530] GC(11)   Other: 0.2ms
[2026-02-10T17:25:01.181+0530] GC(11) Eden regions: 44->0(35)
[2026-02-10T17:25:01.181+0530] GC(11) Survivor regions: 8->7(7)
[2026-02-10T17:25:01.181+0530] GC(11) Old regions: 42->53
[2026-02-10T17:25:01.181+0530] GC(11) Archive regions: 0->0
[2026-02-10T17:25:01.181+0530] GC(11) Humongous regions: 5->5
[2026-02-10T17:25:01.181+0530] GC(11) Metaspace: 36741K(37312K)->36741K(37312K) NonClass: 32738K(33024K)->32738K(33024K) Class: 4002K(4288K)->4002K(4288K)
[2026-02-10T17:25:01.181+0530] GC(11) Pause Young (Normal) (G1 Evacuation Pause) 98M->64M(128M) 29.678ms
[2026-02-10T17:25:01.181+0530] GC(11) User=0.08s Sys=0.02s Real=0.03s
[2026-02-10T17:25:01.479+0530] Heap
[2026-02-10T17:25:01.479+0530]  garbage-first heap   total 131072K, used 86256K [0x00000000f8000000, 0x0000000100000000)
[2026-02-10T17:25:01.479+0530]   region size 1024K, 27 young (27648K), 7 survivors (7168K)
[2026-02-10T17:25:01.479+0530]  Metaspace       used 36834K, committed 37376K, reserved 1114112K
[2026-02-10T17:25:01.479+0530]   class space    used 4013K, committed 4288K, reserved 1048576K
