[2026-02-10T17:25:19.531+0530] Using G1
[2026-02-10T17:25:19.533+0530] Version: 17.0.12+8-LTS-286 (release)
[2026-02-10T17:25:19.534+0530] CPUs: 8 total, 4 available
[2026-02-10T17:25:19.534+0530] Memory: 7914M
[2026-02-10T17:25:19.534+0530] Large Page Support: Disabled
[2026-02-10T17:25:19.534+0530] NUMA Support: Disabled
[2026-02-10T17:25:19.534+0530] Compressed Oops: Enabled (32-bit)
[2026-02-10T17:25:19.534+0530] Heap Region Size: 1M
[2026-02-10T17:25:19.534+0530] Heap Min Capacity: 128M
[2026-02-10T17:25:19.534+0530] Heap Initial Capacity: 128M
[2026-02-10T17:25:19.534+0530] Heap Max Capacity: 128M
[2026-02-10T17:25:19.534+0530] Pre-touch: Disabled
[2026-02-10T17:25:19.534+0530] Parallel Workers: 4
[2026-02-10T17:25:19.534+0530] Concurrent Workers: 1
[2026-02-10T17:25:19.535+0530] Concurrent Refinement Workers: 4
[2026-02-10T17:25:19.535+0530] Periodic GC: Disabled
[2026-02-10T17:25:19.546+0530] CDS archive(s) mapped at: [0x000001c220000000-0x000001c220bd0000-0x000001c220bd0000), size 12386304, SharedBaseAddress: 0x000001c220000000, ArchiveRelocationMode: 1.
[2026-02-10T17:25:19.546+0530] Compressed class space mapped at: 0x000001c221000000-0x000001c261000000, reserved size: 1073741824
[2026-02-10T17:25:19.546+0530] Narrow klass base: 0x000001c220000000, Narrow klass shift: 0, Narrow klass range: 0x100000000
[2026-02-10T17:25:20.140+0530] GC(0) Pause Young (Normal) (G1 Evacuation Pause)
[2026-02-10T17:25:20.141+0530] GC(0) Using 3 workers of 4 for evacuation
[2026-02-10T17:25:20.149+0530] GC(0)   Pre Evacuate Collection Set: 0.0ms
[2026-02-10T17:25:20.149+0530] GC(0)   Merge Heap Roots: 0.0ms
[2026-02-10T17:25:20.149+0530] GC(0)   Evacuate Collection Set: 7.5ms
[2026-02-10T17:25:20.149+0530] GC(0)   Post Evacuate Collection Set: 0.5ms
[2026-02-10T17:25:20.149+0530] GC(0)   Other: 0.4ms
[2026-02-10T17:25:20.149+0530] GC(0) Eden regions: 13->0(13)
[2026-02-10T17:25:20.149+0530] GC(0) Survivor regions: 0->2(2)
[2026-02-10T17:25:20.149+0530] GC(0) Old regions: 0->3
[2026-02-10T17:25:20.149+0530] GC(0) Archive regions: 0->0
[2026-02-10T17:25:20.149+0530] GC(0) Humongous regions: 5->5
[2026-02-10T17:25:20.149+0530] GC(0) Metaspace: 4449K(4672K)->4449K(4672K) NonClass: 3969K(4096K)->3969K(4096K) Class: 480K(576K)->480K(576K)
[2026-02-10T17:25:20.149+0530] GC(0) Pause Young (Normal) (G1 Evacuation Pause) 18M->9M(128M) 8.826ms
[2026-02-10T17:25:20.149+0530] GC(0) User=0.03s Sys=0.00s Real=0.01s
[2026-02-10T17:25:20.354+0530] GC(1) Pause Young (Normal) (G1 Evacuation Pause)
[2026-02-10T17:25:20.354+0530] GC(1) Using 3 workers of 4 for evacuation
[2026-02-10T17:25:20.363+0530] GC(1)   Pre Evacuate Collection Set: 0.1ms
[2026-02-10T17:25:20.363+0530] GC(1)   Merge Heap Roots: 0.1ms
[2026-02-10T17:25:20.363+0530] GC(1)   Evacuate Collection Set: 8.1ms
[2026-02-10T17:25:20.363+0530] GC(1)   Post Evacuate Collection Set: 0.3ms
[2026-02-10T17:25:20.363+0530] GC(1)   Other: 0.1ms
[2026-02-10T17:25:20.363+0530] GC(1) Eden regions: 13->0(17)
[2026-02-10T17:25:20.363+0530] GC(1) Survivor regions: 2->2(2)
[2026-02-10T17:25:20.363+0530] GC(1) Old regions: 3->6
[2026-02-10T17:25:20.363+0530] GC(1) Archive regions: 0->0
[2026-02-10T17:25:20.363+0530] GC(1) Humongous regions: 5->5
[2026-02-10T17:25:20.363+0530] GC(1) Metaspace: 6008K(6144K)->6008K(6144K) NonClass: 5350K(5440K)->5350K(5440K) Class: 657K(704K)->657K(704K)
[2026-02-10T17:25:20.363+0530] GC(1) Pause Young (Normal) (G1 Evacuation Pause) 22M->12M(128M) 8.981ms
[2026-02-10T17:25:20.363+0530] GC(1) User=0.03s Sys=0.03s Real=0.01s
[2026-02-10T17:25:20.752+0530] GC(2) Pause Young (Normal) (G1 Evacuation Pause)
[2026-02-10T17:25:20.752+0530] GC(2) Using 3 workers of 4 for evacuation
[2026-02-10T17:25:20.756+0530] GC(2)   Pre Evacuate Collection Set: 0.1ms
[2026-02-10T17:25:20.756+0530] GC(2)   Merge Heap Roots: 0.1ms
[2026-02-10T17:25:20.756+0530] GC(2)   Evacuate Collection Set: 4.4ms
[2026-02-10T17:25:20.756+0530] GC(2)   Post Evacuate Collection Set: 0.3ms
[2026-02-10T17:25:20.756+0530] GC(2)   Other: 0.2ms
[2026-02-10T17:25:20.756+0530] GC(2) Eden regions: 17->0(70)
[2026-02-10T17:25:20.757+0530] GC(2) Survivor regions: 2->2(3)
[2026-02-10T17:25:20.757+0530] GC(2) Old regions: 6->8
[2026-02-10T17:25:20.757+0530] GC(2) Archive regions: 0->0
[2026-02-10T17:25:20.757+0530] GC(2) Humongous regions: 5->5
[2026-02-10T17:25:20.757+0530] GC(2) Metaspace: 11036K(11200K)->11036K(11200K) NonClass: 9788K(9856K)->9788K(9856K) Class: 1248K(1344K)->1248K(1344K)
[2026-02-10T17:25:20.757+0530] GC(2) Pause Young (Normal) (G1 Evacuation Pause) 29M->14M(128M) 5.286ms
[2026-02-10T17:25:20.757+0530] GC(2) User=0.00s Sys=0.00s Real=0.00s
[2026-02-10T17:25:22.121+0530] GC(3) Pause Young (Concurrent Start) (Metadata GC Threshold)
[2026-02-10T17:25:22.121+0530] GC(3) Using 3 workers of 4 for evacuation
[2026-02-10T17:25:22.131+0530] GC(3)   Pre Evacuate Collection Set: 0.1ms
[2026-02-10T17:25:22.131+0530] GC(3)   Merge Heap Roots: 0.1ms
[2026-02-10T17:25:22.131+0530] GC(3)   Evacuate Collection Set: 8.9ms
[2026-02-10T17:25:22.131+0530] GC(3)   Post Evacuate Collection Set: 0.5ms
[2026-02-10T17:25:22.131+0530] GC(3)   Other: 0.2ms
[2026-02-10T17:25:22.131+0530] GC(3) Eden regions: 65->0(55)
[2026-02-10T17:25:22.131+0530] GC(3) Survivor regions: 2->9(9)
[2026-02-10T17:25:22.131+0530] GC(3) Old regions: 8->12
[2026-02-10T17:25:22.131+0530] GC(3) Archive regions: 0->0
[2026-02-10T17:25:22.131+0530] GC(3) Humongous regions: 5->5
[2026-02-10T17:25:22.131+0530] GC(3) Metaspace: 21254K(21504K)->21254K(21504K) NonClass: 19076K(19200K)->19076K(19200K) Class: 2178K(2304K)->2178K(2304K)
[2026-02-10T17:25:22.131+0530] GC(3) Pause Young (Concurrent Start) (Metadata GC Threshold) 78M->26M(128M) 9.963ms
[2026-02-10T17:25:22.131+0530] GC(3) User=0.05s Sys=0.02s Real=0.01s
[2026-02-10T17:25:22.131+0530] GC(4) Concurrent Mark Cycle
[2026-02-10T17:25:22.131+0530] GC(4) Concurrent Clear Claimed Marks
[2026-02-10T17:25:22.132+0530] GC(4) Concurrent Clear Claimed Marks 0.032ms
[2026-02-10T17:25:22.132+0530] GC(4) Concurrent Scan Root Regions
[2026-02-10T17:25:22.136+0530] GC(4) Concurrent Scan Root Regions 4.749ms
[2026-02-10T17:25:22.136+0530] GC(4) Concurrent Mark
[2026-02-10T17:25:22.136+0530] GC(4) Concurrent Mark From Roots
[2026-02-10T17:25:22.136+0530] GC(4) Using 1 workers of 1 for marking
[2026-02-10T17:25:22.159+0530] GC(4) Concurrent Mark From Roots 22.579ms
[2026-02-10T17:25:22.159+0530] GC(4) Concurrent Preclean
[2026-02-10T17:25:22.159+0530] GC(4) Concurrent Preclean 0.061ms
[2026-02-10T17:25:22.159+0530] GC(4) Pause Remark
[2026-02-10T17:25:22.162+0530] GC(4) Pause Remark 26M->26M(128M) 3.255ms
[2026-02-10T17:25:22.162+0530] GC(4) User=0.00s Sys=0.00s Real=0.00s
[2026-02-10T17:25:22.163+0530] GC(4) Concurrent Mark 26.294ms
[2026-02-10T17:25:22.163+0530] GC(4) Concurrent Rebuild Remembered Sets
[2026-02-10T17:25:22.173+0530] GC(4) Concurrent Rebuild Remembered Sets 10.870ms
[2026-02-10T17:25:22.173+0530] GC(4) Pause Cleanup
[2026-02-10T17:25:22.173+0530] GC(4) Pause Cleanup 27M->27M(128M) 0.109ms
[2026-02-10T17:25:22.174+0530] GC(4) User=0.00s Sys=0.00s Real=0.00s
[2026-02-10T17:25:22.174+0530] GC(4) Concurrent Cleanup for Next Mark
[2026-02-10T17:25:22.175+0530] GC(4) Concurrent Cleanup for Next Mark 0.939ms
[2026-02-10T17:25:22.175+0530] GC(4) Concurrent Mark Cycle 43.574ms
[2026-02-10T17:25:23.334+0530] GC(5) Pause Young (Normal) (G1 Evacuation Pause)
[2026-02-10T17:25:23.334+0530] GC(5) Using 3 workers of 4 for evacuation
[2026-02-10T17:25:23.345+0530] GC(5)   Pre Evacuate Collection Set: 0.1ms
[2026-02-10T17:25:23.345+0530] GC(5)   Merge Heap Roots: 0.1ms
[2026-02-10T17:25:23.345+0530] GC(5)   Evacuate Collection Set: 10.4ms
[2026-02-10T17:25:23.345+0530] GC(5)   Post Evacuate Collection Set: 0.5ms
[2026-02-10T17:25:23.345+0530] GC(5)   Other: 0.2ms
[2026-02-10T17:25:23.345+0530] GC(5) Eden regions: 55->0(55)
[2026-02-10T17:25:23.345+0530] GC(5) Survivor regions: 9->4(8)
[2026-02-10T17:25:23.345+0530] GC(5) Old regions: 12->21
[2026-02-10T17:25:23.345+0530] GC(5) Archive regions: 0->0
[2026-02-10T17:25:23.345+0530] GC(5) Humongous regions: 5->5
[2026-02-10T17:25:23.345+0530] GC(5) Metaspace: 27476K(27904K)->27476K(27904K) NonClass: 24509K(24704K)->24509K(24704K) Class: 2966K(3200K)->2966K(3200K)
[2026-02-10T17:25:23.345+0530] GC(5) Pause Young (Normal) (G1 Evacuation Pause) 81M->28M(128M) 11.491ms
[2026-02-10T17:25:23.345+0530] GC(5) User=0.03s Sys=0.02s Real=0.01s
[2026-02-10T17:25:24.382+0530] GC(6) Pause Young (Concurrent Start) (Metadata GC Threshold)
[2026-02-10T17:25:24.382+0530] GC(6) Using 3 workers of 4 for evacuation
[2026-02-10T17:25:24.394+0530] GC(6)   Pre Evacuate Collection Set: 0.1ms
[2026-02-10T17:25:24.394+0530] GC(6)   Merge Heap Roots: 0.1ms
[2026-02-10T17:25:24.394+0530] GC(6)   Evacuate Collection Set: 10.9ms
[2026-02-10T17:25:24.394+0530] GC(6)   Post Evacuate Collection Set: 0.4ms
[2026-02-10T17:25:24.394+0530] GC(6)   Other: 0.2ms
[2026-02-10T17:25:24.394+0530] GC(6) Eden regions: 54->0(58)
[2026-02-10T17:25:24.394+0530] GC(6) Survivor regions: 4->6(8)
[2026-02-10T17:25:24.394+0530] GC(6) Old regions: 21->21
[2026-02-10T17:25:24.394+0530] GC(6) Archive regions: 0->0
[2026-02-10T17:25:24.394+0530] GC(6) Humongous regions: 5->5
[2026-02-10T17:25:24.394+0530] GC(6) Metaspace: 35656K(36160K)->35656K(36160K) NonClass: 31702K(31936K)->31702K(31936K) Class: 3954K(4224K)->3954K(4224K)
[2026-02-10T17:25:24.394+0530] GC(6) Pause Young (Concurrent Start) (Metadata GC Threshold) 82M->31M(128M) 11.862ms
[2026-02-10T17:25:24.394+0530] GC(6) User=0.06s Sys=0.00s Real=0.01s
[2026-02-10T17:25:24.395+0530] GC(7) Concurrent Mark Cycle
[2026-02-10T17:25:24.395+0530] GC(7) Concurrent Clear Claimed Marks
[2026-02-10T17:25:24.395+0530] GC(7) Concurrent Clear Claimed Marks 0.045ms
[2026-02-10T17:25:24.395+0530] GC(7) Concurrent Scan Root Regions
[2026-02-10T17:25:24.402+0530] GC(7) Concurrent Scan Root Regions 7.790ms
[2026-02-10T17:25:24.402+0530] GC(7) Concurrent Mark
[2026-02-10T17:25:24.402+0530] GC(7) Concurrent Mark From Roots
[2026-02-10T17:25:24.402+0530] GC(7) Using 1 workers of 1 for marking
[2026-02-10T17:25:24.439+0530] GC(7) Concurrent Mark From Roots 36.129ms
[2026-02-10T17:25:24.439+0530] GC(7) Concurrent Preclean
[2026-02-10T17:25:24.439+0530] GC(7) Concurrent Preclean 0.097ms
[2026-02-10T17:25:24.439+0530] GC(7) Pause Remark
[2026-02-10T17:25:24.452+0530] GC(7) Pause Remark 32M->32M(128M) 13.105ms
[2026-02-10T17:25:24.452+0530] GC(7) User=0.00s Sys=0.00s Real=0.01s
[2026-02-10T17:25:24.452+0530] GC(7) Concurrent Mark 50.535ms
[2026-02-10T17:25:24.452+0530] GC(7) Concurrent Rebuild Remembered Sets
[2026-02-10T17:25:24.468+0530] GC(7) Concurrent Rebuild Remembered Sets 15.008ms
[2026-02-10T17:25:24.468+0530] GC(7) Pause Cleanup
[2026-02-10T17:25:24.468+0530] GC(7) Pause Cleanup 32M->32M(128M) 0.167ms
[2026-02-10T17:25:24.468+0530] GC(7) User=0.02s Sys=0.00s Real=0.00s
[2026-02-10T17:25:24.470+0530] GC(7) Concurrent Cleanup for Next Mark
[2026-02-10T17:25:24.472+0530] GC(7) Concurrent Cleanup for Next Mark 1.537ms
[2026-02-10T17:25:24.472+0530] GC(7) Concurrent Mark Cycle 77.669ms
[2026-02-10T17:25:25.740+0530] GC(8) Pause Young (Normal) (G1 Evacuation Pause)
[2026-02-10T17:25:25.740+0530] GC(8) Using 3 workers of 4 for evacuation
[2026-02-10T17:25:25.759+0530] GC(8)   Pre Evacuate Collection Set: 0.1ms
[2026-02-10T17:25:25.759+0530] GC(8)   Merge Heap Roots: 0.1ms
[2026-02-10T17:25:25.760+0530] GC(8)   Evacuate Collection Set: 18.3ms
[2026-02-10T17:25:25.760+0530] GC(8)   Post Evacuate Collection Set: 0.5ms
[2026-02-10T17:25:25.760+0530] GC(8)   Other: 0.2ms
[2026-02-10T17:25:25.760+0530] GC(8) Eden regions: 58->0(54)
[2026-02-10T17:25:25.760+0530] GC(8) Survivor regions: 6->8(8)
[2026-02-10T17:25:25.760+0530] GC(8) Old regions: 21->25
[2026-02-10T17:25:25.760+0530] GC(8) Archive regions: 0->0
[2026-02-10T17:25:25.760+0530] GC(8) Humongous regions: 5->5
[2026-02-10T17:25:25.760+0530] GC(8) Metaspace: 36642K(37184K)->36642K(37184K) NonClass: 32646K(32960K)->32646K(32960K) Class: 3996K(4224K)->3996K(4224K)
[2026-02-10T17:25:25.760+0530] GC(8) Pause Young (Normal) (G1 Evacuation Pause) 89M->37M(128M) 19.330ms
[2026-02-10T17:25:25.760+0530] GC(8) User=0.03s Sys=0.03s Real=0.02s
[2026-02-10T17:25:26.444+0530] GC(9) Pause Young (Normal) (G1 Evacuation Pause)
[2026-02-10T17:25:26.444+0530] GC(9) Using 3 workers of 4 for evacuation
[2026-02-10T17:25:26.472+0530] GC(9)   Pre Evacuate Collection Set: 0.0ms
[2026-02-10T17:25:26.472+0530] GC(9)   Merge Heap Roots: 0.1ms
[2026-02-10T17:25:26.472+0530] GC(9)   Evacuate Collection Set: 27.0ms
[2026-02-10T17:25:26.472+0530] GC(9)   Post Evacuate Collection Set: 0.4ms
[2026-02-10T17:25:26.472+0530] GC(9)   Other: 0.1ms
[2026-02-10T17:25:26.473+0530] GC(9) Eden regions: 54->0(51)
[2026-02-10T17:25:26.473+0530] GC(9) Survivor regions: 8->8(8)
[2026-02-10T17:25:26.473+0530] GC(9) Old regions: 25->33
[2026-02-10T17:25:26.473+0530] GC(9) Archive regions: 0->0
[2026-02-10T17:25:26.473+0530] GC(9) Humongous regions: 5->5
[2026-02-10T17:25:26.473+0530] GC(9) Metaspace: 36715K(37248K)->36715K(37248K) NonClass: 32712K(33024K)->32712K(33024K) Class: 4003K(4224K)->4003K(4224K)
[2026-02-10T17:25:26.473+0530] GC(9) Pause Young (Normal) (G1 Evacuation Pause) 91M->45M(128M) 27.839ms
[2026-02-10T17:25:26.473+0530] GC(9) User=0.12s Sys=0.00s Real=0.03s
[2026-02-10T17:25:27.272+0530] GC(10) Pause Young (Normal) (G1 Evacuation Pause)
[2026-02-10T17:25:27.273+0530] GC(10) Using 3 workers of 4 for evacuation
[2026-02-10T17:25:27.317+0530] GC(10)   Pre Evacuate Collection Set: 0.1ms
[2026-02-10T17:25:27.318+0530] GC(10)   Merge Heap Roots: 0.2ms
[2026-02-10T17:25:27.318+0530] GC(10)   Evacuate Collection Set: 44.0ms
[2026-02-10T17:25:27.318+0530] GC(10)   Post Evacuate Collection Set: 0.5ms
[2026-02-10T17:25:27.318+0530] GC(10)   Other: 0.2ms
[2026-02-10T17:25:27.318+0530] GC(10) Eden regions: 51->0(44)
[2026-02-10T17:25:27.318+0530] GC(10) Survivor regions: 8->8(8)
[2026-02-10T17:25:27.318+0530] GC(10) Old regions: 33->42
[2026-02-10T17:25:27.318+0530] GC(10) Archive regions: 0->0
[2026-02-10T17:25:27.318+0530] GC(10) Humongous regions: 5->5
[2026-02-10T17:25:27.318+0530] GC(10) Metaspace: 36756K(37248K)->36756K(37248K) NonClass: 32752K(33024K)->32752K(33024K) Class: 4004K(4224K)->4004K(4224K)
[2026-02-10T17:25:27.318+0530] GC(10) Pause Young (Normal) (G1 Evacuation Pause) 96M->54M(128M) 45.184ms
[2026-02-10T17:25:27.318+0530] GC(10) User=0.17s Sys=0.02s Real=0.05s
[2026-02-10T17:25:28.021+0530] GC(11) Pause Young (Normal) (G1 Evacuation Pause)
[2026-02-10T17:25:28.021+0530] GC(11) Using 3 workers of 4 for evacuation
[2026-02-10T17:25:28.045+0530] GC(11)   Pre Evacuate Collection Set: 0.1ms
[2026-02-10T17:25:28.045+0530] GC(11)   Merge Heap Roots: 0.1ms
[2026-02-10T17:25:28.045+0530] GC(11)   Evacuate Collection Set: 23.9ms
[2026-02-10T17:25:28.045+0530] GC(11)   Post Evacuate Collection Set: 0.3ms
[2026-02-10T17:25:28.045+0530] GC(11)   Other: 0.2ms
[2026-02-10T17:25:28.045+0530] GC(11) Eden regions: 44->0(35)
[2026-02-10T17:25:28.045+0530] GC(11) Survivor regions: 8->7(7)
[2026-02-10T17:25:28.045+0530] GC(11) Old regions: 42->52
[2026-02-10T17:25:28.045+0530] GC(11) Archive regions: 0->0
[2026-02-10T17:25:28.045+0530] GC(11) Humongous regions: 5->5
[2026-02-10T17:25:28.045+0530] GC(11) Metaspace: 36784K(37312K)->36784K(37312K) NonClass: 32777K(33024K)->32777K(33024K) Class: 4007K(4288K)->4007K(4288K)
[2026-02-10T17:25:28.045+0530] GC(11) Pause Young (Normal) (G1 Evacuation Pause) 98M->64M(128M) 24.782ms
[2026-02-10T17:25:28.045+0530] GC(11) User=0.09s Sys=0.00s Real=0.02s
[2026-02-10T17:25:28.309+0530] Heap
[2026-02-10T17:25:28.309+0530]  garbage-first heap   total 131072K, used 87161K [0x00000000f8000000, 0x0000000100000000)
[2026-02-10T17:25:28.309+0530]   region size 1024K, 29 young (29696K), 7 survivors (7168K)
[2026-02-10T17:25:28.309+0530]  Metaspace       used 36877K, committed 37440K, reserved 1114112K
[2026-02-10T17:25:28.309+0530]   class space    used 4018K, committed 4288K, reserved 1048576K
