[2026-02-10T17:27:35.414+0530] Using G1
[2026-02-10T17:27:35.417+0530] Version: 17.0.12+8-LTS-286 (release)
[2026-02-10T17:27:35.417+0530] CPUs: 8 total, 4 available
[2026-02-10T17:27:35.417+0530] Memory: 7914M
[2026-02-10T17:27:35.417+0530] Large Page Support: Disabled
[2026-02-10T17:27:35.417+0530] NUMA Support: Disabled
[2026-02-10T17:27:35.418+0530] Compressed Oops: Enabled (32-bit)
[2026-02-10T17:27:35.418+0530] Heap Region Size: 1M
[2026-02-10T17:27:35.418+0530] Heap Min Capacity: 256M
[2026-02-10T17:27:35.418+0530] Heap Initial Capacity: 256M
[2026-02-10T17:27:35.418+0530] Heap Max Capacity: 256M
[2026-02-10T17:27:35.418+0530] Pre-touch: Disabled
[2026-02-10T17:27:35.418+0530] Parallel Workers: 4
[2026-02-10T17:27:35.418+0530] Concurrent Workers: 1
[2026-02-10T17:27:35.418+0530] Concurrent Refinement Workers: 4
[2026-02-10T17:27:35.418+0530] Periodic GC: Disabled
[2026-02-10T17:27:35.431+0530] CDS archive(s) mapped at: [0x000002558f000000-0x000002558fbd0000-0x000002558fbd0000), size 12386304, SharedBaseAddress: 0x000002558f000000, ArchiveRelocationMode: 1.
[2026-02-10T17:27:35.431+0530] Compressed class space mapped at: 0x0000025590000000-0x00000255d0000000, reserved size: 1073741824
[2026-02-10T17:27:35.431+0530] Narrow klass base: 0x000002558f000000, Narrow klass shift: 0, Narrow klass range: 0x100000000
[2026-02-10T17:27:36.044+0530] GC(0) Pause Young (Normal) (G1 Evacuation Pause)
[2026-02-10T17:27:36.044+0530] GC(0) Using 4 workers of 4 for evacuation
[2026-02-10T17:27:36.051+0530] GC(0)   Pre Evacuate Collection Set: 0.1ms
[2026-02-10T17:27:36.051+0530] GC(0)   Merge Heap Roots: 0.1ms
[2026-02-10T17:27:36.051+0530] GC(0)   Evacuate Collection Set: 5.4ms
[2026-02-10T17:27:36.051+0530] GC(0)   Post Evacuate Collection Set: 0.4ms
[2026-02-10T17:27:36.051+0530] GC(0)   Other: 0.6ms
[2026-02-10T17:27:36.051+0530] GC(0) Eden regions: 13->0(13)
[2026-02-10T17:27:36.051+0530] GC(0) Survivor regions: 0->2(2)
[2026-02-10T17:27:36.051+0530] GC(0) Old regions: 0->3
[2026-02-10T17:27:36.051+0530] GC(0) Archive regions: 0->0
[2026-02-10T17:27:36.051+0530] GC(0) Humongous regions: 5->5
[2026-02-10T17:27:36.051+0530] GC(0) Metaspace: 4449K(4672K)->4449K(4672K) NonClass: 3969K(4096K)->3969K(4096K) Class: 480K(576K)->480K(576K)
[2026-02-10T17:27:36.051+0530] GC(0) Pause Young (Normal) (G1 Evacuation Pause) 18M->9M(256M) 6.729ms
[2026-02-10T17:27:36.051+0530] GC(0) User=0.03s Sys=0.03s Real=0.01s
[2026-02-10T17:27:36.257+0530] GC(1) Pause Young (Normal) (G1 Evacuation Pause)
[2026-02-10T17:27:36.257+0530] GC(1) Using 4 workers of 4 for evacuation
[2026-02-10T17:27:36.267+0530] GC(1)   Pre Evacuate Collection Set: 0.1ms
[2026-02-10T17:27:36.267+0530] GC(1)   Merge Heap Roots: 0.1ms
[2026-02-10T17:27:36.267+0530] GC(1)   Evacuate Collection Set: 9.2ms
[2026-02-10T17:27:36.267+0530] GC(1)   Post Evacuate Collection Set: 0.4ms
[2026-02-10T17:27:36.267+0530] GC(1)   Other: 0.2ms
[2026-02-10T17:27:36.267+0530] GC(1) Eden regions: 13->0(17)
[2026-02-10T17:27:36.267+0530] GC(1) Survivor regions: 2->2(2)
[2026-02-10T17:27:36.267+0530] GC(1) Old regions: 3->6
[2026-02-10T17:27:36.267+0530] GC(1) Archive regions: 0->0
[2026-02-10T17:27:36.267+0530] GC(1) Humongous regions: 5->5
[2026-02-10T17:27:36.267+0530] GC(1) Metaspace: 6001K(6144K)->6001K(6144K) NonClass: 5343K(5440K)->5343K(5440K) Class: 657K(704K)->657K(704K)
[2026-02-10T17:27:36.267+0530] GC(1) Pause Young (Normal) (G1 Evacuation Pause) 22M->12M(256M) 10.320ms
[2026-02-10T17:27:36.267+0530] GC(1) User=0.05s Sys=0.02s Real=0.01s
[2026-02-10T17:27:36.802+0530] GC(2) Pause Young (Normal) (G1 Evacuation Pause)
[2026-02-10T17:27:36.802+0530] GC(2) Using 4 workers of 4 for evacuation
[2026-02-10T17:27:36.806+0530] GC(2)   Pre Evacuate Collection Set: 0.1ms
[2026-02-10T17:27:36.806+0530] GC(2)   Merge Heap Roots: 0.1ms
[2026-02-10T17:27:36.806+0530] GC(2)   Evacuate Collection Set: 4.0ms
[2026-02-10T17:27:36.806+0530] GC(2)   Post Evacuate Collection Set: 0.3ms
[2026-02-10T17:27:36.806+0530] GC(2)   Other: 0.2ms
[2026-02-10T17:27:36.806+0530] GC(2) Eden regions: 17->0(91)
[2026-02-10T17:27:36.806+0530] GC(2) Survivor regions: 2->2(3)
[2026-02-10T17:27:36.806+0530] GC(2) Old regions: 6->8
[2026-02-10T17:27:36.806+0530] GC(2) Archive regions: 0->0
[2026-02-10T17:27:36.806+0530] GC(2) Humongous regions: 5->5
[2026-02-10T17:27:36.806+0530] GC(2) Metaspace: 11030K(11200K)->11030K(11200K) NonClass: 9782K(9856K)->9782K(9856K) Class: 1248K(1344K)->1248K(1344K)
[2026-02-10T17:27:36.806+0530] GC(2) Pause Young (Normal) (G1 Evacuation Pause) 29M->14M(256M) 5.001ms
[2026-02-10T17:27:36.806+0530] GC(2) User=0.00s Sys=0.00s Real=0.00s
[2026-02-10T17:27:37.959+0530] GC(3) Pause Young (Concurrent Start) (Metadata GC Threshold)
[2026-02-10T17:27:37.959+0530] GC(3) Using 4 workers of 4 for evacuation
[2026-02-10T17:27:37.967+0530] GC(3)   Pre Evacuate Collection Set: 0.1ms
[2026-02-10T17:27:37.967+0530] GC(3)   Merge Heap Roots: 0.1ms
[2026-02-10T17:27:37.967+0530] GC(3)   Evacuate Collection Set: 7.7ms
[2026-02-10T17:27:37.967+0530] GC(3)   Post Evacuate Collection Set: 0.5ms
[2026-02-10T17:27:37.967+0530] GC(3)   Other: 0.2ms
[2026-02-10T17:27:37.967+0530] GC(3) Eden regions: 64->0(133)
[2026-02-10T17:27:37.967+0530] GC(3) Survivor regions: 2->12(12)
[2026-02-10T17:27:37.967+0530] GC(3) Old regions: 8->9
[2026-02-10T17:27:37.967+0530] GC(3) Archive regions: 0->0
[2026-02-10T17:27:37.967+0530] GC(3) Humongous regions: 5->5
[2026-02-10T17:27:37.967+0530] GC(3) Metaspace: 21252K(21504K)->21252K(21504K) NonClass: 19080K(19200K)->19080K(19200K) Class: 2172K(2304K)->2172K(2304K)
[2026-02-10T17:27:37.967+0530] GC(3) Pause Young (Concurrent Start) (Metadata GC Threshold) 78M->25M(256M) 8.824ms
[2026-02-10T17:27:37.967+0530] GC(3) User=0.03s Sys=0.02s Real=0.01s
[2026-02-10T17:27:37.967+0530] GC(4) Concurrent Mark Cycle
[2026-02-10T17:27:37.967+0530] GC(4) Concurrent Clear Claimed Marks
[2026-02-10T17:27:37.967+0530] GC(4) Concurrent Clear Claimed Marks 0.035ms
[2026-02-10T17:27:37.967+0530] GC(4) Concurrent Scan Root Regions
[2026-02-10T17:27:37.971+0530] GC(4) Concurrent Scan Root Regions 4.385ms
[2026-02-10T17:27:37.972+0530] GC(4) Concurrent Mark
[2026-02-10T17:27:37.972+0530] GC(4) Concurrent Mark From Roots
[2026-02-10T17:27:37.972+0530] GC(4) Using 1 workers of 1 for marking
[2026-02-10T17:27:37.994+0530] GC(4) Concurrent Mark From Roots 21.614ms
[2026-02-10T17:27:37.994+0530] GC(4) Concurrent Preclean
[2026-02-10T17:27:37.994+0530] GC(4) Concurrent Preclean 0.065ms
[2026-02-10T17:27:37.994+0530] GC(4) Pause Remark
[2026-02-10T17:27:37.998+0530] GC(4) Pause Remark 26M->26M(256M) 4.034ms
[2026-02-10T17:27:37.998+0530] GC(4) User=0.00s Sys=0.00s Real=0.00s
[2026-02-10T17:27:37.998+0530] GC(4) Concurrent Mark 26.174ms
[2026-02-10T17:27:37.998+0530] GC(4) Concurrent Rebuild Remembered Sets
[2026-02-10T17:27:38.007+0530] GC(4) Concurrent Rebuild Remembered Sets 8.976ms
[2026-02-10T17:27:38.007+0530] GC(4) Pause Cleanup
[2026-02-10T17:27:38.007+0530] GC(4) Pause Cleanup 26M->26M(256M) 0.102ms
[2026-02-10T17:27:38.007+0530] GC(4) User=0.00s Sys=0.00s Real=0.00s
[2026-02-10T17:27:38.007+0530] GC(4) Concurrent Cleanup for Next Mark
[2026-02-10T17:27:38.009+0530] GC(4) Concurrent Cleanup for Next Mark 1.529ms
[2026-02-10T17:27:38.009+0530] GC(4) Concurrent Mark Cycle 41.910ms
[2026-02-10T17:27:40.359+0530] GC(5) Pause Young (Concurrent Start) (Metadata GC Threshold)
[2026-02-10T17:27:40.359+0530] GC(5) Using 4 workers of 4 for evacuation
[2026-02-10T17:27:40.374+0530] GC(5)   Pre Evacuate Collection Set: 0.1ms
[2026-02-10T17:27:40.374+0530] GC(5)   Merge Heap Roots: 0.1ms
[2026-02-10T17:27:40.374+0530] GC(5)   Evacuate Collection Set: 14.9ms
[2026-02-10T17:27:40.374+0530] GC(5)   Post Evacuate Collection Set: 0.7ms
[2026-02-10T17:27:40.374+0530] GC(5)   Other: 0.2ms
[2026-02-10T17:27:40.374+0530] GC(5) Eden regions: 109->0(147)
[2026-02-10T17:27:40.374+0530] GC(5) Survivor regions: 12->6(19)
[2026-02-10T17:27:40.374+0530] GC(5) Old regions: 9->20
[2026-02-10T17:27:40.374+0530] GC(5) Archive regions: 0->0
[2026-02-10T17:27:40.374+0530] GC(5) Humongous regions: 5->5
[2026-02-10T17:27:40.375+0530] GC(5) Metaspace: 35635K(36160K)->35635K(36160K) NonClass: 31688K(31936K)->31688K(31936K) Class: 3947K(4224K)->3947K(4224K)
[2026-02-10T17:27:40.375+0530] GC(5) Pause Young (Concurrent Start) (Metadata GC Threshold) 134M->30M(256M) 16.292ms
[2026-02-10T17:27:40.375+0530] GC(5) User=0.06s Sys=0.00s Real=0.02s
[2026-02-10T17:27:40.375+0530] GC(6) Concurrent Mark Cycle
[2026-02-10T17:27:40.375+0530] GC(6) Concurrent Clear Claimed Marks
[2026-02-10T17:27:40.375+0530] GC(6) Concurrent Clear Claimed Marks 0.049ms
[2026-02-10T17:27:40.375+0530] GC(6) Concurrent Scan Root Regions
[2026-02-10T17:27:40.386+0530] GC(6) Concurrent Scan Root Regions 11.083ms
[2026-02-10T17:27:40.386+0530] GC(6) Concurrent Mark
[2026-02-10T17:27:40.386+0530] GC(6) Concurrent Mark From Roots
[2026-02-10T17:27:40.386+0530] GC(6) Using 1 workers of 1 for marking
[2026-02-10T17:27:40.414+0530] GC(6) Concurrent Mark From Roots 27.278ms
[2026-02-10T17:27:40.414+0530] GC(6) Concurrent Preclean
[2026-02-10T17:27:40.414+0530] GC(6) Concurrent Preclean 0.084ms
[2026-02-10T17:27:40.414+0530] GC(6) Pause Remark
[2026-02-10T17:27:40.423+0530] GC(6) Pause Remark 32M->32M(256M) 9.035ms
[2026-02-10T17:27:40.423+0530] GC(6) User=0.06s Sys=0.00s Real=0.01s
[2026-02-10T17:27:40.423+0530] GC(6) Concurrent Mark 36.810ms
[2026-02-10T17:27:40.423+0530] GC(6) Concurrent Rebuild Remembered Sets
[2026-02-10T17:27:40.438+0530] GC(6) Concurrent Rebuild Remembered Sets 14.876ms
[2026-02-10T17:27:40.438+0530] GC(6) Pause Cleanup
[2026-02-10T17:27:40.438+0530] GC(6) Pause Cleanup 32M->32M(256M) 0.121ms
[2026-02-10T17:27:40.438+0530] GC(6) User=0.00s Sys=0.00s Real=0.00s
[2026-02-10T17:27:40.438+0530] GC(6) Concurrent Cleanup for Next Mark
[2026-02-10T17:27:40.440+0530] GC(6) Concurrent Cleanup for Next Mark 1.604ms
[2026-02-10T17:27:40.440+0530] GC(6) Concurrent Mark Cycle 65.100ms
[2026-02-10T17:27:43.086+0530] GC(7) Pause Young (Normal) (G1 Evacuation Pause)
[2026-02-10T17:27:43.086+0530] GC(7) Using 4 workers of 4 for evacuation
[2026-02-10T17:27:43.124+0530] GC(7)   Pre Evacuate Collection Set: 0.1ms
[2026-02-10T17:27:43.124+0530] GC(7)   Merge Heap Roots: 0.1ms
[2026-02-10T17:27:43.124+0530] GC(7)   Evacuate Collection Set: 37.0ms
[2026-02-10T17:27:43.124+0530] GC(7)   Post Evacuate Collection Set: 0.6ms
[2026-02-10T17:27:43.124+0530] GC(7)   Other: 0.2ms
[2026-02-10T17:27:43.124+0530] GC(7) Eden regions: 147->0(127)
[2026-02-10T17:27:43.124+0530] GC(7) Survivor regions: 6->20(20)
[2026-02-10T17:27:43.124+0530] GC(7) Old regions: 20->25
[2026-02-10T17:27:43.124+0530] GC(7) Archive regions: 0->0
[2026-02-10T17:27:43.124+0530] GC(7) Humongous regions: 5->5
[2026-02-10T17:27:43.124+0530] GC(7) Metaspace: 36843K(37440K)->36843K(37440K) NonClass: 32837K(33152K)->32837K(33152K) Class: 4006K(4288K)->4006K(4288K)
[2026-02-10T17:27:43.124+0530] GC(7) Pause Young (Normal) (G1 Evacuation Pause) 177M->49M(256M) 38.117ms
[2026-02-10T17:27:43.124+0530] GC(7) User=0.14s Sys=0.05s Real=0.04s
[2026-02-10T17:27:43.529+0530] GC(8) Pause Young (Normal) (G1 Evacuation Pause)
[2026-02-10T17:27:43.529+0530] GC(8) Using 4 workers of 4 for evacuation
[2026-02-10T17:27:43.576+0530] GC(8)   Pre Evacuate Collection Set: 0.1ms
[2026-02-10T17:27:43.576+0530] GC(8)   Merge Heap Roots: 0.2ms
[2026-02-10T17:27:43.576+0530] GC(8)   Evacuate Collection Set: 46.8ms
[2026-02-10T17:27:43.576+0530] GC(8)   Post Evacuate Collection Set: 0.5ms
[2026-02-10T17:27:43.576+0530] GC(8)   Other: 0.2ms
[2026-02-10T17:27:43.576+0530] GC(8) Eden regions: 39->0(120)
[2026-02-10T17:27:43.576+0530] GC(8) Survivor regions: 20->8(8)
[2026-02-10T17:27:43.576+0530] GC(8) Old regions: 25->45
[2026-02-10T17:27:43.576+0530] GC(8) Archive regions: 0->0
[2026-02-10T17:27:43.576+0530] GC(8) Humongous regions: 5->5
[2026-02-10T17:27:43.576+0530] GC(8) Metaspace: 36878K(37504K)->36878K(37504K) NonClass: 32870K(33216K)->32870K(33216K) Class: 4007K(4288K)->4007K(4288K)
[2026-02-10T17:27:43.576+0530] GC(8) Pause Young (Normal) (G1 Evacuation Pause) 88M->57M(256M) 48.015ms
[2026-02-10T17:27:43.576+0530] GC(8) User=0.17s Sys=0.02s Real=0.05s
[2026-02-10T17:27:43.996+0530] Heap
[2026-02-10T17:27:43.996+0530]  garbage-first heap   total 262144K, used 107265K [0x00000000f0000000, 0x0000000100000000)
[2026-02-10T17:27:43.996+0530]   region size 1024K, 56 young (57344K), 8 survivors (8192K)
[2026-02-10T17:27:43.996+0530]  Metaspace       used 36994K, committed 37632K, reserved 1114112K
[2026-02-10T17:27:43.996+0530]   class space    used 4021K, committed 4288K, reserved 1048576K
