[2026-02-10T17:18:36.822+0530] Using G1
[2026-02-10T17:18:36.825+0530] Version: 17.0.12+8-LTS-286 (release)
[2026-02-10T17:18:36.825+0530] CPUs: 8 total, 4 available
[2026-02-10T17:18:36.825+0530] Memory: 7914M
[2026-02-10T17:18:36.825+0530] Large Page Support: Disabled
[2026-02-10T17:18:36.825+0530] NUMA Support: Disabled
[2026-02-10T17:18:36.825+0530] Compressed Oops: Enabled (32-bit)
[2026-02-10T17:18:36.825+0530] Heap Region Size: 1M
[2026-02-10T17:18:36.825+0530] Heap Min Capacity: 128M
[2026-02-10T17:18:36.825+0530] Heap Initial Capacity: 128M
[2026-02-10T17:18:36.825+0530] Heap Max Capacity: 128M
[2026-02-10T17:18:36.826+0530] Pre-touch: Disabled
[2026-02-10T17:18:36.826+0530] Parallel Workers: 4
[2026-02-10T17:18:36.826+0530] Concurrent Workers: 1
[2026-02-10T17:18:36.826+0530] Concurrent Refinement Workers: 4
[2026-02-10T17:18:36.826+0530] Periodic GC: Disabled
[2026-02-10T17:18:36.843+0530] CDS archive(s) mapped at: [0x00000170c8000000-0x00000170c8bd0000-0x00000170c8bd0000), size 12386304, SharedBaseAddress: 0x00000170c8000000, ArchiveRelocationMode: 1.
[2026-02-10T17:18:36.843+0530] Compressed class space mapped at: 0x00000170c9000000-0x0000017109000000, reserved size: 1073741824
[2026-02-10T17:18:36.843+0530] Narrow klass base: 0x00000170c8000000, Narrow klass shift: 0, Narrow klass range: 0x100000000
[2026-02-10T17:18:37.439+0530] GC(0) Pause Young (Normal) (G1 Evacuation Pause)
[2026-02-10T17:18:37.439+0530] GC(0) Using 3 workers of 4 for evacuation
[2026-02-10T17:18:37.446+0530] GC(0)   Pre Evacuate Collection Set: 0.1ms
[2026-02-10T17:18:37.446+0530] GC(0)   Merge Heap Roots: 0.0ms
[2026-02-10T17:18:37.446+0530] GC(0)   Evacuate Collection Set: 5.9ms
[2026-02-10T17:18:37.446+0530] GC(0)   Post Evacuate Collection Set: 0.5ms
[2026-02-10T17:18:37.446+0530] GC(0)   Other: 0.4ms
[2026-02-10T17:18:37.446+0530] GC(0) Eden regions: 13->0(13)
[2026-02-10T17:18:37.446+0530] GC(0) Survivor regions: 0->2(2)
[2026-02-10T17:18:37.446+0530] GC(0) Old regions: 0->3
[2026-02-10T17:18:37.446+0530] GC(0) Archive regions: 0->0
[2026-02-10T17:18:37.446+0530] GC(0) Humongous regions: 5->5
[2026-02-10T17:18:37.446+0530] GC(0) Metaspace: 4440K(4672K)->4440K(4672K) NonClass: 3960K(4096K)->3960K(4096K) Class: 480K(576K)->480K(576K)
[2026-02-10T17:18:37.446+0530] GC(0) Pause Young (Normal) (G1 Evacuation Pause) 18M->9M(128M) 7.050ms
[2026-02-10T17:18:37.446+0530] GC(0) User=0.00s Sys=0.00s Real=0.01s
[2026-02-10T17:18:37.668+0530] GC(1) Pause Young (Normal) (G1 Evacuation Pause)
[2026-02-10T17:18:37.668+0530] GC(1) Using 3 workers of 4 for evacuation
[2026-02-10T17:18:37.678+0530] GC(1)   Pre Evacuate Collection Set: 0.0ms
[2026-02-10T17:18:37.678+0530] GC(1)   Merge Heap Roots: 0.1ms
[2026-02-10T17:18:37.678+0530] GC(1)   Evacuate Collection Set: 9.1ms
[2026-02-10T17:18:37.678+0530] GC(1)   Post Evacuate Collection Set: 0.3ms
[2026-02-10T17:18:37.678+0530] GC(1)   Other: 0.1ms
[2026-02-10T17:18:37.678+0530] GC(1) Eden regions: 13->0(18)
[2026-02-10T17:18:37.678+0530] GC(1) Survivor regions: 2->2(2)
[2026-02-10T17:18:37.678+0530] GC(1) Old regions: 3->6
[2026-02-10T17:18:37.678+0530] GC(1) Archive regions: 0->0
[2026-02-10T17:18:37.678+0530] GC(1) Humongous regions: 5->5
[2026-02-10T17:18:37.678+0530] GC(1) Metaspace: 6050K(6144K)->6050K(6144K) NonClass: 5384K(5440K)->5384K(5440K) Class: 665K(704K)->665K(704K)
[2026-02-10T17:18:37.678+0530] GC(1) Pause Young (Normal) (G1 Evacuation Pause) 22M->12M(128M) 9.924ms
[2026-02-10T17:18:37.678+0530] GC(1) User=0.03s Sys=0.03s Real=0.01s
[2026-02-10T17:18:38.233+0530] GC(2) Pause Young (Normal) (G1 Evacuation Pause)
[2026-02-10T17:18:38.233+0530] GC(2) Using 3 workers of 4 for evacuation
[2026-02-10T17:18:38.241+0530] GC(2)   Pre Evacuate Collection Set: 0.1ms
[2026-02-10T17:18:38.241+0530] GC(2)   Merge Heap Roots: 0.1ms
[2026-02-10T17:18:38.241+0530] GC(2)   Evacuate Collection Set: 6.6ms
[2026-02-10T17:18:38.241+0530] GC(2)   Post Evacuate Collection Set: 0.4ms
[2026-02-10T17:18:38.241+0530] GC(2)   Other: 0.1ms
[2026-02-10T17:18:38.241+0530] GC(2) Eden regions: 18->0(73)
[2026-02-10T17:18:38.241+0530] GC(2) Survivor regions: 2->2(3)
[2026-02-10T17:18:38.241+0530] GC(2) Old regions: 6->8
[2026-02-10T17:18:38.241+0530] GC(2) Archive regions: 0->0
[2026-02-10T17:18:38.241+0530] GC(2) Humongous regions: 5->5
[2026-02-10T17:18:38.241+0530] GC(2) Metaspace: 11479K(11712K)->11479K(11712K) NonClass: 10190K(10304K)->10190K(10304K) Class: 1289K(1408K)->1289K(1408K)
[2026-02-10T17:18:38.241+0530] GC(2) Pause Young (Normal) (G1 Evacuation Pause) 30M->14M(128M) 7.535ms
[2026-02-10T17:18:38.241+0530] GC(2) User=0.00s Sys=0.00s Real=0.01s
[2026-02-10T17:18:39.479+0530] GC(3) Pause Young (Concurrent Start) (Metadata GC Threshold)
[2026-02-10T17:18:39.479+0530] GC(3) Using 3 workers of 4 for evacuation
[2026-02-10T17:18:39.490+0530] GC(3)   Pre Evacuate Collection Set: 0.1ms
[2026-02-10T17:18:39.490+0530] GC(3)   Merge Heap Roots: 0.1ms
[2026-02-10T17:18:39.490+0530] GC(3)   Evacuate Collection Set: 10.3ms
[2026-02-10T17:18:39.490+0530] GC(3)   Post Evacuate Collection Set: 0.6ms
[2026-02-10T17:18:39.490+0530] GC(3)   Other: 0.2ms
[2026-02-10T17:18:39.490+0530] GC(3) Eden regions: 63->0(55)
[2026-02-10T17:18:39.490+0530] GC(3) Survivor regions: 2->10(10)
[2026-02-10T17:18:39.490+0530] GC(3) Old regions: 8->11
[2026-02-10T17:18:39.490+0530] GC(3) Archive regions: 0->0
[2026-02-10T17:18:39.490+0530] GC(3) Humongous regions: 5->5
[2026-02-10T17:18:39.490+0530] GC(3) Metaspace: 21234K(21504K)->21234K(21504K) NonClass: 19065K(19200K)->19065K(19200K) Class: 2168K(2304K)->2168K(2304K)
[2026-02-10T17:18:39.490+0530] GC(3) Pause Young (Concurrent Start) (Metadata GC Threshold) 77M->26M(128M) 11.562ms
[2026-02-10T17:18:39.490+0530] GC(3) User=0.05s Sys=0.02s Real=0.01s
[2026-02-10T17:18:39.490+0530] GC(4) Concurrent Mark Cycle
[2026-02-10T17:18:39.490+0530] GC(4) Concurrent Clear Claimed Marks
[2026-02-10T17:18:39.490+0530] GC(4) Concurrent Clear Claimed Marks 0.035ms
[2026-02-10T17:18:39.490+0530] GC(4) Concurrent Scan Root Regions
[2026-02-10T17:18:39.495+0530] GC(4) Concurrent Scan Root Regions 4.822ms
[2026-02-10T17:18:39.495+0530] GC(4) Concurrent Mark
[2026-02-10T17:18:39.495+0530] GC(4) Concurrent Mark From Roots
[2026-02-10T17:18:39.495+0530] GC(4) Using 1 workers of 1 for marking
[2026-02-10T17:18:39.519+0530] GC(4) Concurrent Mark From Roots 24.130ms
[2026-02-10T17:18:39.520+0530] GC(4) Concurrent Preclean
[2026-02-10T17:18:39.520+0530] GC(4) Concurrent Preclean 0.065ms
[2026-02-10T17:18:39.520+0530] GC(4) Pause Remark
[2026-02-10T17:18:39.523+0530] GC(4) Pause Remark 26M->26M(128M) 3.346ms
[2026-02-10T17:18:39.523+0530] GC(4) User=0.00s Sys=0.00s Real=0.00s
[2026-02-10T17:18:39.523+0530] GC(4) Concurrent Mark 27.987ms
[2026-02-10T17:18:39.523+0530] GC(4) Concurrent Rebuild Remembered Sets
[2026-02-10T17:18:39.537+0530] GC(4) Concurrent Rebuild Remembered Sets 12.889ms
[2026-02-10T17:18:39.537+0530] GC(4) Pause Cleanup
[2026-02-10T17:18:39.537+0530] GC(4) Pause Cleanup 26M->26M(128M) 0.118ms
[2026-02-10T17:18:39.537+0530] GC(4) User=0.00s Sys=0.00s Real=0.00s
[2026-02-10T17:18:39.537+0530] GC(4) Concurrent Cleanup for Next Mark
[2026-02-10T17:18:39.539+0530] GC(4) Concurrent Cleanup for Next Mark 2.189ms
[2026-02-10T17:18:39.540+0530] GC(4) Concurrent Mark Cycle 48.644ms
[2026-02-10T17:18:41.449+0530] GC(5) Pause Young (Normal) (G1 Evacuation Pause)
[2026-02-10T17:18:41.449+0530] GC(5) Using 3 workers of 4 for evacuation
[2026-02-10T17:18:41.461+0530] GC(5)   Pre Evacuate Collection Set: 0.1ms
[2026-02-10T17:18:41.461+0530] GC(5)   Merge Heap Roots: 0.1ms
[2026-02-10T17:18:41.461+0530] GC(5)   Evacuate Collection Set: 11.8ms
[2026-02-10T17:18:41.461+0530] GC(5)   Post Evacuate Collection Set: 0.5ms
[2026-02-10T17:18:41.461+0530] GC(5)   Other: 0.2ms
[2026-02-10T17:18:41.461+0530] GC(5) Eden regions: 55->0(54)
[2026-02-10T17:18:41.461+0530] GC(5) Survivor regions: 10->4(9)
[2026-02-10T17:18:41.461+0530] GC(5) Old regions: 11->21
[2026-02-10T17:18:41.461+0530] GC(5) Archive regions: 0->0
[2026-02-10T17:18:41.461+0530] GC(5) Humongous regions: 5->5
[2026-02-10T17:18:41.463+0530] GC(5) Metaspace: 27670K(28160K)->27670K(28160K) NonClass: 24705K(24960K)->24705K(24960K) Class: 2964K(3200K)->2964K(3200K)
[2026-02-10T17:18:41.463+0530] GC(5) Pause Young (Normal) (G1 Evacuation Pause) 81M->29M(128M) 14.239ms
[2026-02-10T17:18:41.463+0530] GC(5) User=0.06s Sys=0.00s Real=0.01s
[2026-02-10T17:18:42.137+0530] Heap
[2026-02-10T17:18:42.137+0530]  garbage-first heap   total 131072K, used 72694K [0x00000000f8000000, 0x0000000100000000)
[2026-02-10T17:18:42.137+0530]   region size 1024K, 46 young (47104K), 4 survivors (4096K)
[2026-02-10T17:18:42.137+0530]  Metaspace       used 33541K, committed 34048K, reserved 1114112K
[2026-02-10T17:18:42.137+0530]   class space    used 3679K, committed 3904K, reserved 1048576K
