[2026-02-10T17:28:45.505+0530] Using G1
[2026-02-10T17:28:45.508+0530] Version: 17.0.12+8-LTS-286 (release)
[2026-02-10T17:28:45.508+0530] CPUs: 8 total, 4 available
[2026-02-10T17:28:45.508+0530] Memory: 7914M
[2026-02-10T17:28:45.508+0530] Large Page Support: Disabled
[2026-02-10T17:28:45.508+0530] NUMA Support: Disabled
[2026-02-10T17:28:45.508+0530] Compressed Oops: Enabled (32-bit)
[2026-02-10T17:28:45.508+0530] Heap Region Size: 1M
[2026-02-10T17:28:45.508+0530] Heap Min Capacity: 256M
[2026-02-10T17:28:45.508+0530] Heap Initial Capacity: 256M
[2026-02-10T17:28:45.508+0530] Heap Max Capacity: 256M
[2026-02-10T17:28:45.508+0530] Pre-touch: Disabled
[2026-02-10T17:28:45.508+0530] Parallel Workers: 4
[2026-02-10T17:28:45.510+0530] Concurrent Workers: 1
[2026-02-10T17:28:45.510+0530] Concurrent Refinement Workers: 4
[2026-02-10T17:28:45.510+0530] Periodic GC: Disabled
[2026-02-10T17:28:45.524+0530] CDS archive(s) mapped at: [0x000001be81000000-0x000001be81bd0000-0x000001be81bd0000), size 12386304, SharedBaseAddress: 0x000001be81000000, ArchiveRelocationMode: 1.
[2026-02-10T17:28:45.524+0530] Compressed class space mapped at: 0x000001be82000000-0x000001bec2000000, reserved size: 1073741824
[2026-02-10T17:28:45.524+0530] Narrow klass base: 0x000001be81000000, Narrow klass shift: 0, Narrow klass range: 0x100000000
[2026-02-10T17:28:46.123+0530] GC(0) Pause Young (Normal) (G1 Evacuation Pause)
[2026-02-10T17:28:46.123+0530] GC(0) Using 4 workers of 4 for evacuation
[2026-02-10T17:28:46.129+0530] GC(0)   Pre Evacuate Collection Set: 0.1ms
[2026-02-10T17:28:46.129+0530] GC(0)   Merge Heap Roots: 0.1ms
[2026-02-10T17:28:46.129+0530] GC(0)   Evacuate Collection Set: 5.1ms
[2026-02-10T17:28:46.129+0530] GC(0)   Post Evacuate Collection Set: 0.4ms
[2026-02-10T17:28:46.129+0530] GC(0)   Other: 0.4ms
[2026-02-10T17:28:46.129+0530] GC(0) Eden regions: 13->0(13)
[2026-02-10T17:28:46.129+0530] GC(0) Survivor regions: 0->2(2)
[2026-02-10T17:28:46.129+0530] GC(0) Old regions: 0->3
[2026-02-10T17:28:46.129+0530] GC(0) Archive regions: 0->0
[2026-02-10T17:28:46.129+0530] GC(0) Humongous regions: 5->5
[2026-02-10T17:28:46.129+0530] GC(0) Metaspace: 4446K(4672K)->4446K(4672K) NonClass: 3966K(4096K)->3966K(4096K) Class: 480K(576K)->480K(576K)
[2026-02-10T17:28:46.129+0530] GC(0) Pause Young (Normal) (G1 Evacuation Pause) 18M->9M(256M) 6.209ms
[2026-02-10T17:28:46.129+0530] GC(0) User=0.03s Sys=0.02s Real=0.01s
[2026-02-10T17:28:46.315+0530] GC(1) Pause Young (Normal) (G1 Evacuation Pause)
[2026-02-10T17:28:46.315+0530] GC(1) Using 4 workers of 4 for evacuation
[2026-02-10T17:28:46.324+0530] GC(1)   Pre Evacuate Collection Set: 0.1ms
[2026-02-10T17:28:46.324+0530] GC(1)   Merge Heap Roots: 0.1ms
[2026-02-10T17:28:46.324+0530] GC(1)   Evacuate Collection Set: 8.2ms
[2026-02-10T17:28:46.324+0530] GC(1)   Post Evacuate Collection Set: 0.3ms
[2026-02-10T17:28:46.324+0530] GC(1)   Other: 0.2ms
[2026-02-10T17:28:46.324+0530] GC(1) Eden regions: 13->0(19)
[2026-02-10T17:28:46.324+0530] GC(1) Survivor regions: 2->2(2)
[2026-02-10T17:28:46.324+0530] GC(1) Old regions: 3->6
[2026-02-10T17:28:46.324+0530] GC(1) Archive regions: 0->0
[2026-02-10T17:28:46.324+0530] GC(1) Humongous regions: 5->5
[2026-02-10T17:28:46.324+0530] GC(1) Metaspace: 5998K(6144K)->5998K(6144K) NonClass: 5341K(5440K)->5341K(5440K) Class: 657K(704K)->657K(704K)
[2026-02-10T17:28:46.324+0530] GC(1) Pause Young (Normal) (G1 Evacuation Pause) 22M->12M(256M) 9.096ms
[2026-02-10T17:28:46.324+0530] GC(1) User=0.00s Sys=0.00s Real=0.01s
[2026-02-10T17:28:46.797+0530] GC(2) Pause Young (Normal) (G1 Evacuation Pause)
[2026-02-10T17:28:46.797+0530] GC(2) Using 4 workers of 4 for evacuation
[2026-02-10T17:28:46.803+0530] GC(2)   Pre Evacuate Collection Set: 0.1ms
[2026-02-10T17:28:46.803+0530] GC(2)   Merge Heap Roots: 0.1ms
[2026-02-10T17:28:46.803+0530] GC(2)   Evacuate Collection Set: 5.0ms
[2026-02-10T17:28:46.803+0530] GC(2)   Post Evacuate Collection Set: 0.4ms
[2026-02-10T17:28:46.803+0530] GC(2)   Other: 0.2ms
[2026-02-10T17:28:46.803+0530] GC(2) Eden regions: 19->0(97)
[2026-02-10T17:28:46.803+0530] GC(2) Survivor regions: 2->2(3)
[2026-02-10T17:28:46.803+0530] GC(2) Old regions: 6->8
[2026-02-10T17:28:46.803+0530] GC(2) Archive regions: 0->0
[2026-02-10T17:28:46.803+0530] GC(2) Humongous regions: 5->5
[2026-02-10T17:28:46.803+0530] GC(2) Metaspace: 11662K(11904K)->11662K(11904K) NonClass: 10341K(10496K)->10341K(10496K) Class: 1321K(1408K)->1321K(1408K)
[2026-02-10T17:28:46.803+0530] GC(2) Pause Young (Normal) (G1 Evacuation Pause) 31M->14M(256M) 6.003ms
[2026-02-10T17:28:46.803+0530] GC(2) User=0.00s Sys=0.00s Real=0.01s
[2026-02-10T17:28:47.961+0530] GC(3) Pause Young (Concurrent Start) (Metadata GC Threshold)
[2026-02-10T17:28:47.961+0530] GC(3) Using 4 workers of 4 for evacuation
[2026-02-10T17:28:47.970+0530] GC(3)   Pre Evacuate Collection Set: 0.1ms
[2026-02-10T17:28:47.971+0530] GC(3)   Merge Heap Roots: 0.1ms
[2026-02-10T17:28:47.971+0530] GC(3)   Evacuate Collection Set: 8.3ms
[2026-02-10T17:28:47.971+0530] GC(3)   Post Evacuate Collection Set: 0.5ms
[2026-02-10T17:28:47.971+0530] GC(3)   Other: 0.2ms
[2026-02-10T17:28:47.971+0530] GC(3) Eden regions: 62->0(74)
[2026-02-10T17:28:47.971+0530] GC(3) Survivor regions: 2->13(13)
[2026-02-10T17:28:47.971+0530] GC(3) Old regions: 8->8
[2026-02-10T17:28:47.971+0530] GC(3) Archive regions: 0->0
[2026-02-10T17:28:47.971+0530] GC(3) Humongous regions: 5->5
[2026-02-10T17:28:47.971+0530] GC(3) Metaspace: 21205K(21504K)->21205K(21504K) NonClass: 19038K(19200K)->19038K(19200K) Class: 2167K(2304K)->2167K(2304K)
[2026-02-10T17:28:47.971+0530] GC(3) Pause Young (Concurrent Start) (Metadata GC Threshold) 76M->25M(256M) 9.474ms
[2026-02-10T17:28:47.971+0530] GC(3) User=0.05s Sys=0.02s Real=0.01s
[2026-02-10T17:28:47.971+0530] GC(4) Concurrent Mark Cycle
[2026-02-10T17:28:47.971+0530] GC(4) Concurrent Clear Claimed Marks
[2026-02-10T17:28:47.971+0530] GC(4) Concurrent Clear Claimed Marks 0.037ms
[2026-02-10T17:28:47.971+0530] GC(4) Concurrent Scan Root Regions
[2026-02-10T17:28:47.976+0530] GC(4) Concurrent Scan Root Regions 4.695ms
[2026-02-10T17:28:47.976+0530] GC(4) Concurrent Mark
[2026-02-10T17:28:47.976+0530] GC(4) Concurrent Mark From Roots
[2026-02-10T17:28:47.976+0530] GC(4) Using 1 workers of 1 for marking
[2026-02-10T17:28:47.997+0530] GC(4) Concurrent Mark From Roots 22.556ms
[2026-02-10T17:28:47.997+0530] GC(4) Concurrent Preclean
[2026-02-10T17:28:47.997+0530] GC(4) Concurrent Preclean 0.078ms
[2026-02-10T17:28:47.997+0530] GC(4) Pause Remark
[2026-02-10T17:28:48.001+0530] GC(4) Pause Remark 26M->26M(256M) 2.154ms
[2026-02-10T17:28:48.001+0530] GC(4) User=0.02s Sys=0.00s Real=0.00s
[2026-02-10T17:28:48.001+0530] GC(4) Concurrent Mark 25.144ms
[2026-02-10T17:28:48.001+0530] GC(4) Concurrent Rebuild Remembered Sets
[2026-02-10T17:28:48.010+0530] GC(4) Concurrent Rebuild Remembered Sets 9.152ms
[2026-02-10T17:28:48.010+0530] GC(4) Pause Cleanup
[2026-02-10T17:28:48.010+0530] GC(4) Pause Cleanup 26M->26M(256M) 0.126ms
[2026-02-10T17:28:48.010+0530] GC(4) User=0.00s Sys=0.00s Real=0.00s
[2026-02-10T17:28:48.010+0530] GC(4) Concurrent Cleanup for Next Mark
[2026-02-10T17:28:48.012+0530] GC(4) Concurrent Cleanup for Next Mark 1.584ms
[2026-02-10T17:28:48.012+0530] GC(4) Concurrent Mark Cycle 41.245ms
[2026-02-10T17:28:49.821+0530] GC(5) Pause Young (Prepare Mixed) (G1 Evacuation Pause)
[2026-02-10T17:28:49.821+0530] GC(5) Using 4 workers of 4 for evacuation
[2026-02-10T17:28:49.833+0530] GC(5)   Pre Evacuate Collection Set: 0.1ms
[2026-02-10T17:28:49.833+0530] GC(5)   Merge Heap Roots: 0.1ms
[2026-02-10T17:28:49.833+0530] GC(5)   Evacuate Collection Set: 11.2ms
[2026-02-10T17:28:49.833+0530] GC(5)   Post Evacuate Collection Set: 0.8ms
[2026-02-10T17:28:49.833+0530] GC(5)   Other: 0.2ms
[2026-02-10T17:28:49.833+0530] GC(5) Eden regions: 74->0(8)
[2026-02-10T17:28:49.833+0530] GC(5) Survivor regions: 13->4(11)
[2026-02-10T17:28:49.833+0530] GC(5) Old regions: 8->20
[2026-02-10T17:28:49.833+0530] GC(5) Archive regions: 0->0
[2026-02-10T17:28:49.833+0530] GC(5) Humongous regions: 5->5
[2026-02-10T17:28:49.833+0530] GC(5) Metaspace: 27942K(28352K)->27942K(28352K) NonClass: 24942K(25152K)->24942K(25152K) Class: 2999K(3200K)->2999K(3200K)
[2026-02-10T17:28:49.833+0530] GC(5) Pause Young (Prepare Mixed) (G1 Evacuation Pause) 99M->28M(256M) 12.663ms
[2026-02-10T17:28:49.833+0530] GC(5) User=0.03s Sys=0.02s Real=0.01s
[2026-02-10T17:28:50.034+0530] GC(6) Pause Young (Mixed) (G1 Evacuation Pause)
[2026-02-10T17:28:50.034+0530] GC(6) Using 4 workers of 4 for evacuation
[2026-02-10T17:28:50.043+0530] GC(6)   Pre Evacuate Collection Set: 0.1ms
[2026-02-10T17:28:50.043+0530] GC(6)   Merge Heap Roots: 0.1ms
[2026-02-10T17:28:50.043+0530] GC(6)   Evacuate Collection Set: 7.6ms
[2026-02-10T17:28:50.043+0530] GC(6)   Post Evacuate Collection Set: 0.5ms
[2026-02-10T17:28:50.043+0530] GC(6)   Other: 0.2ms
[2026-02-10T17:28:50.043+0530] GC(6) Eden regions: 8->0(151)
[2026-02-10T17:28:50.043+0530] GC(6) Survivor regions: 4->1(2)
[2026-02-10T17:28:50.043+0530] GC(6) Old regions: 20->24
[2026-02-10T17:28:50.043+0530] GC(6) Archive regions: 0->0
[2026-02-10T17:28:50.043+0530] GC(6) Humongous regions: 5->5
[2026-02-10T17:28:50.043+0530] GC(6) Metaspace: 28960K(29504K)->28960K(29504K) NonClass: 25804K(26112K)->25804K(26112K) Class: 3155K(3392K)->3155K(3392K)
[2026-02-10T17:28:50.043+0530] GC(6) Pause Young (Mixed) (G1 Evacuation Pause) 36M->29M(256M) 8.647ms
[2026-02-10T17:28:50.043+0530] GC(6) User=0.00s Sys=0.00s Real=0.01s
[2026-02-10T17:28:50.624+0530] GC(7) Pause Young (Concurrent Start) (Metadata GC Threshold)
[2026-02-10T17:28:50.624+0530] GC(7) Using 4 workers of 4 for evacuation
[2026-02-10T17:28:50.631+0530] GC(7)   Pre Evacuate Collection Set: 0.1ms
[2026-02-10T17:28:50.631+0530] GC(7)   Merge Heap Roots: 0.1ms
[2026-02-10T17:28:50.631+0530] GC(7)   Evacuate Collection Set: 4.1ms
[2026-02-10T17:28:50.631+0530] GC(7)   Post Evacuate Collection Set: 0.4ms
[2026-02-10T17:28:50.631+0530] GC(7)   Other: 0.2ms
[2026-02-10T17:28:50.631+0530] GC(7) Eden regions: 28->0(147)
[2026-02-10T17:28:50.631+0530] GC(7) Survivor regions: 1->2(19)
[2026-02-10T17:28:50.631+0530] GC(7) Old regions: 24->24
[2026-02-10T17:28:50.631+0530] GC(7) Archive regions: 0->0
[2026-02-10T17:28:50.631+0530] GC(7) Humongous regions: 5->5
[2026-02-10T17:28:50.631+0530] GC(7) Metaspace: 35618K(36160K)->35618K(36160K) NonClass: 31669K(31936K)->31669K(31936K) Class: 3949K(4224K)->3949K(4224K)
[2026-02-10T17:28:50.631+0530] GC(7) Pause Young (Concurrent Start) (Metadata GC Threshold) 56M->30M(256M) 5.237ms
[2026-02-10T17:28:50.631+0530] GC(7) User=0.00s Sys=0.00s Real=0.01s
[2026-02-10T17:28:50.631+0530] GC(8) Concurrent Mark Cycle
[2026-02-10T17:28:50.631+0530] GC(8) Concurrent Clear Claimed Marks
[2026-02-10T17:28:50.631+0530] GC(8) Concurrent Clear Claimed Marks 0.049ms
[2026-02-10T17:28:50.631+0530] GC(8) Concurrent Scan Root Regions
[2026-02-10T17:28:50.635+0530] GC(8) Concurrent Scan Root Regions 3.966ms
[2026-02-10T17:28:50.635+0530] GC(8) Concurrent Mark
[2026-02-10T17:28:50.635+0530] GC(8) Concurrent Mark From Roots
[2026-02-10T17:28:50.635+0530] GC(8) Using 1 workers of 1 for marking
[2026-02-10T17:28:50.677+0530] GC(8) Concurrent Mark From Roots 42.128ms
[2026-02-10T17:28:50.677+0530] GC(8) Concurrent Preclean
[2026-02-10T17:28:50.677+0530] GC(8) Concurrent Preclean 0.081ms
[2026-02-10T17:28:50.677+0530] GC(8) Pause Remark
[2026-02-10T17:28:50.691+0530] GC(8) Pause Remark 32M->32M(256M) 13.506ms
[2026-02-10T17:28:50.691+0530] GC(8) User=0.03s Sys=0.02s Real=0.01s
[2026-02-10T17:28:50.691+0530] GC(8) Concurrent Mark 56.760ms
[2026-02-10T17:28:50.691+0530] GC(8) Concurrent Rebuild Remembered Sets
[2026-02-10T17:28:50.710+0530] GC(8) Concurrent Rebuild Remembered Sets 18.471ms
[2026-02-10T17:28:50.710+0530] GC(8) Pause Cleanup
[2026-02-10T17:28:50.710+0530] GC(8) Pause Cleanup 32M->32M(256M) 0.137ms
[2026-02-10T17:28:50.710+0530] GC(8) User=0.00s Sys=0.00s Real=0.00s
[2026-02-10T17:28:50.712+0530] GC(8) Concurrent Cleanup for Next Mark
[2026-02-10T17:28:50.713+0530] GC(8) Concurrent Cleanup for Next Mark 1.647ms
[2026-02-10T17:28:50.713+0530] GC(8) Concurrent Mark Cycle 82.156ms
[2026-02-10T17:28:53.259+0530] GC(9) Pause Young (Normal) (G1 Evacuation Pause)
[2026-02-10T17:28:53.259+0530] GC(9) Using 4 workers of 4 for evacuation
[2026-02-10T17:28:53.289+0530] GC(9)   Pre Evacuate Collection Set: 0.1ms
[2026-02-10T17:28:53.289+0530] GC(9)   Merge Heap Roots: 0.1ms
[2026-02-10T17:28:53.289+0530] GC(9)   Evacuate Collection Set: 28.7ms
[2026-02-10T17:28:53.289+0530] GC(9)   Post Evacuate Collection Set: 0.6ms
[2026-02-10T17:28:53.289+0530] GC(9)   Other: 0.3ms
[2026-02-10T17:28:53.289+0530] GC(9) Eden regions: 147->0(124)
[2026-02-10T17:28:53.289+0530] GC(9) Survivor regions: 2->19(19)
[2026-02-10T17:28:53.289+0530] GC(9) Old regions: 24->26
[2026-02-10T17:28:53.289+0530] GC(9) Archive regions: 0->0
[2026-02-10T17:28:53.289+0530] GC(9) Humongous regions: 5->5
[2026-02-10T17:28:53.289+0530] GC(9) Metaspace: 36799K(37376K)->36799K(37376K) NonClass: 32799K(33088K)->32799K(33088K) Class: 4000K(4288K)->4000K(4288K)
[2026-02-10T17:28:53.289+0530] GC(9) Pause Young (Normal) (G1 Evacuation Pause) 177M->49M(256M) 29.973ms
[2026-02-10T17:28:53.289+0530] GC(9) User=0.06s Sys=0.06s Real=0.03s
[2026-02-10T17:28:54.141+0530] Heap
[2026-02-10T17:28:54.141+0530]  garbage-first heap   total 262144K, used 137672K [0x00000000f0000000, 0x0000000100000000)
[2026-02-10T17:28:54.141+0530]   region size 1024K, 105 young (107520K), 19 survivors (19456K)
[2026-02-10T17:28:54.141+0530]  Metaspace       used 36950K, committed 37504K, reserved 1114112K
[2026-02-10T17:28:54.141+0530]   class space    used 4015K, committed 4288K, reserved 1048576K
