[2026-02-10T21:43:17.427+0530] Using G1
[2026-02-10T21:43:17.433+0530] Version: 17.0.12+8-LTS-286 (release)
[2026-02-10T21:43:17.433+0530] CPUs: 8 total, 4 available
[2026-02-10T21:43:17.433+0530] Memory: 7914M
[2026-02-10T21:43:17.433+0530] Large Page Support: Disabled
[2026-02-10T21:43:17.433+0530] NUMA Support: Disabled
[2026-02-10T21:43:17.433+0530] Compressed Oops: Enabled (32-bit)
[2026-02-10T21:43:17.433+0530] Heap Region Size: 1M
[2026-02-10T21:43:17.433+0530] Heap Min Capacity: 512M
[2026-02-10T21:43:17.433+0530] Heap Initial Capacity: 512M
[2026-02-10T21:43:17.433+0530] Heap Max Capacity: 512M
[2026-02-10T21:43:17.433+0530] Pre-touch: Disabled
[2026-02-10T21:43:17.433+0530] Parallel Workers: 4
[2026-02-10T21:43:17.434+0530] Concurrent Workers: 1
[2026-02-10T21:43:17.434+0530] Concurrent Refinement Workers: 4
[2026-02-10T21:43:17.434+0530] Periodic GC: Disabled
[2026-02-10T21:43:17.448+0530] CDS archive(s) mapped at: [0x000002120f000000-0x000002120fbd0000-0x000002120fbd0000), size 12386304, SharedBaseAddress: 0x000002120f000000, ArchiveRelocationMode: 1.
[2026-02-10T21:43:17.448+0530] Compressed class space mapped at: 0x0000021210000000-0x0000021250000000, reserved size: 1073741824
[2026-02-10T21:43:17.448+0530] Narrow klass base: 0x000002120f000000, Narrow klass shift: 0, Narrow klass range: 0x100000000
[2026-02-10T21:43:18.220+0530] GC(0) Pause Young (Normal) (G1 Evacuation Pause)
[2026-02-10T21:43:18.221+0530] GC(0) Using 4 workers of 4 for evacuation
[2026-02-10T21:43:18.237+0530] GC(0)   Pre Evacuate Collection Set: 0.1ms
[2026-02-10T21:43:18.237+0530] GC(0)   Merge Heap Roots: 0.1ms
[2026-02-10T21:43:18.237+0530] GC(0)   Evacuate Collection Set: 15.5ms
[2026-02-10T21:43:18.237+0530] GC(0)   Post Evacuate Collection Set: 0.6ms
[2026-02-10T21:43:18.237+0530] GC(0)   Other: 0.5ms
[2026-02-10T21:43:18.237+0530] GC(0) Eden regions: 25->0(21)
[2026-02-10T21:43:18.237+0530] GC(0) Survivor regions: 0->4(4)
[2026-02-10T21:43:18.237+0530] GC(0) Old regions: 0->4
[2026-02-10T21:43:18.237+0530] GC(0) Archive regions: 0->0
[2026-02-10T21:43:18.237+0530] GC(0) Humongous regions: 5->5
[2026-02-10T21:43:18.237+0530] GC(0) Metaspace: 5425K(5632K)->5425K(5632K) NonClass: 4855K(4992K)->4855K(4992K) Class: 570K(640K)->570K(640K)
[2026-02-10T21:43:18.237+0530] GC(0) Pause Young (Normal) (G1 Evacuation Pause) 30M->12M(512M) 17.022ms
[2026-02-10T21:43:18.237+0530] GC(0) User=0.03s Sys=0.08s Real=0.02s
[2026-02-10T21:43:18.851+0530] GC(1) Pause Young (Normal) (G1 Evacuation Pause)
[2026-02-10T21:43:18.851+0530] GC(1) Using 4 workers of 4 for evacuation
[2026-02-10T21:43:18.860+0530] GC(1)   Pre Evacuate Collection Set: 0.1ms
[2026-02-10T21:43:18.860+0530] GC(1)   Merge Heap Roots: 0.1ms
[2026-02-10T21:43:18.860+0530] GC(1)   Evacuate Collection Set: 8.6ms
[2026-02-10T21:43:18.860+0530] GC(1)   Post Evacuate Collection Set: 0.4ms
[2026-02-10T21:43:18.860+0530] GC(1)   Other: 0.1ms
[2026-02-10T21:43:18.860+0530] GC(1) Eden regions: 21->0(27)
[2026-02-10T21:43:18.860+0530] GC(1) Survivor regions: 4->2(4)
[2026-02-10T21:43:18.860+0530] GC(1) Old regions: 4->8
[2026-02-10T21:43:18.860+0530] GC(1) Archive regions: 0->0
[2026-02-10T21:43:18.860+0530] GC(1) Humongous regions: 5->5
[2026-02-10T21:43:18.860+0530] GC(1) Metaspace: 11720K(11968K)->11720K(11968K) NonClass: 10389K(10496K)->10389K(10496K) Class: 1331K(1472K)->1331K(1472K)
[2026-02-10T21:43:18.860+0530] GC(1) Pause Young (Normal) (G1 Evacuation Pause) 33M->14M(512M) 9.472ms
[2026-02-10T21:43:18.861+0530] GC(1) User=0.00s Sys=0.00s Real=0.01s
[2026-02-10T21:43:19.536+0530] GC(2) Pause Young (Normal) (G1 Evacuation Pause)
[2026-02-10T21:43:19.536+0530] GC(2) Using 4 workers of 4 for evacuation
[2026-02-10T21:43:19.552+0530] GC(2)   Pre Evacuate Collection Set: 0.1ms
[2026-02-10T21:43:19.552+0530] GC(2)   Merge Heap Roots: 0.1ms
[2026-02-10T21:43:19.552+0530] GC(2)   Evacuate Collection Set: 15.9ms
[2026-02-10T21:43:19.552+0530] GC(2)   Post Evacuate Collection Set: 0.5ms
[2026-02-10T21:43:19.553+0530] GC(2)   Other: 0.2ms
[2026-02-10T21:43:19.553+0530] GC(2) Eden regions: 27->0(68)
[2026-02-10T21:43:19.553+0530] GC(2) Survivor regions: 2->4(4)
[2026-02-10T21:43:19.553+0530] GC(2) Old regions: 8->15
[2026-02-10T21:43:19.553+0530] GC(2) Archive regions: 0->0
[2026-02-10T21:43:19.553+0530] GC(2) Humongous regions: 5->5
[2026-02-10T21:43:19.553+0530] GC(2) Metaspace: 14896K(15168K)->14896K(15168K) NonClass: 13222K(13376K)->13222K(13376K) Class: 1674K(1792K)->1674K(1792K)
[2026-02-10T21:43:19.553+0530] GC(2) Pause Young (Normal) (G1 Evacuation Pause) 41M->23M(512M) 17.032ms
[2026-02-10T21:43:19.553+0530] GC(2) User=0.05s Sys=0.02s Real=0.02s
[2026-02-10T21:43:20.591+0530] GC(3) Pause Young (Concurrent Start) (Metadata GC Threshold)
[2026-02-10T21:43:20.591+0530] GC(3) Using 4 workers of 4 for evacuation
[2026-02-10T21:43:20.601+0530] GC(3)   Pre Evacuate Collection Set: 0.2ms
[2026-02-10T21:43:20.601+0530] GC(3)   Merge Heap Roots: 0.1ms
[2026-02-10T21:43:20.601+0530] GC(3)   Evacuate Collection Set: 8.8ms
[2026-02-10T21:43:20.601+0530] GC(3)   Post Evacuate Collection Set: 0.5ms
[2026-02-10T21:43:20.601+0530] GC(3)   Other: 0.3ms
[2026-02-10T21:43:20.601+0530] GC(3) Eden regions: 36->0(163)
[2026-02-10T21:43:20.601+0530] GC(3) Survivor regions: 4->7(9)
[2026-02-10T21:43:20.601+0530] GC(3) Old regions: 15->15
[2026-02-10T21:43:20.601+0530] GC(3) Archive regions: 0->0
[2026-02-10T21:43:20.601+0530] GC(3) Humongous regions: 5->5
[2026-02-10T21:43:20.601+0530] GC(3) Metaspace: 21211K(21504K)->21211K(21504K) NonClass: 19050K(19200K)->19050K(19200K) Class: 2161K(2304K)->2161K(2304K)
[2026-02-10T21:43:20.601+0530] GC(3) Pause Young (Concurrent Start) (Metadata GC Threshold) 58M->25M(512M) 10.110ms
[2026-02-10T21:43:20.601+0530] GC(3) User=0.05s Sys=0.02s Real=0.01s
[2026-02-10T21:43:20.601+0530] GC(4) Concurrent Mark Cycle
[2026-02-10T21:43:20.601+0530] GC(4) Concurrent Clear Claimed Marks
[2026-02-10T21:43:20.601+0530] GC(4) Concurrent Clear Claimed Marks 0.043ms
[2026-02-10T21:43:20.601+0530] GC(4) Concurrent Scan Root Regions
[2026-02-10T21:43:20.605+0530] GC(4) Concurrent Scan Root Regions 3.915ms
[2026-02-10T21:43:20.605+0530] GC(4) Concurrent Mark
[2026-02-10T21:43:20.605+0530] GC(4) Concurrent Mark From Roots
[2026-02-10T21:43:20.605+0530] GC(4) Using 1 workers of 1 for marking
[2026-02-10T21:43:20.635+0530] GC(4) Concurrent Mark From Roots 29.174ms
[2026-02-10T21:43:20.635+0530] GC(4) Concurrent Preclean
[2026-02-10T21:43:20.635+0530] GC(4) Concurrent Preclean 0.090ms
[2026-02-10T21:43:20.635+0530] GC(4) Pause Remark
[2026-02-10T21:43:20.639+0530] GC(4) Pause Remark 26M->26M(512M) 4.611ms
[2026-02-10T21:43:20.639+0530] GC(4) User=0.00s Sys=0.00s Real=0.00s
[2026-02-10T21:43:20.639+0530] GC(4) Concurrent Mark 34.300ms
[2026-02-10T21:43:20.639+0530] GC(4) Concurrent Rebuild Remembered Sets
[2026-02-10T21:43:20.655+0530] GC(4) Concurrent Rebuild Remembered Sets 16.665ms
[2026-02-10T21:43:20.657+0530] GC(4) Pause Cleanup
[2026-02-10T21:43:20.657+0530] GC(4) Pause Cleanup 26M->26M(512M) 0.160ms
[2026-02-10T21:43:20.657+0530] GC(4) User=0.00s Sys=0.00s Real=0.00s
[2026-02-10T21:43:20.657+0530] GC(4) Concurrent Cleanup for Next Mark
[2026-02-10T21:43:20.661+0530] GC(4) Concurrent Cleanup for Next Mark 3.538ms
[2026-02-10T21:43:20.661+0530] GC(4) Concurrent Mark Cycle 59.237ms
[2026-02-10T21:43:23.138+0530] GC(5) Pause Young (Prepare Mixed) (Metadata GC Threshold)
[2026-02-10T21:43:23.138+0530] GC(5) Using 4 workers of 4 for evacuation
[2026-02-10T21:43:23.149+0530] GC(5)   Pre Evacuate Collection Set: 0.1ms
[2026-02-10T21:43:23.149+0530] GC(5)   Merge Heap Roots: 0.1ms
[2026-02-10T21:43:23.149+0530] GC(5)   Evacuate Collection Set: 10.4ms
[2026-02-10T21:43:23.149+0530] GC(5)   Post Evacuate Collection Set: 0.7ms
[2026-02-10T21:43:23.149+0530] GC(5)   Other: 0.2ms
[2026-02-10T21:43:23.149+0530] GC(5) Eden regions: 109->0(14)
[2026-02-10T21:43:23.149+0530] GC(5) Survivor regions: 7->11(24)
[2026-02-10T21:43:23.149+0530] GC(5) Old regions: 15->15
[2026-02-10T21:43:23.149+0530] GC(5) Archive regions: 0->0
[2026-02-10T21:43:23.149+0530] GC(5) Humongous regions: 5->5
[2026-02-10T21:43:23.149+0530] GC(5) Metaspace: 35434K(35968K)->35434K(35968K) NonClass: 31494K(31744K)->31494K(31744K) Class: 3939K(4224K)->3939K(4224K)
[2026-02-10T21:43:23.149+0530] GC(5) Pause Young (Prepare Mixed) (Metadata GC Threshold) 134M->30M(512M) 11.930ms
[2026-02-10T21:43:23.149+0530] GC(5) User=0.05s Sys=0.02s Real=0.01s
[2026-02-10T21:43:23.269+0530] GC(6) Pause Young (Mixed) (Metadata GC Threshold)
[2026-02-10T21:43:23.269+0530] GC(6) Using 4 workers of 4 for evacuation
[2026-02-10T21:43:23.285+0530] GC(6)   Pre Evacuate Collection Set: 0.1ms
[2026-02-10T21:43:23.285+0530] GC(6)   Merge Heap Roots: 0.1ms
[2026-02-10T21:43:23.285+0530] GC(6)   Evacuate Collection Set: 15.6ms
[2026-02-10T21:43:23.285+0530] GC(6)   Post Evacuate Collection Set: 0.6ms
[2026-02-10T21:43:23.285+0530] GC(6)   Other: 0.1ms
[2026-02-10T21:43:23.285+0530] GC(6) Eden regions: 3->0(305)
[2026-02-10T21:43:23.285+0530] GC(6) Survivor regions: 11->2(4)
[2026-02-10T21:43:23.285+0530] GC(6) Old regions: 15->25
[2026-02-10T21:43:23.285+0530] GC(6) Archive regions: 0->0
[2026-02-10T21:43:23.285+0530] GC(6) Humongous regions: 5->5
[2026-02-10T21:43:23.285+0530] GC(6) Metaspace: 35781K(36288K)->35781K(36288K) NonClass: 31827K(32064K)->31827K(32064K) Class: 3954K(4224K)->3954K(4224K)
[2026-02-10T21:43:23.285+0530] GC(6) Pause Young (Mixed) (Metadata GC Threshold) 32M->30M(512M) 16.663ms
[2026-02-10T21:43:23.285+0530] GC(6) User=0.03s Sys=0.00s Real=0.02s
[2026-02-10T21:43:23.440+0530] GC(7) Pause Young (Concurrent Start) (Metadata GC Threshold)
[2026-02-10T21:43:23.440+0530] GC(7) Using 4 workers of 4 for evacuation
[2026-02-10T21:43:23.442+0530] GC(7)   Pre Evacuate Collection Set: 0.1ms
[2026-02-10T21:43:23.442+0530] GC(7)   Merge Heap Roots: 0.1ms
[2026-02-10T21:43:23.443+0530] GC(7)   Evacuate Collection Set: 1.6ms
[2026-02-10T21:43:23.443+0530] GC(7)   Post Evacuate Collection Set: 0.4ms
[2026-02-10T21:43:23.443+0530] GC(7)   Other: 0.1ms
[2026-02-10T21:43:23.443+0530] GC(7) Eden regions: 6->0(306)
[2026-02-10T21:43:23.443+0530] GC(7) Survivor regions: 2->1(39)
[2026-02-10T21:43:23.443+0530] GC(7) Old regions: 25->25
[2026-02-10T21:43:23.443+0530] GC(7) Archive regions: 0->0
[2026-02-10T21:43:23.443+0530] GC(7) Humongous regions: 5->5
[2026-02-10T21:43:23.443+0530] GC(7) Metaspace: 36092K(36608K)->36092K(36608K) NonClass: 32118K(32384K)->32118K(32384K) Class: 3974K(4224K)->3974K(4224K)
[2026-02-10T21:43:23.443+0530] GC(7) Pause Young (Concurrent Start) (Metadata GC Threshold) 36M->30M(512M) 2.479ms
[2026-02-10T21:43:23.443+0530] GC(7) User=0.00s Sys=0.00s Real=0.00s
[2026-02-10T21:43:23.443+0530] GC(8) Concurrent Mark Cycle
[2026-02-10T21:43:23.443+0530] GC(8) Concurrent Clear Claimed Marks
[2026-02-10T21:43:23.443+0530] GC(8) Concurrent Clear Claimed Marks 0.026ms
[2026-02-10T21:43:23.443+0530] GC(8) Concurrent Scan Root Regions
[2026-02-10T21:43:23.444+0530] GC(8) Concurrent Scan Root Regions 1.262ms
[2026-02-10T21:43:23.444+0530] GC(8) Concurrent Mark
[2026-02-10T21:43:23.444+0530] GC(8) Concurrent Mark From Roots
[2026-02-10T21:43:23.444+0530] GC(8) Using 1 workers of 1 for marking
[2026-02-10T21:43:23.495+0530] GC(8) Concurrent Mark From Roots 51.271ms
[2026-02-10T21:43:23.496+0530] GC(8) Concurrent Preclean
[2026-02-10T21:43:23.496+0530] GC(8) Concurrent Preclean 0.104ms
[2026-02-10T21:43:23.496+0530] GC(8) Pause Remark
[2026-02-10T21:43:23.510+0530] GC(8) Pause Remark 31M->31M(512M) 14.272ms
[2026-02-10T21:43:23.510+0530] GC(8) User=0.03s Sys=0.00s Real=0.01s
[2026-02-10T21:43:23.512+0530] GC(8) Concurrent Mark 67.198ms
[2026-02-10T21:43:23.512+0530] GC(8) Concurrent Rebuild Remembered Sets
[2026-02-10T21:43:23.535+0530] GC(8) Concurrent Rebuild Remembered Sets 23.726ms
[2026-02-10T21:43:23.535+0530] GC(8) Pause Cleanup
[2026-02-10T21:43:23.535+0530] GC(8) Pause Cleanup 32M->32M(512M) 0.132ms
[2026-02-10T21:43:23.536+0530] GC(8) User=0.00s Sys=0.00s Real=0.00s
[2026-02-10T21:43:23.539+0530] GC(8) Concurrent Cleanup for Next Mark
[2026-02-10T21:43:23.542+0530] GC(8) Concurrent Cleanup for Next Mark 3.111ms
[2026-02-10T21:43:23.542+0530] GC(8) Concurrent Mark Cycle 100.041ms
[2026-02-10T21:43:27.716+0530] Heap
[2026-02-10T21:43:27.717+0530]  garbage-first heap   total 524288K, used 263567K [0x00000000e0000000, 0x0000000100000000)
[2026-02-10T21:43:27.717+0530]   region size 1024K, 229 young (234496K), 1 survivors (1024K)
[2026-02-10T21:43:27.717+0530]  Metaspace       used 36872K, committed 37440K, reserved 1114112K
[2026-02-10T21:43:27.717+0530]   class space    used 4011K, committed 4288K, reserved 1048576K
