[2026-02-10T17:26:50.422+0530] Using G1
[2026-02-10T17:26:50.424+0530] Version: 17.0.12+8-LTS-286 (release)
[2026-02-10T17:26:50.425+0530] CPUs: 8 total, 4 available
[2026-02-10T17:26:50.425+0530] Memory: 7914M
[2026-02-10T17:26:50.425+0530] Large Page Support: Disabled
[2026-02-10T17:26:50.425+0530] NUMA Support: Disabled
[2026-02-10T17:26:50.425+0530] Compressed Oops: Enabled (32-bit)
[2026-02-10T17:26:50.425+0530] Heap Region Size: 1M
[2026-02-10T17:26:50.425+0530] Heap Min Capacity: 128M
[2026-02-10T17:26:50.425+0530] Heap Initial Capacity: 128M
[2026-02-10T17:26:50.425+0530] Heap Max Capacity: 128M
[2026-02-10T17:26:50.425+0530] Pre-touch: Disabled
[2026-02-10T17:26:50.425+0530] Parallel Workers: 4
[2026-02-10T17:26:50.425+0530] Concurrent Workers: 1
[2026-02-10T17:26:50.425+0530] Concurrent Refinement Workers: 4
[2026-02-10T17:26:50.425+0530] Periodic GC: Disabled
[2026-02-10T17:26:50.441+0530] CDS archive(s) mapped at: [0x0000020c9a000000-0x0000020c9abd0000-0x0000020c9abd0000), size 12386304, SharedBaseAddress: 0x0000020c9a000000, ArchiveRelocationMode: 1.
[2026-02-10T17:26:50.441+0530] Compressed class space mapped at: 0x0000020c9b000000-0x0000020cdb000000, reserved size: 1073741824
[2026-02-10T17:26:50.441+0530] Narrow klass base: 0x0000020c9a000000, Narrow klass shift: 0, Narrow klass range: 0x100000000
[2026-02-10T17:26:51.040+0530] GC(0) Pause Young (Normal) (G1 Evacuation Pause)
[2026-02-10T17:26:51.040+0530] GC(0) Using 3 workers of 4 for evacuation
[2026-02-10T17:26:51.047+0530] GC(0)   Pre Evacuate Collection Set: 0.1ms
[2026-02-10T17:26:51.047+0530] GC(0)   Merge Heap Roots: 0.1ms
[2026-02-10T17:26:51.047+0530] GC(0)   Evacuate Collection Set: 6.0ms
[2026-02-10T17:26:51.047+0530] GC(0)   Post Evacuate Collection Set: 0.5ms
[2026-02-10T17:26:51.047+0530] GC(0)   Other: 0.4ms
[2026-02-10T17:26:51.047+0530] GC(0) Eden regions: 13->0(13)
[2026-02-10T17:26:51.047+0530] GC(0) Survivor regions: 0->2(2)
[2026-02-10T17:26:51.047+0530] GC(0) Old regions: 0->3
[2026-02-10T17:26:51.047+0530] GC(0) Archive regions: 0->0
[2026-02-10T17:26:51.047+0530] GC(0) Humongous regions: 5->5
[2026-02-10T17:26:51.047+0530] GC(0) Metaspace: 4447K(4672K)->4447K(4672K) NonClass: 3967K(4096K)->3967K(4096K) Class: 480K(576K)->480K(576K)
[2026-02-10T17:26:51.047+0530] GC(0) Pause Young (Normal) (G1 Evacuation Pause) 18M->9M(128M) 7.212ms
[2026-02-10T17:26:51.047+0530] GC(0) User=0.03s Sys=0.02s Real=0.01s
[2026-02-10T17:26:51.233+0530] GC(1) Pause Young (Normal) (G1 Evacuation Pause)
[2026-02-10T17:26:51.233+0530] GC(1) Using 3 workers of 4 for evacuation
[2026-02-10T17:26:51.241+0530] GC(1)   Pre Evacuate Collection Set: 0.1ms
[2026-02-10T17:26:51.241+0530] GC(1)   Merge Heap Roots: 0.1ms
[2026-02-10T17:26:51.241+0530] GC(1)   Evacuate Collection Set: 7.2ms
[2026-02-10T17:26:51.241+0530] GC(1)   Post Evacuate Collection Set: 0.3ms
[2026-02-10T17:26:51.241+0530] GC(1)   Other: 0.2ms
[2026-02-10T17:26:51.241+0530] GC(1) Eden regions: 13->0(18)
[2026-02-10T17:26:51.241+0530] GC(1) Survivor regions: 2->2(2)
[2026-02-10T17:26:51.241+0530] GC(1) Old regions: 3->6
[2026-02-10T17:26:51.241+0530] GC(1) Archive regions: 0->0
[2026-02-10T17:26:51.241+0530] GC(1) Humongous regions: 5->5
[2026-02-10T17:26:51.241+0530] GC(1) Metaspace: 5996K(6144K)->5996K(6144K) NonClass: 5339K(5440K)->5339K(5440K) Class: 657K(704K)->657K(704K)
[2026-02-10T17:26:51.241+0530] GC(1) Pause Young (Normal) (G1 Evacuation Pause) 22M->12M(128M) 8.085ms
[2026-02-10T17:26:51.241+0530] GC(1) User=0.03s Sys=0.00s Real=0.01s
[2026-02-10T17:26:51.691+0530] GC(2) Pause Young (Normal) (G1 Evacuation Pause)
[2026-02-10T17:26:51.691+0530] GC(2) Using 3 workers of 4 for evacuation
[2026-02-10T17:26:51.696+0530] GC(2)   Pre Evacuate Collection Set: 0.0ms
[2026-02-10T17:26:51.696+0530] GC(2)   Merge Heap Roots: 0.0ms
[2026-02-10T17:26:51.696+0530] GC(2)   Evacuate Collection Set: 4.4ms
[2026-02-10T17:26:51.696+0530] GC(2)   Post Evacuate Collection Set: 0.3ms
[2026-02-10T17:26:51.696+0530] GC(2)   Other: 0.1ms
[2026-02-10T17:26:51.696+0530] GC(2) Eden regions: 18->0(70)
[2026-02-10T17:26:51.696+0530] GC(2) Survivor regions: 2->2(3)
[2026-02-10T17:26:51.696+0530] GC(2) Old regions: 6->8
[2026-02-10T17:26:51.696+0530] GC(2) Archive regions: 0->0
[2026-02-10T17:26:51.696+0530] GC(2) Humongous regions: 5->5
[2026-02-10T17:26:51.696+0530] GC(2) Metaspace: 11346K(11584K)->11346K(11584K) NonClass: 10064K(10176K)->10064K(10176K) Class: 1281K(1408K)->1281K(1408K)
[2026-02-10T17:26:51.696+0530] GC(2) Pause Young (Normal) (G1 Evacuation Pause) 30M->14M(128M) 5.133ms
[2026-02-10T17:26:51.696+0530] GC(2) User=0.00s Sys=0.00s Real=0.01s
[2026-02-10T17:26:53.129+0530] GC(3) Pause Young (Concurrent Start) (Metadata GC Threshold)
[2026-02-10T17:26:53.130+0530] GC(3) Using 3 workers of 4 for evacuation
[2026-02-10T17:26:53.139+0530] GC(3)   Pre Evacuate Collection Set: 0.1ms
[2026-02-10T17:26:53.140+0530] GC(3)   Merge Heap Roots: 0.1ms
[2026-02-10T17:26:53.140+0530] GC(3)   Evacuate Collection Set: 9.0ms
[2026-02-10T17:26:53.140+0530] GC(3)   Post Evacuate Collection Set: 0.4ms
[2026-02-10T17:26:53.140+0530] GC(3)   Other: 0.3ms
[2026-02-10T17:26:53.140+0530] GC(3) Eden regions: 64->0(55)
[2026-02-10T17:26:53.140+0530] GC(3) Survivor regions: 2->9(9)
[2026-02-10T17:26:53.140+0530] GC(3) Old regions: 8->13
[2026-02-10T17:26:53.140+0530] GC(3) Archive regions: 0->0
[2026-02-10T17:26:53.140+0530] GC(3) Humongous regions: 5->5
[2026-02-10T17:26:53.140+0530] GC(3) Metaspace: 21203K(21504K)->21203K(21504K) NonClass: 19044K(19200K)->19044K(19200K) Class: 2158K(2304K)->2158K(2304K)
[2026-02-10T17:26:53.140+0530] GC(3) Pause Young (Concurrent Start) (Metadata GC Threshold) 78M->26M(128M) 10.040ms
[2026-02-10T17:26:53.140+0530] GC(3) User=0.02s Sys=0.00s Real=0.01s
[2026-02-10T17:26:53.140+0530] GC(4) Concurrent Mark Cycle
[2026-02-10T17:26:53.140+0530] GC(4) Concurrent Clear Claimed Marks
[2026-02-10T17:26:53.140+0530] GC(4) Concurrent Clear Claimed Marks 0.033ms
[2026-02-10T17:26:53.140+0530] GC(4) Concurrent Scan Root Regions
[2026-02-10T17:26:53.144+0530] GC(4) Concurrent Scan Root Regions 4.280ms
[2026-02-10T17:26:53.144+0530] GC(4) Concurrent Mark
[2026-02-10T17:26:53.144+0530] GC(4) Concurrent Mark From Roots
[2026-02-10T17:26:53.144+0530] GC(4) Using 1 workers of 1 for marking
[2026-02-10T17:26:53.166+0530] GC(4) Concurrent Mark From Roots 22.361ms
[2026-02-10T17:26:53.166+0530] GC(4) Concurrent Preclean
[2026-02-10T17:26:53.166+0530] GC(4) Concurrent Preclean 0.069ms
[2026-02-10T17:26:53.167+0530] GC(4) Pause Remark
[2026-02-10T17:26:53.171+0530] GC(4) Pause Remark 26M->26M(128M) 3.861ms
[2026-02-10T17:26:53.171+0530] GC(4) User=0.05s Sys=0.00s Real=0.00s
[2026-02-10T17:26:53.171+0530] GC(4) Concurrent Mark 27.457ms
[2026-02-10T17:26:53.171+0530] GC(4) Concurrent Rebuild Remembered Sets
[2026-02-10T17:26:53.193+0530] GC(4) Concurrent Rebuild Remembered Sets 21.201ms
[2026-02-10T17:26:53.193+0530] GC(4) Pause Cleanup
[2026-02-10T17:26:53.193+0530] GC(4) Pause Cleanup 26M->26M(128M) 0.142ms
[2026-02-10T17:26:53.193+0530] GC(4) User=0.00s Sys=0.00s Real=0.00s
[2026-02-10T17:26:53.193+0530] GC(4) Concurrent Cleanup for Next Mark
[2026-02-10T17:26:53.194+0530] GC(4) Concurrent Cleanup for Next Mark 1.130ms
[2026-02-10T17:26:53.194+0530] GC(4) Concurrent Mark Cycle 54.670ms
[2026-02-10T17:26:54.385+0530] GC(5) Pause Young (Normal) (G1 Evacuation Pause)
[2026-02-10T17:26:54.385+0530] GC(5) Using 3 workers of 4 for evacuation
[2026-02-10T17:26:54.395+0530] GC(5)   Pre Evacuate Collection Set: 0.1ms
[2026-02-10T17:26:54.395+0530] GC(5)   Merge Heap Roots: 0.1ms
[2026-02-10T17:26:54.395+0530] GC(5)   Evacuate Collection Set: 9.6ms
[2026-02-10T17:26:54.395+0530] GC(5)   Post Evacuate Collection Set: 0.4ms
[2026-02-10T17:26:54.395+0530] GC(5)   Other: 0.2ms
[2026-02-10T17:26:54.395+0530] GC(5) Eden regions: 55->0(55)
[2026-02-10T17:26:54.395+0530] GC(5) Survivor regions: 9->4(8)
[2026-02-10T17:26:54.395+0530] GC(5) Old regions: 13->21
[2026-02-10T17:26:54.395+0530] GC(5) Archive regions: 0->0
[2026-02-10T17:26:54.395+0530] GC(5) Humongous regions: 5->5
[2026-02-10T17:26:54.395+0530] GC(5) Metaspace: 27418K(27840K)->27418K(27840K) NonClass: 24467K(24704K)->24467K(24704K) Class: 2951K(3136K)->2951K(3136K)
[2026-02-10T17:26:54.395+0530] GC(5) Pause Young (Normal) (G1 Evacuation Pause) 81M->28M(128M) 10.530ms
[2026-02-10T17:26:54.395+0530] GC(5) User=0.03s Sys=0.02s Real=0.01s
[2026-02-10T17:26:55.357+0530] GC(6) Pause Young (Concurrent Start) (Metadata GC Threshold)
[2026-02-10T17:26:55.357+0530] GC(6) Using 3 workers of 4 for evacuation
[2026-02-10T17:26:55.367+0530] GC(6)   Pre Evacuate Collection Set: 0.1ms
[2026-02-10T17:26:55.367+0530] GC(6)   Merge Heap Roots: 0.1ms
[2026-02-10T17:26:55.367+0530] GC(6)   Evacuate Collection Set: 8.7ms
[2026-02-10T17:26:55.367+0530] GC(6)   Post Evacuate Collection Set: 0.4ms
[2026-02-10T17:26:55.367+0530] GC(6)   Other: 0.2ms
[2026-02-10T17:26:55.367+0530] GC(6) Eden regions: 53->0(58)
[2026-02-10T17:26:55.367+0530] GC(6) Survivor regions: 4->6(8)
[2026-02-10T17:26:55.367+0530] GC(6) Old regions: 21->21
[2026-02-10T17:26:55.367+0530] GC(6) Archive regions: 0->0
[2026-02-10T17:26:55.367+0530] GC(6) Humongous regions: 5->5
[2026-02-10T17:26:55.367+0530] GC(6) Metaspace: 35424K(35968K)->35424K(35968K) NonClass: 31491K(31744K)->31491K(31744K) Class: 3933K(4224K)->3933K(4224K)
[2026-02-10T17:26:55.367+0530] GC(6) Pause Young (Concurrent Start) (Metadata GC Threshold) 81M->31M(128M) 9.679ms
[2026-02-10T17:26:55.367+0530] GC(6) User=0.06s Sys=0.00s Real=0.01s
[2026-02-10T17:26:55.367+0530] GC(7) Concurrent Mark Cycle
[2026-02-10T17:26:55.367+0530] GC(7) Concurrent Clear Claimed Marks
[2026-02-10T17:26:55.367+0530] GC(7) Concurrent Clear Claimed Marks 0.041ms
[2026-02-10T17:26:55.367+0530] GC(7) Concurrent Scan Root Regions
[2026-02-10T17:26:55.375+0530] GC(7) Concurrent Scan Root Regions 7.408ms
[2026-02-10T17:26:55.375+0530] GC(7) Concurrent Mark
[2026-02-10T17:26:55.375+0530] GC(7) Concurrent Mark From Roots
[2026-02-10T17:26:55.375+0530] GC(7) Using 1 workers of 1 for marking
[2026-02-10T17:26:55.408+0530] GC(7) Concurrent Mark From Roots 32.630ms
[2026-02-10T17:26:55.408+0530] GC(7) Concurrent Preclean
[2026-02-10T17:26:55.408+0530] GC(7) Concurrent Preclean 0.065ms
[2026-02-10T17:26:55.408+0530] GC(7) Pause Remark
[2026-02-10T17:26:55.416+0530] GC(7) Pause Remark 32M->32M(128M) 8.696ms
[2026-02-10T17:26:55.416+0530] GC(7) User=0.00s Sys=0.00s Real=0.01s
[2026-02-10T17:26:55.420+0530] GC(7) Concurrent Mark 44.154ms
[2026-02-10T17:26:55.420+0530] GC(7) Concurrent Rebuild Remembered Sets
[2026-02-10T17:26:55.435+0530] GC(7) Concurrent Rebuild Remembered Sets 15.530ms
[2026-02-10T17:26:55.435+0530] GC(7) Pause Cleanup
[2026-02-10T17:26:55.435+0530] GC(7) Pause Cleanup 32M->32M(128M) 0.154ms
[2026-02-10T17:26:55.435+0530] GC(7) User=0.00s Sys=0.00s Real=0.00s
[2026-02-10T17:26:55.435+0530] GC(7) Concurrent Cleanup for Next Mark
[2026-02-10T17:26:55.436+0530] GC(7) Concurrent Cleanup for Next Mark 1.273ms
[2026-02-10T17:26:55.437+0530] GC(7) Concurrent Mark Cycle 69.025ms
[2026-02-10T17:26:56.741+0530] GC(8) Pause Young (Normal) (G1 Evacuation Pause)
[2026-02-10T17:26:56.741+0530] GC(8) Using 3 workers of 4 for evacuation
[2026-02-10T17:26:56.761+0530] GC(8)   Pre Evacuate Collection Set: 0.1ms
[2026-02-10T17:26:56.761+0530] GC(8)   Merge Heap Roots: 0.1ms
[2026-02-10T17:26:56.761+0530] GC(8)   Evacuate Collection Set: 19.7ms
[2026-02-10T17:26:56.761+0530] GC(8)   Post Evacuate Collection Set: 0.5ms
[2026-02-10T17:26:56.761+0530] GC(8)   Other: 0.2ms
[2026-02-10T17:26:56.761+0530] GC(8) Eden regions: 58->0(55)
[2026-02-10T17:26:56.761+0530] GC(8) Survivor regions: 6->8(8)
[2026-02-10T17:26:56.761+0530] GC(8) Old regions: 21->25
[2026-02-10T17:26:56.761+0530] GC(8) Archive regions: 0->0
[2026-02-10T17:26:56.761+0530] GC(8) Humongous regions: 5->5
[2026-02-10T17:26:56.761+0530] GC(8) Metaspace: 36617K(37120K)->36617K(37120K) NonClass: 32626K(32896K)->32626K(32896K) Class: 3990K(4224K)->3990K(4224K)
[2026-02-10T17:26:56.761+0530] GC(8) Pause Young (Normal) (G1 Evacuation Pause) 89M->37M(128M) 20.797ms
[2026-02-10T17:26:56.761+0530] GC(8) User=0.05s Sys=0.02s Real=0.02s
[2026-02-10T17:26:57.414+0530] GC(9) Pause Young (Normal) (G1 Evacuation Pause)
[2026-02-10T17:26:57.415+0530] GC(9) Using 3 workers of 4 for evacuation
[2026-02-10T17:26:57.441+0530] GC(9)   Pre Evacuate Collection Set: 0.1ms
[2026-02-10T17:26:57.441+0530] GC(9)   Merge Heap Roots: 0.1ms
[2026-02-10T17:26:57.441+0530] GC(9)   Evacuate Collection Set: 26.5ms
[2026-02-10T17:26:57.441+0530] GC(9)   Post Evacuate Collection Set: 0.4ms
[2026-02-10T17:26:57.441+0530] GC(9)   Other: 0.2ms
[2026-02-10T17:26:57.441+0530] GC(9) Eden regions: 55->0(51)
[2026-02-10T17:26:57.441+0530] GC(9) Survivor regions: 8->8(8)
[2026-02-10T17:26:57.441+0530] GC(9) Old regions: 25->33
[2026-02-10T17:26:57.441+0530] GC(9) Archive regions: 0->0
[2026-02-10T17:26:57.441+0530] GC(9) Humongous regions: 5->5
[2026-02-10T17:26:57.441+0530] GC(9) Metaspace: 36689K(37312K)->36689K(37312K) NonClass: 32692K(33024K)->32692K(33024K) Class: 3997K(4288K)->3997K(4288K)
[2026-02-10T17:26:57.441+0530] GC(9) Pause Young (Normal) (G1 Evacuation Pause) 92M->45M(128M) 27.451ms
[2026-02-10T17:26:57.441+0530] GC(9) User=0.08s Sys=0.02s Real=0.03s
[2026-02-10T17:26:58.066+0530] GC(10) Pause Young (Normal) (G1 Evacuation Pause)
[2026-02-10T17:26:58.066+0530] GC(10) Using 3 workers of 4 for evacuation
[2026-02-10T17:26:58.094+0530] GC(10)   Pre Evacuate Collection Set: 0.1ms
[2026-02-10T17:26:58.094+0530] GC(10)   Merge Heap Roots: 0.1ms
[2026-02-10T17:26:58.094+0530] GC(10)   Evacuate Collection Set: 26.4ms
[2026-02-10T17:26:58.094+0530] GC(10)   Post Evacuate Collection Set: 0.4ms
[2026-02-10T17:26:58.094+0530] GC(10)   Other: 0.2ms
[2026-02-10T17:26:58.094+0530] GC(10) Eden regions: 51->0(44)
[2026-02-10T17:26:58.094+0530] GC(10) Survivor regions: 8->8(8)
[2026-02-10T17:26:58.094+0530] GC(10) Old regions: 33->42
[2026-02-10T17:26:58.094+0530] GC(10) Archive regions: 0->0
[2026-02-10T17:26:58.094+0530] GC(10) Humongous regions: 5->5
[2026-02-10T17:26:58.094+0530] GC(10) Metaspace: 36730K(37312K)->36730K(37312K) NonClass: 32732K(33024K)->32732K(33024K) Class: 3998K(4288K)->3998K(4288K)
[2026-02-10T17:26:58.094+0530] GC(10) Pause Young (Normal) (G1 Evacuation Pause) 96M->54M(128M) 27.454ms
[2026-02-10T17:26:58.094+0530] GC(10) User=0.11s Sys=0.02s Real=0.03s
[2026-02-10T17:26:58.501+0530] GC(11) Pause Young (Normal) (G1 Evacuation Pause)
[2026-02-10T17:26:58.501+0530] GC(11) Using 3 workers of 4 for evacuation
[2026-02-10T17:26:58.530+0530] GC(11)   Pre Evacuate Collection Set: 0.1ms
[2026-02-10T17:26:58.530+0530] GC(11)   Merge Heap Roots: 0.2ms
[2026-02-10T17:26:58.530+0530] GC(11)   Evacuate Collection Set: 27.7ms
[2026-02-10T17:26:58.530+0530] GC(11)   Post Evacuate Collection Set: 0.4ms
[2026-02-10T17:26:58.530+0530] GC(11)   Other: 0.2ms
[2026-02-10T17:26:58.530+0530] GC(11) Eden regions: 44->0(35)
[2026-02-10T17:26:58.530+0530] GC(11) Survivor regions: 8->7(7)
[2026-02-10T17:26:58.530+0530] GC(11) Old regions: 42->52
[2026-02-10T17:26:58.530+0530] GC(11) Archive regions: 0->0
[2026-02-10T17:26:58.530+0530] GC(11) Humongous regions: 5->5
[2026-02-10T17:26:58.530+0530] GC(11) Metaspace: 36764K(37376K)->36764K(37376K) NonClass: 32763K(33088K)->32763K(33088K) Class: 4000K(4288K)->4000K(4288K)
[2026-02-10T17:26:58.530+0530] GC(11) Pause Young (Normal) (G1 Evacuation Pause) 98M->63M(128M) 28.772ms
[2026-02-10T17:26:58.530+0530] GC(11) User=0.05s Sys=0.02s Real=0.03s
[2026-02-10T17:26:58.679+0530] Heap
[2026-02-10T17:26:58.679+0530]  garbage-first heap   total 131072K, used 81154K [0x00000000f8000000, 0x0000000100000000)
[2026-02-10T17:26:58.679+0530]   region size 1024K, 23 young (23552K), 7 survivors (7168K)
[2026-02-10T17:26:58.679+0530]  Metaspace       used 36853K, committed 37440K, reserved 1114112K
[2026-02-10T17:26:58.679+0530]   class space    used 4012K, committed 4288K, reserved 1048576K
