[2026-02-10T17:25:28.515+0530] Using G1
[2026-02-10T17:25:28.518+0530] Version: 17.0.12+8-LTS-286 (release)
[2026-02-10T17:25:28.518+0530] CPUs: 8 total, 4 available
[2026-02-10T17:25:28.518+0530] Memory: 7914M
[2026-02-10T17:25:28.518+0530] Large Page Support: Disabled
[2026-02-10T17:25:28.518+0530] NUMA Support: Disabled
[2026-02-10T17:25:28.518+0530] Compressed Oops: Enabled (32-bit)
[2026-02-10T17:25:28.518+0530] Heap Region Size: 1M
[2026-02-10T17:25:28.518+0530] Heap Min Capacity: 128M
[2026-02-10T17:25:28.518+0530] Heap Initial Capacity: 128M
[2026-02-10T17:25:28.518+0530] Heap Max Capacity: 128M
[2026-02-10T17:25:28.518+0530] Pre-touch: Disabled
[2026-02-10T17:25:28.518+0530] Parallel Workers: 4
[2026-02-10T17:25:28.519+0530] Concurrent Workers: 1
[2026-02-10T17:25:28.519+0530] Concurrent Refinement Workers: 4
[2026-02-10T17:25:28.519+0530] Periodic GC: Disabled
[2026-02-10T17:25:28.531+0530] CDS archive(s) mapped at: [0x0000027700000000-0x0000027700bd0000-0x0000027700bd0000), size 12386304, SharedBaseAddress: 0x0000027700000000, ArchiveRelocationMode: 1.
[2026-02-10T17:25:28.531+0530] Compressed class space mapped at: 0x0000027701000000-0x0000027741000000, reserved size: 1073741824
[2026-02-10T17:25:28.531+0530] Narrow klass base: 0x0000027700000000, Narrow klass shift: 0, Narrow klass range: 0x100000000
[2026-02-10T17:25:29.184+0530] GC(0) Pause Young (Normal) (G1 Evacuation Pause)
[2026-02-10T17:25:29.184+0530] GC(0) Using 3 workers of 4 for evacuation
[2026-02-10T17:25:29.195+0530] GC(0)   Pre Evacuate Collection Set: 0.1ms
[2026-02-10T17:25:29.195+0530] GC(0)   Merge Heap Roots: 0.1ms
[2026-02-10T17:25:29.195+0530] GC(0)   Evacuate Collection Set: 9.3ms
[2026-02-10T17:25:29.195+0530] GC(0)   Post Evacuate Collection Set: 1.6ms
[2026-02-10T17:25:29.195+0530] GC(0)   Other: 0.5ms
[2026-02-10T17:25:29.195+0530] GC(0) Eden regions: 13->0(12)
[2026-02-10T17:25:29.195+0530] GC(0) Survivor regions: 0->2(2)
[2026-02-10T17:25:29.195+0530] GC(0) Old regions: 0->3
[2026-02-10T17:25:29.195+0530] GC(0) Archive regions: 0->0
[2026-02-10T17:25:29.195+0530] GC(0) Humongous regions: 5->5
[2026-02-10T17:25:29.195+0530] GC(0) Metaspace: 4450K(4672K)->4450K(4672K) NonClass: 3970K(4096K)->3970K(4096K) Class: 480K(576K)->480K(576K)
[2026-02-10T17:25:29.195+0530] GC(0) Pause Young (Normal) (G1 Evacuation Pause) 18M->9M(128M) 11.780ms
[2026-02-10T17:25:29.195+0530] GC(0) User=0.03s Sys=0.03s Real=0.01s
[2026-02-10T17:25:29.354+0530] GC(1) Pause Young (Normal) (G1 Evacuation Pause)
[2026-02-10T17:25:29.354+0530] GC(1) Using 3 workers of 4 for evacuation
[2026-02-10T17:25:29.362+0530] GC(1)   Pre Evacuate Collection Set: 0.1ms
[2026-02-10T17:25:29.362+0530] GC(1)   Merge Heap Roots: 0.1ms
[2026-02-10T17:25:29.362+0530] GC(1)   Evacuate Collection Set: 7.8ms
[2026-02-10T17:25:29.362+0530] GC(1)   Post Evacuate Collection Set: 0.3ms
[2026-02-10T17:25:29.362+0530] GC(1)   Other: 0.1ms
[2026-02-10T17:25:29.363+0530] GC(1) Eden regions: 12->0(18)
[2026-02-10T17:25:29.363+0530] GC(1) Survivor regions: 2->2(2)
[2026-02-10T17:25:29.363+0530] GC(1) Old regions: 3->6
[2026-02-10T17:25:29.363+0530] GC(1) Archive regions: 0->0
[2026-02-10T17:25:29.363+0530] GC(1) Humongous regions: 5->5
[2026-02-10T17:25:29.363+0530] GC(1) Metaspace: 5595K(5760K)->5595K(5760K) NonClass: 5001K(5056K)->5001K(5056K) Class: 593K(704K)->593K(704K)
[2026-02-10T17:25:29.363+0530] GC(1) Pause Young (Normal) (G1 Evacuation Pause) 21M->12M(128M) 8.493ms
[2026-02-10T17:25:29.363+0530] GC(1) User=0.05s Sys=0.02s Real=0.01s
[2026-02-10T17:25:29.837+0530] GC(2) Pause Young (Normal) (G1 Evacuation Pause)
[2026-02-10T17:25:29.837+0530] GC(2) Using 3 workers of 4 for evacuation
[2026-02-10T17:25:29.844+0530] GC(2)   Pre Evacuate Collection Set: 0.1ms
[2026-02-10T17:25:29.844+0530] GC(2)   Merge Heap Roots: 0.5ms
[2026-02-10T17:25:29.844+0530] GC(2)   Evacuate Collection Set: 6.6ms
[2026-02-10T17:25:29.844+0530] GC(2)   Post Evacuate Collection Set: 0.3ms
[2026-02-10T17:25:29.845+0530] GC(2)   Other: 0.2ms
[2026-02-10T17:25:29.845+0530] GC(2) Eden regions: 18->0(66)
[2026-02-10T17:25:29.845+0530] GC(2) Survivor regions: 2->2(3)
[2026-02-10T17:25:29.845+0530] GC(2) Old regions: 6->8
[2026-02-10T17:25:29.845+0530] GC(2) Archive regions: 0->0
[2026-02-10T17:25:29.845+0530] GC(2) Humongous regions: 5->5
[2026-02-10T17:25:29.845+0530] GC(2) Metaspace: 11064K(11264K)->11064K(11264K) NonClass: 9814K(9920K)->9814K(9920K) Class: 1249K(1344K)->1249K(1344K)
[2026-02-10T17:25:29.845+0530] GC(2) Pause Young (Normal) (G1 Evacuation Pause) 30M->14M(128M) 7.994ms
[2026-02-10T17:25:29.845+0530] GC(2) User=0.02s Sys=0.05s Real=0.01s
[2026-02-10T17:25:31.232+0530] GC(3) Pause Young (Concurrent Start) (Metadata GC Threshold)
[2026-02-10T17:25:31.232+0530] GC(3) Using 3 workers of 4 for evacuation
[2026-02-10T17:25:31.242+0530] GC(3)   Pre Evacuate Collection Set: 0.1ms
[2026-02-10T17:25:31.242+0530] GC(3)   Merge Heap Roots: 0.1ms
[2026-02-10T17:25:31.242+0530] GC(3)   Evacuate Collection Set: 9.7ms
[2026-02-10T17:25:31.242+0530] GC(3)   Post Evacuate Collection Set: 0.5ms
[2026-02-10T17:25:31.242+0530] GC(3)   Other: 0.2ms
[2026-02-10T17:25:31.242+0530] GC(3) Eden regions: 65->0(55)
[2026-02-10T17:25:31.242+0530] GC(3) Survivor regions: 2->9(9)
[2026-02-10T17:25:31.242+0530] GC(3) Old regions: 8->12
[2026-02-10T17:25:31.242+0530] GC(3) Archive regions: 0->0
[2026-02-10T17:25:31.242+0530] GC(3) Humongous regions: 5->5
[2026-02-10T17:25:31.242+0530] GC(3) Metaspace: 21190K(21504K)->21190K(21504K) NonClass: 19026K(19200K)->19026K(19200K) Class: 2163K(2304K)->2163K(2304K)
[2026-02-10T17:25:31.242+0530] GC(3) Pause Young (Concurrent Start) (Metadata GC Threshold) 78M->26M(128M) 10.764ms
[2026-02-10T17:25:31.242+0530] GC(3) User=0.02s Sys=0.05s Real=0.01s
[2026-02-10T17:25:31.243+0530] GC(4) Concurrent Mark Cycle
[2026-02-10T17:25:31.243+0530] GC(4) Concurrent Clear Claimed Marks
[2026-02-10T17:25:31.243+0530] GC(4) Concurrent Clear Claimed Marks 0.035ms
[2026-02-10T17:25:31.243+0530] GC(4) Concurrent Scan Root Regions
[2026-02-10T17:25:31.247+0530] GC(4) Concurrent Scan Root Regions 4.535ms
[2026-02-10T17:25:31.247+0530] GC(4) Concurrent Mark
[2026-02-10T17:25:31.247+0530] GC(4) Concurrent Mark From Roots
[2026-02-10T17:25:31.247+0530] GC(4) Using 1 workers of 1 for marking
[2026-02-10T17:25:31.270+0530] GC(4) Concurrent Mark From Roots 22.624ms
[2026-02-10T17:25:31.270+0530] GC(4) Concurrent Preclean
[2026-02-10T17:25:31.270+0530] GC(4) Concurrent Preclean 0.075ms
[2026-02-10T17:25:31.271+0530] GC(4) Pause Remark
[2026-02-10T17:25:31.274+0530] GC(4) Pause Remark 26M->26M(128M) 3.863ms
[2026-02-10T17:25:31.275+0530] GC(4) User=0.00s Sys=0.00s Real=0.00s
[2026-02-10T17:25:31.275+0530] GC(4) Concurrent Mark 26.914ms
[2026-02-10T17:25:31.275+0530] GC(4) Concurrent Rebuild Remembered Sets
[2026-02-10T17:25:31.286+0530] GC(4) Concurrent Rebuild Remembered Sets 12.234ms
[2026-02-10T17:25:31.286+0530] GC(4) Pause Cleanup
[2026-02-10T17:25:31.286+0530] GC(4) Pause Cleanup 26M->26M(128M) 0.115ms
[2026-02-10T17:25:31.286+0530] GC(4) User=0.00s Sys=0.00s Real=0.00s
[2026-02-10T17:25:31.286+0530] GC(4) Concurrent Cleanup for Next Mark
[2026-02-10T17:25:31.287+0530] GC(4) Concurrent Cleanup for Next Mark 0.841ms
[2026-02-10T17:25:31.287+0530] GC(4) Concurrent Mark Cycle 45.174ms
[2026-02-10T17:25:33.348+0530] GC(5) Pause Young (Normal) (G1 Evacuation Pause)
[2026-02-10T17:25:33.348+0530] GC(5) Using 3 workers of 4 for evacuation
[2026-02-10T17:25:33.364+0530] GC(5)   Pre Evacuate Collection Set: 0.1ms
[2026-02-10T17:25:33.365+0530] GC(5)   Merge Heap Roots: 0.1ms
[2026-02-10T17:25:33.365+0530] GC(5)   Evacuate Collection Set: 15.1ms
[2026-02-10T17:25:33.365+0530] GC(5)   Post Evacuate Collection Set: 0.7ms
[2026-02-10T17:25:33.365+0530] GC(5)   Other: 0.2ms
[2026-02-10T17:25:33.365+0530] GC(5) Eden regions: 55->0(55)
[2026-02-10T17:25:33.365+0530] GC(5) Survivor regions: 9->4(8)
[2026-02-10T17:25:33.365+0530] GC(5) Old regions: 12->21
[2026-02-10T17:25:33.365+0530] GC(5) Archive regions: 0->0
[2026-02-10T17:25:33.365+0530] GC(5) Humongous regions: 5->5
[2026-02-10T17:25:33.365+0530] GC(5) Metaspace: 27673K(28160K)->27673K(28160K) NonClass: 24708K(24960K)->24708K(24960K) Class: 2964K(3200K)->2964K(3200K)
[2026-02-10T17:25:33.365+0530] GC(5) Pause Young (Normal) (G1 Evacuation Pause) 81M->28M(128M) 16.738ms
[2026-02-10T17:25:33.365+0530] GC(5) User=0.03s Sys=0.03s Real=0.02s
[2026-02-10T17:25:34.538+0530] GC(6) Pause Young (Concurrent Start) (Metadata GC Threshold)
[2026-02-10T17:25:34.538+0530] GC(6) Using 3 workers of 4 for evacuation
[2026-02-10T17:25:34.547+0530] GC(6)   Pre Evacuate Collection Set: 0.1ms
[2026-02-10T17:25:34.547+0530] GC(6)   Merge Heap Roots: 0.1ms
[2026-02-10T17:25:34.547+0530] GC(6)   Evacuate Collection Set: 9.3ms
[2026-02-10T17:25:34.547+0530] GC(6)   Post Evacuate Collection Set: 0.4ms
[2026-02-10T17:25:34.547+0530] GC(6)   Other: 0.2ms
[2026-02-10T17:25:34.547+0530] GC(6) Eden regions: 53->0(58)
[2026-02-10T17:25:34.547+0530] GC(6) Survivor regions: 4->6(8)
[2026-02-10T17:25:34.547+0530] GC(6) Old regions: 21->21
[2026-02-10T17:25:34.547+0530] GC(6) Archive regions: 0->0
[2026-02-10T17:25:34.547+0530] GC(6) Humongous regions: 5->5
[2026-02-10T17:25:34.547+0530] GC(6) Metaspace: 35586K(36096K)->35586K(36096K) NonClass: 31633K(31872K)->31633K(31872K) Class: 3952K(4224K)->3952K(4224K)
[2026-02-10T17:25:34.547+0530] GC(6) Pause Young (Concurrent Start) (Metadata GC Threshold) 81M->31M(128M) 10.232ms
[2026-02-10T17:25:34.547+0530] GC(6) User=0.05s Sys=0.02s Real=0.01s
[2026-02-10T17:25:34.547+0530] GC(7) Concurrent Mark Cycle
[2026-02-10T17:25:34.547+0530] GC(7) Concurrent Clear Claimed Marks
[2026-02-10T17:25:34.547+0530] GC(7) Concurrent Clear Claimed Marks 0.047ms
[2026-02-10T17:25:34.547+0530] GC(7) Concurrent Scan Root Regions
[2026-02-10T17:25:34.557+0530] GC(7) Concurrent Scan Root Regions 8.647ms
[2026-02-10T17:25:34.557+0530] GC(7) Concurrent Mark
[2026-02-10T17:25:34.557+0530] GC(7) Concurrent Mark From Roots
[2026-02-10T17:25:34.557+0530] GC(7) Using 1 workers of 1 for marking
[2026-02-10T17:25:34.592+0530] GC(7) Concurrent Mark From Roots 34.147ms
[2026-02-10T17:25:34.592+0530] GC(7) Concurrent Preclean
[2026-02-10T17:25:34.592+0530] GC(7) Concurrent Preclean 0.062ms
[2026-02-10T17:25:34.592+0530] GC(7) Pause Remark
[2026-02-10T17:25:34.601+0530] GC(7) Pause Remark 31M->31M(128M) 9.235ms
[2026-02-10T17:25:34.601+0530] GC(7) User=0.05s Sys=0.02s Real=0.01s
[2026-02-10T17:25:34.601+0530] GC(7) Concurrent Mark 44.116ms
[2026-02-10T17:25:34.601+0530] GC(7) Concurrent Rebuild Remembered Sets
[2026-02-10T17:25:34.616+0530] GC(7) Concurrent Rebuild Remembered Sets 15.026ms
[2026-02-10T17:25:34.616+0530] GC(7) Pause Cleanup
[2026-02-10T17:25:34.616+0530] GC(7) Pause Cleanup 31M->31M(128M) 0.084ms
[2026-02-10T17:25:34.616+0530] GC(7) User=0.00s Sys=0.00s Real=0.00s
[2026-02-10T17:25:34.616+0530] GC(7) Concurrent Cleanup for Next Mark
[2026-02-10T17:25:34.618+0530] GC(7) Concurrent Cleanup for Next Mark 1.088ms
[2026-02-10T17:25:34.618+0530] GC(7) Concurrent Mark Cycle 69.446ms
[2026-02-10T17:25:36.153+0530] GC(8) Pause Young (Normal) (G1 Evacuation Pause)
[2026-02-10T17:25:36.153+0530] GC(8) Using 3 workers of 4 for evacuation
[2026-02-10T17:25:36.173+0530] GC(8)   Pre Evacuate Collection Set: 0.1ms
[2026-02-10T17:25:36.173+0530] GC(8)   Merge Heap Roots: 0.1ms
[2026-02-10T17:25:36.173+0530] GC(8)   Evacuate Collection Set: 19.3ms
[2026-02-10T17:25:36.174+0530] GC(8)   Post Evacuate Collection Set: 0.5ms
[2026-02-10T17:25:36.174+0530] GC(8)   Other: 0.2ms
[2026-02-10T17:25:36.174+0530] GC(8) Eden regions: 58->0(54)
[2026-02-10T17:25:36.174+0530] GC(8) Survivor regions: 6->8(8)
[2026-02-10T17:25:36.174+0530] GC(8) Old regions: 21->25
[2026-02-10T17:25:36.174+0530] GC(8) Archive regions: 0->0
[2026-02-10T17:25:36.174+0530] GC(8) Humongous regions: 5->5
[2026-02-10T17:25:36.174+0530] GC(8) Metaspace: 36621K(37120K)->36621K(37120K) NonClass: 32632K(32896K)->32632K(32896K) Class: 3989K(4224K)->3989K(4224K)
[2026-02-10T17:25:36.174+0530] GC(8) Pause Young (Normal) (G1 Evacuation Pause) 89M->37M(128M) 20.366ms
[2026-02-10T17:25:36.174+0530] GC(8) User=0.11s Sys=0.02s Real=0.02s
[2026-02-10T17:25:37.044+0530] GC(9) Pause Young (Normal) (G1 Evacuation Pause)
[2026-02-10T17:25:37.045+0530] GC(9) Using 3 workers of 4 for evacuation
[2026-02-10T17:25:37.073+0530] GC(9)   Pre Evacuate Collection Set: 0.1ms
[2026-02-10T17:25:37.073+0530] GC(9)   Merge Heap Roots: 0.1ms
[2026-02-10T17:25:37.073+0530] GC(9)   Evacuate Collection Set: 27.0ms
[2026-02-10T17:25:37.073+0530] GC(9)   Post Evacuate Collection Set: 0.5ms
[2026-02-10T17:25:37.073+0530] GC(9)   Other: 0.2ms
[2026-02-10T17:25:37.073+0530] GC(9) Eden regions: 54->0(51)
[2026-02-10T17:25:37.073+0530] GC(9) Survivor regions: 8->8(8)
[2026-02-10T17:25:37.073+0530] GC(9) Old regions: 25->33
[2026-02-10T17:25:37.073+0530] GC(9) Archive regions: 0->0
[2026-02-10T17:25:37.073+0530] GC(9) Humongous regions: 5->5
[2026-02-10T17:25:37.073+0530] GC(9) Metaspace: 36663K(37184K)->36663K(37184K) NonClass: 32671K(32960K)->32671K(32960K) Class: 3992K(4224K)->3992K(4224K)
[2026-02-10T17:25:37.073+0530] GC(9) Pause Young (Normal) (G1 Evacuation Pause) 91M->45M(128M) 28.083ms
[2026-02-10T17:25:37.073+0530] GC(9) User=0.09s Sys=0.03s Real=0.03s
[2026-02-10T17:25:37.719+0530] GC(10) Pause Young (Normal) (G1 Evacuation Pause)
[2026-02-10T17:25:37.719+0530] GC(10) Using 3 workers of 4 for evacuation
[2026-02-10T17:25:37.745+0530] GC(10)   Pre Evacuate Collection Set: 0.1ms
[2026-02-10T17:25:37.746+0530] GC(10)   Merge Heap Roots: 0.1ms
[2026-02-10T17:25:37.746+0530] GC(10)   Evacuate Collection Set: 26.0ms
[2026-02-10T17:25:37.746+0530] GC(10)   Post Evacuate Collection Set: 0.3ms
[2026-02-10T17:25:37.746+0530] GC(10)   Other: 0.2ms
[2026-02-10T17:25:37.746+0530] GC(10) Eden regions: 51->0(44)
[2026-02-10T17:25:37.746+0530] GC(10) Survivor regions: 8->8(8)
[2026-02-10T17:25:37.746+0530] GC(10) Old regions: 33->42
[2026-02-10T17:25:37.746+0530] GC(10) Archive regions: 0->0
[2026-02-10T17:25:37.746+0530] GC(10) Humongous regions: 5->5
[2026-02-10T17:25:37.746+0530] GC(10) Metaspace: 36733K(37312K)->36733K(37312K) NonClass: 32735K(33024K)->32735K(33024K) Class: 3998K(4288K)->3998K(4288K)
[2026-02-10T17:25:37.746+0530] GC(10) Pause Young (Normal) (G1 Evacuation Pause) 96M->54M(128M) 26.908ms
[2026-02-10T17:25:37.746+0530] GC(10) User=0.05s Sys=0.02s Real=0.03s
[2026-02-10T17:25:38.166+0530] GC(11) Pause Young (Normal) (G1 Evacuation Pause)
[2026-02-10T17:25:38.166+0530] GC(11) Using 3 workers of 4 for evacuation
[2026-02-10T17:25:38.195+0530] GC(11)   Pre Evacuate Collection Set: 0.1ms
[2026-02-10T17:25:38.195+0530] GC(11)   Merge Heap Roots: 0.1ms
[2026-02-10T17:25:38.195+0530] GC(11)   Evacuate Collection Set: 27.9ms
[2026-02-10T17:25:38.195+0530] GC(11)   Post Evacuate Collection Set: 0.3ms
[2026-02-10T17:25:38.195+0530] GC(11)   Other: 0.1ms
[2026-02-10T17:25:38.195+0530] GC(11) Eden regions: 44->0(36)
[2026-02-10T17:25:38.195+0530] GC(11) Survivor regions: 8->7(7)
[2026-02-10T17:25:38.195+0530] GC(11) Old regions: 42->51
[2026-02-10T17:25:38.195+0530] GC(11) Archive regions: 0->0
[2026-02-10T17:25:38.195+0530] GC(11) Humongous regions: 5->5
[2026-02-10T17:25:38.195+0530] GC(11) Metaspace: 36764K(37312K)->36764K(37312K) NonClass: 32764K(33024K)->32764K(33024K) Class: 4000K(4288K)->4000K(4288K)
[2026-02-10T17:25:38.195+0530] GC(11) Pause Young (Normal) (G1 Evacuation Pause) 98M->63M(128M) 28.664ms
[2026-02-10T17:25:38.195+0530] GC(11) User=0.11s Sys=0.00s Real=0.03s
[2026-02-10T17:25:38.573+0530] Heap
[2026-02-10T17:25:38.573+0530]  garbage-first heap   total 131072K, used 88824K [0x00000000f8000000, 0x0000000100000000)
[2026-02-10T17:25:38.573+0530]   region size 1024K, 31 young (31744K), 7 survivors (7168K)
[2026-02-10T17:25:38.573+0530]  Metaspace       used 36859K, committed 37376K, reserved 1114112K
[2026-02-10T17:25:38.573+0530]   class space    used 4011K, committed 4288K, reserved 1048576K
