[2026-02-10T17:26:15.793+0530] Using G1
[2026-02-10T17:26:15.796+0530] Version: 17.0.12+8-LTS-286 (release)
[2026-02-10T17:26:15.796+0530] CPUs: 8 total, 4 available
[2026-02-10T17:26:15.796+0530] Memory: 7914M
[2026-02-10T17:26:15.796+0530] Large Page Support: Disabled
[2026-02-10T17:26:15.796+0530] NUMA Support: Disabled
[2026-02-10T17:26:15.796+0530] Compressed Oops: Enabled (32-bit)
[2026-02-10T17:26:15.796+0530] Heap Region Size: 1M
[2026-02-10T17:26:15.796+0530] Heap Min Capacity: 128M
[2026-02-10T17:26:15.796+0530] Heap Initial Capacity: 128M
[2026-02-10T17:26:15.796+0530] Heap Max Capacity: 128M
[2026-02-10T17:26:15.796+0530] Pre-touch: Disabled
[2026-02-10T17:26:15.796+0530] Parallel Workers: 4
[2026-02-10T17:26:15.796+0530] Concurrent Workers: 1
[2026-02-10T17:26:15.796+0530] Concurrent Refinement Workers: 4
[2026-02-10T17:26:15.796+0530] Periodic GC: Disabled
[2026-02-10T17:26:15.811+0530] CDS archive(s) mapped at: [0x000001dc0f000000-0x000001dc0fbd0000-0x000001dc0fbd0000), size 12386304, SharedBaseAddress: 0x000001dc0f000000, ArchiveRelocationMode: 1.
[2026-02-10T17:26:15.811+0530] Compressed class space mapped at: 0x000001dc10000000-0x000001dc50000000, reserved size: 1073741824
[2026-02-10T17:26:15.811+0530] Narrow klass base: 0x000001dc0f000000, Narrow klass shift: 0, Narrow klass range: 0x100000000
[2026-02-10T17:26:16.437+0530] GC(0) Pause Young (Normal) (G1 Evacuation Pause)
[2026-02-10T17:26:16.438+0530] GC(0) Using 3 workers of 4 for evacuation
[2026-02-10T17:26:16.444+0530] GC(0)   Pre Evacuate Collection Set: 0.0ms
[2026-02-10T17:26:16.444+0530] GC(0)   Merge Heap Roots: 0.1ms
[2026-02-10T17:26:16.444+0530] GC(0)   Evacuate Collection Set: 6.1ms
[2026-02-10T17:26:16.444+0530] GC(0)   Post Evacuate Collection Set: 0.5ms
[2026-02-10T17:26:16.444+0530] GC(0)   Other: 0.3ms
[2026-02-10T17:26:16.444+0530] GC(0) Eden regions: 13->0(13)
[2026-02-10T17:26:16.444+0530] GC(0) Survivor regions: 0->2(2)
[2026-02-10T17:26:16.444+0530] GC(0) Old regions: 0->3
[2026-02-10T17:26:16.444+0530] GC(0) Archive regions: 0->0
[2026-02-10T17:26:16.444+0530] GC(0) Humongous regions: 5->5
[2026-02-10T17:26:16.444+0530] GC(0) Metaspace: 4442K(4672K)->4442K(4672K) NonClass: 3962K(4096K)->3962K(4096K) Class: 480K(576K)->480K(576K)
[2026-02-10T17:26:16.445+0530] GC(0) Pause Young (Normal) (G1 Evacuation Pause) 18M->9M(128M) 7.305ms
[2026-02-10T17:26:16.445+0530] GC(0) User=0.00s Sys=0.00s Real=0.01s
[2026-02-10T17:26:16.622+0530] GC(1) Pause Young (Normal) (G1 Evacuation Pause)
[2026-02-10T17:26:16.622+0530] GC(1) Using 3 workers of 4 for evacuation
[2026-02-10T17:26:16.630+0530] GC(1)   Pre Evacuate Collection Set: 0.1ms
[2026-02-10T17:26:16.630+0530] GC(1)   Merge Heap Roots: 0.1ms
[2026-02-10T17:26:16.630+0530] GC(1)   Evacuate Collection Set: 7.7ms
[2026-02-10T17:26:16.630+0530] GC(1)   Post Evacuate Collection Set: 0.3ms
[2026-02-10T17:26:16.630+0530] GC(1)   Other: 0.1ms
[2026-02-10T17:26:16.630+0530] GC(1) Eden regions: 13->0(17)
[2026-02-10T17:26:16.630+0530] GC(1) Survivor regions: 2->2(2)
[2026-02-10T17:26:16.630+0530] GC(1) Old regions: 3->6
[2026-02-10T17:26:16.630+0530] GC(1) Archive regions: 0->0
[2026-02-10T17:26:16.630+0530] GC(1) Humongous regions: 5->5
[2026-02-10T17:26:16.630+0530] GC(1) Metaspace: 5987K(6144K)->5987K(6144K) NonClass: 5329K(5440K)->5329K(5440K) Class: 657K(704K)->657K(704K)
[2026-02-10T17:26:16.630+0530] GC(1) Pause Young (Normal) (G1 Evacuation Pause) 22M->12M(128M) 8.353ms
[2026-02-10T17:26:16.630+0530] GC(1) User=0.03s Sys=0.03s Real=0.01s
[2026-02-10T17:26:17.043+0530] GC(2) Pause Young (Normal) (G1 Evacuation Pause)
[2026-02-10T17:26:17.043+0530] GC(2) Using 3 workers of 4 for evacuation
[2026-02-10T17:26:17.048+0530] GC(2)   Pre Evacuate Collection Set: 0.0ms
[2026-02-10T17:26:17.048+0530] GC(2)   Merge Heap Roots: 0.0ms
[2026-02-10T17:26:17.048+0530] GC(2)   Evacuate Collection Set: 4.2ms
[2026-02-10T17:26:17.048+0530] GC(2)   Post Evacuate Collection Set: 0.3ms
[2026-02-10T17:26:17.048+0530] GC(2)   Other: 0.1ms
[2026-02-10T17:26:17.048+0530] GC(2) Eden regions: 17->0(70)
[2026-02-10T17:26:17.048+0530] GC(2) Survivor regions: 2->2(3)
[2026-02-10T17:26:17.048+0530] GC(2) Old regions: 6->8
[2026-02-10T17:26:17.048+0530] GC(2) Archive regions: 0->0
[2026-02-10T17:26:17.048+0530] GC(2) Humongous regions: 5->5
[2026-02-10T17:26:17.048+0530] GC(2) Metaspace: 11085K(11264K)->11085K(11264K) NonClass: 9835K(9920K)->9835K(9920K) Class: 1250K(1344K)->1250K(1344K)
[2026-02-10T17:26:17.048+0530] GC(2) Pause Young (Normal) (G1 Evacuation Pause) 29M->14M(128M) 4.898ms
[2026-02-10T17:26:17.048+0530] GC(2) User=0.06s Sys=0.00s Real=0.01s
[2026-02-10T17:26:18.249+0530] GC(3) Pause Young (Concurrent Start) (Metadata GC Threshold)
[2026-02-10T17:26:18.249+0530] GC(3) Using 3 workers of 4 for evacuation
[2026-02-10T17:26:18.258+0530] GC(3)   Pre Evacuate Collection Set: 0.1ms
[2026-02-10T17:26:18.258+0530] GC(3)   Merge Heap Roots: 0.1ms
[2026-02-10T17:26:18.258+0530] GC(3)   Evacuate Collection Set: 9.0ms
[2026-02-10T17:26:18.258+0530] GC(3)   Post Evacuate Collection Set: 0.4ms
[2026-02-10T17:26:18.258+0530] GC(3)   Other: 0.3ms
[2026-02-10T17:26:18.258+0530] GC(3) Eden regions: 64->0(55)
[2026-02-10T17:26:18.258+0530] GC(3) Survivor regions: 2->9(9)
[2026-02-10T17:26:18.258+0530] GC(3) Old regions: 8->12
[2026-02-10T17:26:18.258+0530] GC(3) Archive regions: 0->0
[2026-02-10T17:26:18.258+0530] GC(3) Humongous regions: 5->5
[2026-02-10T17:26:18.258+0530] GC(3) Metaspace: 21209K(21504K)->21209K(21504K) NonClass: 19045K(19200K)->19045K(19200K) Class: 2163K(2304K)->2163K(2304K)
[2026-02-10T17:26:18.258+0530] GC(3) Pause Young (Concurrent Start) (Metadata GC Threshold) 78M->25M(128M) 10.026ms
[2026-02-10T17:26:18.258+0530] GC(3) User=0.03s Sys=0.00s Real=0.01s
[2026-02-10T17:26:18.258+0530] GC(4) Concurrent Mark Cycle
[2026-02-10T17:26:18.258+0530] GC(4) Concurrent Clear Claimed Marks
[2026-02-10T17:26:18.258+0530] GC(4) Concurrent Clear Claimed Marks 0.035ms
[2026-02-10T17:26:18.260+0530] GC(4) Concurrent Scan Root Regions
[2026-02-10T17:26:18.265+0530] GC(4) Concurrent Scan Root Regions 6.037ms
[2026-02-10T17:26:18.265+0530] GC(4) Concurrent Mark
[2026-02-10T17:26:18.265+0530] GC(4) Concurrent Mark From Roots
[2026-02-10T17:26:18.265+0530] GC(4) Using 1 workers of 1 for marking
[2026-02-10T17:26:18.286+0530] GC(4) Concurrent Mark From Roots 21.060ms
[2026-02-10T17:26:18.286+0530] GC(4) Concurrent Preclean
[2026-02-10T17:26:18.286+0530] GC(4) Concurrent Preclean 0.080ms
[2026-02-10T17:26:18.286+0530] GC(4) Pause Remark
[2026-02-10T17:26:18.291+0530] GC(4) Pause Remark 26M->26M(128M) 3.893ms
[2026-02-10T17:26:18.291+0530] GC(4) User=0.00s Sys=0.00s Real=0.00s
[2026-02-10T17:26:18.291+0530] GC(4) Concurrent Mark 25.359ms
[2026-02-10T17:26:18.291+0530] GC(4) Concurrent Rebuild Remembered Sets
[2026-02-10T17:26:18.301+0530] GC(4) Concurrent Rebuild Remembered Sets 10.917ms
[2026-02-10T17:26:18.302+0530] GC(4) Pause Cleanup
[2026-02-10T17:26:18.302+0530] GC(4) Pause Cleanup 26M->26M(128M) 0.102ms
[2026-02-10T17:26:18.302+0530] GC(4) User=0.00s Sys=0.00s Real=0.00s
[2026-02-10T17:26:18.302+0530] GC(4) Concurrent Cleanup for Next Mark
[2026-02-10T17:26:18.304+0530] GC(4) Concurrent Cleanup for Next Mark 0.928ms
[2026-02-10T17:26:18.304+0530] GC(4) Concurrent Mark Cycle 44.138ms
[2026-02-10T17:26:19.652+0530] GC(5) Pause Young (Normal) (G1 Evacuation Pause)
[2026-02-10T17:26:19.652+0530] GC(5) Using 3 workers of 4 for evacuation
[2026-02-10T17:26:19.670+0530] GC(5)   Pre Evacuate Collection Set: 0.1ms
[2026-02-10T17:26:19.670+0530] GC(5)   Merge Heap Roots: 0.1ms
[2026-02-10T17:26:19.670+0530] GC(5)   Evacuate Collection Set: 17.6ms
[2026-02-10T17:26:19.670+0530] GC(5)   Post Evacuate Collection Set: 0.6ms
[2026-02-10T17:26:19.670+0530] GC(5)   Other: 0.2ms
[2026-02-10T17:26:19.670+0530] GC(5) Eden regions: 55->0(54)
[2026-02-10T17:26:19.670+0530] GC(5) Survivor regions: 9->4(8)
[2026-02-10T17:26:19.670+0530] GC(5) Old regions: 12->21
[2026-02-10T17:26:19.670+0530] GC(5) Archive regions: 0->0
[2026-02-10T17:26:19.670+0530] GC(5) Humongous regions: 5->5
[2026-02-10T17:26:19.670+0530] GC(5) Metaspace: 27609K(28096K)->27609K(28096K) NonClass: 24645K(24896K)->24645K(24896K) Class: 2964K(3200K)->2964K(3200K)
[2026-02-10T17:26:19.670+0530] GC(5) Pause Young (Normal) (G1 Evacuation Pause) 80M->28M(128M) 18.914ms
[2026-02-10T17:26:19.670+0530] GC(5) User=0.05s Sys=0.03s Real=0.02s
[2026-02-10T17:26:20.623+0530] GC(6) Pause Young (Concurrent Start) (Metadata GC Threshold)
[2026-02-10T17:26:20.623+0530] GC(6) Using 3 workers of 4 for evacuation
[2026-02-10T17:26:20.632+0530] GC(6)   Pre Evacuate Collection Set: 0.1ms
[2026-02-10T17:26:20.632+0530] GC(6)   Merge Heap Roots: 0.1ms
[2026-02-10T17:26:20.632+0530] GC(6)   Evacuate Collection Set: 8.3ms
[2026-02-10T17:26:20.632+0530] GC(6)   Post Evacuate Collection Set: 0.4ms
[2026-02-10T17:26:20.632+0530] GC(6)   Other: 0.2ms
[2026-02-10T17:26:20.632+0530] GC(6) Eden regions: 54->0(58)
[2026-02-10T17:26:20.632+0530] GC(6) Survivor regions: 4->6(8)
[2026-02-10T17:26:20.632+0530] GC(6) Old regions: 21->21
[2026-02-10T17:26:20.632+0530] GC(6) Archive regions: 0->0
[2026-02-10T17:26:20.632+0530] GC(6) Humongous regions: 5->5
[2026-02-10T17:26:20.632+0530] GC(6) Metaspace: 35588K(36160K)->35588K(36160K) NonClass: 31633K(31936K)->31633K(31936K) Class: 3955K(4224K)->3955K(4224K)
[2026-02-10T17:26:20.633+0530] GC(6) Pause Young (Concurrent Start) (Metadata GC Threshold) 82M->31M(128M) 9.242ms
[2026-02-10T17:26:20.633+0530] GC(6) User=0.06s Sys=0.00s Real=0.01s
[2026-02-10T17:26:20.633+0530] GC(7) Concurrent Mark Cycle
[2026-02-10T17:26:20.633+0530] GC(7) Concurrent Clear Claimed Marks
[2026-02-10T17:26:20.633+0530] GC(7) Concurrent Clear Claimed Marks 0.040ms
[2026-02-10T17:26:20.633+0530] GC(7) Concurrent Scan Root Regions
[2026-02-10T17:26:20.639+0530] GC(7) Concurrent Scan Root Regions 6.576ms
[2026-02-10T17:26:20.639+0530] GC(7) Concurrent Mark
[2026-02-10T17:26:20.639+0530] GC(7) Concurrent Mark From Roots
[2026-02-10T17:26:20.639+0530] GC(7) Using 1 workers of 1 for marking
[2026-02-10T17:26:20.671+0530] GC(7) Concurrent Mark From Roots 32.150ms
[2026-02-10T17:26:20.671+0530] GC(7) Concurrent Preclean
[2026-02-10T17:26:20.671+0530] GC(7) Concurrent Preclean 0.092ms
[2026-02-10T17:26:20.671+0530] GC(7) Pause Remark
[2026-02-10T17:26:20.680+0530] GC(7) Pause Remark 31M->31M(128M) 8.630ms
[2026-02-10T17:26:20.680+0530] GC(7) User=0.00s Sys=0.00s Real=0.01s
[2026-02-10T17:26:20.680+0530] GC(7) Concurrent Mark 41.230ms
[2026-02-10T17:26:20.680+0530] GC(7) Concurrent Rebuild Remembered Sets
[2026-02-10T17:26:20.694+0530] GC(7) Concurrent Rebuild Remembered Sets 13.765ms
[2026-02-10T17:26:20.695+0530] GC(7) Pause Cleanup
[2026-02-10T17:26:20.695+0530] GC(7) Pause Cleanup 31M->31M(128M) 0.125ms
[2026-02-10T17:26:20.695+0530] GC(7) User=0.00s Sys=0.00s Real=0.00s
[2026-02-10T17:26:20.695+0530] GC(7) Concurrent Cleanup for Next Mark
[2026-02-10T17:26:20.696+0530] GC(7) Concurrent Cleanup for Next Mark 1.071ms
[2026-02-10T17:26:20.696+0530] GC(7) Concurrent Mark Cycle 63.299ms
[2026-02-10T17:26:21.998+0530] GC(8) Pause Young (Normal) (G1 Evacuation Pause)
[2026-02-10T17:26:21.998+0530] GC(8) Using 3 workers of 4 for evacuation
[2026-02-10T17:26:22.014+0530] GC(8)   Pre Evacuate Collection Set: 0.0ms
[2026-02-10T17:26:22.014+0530] GC(8)   Merge Heap Roots: 0.1ms
[2026-02-10T17:26:22.014+0530] GC(8)   Evacuate Collection Set: 15.9ms
[2026-02-10T17:26:22.014+0530] GC(8)   Post Evacuate Collection Set: 0.4ms
[2026-02-10T17:26:22.014+0530] GC(8)   Other: 0.1ms
[2026-02-10T17:26:22.014+0530] GC(8) Eden regions: 58->0(54)
[2026-02-10T17:26:22.014+0530] GC(8) Survivor regions: 6->8(8)
[2026-02-10T17:26:22.014+0530] GC(8) Old regions: 21->25
[2026-02-10T17:26:22.014+0530] GC(8) Archive regions: 0->0
[2026-02-10T17:26:22.014+0530] GC(8) Humongous regions: 5->5
[2026-02-10T17:26:22.014+0530] GC(8) Metaspace: 36638K(37184K)->36638K(37184K) NonClass: 32644K(32960K)->32644K(32960K) Class: 3993K(4224K)->3993K(4224K)
[2026-02-10T17:26:22.014+0530] GC(8) Pause Young (Normal) (G1 Evacuation Pause) 89M->37M(128M) 16.795ms
[2026-02-10T17:26:22.014+0530] GC(8) User=0.08s Sys=0.00s Real=0.02s
[2026-02-10T17:26:22.767+0530] GC(9) Pause Young (Normal) (G1 Evacuation Pause)
[2026-02-10T17:26:22.767+0530] GC(9) Using 3 workers of 4 for evacuation
[2026-02-10T17:26:22.788+0530] GC(9)   Pre Evacuate Collection Set: 0.1ms
[2026-02-10T17:26:22.788+0530] GC(9)   Merge Heap Roots: 0.1ms
[2026-02-10T17:26:22.788+0530] GC(9)   Evacuate Collection Set: 21.3ms
[2026-02-10T17:26:22.788+0530] GC(9)   Post Evacuate Collection Set: 0.3ms
[2026-02-10T17:26:22.788+0530] GC(9)   Other: 0.1ms
[2026-02-10T17:26:22.788+0530] GC(9) Eden regions: 54->0(50)
[2026-02-10T17:26:22.788+0530] GC(9) Survivor regions: 8->8(8)
[2026-02-10T17:26:22.788+0530] GC(9) Old regions: 25->33
[2026-02-10T17:26:22.788+0530] GC(9) Archive regions: 0->0
[2026-02-10T17:26:22.788+0530] GC(9) Humongous regions: 5->5
[2026-02-10T17:26:22.788+0530] GC(9) Metaspace: 36696K(37184K)->36696K(37184K) NonClass: 32698K(32960K)->32698K(32960K) Class: 3998K(4224K)->3998K(4224K)
[2026-02-10T17:26:22.788+0530] GC(9) Pause Young (Normal) (G1 Evacuation Pause) 91M->45M(128M) 22.104ms
[2026-02-10T17:26:22.788+0530] GC(9) User=0.05s Sys=0.00s Real=0.02s
[2026-02-10T17:26:23.343+0530] GC(10) Pause Young (Normal) (G1 Evacuation Pause)
[2026-02-10T17:26:23.343+0530] GC(10) Using 3 workers of 4 for evacuation
[2026-02-10T17:26:23.368+0530] GC(10)   Pre Evacuate Collection Set: 0.1ms
[2026-02-10T17:26:23.368+0530] GC(10)   Merge Heap Roots: 0.1ms
[2026-02-10T17:26:23.368+0530] GC(10)   Evacuate Collection Set: 24.0ms
[2026-02-10T17:26:23.368+0530] GC(10)   Post Evacuate Collection Set: 0.4ms
[2026-02-10T17:26:23.368+0530] GC(10)   Other: 0.2ms
[2026-02-10T17:26:23.368+0530] GC(10) Eden regions: 50->0(44)
[2026-02-10T17:26:23.368+0530] GC(10) Survivor regions: 8->8(8)
[2026-02-10T17:26:23.368+0530] GC(10) Old regions: 33->41
[2026-02-10T17:26:23.368+0530] GC(10) Archive regions: 0->0
[2026-02-10T17:26:23.368+0530] GC(10) Humongous regions: 5->5
[2026-02-10T17:26:23.368+0530] GC(10) Metaspace: 36745K(37312K)->36745K(37312K) NonClass: 32743K(33024K)->32743K(33024K) Class: 4002K(4288K)->4002K(4288K)
[2026-02-10T17:26:23.368+0530] GC(10) Pause Young (Normal) (G1 Evacuation Pause) 95M->53M(128M) 24.999ms
[2026-02-10T17:26:23.368+0530] GC(10) User=0.06s Sys=0.00s Real=0.03s
[2026-02-10T17:26:23.846+0530] GC(11) Pause Young (Normal) (G1 Evacuation Pause)
[2026-02-10T17:26:23.846+0530] GC(11) Using 3 workers of 4 for evacuation
[2026-02-10T17:26:23.876+0530] GC(11)   Pre Evacuate Collection Set: 0.1ms
[2026-02-10T17:26:23.876+0530] GC(11)   Merge Heap Roots: 0.1ms
[2026-02-10T17:26:23.876+0530] GC(11)   Evacuate Collection Set: 28.5ms
[2026-02-10T17:26:23.876+0530] GC(11)   Post Evacuate Collection Set: 0.3ms
[2026-02-10T17:26:23.876+0530] GC(11)   Other: 0.1ms
[2026-02-10T17:26:23.876+0530] GC(11) Eden regions: 44->0(36)
[2026-02-10T17:26:23.876+0530] GC(11) Survivor regions: 8->7(7)
[2026-02-10T17:26:23.876+0530] GC(11) Old regions: 41->51
[2026-02-10T17:26:23.876+0530] GC(11) Archive regions: 0->0
[2026-02-10T17:26:23.876+0530] GC(11) Humongous regions: 5->5
[2026-02-10T17:26:23.876+0530] GC(11) Metaspace: 36778K(37312K)->36778K(37312K) NonClass: 32773K(33024K)->32773K(33024K) Class: 4005K(4288K)->4005K(4288K)
[2026-02-10T17:26:23.877+0530] GC(11) Pause Young (Normal) (G1 Evacuation Pause) 97M->62M(128M) 29.416ms
[2026-02-10T17:26:23.877+0530] GC(11) User=0.11s Sys=0.00s Real=0.03s
[2026-02-10T17:26:24.278+0530] Heap
[2026-02-10T17:26:24.278+0530]  garbage-first heap   total 131072K, used 89335K [0x00000000f8000000, 0x0000000100000000)
[2026-02-10T17:26:24.278+0530]   region size 1024K, 32 young (32768K), 7 survivors (7168K)
[2026-02-10T17:26:24.278+0530]  Metaspace       used 36873K, committed 37440K, reserved 1114112K
[2026-02-10T17:26:24.278+0530]   class space    used 4016K, committed 4288K, reserved 1048576K
