[2026-02-10T21:44:08.512+0530] Using G1
[2026-02-10T21:44:08.518+0530] Version: 17.0.12+8-LTS-286 (release)
[2026-02-10T21:44:08.518+0530] CPUs: 8 total, 4 available
[2026-02-10T21:44:08.518+0530] Memory: 7914M
[2026-02-10T21:44:08.518+0530] Large Page Support: Disabled
[2026-02-10T21:44:08.518+0530] NUMA Support: Disabled
[2026-02-10T21:44:08.518+0530] Compressed Oops: Enabled (32-bit)
[2026-02-10T21:44:08.518+0530] Heap Region Size: 1M
[2026-02-10T21:44:08.518+0530] Heap Min Capacity: 512M
[2026-02-10T21:44:08.518+0530] Heap Initial Capacity: 512M
[2026-02-10T21:44:08.518+0530] Heap Max Capacity: 512M
[2026-02-10T21:44:08.518+0530] Pre-touch: Disabled
[2026-02-10T21:44:08.518+0530] Parallel Workers: 4
[2026-02-10T21:44:08.518+0530] Concurrent Workers: 1
[2026-02-10T21:44:08.518+0530] Concurrent Refinement Workers: 4
[2026-02-10T21:44:08.518+0530] Periodic GC: Disabled
[2026-02-10T21:44:08.529+0530] CDS archive(s) mapped at: [0x000001ea99000000-0x000001ea99bd0000-0x000001ea99bd0000), size 12386304, SharedBaseAddress: 0x000001ea99000000, ArchiveRelocationMode: 1.
[2026-02-10T21:44:08.530+0530] Compressed class space mapped at: 0x000001ea9a000000-0x000001eada000000, reserved size: 1073741824
[2026-02-10T21:44:08.530+0530] Narrow klass base: 0x000001ea99000000, Narrow klass shift: 0, Narrow klass range: 0x100000000
[2026-02-10T21:44:09.577+0530] GC(0) Pause Young (Normal) (G1 Evacuation Pause)
[2026-02-10T21:44:09.577+0530] GC(0) Using 4 workers of 4 for evacuation
[2026-02-10T21:44:09.593+0530] GC(0)   Pre Evacuate Collection Set: 0.1ms
[2026-02-10T21:44:09.593+0530] GC(0)   Merge Heap Roots: 0.1ms
[2026-02-10T21:44:09.593+0530] GC(0)   Evacuate Collection Set: 15.0ms
[2026-02-10T21:44:09.593+0530] GC(0)   Post Evacuate Collection Set: 0.7ms
[2026-02-10T21:44:09.593+0530] GC(0)   Other: 0.6ms
[2026-02-10T21:44:09.593+0530] GC(0) Eden regions: 25->0(21)
[2026-02-10T21:44:09.593+0530] GC(0) Survivor regions: 0->4(4)
[2026-02-10T21:44:09.593+0530] GC(0) Old regions: 0->4
[2026-02-10T21:44:09.593+0530] GC(0) Archive regions: 0->0
[2026-02-10T21:44:09.593+0530] GC(0) Humongous regions: 5->5
[2026-02-10T21:44:09.593+0530] GC(0) Metaspace: 5636K(5824K)->5636K(5824K) NonClass: 5033K(5120K)->5033K(5120K) Class: 602K(704K)->602K(704K)
[2026-02-10T21:44:09.594+0530] GC(0) Pause Young (Normal) (G1 Evacuation Pause) 30M->12M(512M) 17.007ms
[2026-02-10T21:44:09.594+0530] GC(0) User=0.06s Sys=0.00s Real=0.02s
[2026-02-10T21:44:10.235+0530] GC(1) Pause Young (Normal) (G1 Evacuation Pause)
[2026-02-10T21:44:10.235+0530] GC(1) Using 4 workers of 4 for evacuation
[2026-02-10T21:44:10.243+0530] GC(1)   Pre Evacuate Collection Set: 0.1ms
[2026-02-10T21:44:10.243+0530] GC(1)   Merge Heap Roots: 0.1ms
[2026-02-10T21:44:10.243+0530] GC(1)   Evacuate Collection Set: 7.8ms
[2026-02-10T21:44:10.243+0530] GC(1)   Post Evacuate Collection Set: 0.5ms
[2026-02-10T21:44:10.244+0530] GC(1)   Other: 0.2ms
[2026-02-10T21:44:10.244+0530] GC(1) Eden regions: 21->0(25)
[2026-02-10T21:44:10.244+0530] GC(1) Survivor regions: 4->2(4)
[2026-02-10T21:44:10.244+0530] GC(1) Old regions: 4->8
[2026-02-10T21:44:10.244+0530] GC(1) Archive regions: 0->0
[2026-02-10T21:44:10.244+0530] GC(1) Humongous regions: 5->5
[2026-02-10T21:44:10.244+0530] GC(1) Metaspace: 11817K(12032K)->11817K(12032K) NonClass: 10474K(10560K)->10474K(10560K) Class: 1342K(1472K)->1342K(1472K)
[2026-02-10T21:44:10.244+0530] GC(1) Pause Young (Normal) (G1 Evacuation Pause) 33M->14M(512M) 8.982ms
[2026-02-10T21:44:10.244+0530] GC(1) User=0.03s Sys=0.03s Real=0.01s
[2026-02-10T21:44:10.735+0530] GC(2) Pause Young (Normal) (G1 Evacuation Pause)
[2026-02-10T21:44:10.735+0530] GC(2) Using 4 workers of 4 for evacuation
[2026-02-10T21:44:10.747+0530] GC(2)   Pre Evacuate Collection Set: 0.6ms
[2026-02-10T21:44:10.747+0530] GC(2)   Merge Heap Roots: 0.1ms
[2026-02-10T21:44:10.747+0530] GC(2)   Evacuate Collection Set: 10.5ms
[2026-02-10T21:44:10.747+0530] GC(2)   Post Evacuate Collection Set: 0.5ms
[2026-02-10T21:44:10.747+0530] GC(2)   Other: 0.2ms
[2026-02-10T21:44:10.747+0530] GC(2) Eden regions: 25->0(37)
[2026-02-10T21:44:10.747+0530] GC(2) Survivor regions: 2->4(4)
[2026-02-10T21:44:10.747+0530] GC(2) Old regions: 8->14
[2026-02-10T21:44:10.747+0530] GC(2) Archive regions: 0->0
[2026-02-10T21:44:10.747+0530] GC(2) Humongous regions: 5->5
[2026-02-10T21:44:10.747+0530] GC(2) Metaspace: 14785K(15040K)->14785K(15040K) NonClass: 13122K(13248K)->13122K(13248K) Class: 1663K(1792K)->1663K(1792K)
[2026-02-10T21:44:10.747+0530] GC(2) Pause Young (Normal) (G1 Evacuation Pause) 39M->22M(512M) 12.094ms
[2026-02-10T21:44:10.747+0530] GC(2) User=0.05s Sys=0.02s Real=0.01s
[2026-02-10T21:44:11.639+0530] GC(3) Pause Young (Concurrent Start) (Metadata GC Threshold)
[2026-02-10T21:44:11.639+0530] GC(3) Using 4 workers of 4 for evacuation
[2026-02-10T21:44:11.649+0530] GC(3)   Pre Evacuate Collection Set: 0.1ms
[2026-02-10T21:44:11.649+0530] GC(3)   Merge Heap Roots: 0.1ms
[2026-02-10T21:44:11.649+0530] GC(3)   Evacuate Collection Set: 8.9ms
[2026-02-10T21:44:11.649+0530] GC(3)   Post Evacuate Collection Set: 0.6ms
[2026-02-10T21:44:11.649+0530] GC(3)   Other: 0.3ms
[2026-02-10T21:44:11.649+0530] GC(3) Eden regions: 37->0(209)
[2026-02-10T21:44:11.649+0530] GC(3) Survivor regions: 4->3(6)
[2026-02-10T21:44:11.649+0530] GC(3) Old regions: 14->18
[2026-02-10T21:44:11.649+0530] GC(3) Archive regions: 0->0
[2026-02-10T21:44:11.649+0530] GC(3) Humongous regions: 5->5
[2026-02-10T21:44:11.649+0530] GC(3) Metaspace: 21264K(21504K)->21264K(21504K) NonClass: 19087K(19200K)->19087K(19200K) Class: 2176K(2304K)->2176K(2304K)
[2026-02-10T21:44:11.649+0530] GC(3) Pause Young (Concurrent Start) (Metadata GC Threshold) 59M->25M(512M) 10.426ms
[2026-02-10T21:44:11.649+0530] GC(3) User=0.03s Sys=0.03s Real=0.01s
[2026-02-10T21:44:11.649+0530] GC(4) Concurrent Mark Cycle
[2026-02-10T21:44:11.649+0530] GC(4) Concurrent Clear Claimed Marks
[2026-02-10T21:44:11.649+0530] GC(4) Concurrent Clear Claimed Marks 0.082ms
[2026-02-10T21:44:11.649+0530] GC(4) Concurrent Scan Root Regions
[2026-02-10T21:44:11.656+0530] GC(4) Concurrent Scan Root Regions 5.827ms
[2026-02-10T21:44:11.656+0530] GC(4) Concurrent Mark
[2026-02-10T21:44:11.656+0530] GC(4) Concurrent Mark From Roots
[2026-02-10T21:44:11.656+0530] GC(4) Using 1 workers of 1 for marking
[2026-02-10T21:44:11.688+0530] GC(4) Concurrent Mark From Roots 32.303ms
[2026-02-10T21:44:11.688+0530] GC(4) Concurrent Preclean
[2026-02-10T21:44:11.688+0530] GC(4) Concurrent Preclean 0.127ms
[2026-02-10T21:44:11.731+0530] GC(4) Pause Remark
[2026-02-10T21:44:11.733+0530] GC(4) Pause Remark 25M->25M(512M) 3.364ms
[2026-02-10T21:44:11.735+0530] GC(4) User=0.00s Sys=0.00s Real=0.00s
[2026-02-10T21:44:11.737+0530] GC(4) Concurrent Mark 81.111ms
[2026-02-10T21:44:11.737+0530] GC(4) Concurrent Rebuild Remembered Sets
[2026-02-10T21:44:11.754+0530] GC(4) Concurrent Rebuild Remembered Sets 16.514ms
[2026-02-10T21:44:11.754+0530] GC(4) Pause Cleanup
[2026-02-10T21:44:11.754+0530] GC(4) Pause Cleanup 25M->25M(512M) 0.169ms
[2026-02-10T21:44:11.754+0530] GC(4) User=0.00s Sys=0.00s Real=0.00s
[2026-02-10T21:44:11.755+0530] GC(4) Concurrent Cleanup for Next Mark
[2026-02-10T21:44:11.759+0530] GC(4) Concurrent Cleanup for Next Mark 4.216ms
[2026-02-10T21:44:11.759+0530] GC(4) Concurrent Mark Cycle 108.804ms
[2026-02-10T21:44:18.890+0530] GC(5) Pause Young (Prepare Mixed) (Metadata GC Threshold)
[2026-02-10T21:44:18.890+0530] GC(5) Using 4 workers of 4 for evacuation
[2026-02-10T21:44:18.910+0530] GC(5)   Pre Evacuate Collection Set: 0.1ms
[2026-02-10T21:44:18.910+0530] GC(5)   Merge Heap Roots: 0.1ms
[2026-02-10T21:44:18.910+0530] GC(5)   Evacuate Collection Set: 19.0ms
[2026-02-10T21:44:18.910+0530] GC(5)   Post Evacuate Collection Set: 0.8ms
[2026-02-10T21:44:18.910+0530] GC(5)   Other: 0.3ms
[2026-02-10T21:44:18.910+0530] GC(5) Eden regions: 107->0(18)
[2026-02-10T21:44:18.910+0530] GC(5) Survivor regions: 3->7(27)
[2026-02-10T21:44:18.910+0530] GC(5) Old regions: 18->18
[2026-02-10T21:44:18.910+0530] GC(5) Archive regions: 0->0
[2026-02-10T21:44:18.910+0530] GC(5) Humongous regions: 5->5
[2026-02-10T21:44:18.910+0530] GC(5) Metaspace: 35489K(35968K)->35489K(35968K) NonClass: 31579K(31808K)->31579K(31808K) Class: 3909K(4160K)->3909K(4160K)
[2026-02-10T21:44:18.910+0530] GC(5) Pause Young (Prepare Mixed) (Metadata GC Threshold) 132M->29M(512M) 20.647ms
[2026-02-10T21:44:18.910+0530] GC(5) User=0.11s Sys=0.00s Real=0.02s
[2026-02-10T21:44:18.970+0530] GC(6) Pause Young (Mixed) (Metadata GC Threshold)
[2026-02-10T21:44:18.970+0530] GC(6) Using 4 workers of 4 for evacuation
[2026-02-10T21:44:18.988+0530] GC(6)   Pre Evacuate Collection Set: 0.2ms
[2026-02-10T21:44:18.988+0530] GC(6)   Merge Heap Roots: 0.1ms
[2026-02-10T21:44:18.988+0530] GC(6)   Evacuate Collection Set: 16.2ms
[2026-02-10T21:44:18.988+0530] GC(6)   Post Evacuate Collection Set: 0.5ms
[2026-02-10T21:44:18.988+0530] GC(6)   Other: 0.3ms
[2026-02-10T21:44:18.988+0530] GC(6) Eden regions: 1->0(306)
[2026-02-10T21:44:18.988+0530] GC(6) Survivor regions: 7->1(4)
[2026-02-10T21:44:18.988+0530] GC(6) Old regions: 18->25
[2026-02-10T21:44:18.988+0530] GC(6) Archive regions: 0->0
[2026-02-10T21:44:18.988+0530] GC(6) Humongous regions: 5->5
[2026-02-10T21:44:18.989+0530] GC(6) Metaspace: 35714K(36288K)->35714K(36288K) NonClass: 31775K(32064K)->31775K(32064K) Class: 3939K(4224K)->3939K(4224K)
[2026-02-10T21:44:18.989+0530] GC(6) Pause Young (Mixed) (Metadata GC Threshold) 30M->30M(512M) 17.627ms
[2026-02-10T21:44:18.989+0530] GC(6) User=0.11s Sys=0.00s Real=0.02s
[2026-02-10T21:44:19.218+0530] GC(7) Pause Young (Concurrent Start) (Metadata GC Threshold)
[2026-02-10T21:44:19.218+0530] GC(7) Using 4 workers of 4 for evacuation
[2026-02-10T21:44:19.221+0530] GC(7)   Pre Evacuate Collection Set: 0.6ms
[2026-02-10T21:44:19.221+0530] GC(7)   Merge Heap Roots: 0.2ms
[2026-02-10T21:44:19.221+0530] GC(7)   Evacuate Collection Set: 2.2ms
[2026-02-10T21:44:19.221+0530] GC(7)   Post Evacuate Collection Set: 0.3ms
[2026-02-10T21:44:19.222+0530] GC(7)   Other: 0.2ms
[2026-02-10T21:44:19.222+0530] GC(7) Eden regions: 4->0(306)
[2026-02-10T21:44:19.222+0530] GC(7) Survivor regions: 1->1(39)
[2026-02-10T21:44:19.222+0530] GC(7) Old regions: 25->25
[2026-02-10T21:44:19.222+0530] GC(7) Archive regions: 0->0
[2026-02-10T21:44:19.222+0530] GC(7) Humongous regions: 5->5
[2026-02-10T21:44:19.222+0530] GC(7) Metaspace: 36056K(36608K)->36056K(36608K) NonClass: 32102K(32384K)->32102K(32384K) Class: 3954K(4224K)->3954K(4224K)
[2026-02-10T21:44:19.222+0530] GC(7) Pause Young (Concurrent Start) (Metadata GC Threshold) 34M->29M(512M) 3.810ms
[2026-02-10T21:44:19.222+0530] GC(7) User=0.03s Sys=0.02s Real=0.00s
[2026-02-10T21:44:19.222+0530] GC(8) Concurrent Mark Cycle
[2026-02-10T21:44:19.222+0530] GC(8) Concurrent Clear Claimed Marks
[2026-02-10T21:44:19.222+0530] GC(8) Concurrent Clear Claimed Marks 0.037ms
[2026-02-10T21:44:19.222+0530] GC(8) Concurrent Scan Root Regions
[2026-02-10T21:44:19.222+0530] GC(8) Concurrent Scan Root Regions 1.032ms
[2026-02-10T21:44:19.224+0530] GC(8) Concurrent Mark
[2026-02-10T21:44:19.224+0530] GC(8) Concurrent Mark From Roots
[2026-02-10T21:44:19.224+0530] GC(8) Using 1 workers of 1 for marking
[2026-02-10T21:44:19.284+0530] GC(8) Concurrent Mark From Roots 60.680ms
[2026-02-10T21:44:19.284+0530] GC(8) Concurrent Preclean
[2026-02-10T21:44:19.284+0530] GC(8) Concurrent Preclean 0.100ms
[2026-02-10T21:44:19.284+0530] GC(8) Pause Remark
[2026-02-10T21:44:19.300+0530] GC(8) Pause Remark 30M->30M(512M) 15.144ms
[2026-02-10T21:44:19.300+0530] GC(8) User=0.05s Sys=0.02s Real=0.02s
[2026-02-10T21:44:19.300+0530] GC(8) Concurrent Mark 76.474ms
[2026-02-10T21:44:19.300+0530] GC(8) Concurrent Rebuild Remembered Sets
[2026-02-10T21:44:19.330+0530] GC(8) Concurrent Rebuild Remembered Sets 30.692ms
[2026-02-10T21:44:19.330+0530] GC(8) Pause Cleanup
[2026-02-10T21:44:19.331+0530] GC(8) Pause Cleanup 30M->30M(512M) 0.192ms
[2026-02-10T21:44:19.331+0530] GC(8) User=0.00s Sys=0.00s Real=0.00s
[2026-02-10T21:44:19.332+0530] GC(8) Concurrent Cleanup for Next Mark
[2026-02-10T21:44:19.339+0530] GC(8) Concurrent Cleanup for Next Mark 6.918ms
[2026-02-10T21:44:19.339+0530] GC(8) Concurrent Mark Cycle 116.771ms
[2026-02-10T21:44:26.481+0530] Heap
[2026-02-10T21:44:26.481+0530]  garbage-first heap   total 524288K, used 257902K [0x00000000e0000000, 0x0000000100000000)
[2026-02-10T21:44:26.481+0530]   region size 1024K, 224 young (229376K), 1 survivors (1024K)
[2026-02-10T21:44:26.481+0530]  Metaspace       used 37143K, committed 37696K, reserved 1114112K
[2026-02-10T21:44:26.481+0530]   class space    used 4015K, committed 4288K, reserved 1048576K
